# To display the perf.data header info, please use --header/--header-only options.
#
#
# Total Lost Samples: 0
#
# Samples: 580  of event 'cycles:u'
# Event count (approx.): 2496162112
#
# Children      Self  Command  Shared Object          Symbol                                                                                                                                                         
# ........  ........  .......  .....................  ...............................................................................................................................................................
#
    31.11%     0.00%  sqgi     sqgi                   [.] _start
            |
            ---_start
               __libc_start_main_impl (inlined)
               __libc_start_call_main
               main
               sq_call
               SQVM::Execute
               |          
               |--7.29%--SQVM::Get
               |          |          
               |           --4.92%--SQTable::Get
               |                     |          
               |                      --2.73%--SQTable::_Get (inlined)
               |          
                --3.82%--SQVM::DerefInc

    31.11%     0.00%  sqgi     libc.so.6              [.] __libc_start_main_impl (inlined)
            |
            ---__libc_start_main_impl (inlined)
               __libc_start_call_main
               main
               sq_call
               SQVM::Execute
               |          
               |--7.29%--SQVM::Get
               |          |          
               |           --4.92%--SQTable::Get
               |                     |          
               |                      --2.73%--SQTable::_Get (inlined)
               |          
                --3.82%--SQVM::DerefInc

    31.11%     0.00%  sqgi     libc.so.6              [.] __libc_start_call_main
            |
            ---__libc_start_call_main
               main
               sq_call
               SQVM::Execute
               |          
               |--7.29%--SQVM::Get
               |          |          
               |           --4.92%--SQTable::Get
               |                     |          
               |                      --2.73%--SQTable::_Get (inlined)
               |          
                --3.82%--SQVM::DerefInc

    31.11%     0.00%  sqgi     sqgi                   [.] main
            |
            ---main
               sq_call
               SQVM::Execute
               |          
               |--7.29%--SQVM::Get
               |          |          
               |           --4.92%--SQTable::Get
               |                     |          
               |                      --2.73%--SQTable::_Get (inlined)
               |          
                --3.82%--SQVM::DerefInc

    31.11%     0.00%  sqgi     sqgi                   [.] sq_call
            |
            ---sq_call
               SQVM::Execute
               |          
               |--7.29%--SQVM::Get
               |          |          
               |           --4.92%--SQTable::Get
               |                     |          
               |                      --2.73%--SQTable::_Get (inlined)
               |          
                --3.82%--SQVM::DerefInc

    31.11%    14.70%  sqgi     sqgi                   [.] SQVM::Execute
            |          
            |--16.41%--SQVM::Execute
            |          |          
            |          |--7.29%--SQVM::Get
            |          |          |          
            |          |           --4.92%--SQTable::Get
            |          |                     |          
            |          |                      --2.73%--SQTable::_Get (inlined)
            |          |          
            |           --3.82%--SQVM::DerefInc
            |          
             --14.70%--_start
                       __libc_start_main_impl (inlined)
                       __libc_start_call_main
                       main
                       sq_call
                       SQVM::Execute

    19.88%     3.94%  sqgi     sqgi                   [.] sqjit_a64_helper_member_set_integer_logged
            |          
            |--15.94%--sqjit_a64_helper_member_set_integer_logged
            |          |          
            |           --15.75%--sqjit_a64_helper_member_set_integer_logged
            |                     SQJitWriteLog::RecordMember
            |                     |          
            |                     |--11.58%--SQJitWriteLog::ContainsMember<false> (inlined)
            |                     |          |          
            |                     |           --5.35%--SQJitWriteLog::ContainsMember<false>(SQObjectPtr const&, SQObjectPtr const&, SQObjectPtr const&) const::{lambda(SQJitWriteLog::Entry const&)#1}::operator() (inlined)
            |                     |          
            |                      --2.36%--SQJitWriteLog::CanRelease
            |          
             --3.41%--0xffff7fa744d3
                       0xffff7fa744d3
                       sqjit_a64_helper_member_set_integer_logged
                       |          
                        --2.88%--sqjit_a64_member_store_slot (inlined)
                                  |          
                                   --2.70%--sqjit_a64_member_store_slot (inlined)
                                             |          
                                              --2.34%--sqjit_a64_resolve_store_slot (inlined)
                                                        sq_member_raw_slot (inlined)
                                                        sq_member_raw_slot (inlined)
                                                        SQTable::GetRawSlot (inlined)

    17.98%     0.00%  sqgi     [JIT] tid 540880       [.] 0x0000ffff7fa744d3
            |
            ---0xffff7fa744d3
               |          
                --12.02%--0xffff7fa744d3
                          sqjit_a64_helper_member_set_integer_logged
                          |          
                          |--8.43%--sqjit_a64_helper_member_set_integer_logged
                          |          SQJitWriteLog::RecordMember
                          |          |          
                          |           --5.70%--SQJitWriteLog::ContainsMember<false> (inlined)
                          |                     |          
                          |                      --2.51%--SQJitWriteLog::ContainsMember<false>(SQObjectPtr const&, SQObjectPtr const&, SQObjectPtr const&) const::{lambda(SQJitWriteLog::Entry const&)#1}::operator() (inlined)
                          |          
                           --2.88%--sqjit_a64_member_store_slot (inlined)
                                     |          
                                      --2.70%--sqjit_a64_member_store_slot (inlined)
                                                |          
                                                 --2.34%--sqjit_a64_resolve_store_slot (inlined)
                                                           sq_member_raw_slot (inlined)
                                                           sq_member_raw_slot (inlined)
                                                           SQTable::GetRawSlot (inlined)

    16.07%     0.00%  sqgi     [JIT] tid 540880       [.] 0x0000ffff7fa741b3
            |
            ---0xffff7fa741b3
               |          
               |--5.95%--0xffff7fa741b3
               |          sqjit_a64_helper_array_get_object
               |          |          
               |           --3.83%--SQObjectPtr::operator= (inlined)
               |          
                --2.33%--0xffff7fa74214

    15.75%    12.68%  sqgi     sqgi                   [.] SQJitWriteLog::RecordMember
            |          
            |--6.62%--0xffff7fa744d3
            |          0xffff7fa744d3
            |          sqjit_a64_helper_member_set_integer_logged
            |          sqjit_a64_helper_member_set_integer_logged
            |          SQJitWriteLog::RecordMember
            |          |          
            |           --5.35%--SQJitWriteLog::ContainsMember<false> (inlined)
            |                     |          
            |                      --2.51%--SQJitWriteLog::ContainsMember<false>(SQObjectPtr const&, SQObjectPtr const&, SQObjectPtr const&) const::{lambda(SQJitWriteLog::Entry const&)#1}::operator() (inlined)
            |          
            |--6.06%--0xffff7fa743c3
            |          0xffff7fa743c3
            |          sqjit_a64_helper_member_set_integer_logged
            |          sqjit_a64_helper_member_set_integer_logged
            |          SQJitWriteLog::RecordMember
            |          |          
            |           --5.70%--SQJitWriteLog::ContainsMember<false> (inlined)
            |                     |          
            |                      --2.84%--SQJitWriteLog::ContainsMember<false>(SQObjectPtr const&, SQObjectPtr const&, SQObjectPtr const&) const::{lambda(SQJitWriteLog::Entry const&)#1}::operator() (inlined)
            |          
             --3.07%--SQJitWriteLog::RecordMember
                       |          
                        --2.36%--SQJitWriteLog::CanRelease

    11.58%     0.00%  sqgi     sqgi                   [.] SQJitWriteLog::ContainsMember<false> (inlined)
            |
            ---SQJitWriteLog::ContainsMember<false> (inlined)
               |          
                --5.35%--SQJitWriteLog::ContainsMember<false>(SQObjectPtr const&, SQObjectPtr const&, SQObjectPtr const&) const::{lambda(SQJitWriteLog::Entry const&)#1}::operator() (inlined)

    11.36%     0.00%  sqgi     [JIT] tid 540880       [.] 0x0000ffff7fa7718b
            |
            ---0xffff7fa7718b
               |          
                --3.77%--0xffff7fa7718b
                          sqjit_a64_helper_member_closure_guard
                          |          
                           --3.05%--sqjit_a64_borrow_member_value_with_root (inlined)

     9.10%     0.00%  sqgi     [JIT] tid 540880       [.] 0x0000ffff7fa743c3
            |
            ---0xffff7fa743c3
               |          
                --7.86%--0xffff7fa743c3
                          sqjit_a64_helper_member_set_integer_logged
                          |          
                           --7.32%--sqjit_a64_helper_member_set_integer_logged
                                     SQJitWriteLog::RecordMember
                                     |          
                                      --5.88%--SQJitWriteLog::ContainsMember<false> (inlined)
                                                |          
                                                 --2.84%--SQJitWriteLog::ContainsMember<false>(SQObjectPtr const&, SQObjectPtr const&, SQObjectPtr const&) const::{lambda(SQJitWriteLog::Entry const&)#1}::operator() (inlined)

     8.93%     1.09%  sqgi     sqgi                   [.] SQVM::Get
            |          
             --7.84%--SQVM::Get
                       |          
                        --6.38%--SQTable::Get
                                  |          
                                   --3.28%--SQTable::_Get (inlined)

     8.14%     0.73%  sqgi     sqgi                   [.] sqjit_a64_helper_member_closure_guard
            |          
             --7.41%--sqjit_a64_helper_member_closure_guard
                       |          
                        --6.69%--sqjit_a64_borrow_member_value_with_root (inlined)
                                  |          
                                  |--3.82%--sqjit_a64_root_fallback_safe
                                  |          |          
                                  |           --2.72%--SQTable::GetRawSlot (inlined)
                                  |                     |          
                                  |                      --2.18%--SQTable::_Get (inlined)
                                  |          
                                   --2.87%--sqjit_a64_helper_member_closure_guard
                                             sqjit_a64_borrow_member_ptr_value

     6.69%     0.00%  sqgi     sqgi                   [.] sqjit_a64_borrow_member_value_with_root (inlined)
            |
            ---sqjit_a64_borrow_member_value_with_root (inlined)
               |          
               |--3.82%--sqjit_a64_root_fallback_safe
               |          |          
               |           --2.72%--SQTable::GetRawSlot (inlined)
               |                     |          
               |                      --2.18%--SQTable::_Get (inlined)
               |          
                --2.87%--sqjit_a64_helper_member_closure_guard
                          sqjit_a64_borrow_member_ptr_value

     6.38%     6.38%  sqgi     sqgi                   [.] SQTable::Get
            |
            ---_start
               __libc_start_main_impl (inlined)
               __libc_start_call_main
               main
               sq_call
               SQVM::Execute
               |          
                --4.92%--SQVM::Get
                          SQTable::Get
                          |          
                           --2.73%--SQTable::_Get (inlined)

     6.19%     0.00%  sqgi     [JIT] tid 540880       [.] 0x0000ffff7fa76213
            |
            ---0xffff7fa76213
               |          
                --2.00%--0xffff7fa76213
                          sqjit_a64_helper_member_closure_guard

     6.00%     0.00%  sqgi     [JIT] tid 540880       [.] 0x0000ffff7fa751af
            |
            ---0xffff7fa751af
               |          
                --2.36%--0xffff7fa751af
                          sqjit_a64_helper_member_closure_guard

     5.95%     5.95%  sqgi     sqgi                   [.] sqjit_a64_helper_array_get_object
            |
            ---0xffff7fa741b3
               0xffff7fa741b3
               sqjit_a64_helper_array_get_object
               |          
                --3.83%--SQObjectPtr::operator= (inlined)

     5.35%     0.00%  sqgi     sqgi                   [.] SQJitWriteLog::ContainsMember<false>(SQObjectPtr const&, SQObjectPtr const&, SQObjectPtr const&) const::{lambda(SQJitWriteLog::Entry const&)#1}::operator() (inlined)
            |
            ---SQJitWriteLog::ContainsMember<false>(SQObjectPtr const&, SQObjectPtr const&, SQObjectPtr const&) const::{lambda(SQJitWriteLog::Entry const&)#1}::operator() (inlined)

     3.83%     0.00%  sqgi     sqgi                   [.] SQObjectPtr::operator= (inlined)
            |
            ---SQObjectPtr::operator= (inlined)

     3.82%     0.55%  sqgi     sqgi                   [.] SQVM::DerefInc
            |          
             --3.28%--SQVM::DerefInc

     3.82%     3.82%  sqgi     sqgi                   [.] sqjit_a64_root_fallback_safe
     3.59%     3.59%  sqgi     sqgi                   [.] sqjit_a64_borrow_member_ptr_value
            |          
             --2.14%--0xffff7fa7718b
                       0xffff7fa7718b
                       sqjit_a64_helper_member_closure_guard

     3.28%     0.00%  sqgi     sqgi                   [.] SQTable::_Get (inlined)
            |
            ---SQTable::_Get (inlined)

     3.05%     0.00%  sqgi     sqgi                   [.] sqjit_a64_member_store_slot (inlined)
            |
            ---sqjit_a64_member_store_slot (inlined)
               |          
                --2.87%--sqjit_a64_member_store_slot (inlined)
                          |          
                           --2.51%--sqjit_a64_resolve_store_slot (inlined)
                                     sq_member_raw_slot (inlined)
                                     sq_member_raw_slot (inlined)
                                     SQTable::GetRawSlot (inlined)

     2.72%     0.00%  sqgi     sqgi                   [.] SQTable::GetRawSlot (inlined)
            |
            ---SQTable::GetRawSlot (inlined)
               |          
                --2.18%--SQTable::_Get (inlined)

     2.51%     0.00%  sqgi     sqgi                   [.] sqjit_a64_resolve_store_slot (inlined)
            |
            ---sqjit_a64_resolve_store_slot (inlined)
               sq_member_raw_slot (inlined)
               sq_member_raw_slot (inlined)
               SQTable::GetRawSlot (inlined)

     2.51%     0.00%  sqgi     sqgi                   [.] sq_member_raw_slot (inlined)
            |
            ---sq_member_raw_slot (inlined)
               sq_member_raw_slot (inlined)
               SQTable::GetRawSlot (inlined)

     2.51%     0.00%  sqgi     sqgi                   [.] SQTable::GetRawSlot (inlined)
            |
            ---SQTable::GetRawSlot (inlined)

     2.36%     2.36%  sqgi     sqgi                   [.] SQJitWriteLog::CanRelease
     2.33%     2.33%  sqgi     [JIT] tid 540880       [.] 0x0000ffff7fa74214
            |
            ---0xffff7fa741b3
               0xffff7fa74214

     2.18%     0.00%  sqgi     sqgi                   [.] SQTable::_Get (inlined)
            |
            ---SQTable::_Get (inlined)



#
# (Cannot load tips.txt file, please install perf!)
#
