BENCH	route_balanced	200000	0.052705000	300346
BENCH	route_skewed	200000	0.051865000	122121
BENCH	pricing_events	200000	0.056740000	636940
BENCH	filter_stream	200000	0.055950000	10704.521037291815
BENCH	records_64	200000	0.129435000	599323
BENCH	records_4096	200000	0.250810000	385702
BENCH	word_count	200000	0.266450000	116910
BENCH	graph_walk	200000	0.012325000	386354
BENCH	route_balanced	200000	0.052905000	300346
BENCH	route_skewed	200000	0.052165000	122121
BENCH	pricing_events	200000	0.056375000	636940
BENCH	filter_stream	200000	0.055865000	10704.521037291815
BENCH	records_64	200000	0.132360000	599323
BENCH	records_4096	200000	0.255205000	385702
BENCH	word_count	200000	0.266530000	116910
BENCH	graph_walk	200000	0.012420000	386354
BENCH	route_balanced	200000	0.053365000	300346
BENCH	route_skewed	200000	0.052065000	122121
BENCH	pricing_events	200000	0.056390000	636940
BENCH	filter_stream	200000	0.055225000	10704.521037291815
BENCH	records_64	200000	0.134560000	599323
BENCH	records_4096	200000	0.281770000	385702
BENCH	word_count	200000	0.267225000	116910
BENCH	graph_walk	200000	0.012285000	386354
1132.62;msec;task-clock:u;0.93%;1132615459;100.00;0.999;CPUs utilized
2499635989;;cycles:u;0.78%;1132726294;100.00;2.221;GHz
5957080552;;instructions:u;0.07%;1132726294;100.00;2.40;insn per cycle
5414831;;branch-misses:u;3.42%;1132726294;100.00;;
2228125350;;cache-references:u;0.21%;1132726294;100.00;1.980;G/sec
17777287;;cache-misses:u;1.42%;1132726294;100.00;0.800;of all cache refs
3865;;page-faults:u;0.01%;1132615459;100.00;3.434;K/sec
0;;context-switches:u;0.00%;1132615459;100.00;0.000;/sec
