JIT_CAPTURE_BREAKPOINT -1
[Thread debugging using libthread_db enabled]
Using host libthread_db library "/lib/aarch64-linux-gnu/libthread_db.so.1".
JIT_CAPTURE recycle frame 0xfffff7f84000 8192
BENCH	table_owners_1	1003	2.117647059	615764.25
BENCH	table_owners_2	1003	3.142572283	616780.25
BENCH	table_owners_5	1003	3.210368893	613838.25
BENCH	table_owners_19	1003	2.142572283	618610.25
BENCH	table_owners_257	1003	2.408773679	749599.25
BENCH	class_owners_1	1003	2.056829511	615764.25
BENCH	class_owners_2	1003	1.964107677	616780.25
BENCH	class_owners_5	1003	2.554336989	613838.25
BENCH	class_owners_19	1003	2.224327019	618610.25
BENCH	class_owners_257	1003	2.991026919	749599.25
[Inferior 1 (process 541432) exited normally]
[Thread debugging using libthread_db enabled]
Using host libthread_db library "/lib/aarch64-linux-gnu/libthread_db.so.1".
JIT_CAPTURE transfer frame 0xfffff7f85000 4096
JIT_CAPTURE publish frame 0xfffff7f84000 4096
BENCH	transfer_table	1003	1185.206380857	121851
BENCH	transfer_class	1003	1554.927218345	121851
BENCH	transfer_mixed	1003	1221.281156530	121851
BENCH	publish_table	1003	1370.590229312	133577
BENCH	publish_class	1003	1347.238285145	133577
BENCH	publish_mixed	1003	1363.048853440	133577
[Inferior 1 (process 541434) exited normally]
[Thread debugging using libthread_db enabled]
Using host libthread_db library "/lib/aarch64-linux-gnu/libthread_db.so.1".
JIT_CAPTURE table_apply frame 0xfffff7f85000 4096
JIT_CAPTURE apply frame 0xfffff7f84000 4096
BENCH	table_events_97	1003	1173.996011964	140378
BENCH	class_events_97	1003	1348.386839482	140378
BENCH	buffers_7	1003	0.473579262	944693
BENCH	buffers_31	1003	0.470588235	861874
BENCH	calibrate_17	1003	1.002991027	5140.09375
BENCH	calibrate_67	1003	1.108673978	5049
[Inferior 1 (process 541517) exited normally]
JIT_CAPTURE_VERIFIED five canonical-frame functions
