# To display the perf.data header info, please use --header/--header-only options.
#
#
# Total Lost Samples: 0
#
# Samples: 332  of event 'cycles:u'
# Event count (approx.): 1362634204
#
# Children      Self  Command  Shared Object            Symbol                                          
# ........  ........  .......  .......................  ................................................
#
    26.38%    10.67%  sqgi     sqgi                     [.] sqjit_a64_helper_member_closure_guard
            |          
             --15.72%--sqjit_a64_helper_member_closure_guard
                       sqjit_a64_helper_member_closure_guard
                       sqjit_a64_borrow_member_ptr_value
                       |          
                        --12.19%--SQTable::GetRawSlot (inlined)
                                  |          
                                  |--5.62%--SQTable::_Get (inlined)
                                  |          
                                   --3.67%--HashObj (inlined)

    16.39%    16.39%  sqgi     sqgi                     [.] sqjit_a64_borrow_member_ptr_value
    12.86%     0.00%  sqgi     sqgi                     [.] SQTable::GetRawSlot (inlined)
            |
            ---SQTable::GetRawSlot (inlined)
               |          
               |--5.96%--SQTable::_Get (inlined)
               |          
                --3.67%--HashObj (inlined)

     8.67%     0.00%  sqgi     [JIT] tid 541068         [.] 0x0000ffffb5def1d3
            |
            ---0xffffb5def1d3

     7.01%     0.00%  sqgi     [JIT] tid 541068         [.] 0x0000ffffb5ded153
            |
            ---0xffffb5ded153
               |          
                --3.00%--0xffffb5ded153
                          sqjit_a64_helper_member_closure_guard

     6.33%     0.00%  sqgi     [JIT] tid 541068         [.] 0x0000ffffb5ff43af
            |
            ---0xffffb5ff43af
               |          
               |--2.66%--0xffffb5ff4430
               |          
                --2.00%--0xffffb5ff43af
                          sqjit_a64_helper_member_closure_guard

     6.01%     0.00%  sqgi     [JIT] tid 541068         [.] 0x0000ffffb5dec19f
            |
            ---0xffffb5dec19f
               |          
                --3.00%--0xffffb5dec1d4

     5.99%     0.00%  sqgi     [JIT] tid 541068         [.] 0x0000ffffb5dee1d7
            |
            ---0xffffb5dee1d7
               |          
                --3.00%--0xffffb5dee1d7
                          sqjit_a64_helper_member_closure_guard

     5.96%     0.00%  sqgi     sqgi                     [.] SQTable::_Get (inlined)
            |
            ---SQTable::_Get (inlined)

     5.68%     0.00%  sqgi     [JIT] tid 541068         [.] 0x0000ffffb5ff3313
            |
            ---0xffffb5ff3313

     5.67%     0.00%  sqgi     [JIT] tid 541068         [.] 0x0000ffffb5ff36d7
            |
            ---0xffffb5ff36d7
               |          
                --2.00%--0xffffb5ff36d7
                          sqjit_a64_helper_member_closure_guard

     5.52%     0.00%  sqgi     [JIT] tid 541068         [.] 0x0000ffffb5ff5153
            |
            ---0xffffb5ff5153

     5.34%     0.00%  sqgi     [JIT] tid 541068         [.] 0x0000ffffb5ff384f
            |
            ---0xffffb5ff384f

     4.68%     0.00%  sqgi     [JIT] tid 541068         [.] 0x0000ffffb5ff355f
            |
            ---0xffffb5ff355f

     4.66%     0.00%  sqgi     [JIT] tid 541068         [.] 0x0000ffffb5ff42ef
            |
            ---0xffffb5ff42ef

     4.34%     0.00%  sqgi     [JIT] tid 541068         [.] 0x0000ffffb5ff361b
            |
            ---0xffffb5ff361b

     4.34%     0.00%  sqgi     [JIT] tid 541068         [.] 0x0000ffffb5dee28f
            |
            ---0xffffb5dee28f

     4.01%     0.00%  sqgi     [JIT] tid 541068         [.] 0x0000ffffb5dec1ff
            |
            ---0xffffb5dec1ff

     3.68%     0.00%  sqgi     [JIT] tid 541068         [.] 0x0000ffffb5ff34a3
            |
            ---0xffffb5ff34a3

     3.67%     0.00%  sqgi     sqgi                     [.] HashObj (inlined)
            |
            ---HashObj (inlined)

     3.66%     0.00%  sqgi     [JIT] tid 541068         [.] 0x0000ffffb5ff422f
            |
            ---0xffffb5ff422f

     3.34%     0.00%  sqgi     [JIT] tid 541068         [.] 0x0000ffffb5ff446f
            |
            ---0xffffb5ff446f

     3.01%     0.00%  sqgi     [JIT] tid 541068         [.] 0x0000ffffb5ff33e7
            |
            ---0xffffb5ff33e7
               |          
                --2.00%--0xffffb5ff33e7
                          sqjit_a64_helper_member_closure_guard

     3.01%     0.00%  sqgi     [JIT] tid 541068         [.] 0x0000ffffb5ff3793
            |
            ---0xffffb5ff3793

     3.00%     3.00%  sqgi     [JIT] tid 541068         [.] 0x0000ffffb5dec1d4
            |
            ---0xffffb5dec19f
               0xffffb5dec1d4

     2.67%     0.00%  sqgi     [JIT] tid 541068         [.] 0x0000ffffb5dec153
            |
            ---0xffffb5dec153

     2.67%     0.00%  sqgi     sqgi                     [.] sqjit_a64_borrow_member_value_with_root (inlined)
            |
            ---sqjit_a64_borrow_member_value_with_root (inlined)

     2.66%     2.66%  sqgi     [JIT] tid 541068         [.] 0x0000ffffb5ff4430
            |
            ---0xffffb5ff43af
               0xffffb5ff4430



#
# (Cannot load tips.txt file, please install perf!)
#
