BENCH	filter	200000	0.023755000	10.254364576940203
BENCH	channels_4	200000	0.078335000	20.621658757381574
BENCH	pressure_8	200000	0.152575000	30.900920683591639
BENCH	integration	200000	0.038275000	1562.9738403896752
BENCH	retained_input	200000	0.044610000	399985.55383443867
BENCH	branching	200000	0.030795000	1.6005902475563216
BENCH	helper_control	200000	0.054530000	3.7152600782050693
BENCH	filter	200000	0.023200000	10.254364576940203
BENCH	channels_4	200000	0.077325000	20.621658757381574
BENCH	pressure_8	200000	0.151570000	30.900920683591639
BENCH	integration	200000	0.036340000	1562.9738403896752
BENCH	retained_input	200000	0.044785000	399985.55383443867
BENCH	branching	200000	0.030605000	1.6005902475563216
BENCH	helper_control	200000	0.055080000	3.7152600782050693
BENCH	filter	200000	0.023245000	10.254364576940203
BENCH	channels_4	200000	0.078065000	20.621658757381574
BENCH	pressure_8	200000	0.152600000	30.900920683591639
BENCH	integration	200000	0.038045000	1562.9738403896752
BENCH	retained_input	200000	0.044905000	399985.55383443867
BENCH	branching	200000	0.030605000	1.6005902475563216
BENCH	helper_control	200000	0.054915000	3.7152600782050693
613.23;msec;task-clock:u;0.97%;613233580;100.00;0.973;CPUs utilized
1367788091;;cycles:u;0.16%;613298623;100.00;2.191;GHz
3897245900;;instructions:u;0.00%;613298623;100.00;2.86;insn per cycle
151333;;branch-misses:u;0.38%;613298623;100.00;;
1434371532;;cache-references:u;0.00%;613298623;100.00;2.297;G/sec
244993;;cache-misses:u;0.47%;613298623;100.00;0.017;of all cache refs
786;;page-faults:u;0.04%;613233580;100.00;1.259;K/sec
0;;context-switches:u;0.00%;613233580;100.00;0.000;/sec
