[Thread debugging using libthread_db enabled]
Using host libthread_db library "/lib/aarch64-linux-gnu/libthread_db.so.1".
BENCH	table_owners_1	1003	1.008973081	615764.25
BENCH	table_owners_2	1003	1.000000000	616780.25
BENCH	table_owners_5	1003	1.000997009	613838.25
BENCH	table_owners_19	1003	1.012961117	618610.25
BENCH	table_owners_257	1003	1.257228315	749599.25
BENCH	class_owners_1	1003	0.998005982	615764.25
BENCH	class_owners_2	1003	0.999002991	616780.25
BENCH	class_owners_5	1003	1.000000000	613838.25
BENCH	class_owners_19	1003	1.029910269	618610.25
BENCH	class_owners_257	1003	1.258225324	749599.25
[Inferior 1 (process 541095) exited normally]
[Thread debugging using libthread_db enabled]
Using host libthread_db library "/lib/aarch64-linux-gnu/libthread_db.so.1".
BENCH	transfer_table	1003	1.931206381	121851
BENCH	transfer_class	1003	1.956131605	121851
BENCH	transfer_mixed	1003	1.957128614	121851
BENCH	publish_table	1003	1.989032901	133577
BENCH	publish_class	1003	1.925224327	133577
BENCH	publish_mixed	1003	3.192422732	133577
[Inferior 1 (process 541097) exited normally]
[Thread debugging using libthread_db enabled]
Using host libthread_db library "/lib/aarch64-linux-gnu/libthread_db.so.1".
BENCH	table_events_97	1003	2.710867398	140378
BENCH	class_events_97	1003	2.031904287	140378
BENCH	buffers_7	1003	1.511465603	944693
BENCH	buffers_31	1003	1.524426720	861874
BENCH	calibrate_17	1003	0.322033898	5140.09375
BENCH	calibrate_67	1003	0.442671984	5049
[Inferior 1 (process 541099) exited normally]
Python Exception <class 'AssertionError'>: set()
/tmp/sqgi-precise-native-release-study/profiles/dump.gdb:54: Error in sourced command file:
Error occurred in Python: set()
