BENCH	direct_call	3200000	0.034001	563347
BENCH	branch_call	3200000	0.031617	599062
BENCH	float_call	3200000	0.020879	8.2204724409448815
BENCH	numeric_loop	3200000	0.022841	612398470
BENCH	vector	160000	0.378263	0.12553851953971693
BENCH	dynamic_member	160000	0.789581	7261462
BENCH	dynamic_key_get_set	160000	0.183012	6566091
BENCH	object_member_write_fallback	160000	0.474644	595919
BENCH	array_append	160000	0.125837	3048687
BENCH	array_write	160000	0.037469	831988
BENCH	array_read	3200000	0.007068	8000000
BENCH	array_float	3200000	0.006778	6400000
BENCH	math_intrinsic	160000	0.201637	2418270.8295144332
BENCH	math_variable	160000	0.217606	313782.39947747899
BENCH	matrix	160000	0.311006	-0.024510798820940455
BENCH	direct_call	3200000	0.034135	563347
BENCH	branch_call	3200000	0.031546	599062
BENCH	float_call	3200000	0.021203	8.2204724409448815
BENCH	numeric_loop	3200000	0.022875	612398470
BENCH	vector	160000	0.367394	0.12553851953971693
BENCH	dynamic_member	160000	0.800144	7261462
BENCH	dynamic_key_get_set	160000	0.182987	6566091
BENCH	object_member_write_fallback	160000	0.470813	595919
BENCH	array_append	160000	0.125731	3048687
BENCH	array_write	160000	0.037163	831988
BENCH	array_read	3200000	0.007159	8000000
BENCH	array_float	3200000	0.006801	6400000
BENCH	math_intrinsic	160000	0.201581	2418270.8295144332
BENCH	math_variable	160000	0.218019	313782.39947747899
BENCH	matrix	160000	0.311469	-0.024510798820940455
BENCH	direct_call	3200000	0.034323	563347
BENCH	branch_call	3200000	0.031536	599062
BENCH	float_call	3200000	0.020968	8.2204724409448815
BENCH	numeric_loop	3200000	0.022857	612398470
BENCH	vector	160000	0.365113	0.12553851953971693
BENCH	dynamic_member	160000	0.786294	7261462
BENCH	dynamic_key_get_set	160000	0.182712	6566091
BENCH	object_member_write_fallback	160000	0.472000	595919
BENCH	array_append	160000	0.133731	3048687
BENCH	array_write	160000	0.037012	831988
BENCH	array_read	3200000	0.007137	8000000
BENCH	array_float	3200000	0.006880	6400000
BENCH	math_intrinsic	160000	0.201531	2418270.8295144332
BENCH	math_variable	160000	0.218188	313782.39947747899
BENCH	matrix	160000	0.310650	-0.024510798820940455
4994.86;msec;task-clock:u;0.06%;4994857276;100.00;0.997;CPUs utilized
11262299149;;cycles:u;0.10%;4995246062;100.00;2.252;GHz
29083521540;;instructions:u;0.00%;4995246062;100.00;2.58;insn per cycle
3145468;;branch-misses:u;18.28%;4995246062;100.00;;
11886550145;;cache-references:u;0.12%;4995246062;100.00;2.377;G/sec
1264567;;cache-misses:u;0.57%;4995246062;100.00;0.011;of all cache refs
10509;;page-faults:u;0.01%;4994857276;100.00;2.101;K/sec
0;;context-switches:u;0.00%;4994857276;100.00;0.000;/sec
