# To display the perf.data header info, please use --header/--header-only options.
#
#
# Total Lost Samples: 0
#
# Samples: 2K of event 'cycles:u'
# Event count (approx.): 11257851963
#
# Children      Self  Command  Shared Object          Symbol                                                                        
# ........  ........  .......  .....................  ..............................................................................
#
    25.31%     0.00%  sqgi     sqgi                   [.] _start
            |
            ---_start
               __libc_start_main_impl (inlined)
               __libc_start_call_main
               main
               |          
                --25.24%--sq_call
                          SQVM::Execute
                          |          
                           --2.10%--SQObjectPtr::operator= (inlined)

    25.31%     0.00%  sqgi     libc.so.6              [.] __libc_start_main_impl (inlined)
            |
            ---__libc_start_main_impl (inlined)
               __libc_start_call_main
               main
               |          
                --25.24%--sq_call
                          SQVM::Execute
                          |          
                           --2.10%--SQObjectPtr::operator= (inlined)

    25.31%     0.00%  sqgi     libc.so.6              [.] __libc_start_call_main
            |
            ---__libc_start_call_main
               main
               |          
                --25.24%--sq_call
                          SQVM::Execute
                          |          
                           --2.10%--SQObjectPtr::operator= (inlined)

    25.31%     0.00%  sqgi     sqgi                   [.] main
            |
            ---main
               |          
                --25.24%--sq_call
                          SQVM::Execute
                          |          
                           --2.10%--SQObjectPtr::operator= (inlined)

    25.24%     0.00%  sqgi     sqgi                   [.] sq_call
            |
            ---sq_call
               SQVM::Execute
               |          
                --2.10%--SQObjectPtr::operator= (inlined)

    25.24%    20.31%  sqgi     sqgi                   [.] SQVM::Execute
            |          
            |--20.31%--_start
            |          __libc_start_main_impl (inlined)
            |          __libc_start_call_main
            |          main
            |          sq_call
            |          SQVM::Execute
            |          |          
            |           --2.10%--SQObjectPtr::operator= (inlined)
            |          
             --4.93%--SQVM::Execute

    13.24%     0.00%  sqgi     [JIT] tid 540797       [.] 0x0000ffffa0a08153
            |
            ---0xffffa0a08153
               |          
                --2.63%--0xffffa0a08240

    12.31%     0.00%  sqgi     [JIT] tid 540797       [.] 0x0000ffffa0a07153
            |
            ---0xffffa0a07153
               |          
                --2.35%--0xffffa0a07268

     8.06%     0.00%  sqgi     [JIT] tid 540797       [.] 0x0000ffffa0a06153
            |
            ---0xffffa0a06153
               |          
                --2.43%--0xffffa0a061b4

     7.37%     0.00%  sqgi     [JIT] tid 540797       [.] 0x0000ffffa0a05043
            |
            ---0xffffa0a05043
               |          
                --2.31%--0xffffa0a05230

     5.75%     0.00%  sqgi     [JIT] tid 540797       [.] 0x0000ffffa07f132b
            |
            ---0xffffa07f132b

     4.73%     4.73%  sqgi     sqgi                   [.] sqjit_a64_borrow_member_ptr_value
     4.69%     1.78%  sqgi     sqgi                   [.] sqjit_a64_helper_member_closure_guard
            |          
             --2.91%--sqjit_a64_helper_member_closure_guard
                       sqjit_a64_helper_member_closure_guard
                       sqjit_a64_borrow_member_ptr_value

     3.43%     0.00%  sqgi     sqgi                   [.] SQTable::GetRawSlot (inlined)
            |
            ---SQTable::GetRawSlot (inlined)

     2.84%     2.84%  sqgi     [JIT] tid 540797       [.] 0x0000ffffa0a05230
            |          
             --2.31%--0xffffa0a05043
                       0xffffa0a05230

     2.63%     1.46%  sqgi     sqgi                   [.] sqjit_number_conversion_guard
     2.63%     2.63%  sqgi     [JIT] tid 540797       [.] 0x0000ffffa0a08240
            |
            ---0xffffa0a08153
               0xffffa0a08240

     2.59%     0.00%  sqgi     [JIT] tid 540797       [.] 0x0000ffffa07f410f
            |
            ---0xffffa07f410f

     2.43%     2.43%  sqgi     [JIT] tid 540797       [.] 0x0000ffffa0a061b4
            |
            ---0xffffa0a06153
               0xffffa0a061b4

     2.35%     2.35%  sqgi     [JIT] tid 540797       [.] 0x0000ffffa0a07268
            |
            ---0xffffa0a07153
               0xffffa0a07268

     2.31%     0.49%  sqgi     sqgi                   [.] sqjit_a64_helper_member_native_closure_guard
     2.31%     0.00%  sqgi     sqgi                   [.] SQObjectPtr::operator= (inlined)
            |
            ---SQObjectPtr::operator= (inlined)

     2.18%     2.18%  sqgi     sqgi                   [.] SQTable::Get


#
# (Cannot load tips.txt file, please install perf!)
#
