BENCH	table_events_97	200000	0.454430000	10069540
BENCH	class_events_97	200000	0.453980000	10069540
BENCH	buffers_7	200000	0.431130000	65667
BENCH	buffers_31	200000	0.432680000	651677
BENCH	calibrate_17	200000	0.083275000	1040538.515625
BENCH	calibrate_67	200000	0.083950000	1040417.796875
BENCH	table_events_97	200000	0.460020000	10069540
BENCH	class_events_97	200000	0.449995000	10069540
BENCH	buffers_7	200000	0.433005000	65667
BENCH	buffers_31	200000	0.430940000	651677
BENCH	calibrate_17	200000	0.083235000	1040538.515625
BENCH	calibrate_67	200000	0.083975000	1040417.796875
BENCH	table_events_97	200000	0.454465000	10069540
BENCH	class_events_97	200000	0.456090000	10069540
BENCH	buffers_7	200000	0.433250000	65667
BENCH	buffers_31	200000	0.433285000	651677
BENCH	calibrate_17	200000	0.083095000	1040538.515625
BENCH	calibrate_67	200000	0.084785000	1040417.796875
2741.38;msec;task-clock:u;0.12%;2741377028;100.00;0.996;CPUs utilized
6226242431;;cycles:u;0.02%;2741597818;100.00;2.266;GHz
18198708611;;instructions:u;0.00%;2741597818;100.00;2.92;insn per cycle
3356482;;branch-misses:u;0.18%;2741597818;100.00;;
7506912581;;cache-references:u;0.01%;2741597818;100.00;2.733;G/sec
5445212;;cache-misses:u;1.02%;2741597818;100.00;0.073;of all cache refs
810;;page-faults:u;0.11%;2741377028;100.00;294.857;/sec
0;;context-switches:u;0.00%;2741377028;100.00;0.000;/sec
