# To display the perf.data header info, please use --header/--header-only options.
#
#
# Total Lost Samples: 0
#
# Samples: 1K of event 'cycles:u'
# Event count (approx.): 6239906418
#
# Children      Self  Command  Shared Object                 Symbol                                                                                                                                                                        
# ........  ........  .......  ............................  ..............................................................................................................................................................................
#
    76.63%     0.00%  sqgi     libc.so.6                     [.] __libc_start_call_main
            |
            ---__libc_start_call_main
               __libc_start_call_main
               main
               sq_call
               SQVM::Execute
               |          
               |--6.49%--sqjit_try_execute_current
               |          |          
               |           --3.07%--SQVM::Return
               |          
               |--6.19%--SQObjectPtr::operator= (inlined)
               |          
               |--5.99%--sq_member_cache_hit (inlined)
               |          |          
               |           --4.45%--SQTable::GetCachedSlot (inlined)
               |          
               |--2.99%--SQVM::Get
               |          |          
               |           --2.48%--SQTable::Get
               |          
               |--2.85%--sqjit_try_execute_current_loop
               |          
               |--2.77%--SQArray::Get (inlined)
               |          |          
               |           --2.26%--SQArray::Get (inlined)
               |          
               |--2.68%--sq_vm_member_cache_for (inlined)
               |          |          
               |           --2.03%--SQFunctionProto::MemberCacheAt (inlined)
               |          
                --2.09%--SQVM::CMP_OP

    76.63%     0.00%  sqgi     sqgi                          [.] main
            |
            ---main
               sq_call
               SQVM::Execute
               |          
               |--6.49%--sqjit_try_execute_current
               |          |          
               |           --3.07%--SQVM::Return
               |          
               |--6.19%--SQObjectPtr::operator= (inlined)
               |          
               |--5.99%--sq_member_cache_hit (inlined)
               |          |          
               |           --4.45%--SQTable::GetCachedSlot (inlined)
               |          
               |--2.99%--SQVM::Get
               |          |          
               |           --2.48%--SQTable::Get
               |          
               |--2.85%--sqjit_try_execute_current_loop
               |          
               |--2.77%--SQArray::Get (inlined)
               |          |          
               |           --2.26%--SQArray::Get (inlined)
               |          
               |--2.68%--sq_vm_member_cache_for (inlined)
               |          |          
               |           --2.03%--SQFunctionProto::MemberCacheAt (inlined)
               |          
                --2.09%--SQVM::CMP_OP

    76.63%     0.00%  sqgi     sqgi                          [.] sq_call
            |
            ---sq_call
               SQVM::Execute
               |          
               |--6.49%--sqjit_try_execute_current
               |          |          
               |           --3.07%--SQVM::Return
               |          
               |--6.19%--SQObjectPtr::operator= (inlined)
               |          
               |--5.99%--sq_member_cache_hit (inlined)
               |          |          
               |           --4.45%--SQTable::GetCachedSlot (inlined)
               |          
               |--2.99%--SQVM::Get
               |          |          
               |           --2.48%--SQTable::Get
               |          
               |--2.85%--sqjit_try_execute_current_loop
               |          
               |--2.77%--SQArray::Get (inlined)
               |          |          
               |           --2.26%--SQArray::Get (inlined)
               |          
               |--2.68%--sq_vm_member_cache_for (inlined)
               |          |          
               |           --2.03%--SQFunctionProto::MemberCacheAt (inlined)
               |          
                --2.09%--SQVM::CMP_OP

    76.63%    57.64%  sqgi     sqgi                          [.] SQVM::Execute
            |          
            |--57.64%--__libc_start_call_main
            |          __libc_start_call_main
            |          main
            |          sq_call
            |          SQVM::Execute
            |          |          
            |          |--6.19%--SQObjectPtr::operator= (inlined)
            |          |          
            |          |--5.91%--sq_member_cache_hit (inlined)
            |          |          |          
            |          |           --4.45%--SQTable::GetCachedSlot (inlined)
            |          |          
            |          |--2.77%--SQArray::Get (inlined)
            |          |          |          
            |          |           --2.26%--SQArray::Get (inlined)
            |          |          
            |           --2.68%--sq_vm_member_cache_for (inlined)
            |                     |          
            |                      --2.03%--SQFunctionProto::MemberCacheAt (inlined)
            |          
             --18.99%--SQVM::Execute
                       |          
                       |--6.49%--sqjit_try_execute_current
                       |          |          
                       |           --3.07%--SQVM::Return
                       |          
                       |--2.99%--SQVM::Get
                       |          |          
                       |           --2.48%--SQTable::Get
                       |          
                       |--2.85%--sqjit_try_execute_current_loop
                       |          
                        --2.09%--SQVM::CMP_OP

     7.87%     0.00%  sqgi     sqgi                          [.] SQObjectPtr::operator= (inlined)
            |
            ---SQObjectPtr::operator= (inlined)

     6.63%     2.47%  sqgi     sqgi                          [.] sqjit_try_execute_current
            |          
            |--4.16%--sqjit_try_execute_current
            |          |          
            |           --3.07%--SQVM::Return
            |          
             --2.47%--__libc_start_call_main
                       __libc_start_call_main
                       main
                       sq_call
                       SQVM::Execute
                       sqjit_try_execute_current

     5.99%     0.00%  sqgi     sqgi                          [.] sq_member_cache_hit (inlined)
            |
            ---sq_member_cache_hit (inlined)
               |          
                --4.45%--SQTable::GetCachedSlot (inlined)

     4.96%     0.00%  sqgi     [JIT] tid 540929              [.] 0x0000ffffa5c5642f
            |
            ---0xffffa5c5642f
               |          
                --2.19%--0xffffa5c5642f
                          sqjit_a64_helper_array_set_float_logged

     4.80%     4.73%  sqgi     sqgi                          [.] sqjit_a64_precise_step<(SQOpcode)9, true>
     4.45%     0.00%  sqgi     sqgi                          [.] SQTable::GetCachedSlot (inlined)
            |
            ---SQTable::GetCachedSlot (inlined)

     3.65%     3.65%  sqgi     sqgi                          [.] SQTable::Get
            |          
             --2.48%--__libc_start_call_main
                       __libc_start_call_main
                       main
                       sq_call
                       SQVM::Execute
                       SQVM::Get
                       SQTable::Get

     3.43%     3.14%  sqgi     sqgi                          [.] sqjit_a64_precise_step<(SQOpcode)14, false>
     3.07%     1.53%  sqgi     sqgi                          [.] SQVM::Return
     2.99%     0.29%  sqgi     sqgi                          [.] SQVM::Get
            |          
             --2.70%--SQVM::Get
                       |          
                        --2.48%--SQTable::Get

     2.85%     1.46%  sqgi     sqgi                          [.] sqjit_try_execute_current_loop
     2.77%     0.00%  sqgi     sqgi                          [.] SQArray::Get (inlined)
            |
            ---SQArray::Get (inlined)
               |          
                --2.26%--SQArray::Get (inlined)

     2.68%     0.00%  sqgi     sqgi                          [.] sq_vm_member_cache_for (inlined)
            |
            ---sq_vm_member_cache_for (inlined)
               |          
                --2.03%--SQFunctionProto::MemberCacheAt (inlined)

     2.55%     0.00%  sqgi     sqgi                          [.] sqjit_a64_precise_member<true> (inlined)
            |
            ---sqjit_a64_precise_member<true> (inlined)

     2.26%     1.09%  sqgi     sqgi                          [.] sqjit_number_conversion_guard
     2.19%     0.80%  sqgi     sqgi                          [.] sqjit_a64_helper_array_set_float_logged
     2.09%     1.39%  sqgi     sqgi                          [.] SQVM::CMP_OP
     2.03%     0.00%  sqgi     sqgi                          [.] SQFunctionProto::MemberCacheAt (inlined)
            |
            ---SQFunctionProto::MemberCacheAt (inlined)



#
# (Cannot load tips.txt file, please install perf!)
#
