BENCH	transfer_table	200000	0.494805000	141925
BENCH	transfer_class	200000	0.505700000	141925
BENCH	transfer_mixed	200000	0.518280000	141925
BENCH	publish_table	200000	0.434985000	410680
BENCH	publish_class	200000	0.444935000	410680
BENCH	publish_mixed	200000	0.447760000	410680
BENCH	transfer_table	200000	0.488295000	141925
BENCH	transfer_class	200000	0.496550000	141925
BENCH	transfer_mixed	200000	0.507070000	141925
BENCH	publish_table	200000	0.431630000	410680
BENCH	publish_class	200000	0.442220000	410680
BENCH	publish_mixed	200000	0.445690000	410680
BENCH	transfer_table	200000	0.492625000	141925
BENCH	transfer_class	200000	0.503830000	141925
BENCH	transfer_mixed	200000	0.515240000	141925
BENCH	publish_table	200000	0.431725000	410680
BENCH	publish_class	200000	0.442325000	410680
BENCH	publish_mixed	200000	0.444385000	410680
3989.35;msec;task-clock:u;0.40%;3989351492;100.00;0.999;CPUs utilized
9054271340;;cycles:u;0.32%;3989763314;100.00;2.271;GHz
26353370085;;instructions:u;0.00%;3989763314;100.00;2.91;insn per cycle
2131184;;branch-misses:u;0.17%;3989763314;100.00;;
10906666806;;cache-references:u;0.01%;3989763314;100.00;2.736;G/sec
19179836;;cache-misses:u;32.79%;3989763314;100.00;0.176;of all cache refs
794;;page-faults:u;0.00%;3989351492;100.00;199.169;/sec
0;;context-switches:u;0.00%;3989351492;100.00;0.000;/sec
