# To display the perf.data header info, please use --header/--header-only options.
#
#
# Total Lost Samples: 0
#
# Samples: 2K of event 'cycles:u'
# Event count (approx.): 8979984159
#
# Children      Self  Command  Shared Object            Symbol                                            
# ........  ........  .......  .......................  ..................................................
#
    66.49%     0.00%  sqgi     sqgi                     [.] _start
            |
            ---_start
               __libc_start_main_impl (inlined)
               __libc_start_call_main
               main
               |          
                --66.40%--sq_call
                          SQVM::Execute
                          |          
                          |--12.95%--sqjit_try_execute_current
                          |          |          
                          |           --4.82%--SQVM::Return
                          |                     |          
                          |                      --2.23%--SQVM::LeaveFrame
                          |          
                          |--4.21%--SQObjectPtr::operator= (inlined)
                          |          
                          |--3.65%--SQArray::Get (inlined)
                          |          |          
                          |           --2.74%--SQArray::Get (inlined)
                          |          
                          |--2.79%--sqjit_try_execute_current_loop
                          |          
                          |--2.74%--sqjit_try_execute_closure
                          |          
                          |--2.48%--SQVM::CMP_OP
                          |          
                           --2.01%--SQVM::StartCall

    66.49%     0.00%  sqgi     libc.so.6                [.] __libc_start_main_impl (inlined)
            |
            ---__libc_start_main_impl (inlined)
               __libc_start_call_main
               main
               |          
                --66.40%--sq_call
                          SQVM::Execute
                          |          
                          |--12.95%--sqjit_try_execute_current
                          |          |          
                          |           --4.82%--SQVM::Return
                          |                     |          
                          |                      --2.23%--SQVM::LeaveFrame
                          |          
                          |--4.21%--SQObjectPtr::operator= (inlined)
                          |          
                          |--3.65%--SQArray::Get (inlined)
                          |          |          
                          |           --2.74%--SQArray::Get (inlined)
                          |          
                          |--2.79%--sqjit_try_execute_current_loop
                          |          
                          |--2.74%--sqjit_try_execute_closure
                          |          
                          |--2.48%--SQVM::CMP_OP
                          |          
                           --2.01%--SQVM::StartCall

    66.49%     0.00%  sqgi     libc.so.6                [.] __libc_start_call_main
            |
            ---__libc_start_call_main
               main
               |          
                --66.40%--sq_call
                          SQVM::Execute
                          |          
                          |--12.95%--sqjit_try_execute_current
                          |          |          
                          |           --4.82%--SQVM::Return
                          |                     |          
                          |                      --2.23%--SQVM::LeaveFrame
                          |          
                          |--4.21%--SQObjectPtr::operator= (inlined)
                          |          
                          |--3.65%--SQArray::Get (inlined)
                          |          |          
                          |           --2.74%--SQArray::Get (inlined)
                          |          
                          |--2.79%--sqjit_try_execute_current_loop
                          |          
                          |--2.74%--sqjit_try_execute_closure
                          |          
                          |--2.48%--SQVM::CMP_OP
                          |          
                           --2.01%--SQVM::StartCall

    66.49%     0.00%  sqgi     sqgi                     [.] main
            |
            ---main
               |          
                --66.40%--sq_call
                          SQVM::Execute
                          |          
                          |--12.95%--sqjit_try_execute_current
                          |          |          
                          |           --4.82%--SQVM::Return
                          |                     |          
                          |                      --2.23%--SQVM::LeaveFrame
                          |          
                          |--4.21%--SQObjectPtr::operator= (inlined)
                          |          
                          |--3.65%--SQArray::Get (inlined)
                          |          |          
                          |           --2.74%--SQArray::Get (inlined)
                          |          
                          |--2.79%--sqjit_try_execute_current_loop
                          |          
                          |--2.74%--sqjit_try_execute_closure
                          |          
                          |--2.48%--SQVM::CMP_OP
                          |          
                           --2.01%--SQVM::StartCall

    66.40%    41.02%  sqgi     sqgi                     [.] SQVM::Execute
            |          
            |--41.02%--_start
            |          __libc_start_main_impl (inlined)
            |          __libc_start_call_main
            |          main
            |          sq_call
            |          SQVM::Execute
            |          |          
            |          |--4.16%--SQObjectPtr::operator= (inlined)
            |          |          
            |           --3.65%--SQArray::Get (inlined)
            |                     |          
            |                      --2.74%--SQArray::Get (inlined)
            |          
             --25.38%--SQVM::Execute
                       |          
                       |--12.95%--sqjit_try_execute_current
                       |          |          
                       |           --4.82%--SQVM::Return
                       |                     |          
                       |                      --2.23%--SQVM::LeaveFrame
                       |          
                       |--2.79%--sqjit_try_execute_current_loop
                       |          
                       |--2.74%--sqjit_try_execute_closure
                       |          
                       |--2.48%--SQVM::CMP_OP
                       |          
                        --2.01%--SQVM::StartCall

    66.40%     0.00%  sqgi     sqgi                     [.] sq_call
            |
            ---sq_call
               SQVM::Execute
               |          
               |--12.95%--sqjit_try_execute_current
               |          |          
               |           --4.82%--SQVM::Return
               |                     |          
               |                      --2.23%--SQVM::LeaveFrame
               |          
               |--4.21%--SQObjectPtr::operator= (inlined)
               |          
               |--3.65%--SQArray::Get (inlined)
               |          |          
               |           --2.74%--SQArray::Get (inlined)
               |          
               |--2.79%--sqjit_try_execute_current_loop
               |          
               |--2.74%--sqjit_try_execute_closure
               |          
               |--2.48%--SQVM::CMP_OP
               |          
                --2.01%--SQVM::StartCall

    13.15%     5.09%  sqgi     sqgi                     [.] sqjit_try_execute_current
            |          
            |--8.06%--sqjit_try_execute_current
            |          |          
            |           --4.82%--SQVM::Return
            |                     |          
            |                      --2.23%--SQVM::LeaveFrame
            |          
             --5.09%--_start
                       __libc_start_main_impl (inlined)
                       __libc_start_call_main
                       main
                       sq_call
                       SQVM::Execute
                       sqjit_try_execute_current

    10.14%     8.98%  sqgi     sqgi                     [.] sqjit_a64_precise_step<(SQOpcode)13, true>
            |          
             --2.08%--0xffff93ca80b7
                       0xffff93ca80b7
                       sqjit_a64_precise_step<(SQOpcode)13, true>

     6.98%     6.68%  sqgi     sqgi                     [.] sqjit_a64_precise_step<(SQOpcode)9, true>
            |          
             --2.33%--0xffff93ca9083
                       0xffff93ca9083
                       |          
                        --2.28%--sqjit_a64_precise_step<(SQOpcode)9, true>

     6.95%     6.14%  sqgi     sqgi                     [.] sqjit_a64_precise_step<(SQOpcode)1, false>
     5.48%     0.00%  sqgi     sqgi                     [.] SQObjectPtr::operator= (inlined)
            |
            ---SQObjectPtr::operator= (inlined)

     4.82%     2.58%  sqgi     sqgi                     [.] SQVM::Return
            |          
            |--2.58%--_start
            |          __libc_start_main_impl (inlined)
            |          __libc_start_call_main
            |          main
            |          sq_call
            |          SQVM::Execute
            |          sqjit_try_execute_current
            |          SQVM::Return
            |          
             --2.23%--SQVM::Return
                       SQVM::LeaveFrame

     4.46%     0.00%  sqgi     sqgi                     [.] sqjit_a64_precise_member<true> (inlined)
            |
            ---sqjit_a64_precise_member<true> (inlined)
               |          
                --3.45%--sq_member_raw_slot (inlined)

     3.65%     0.00%  sqgi     sqgi                     [.] SQArray::Get (inlined)
            |
            ---SQArray::Get (inlined)
               |          
                --2.74%--SQArray::Get (inlined)

     3.45%     0.00%  sqgi     sqgi                     [.] sq_member_raw_slot (inlined)
            |
            ---sq_member_raw_slot (inlined)

     3.30%     0.00%  sqgi     sqgi                     [.] SQTable::GetRawSlot (inlined)
            |
            ---SQTable::GetRawSlot (inlined)
               |          
                --2.13%--SQTable::_Get (inlined)

     3.09%     0.00%  sqgi     [JIT] tid 540983         [.] 0x0000ffff93ca933b
            |
            ---0xffff93ca933b

     2.79%     2.13%  sqgi     sqgi                     [.] sqjit_try_execute_current_loop
            |          
             --2.13%--_start
                       __libc_start_main_impl (inlined)
                       __libc_start_call_main
                       main
                       sq_call
                       SQVM::Execute
                       sqjit_try_execute_current_loop

     2.74%     2.18%  sqgi     sqgi                     [.] sqjit_try_execute_closure
            |          
             --2.18%--_start
                       __libc_start_main_impl (inlined)
                       __libc_start_call_main
                       main
                       sq_call
                       SQVM::Execute
                       sqjit_try_execute_closure

     2.54%     0.00%  sqgi     sqgi                     [.] SQObjectPtr::operator= (inlined)
            |
            ---SQObjectPtr::operator= (inlined)

     2.48%     1.27%  sqgi     sqgi                     [.] SQVM::CMP_OP
     2.48%     0.00%  sqgi     [JIT] tid 540983         [.] 0x0000ffff93ca9083
            |
            ---0xffff93ca9083
               |          
                --2.33%--0xffff93ca9083
                          |          
                           --2.28%--sqjit_a64_precise_step<(SQOpcode)9, true>

     2.28%     2.28%  sqgi     sqgi                     [.] SQJitWriteLog::CanReleaseInContext
     2.28%     0.00%  sqgi     [JIT] tid 540983         [.] 0x0000ffff93ca80b7
            |
            ---0xffff93ca80b7
               |          
                --2.23%--0xffff93ca80b7
                          sqjit_a64_precise_step<(SQOpcode)13, true>

     2.28%     0.00%  sqgi     [JIT] tid 540983         [.] 0x0000ffff93ca811f
            |
            ---0xffff93ca811f
               |          
                --2.18%--0xffff93ca811f
                          sqjit_a64_precise_step<(SQOpcode)13, true>

     2.26%     0.00%  sqgi     [JIT] tid 540983         [.] 0x0000ffff93ca91ef
            |
            ---0xffff93ca91ef
               |          
                --2.18%--0xffff93ca91ef
                          sqjit_a64_precise_step<(SQOpcode)13, true>

     2.23%     2.23%  sqgi     sqgi                     [.] SQVM::LeaveFrame
            |
            ---_start
               __libc_start_main_impl (inlined)
               __libc_start_call_main
               main
               sq_call
               SQVM::Execute
               sqjit_try_execute_current
               SQVM::Return
               SQVM::LeaveFrame

     2.13%     0.00%  sqgi     sqgi                     [.] SQTable::_Get (inlined)
            |
            ---SQTable::_Get (inlined)

     2.08%     0.00%  sqgi     sqgi                     [.] sqjit_a64_precise_step<(SQOpcode)1> (inlined)
            |
            ---sqjit_a64_precise_step<(SQOpcode)1> (inlined)

     2.03%     0.00%  sqgi     [JIT] tid 540983         [.] 0x0000ffff93ca9153
            |
            ---0xffff93ca9153

     2.01%     1.55%  sqgi     sqgi                     [.] SQVM::StartCall


#
# (Cannot load tips.txt file, please install perf!)
#
