BENCH	table_owners_1	200000	0.262015000	5098276961
BENCH	table_owners_2	200000	0.262285000	5098477602
BENCH	table_owners_5	200000	0.262550000	5097878556
BENCH	table_owners_19	200000	0.262155000	5098684496
BENCH	table_owners_257	200000	0.263195000	5100408060
BENCH	class_owners_1	200000	0.262580000	5098276961
BENCH	class_owners_2	200000	0.262800000	5098477602
BENCH	class_owners_5	200000	0.262580000	5097878556
BENCH	class_owners_19	200000	0.262465000	5098684496
BENCH	class_owners_257	200000	0.263325000	5100408060
BENCH	table_owners_1	200000	0.262035000	5098276961
BENCH	table_owners_2	200000	0.262640000	5098477602
BENCH	table_owners_5	200000	0.262185000	5097878556
BENCH	table_owners_19	200000	0.262635000	5098684496
BENCH	table_owners_257	200000	0.263280000	5100408060
BENCH	class_owners_1	200000	0.263150000	5098276961
BENCH	class_owners_2	200000	0.262820000	5098477602
BENCH	class_owners_5	200000	0.262380000	5097878556
BENCH	class_owners_19	200000	0.262730000	5098684496
BENCH	class_owners_257	200000	0.263155000	5100408060
BENCH	table_owners_1	200000	0.262315000	5098276961
BENCH	table_owners_2	200000	0.261700000	5098477602
BENCH	table_owners_5	200000	0.262100000	5097878556
BENCH	table_owners_19	200000	0.261990000	5098684496
BENCH	table_owners_257	200000	0.262625000	5100408060
BENCH	class_owners_1	200000	0.261485000	5098276961
BENCH	class_owners_2	200000	0.261970000	5098477602
BENCH	class_owners_5	200000	0.262285000	5097878556
BENCH	class_owners_19	200000	0.261595000	5098684496
BENCH	class_owners_257	200000	0.262785000	5100408060
3686.80;msec;task-clock:u;0.13%;3686800238;100.00;0.996;CPUs utilized
8380756091;;cycles:u;0.06%;3687121655;100.00;2.268;GHz
27440163940;;instructions:u;0.00%;3687121655;100.00;3.27;insn per cycle
146145;;branch-misses:u;0.42%;3687121655;100.00;;
10917141834;;cache-references:u;0.00%;3687121655;100.00;2.955;G/sec
324095;;cache-misses:u;6.01%;3687121655;100.00;0.003;of all cache refs
786;;page-faults:u;0.08%;3686800238;100.00;212.743;/sec
0;;context-switches:u;0.00%;3686800238;100.00;0.000;/sec
