# To display the perf.data header info, please use --header/--header-only options.
#
#
# Total Lost Samples: 0
#
# Samples: 1K of event 'cycles:u'
# Event count (approx.): 8383948986
#
# Children      Self  Command  Shared Object          Symbol                                         
# ........  ........  .......  .....................  ...............................................
#
    19.60%    18.13%  sqgi     sqgi                   [.] sqjit_a64_precise_step<(SQOpcode)9, true>
            |          
            |--4.56%--0xffff952c89f3
            |          0xffff952c89f3
            |          sqjit_a64_precise_step<(SQOpcode)9, true>
            |          
            |--3.80%--0xffff952c838f
            |          0xffff952c838f
            |          sqjit_a64_precise_step<(SQOpcode)9, true>
            |          
            |--3.74%--0xffff952c8167
            |          0xffff952c8167
            |          sqjit_a64_precise_step<(SQOpcode)9, true>
            |          
            |--3.15%--0xffff952c8d9b
            |          0xffff952c8d9b
            |          sqjit_a64_precise_step<(SQOpcode)9, true>
            |          
             --2.88%--0xffff952c8b5f
                       0xffff952c8b5f
                       sqjit_a64_precise_step<(SQOpcode)9, true>

    11.21%    10.99%  sqgi     sqgi                   [.] sqjit_a64_precise_step<(SQOpcode)13, true>
            |          
            |--4.16%--0xffff952c835b
            |          0xffff952c835b
            |          sqjit_a64_precise_step<(SQOpcode)13, true>
            |          
            |--3.74%--0xffff952c89bf
            |          0xffff952c89bf
            |          sqjit_a64_precise_step<(SQOpcode)13, true>
            |          
             --3.08%--0xffff952c87bf
                       0xffff952c87bf
                       sqjit_a64_precise_step<(SQOpcode)13, true>

     9.67%     9.02%  sqgi     sqgi                   [.] sqjit_a64_precise_step<(SQOpcode)1, false>
            |          
            |--5.32%--0xffff952c819b
            |          0xffff952c819b
            |          |          
            |           --4.40%--sqjit_a64_precise_step<(SQOpcode)1, false>
            |          
             --3.69%--0xffff952c878b
                       0xffff952c878b
                       |          
                        --2.99%--sqjit_a64_precise_step<(SQOpcode)1, false>

     9.44%     0.00%  sqgi     [JIT] tid 540955       [.] 0x0000ffff952c9037
            |
            ---0xffff952c9037
               |          
                --9.22%--0xffff952c9037
                          sqjit_a64_precise_step<(SQOpcode)39, false>

     9.28%     0.00%  sqgi     [JIT] tid 540955       [.] 0x0000ffff952c812b
            |
            ---0xffff952c812b
               |          
                --8.69%--0xffff952c812b
                          sqjit_a64_precise_step<(SQOpcode)29, false>
                          |          
                           --4.67%--SQVM::CMP_OP
                                     |          
                                      --3.26%--SQVM::ObjCmp

     9.22%     7.81%  sqgi     sqgi                   [.] sqjit_a64_precise_step<(SQOpcode)39, false>
            |          
             --7.81%--0xffff952c9037
                       0xffff952c9037
                       sqjit_a64_precise_step<(SQOpcode)39, false>

     8.69%     3.42%  sqgi     sqgi                   [.] sqjit_a64_precise_step<(SQOpcode)29, false>
            |          
            |--5.27%--sqjit_a64_precise_step<(SQOpcode)29, false>
            |          |          
            |           --4.67%--SQVM::CMP_OP
            |                     |          
            |                      --3.26%--SQVM::ObjCmp
            |          
             --3.42%--0xffff952c812b
                       0xffff952c812b
                       sqjit_a64_precise_step<(SQOpcode)29, false>

     8.41%     0.00%  sqgi     [JIT] tid 540955       [.] 0x0000ffff952c89f3
            |
            ---0xffff952c89f3
               |          
                --5.43%--0xffff952c89f3
                          sqjit_a64_precise_step<(SQOpcode)9, true>

     7.11%     0.00%  sqgi     [JIT] tid 540955       [.] 0x0000ffff952c819b
            |
            ---0xffff952c819b
               |          
                --5.32%--0xffff952c819b
                          |          
                           --4.40%--sqjit_a64_precise_step<(SQOpcode)1, false>

     6.93%     0.00%  sqgi     [JIT] tid 540955       [.] 0x0000ffff952c8b5f
            |
            ---0xffff952c8b5f
               |          
                --3.47%--0xffff952c8b5f
                          sqjit_a64_precise_step<(SQOpcode)9, true>

     6.68%     0.00%  sqgi     [JIT] tid 540955       [.] 0x0000ffff952c87f3
            |
            ---0xffff952c87f3
               |          
                --6.51%--0xffff952c87f3
                          sqjit_a64_precise_step<(SQOpcode)4, false>
                          |          
                           --2.01%--SQObjectPtr::operator= (inlined)

     6.63%     0.00%  sqgi     [JIT] tid 540955       [.] 0x0000ffff952c83e3
            |
            ---0xffff952c83e3
               |          
                --2.93%--0xffff952c83e3
                          |          
                           --2.06%--sqjit_a64_precise_step<(SQOpcode)2, false>

     6.51%     5.59%  sqgi     sqgi                   [.] sqjit_a64_precise_step<(SQOpcode)4, false>
            |          
             --5.59%--0xffff952c87f3
                       0xffff952c87f3
                       sqjit_a64_precise_step<(SQOpcode)4, false>
                       |          
                        --2.01%--SQObjectPtr::operator= (inlined)

     6.35%     0.00%  sqgi     [JIT] tid 540955       [.] 0x0000ffff952c8d9b
            |
            ---0xffff952c8d9b
               |          
                --3.15%--0xffff952c8d9b
                          sqjit_a64_precise_step<(SQOpcode)9, true>

     5.54%     5.54%  sqgi     sqgi                   [.] SQJitWriteLog::CanReleaseInContext
     5.46%     0.00%  sqgi     [JIT] tid 540955       [.] 0x0000ffff952c8757
            |
            ---0xffff952c8757
               |          
                --5.25%--0xffff952c8757
                          sqjit_a64_precise_step<(SQOpcode)13, false>

     5.25%     5.25%  sqgi     sqgi                   [.] sqjit_a64_precise_step<(SQOpcode)13, false>
            |
            ---0xffff952c8757
               0xffff952c8757
               sqjit_a64_precise_step<(SQOpcode)13, false>

     4.89%     0.00%  sqgi     [JIT] tid 540955       [.] 0x0000ffff952c878b
            |
            ---0xffff952c878b
               |          
                --4.34%--0xffff952c878b
                          |          
                           --2.99%--sqjit_a64_precise_step<(SQOpcode)1, false>

     4.67%     1.41%  sqgi     sqgi                   [.] SQVM::CMP_OP
            |          
             --3.26%--SQVM::CMP_OP
                       SQVM::ObjCmp

     4.59%     0.00%  sqgi     [JIT] tid 540955       [.] 0x0000ffff952c835b
            |
            ---0xffff952c835b
               |          
                --4.38%--0xffff952c835b
                          sqjit_a64_precise_step<(SQOpcode)13, true>

     4.51%     0.00%  sqgi     [JIT] tid 540955       [.] 0x0000ffff952c838f
            |
            ---0xffff952c838f
               |          
                --3.80%--0xffff952c838f
                          sqjit_a64_precise_step<(SQOpcode)9, true>

     4.32%     0.00%  sqgi     [JIT] tid 540955       [.] 0x0000ffff952c8827
            |
            ---0xffff952c8827
               |          
                --2.61%--0xffff952c8827
                          sqjit_a64_precise_step<(SQOpcode)14, true>

     4.12%     0.00%  sqgi     [JIT] tid 540955       [.] 0x0000ffff952c89bf
            |
            ---0xffff952c89bf
               |          
                --3.74%--0xffff952c89bf
                          sqjit_a64_precise_step<(SQOpcode)13, true>

     4.06%     0.00%  sqgi     [JIT] tid 540955       [.] 0x0000ffff952c8167
            |
            ---0xffff952c8167
               |          
                --3.74%--0xffff952c8167
                          sqjit_a64_precise_step<(SQOpcode)9, true>

     3.69%     0.00%  sqgi     sqgi                   [.] sqjit_a64_precise_member<true> (inlined)
            |
            ---sqjit_a64_precise_member<true> (inlined)

     3.58%     0.00%  sqgi     [JIT] tid 540955       [.] 0x0000ffff952c8327
            |
            ---0xffff952c8327
               |          
                --3.47%--0xffff952c8327
                          |          
                           --2.71%--sqjit_a64_precise_step<(SQOpcode)14, false>

     3.47%     3.47%  sqgi     sqgi                   [.] sqjit_a64_precise_step<(SQOpcode)14, false>
            |
            ---0xffff952c8327
               0xffff952c8327
               |          
                --2.71%--sqjit_a64_precise_step<(SQOpcode)14, false>

     3.30%     0.00%  sqgi     [JIT] tid 540955       [.] 0x0000ffff952c87bf
            |
            ---0xffff952c87bf
               |          
                --3.08%--0xffff952c87bf
                          sqjit_a64_precise_step<(SQOpcode)13, true>

     3.26%     0.00%  sqgi     sqgi                   [.] SQObjectPtr::operator= (inlined)
            |
            ---SQObjectPtr::operator= (inlined)

     3.26%     3.26%  sqgi     sqgi                   [.] SQVM::ObjCmp
            |
            ---0xffff952c812b
               0xffff952c812b
               sqjit_a64_precise_step<(SQOpcode)29, false>
               SQVM::CMP_OP
               SQVM::ObjCmp

     2.93%     2.06%  sqgi     sqgi                   [.] sqjit_a64_precise_step<(SQOpcode)2, false>
            |          
             --2.06%--0xffff952c83e3
                       0xffff952c83e3
                       sqjit_a64_precise_step<(SQOpcode)2, false>

     2.61%     2.61%  sqgi     sqgi                   [.] sqjit_a64_precise_step<(SQOpcode)14, true>
            |
            ---0xffff952c8827
               0xffff952c8827
               sqjit_a64_precise_step<(SQOpcode)14, true>

     2.28%     0.00%  sqgi     sqgi                   [.] sqjit_a64_precise_step<(SQOpcode)1> (inlined)
            |
            ---sqjit_a64_precise_step<(SQOpcode)1> (inlined)

     2.01%     0.00%  sqgi     sqgi                   [.] SQObjectPtr::operator= (inlined)
            |
            ---SQObjectPtr::operator= (inlined)



#
# (Cannot load tips.txt file, please install perf!)
#
