BENCH	receiver_integer	200000	0.053950000	595177
BENCH	root_integer	200000	0.062890000	595177
BENCH	root_reference	200000	0.084740000	799457
BENCH	root_integer_result	200000	0.064540000	795177
BENCH	receiver_integer	200000	0.053955000	595177
BENCH	root_integer	200000	0.062945000	595177
BENCH	root_reference	200000	0.085460000	799457
BENCH	root_integer_result	200000	0.064485000	795177
BENCH	receiver_integer	200000	0.053885000	595177
BENCH	root_integer	200000	0.062920000	595177
BENCH	root_reference	200000	0.088850000	799457
BENCH	root_integer_result	200000	0.064305000	795177
404.30;msec;task-clock:u;0.26%;404301455;100.00;0.987;CPUs utilized
882714327;;cycles:u;0.48%;404392169;100.00;2.182;GHz
2916480579;;instructions:u;0.10%;404392169;100.00;3.33;insn per cycle
540787;;branch-misses:u;15.03%;404392169;100.00;;
1015611556;;cache-references:u;0.33%;404392169;100.00;2.511;G/sec
196407;;cache-misses:u;1.43%;404392169;100.00;0.019;of all cache refs
782;;page-faults:u;0.11%;404301455;100.00;1.933;K/sec
0;;context-switches:u;0.00%;404301455;100.00;0.000;/sec
