# To display the perf.data header info, please use --header/--header-only options.
#
#
# Total Lost Samples: 0
#
# Samples: 221  of event 'cycles:u'
# Event count (approx.): 865915977
#
# Children      Self  Command  Shared Object                 Symbol                                                                                                                                                         
# ........  ........  .......  ............................  ...............................................................................................................................................................
#
    27.87%    11.04%  sqgi     sqgi                          [.] sqjit_a64_helper_member_set_integer_logged
            |          
            |--16.83%--sqjit_a64_helper_member_set_integer_logged
            |          |          
            |          |--8.94%--sqjit_a64_helper_member_set_integer_logged
            |          |          SQJitWriteLog::RecordMember
            |          |          |          
            |          |          |--4.21%--SQJitWriteLog::CanRelease
            |          |          |          
            |          |           --4.20%--SQJitWriteLog::ContainsMember<false> (inlined)
            |          |                     |          
            |          |                      --2.11%--SQJitWriteLog::ContainsMember<false>(SQObjectPtr const&, SQObjectPtr const&, SQObjectPtr const&) const::{lambda(SQJitWriteLog::Entry const&)#1}::operator() (inlined)
            |          |          
            |           --7.37%--sqjit_a64_member_store_slot (inlined)
            |                     sqjit_a64_member_store_slot (inlined)
            |                     sqjit_a64_helper_member_set_integer_logged
            |                     sqjit_a64_resolve_root_store_slot
            |                     |          
            |                      --5.79%--SQTable::GetRawSlot (inlined)
            |                                |          
            |                                 --4.21%--SQTable::_Get (inlined)
            |          
            |--5.78%--0xffffb14571d7
            |          0xffffb14571d7
            |          sqjit_a64_helper_member_set_integer_logged
            |          |          
            |           --3.15%--sqjit_a64_member_store_slot (inlined)
            |                     |          
            |                      --2.63%--sqjit_a64_member_store_slot (inlined)
            |                                sqjit_a64_resolve_store_slot (inlined)
            |                                |          
            |                                 --2.10%--sq_member_raw_slot (inlined)
            |          
             --5.26%--0xffffb14591f3
                       0xffffb14591f3
                       sqjit_a64_helper_member_set_integer_logged
                       |          
                        --2.10%--sqjit_a64_member_store_slot (inlined)
                                  sqjit_a64_member_store_slot (inlined)
                                  sqjit_a64_resolve_store_slot (inlined)
                                  sq_member_raw_slot (inlined)
                                  SQTable::GetRawSlot (inlined)

    23.34%    11.90%  sqgi     sqgi                          [.] SQJitWriteLog::RecordMember
            |          
            |--11.44%--SQJitWriteLog::RecordMember
            |          |          
            |           --10.91%--SQJitWriteLog::CanRelease
            |          
            |--3.68%--0xffffb1458207
            |          0xffffb1458207
            |          sqjit_a64_helper_member_set_reference_logged
            |          sqjit_a64_helper_member_set_reference_logged
            |          SQJitWriteLog::RecordMember
            |          |          
            |           --3.16%--SQJitWriteLog::ContainsMember<true> (inlined)
            |          
            |--3.68%--0xffffb14571d7
            |          0xffffb14571d7
            |          sqjit_a64_helper_member_set_integer_logged
            |          sqjit_a64_helper_member_set_integer_logged
            |          SQJitWriteLog::RecordMember
            |          |          
            |           --3.15%--SQJitWriteLog::ContainsMember<false> (inlined)
            |          
             --3.49%--0xffffb145a21f
                       0xffffb145a21f
                       sqjit_a64_helper_instance_field_set_integer_logged
                       sqjit_a64_helper_instance_field_set_integer_logged
                       SQJitWriteLog::RecordMember

    22.09%     0.00%  sqgi     [JIT] tid 540905              [.] 0x0000ffffb1458207
            |
            ---0xffffb1458207
               |          
                --19.98%--0xffffb1458207
                          sqjit_a64_helper_member_set_reference_logged
                          |          
                          |--8.94%--sqjit_a64_helper_member_set_reference_logged
                          |          SQJitWriteLog::RecordMember
                          |          |          
                          |          |--4.73%--SQJitWriteLog::CanRelease
                          |          |          
                          |           --3.68%--SQJitWriteLog::ContainsMember<true> (inlined)
                          |          
                          |--7.37%--sqjit_a64_member_store_slot (inlined)
                          |          sqjit_a64_member_store_slot (inlined)
                          |          |          
                          |          |--4.74%--sqjit_a64_helper_member_set_reference_logged
                          |          |          sqjit_a64_resolve_root_store_slot
                          |          |          |          
                          |          |           --3.68%--SQTable::GetRawSlot (inlined)
                          |          |                     |          
                          |          |                      --3.16%--SQTable::_Get (inlined)
                          |          |          
                          |           --2.63%--sqjit_a64_resolve_store_slot (inlined)
                          |                     sq_member_raw_slot (inlined)
                          |                     SQTable::GetRawSlot (inlined)
                          |          
                           --2.10%--sqjit_a64_store_resolved_member (inlined)

    19.98%     6.31%  sqgi     sqgi                          [.] sqjit_a64_helper_member_set_reference_logged
            |          
            |--13.67%--sqjit_a64_helper_member_set_reference_logged
            |          |          
            |          |--8.94%--sqjit_a64_helper_member_set_reference_logged
            |          |          SQJitWriteLog::RecordMember
            |          |          |          
            |          |          |--4.73%--SQJitWriteLog::CanRelease
            |          |          |          
            |          |           --3.68%--SQJitWriteLog::ContainsMember<true> (inlined)
            |          |          
            |           --4.74%--sqjit_a64_member_store_slot (inlined)
            |                     sqjit_a64_member_store_slot (inlined)
            |                     sqjit_a64_helper_member_set_reference_logged
            |                     sqjit_a64_resolve_root_store_slot
            |                     |          
            |                      --3.68%--SQTable::GetRawSlot (inlined)
            |                                |          
            |                                 --3.16%--SQTable::_Get (inlined)
            |          
             --6.31%--0xffffb1458207
                       0xffffb1458207
                       sqjit_a64_helper_member_set_reference_logged
                       |          
                       |--2.63%--sqjit_a64_member_store_slot (inlined)
                       |          sqjit_a64_member_store_slot (inlined)
                       |          sqjit_a64_resolve_store_slot (inlined)
                       |          sq_member_raw_slot (inlined)
                       |          SQTable::GetRawSlot (inlined)
                       |          
                        --2.10%--sqjit_a64_store_resolved_member (inlined)

    18.41%     0.00%  sqgi     [JIT] tid 540905              [.] 0x0000ffffb14571d7
            |
            ---0xffffb14571d7
               |          
                --15.78%--0xffffb14571d7
                          sqjit_a64_helper_member_set_integer_logged
                          |          
                          |--6.84%--sqjit_a64_member_store_slot (inlined)
                          |          |          
                          |           --6.31%--sqjit_a64_member_store_slot (inlined)
                          |                     |          
                          |                     |--3.69%--sqjit_a64_helper_member_set_integer_logged
                          |                     |          sqjit_a64_resolve_root_store_slot
                          |                     |          |          
                          |                     |           --2.11%--SQTable::GetRawSlot (inlined)
                          |                     |          
                          |                      --2.63%--sqjit_a64_resolve_store_slot (inlined)
                          |                                |          
                          |                                 --2.10%--sq_member_raw_slot (inlined)
                          |          
                           --5.78%--sqjit_a64_helper_member_set_integer_logged
                                     SQJitWriteLog::RecordMember
                                     |          
                                     |--3.15%--SQJitWriteLog::ContainsMember<false> (inlined)
                                     |          
                                      --2.11%--SQJitWriteLog::CanRelease

    16.95%     6.61%  sqgi     sqgi                          [.] sqjit_a64_helper_member_closure_guard
            |          
            |--10.34%--sqjit_a64_helper_member_closure_guard
            |          sqjit_a64_helper_member_closure_guard
            |          sqjit_a64_borrow_member_ptr_value
            |          |          
            |           --7.72%--SQTable::GetRawSlot (inlined)
            |                     |          
            |                      --6.67%--SQTable::_Get (inlined)
            |          
             --4.21%--0xffffb1459167
                       0xffffb1459167
                       sqjit_a64_helper_member_closure_guard

    14.19%     0.00%  sqgi     [JIT] tid 540905              [.] 0x0000ffffb14591f3
            |
            ---0xffffb14591f3
               |          
                --12.10%--0xffffb14591f3
                          sqjit_a64_helper_member_set_integer_logged
                          |          
                          |--5.78%--sqjit_a64_member_store_slot (inlined)
                          |          sqjit_a64_member_store_slot (inlined)
                          |          |          
                          |          |--3.68%--sqjit_a64_helper_member_set_integer_logged
                          |          |          sqjit_a64_resolve_root_store_slot
                          |          |          SQTable::GetRawSlot (inlined)
                          |          |          |          
                          |          |           --2.63%--SQTable::_Get (inlined)
                          |          |          
                          |           --2.10%--sqjit_a64_resolve_store_slot (inlined)
                          |                     sq_member_raw_slot (inlined)
                          |                     SQTable::GetRawSlot (inlined)
                          |          
                           --3.15%--sqjit_a64_helper_member_set_integer_logged
                                     SQJitWriteLog::RecordMember
                                     |          
                                      --2.10%--SQJitWriteLog::CanRelease

    13.44%     0.00%  sqgi     [JIT] tid 540905              [.] 0x0000ffffb145a21f
            |
            ---0xffffb145a21f
               |          
                --11.87%--0xffffb145a21f
                          sqjit_a64_helper_instance_field_set_integer_logged
                          |          
                          |--5.47%--sqjit_a64_helper_instance_field_set_integer_logged
                          |          SQJitWriteLog::RecordMember
                          |          
                           --2.40%--sqjit_a64_write_log_record_member (inlined)

    12.62%     0.00%  sqgi     sqgi                          [.] sqjit_a64_member_store_slot (inlined)
            |
            ---sqjit_a64_member_store_slot (inlined)
               |          
                --12.10%--sqjit_a64_member_store_slot (inlined)
                          |          
                          |--7.37%--sqjit_a64_helper_member_set_integer_logged
                          |          sqjit_a64_resolve_root_store_slot
                          |          |          
                          |           --5.79%--SQTable::GetRawSlot (inlined)
                          |                     |          
                          |                      --4.21%--SQTable::_Get (inlined)
                          |          
                           --4.73%--sqjit_a64_resolve_store_slot (inlined)
                                     |          
                                      --4.21%--sq_member_raw_slot (inlined)
                                                |          
                                                 --3.68%--SQTable::GetRawSlot (inlined)
                                                           |          
                                                            --2.63%--SQTable::_Get (inlined)

    12.10%    12.10%  sqgi     sqgi                          [.] sqjit_a64_resolve_root_store_slot
            |          
            |--4.74%--0xffffb1458207
            |          0xffffb1458207
            |          sqjit_a64_helper_member_set_reference_logged
            |          sqjit_a64_member_store_slot (inlined)
            |          sqjit_a64_member_store_slot (inlined)
            |          sqjit_a64_helper_member_set_reference_logged
            |          sqjit_a64_resolve_root_store_slot
            |          |          
            |           --3.68%--SQTable::GetRawSlot (inlined)
            |                     |          
            |                      --3.16%--SQTable::_Get (inlined)
            |          
            |--3.69%--0xffffb14571d7
            |          0xffffb14571d7
            |          sqjit_a64_helper_member_set_integer_logged
            |          sqjit_a64_member_store_slot (inlined)
            |          sqjit_a64_member_store_slot (inlined)
            |          sqjit_a64_helper_member_set_integer_logged
            |          sqjit_a64_resolve_root_store_slot
            |          |          
            |           --2.11%--SQTable::GetRawSlot (inlined)
            |          
             --3.68%--0xffffb14591f3
                       0xffffb14591f3
                       sqjit_a64_helper_member_set_integer_logged
                       sqjit_a64_member_store_slot (inlined)
                       sqjit_a64_member_store_slot (inlined)
                       sqjit_a64_helper_member_set_integer_logged
                       sqjit_a64_resolve_root_store_slot
                       SQTable::GetRawSlot (inlined)
                       |          
                        --2.63%--SQTable::_Get (inlined)

    11.87%     5.94%  sqgi     sqgi                          [.] sqjit_a64_helper_instance_field_set_integer_logged
            |          
            |--5.94%--0xffffb145a21f
            |          0xffffb145a21f
            |          sqjit_a64_helper_instance_field_set_integer_logged
            |          
             --5.93%--sqjit_a64_helper_instance_field_set_integer_logged
                       |          
                        --5.47%--sqjit_a64_helper_instance_field_set_integer_logged
                                  SQJitWriteLog::RecordMember

    10.91%    10.91%  sqgi     sqgi                          [.] SQJitWriteLog::CanRelease
            |          
            |--4.73%--0xffffb1458207
            |          0xffffb1458207
            |          sqjit_a64_helper_member_set_reference_logged
            |          sqjit_a64_helper_member_set_reference_logged
            |          SQJitWriteLog::RecordMember
            |          SQJitWriteLog::CanRelease
            |          
            |--2.11%--0xffffb14571d7
            |          0xffffb14571d7
            |          sqjit_a64_helper_member_set_integer_logged
            |          sqjit_a64_helper_member_set_integer_logged
            |          SQJitWriteLog::RecordMember
            |          SQJitWriteLog::CanRelease
            |          
             --2.10%--0xffffb14591f3
                       0xffffb14591f3
                       sqjit_a64_helper_member_set_integer_logged
                       sqjit_a64_helper_member_set_integer_logged
                       SQJitWriteLog::RecordMember
                       SQJitWriteLog::CanRelease

    10.34%    10.34%  sqgi     sqgi                          [.] sqjit_a64_borrow_member_ptr_value
            |          
            |--4.21%--0xffffb145814b
            |          0xffffb145814b
            |          sqjit_a64_helper_member_closure_guard
            |          sqjit_a64_helper_member_closure_guard
            |          sqjit_a64_borrow_member_ptr_value
            |          |          
            |           --3.16%--SQTable::GetRawSlot (inlined)
            |                     |          
            |                      --2.63%--SQTable::_Get (inlined)
            |          
            |--2.45%--0xffffb145a167
            |          0xffffb145a167
            |          sqjit_a64_helper_member_closure_guard
            |          sqjit_a64_helper_member_closure_guard
            |          sqjit_a64_borrow_member_ptr_value
            |          
             --2.10%--0xffffb145714b
                       0xffffb145714b
                       sqjit_a64_helper_member_closure_guard
                       sqjit_a64_helper_member_closure_guard
                       sqjit_a64_borrow_member_ptr_value

     9.47%     0.00%  sqgi     sqgi                          [.] SQTable::GetRawSlot (inlined)
            |
            ---SQTable::GetRawSlot (inlined)
               |          
               |--7.37%--SQTable::_Get (inlined)
               |          
                --2.11%--HashObj (inlined)

     9.47%     0.00%  sqgi     [JIT] tid 540905              [.] 0x0000ffffb145814b
            |
            ---0xffffb145814b
               |          
                --5.26%--0xffffb145814b
                          sqjit_a64_helper_member_closure_guard
                          |          
                           --4.21%--sqjit_a64_helper_member_closure_guard
                                     sqjit_a64_borrow_member_ptr_value
                                     |          
                                      --3.16%--SQTable::GetRawSlot (inlined)
                                                |          
                                                 --2.63%--SQTable::_Get (inlined)

     8.93%     0.00%  sqgi     [JIT] tid 540905              [.] 0x0000ffffb1459167
            |
            ---0xffffb1459167
               |          
                --5.79%--0xffffb1459167
                          sqjit_a64_helper_member_closure_guard

     7.72%     0.00%  sqgi     sqgi                          [.] SQTable::GetRawSlot (inlined)
            |
            ---SQTable::GetRawSlot (inlined)
               |          
                --6.67%--SQTable::_Get (inlined)

     7.37%     0.00%  sqgi     sqgi                          [.] SQTable::_Get (inlined)
            |
            ---SQTable::_Get (inlined)

     7.37%     0.00%  sqgi     sqgi                          [.] sqjit_a64_member_store_slot (inlined)
            |
            ---sqjit_a64_member_store_slot (inlined)
               sqjit_a64_member_store_slot (inlined)
               |          
               |--4.74%--sqjit_a64_helper_member_set_reference_logged
               |          sqjit_a64_resolve_root_store_slot
               |          |          
               |           --3.68%--SQTable::GetRawSlot (inlined)
               |                     |          
               |                      --3.16%--SQTable::_Get (inlined)
               |          
                --2.63%--sqjit_a64_resolve_store_slot (inlined)
                          sq_member_raw_slot (inlined)
                          SQTable::GetRawSlot (inlined)

     6.67%     0.00%  sqgi     sqgi                          [.] SQTable::_Get (inlined)
            |
            ---SQTable::_Get (inlined)

     6.32%     0.00%  sqgi     [JIT] tid 540905              [.] 0x0000ffffb145a167
            |
            ---0xffffb145a167
               |          
                --3.27%--0xffffb145a167
                          sqjit_a64_helper_member_closure_guard
                          |          
                           --2.45%--sqjit_a64_helper_member_closure_guard
                                     sqjit_a64_borrow_member_ptr_value

     6.13%     0.00%  sqgi     sqgi                          [.] SQJitWriteLog::ContainsMember<false> (inlined)
            |
            ---SQJitWriteLog::ContainsMember<false> (inlined)
               |          
                --3.04%--SQJitWriteLog::ContainsMember<false>(SQObjectPtr const&, SQObjectPtr const&, SQObjectPtr const&) const::{lambda(SQJitWriteLog::Entry const&)#1}::operator() (inlined)

     5.78%     0.00%  sqgi     [JIT] tid 540905              [.] 0x0000ffffb145714b
            |
            ---0xffffb145714b
               |          
               |--2.63%--0xffffb145714b
               |          sqjit_a64_helper_member_closure_guard
               |          |          
               |           --2.10%--sqjit_a64_helper_member_closure_guard
               |                     sqjit_a64_borrow_member_ptr_value
               |          
                --2.10%--0xffffb14571bc

     4.73%     0.00%  sqgi     sqgi                          [.] sqjit_a64_resolve_store_slot (inlined)
            |
            ---sqjit_a64_resolve_store_slot (inlined)
               |          
                --4.21%--sq_member_raw_slot (inlined)
                          |          
                           --3.68%--SQTable::GetRawSlot (inlined)
                                     |          
                                      --2.63%--SQTable::_Get (inlined)

     4.21%     0.00%  sqgi     sqgi                          [.] sq_member_raw_slot (inlined)
            |
            ---sq_member_raw_slot (inlined)
               |          
                --3.68%--SQTable::GetRawSlot (inlined)
                          |          
                           --2.63%--SQTable::_Get (inlined)

     3.68%     0.00%  sqgi     sqgi                          [.] SQJitWriteLog::ContainsMember<true> (inlined)
            |
            ---SQJitWriteLog::ContainsMember<true> (inlined)

     3.68%     0.00%  sqgi     sqgi                          [.] SQTable::GetRawSlot (inlined)
            |
            ---SQTable::GetRawSlot (inlined)
               |          
                --2.63%--SQTable::_Get (inlined)

     3.04%     0.00%  sqgi     sqgi                          [.] SQJitWriteLog::ContainsMember<false>(SQObjectPtr const&, SQObjectPtr const&, SQObjectPtr const&) const::{lambda(SQJitWriteLog::Entry const&)#1}::operator() (inlined)
            |
            ---SQJitWriteLog::ContainsMember<false>(SQObjectPtr const&, SQObjectPtr const&, SQObjectPtr const&) const::{lambda(SQJitWriteLog::Entry const&)#1}::operator() (inlined)

     2.63%     0.00%  sqgi     sqgi                          [.] SQTable::_Get (inlined)
            |
            ---SQTable::_Get (inlined)

     2.63%     0.00%  sqgi     sqgi                          [.] sqjit_a64_resolve_store_slot (inlined)
            |
            ---sqjit_a64_resolve_store_slot (inlined)
               sq_member_raw_slot (inlined)
               SQTable::GetRawSlot (inlined)

     2.63%     0.00%  sqgi     sqgi                          [.] sq_member_raw_slot (inlined)
            |
            ---sq_member_raw_slot (inlined)
               SQTable::GetRawSlot (inlined)

     2.63%     0.00%  sqgi     sqgi                          [.] SQTable::GetRawSlot (inlined)
            |
            ---SQTable::GetRawSlot (inlined)

     2.40%     0.00%  sqgi     sqgi                          [.] sqjit_a64_write_log_record_member (inlined)
            |
            ---sqjit_a64_write_log_record_member (inlined)

     2.11%     0.00%  sqgi     sqgi                          [.] HashObj (inlined)
            |
            ---HashObj (inlined)

     2.10%     2.10%  sqgi     [JIT] tid 540905              [.] 0x0000ffffb14571bc
            |
            ---0xffffb145714b
               0xffffb14571bc

     2.10%     0.00%  sqgi     sqgi                          [.] sqjit_a64_store_resolved_member (inlined)
            |
            ---sqjit_a64_store_resolved_member (inlined)



#
# (Cannot load tips.txt file, please install perf!)
#
