# To display the perf.data header info, please use --header/--header-only options.
#
#
# Total Lost Samples: 0
#
# Samples: 550  of event 'cycles:u'
# Event count (approx.): 2362606435
#
# Children      Self  Command  Shared Object                 Symbol                                                                                                                                                         
# ........  ........  .......  ............................  ...............................................................................................................................................................
#
    32.41%     0.00%  sqgi     sqgi                          [.] _start
            |
            ---_start
               __libc_start_main_impl (inlined)
               __libc_start_call_main
               main
               |          
                --32.18%--sq_call
                          SQVM::Execute
                          |          
                          |--6.93%--SQVM::DerefInc
                          |          
                          |--5.01%--SQVM::Get
                          |          |          
                          |           --2.31%--SQTable::Get
                          |          
                           --2.12%--sqjit_try_execute_current_loop

    32.41%     0.00%  sqgi     libc.so.6                     [.] __libc_start_main_impl (inlined)
            |
            ---__libc_start_main_impl (inlined)
               __libc_start_call_main
               main
               |          
                --32.18%--sq_call
                          SQVM::Execute
                          |          
                          |--6.93%--SQVM::DerefInc
                          |          
                          |--5.01%--SQVM::Get
                          |          |          
                          |           --2.31%--SQTable::Get
                          |          
                           --2.12%--sqjit_try_execute_current_loop

    32.41%     0.00%  sqgi     libc.so.6                     [.] __libc_start_call_main
            |
            ---__libc_start_call_main
               main
               |          
                --32.18%--sq_call
                          SQVM::Execute
                          |          
                          |--6.93%--SQVM::DerefInc
                          |          
                          |--5.01%--SQVM::Get
                          |          |          
                          |           --2.31%--SQTable::Get
                          |          
                           --2.12%--sqjit_try_execute_current_loop

    32.41%     0.00%  sqgi     sqgi                          [.] main
            |
            ---main
               |          
                --32.18%--sq_call
                          SQVM::Execute
                          |          
                          |--6.93%--SQVM::DerefInc
                          |          
                          |--5.01%--SQVM::Get
                          |          |          
                          |           --2.31%--SQTable::Get
                          |          
                           --2.12%--sqjit_try_execute_current_loop

    32.18%     0.00%  sqgi     sqgi                          [.] sq_call
            |
            ---sq_call
               SQVM::Execute
               |          
               |--6.93%--SQVM::DerefInc
               |          
               |--5.01%--SQVM::Get
               |          |          
               |           --2.31%--SQTable::Get
               |          
                --2.12%--sqjit_try_execute_current_loop

    32.18%    15.80%  sqgi     sqgi                          [.] SQVM::Execute
            |          
            |--16.38%--SQVM::Execute
            |          |          
            |          |--6.93%--SQVM::DerefInc
            |          |          
            |          |--5.01%--SQVM::Get
            |          |          |          
            |          |           --2.31%--SQTable::Get
            |          |          
            |           --2.12%--sqjit_try_execute_current_loop
            |          
             --15.80%--_start
                       __libc_start_main_impl (inlined)
                       __libc_start_call_main
                       main
                       sq_call
                       SQVM::Execute

    21.66%     3.38%  sqgi     sqgi                          [.] sqjit_a64_helper_member_set_integer_logged
            |          
            |--18.28%--sqjit_a64_helper_member_set_integer_logged
            |          sqjit_a64_store_resolved_member (inlined)
            |          |          
            |           --18.09%--SQJitWriteLog::RecordMember
            |                     |          
            |                     |--14.14%--SQJitWriteLog::ContainsMember<false> (inlined)
            |                     |          |          
            |                     |           --6.78%--SQJitWriteLog::ContainsMember<false>(SQObjectPtr const&, SQObjectPtr const&, SQObjectPtr const&) const::{lambda(SQJitWriteLog::Entry const&)#1}::operator() (inlined)
            |                     |          
            |                      --3.21%--SQJitWriteLog::CanRelease
            |          
             --2.24%--0xffff98d134d3
                       0xffff98d134d3
                       sqjit_a64_helper_member_set_integer_logged

    18.85%     0.00%  sqgi     sqgi                          [.] sqjit_a64_store_resolved_member (inlined)
            |
            ---sqjit_a64_store_resolved_member (inlined)
               |          
                --18.09%--SQJitWriteLog::RecordMember
                          |          
                          |--14.14%--SQJitWriteLog::ContainsMember<false> (inlined)
                          |          |          
                          |           --6.78%--SQJitWriteLog::ContainsMember<false>(SQObjectPtr const&, SQObjectPtr const&, SQObjectPtr const&) const::{lambda(SQJitWriteLog::Entry const&)#1}::operator() (inlined)
                          |          
                           --3.21%--SQJitWriteLog::CanRelease

    18.55%     0.00%  sqgi     [JIT] tid 737805              [.] 0x0000ffff98d134d3
            |
            ---0xffff98d134d3
               |          
                --12.82%--0xffff98d134d3
                          sqjit_a64_helper_member_set_integer_logged
                          |          
                           --10.77%--sqjit_a64_store_resolved_member (inlined)
                                     |          
                                      --10.58%--SQJitWriteLog::RecordMember
                                                |          
                                                |--7.73%--SQJitWriteLog::ContainsMember<false> (inlined)
                                                |          |          
                                                |           --3.96%--SQJitWriteLog::ContainsMember<false>(SQObjectPtr const&, SQObjectPtr const&, SQObjectPtr const&) const::{lambda(SQJitWriteLog::Entry const&)#1}::operator() (inlined)
                                                |          
                                                 --2.47%--SQJitWriteLog::CanRelease

    18.09%    13.92%  sqgi     sqgi                          [.] SQJitWriteLog::RecordMember
            |          
            |--7.72%--0xffff98d134d3
            |          0xffff98d134d3
            |          sqjit_a64_helper_member_set_integer_logged
            |          sqjit_a64_store_resolved_member (inlined)
            |          SQJitWriteLog::RecordMember
            |          |          
            |           --7.35%--SQJitWriteLog::ContainsMember<false> (inlined)
            |                     |          
            |                      --3.96%--SQJitWriteLog::ContainsMember<false>(SQObjectPtr const&, SQObjectPtr const&, SQObjectPtr const&) const::{lambda(SQJitWriteLog::Entry const&)#1}::operator() (inlined)
            |          
            |--6.20%--0xffff98d133c3
            |          0xffff98d133c3
            |          sqjit_a64_helper_member_set_integer_logged
            |          sqjit_a64_store_resolved_member (inlined)
            |          SQJitWriteLog::RecordMember
            |          |          
            |           --6.02%--SQJitWriteLog::ContainsMember<false> (inlined)
            |                     |          
            |                      --2.82%--SQJitWriteLog::ContainsMember<false>(SQObjectPtr const&, SQObjectPtr const&, SQObjectPtr const&) const::{lambda(SQJitWriteLog::Entry const&)#1}::operator() (inlined)
            |          
             --4.17%--SQJitWriteLog::RecordMember
                       |          
                        --3.21%--SQJitWriteLog::CanRelease

    14.14%     0.00%  sqgi     sqgi                          [.] SQJitWriteLog::ContainsMember<false> (inlined)
            |
            ---SQJitWriteLog::ContainsMember<false> (inlined)
               |          
                --6.78%--SQJitWriteLog::ContainsMember<false>(SQObjectPtr const&, SQObjectPtr const&, SQObjectPtr const&) const::{lambda(SQJitWriteLog::Entry const&)#1}::operator() (inlined)

    12.50%     0.00%  sqgi     [JIT] tid 737805              [.] 0x0000ffff98d1618b
            |
            ---0xffff98d1618b
               |          
                --6.26%--0xffff98d1618b
                          sqjit_a64_helper_member_closure_guard
                          |          
                          |--3.58%--sqjit_a64_borrow_member_value_with_root (inlined)
                          |          |          
                          |           --2.82%--sqjit_a64_helper_member_closure_guard
                          |                     sqjit_a64_borrow_member_ptr_value
                          |                     |          
                          |                      --2.30%--SQTable::GetRawSlot (inlined)
                          |          
                           --2.29%--sqjit_a64_helper_member_closure_guard
                                     sqjit_a64_root_fallback_safe

    11.85%     1.73%  sqgi     sqgi                          [.] sqjit_a64_helper_member_closure_guard
            |          
             --10.12%--sqjit_a64_helper_member_closure_guard
                       |          
                       |--5.32%--sqjit_a64_borrow_member_value_with_root (inlined)
                       |          |          
                       |           --4.55%--sqjit_a64_helper_member_closure_guard
                       |                     sqjit_a64_borrow_member_ptr_value
                       |                     |          
                       |                      --3.26%--SQTable::GetRawSlot (inlined)
                       |                                |          
                       |                                 --2.12%--SQTable::_Get (inlined)
                       |          
                        --4.80%--sqjit_a64_helper_member_closure_guard
                                  sqjit_a64_root_fallback_safe
                                  |          
                                   --3.64%--SQTable::GetRawSlot (inlined)
                                             |          
                                              --2.87%--SQTable::_Get (inlined)

    10.78%     0.00%  sqgi     [JIT] tid 737805              [.] 0x0000ffff98d131b3
            |
            ---0xffff98d131b3
               |          
                --5.97%--0xffff98d131b3
                          sqjit_a64_helper_array_get_object
                          |          
                           --2.78%--SQObjectPtr::operator= (inlined)

    10.57%     0.00%  sqgi     [JIT] tid 737805              [.] 0x0000ffff98d133c3
            |
            ---0xffff98d133c3
               |          
                --8.84%--0xffff98d133c3
                          sqjit_a64_helper_member_set_integer_logged
                          |          
                           --8.08%--sqjit_a64_store_resolved_member (inlined)
                                     |          
                                      --7.51%--SQJitWriteLog::RecordMember
                                                |          
                                                 --6.41%--SQJitWriteLog::ContainsMember<false> (inlined)
                                                           |          
                                                            --2.82%--SQJitWriteLog::ContainsMember<false>(SQObjectPtr const&, SQObjectPtr const&, SQObjectPtr const&) const::{lambda(SQJitWriteLog::Entry const&)#1}::operator() (inlined)

     6.93%     3.08%  sqgi     sqgi                          [.] SQVM::DerefInc
            |          
            |--3.85%--SQVM::DerefInc
            |          
             --3.08%--_start
                       __libc_start_main_impl (inlined)
                       __libc_start_call_main
                       main
                       sq_call
                       SQVM::Execute
                       SQVM::DerefInc

     6.78%     0.00%  sqgi     sqgi                          [.] SQJitWriteLog::ContainsMember<false>(SQObjectPtr const&, SQObjectPtr const&, SQObjectPtr const&) const::{lambda(SQJitWriteLog::Entry const&)#1}::operator() (inlined)
            |
            ---SQJitWriteLog::ContainsMember<false>(SQObjectPtr const&, SQObjectPtr const&, SQObjectPtr const&) const::{lambda(SQJitWriteLog::Entry const&)#1}::operator() (inlined)

     6.74%     0.00%  sqgi     [JIT] tid 737805              [.] 0x0000ffff98d15213
            |
            ---0xffff98d15213
               |          
                --3.28%--0xffff98d15213
                          sqjit_a64_helper_member_closure_guard

     6.54%     0.00%  sqgi     [JIT] tid 737805              [.] 0x0000ffff98d141af
            |
            ---0xffff98d141af
               |          
                --2.31%--0xffff98d141af
                          sqjit_a64_helper_member_closure_guard

     6.36%     1.15%  sqgi     sqgi                          [.] SQVM::Get
            |          
             --5.21%--SQVM::Get
                       |          
                        --3.66%--SQTable::Get

     6.28%     0.00%  sqgi     sqgi                          [.] sqjit_a64_borrow_member_value_with_root (inlined)
            |
            ---sqjit_a64_borrow_member_value_with_root (inlined)
               |          
                --4.55%--sqjit_a64_helper_member_closure_guard
                          sqjit_a64_borrow_member_ptr_value
                          |          
                           --3.26%--SQTable::GetRawSlot (inlined)
                                     |          
                                      --2.12%--SQTable::_Get (inlined)

     5.97%     5.97%  sqgi     sqgi                          [.] sqjit_a64_helper_array_get_object
            |
            ---0xffff98d131b3
               0xffff98d131b3
               sqjit_a64_helper_array_get_object
               |          
                --2.78%--SQObjectPtr::operator= (inlined)

     5.32%     5.32%  sqgi     sqgi                          [.] sqjit_a64_borrow_member_ptr_value
            |          
             --3.20%--0xffff98d1618b
                       0xffff98d1618b
                       sqjit_a64_helper_member_closure_guard
                       sqjit_a64_borrow_member_value_with_root (inlined)
                       |          
                        --2.82%--sqjit_a64_helper_member_closure_guard
                                  sqjit_a64_borrow_member_ptr_value
                                  |          
                                   --2.30%--SQTable::GetRawSlot (inlined)

     4.80%     4.80%  sqgi     sqgi                          [.] sqjit_a64_root_fallback_safe
            |          
             --2.29%--0xffff98d1618b
                       0xffff98d1618b
                       sqjit_a64_helper_member_closure_guard
                       sqjit_a64_helper_member_closure_guard
                       sqjit_a64_root_fallback_safe

     3.66%     3.66%  sqgi     sqgi                          [.] SQTable::Get
            |
            ---_start
               __libc_start_main_impl (inlined)
               __libc_start_call_main
               main
               sq_call
               SQVM::Execute
               |          
                --2.31%--SQVM::Get
                          SQTable::Get

     3.64%     0.00%  sqgi     sqgi                          [.] SQTable::GetRawSlot (inlined)
            |
            ---SQTable::GetRawSlot (inlined)
               |          
                --2.87%--SQTable::_Get (inlined)

     3.26%     0.00%  sqgi     sqgi                          [.] SQTable::GetRawSlot (inlined)
            |
            ---SQTable::GetRawSlot (inlined)
               |          
                --2.12%--SQTable::_Get (inlined)

     3.21%     3.21%  sqgi     sqgi                          [.] SQJitWriteLog::CanRelease
            |          
             --2.47%--0xffff98d134d3
                       0xffff98d134d3
                       sqjit_a64_helper_member_set_integer_logged
                       sqjit_a64_store_resolved_member (inlined)
                       SQJitWriteLog::RecordMember
                       SQJitWriteLog::CanRelease

     2.87%     0.00%  sqgi     sqgi                          [.] SQTable::_Get (inlined)
            |
            ---SQTable::_Get (inlined)

     2.78%     0.00%  sqgi     sqgi                          [.] SQObjectPtr::operator= (inlined)
            |
            ---SQObjectPtr::operator= (inlined)

     2.12%     1.74%  sqgi     sqgi                          [.] sqjit_try_execute_current_loop
     2.12%     0.00%  sqgi     sqgi                          [.] SQTable::_Get (inlined)
            |
            ---SQTable::_Get (inlined)



#
# (Cannot load tips.txt file, please install perf!)
#
