BENCH	route_balanced	200000	0.053855000	300346
BENCH	route_skewed	200000	0.052645000	122121
BENCH	pricing_events	200000	0.057760000	636940
BENCH	filter_stream	200000	0.056375000	10704.521037291815
BENCH	records_64	200000	0.140225000	599323
BENCH	records_4096	200000	0.236555000	385702
BENCH	word_count	200000	0.267600000	116910
BENCH	graph_walk	200000	0.012600000	386354
BENCH	route_balanced	200000	0.053935000	300346
BENCH	route_skewed	200000	0.052520000	122121
BENCH	pricing_events	200000	0.057805000	636940
BENCH	filter_stream	200000	0.055920000	10704.521037291815
BENCH	records_64	200000	0.131470000	599323
BENCH	records_4096	200000	0.238930000	385702
BENCH	word_count	200000	0.267255000	116910
BENCH	graph_walk	200000	0.012350000	386354
BENCH	route_balanced	200000	0.053830000	300346
BENCH	route_skewed	200000	0.052560000	122121
BENCH	pricing_events	200000	0.058085000	636940
BENCH	filter_stream	200000	0.056145000	10704.521037291815
BENCH	records_64	200000	0.134310000	599323
BENCH	records_4096	200000	0.238975000	385702
BENCH	word_count	200000	0.267920000	116910
BENCH	graph_walk	200000	0.012445000	386354
1100.55;msec;task-clock:u;0.49%;1100546034;100.00;0.998;CPUs utilized
2444253166;;cycles:u;0.51%;1100623909;100.00;2.230;GHz
5987018708;;instructions:u;0.08%;1100623909;100.00;2.47;insn per cycle
5754448;;branch-misses:u;2.70%;1100623909;100.00;;
2244355804;;cache-references:u;0.13%;1100623909;100.00;2.048;G/sec
19902143;;cache-misses:u;3.67%;1100623909;100.00;0.888;of all cache refs
3867;;page-faults:u;0.02%;1100546034;100.00;3.528;K/sec
0;;context-switches:u;0.00%;1100546034;100.00;0.000;/sec
