JIT_CAPTURE_BREAKPOINT -1
[Thread debugging using libthread_db enabled]
Using host libthread_db library "/lib/aarch64-linux-gnu/libthread_db.so.1".
JIT_CAPTURE recycle frame 0xfffff7f84000 8192
BENCH	table_owners_1	1003	1.562313061	615764.25
BENCH	table_owners_2	1003	1.546360917	616780.25
BENCH	table_owners_5	1003	1.565304088	613838.25
BENCH	table_owners_19	1003	2.238285145	618610.25
BENCH	table_owners_257	1003	2.616151545	749599.25
BENCH	class_owners_1	1003	2.361914257	615764.25
BENCH	class_owners_2	1003	2.478564307	616780.25
BENCH	class_owners_5	1003	2.230309073	613838.25
BENCH	class_owners_19	1003	2.225324028	618610.25
BENCH	class_owners_257	1003	2.673978066	749599.25
[Inferior 1 (process 738359) exited normally]
[Thread debugging using libthread_db enabled]
Using host libthread_db library "/lib/aarch64-linux-gnu/libthread_db.so.1".
JIT_CAPTURE transfer frame 0xfffff7f85000 4096
JIT_CAPTURE publish frame 0xfffff7f84000 4096
BENCH	transfer_table	1003	1241.287138584	121851
BENCH	transfer_class	1003	1211.120638086	121851
BENCH	transfer_mixed	1003	1308.278165503	121851
BENCH	publish_table	1003	1123.814556331	133577
BENCH	publish_class	1003	1090.290129611	133577
BENCH	publish_mixed	1003	1090.999002991	133577
[Inferior 1 (process 738361) exited normally]
[Thread debugging using libthread_db enabled]
Using host libthread_db library "/lib/aarch64-linux-gnu/libthread_db.so.1".
JIT_CAPTURE table_apply frame 0xfffff7f85000 4096
JIT_CAPTURE apply frame 0xfffff7f84000 4096
BENCH	table_events_97	1003	1199.492522433	140378
BENCH	class_events_97	1003	1221.629112662	140378
BENCH	buffers_7	1003	1.705882353	944693
BENCH	buffers_31	1003	1.826520439	861874
BENCH	calibrate_17	1003	1.470588235	5140.09375
BENCH	calibrate_67	1003	1.666999003	5049
[Inferior 1 (process 738473) exited normally]
JIT_CAPTURE_VERIFIED five canonical-frame functions
