BENCH	filter	200000	0.013410000	10.254364576940203
BENCH	channels_4	200000	0.035165000	20.621658757381574
BENCH	pressure_8	200000	0.093845000	30.900920683591639
BENCH	integration	200000	0.022595000	1562.9738403896752
BENCH	retained_input	200000	0.024325000	399985.55383443867
BENCH	branching	200000	0.018075000	1.6005902475563216
BENCH	helper_control	200000	0.019365000	3.7152600782050693
BENCH	filter	200000	0.013415000	10.254364576940203
BENCH	channels_4	200000	0.035025000	20.621658757381574
BENCH	pressure_8	200000	0.093895000	30.900920683591639
BENCH	integration	200000	0.022535000	1562.9738403896752
BENCH	retained_input	200000	0.024420000	399985.55383443867
BENCH	branching	200000	0.017970000	1.6005902475563216
BENCH	helper_control	200000	0.019375000	3.7152600782050693
BENCH	filter	200000	0.013440000	10.254364576940203
BENCH	channels_4	200000	0.035115000	20.621658757381574
BENCH	pressure_8	200000	0.093850000	30.900920683591639
BENCH	integration	200000	0.022725000	1562.9738403896752
BENCH	retained_input	200000	0.024430000	399985.55383443867
BENCH	branching	200000	0.017980000	1.6005902475563216
BENCH	helper_control	200000	0.019435000	3.7152600782050693
343.02;msec;task-clock:u;1.17%;343021789;100.00;0.963;CPUs utilized
746281036;;cycles:u;0.19%;343090328;100.00;2.131;GHz
1233360662;;instructions:u;0.00%;343090328;100.00;1.66;insn per cycle
159859;;branch-misses:u;1.04%;343090328;100.00;;
331566850;;cache-references:u;0.00%;343090328;100.00;946.831;M/sec
247208;;cache-misses:u;1.05%;343090328;100.00;0.075;of all cache refs
791;;page-faults:u;0.04%;343021789;100.00;2.259;K/sec
0;;context-switches:u;0.00%;343021789;100.00;0.000;/sec
