# To display the perf.data header info, please use --header/--header-only options.
#
#
# Total Lost Samples: 0
#
# Samples: 193  of event 'cycles:u'
# Event count (approx.): 743117794
#
# Children      Self  Command  Shared Object            Symbol                                                                        
# ........  ........  .......  .......................  ..............................................................................
#
    40.45%     0.00%  sqgi     [JIT] tid 738005         [.] 0x0000ffff8ca3db97
            |
            ---0xffff8ca3db97
               |          
               |--7.36%--0xffff8ca3d838
               |          
               |--7.35%--0xffff8ca3d4e8
               |          
               |--5.52%--0xffff8ca3d690
               |          
               |--5.52%--0xffff8ca3d414
               |          
                --3.68%--0xffff8ca3d764

    15.15%     0.00%  sqgi     [JIT] tid 738005         [.] 0x0000ffff8ca3e70b
            |
            ---0xffff8ca3e70b
               |          
                --3.63%--0xffff8ca3e244

     9.81%     0.00%  sqgi     [JIT] tid 738005         [.] 0x0000ffff8ca3b53b
            |
            ---0xffff8ca3b53b
               |          
                --3.68%--0xffff8ca3b198

     9.79%     0.00%  sqgi     [JIT] tid 738005         [.] 0x0000ffff8ca3c47f
            |
            ---0xffff8ca3c47f
               |          
                --4.29%--0xffff8ca3c1e4

     7.96%     0.00%  sqgi     [JIT] tid 738005         [.] 0x0000ffff8ca3a407
            |
            ---0xffff8ca3a407
               |          
                --3.06%--0xffff8ca3a2a0

     7.95%     0.00%  sqgi     [JIT] tid 738005         [.] 0x0000ffff8ca39207
            |
            ---0xffff8ca39207
               |          
                --6.11%--0xffff8ca39164

     7.36%     7.36%  sqgi     [JIT] tid 738005         [.] 0x0000ffff8ca3d838
            |
            ---0xffff8ca3db97
               0xffff8ca3d838

     7.35%     7.35%  sqgi     [JIT] tid 738005         [.] 0x0000ffff8ca3d4e8
            |
            ---0xffff8ca3db97
               0xffff8ca3d4e8

     6.11%     6.11%  sqgi     [JIT] tid 738005         [.] 0x0000ffff8ca39164
            |
            ---0xffff8ca39207
               0xffff8ca39164

     5.85%     0.00%  sqgi     [JIT] tid 738005         [.] 0x0000ffff8ca3f347
            |
            ---0xffff8ca3f347
               |          
                --4.13%--0xffff8ca3f164

     5.52%     5.52%  sqgi     [JIT] tid 738005         [.] 0x0000ffff8ca3d690
            |
            ---0xffff8ca3db97
               0xffff8ca3d690

     5.52%     5.52%  sqgi     [JIT] tid 738005         [.] 0x0000ffff8ca3d414
            |
            ---0xffff8ca3db97
               0xffff8ca3d414

     4.29%     4.29%  sqgi     [JIT] tid 738005         [.] 0x0000ffff8ca3c1e4
            |
            ---0xffff8ca3c47f
               0xffff8ca3c1e4

     4.13%     4.13%  sqgi     [JIT] tid 738005         [.] 0x0000ffff8ca3f164
            |
            ---0xffff8ca3f347
               0xffff8ca3f164

     3.68%     3.68%  sqgi     [JIT] tid 738005         [.] 0x0000ffff8ca3b198
            |
            ---0xffff8ca3b53b
               0xffff8ca3b198

     3.68%     3.68%  sqgi     [JIT] tid 738005         [.] 0x0000ffff8ca3d764
            |
            ---0xffff8ca3db97
               0xffff8ca3d764

     3.63%     3.63%  sqgi     [JIT] tid 738005         [.] 0x0000ffff8ca3e244
            |
            ---0xffff8ca3e70b
               0xffff8ca3e244

     3.06%     3.06%  sqgi     [JIT] tid 738005         [.] 0x0000ffff8ca3a2a0
            |
            ---0xffff8ca3a407
               0xffff8ca3a2a0



#
# (Cannot load tips.txt file, please install perf!)
#
