# To display the perf.data header info, please use --header/--header-only options.
#
#
# Total Lost Samples: 0
#
# Samples: 2K of event 'cycles:u'
# Event count (approx.): 9733592793
#
# Children      Self  Command  Shared Object               Symbol                                           
# ........  ........  .......  ..........................  .................................................
#
    28.44%     0.00%  sqgi     libc.so.6                   [.] __libc_start_call_main
            |
            ---__libc_start_call_main
               __libc_start_call_main
               main
               |          
                --28.36%--sq_call
                          SQVM::Execute
                          |          
                          |--2.34%--sq_member_cache_hit (inlined)
                          |          
                           --2.06%--SQObjectPtr::operator= (inlined)

    28.44%     0.00%  sqgi     sqgi                        [.] main
            |
            ---main
               |          
                --28.36%--sq_call
                          SQVM::Execute
                          |          
                          |--2.34%--sq_member_cache_hit (inlined)
                          |          
                           --2.06%--SQObjectPtr::operator= (inlined)

    28.36%    22.22%  sqgi     sqgi                        [.] SQVM::Execute
            |          
            |--22.22%--__libc_start_call_main
            |          __libc_start_call_main
            |          main
            |          sq_call
            |          SQVM::Execute
            |          |          
            |          |--2.25%--sq_member_cache_hit (inlined)
            |          |          
            |           --2.06%--SQObjectPtr::operator= (inlined)
            |          
             --6.14%--SQVM::Execute

    28.36%     0.00%  sqgi     sqgi                        [.] sq_call
            |
            ---sq_call
               SQVM::Execute
               |          
               |--2.34%--sq_member_cache_hit (inlined)
               |          
                --2.06%--SQObjectPtr::operator= (inlined)

    11.58%     0.00%  sqgi     [JIT] tid 737714            [.] 0x0000ffffbab323af
            |
            ---0xffffbab323af
               |          
                --9.85%--0xffffbab32164

     9.85%     9.85%  sqgi     [JIT] tid 737714            [.] 0x0000ffffbab32164
            |
            ---0xffffbab323af
               0xffffbab32164

     9.66%     0.00%  sqgi     [JIT] tid 737714            [.] 0x0000ffffbab313db
            |
            ---0xffffbab313db
               |          
                --6.42%--0xffffbab31164

     8.58%     0.00%  sqgi     [JIT] tid 737714            [.] 0x0000ffffbab2f043
            |
            ---0xffffbab2f043
               |          
                --2.91%--0xffffbab2f230

     6.88%     0.00%  sqgi     [JIT] tid 737714            [.] 0x0000ffffbab1d32b
            |
            ---0xffffbab1d32b

     6.42%     6.42%  sqgi     [JIT] tid 737714            [.] 0x0000ffffbab31164
            |
            ---0xffffbab313db
               0xffffbab31164

     5.63%     0.00%  sqgi     [JIT] tid 737714            [.] 0x0000ffffbab30313
            |
            ---0xffffbab30313
               |          
                --4.92%--0xffffbab30164

     4.92%     4.92%  sqgi     [JIT] tid 737714            [.] 0x0000ffffbab30164
            |
            ---0xffffbab30313
               0xffffbab30164

     3.37%     3.37%  sqgi     [JIT] tid 737714            [.] 0x0000ffffbab2f230
            |          
             --2.91%--0xffffbab2f043
                       0xffffbab2f230

     3.28%     0.00%  sqgi     [JIT] tid 737714            [.] 0x0000ffffbab2010f
            |
            ---0xffffbab2010f

     3.23%     1.69%  sqgi     sqgi                        [.] sqjit_number_conversion_guard
     3.00%     3.00%  sqgi     sqgi                        [.] SQTable::Get
     2.34%     0.00%  sqgi     sqgi                        [.] sq_member_cache_hit (inlined)
            |
            ---sq_member_cache_hit (inlined)

     2.34%     0.00%  sqgi     sqgi                        [.] SQObjectPtr::operator= (inlined)
            |
            ---SQObjectPtr::operator= (inlined)

     2.20%     2.20%  sqgi     [JIT] tid 737714            [.] 0x0000ffffbab2f1c0
     2.15%     0.00%  sqgi     [JIT] tid 737714            [.] 0x0000ffffbab3511b
            |
            ---0xffffbab3511b

     2.06%     0.00%  sqgi     [JIT] tid 737714            [.] 0x0000ffffbab3413b
            |
            ---0xffffbab3413b



#
# (Cannot load tips.txt file, please install perf!)
#
