BENCH	direct_call	3200000	0.025721	563347
BENCH	branch_call	3200000	0.021416	599062
BENCH	float_call	3200000	0.012462	8.2204724409448815
BENCH	numeric_loop	3200000	0.022901	612398470
BENCH	vector	160000	0.364969	0.12553851953971693
BENCH	dynamic_member	160000	0.745919	7261462
BENCH	dynamic_key_get_set	160000	0.183056	6566091
BENCH	object_member_write_fallback	160000	0.471869	595919
BENCH	array_append	160000	0.132812	3048687
BENCH	array_write	160000	0.037094	831988
BENCH	array_read	3200000	0.007100	8000000
BENCH	array_float	3200000	0.006822	6400000
BENCH	math_intrinsic	160000	0.113269	2418270.8295144332
BENCH	math_variable	160000	0.228569	313782.39947747899
BENCH	matrix	160000	0.310800	-0.024510798820940455
BENCH	direct_call	3200000	0.025725	563347
BENCH	branch_call	3200000	0.021412	599062
BENCH	float_call	3200000	0.012460	8.2204724409448815
BENCH	numeric_loop	3200000	0.022871	612398470
BENCH	vector	160000	0.365419	0.12553851953971693
BENCH	dynamic_member	160000	0.743862	7261462
BENCH	dynamic_key_get_set	160000	0.183119	6566091
BENCH	object_member_write_fallback	160000	0.473075	595919
BENCH	array_append	160000	0.132362	3048687
BENCH	array_write	160000	0.037038	831988
BENCH	array_read	3200000	0.007098	8000000
BENCH	array_float	3200000	0.006793	6400000
BENCH	math_intrinsic	160000	0.111456	2418270.8295144332
BENCH	math_variable	160000	0.226837	313782.39947747899
BENCH	matrix	160000	0.311550	-0.024510798820940455
BENCH	direct_call	3200000	0.025714	563347
BENCH	branch_call	3200000	0.021367	599062
BENCH	float_call	3200000	0.012405	8.2204724409448815
BENCH	numeric_loop	3200000	0.022884	612398470
BENCH	vector	160000	0.377050	0.12553851953971693
BENCH	dynamic_member	160000	0.725331	7261462
BENCH	dynamic_key_get_set	160000	0.182863	6566091
BENCH	object_member_write_fallback	160000	0.473938	595919
BENCH	array_append	160000	0.132700	3048687
BENCH	array_write	160000	0.036600	831988
BENCH	array_read	3200000	0.007108	8000000
BENCH	array_float	3200000	0.006789	6400000
BENCH	math_intrinsic	160000	0.111162	2418270.8295144332
BENCH	math_variable	160000	0.226369	313782.39947747899
BENCH	matrix	160000	0.311644	-0.024510798820940455
4328.49;msec;task-clock:u;0.12%;4328493744;100.00;0.996;CPUs utilized
9754368688;;cycles:u;0.10%;4328891279;100.00;2.248;GHz
22025228842;;instructions:u;0.00%;4328891279;100.00;2.25;insn per cycle
3114248;;branch-misses:u;19.23%;4328891279;100.00;;
8945083630;;cache-references:u;0.13%;4328891279;100.00;2.062;G/sec
1236408;;cache-misses:u;0.71%;4328891279;100.00;0.014;of all cache refs
10512;;page-faults:u;0.00%;4328493744;100.00;2.423;K/sec
0;;context-switches:u;0.00%;4328493744;100.00;0.000;/sec
