# To display the perf.data header info, please use --header/--header-only options.
#
#
# Total Lost Samples: 0
#
# Samples: 1K of event 'cycles:u'
# Event count (approx.): 5347413985
#
# Children      Self  Command  Shared Object                 Symbol                                         
# ........  ........  .......  ............................  ...............................................
#
    37.41%     0.00%  sqgi     sqgi                          [.] _start
            |
            ---_start
               __libc_start_main_impl (inlined)
               __libc_start_call_main
               main
               |          
                --37.35%--sq_call
                          SQVM::Execute
                          |          
                          |--7.51%--sqjit_try_execute_current
                          |          |          
                          |           --2.98%--SQVM::Return
                          |          
                          |--2.55%--SQObjectPtr::operator= (inlined)
                          |          
                           --2.14%--sqjit_try_execute_current_loop

    37.41%     0.00%  sqgi     libc.so.6                     [.] __libc_start_main_impl (inlined)
            |
            ---__libc_start_main_impl (inlined)
               __libc_start_call_main
               main
               |          
                --37.35%--sq_call
                          SQVM::Execute
                          |          
                          |--7.51%--sqjit_try_execute_current
                          |          |          
                          |           --2.98%--SQVM::Return
                          |          
                          |--2.55%--SQObjectPtr::operator= (inlined)
                          |          
                           --2.14%--sqjit_try_execute_current_loop

    37.41%     0.00%  sqgi     libc.so.6                     [.] __libc_start_call_main
            |
            ---__libc_start_call_main
               main
               |          
                --37.35%--sq_call
                          SQVM::Execute
                          |          
                          |--7.51%--sqjit_try_execute_current
                          |          |          
                          |           --2.98%--SQVM::Return
                          |          
                          |--2.55%--SQObjectPtr::operator= (inlined)
                          |          
                           --2.14%--sqjit_try_execute_current_loop

    37.41%     0.00%  sqgi     sqgi                          [.] main
            |
            ---main
               |          
                --37.35%--sq_call
                          SQVM::Execute
                          |          
                          |--7.51%--sqjit_try_execute_current
                          |          |          
                          |           --2.98%--SQVM::Return
                          |          
                          |--2.55%--SQObjectPtr::operator= (inlined)
                          |          
                           --2.14%--sqjit_try_execute_current_loop

    37.35%    22.78%  sqgi     sqgi                          [.] SQVM::Execute
            |          
            |--22.78%--_start
            |          __libc_start_main_impl (inlined)
            |          __libc_start_call_main
            |          main
            |          sq_call
            |          SQVM::Execute
            |          |          
            |           --2.55%--SQObjectPtr::operator= (inlined)
            |          
             --14.57%--SQVM::Execute
                       |          
                       |--7.51%--sqjit_try_execute_current
                       |          |          
                       |           --2.98%--SQVM::Return
                       |          
                        --2.14%--sqjit_try_execute_current_loop

    37.35%     0.00%  sqgi     sqgi                          [.] sq_call
            |
            ---sq_call
               SQVM::Execute
               |          
               |--7.51%--sqjit_try_execute_current
               |          |          
               |           --2.98%--SQVM::Return
               |          
               |--2.55%--SQObjectPtr::operator= (inlined)
               |          
                --2.14%--sqjit_try_execute_current_loop

     7.94%     2.76%  sqgi     sqgi                          [.] sqjit_try_execute_current
            |          
            |--5.18%--sqjit_try_execute_current
            |          |          
            |           --2.98%--SQVM::Return
            |          
             --2.76%--_start
                       __libc_start_main_impl (inlined)
                       __libc_start_call_main
                       main
                       sq_call
                       SQVM::Execute
                       sqjit_try_execute_current

     5.88%     5.71%  sqgi     sqgi                          [.] sqjit_a64_precise_step<(SQOpcode)1, false>
            |          
             --2.21%--0xffff91c752cf
                       0xffff91c752cf

     5.54%     0.00%  sqgi     [JIT] tid 737889              [.] 0x0000ffff91c7445f
            |
            ---0xffff91c7445f
               |          
                --2.13%--0xffff91c7445f
                          sqjit_a64_helper_array_set_float_logged

     4.94%     0.00%  sqgi     [JIT] tid 737889              [.] 0x0000ffff91c75bff
            |
            ---0xffff91c75bff

     4.69%     0.00%  sqgi     [JIT] tid 737889              [.] 0x0000ffff91c750ef
            |
            ---0xffff91c750ef
               |          
                --4.43%--0xffff91c750ef
                          sqjit_a64_precise_step<(SQOpcode)29, false>

     4.43%     1.36%  sqgi     sqgi                          [.] sqjit_a64_precise_step<(SQOpcode)29, false>
            |          
             --3.07%--sqjit_a64_precise_step<(SQOpcode)29, false>

     4.26%     0.00%  sqgi     [JIT] tid 737889              [.] 0x0000ffff91c75563
            |
            ---0xffff91c75563
               |          
                --2.30%--0xffff91c75563
                          sqjit_a64_precise_step<(SQOpcode)21, false>

     4.00%     3.92%  sqgi     sqgi                          [.] sqjit_a64_precise_step<(SQOpcode)14, false>
            |          
             --2.13%--0xffff91c78157
                       0xffff91c78157

     3.83%     3.83%  sqgi     sqgi                          [.] SQJitWriteLog::CanReleaseInContext
     3.58%     0.00%  sqgi     [JIT] tid 737889              [.] 0x0000ffff91c78157
            |
            ---0xffff91c78157
               |          
                --2.13%--0xffff91c78157

     3.24%     2.30%  sqgi     sqgi                          [.] sqjit_a64_precise_step<(SQOpcode)13, false>
     3.15%     2.73%  sqgi     sqgi                          [.] sqjit_a64_precise_step<(SQOpcode)8, false>
            |          
             --2.73%--0xffff91c759f3
                       0xffff91c759f3
                       |          
                        --2.39%--sqjit_a64_precise_step<(SQOpcode)8, false>

     3.15%     0.00%  sqgi     [JIT] tid 737889              [.] 0x0000ffff91c759f3
            |
            ---0xffff91c759f3
               0xffff91c759f3
               |          
                --2.39%--sqjit_a64_precise_step<(SQOpcode)8, false>

     2.98%     1.36%  sqgi     sqgi                          [.] SQVM::Return
     2.90%     1.36%  sqgi     sqgi                          [.] SQVM::CMP_OP
     2.89%     1.87%  sqgi     sqgi                          [.] sqjit_number_conversion_guard
     2.81%     0.00%  sqgi     [JIT] tid 737889              [.] 0x0000ffff91c77157
            |
            ---0xffff91c77157

     2.73%     2.38%  sqgi     sqgi                          [.] sqjit_a64_precise_step<(SQOpcode)13, true>
     2.72%     0.00%  sqgi     sqgi                          [.] SQObjectPtr::operator= (inlined)
            |
            ---SQObjectPtr::operator= (inlined)

     2.64%     0.00%  sqgi     sqgi                          [.] sqjit_a64_precise_member<false> (inlined)
            |
            ---sqjit_a64_precise_member<false> (inlined)
               |          
                --2.55%--sq_member_raw_slot (inlined)

     2.64%     0.00%  sqgi     [JIT] tid 737889              [.] 0x0000ffff91c77653
            |
            ---0xffff91c77653

     2.56%     0.00%  sqgi     [JIT] tid 737889              [.] 0x0000ffff91c751d3
            |
            ---0xffff91c751d3
               |          
                --2.30%--0xffff91c751d3
                          sqjit_a64_precise_step<(SQOpcode)4, false>

     2.56%     0.00%  sqgi     [JIT] tid 737889              [.] 0x0000ffff91c76503
            |
            ---0xffff91c76503
               |          
                --2.39%--0xffff91c76503
                          sqjit_a64_precise_step<(SQOpcode)39, false>

     2.56%     0.00%  sqgi     sqgi                          [.] sqjit_a64_precise_prepare_len (inlined)
            |
            ---sqjit_a64_precise_prepare_len (inlined)

     2.55%     0.00%  sqgi     sqgi                          [.] sq_member_raw_slot (inlined)
            |
            ---sq_member_raw_slot (inlined)

     2.55%     0.00%  sqgi     sqgi                          [.] SQTable::GetRawSlot (inlined)
            |
            ---SQTable::GetRawSlot (inlined)

     2.39%     2.04%  sqgi     sqgi                          [.] sqjit_a64_precise_step<(SQOpcode)39, false>
            |          
             --2.04%--0xffff91c76503
                       0xffff91c76503
                       sqjit_a64_precise_step<(SQOpcode)39, false>

     2.30%     2.30%  sqgi     sqgi                          [.] sqjit_a64_precise_step<(SQOpcode)4, false>
            |
            ---0xffff91c751d3
               0xffff91c751d3
               sqjit_a64_precise_step<(SQOpcode)4, false>

     2.30%     2.04%  sqgi     sqgi                          [.] sqjit_a64_precise_step<(SQOpcode)21, false>
            |          
             --2.04%--0xffff91c75563
                       0xffff91c75563
                       sqjit_a64_precise_step<(SQOpcode)21, false>

     2.30%     0.00%  sqgi     [JIT] tid 737889              [.] 0x0000ffff91c75a13
            |
            ---0xffff91c75a13

     2.30%     0.00%  sqgi     [JIT] tid 737889              [.] 0x0000ffff91c752cf
            |
            ---0xffff91c752cf
               0xffff91c752cf

     2.14%     1.19%  sqgi     sqgi                          [.] sqjit_try_execute_current_loop
     2.13%     0.94%  sqgi     sqgi                          [.] sqjit_a64_helper_array_set_float_logged
     2.04%     0.00%  sqgi     [JIT] tid 737889              [.] 0x0000ffff91c754cf
            |
            ---0xffff91c754cf



#
# (Cannot load tips.txt file, please install perf!)
#
