BENCH	table_events_97	200000	0.417465000	10069540
BENCH	class_events_97	200000	0.417990000	10069540
BENCH	buffers_7	200000	0.334515000	65667
BENCH	buffers_31	200000	0.333580000	651677
BENCH	calibrate_17	200000	0.084515000	1040538.515625
BENCH	calibrate_67	200000	0.085490000	1040417.796875
BENCH	table_events_97	200000	0.415905000	10069540
BENCH	class_events_97	200000	0.423605000	10069540
BENCH	buffers_7	200000	0.333780000	65667
BENCH	buffers_31	200000	0.332910000	651677
BENCH	calibrate_17	200000	0.084180000	1040538.515625
BENCH	calibrate_67	200000	0.084685000	1040417.796875
BENCH	table_events_97	200000	0.418720000	10069540
BENCH	class_events_97	200000	0.418805000	10069540
BENCH	buffers_7	200000	0.333890000	65667
BENCH	buffers_31	200000	0.334155000	651677
BENCH	calibrate_17	200000	0.084390000	1040538.515625
BENCH	calibrate_67	200000	0.084785000	1040417.796875
2368.64;msec;task-clock:u;0.14%;2368643331;100.00;0.996;CPUs utilized
5363479989;;cycles:u;0.06%;2368860023;100.00;2.262;GHz
15541399774;;instructions:u;0.00%;2368860023;100.00;2.90;insn per cycle
3344418;;branch-misses:u;0.24%;2368860023;100.00;;
6151459123;;cache-references:u;0.02%;2368860023;100.00;2.595;G/sec
5429173;;cache-misses:u;1.77%;2368860023;100.00;0.088;of all cache refs
812;;page-faults:u;0.04%;2368643331;100.00;342.490;/sec
0;;context-switches:u;0.00%;2368643331;100.00;0.000;/sec
