BENCH	transfer_table	200000	0.404290000	141925
BENCH	transfer_class	200000	0.417920000	141925
BENCH	transfer_mixed	200000	0.419645000	141925
BENCH	publish_table	200000	0.359745000	410680
BENCH	publish_class	200000	0.369745000	410680
BENCH	publish_mixed	200000	0.370905000	410680
BENCH	transfer_table	200000	0.406415000	141925
BENCH	transfer_class	200000	0.419895000	141925
BENCH	transfer_mixed	200000	0.422240000	141925
BENCH	publish_table	200000	0.360460000	410680
BENCH	publish_class	200000	0.371035000	410680
BENCH	publish_mixed	200000	0.372580000	410680
BENCH	transfer_table	200000	0.403930000	141925
BENCH	transfer_class	200000	0.417945000	141925
BENCH	transfer_mixed	200000	0.420570000	141925
BENCH	publish_table	200000	0.359185000	410680
BENCH	publish_class	200000	0.369175000	410680
BENCH	publish_mixed	200000	0.371000000	410680
3299.35;msec;task-clock:u;0.13%;3299352283;100.00;0.996;CPUs utilized
7500491916;;cycles:u;0.15%;3299660576;100.00;2.268;GHz
21781421488;;instructions:u;0.00%;3299660576;100.00;2.90;insn per cycle
2316970;;branch-misses:u;1.94%;3299660576;100.00;;
8975072655;;cache-references:u;0.01%;3299660576;100.00;2.714;G/sec
357789;;cache-misses:u;16.12%;3299660576;100.00;0.004;of all cache refs
794;;page-faults:u;0.08%;3299352283;100.00;240.080;/sec
0;;context-switches:u;0.00%;3299352283;100.00;0.000;/sec
