# To display the perf.data header info, please use --header/--header-only options.
#
#
# Total Lost Samples: 0
#
# Samples: 1K of event 'cycles:u'
# Event count (approx.): 7495207529
#
# Children      Self  Command  Shared Object            Symbol                                         
# ........  ........  .......  .......................  ...............................................
#
    80.46%     0.00%  sqgi     sqgi                     [.] _start
            |
            ---_start
               __libc_start_main_impl (inlined)
               __libc_start_call_main
               main
               sq_call
               SQVM::Execute
               |          
               |--13.15%--sqjit_try_execute_current
               |          |          
               |           --5.35%--SQVM::Return
               |                     |          
               |                      --2.13%--SQVM::LeaveFrame
               |          
               |--5.59%--SQObjectPtr::operator= (inlined)
               |          
               |--4.86%--sqjit_try_execute_current_loop
               |          
               |--4.07%--SQArray::Get (inlined)
               |          |          
               |           --3.22%--SQArray::Get (inlined)
               |          
               |--3.55%--SQVM::StartCall
               |          
               |--2.86%--SQVM::CMP_OP
               |          |          
               |           --2.07%--SQVM::ObjCmp
               |          
                --2.12%--sqjit_try_execute_closure

    80.46%     0.00%  sqgi     libc.so.6                [.] __libc_start_main_impl (inlined)
            |
            ---__libc_start_main_impl (inlined)
               __libc_start_call_main
               main
               sq_call
               SQVM::Execute
               |          
               |--13.15%--sqjit_try_execute_current
               |          |          
               |           --5.35%--SQVM::Return
               |                     |          
               |                      --2.13%--SQVM::LeaveFrame
               |          
               |--5.59%--SQObjectPtr::operator= (inlined)
               |          
               |--4.86%--sqjit_try_execute_current_loop
               |          
               |--4.07%--SQArray::Get (inlined)
               |          |          
               |           --3.22%--SQArray::Get (inlined)
               |          
               |--3.55%--SQVM::StartCall
               |          
               |--2.86%--SQVM::CMP_OP
               |          |          
               |           --2.07%--SQVM::ObjCmp
               |          
                --2.12%--sqjit_try_execute_closure

    80.46%     0.00%  sqgi     libc.so.6                [.] __libc_start_call_main
            |
            ---__libc_start_call_main
               main
               sq_call
               SQVM::Execute
               |          
               |--13.15%--sqjit_try_execute_current
               |          |          
               |           --5.35%--SQVM::Return
               |                     |          
               |                      --2.13%--SQVM::LeaveFrame
               |          
               |--5.59%--SQObjectPtr::operator= (inlined)
               |          
               |--4.86%--sqjit_try_execute_current_loop
               |          
               |--4.07%--SQArray::Get (inlined)
               |          |          
               |           --3.22%--SQArray::Get (inlined)
               |          
               |--3.55%--SQVM::StartCall
               |          
               |--2.86%--SQVM::CMP_OP
               |          |          
               |           --2.07%--SQVM::ObjCmp
               |          
                --2.12%--sqjit_try_execute_closure

    80.46%    50.28%  sqgi     sqgi                     [.] SQVM::Execute
            |          
            |--50.28%--_start
            |          __libc_start_main_impl (inlined)
            |          __libc_start_call_main
            |          main
            |          sq_call
            |          SQVM::Execute
            |          |          
            |          |--5.59%--SQObjectPtr::operator= (inlined)
            |          |          
            |           --4.07%--SQArray::Get (inlined)
            |                     |          
            |                      --3.22%--SQArray::Get (inlined)
            |          
             --30.18%--SQVM::Execute
                       |          
                       |--13.15%--sqjit_try_execute_current
                       |          |          
                       |           --5.35%--SQVM::Return
                       |                     |          
                       |                      --2.13%--SQVM::LeaveFrame
                       |          
                       |--4.86%--sqjit_try_execute_current_loop
                       |          
                       |--3.55%--SQVM::StartCall
                       |          
                       |--2.86%--SQVM::CMP_OP
                       |          |          
                       |           --2.07%--SQVM::ObjCmp
                       |          
                        --2.12%--sqjit_try_execute_closure

    80.46%     0.00%  sqgi     sqgi                     [.] main
            |
            ---main
               sq_call
               SQVM::Execute
               |          
               |--13.15%--sqjit_try_execute_current
               |          |          
               |           --5.35%--SQVM::Return
               |                     |          
               |                      --2.13%--SQVM::LeaveFrame
               |          
               |--5.59%--SQObjectPtr::operator= (inlined)
               |          
               |--4.86%--sqjit_try_execute_current_loop
               |          
               |--4.07%--SQArray::Get (inlined)
               |          |          
               |           --3.22%--SQArray::Get (inlined)
               |          
               |--3.55%--SQVM::StartCall
               |          
               |--2.86%--SQVM::CMP_OP
               |          |          
               |           --2.07%--SQVM::ObjCmp
               |          
                --2.12%--sqjit_try_execute_closure

    80.46%     0.00%  sqgi     sqgi                     [.] sq_call
            |
            ---sq_call
               SQVM::Execute
               |          
               |--13.15%--sqjit_try_execute_current
               |          |          
               |           --5.35%--SQVM::Return
               |                     |          
               |                      --2.13%--SQVM::LeaveFrame
               |          
               |--5.59%--SQObjectPtr::operator= (inlined)
               |          
               |--4.86%--sqjit_try_execute_current_loop
               |          
               |--4.07%--SQArray::Get (inlined)
               |          |          
               |           --3.22%--SQArray::Get (inlined)
               |          
               |--3.55%--SQVM::StartCall
               |          
               |--2.86%--SQVM::CMP_OP
               |          |          
               |           --2.07%--SQVM::ObjCmp
               |          
                --2.12%--sqjit_try_execute_closure

    13.45%     5.13%  sqgi     sqgi                     [.] sqjit_try_execute_current
            |          
            |--8.33%--sqjit_try_execute_current
            |          |          
            |           --5.35%--SQVM::Return
            |                     |          
            |                      --2.13%--SQVM::LeaveFrame
            |          
             --5.13%--_start
                       __libc_start_main_impl (inlined)
                       __libc_start_call_main
                       main
                       sq_call
                       SQVM::Execute
                       sqjit_try_execute_current

     8.51%     0.00%  sqgi     [JIT] tid 737964         [.] 0x0000ffff81a7f243
            |
            ---0xffff81a7f243

     6.87%     0.00%  sqgi     sqgi                     [.] SQObjectPtr::operator= (inlined)
            |
            ---SQObjectPtr::operator= (inlined)

     6.81%     0.00%  sqgi     [JIT] tid 737964         [.] 0x0000ffff81a7e047
            |
            ---0xffff81a7e047

     5.35%     3.22%  sqgi     sqgi                     [.] SQVM::Return
            |          
            |--3.22%--_start
            |          __libc_start_main_impl (inlined)
            |          __libc_start_call_main
            |          main
            |          sq_call
            |          SQVM::Execute
            |          sqjit_try_execute_current
            |          SQVM::Return
            |          
             --2.13%--SQVM::Return
                       SQVM::LeaveFrame

     4.86%     3.83%  sqgi     sqgi                     [.] sqjit_try_execute_current_loop
            |          
             --3.83%--_start
                       __libc_start_main_impl (inlined)
                       __libc_start_call_main
                       main
                       sq_call
                       SQVM::Execute
                       sqjit_try_execute_current_loop

     4.07%     0.00%  sqgi     sqgi                     [.] SQArray::Get (inlined)
            |
            ---SQArray::Get (inlined)
               |          
                --3.22%--SQArray::Get (inlined)

     3.55%     2.43%  sqgi     sqgi                     [.] SQVM::StartCall
            |          
             --2.43%--_start
                       __libc_start_main_impl (inlined)
                       __libc_start_call_main
                       main
                       sq_call
                       SQVM::Execute
                       SQVM::StartCall

     2.86%     0.79%  sqgi     sqgi                     [.] SQVM::CMP_OP
            |          
             --2.07%--SQVM::CMP_OP
                       SQVM::ObjCmp

     2.72%     0.00%  sqgi     [JIT] tid 737964         [.] 0x0000ffff81a7f047
            |
            ---0xffff81a7f047

     2.13%     2.13%  sqgi     sqgi                     [.] SQVM::LeaveFrame
            |
            ---_start
               __libc_start_main_impl (inlined)
               __libc_start_call_main
               main
               sq_call
               SQVM::Execute
               sqjit_try_execute_current
               SQVM::Return
               SQVM::LeaveFrame

     2.12%     2.05%  sqgi     sqgi                     [.] sqjit_try_execute_closure
            |          
             --2.05%--_start
                       __libc_start_main_impl (inlined)
                       __libc_start_call_main
                       main
                       sq_call
                       SQVM::Execute
                       sqjit_try_execute_closure

     2.07%     2.07%  sqgi     sqgi                     [.] SQVM::ObjCmp
            |
            ---_start
               __libc_start_main_impl (inlined)
               __libc_start_call_main
               main
               sq_call
               SQVM::Execute
               SQVM::CMP_OP
               SQVM::ObjCmp



#
# (Cannot load tips.txt file, please install perf!)
#
