# To display the perf.data header info, please use --header/--header-only options.
#
#
# Total Lost Samples: 0
#
# Samples: 897  of event 'cycles:u'
# Event count (approx.): 3950584195
#
# Children      Self  Command  Shared Object                 Symbol                                        
# ........  ........  .......  ............................  ..............................................
#
    99.41%     0.00%  sqgi     [JIT] tid 737933              [.] 0x0000ffff986d6e9f
            |
            ---0xffff986d6e9f
               |          
               |--14.03%--0xffff986d6e9f
               |          sqjit_a64_precise_step<(SQOpcode)4, false>
               |          |          
               |          |--2.76%--SQObjectPtr::operator= (inlined)
               |          |          
               |           --2.08%--sqjit_a64_precise_step<(SQOpcode)4, false>
               |          
               |--2.85%--0xffff986d76c0
               |          
                --2.65%--0xffff986d6498

    14.03%    12.41%  sqgi     sqgi                          [.] sqjit_a64_precise_step<(SQOpcode)4, false>
            |          
             --12.41%--0xffff986d6e9f
                       0xffff986d6e9f
                       sqjit_a64_precise_step<(SQOpcode)4, false>
                       |          
                        --2.76%--SQObjectPtr::operator= (inlined)

     2.85%     2.85%  sqgi     [JIT] tid 737933              [.] 0x0000ffff986d76c0
            |
            ---0xffff986d6e9f
               0xffff986d76c0

     2.76%     0.00%  sqgi     sqgi                          [.] SQObjectPtr::operator= (inlined)
            |
            ---SQObjectPtr::operator= (inlined)

     2.65%     2.65%  sqgi     [JIT] tid 737933              [.] 0x0000ffff986d6498
            |
            ---0xffff986d6e9f
               0xffff986d6498



#
# (Cannot load tips.txt file, please install perf!)
#
