BENCH	table_owners_1	200000	0.122630000	5098276961
BENCH	table_owners_2	200000	0.123445000	5098477602
BENCH	table_owners_5	200000	0.123355000	5097878556
BENCH	table_owners_19	200000	0.123115000	5098684496
BENCH	table_owners_257	200000	0.122985000	5100408060
BENCH	class_owners_1	200000	0.123410000	5098276961
BENCH	class_owners_2	200000	0.123305000	5098477602
BENCH	class_owners_5	200000	0.123455000	5097878556
BENCH	class_owners_19	200000	0.123415000	5098684496
BENCH	class_owners_257	200000	0.123700000	5100408060
BENCH	table_owners_1	200000	0.123345000	5098276961
BENCH	table_owners_2	200000	0.123920000	5098477602
BENCH	table_owners_5	200000	0.124325000	5097878556
BENCH	table_owners_19	200000	0.124370000	5098684496
BENCH	table_owners_257	200000	0.124075000	5100408060
BENCH	class_owners_1	200000	0.123780000	5098276961
BENCH	class_owners_2	200000	0.123790000	5098477602
BENCH	class_owners_5	200000	0.123745000	5097878556
BENCH	class_owners_19	200000	0.124005000	5098684496
BENCH	class_owners_257	200000	0.124390000	5100408060
BENCH	table_owners_1	200000	0.122765000	5098276961
BENCH	table_owners_2	200000	0.122725000	5098477602
BENCH	table_owners_5	200000	0.122555000	5097878556
BENCH	table_owners_19	200000	0.122780000	5098684496
BENCH	table_owners_257	200000	0.123315000	5100408060
BENCH	class_owners_1	200000	0.122985000	5098276961
BENCH	class_owners_2	200000	0.122940000	5098477602
BENCH	class_owners_5	200000	0.122915000	5097878556
BENCH	class_owners_19	200000	0.123335000	5098684496
BENCH	class_owners_257	200000	0.123605000	5100408060
1751.91;msec;task-clock:u;0.15%;1751914243;100.00;0.993;CPUs utilized
3945605788;;cycles:u;0.23%;1752218167;100.00;2.246;GHz
12236265365;;instructions:u;0.00%;1752218167;100.00;3.09;insn per cycle
140355;;branch-misses:u;85.97%;1752218167;100.00;;
4757021980;;cache-references:u;0.02%;1752218167;100.00;2.708;G/sec
263785;;cache-misses:u;2.41%;1752218167;100.00;0.006;of all cache refs
787;;page-faults:u;0.08%;1751914243;100.00;447.936;/sec
0;;context-switches:u;0.00%;1751914243;100.00;0.000;/sec
