BENCH	receiver_integer	200000	0.054440000	595177
BENCH	root_integer	200000	0.063385000	595177
BENCH	root_reference	200000	0.084045000	799457
BENCH	root_integer_result	200000	0.065455000	795177
BENCH	receiver_integer	200000	0.054325000	595177
BENCH	root_integer	200000	0.063265000	595177
BENCH	root_reference	200000	0.085645000	799457
BENCH	root_integer_result	200000	0.065500000	795177
BENCH	receiver_integer	200000	0.054485000	595177
BENCH	root_integer	200000	0.063845000	595177
BENCH	root_reference	200000	0.084300000	799457
BENCH	root_integer_result	200000	0.065455000	795177
394.79;msec;task-clock:u;0.98%;394785413;100.00;0.974;CPUs utilized
876194166;;cycles:u;0.27%;394831204;100.00;2.189;GHz
2930588533;;instructions:u;0.04%;394831204;100.00;3.34;insn per cycle
135261;;branch-misses:u;27.83%;394831204;100.00;;
1003838600;;cache-references:u;0.19%;394831204;100.00;2.508;G/sec
193300;;cache-misses:u;0.64%;394831204;100.00;0.019;of all cache refs
783;;page-faults:u;0.07%;394785413;100.00;1.956;K/sec
0;;context-switches:u;0.00%;394785413;100.00;0.000;/sec
