# To display the perf.data header info, please use --header/--header-only options.
#
#
# Total Lost Samples: 0
#
# Samples: 225  of event 'cycles:u'
# Event count (approx.): 878272912
#
# Children      Self  Command  Shared Object          Symbol                                                                                                                                                         
# ........  ........  .......  .....................  ...............................................................................................................................................................
#
    24.89%     0.00%  sqgi     [JIT] tid 737868       [.] 0x0000ffff84b44207
            |
            ---0xffff84b44207
               |          
                --20.75%--0xffff84b44207
                          sqjit_a64_helper_member_set_reference_logged
                          |          
                          |--9.85%--sqjit_a64_helper_member_set_reference_logged
                          |          SQJitWriteLog::RecordMember
                          |          |          
                          |          |--5.18%--SQJitWriteLog::ContainsMember<true> (inlined)
                          |          |          |          
                          |          |           --2.07%--SQJitWriteLog::ContainsMember<true>(SQObjectPtr const&, SQObjectPtr const&, SQObjectPtr const&) const::{lambda(SQJitWriteLog::Entry const&)#1}::operator() (inlined)
                          |          |          
                          |           --4.15%--SQJitWriteLog::CanRelease
                          |                     |          
                          |                      --2.08%--sqjit_unobservable_scalar_array (inlined)
                          |          
                           --8.30%--sqjit_a64_member_store_slot (inlined)
                                     sqjit_a64_member_store_slot (inlined)
                                     |          
                                     |--5.71%--sqjit_a64_resolve_store_slot (inlined)
                                     |          |          
                                     |           --4.67%--sq_member_raw_slot (inlined)
                                     |                     |          
                                     |                      --4.15%--SQTable::GetRawSlot (inlined)
                                     |                                |          
                                     |                                 --3.11%--SQTable::_Get (inlined)
                                     |          
                                      --2.59%--sqjit_a64_helper_member_set_reference_logged
                                                sqjit_a64_resolve_root_store_slot

    23.86%    11.80%  sqgi     sqgi                   [.] SQJitWriteLog::RecordMember
            |          
            |--12.06%--SQJitWriteLog::RecordMember
            |          |          
            |           --10.51%--SQJitWriteLog::CanRelease
            |                     |          
            |                      --2.08%--sqjit_unobservable_scalar_array (inlined)
            |          
            |--4.15%--0xffff84b431db
            |          0xffff84b431db
            |          sqjit_a64_helper_member_set_integer_logged
            |          sqjit_a64_helper_member_set_integer_logged
            |          SQJitWriteLog::RecordMember
            |          |          
            |           --2.59%--SQJitWriteLog::ContainsMember<false> (inlined)
            |                     |          
            |                      --2.08%--SQJitWriteLog::ContainsMember<false>(SQObjectPtr const&, SQObjectPtr const&, SQObjectPtr const&) const::{lambda(SQJitWriteLog::Entry const&)#1}::operator() (inlined)
            |          
            |--4.15%--0xffff84b44207
            |          0xffff84b44207
            |          sqjit_a64_helper_member_set_reference_logged
            |          sqjit_a64_helper_member_set_reference_logged
            |          SQJitWriteLog::RecordMember
            |          |          
            |           --3.63%--SQJitWriteLog::ContainsMember<true> (inlined)
            |                     |          
            |                      --2.07%--SQJitWriteLog::ContainsMember<true>(SQObjectPtr const&, SQObjectPtr const&, SQObjectPtr const&) const::{lambda(SQJitWriteLog::Entry const&)#1}::operator() (inlined)
            |          
             --2.47%--0xffff84b46223
                       0xffff84b46223
                       sqjit_a64_helper_instance_field_set_integer_logged
                       sqjit_a64_helper_instance_field_set_integer_logged
                       SQJitWriteLog::RecordMember

    22.30%     9.33%  sqgi     sqgi                   [.] sqjit_a64_helper_member_set_integer_logged
            |          
            |--12.96%--sqjit_a64_helper_member_set_integer_logged
            |          |          
            |          |--7.78%--sqjit_a64_helper_member_set_integer_logged
            |          |          SQJitWriteLog::RecordMember
            |          |          |          
            |          |          |--3.11%--SQJitWriteLog::ContainsMember<false> (inlined)
            |          |          |          |          
            |          |          |           --2.60%--SQJitWriteLog::ContainsMember<false>(SQObjectPtr const&, SQObjectPtr const&, SQObjectPtr const&) const::{lambda(SQJitWriteLog::Entry const&)#1}::operator() (inlined)
            |          |          |          
            |          |           --2.59%--SQJitWriteLog::CanRelease
            |          |          
            |           --4.67%--sqjit_a64_member_store_slot (inlined)
            |                     sqjit_a64_member_store_slot (inlined)
            |                     sqjit_a64_helper_member_set_integer_logged
            |                     sqjit_a64_resolve_root_store_slot
            |                     |          
            |                      --3.63%--SQTable::GetRawSlot (inlined)
            |          
            |--5.18%--0xffff84b451f7
            |          0xffff84b451f7
            |          sqjit_a64_helper_member_set_integer_logged
            |          |          
            |           --3.11%--sqjit_a64_member_store_slot (inlined)
            |                     sqjit_a64_member_store_slot (inlined)
            |                     sqjit_a64_resolve_store_slot (inlined)
            |                     |          
            |                      --2.59%--sq_member_raw_slot (inlined)
            |          
             --4.15%--0xffff84b431db
                       0xffff84b431db
                       sqjit_a64_helper_member_set_integer_logged
                       |          
                        --2.08%--sqjit_a64_member_store_slot (inlined)
                                  sqjit_a64_member_store_slot (inlined)
                                  sqjit_a64_resolve_store_slot (inlined)

    20.75%     7.78%  sqgi     sqgi                   [.] sqjit_a64_helper_member_set_reference_logged
            |          
            |--12.96%--sqjit_a64_helper_member_set_reference_logged
            |          |          
            |          |--9.85%--sqjit_a64_helper_member_set_reference_logged
            |          |          SQJitWriteLog::RecordMember
            |          |          |          
            |          |          |--5.18%--SQJitWriteLog::ContainsMember<true> (inlined)
            |          |          |          |          
            |          |          |           --2.07%--SQJitWriteLog::ContainsMember<true>(SQObjectPtr const&, SQObjectPtr const&, SQObjectPtr const&) const::{lambda(SQJitWriteLog::Entry const&)#1}::operator() (inlined)
            |          |          |          
            |          |           --4.15%--SQJitWriteLog::CanRelease
            |          |                     |          
            |          |                      --2.08%--sqjit_unobservable_scalar_array (inlined)
            |          |          
            |           --2.59%--sqjit_a64_member_store_slot (inlined)
            |                     sqjit_a64_member_store_slot (inlined)
            |                     sqjit_a64_helper_member_set_reference_logged
            |                     sqjit_a64_resolve_root_store_slot
            |          
             --7.78%--0xffff84b44207
                       0xffff84b44207
                       sqjit_a64_helper_member_set_reference_logged
                       |          
                        --5.71%--sqjit_a64_member_store_slot (inlined)
                                  sqjit_a64_member_store_slot (inlined)
                                  sqjit_a64_resolve_store_slot (inlined)
                                  |          
                                   --4.67%--sq_member_raw_slot (inlined)
                                             |          
                                              --4.15%--SQTable::GetRawSlot (inlined)
                                                        |          
                                                         --3.11%--SQTable::_Get (inlined)

    20.13%     4.84%  sqgi     sqgi                   [.] sqjit_a64_helper_member_closure_guard
            |          
            |--15.28%--sqjit_a64_helper_member_closure_guard
            |          sqjit_a64_helper_member_closure_guard
            |          sqjit_a64_borrow_member_ptr_value
            |          |          
            |           --12.17%--SQTable::GetRawSlot (inlined)
            |                     |          
            |                     |--8.11%--SQTable::_Get (inlined)
            |                     |          
            |                      --2.59%--HashObj (inlined)
            |          
             --2.77%--0xffff84b4616b
                       0xffff84b4616b
                       sqjit_a64_helper_member_closure_guard

    15.28%    15.28%  sqgi     sqgi                   [.] sqjit_a64_borrow_member_ptr_value
            |          
            |--5.18%--0xffff84b4516b
            |          0xffff84b4516b
            |          sqjit_a64_helper_member_closure_guard
            |          sqjit_a64_helper_member_closure_guard
            |          sqjit_a64_borrow_member_ptr_value
            |          |          
            |           --4.67%--SQTable::GetRawSlot (inlined)
            |                     |          
            |                      --3.63%--SQTable::_Get (inlined)
            |          
            |--4.15%--0xffff84b4414b
            |          0xffff84b4414b
            |          sqjit_a64_helper_member_closure_guard
            |          sqjit_a64_helper_member_closure_guard
            |          sqjit_a64_borrow_member_ptr_value
            |          |          
            |           --2.07%--SQTable::GetRawSlot (inlined)
            |          
            |--3.36%--0xffff84b4616b
            |          0xffff84b4616b
            |          sqjit_a64_helper_member_closure_guard
            |          sqjit_a64_helper_member_closure_guard
            |          sqjit_a64_borrow_member_ptr_value
            |          |          
            |           --2.84%--SQTable::GetRawSlot (inlined)
            |          
             --2.60%--0xffff84b4314f
                       0xffff84b4314f
                       sqjit_a64_helper_member_closure_guard
                       sqjit_a64_helper_member_closure_guard
                       sqjit_a64_borrow_member_ptr_value
                       SQTable::GetRawSlot (inlined)

    15.03%     0.00%  sqgi     [JIT] tid 737868       [.] 0x0000ffff84b431db
            |
            ---0xffff84b431db
               |          
                --11.93%--0xffff84b431db
                          sqjit_a64_helper_member_set_integer_logged
                          |          
                          |--6.22%--sqjit_a64_helper_member_set_integer_logged
                          |          SQJitWriteLog::RecordMember
                          |          |          
                          |          |--2.59%--SQJitWriteLog::ContainsMember<false> (inlined)
                          |          |          |          
                          |          |           --2.08%--SQJitWriteLog::ContainsMember<false>(SQObjectPtr const&, SQObjectPtr const&, SQObjectPtr const&) const::{lambda(SQJitWriteLog::Entry const&)#1}::operator() (inlined)
                          |          |          
                          |           --2.07%--SQJitWriteLog::CanRelease
                          |          
                           --3.63%--sqjit_a64_member_store_slot (inlined)
                                     sqjit_a64_member_store_slot (inlined)
                                     |          
                                      --2.08%--sqjit_a64_resolve_store_slot (inlined)

    12.61%     0.00%  sqgi     [JIT] tid 737868       [.] 0x0000ffff84b46223
            |
            ---0xffff84b46223
               |          
                --11.13%--0xffff84b46223
                          sqjit_a64_helper_instance_field_set_integer_logged
                          |          
                           --6.23%--sqjit_a64_helper_instance_field_set_integer_logged
                                     SQJitWriteLog::RecordMember
                                     |          
                                      --3.77%--SQJitWriteLog::CanRelease

    12.44%     0.00%  sqgi     [JIT] tid 737868       [.] 0x0000ffff84b4516b
            |
            ---0xffff84b4516b
               |          
               |--6.22%--0xffff84b4516b
               |          sqjit_a64_helper_member_closure_guard
               |          |          
               |           --5.18%--sqjit_a64_helper_member_closure_guard
               |                     sqjit_a64_borrow_member_ptr_value
               |                     |          
               |                      --4.67%--SQTable::GetRawSlot (inlined)
               |                                |          
               |                                 --3.63%--SQTable::_Get (inlined)
               |          
                --4.15%--0xffff84b451dc

    12.17%     0.00%  sqgi     sqgi                   [.] SQTable::GetRawSlot (inlined)
            |
            ---SQTable::GetRawSlot (inlined)
               |          
               |--8.11%--SQTable::_Get (inlined)
               |          
                --2.59%--HashObj (inlined)

    11.13%     4.58%  sqgi     sqgi                   [.] sqjit_a64_helper_instance_field_set_integer_logged
            |          
            |--6.55%--sqjit_a64_helper_instance_field_set_integer_logged
            |          |          
            |           --6.23%--sqjit_a64_helper_instance_field_set_integer_logged
            |                     SQJitWriteLog::RecordMember
            |                     |          
            |                      --3.77%--SQJitWriteLog::CanRelease
            |          
             --4.58%--0xffff84b46223
                       0xffff84b46223
                       sqjit_a64_helper_instance_field_set_integer_logged

    10.89%     0.00%  sqgi     [JIT] tid 737868       [.] 0x0000ffff84b451f7
            |
            ---0xffff84b451f7
               |          
                --10.37%--0xffff84b451f7
                          sqjit_a64_helper_member_set_integer_logged
                          |          
                           --6.22%--sqjit_a64_member_store_slot (inlined)
                                     sqjit_a64_member_store_slot (inlined)
                                     |          
                                     |--3.11%--sqjit_a64_helper_member_set_integer_logged
                                     |          sqjit_a64_resolve_root_store_slot
                                     |          |          
                                     |           --2.59%--SQTable::GetRawSlot (inlined)
                                     |          
                                      --3.11%--sqjit_a64_resolve_store_slot (inlined)
                                                |          
                                                 --2.59%--sq_member_raw_slot (inlined)

    10.51%    10.51%  sqgi     sqgi                   [.] SQJitWriteLog::CanRelease
            |          
            |--4.15%--0xffff84b44207
            |          0xffff84b44207
            |          sqjit_a64_helper_member_set_reference_logged
            |          sqjit_a64_helper_member_set_reference_logged
            |          SQJitWriteLog::RecordMember
            |          SQJitWriteLog::CanRelease
            |          |          
            |           --2.08%--sqjit_unobservable_scalar_array (inlined)
            |          
            |--3.77%--0xffff84b46223
            |          0xffff84b46223
            |          sqjit_a64_helper_instance_field_set_integer_logged
            |          sqjit_a64_helper_instance_field_set_integer_logged
            |          SQJitWriteLog::RecordMember
            |          SQJitWriteLog::CanRelease
            |          
             --2.07%--0xffff84b431db
                       0xffff84b431db
                       sqjit_a64_helper_member_set_integer_logged
                       sqjit_a64_helper_member_set_integer_logged
                       SQJitWriteLog::RecordMember
                       SQJitWriteLog::CanRelease

     9.86%     0.00%  sqgi     sqgi                   [.] sqjit_a64_member_store_slot (inlined)
            |
            ---sqjit_a64_member_store_slot (inlined)
               sqjit_a64_member_store_slot (inlined)
               |          
               |--5.19%--sqjit_a64_resolve_store_slot (inlined)
               |          |          
               |           --4.15%--sq_member_raw_slot (inlined)
               |                     |          
               |                      --3.11%--SQTable::GetRawSlot (inlined)
               |                                SQTable::_Get (inlined)
               |          
                --4.67%--sqjit_a64_helper_member_set_integer_logged
                          sqjit_a64_resolve_root_store_slot
                          |          
                           --3.63%--SQTable::GetRawSlot (inlined)

     8.82%     0.00%  sqgi     [JIT] tid 737868       [.] 0x0000ffff84b4314f
            |
            ---0xffff84b4314f
               |          
               |--4.15%--0xffff84b431c0
               |          
                --3.63%--0xffff84b4314f
                          sqjit_a64_helper_member_closure_guard
                          |          
                           --2.60%--sqjit_a64_helper_member_closure_guard
                                     sqjit_a64_borrow_member_ptr_value
                                     SQTable::GetRawSlot (inlined)

     8.30%     0.00%  sqgi     sqgi                   [.] sqjit_a64_member_store_slot (inlined)
            |
            ---sqjit_a64_member_store_slot (inlined)
               sqjit_a64_member_store_slot (inlined)
               |          
               |--5.71%--sqjit_a64_resolve_store_slot (inlined)
               |          |          
               |           --4.67%--sq_member_raw_slot (inlined)
               |                     |          
               |                      --4.15%--SQTable::GetRawSlot (inlined)
               |                                |          
               |                                 --3.11%--SQTable::_Get (inlined)
               |          
                --2.59%--sqjit_a64_helper_member_set_reference_logged
                          sqjit_a64_resolve_root_store_slot

     8.11%     0.00%  sqgi     sqgi                   [.] SQTable::_Get (inlined)
            |
            ---SQTable::_Get (inlined)

     7.26%     7.26%  sqgi     sqgi                   [.] sqjit_a64_resolve_root_store_slot
            |          
            |--3.11%--0xffff84b451f7
            |          0xffff84b451f7
            |          sqjit_a64_helper_member_set_integer_logged
            |          sqjit_a64_member_store_slot (inlined)
            |          sqjit_a64_member_store_slot (inlined)
            |          sqjit_a64_helper_member_set_integer_logged
            |          sqjit_a64_resolve_root_store_slot
            |          |          
            |           --2.59%--SQTable::GetRawSlot (inlined)
            |          
             --2.59%--0xffff84b44207
                       0xffff84b44207
                       sqjit_a64_helper_member_set_reference_logged
                       sqjit_a64_member_store_slot (inlined)
                       sqjit_a64_member_store_slot (inlined)
                       sqjit_a64_helper_member_set_reference_logged
                       sqjit_a64_resolve_root_store_slot

     7.12%     0.00%  sqgi     [JIT] tid 737868       [.] 0x0000ffff84b4616b
            |
            ---0xffff84b4616b
               |          
                --6.13%--0xffff84b4616b
                          sqjit_a64_helper_member_closure_guard
                          |          
                           --3.36%--sqjit_a64_helper_member_closure_guard
                                     sqjit_a64_borrow_member_ptr_value
                                     |          
                                      --2.84%--SQTable::GetRawSlot (inlined)

     6.22%     0.00%  sqgi     [JIT] tid 737868       [.] 0x0000ffff84b4414b
            |
            ---0xffff84b4414b
               |          
                --4.15%--0xffff84b4414b
                          sqjit_a64_helper_member_closure_guard
                          sqjit_a64_helper_member_closure_guard
                          sqjit_a64_borrow_member_ptr_value
                          |          
                           --2.07%--SQTable::GetRawSlot (inlined)

     5.71%     0.00%  sqgi     sqgi                   [.] sqjit_a64_resolve_store_slot (inlined)
            |
            ---sqjit_a64_resolve_store_slot (inlined)
               |          
                --4.67%--sq_member_raw_slot (inlined)
                          |          
                           --4.15%--SQTable::GetRawSlot (inlined)
                                     |          
                                      --3.11%--SQTable::_Get (inlined)

     5.19%     0.00%  sqgi     sqgi                   [.] SQTable::GetRawSlot (inlined)
            |
            ---SQTable::GetRawSlot (inlined)
               |          
               |--2.60%--SQTable::_Get (inlined)
               |          
                --2.07%--HashObj (inlined)

     5.19%     0.00%  sqgi     sqgi                   [.] sqjit_a64_resolve_store_slot (inlined)
            |
            ---sqjit_a64_resolve_store_slot (inlined)
               |          
                --4.15%--sq_member_raw_slot (inlined)
                          |          
                           --3.11%--SQTable::GetRawSlot (inlined)
                                     SQTable::_Get (inlined)

     5.18%     0.00%  sqgi     sqgi                   [.] SQJitWriteLog::ContainsMember<true> (inlined)
            |
            ---SQJitWriteLog::ContainsMember<true> (inlined)
               |          
                --2.07%--SQJitWriteLog::ContainsMember<true>(SQObjectPtr const&, SQObjectPtr const&, SQObjectPtr const&) const::{lambda(SQJitWriteLog::Entry const&)#1}::operator() (inlined)

     4.67%     0.00%  sqgi     sqgi                   [.] sq_member_raw_slot (inlined)
            |
            ---sq_member_raw_slot (inlined)
               |          
                --4.15%--SQTable::GetRawSlot (inlined)
                          |          
                           --3.11%--SQTable::_Get (inlined)

     4.15%     0.00%  sqgi     sqgi                   [.] sq_member_raw_slot (inlined)
            |
            ---sq_member_raw_slot (inlined)
               |          
                --3.11%--SQTable::GetRawSlot (inlined)
                          SQTable::_Get (inlined)

     4.15%     4.15%  sqgi     [JIT] tid 737868       [.] 0x0000ffff84b431c0
            |
            ---0xffff84b4314f
               0xffff84b431c0

     4.15%     0.00%  sqgi     sqgi                   [.] SQTable::GetRawSlot (inlined)
            |
            ---SQTable::GetRawSlot (inlined)
               |          
                --3.11%--SQTable::_Get (inlined)

     4.15%     4.15%  sqgi     [JIT] tid 737868       [.] 0x0000ffff84b451dc
            |
            ---0xffff84b4516b
               0xffff84b451dc

     3.63%     0.00%  sqgi     sqgi                   [.] SQTable::GetRawSlot (inlined)
            |
            ---SQTable::GetRawSlot (inlined)
               |          
                --3.11%--SQTable::_Get (inlined)

     3.63%     0.00%  sqgi     sqgi                   [.] SQJitWriteLog::ContainsMember<false> (inlined)
            |
            ---SQJitWriteLog::ContainsMember<false> (inlined)
               |          
                --2.60%--SQJitWriteLog::ContainsMember<false>(SQObjectPtr const&, SQObjectPtr const&, SQObjectPtr const&) const::{lambda(SQJitWriteLog::Entry const&)#1}::operator() (inlined)

     3.11%     0.00%  sqgi     sqgi                   [.] SQTable::_Get (inlined)
            |
            ---SQTable::_Get (inlined)

     3.11%     0.00%  sqgi     sqgi                   [.] SQTable::_Get (inlined)
            |
            ---SQTable::_Get (inlined)

     2.60%     0.00%  sqgi     sqgi                   [.] SQJitWriteLog::ContainsMember<false>(SQObjectPtr const&, SQObjectPtr const&, SQObjectPtr const&) const::{lambda(SQJitWriteLog::Entry const&)#1}::operator() (inlined)
            |
            ---SQJitWriteLog::ContainsMember<false>(SQObjectPtr const&, SQObjectPtr const&, SQObjectPtr const&) const::{lambda(SQJitWriteLog::Entry const&)#1}::operator() (inlined)

     2.60%     0.00%  sqgi     sqgi                   [.] SQTable::_Get (inlined)
            |
            ---SQTable::_Get (inlined)

     2.59%     0.00%  sqgi     sqgi                   [.] HashObj (inlined)
            |
            ---HashObj (inlined)

     2.08%     0.00%  sqgi     sqgi                   [.] sqjit_unobservable_scalar_array (inlined)
            |
            ---sqjit_unobservable_scalar_array (inlined)

     2.07%     0.00%  sqgi     sqgi                   [.] HashObj (inlined)
            |
            ---HashObj (inlined)

     2.07%     0.00%  sqgi     sqgi                   [.] SQJitWriteLog::ContainsMember<true>(SQObjectPtr const&, SQObjectPtr const&, SQObjectPtr const&) const::{lambda(SQJitWriteLog::Entry const&)#1}::operator() (inlined)
            |
            ---SQJitWriteLog::ContainsMember<true>(SQObjectPtr const&, SQObjectPtr const&, SQObjectPtr const&) const::{lambda(SQJitWriteLog::Entry const&)#1}::operator() (inlined)



#
# (Cannot load tips.txt file, please install perf!)
#
