BENCH	transfer_table	20003	1.438984152	415444
BENCH	transfer_class	20003	1.507423886	415444
BENCH	transfer_mixed	20003	1.507973804	415444
BENCH	publish_table	20003	1.014997750	451823
BENCH	publish_class	20003	1.047042944	451823
BENCH	publish_mixed	20003	1.053242014	451823
[sqjit:stats] proto enters=360093 hot=6 compile=6 success=2 fail=4
[sqjit:stats] proto exec attempts=360093 success=360055 guard_fail=0
[sqjit:stats] direct calls attempts=720106 success=360053 miss=360053 guard_fail=0
[sqjit:stats] loops try=731481 find_fail=39 compile=29 success=0 fail=29 exec=0 exec_success=0 guard_fail=0
[sqjit:stats] rejects=33 unique_reasons=5
[sqjit:stats] backoff proto=0 proto_skips=0 loop=0 loop_skips=0
[sqjit:stats] reject category count=22 category=loop
[sqjit:stats] reject category count=7 category=array-append
[sqjit:stats] reject category count=1 category=member
[sqjit:stats] reject category count=1 category=call
[sqjit:stats] reject category count=2 category=other
[sqjit:stats] reject reason count=2 reason=unsupported function shape or instruction limit
[sqjit:stats] reject reason count=1 reason=deferred CALL direct closure
[sqjit:stats] reject reason count=22 reason=unsupported loop branch shape
[sqjit:stats] reject reason count=7 reason=unsupported loop array append PREPCALLK
[sqjit:stats] reject reason count=1 reason=unsupported SET object member
[sqjit:stats] reject_site rank=1 proto=(nil) name=members source=/home/sam/Programming/sqgi/test/bench_member_methods.nut line=24 ip=14 count=7 reason=unsupported loop branch shape
[sqjit:stats] reject_site rank=2 proto=(nil) name=members source=/home/sam/Programming/sqgi/test/bench_member_methods.nut line=24 ip=15 count=7 reason=unsupported loop array append PREPCALLK
[sqjit:stats] reject_site rank=3 proto=(nil) name=members source=/home/sam/Programming/sqgi/test/bench_member_methods.nut line=29 ip=34 count=7 reason=unsupported loop branch shape
[sqjit:stats] reject_site rank=4 proto=(nil) name=members source=/home/sam/Programming/sqgi/test/bench_member_methods.nut line=39 ip=105 count=7 reason=unsupported loop branch shape
[sqjit:stats] reject_site rank=5 proto=(nil) name=main source=<sqgi async bootstrap> line=-1 ip=-1 count=1 reason=unsupported function shape or instruction limit
[sqjit:stats] reject_site rank=6 proto=(nil) name=main source=/home/sam/Programming/sqgi/test/bench_member_methods.nut line=-1 ip=-1 count=1 reason=unsupported function shape or instruction limit
[sqjit:stats] reject_site rank=7 proto=(nil) name=members source=/home/sam/Programming/sqgi/test/bench_member_methods.nut line=40 ip=117 count=1 reason=deferred CALL direct closure
[sqjit:stats] reject_site rank=8 proto=(nil) name=main source=/home/sam/Programming/sqgi/test/bench_member_methods.nut line=51 ip=118 count=1 reason=unsupported loop branch shape
[sqjit:stats] reject_site rank=9 proto=(nil) name=members source=/home/sam/Programming/sqgi/test/bench_member_methods.nut line=34 ip=87 count=1 reason=unsupported SET object member
