BENCH	route_balanced	200000	0.052065000	300346
BENCH	route_skewed	200000	0.051585000	122121
BENCH	pricing_events	200000	0.056520000	636940
BENCH	filter_stream	200000	0.055575000	10704.521037291815
BENCH	records_64	200000	0.129925000	599323
BENCH	records_4096	200000	0.288205000	385702
BENCH	word_count	200000	0.266430000	116910
BENCH	graph_walk	200000	0.012410000	386354
BENCH	route_balanced	200000	0.052645000	300346
BENCH	route_skewed	200000	0.050675000	122121
BENCH	pricing_events	200000	0.056235000	636940
BENCH	filter_stream	200000	0.055310000	10704.521037291815
BENCH	records_64	200000	0.135050000	599323
BENCH	records_4096	200000	0.241010000	385702
BENCH	word_count	200000	0.265830000	116910
BENCH	graph_walk	200000	0.012665000	386354
BENCH	route_balanced	200000	0.052310000	300346
BENCH	route_skewed	200000	0.051210000	122121
BENCH	pricing_events	200000	0.056550000	636940
BENCH	filter_stream	200000	0.056500000	10704.521037291815
BENCH	records_64	200000	0.130915000	599323
BENCH	records_4096	200000	0.344130000	385702
BENCH	word_count	200000	0.266400000	116910
BENCH	graph_walk	200000	0.012345000	386354
1143.71;msec;task-clock:u;0.59%;1143714242;100.00;1.005;CPUs utilized
2551679695;;cycles:u;0.79%;1143784538;100.00;2.256;GHz
5952626514;;instructions:u;0.11%;1143784538;100.00;2.37;insn per cycle
5518244;;branch-misses:u;3.57%;1143784538;100.00;;
2223150225;;cache-references:u;0.15%;1143784538;100.00;1.965;G/sec
19223448;;cache-misses:u;3.67%;1143784538;100.00;0.865;of all cache refs
3865;;page-faults:u;0.01%;1143714242;100.00;3.417;K/sec
0;;context-switches:u;0.00%;1143714242;100.00;0.000;/sec
