# To display the perf.data header info, please use --header/--header-only options.
#
#
# Total Lost Samples: 0
#
# Samples: 585  of event 'cycles:u'
# Event count (approx.): 2516137866
#
# Children      Self  Command  Shared Object                 Symbol                                                                                                                                                         
# ........  ........  .......  ............................  ...............................................................................................................................................................
#
    30.93%     0.00%  sqgi     libc.so.6                     [.] __libc_start_call_main
            |
            ---__libc_start_call_main
               __libc_start_call_main
               main
               |          
                --30.86%--sq_call
                          SQVM::Execute
                          |          
                          |--6.15%--SQVM::DerefInc
                          |          |          
                          |           --2.17%--SQVM::Get
                          |          
                           --5.61%--SQVM::Get
                                     |          
                                      --3.08%--SQTable::Get

    30.93%     0.00%  sqgi     sqgi                          [.] main
            |
            ---main
               |          
                --30.86%--sq_call
                          SQVM::Execute
                          |          
                          |--6.15%--SQVM::DerefInc
                          |          |          
                          |           --2.17%--SQVM::Get
                          |          
                           --5.61%--SQVM::Get
                                     |          
                                      --3.08%--SQTable::Get

    30.86%     0.00%  sqgi     sqgi                          [.] sq_call
            |
            ---sq_call
               SQVM::Execute
               |          
               |--6.15%--SQVM::DerefInc
               |          |          
               |           --2.17%--SQVM::Get
               |          
                --5.61%--SQVM::Get
                          |          
                           --3.08%--SQTable::Get

    30.86%    14.57%  sqgi     sqgi                          [.] SQVM::Execute
            |          
            |--16.29%--SQVM::Execute
            |          |          
            |          |--6.15%--SQVM::DerefInc
            |          |          |          
            |          |           --2.17%--SQVM::Get
            |          |          
            |           --5.61%--SQVM::Get
            |                     |          
            |                      --3.08%--SQTable::Get
            |          
             --14.57%--__libc_start_call_main
                       __libc_start_call_main
                       main
                       sq_call
                       SQVM::Execute

    22.97%     4.47%  sqgi     sqgi                          [.] sqjit_a64_helper_member_set_integer_logged
            |          
            |--18.50%--sqjit_a64_helper_member_set_integer_logged
            |          |          
            |           --17.98%--sqjit_a64_helper_member_set_integer_logged
            |                     SQJitWriteLog::RecordMember
            |                     |          
            |                      --14.41%--SQJitWriteLog::ContainsMember<false> (inlined)
            |                                |          
            |                                 --7.50%--SQJitWriteLog::ContainsMember<false>(SQObjectPtr const&, SQObjectPtr const&, SQObjectPtr const&) const::{lambda(SQJitWriteLog::Entry const&)#1}::operator() (inlined)
            |          
             --2.68%--0xffffa88854d3
                       0xffffa88854d3
                       sqjit_a64_helper_member_set_integer_logged

    17.98%    15.50%  sqgi     sqgi                          [.] SQJitWriteLog::RecordMember
            |          
            |--9.83%--0xffffa88853c3
            |          0xffffa88853c3
            |          sqjit_a64_helper_member_set_integer_logged
            |          sqjit_a64_helper_member_set_integer_logged
            |          SQJitWriteLog::RecordMember
            |          |          
            |           --9.47%--SQJitWriteLog::ContainsMember<false> (inlined)
            |                     |          
            |                      --5.75%--SQJitWriteLog::ContainsMember<false>(SQObjectPtr const&, SQObjectPtr const&, SQObjectPtr const&) const::{lambda(SQJitWriteLog::Entry const&)#1}::operator() (inlined)
            |          
            |--5.67%--0xffffa88854d3
            |          0xffffa88854d3
            |          sqjit_a64_helper_member_set_integer_logged
            |          sqjit_a64_helper_member_set_integer_logged
            |          SQJitWriteLog::RecordMember
            |          |          
            |           --4.76%--SQJitWriteLog::ContainsMember<false> (inlined)
            |          
             --2.48%--SQJitWriteLog::RecordMember

    15.09%     0.00%  sqgi     [JIT] tid 595856              [.] 0x0000ffffa88854d3
            |
            ---0xffffa88854d3
               |          
                --9.39%--0xffffa88854d3
                          sqjit_a64_helper_member_set_integer_logged
                          |          
                           --6.37%--sqjit_a64_helper_member_set_integer_logged
                                     SQJitWriteLog::RecordMember
                                     |          
                                      --4.94%--SQJitWriteLog::ContainsMember<false> (inlined)

    14.47%     0.00%  sqgi     [JIT] tid 595856              [.] 0x0000ffffa88853c3
            |
            ---0xffffa88853c3
               |          
                --13.57%--0xffffa88853c3
                          sqjit_a64_helper_member_set_integer_logged
                          |          
                           --11.60%--sqjit_a64_helper_member_set_integer_logged
                                     SQJitWriteLog::RecordMember
                                     |          
                                      --9.47%--SQJitWriteLog::ContainsMember<false> (inlined)
                                                |          
                                                 --5.75%--SQJitWriteLog::ContainsMember<false>(SQObjectPtr const&, SQObjectPtr const&, SQObjectPtr const&) const::{lambda(SQJitWriteLog::Entry const&)#1}::operator() (inlined)

    14.41%     0.00%  sqgi     sqgi                          [.] SQJitWriteLog::ContainsMember<false> (inlined)
            |
            ---SQJitWriteLog::ContainsMember<false> (inlined)
               |          
                --7.50%--SQJitWriteLog::ContainsMember<false>(SQObjectPtr const&, SQObjectPtr const&, SQObjectPtr const&) const::{lambda(SQJitWriteLog::Entry const&)#1}::operator() (inlined)

    14.37%     0.00%  sqgi     [JIT] tid 595856              [.] 0x0000ffffa88851b3
            |
            ---0xffffa88851b3
               |          
               |--4.75%--0xffffa88851b3
               |          sqjit_a64_helper_array_get_object
               |          |          
               |           --2.64%--SQObjectPtr::operator= (inlined)
               |          
                --3.82%--0xffffa8885214

    11.23%     0.00%  sqgi     [JIT] tid 595856              [.] 0x0000ffffa888818b
            |
            ---0xffffa888818b
               |          
                --4.37%--0xffffa888818b
                          sqjit_a64_helper_member_closure_guard
                          |          
                           --2.12%--sqjit_a64_helper_member_closure_guard
                                     sqjit_a64_root_fallback_safe

    10.16%     1.58%  sqgi     sqgi                          [.] sqjit_a64_helper_member_closure_guard
            |          
             --8.57%--sqjit_a64_helper_member_closure_guard
                       |          
                       |--5.19%--sqjit_a64_helper_member_closure_guard
                       |          sqjit_a64_root_fallback_safe
                       |          |          
                       |           --3.74%--SQTable::GetRawSlot (inlined)
                       |                     |          
                       |                      --2.84%--SQTable::_Get (inlined)
                       |          
                        --3.39%--sqjit_a64_borrow_member_value_with_root (inlined)
                                  |          
                                   --3.20%--sqjit_a64_helper_member_closure_guard
                                             sqjit_a64_borrow_member_ptr_value
                                             |          
                                              --2.30%--SQTable::GetRawSlot (inlined)

     7.78%     1.63%  sqgi     sqgi                          [.] SQVM::Get
            |          
             --6.15%--SQVM::Get
                       |          
                        --4.71%--SQTable::Get

     7.50%     0.00%  sqgi     sqgi                          [.] SQJitWriteLog::ContainsMember<false>(SQObjectPtr const&, SQObjectPtr const&, SQObjectPtr const&) const::{lambda(SQJitWriteLog::Entry const&)#1}::operator() (inlined)
            |
            ---SQJitWriteLog::ContainsMember<false>(SQObjectPtr const&, SQObjectPtr const&, SQObjectPtr const&) const::{lambda(SQJitWriteLog::Entry const&)#1}::operator() (inlined)

     6.15%     0.00%  sqgi     [JIT] tid 595856              [.] 0x0000ffffa88861af
            |
            ---0xffffa88861af
               |          
                --2.90%--0xffffa88861af
                          sqjit_a64_helper_member_closure_guard

     6.15%     2.17%  sqgi     sqgi                          [.] SQVM::DerefInc
            |          
            |--3.98%--SQVM::DerefInc
            |          |          
            |           --2.17%--SQVM::Get
            |          
             --2.17%--__libc_start_call_main
                       __libc_start_call_main
                       main
                       sq_call
                       SQVM::Execute
                       SQVM::DerefInc

     5.96%     0.00%  sqgi     [JIT] tid 595856              [.] 0x0000ffffa8887213
            |
            ---0xffffa8887213
               |          
                --2.89%--0xffffa8887213
                          sqjit_a64_helper_member_closure_guard

     5.19%     5.19%  sqgi     sqgi                          [.] sqjit_a64_root_fallback_safe
            |          
             --2.12%--0xffffa888818b
                       0xffffa888818b
                       sqjit_a64_helper_member_closure_guard
                       sqjit_a64_helper_member_closure_guard
                       sqjit_a64_root_fallback_safe

     4.75%     4.75%  sqgi     sqgi                          [.] sqjit_a64_helper_array_get_object
            |
            ---0xffffa88851b3
               0xffffa88851b3
               sqjit_a64_helper_array_get_object
               |          
                --2.64%--SQObjectPtr::operator= (inlined)

     4.71%     4.52%  sqgi     sqgi                          [.] SQTable::Get
            |          
             --4.52%--__libc_start_call_main
                       __libc_start_call_main
                       main
                       sq_call
                       SQVM::Execute
                       |          
                        --2.90%--SQVM::Get
                                  SQTable::Get

     3.92%     0.00%  sqgi     sqgi                          [.] sqjit_a64_borrow_member_value_with_root (inlined)
            |
            ---sqjit_a64_borrow_member_value_with_root (inlined)
               |          
                --3.20%--sqjit_a64_helper_member_closure_guard
                          sqjit_a64_borrow_member_ptr_value
                          |          
                           --2.30%--SQTable::GetRawSlot (inlined)

     3.82%     3.82%  sqgi     [JIT] tid 595856              [.] 0x0000ffffa8885214
            |
            ---0xffffa88851b3
               0xffffa8885214

     3.74%     0.00%  sqgi     sqgi                          [.] SQTable::GetRawSlot (inlined)
            |
            ---SQTable::GetRawSlot (inlined)
               |          
                --2.84%--SQTable::_Get (inlined)

     3.39%     3.39%  sqgi     sqgi                          [.] sqjit_a64_borrow_member_ptr_value
     2.84%     0.00%  sqgi     sqgi                          [.] SQTable::_Get (inlined)
            |
            ---SQTable::_Get (inlined)

     2.64%     0.00%  sqgi     sqgi                          [.] SQObjectPtr::operator= (inlined)
            |
            ---SQObjectPtr::operator= (inlined)

     2.30%     0.00%  sqgi     sqgi                          [.] SQTable::GetRawSlot (inlined)
            |
            ---SQTable::GetRawSlot (inlined)

     2.14%     0.00%  sqgi     sqgi                          [.] sqjit_a64_member_store_slot (inlined)
            |
            ---sqjit_a64_member_store_slot (inlined)



#
# (Cannot load tips.txt file, please install perf!)
#
