JIT_CAPTURE_BREAKPOINT -1
[Thread debugging using libthread_db enabled]
Using host libthread_db library "/lib/aarch64-linux-gnu/libthread_db.so.1".
JIT_CAPTURE recycle frame 0xfffff7f84000 8192
BENCH	table_owners_1	1003	5.503489531	615764.25
BENCH	table_owners_2	1003	1.198404786	616780.25
BENCH	table_owners_5	1003	1.418743769	613838.25
BENCH	table_owners_19	1003	1.156530409	618610.25
BENCH	table_owners_257	1003	1.334995015	749599.25
BENCH	class_owners_1	1003	1.217347956	615764.25
BENCH	class_owners_2	1003	1.217347956	616780.25
BENCH	class_owners_5	1003	1.229312064	613838.25
BENCH	class_owners_19	1003	1.498504487	618610.25
BENCH	class_owners_257	1003	1.360917248	749599.25
[Inferior 1 (process 591669) exited normally]
[Thread debugging using libthread_db enabled]
Using host libthread_db library "/lib/aarch64-linux-gnu/libthread_db.so.1".
JIT_CAPTURE transfer frame 0xfffff7f85000 4096
JIT_CAPTURE publish frame 0xfffff7f84000 4096
BENCH	transfer_table	1003	1252.151545364	121851
BENCH	transfer_class	1003	1283.442671984	121851
BENCH	transfer_mixed	1003	1332.634097707	121851
BENCH	publish_table	1003	1438.277168495	133577
BENCH	publish_class	1003	1205.892323031	133577
BENCH	publish_mixed	1003	1424.619142572	133577
[Inferior 1 (process 591687) exited normally]
[Thread debugging using libthread_db enabled]
Using host libthread_db library "/lib/aarch64-linux-gnu/libthread_db.so.1".
JIT_CAPTURE table_apply frame 0xfffff7f85000 4096
JIT_CAPTURE apply frame 0xfffff7f84000 4096
BENCH	table_events_97	1003	1360.276171486	140378
BENCH	class_events_97	1003	1331.330009970	140378
BENCH	buffers_7	1003	1.524426720	944693
BENCH	buffers_31	1003	2.042871386	861874
BENCH	calibrate_17	1003	4.589232303	5140.09375
BENCH	calibrate_67	1003	3.589232303	5049
[Inferior 1 (process 591894) exited normally]
JIT_CAPTURE_VERIFIED five canonical-frame functions
