BENCH	filter	200000	0.023225000	10.254364576940203
BENCH	channels_4	200000	0.078910000	20.621658757381574
BENCH	pressure_8	200000	0.151915000	30.900920683591639
BENCH	integration	200000	0.038150000	1562.9738403896752
BENCH	retained_input	200000	0.044220000	399985.55383443867
BENCH	branching	200000	0.030500000	1.6005902475563216
BENCH	helper_control	200000	0.054630000	3.7152600782050693
BENCH	filter	200000	0.023510000	10.254364576940203
BENCH	channels_4	200000	0.077130000	20.621658757381574
BENCH	pressure_8	200000	0.151780000	30.900920683591639
BENCH	integration	200000	0.036975000	1562.9738403896752
BENCH	retained_input	200000	0.044585000	399985.55383443867
BENCH	branching	200000	0.030740000	1.6005902475563216
BENCH	helper_control	200000	0.054670000	3.7152600782050693
BENCH	filter	200000	0.023410000	10.254364576940203
BENCH	channels_4	200000	0.077235000	20.621658757381574
BENCH	pressure_8	200000	0.152080000	30.900920683591639
BENCH	integration	200000	0.038100000	1562.9738403896752
BENCH	retained_input	200000	0.045220000	399985.55383443867
BENCH	branching	200000	0.030345000	1.6005902475563216
BENCH	helper_control	200000	0.054450000	3.7152600782050693
616.20;msec;task-clock:u;0.32%;616204081;100.00;0.989;CPUs utilized
1362806154;;cycles:u;0.05%;616334748;100.00;2.208;GHz
3897253970;;instructions:u;0.00%;616334748;100.00;2.86;insn per cycle
154568;;branch-misses:u;0.70%;616334748;100.00;;
1433968341;;cache-references:u;0.00%;616334748;100.00;2.323;G/sec
243682;;cache-misses:u;0.27%;616334748;100.00;0.017;of all cache refs
787;;page-faults:u;0.04%;616204081;100.00;1.275;K/sec
0;;context-switches:u;0.00%;616204081;100.00;0.000;/sec
