# To display the perf.data header info, please use --header/--header-only options.
#
#
# Total Lost Samples: 0
#
# Samples: 320  of event 'cycles:u'
# Event count (approx.): 1359804410
#
# Children      Self  Command  Shared Object                 Symbol                                                                                                                                                                                              
# ........  ........  .......  ............................  ....................................................................................................................................................................................................
#
    27.43%    10.73%  sqgi     sqgi                          [.] sqjit_a64_helper_member_closure_guard
            |          
             --16.70%--sqjit_a64_helper_member_closure_guard
                       sqjit_a64_helper_member_closure_guard
                       sqjit_a64_borrow_member_ptr_value
                       |          
                        --12.34%--SQTable::GetRawSlot (inlined)
                                  |          
                                  |--4.68%--SQTable::_Get (inlined)
                                  |          
                                   --4.31%--HashObj (inlined)

    18.04%    18.04%  sqgi     sqgi                          [.] sqjit_a64_borrow_member_ptr_value
    13.35%     0.00%  sqgi     sqgi                          [.] SQTable::GetRawSlot (inlined)
            |
            ---SQTable::GetRawSlot (inlined)
               |          
               |--5.36%--SQTable::_Get (inlined)
               |          
                --4.64%--HashObj (inlined)

     8.70%     0.00%  sqgi     [JIT] tid 596145              [.] 0x0000ffffbdb021d3
            |
            ---0xffffbdb021d3
               |          
                --2.01%--0xffffbdb02284

     7.03%     0.00%  sqgi     [JIT] tid 596145              [.] 0x0000ffffbdb0422f
            |
            ---0xffffbdb0422f

     7.03%     0.00%  sqgi     [JIT] tid 596145              [.] 0x0000ffffbdb00153
            |
            ---0xffffbdb00153
               |          
                --2.34%--0xffffbdb00153
                          sqjit_a64_helper_member_closure_guard

     6.37%     0.00%  sqgi     [JIT] tid 596145              [.] 0x0000ffffbdb03313
            |
            ---0xffffbdb03313

     5.37%     0.00%  sqgi     [JIT] tid 596145              [.] 0x0000ffffbdb0361b
            |
            ---0xffffbdb0361b
               |          
                --2.01%--0xffffbdb0361b
                          sqjit_a64_helper_member_closure_guard

     5.36%     0.00%  sqgi     [JIT] tid 596145              [.] 0x0000ffffbdaff19f
            |
            ---0xffffbdaff19f
               |          
                --2.68%--0xffffbdaff1e8

     5.36%     0.00%  sqgi     [JIT] tid 596145              [.] 0x0000ffffbdb03793
            |
            ---0xffffbdb03793
               |          
                --2.01%--0xffffbdb03793
                          sqjit_a64_helper_member_closure_guard

     5.36%     0.00%  sqgi     [JIT] tid 596145              [.] 0x0000ffffbdb05153
            |
            ---0xffffbdb05153

     5.36%     0.00%  sqgi     sqgi                          [.] SQTable::_Get (inlined)
            |
            ---SQTable::_Get (inlined)

     5.34%     0.00%  sqgi     [JIT] tid 596145              [.] 0x0000ffffbdb0128f
            |
            ---0xffffbdb0128f

     5.03%     0.00%  sqgi     [JIT] tid 596145              [.] 0x0000ffffbdaff1ff
            |
            ---0xffffbdaff1ff

     5.01%     0.00%  sqgi     [JIT] tid 596145              [.] 0x0000ffffbdb011d7
            |
            ---0xffffbdb011d7
               |          
                --2.01%--0xffffbdb011d7
                          sqjit_a64_helper_member_closure_guard

     4.68%     0.00%  sqgi     [JIT] tid 596145              [.] 0x0000ffffbdb043af
            |
            ---0xffffbdb043af
               |          
                --2.67%--0xffffbdb043af
                          sqjit_a64_helper_member_closure_guard

     4.64%     0.00%  sqgi     sqgi                          [.] HashObj (inlined)
            |
            ---HashObj (inlined)

     4.36%     0.00%  sqgi     [JIT] tid 596145              [.] 0x0000ffffbdb0355f
            |
            ---0xffffbdb0355f
               |          
                --2.01%--0xffffbdb035c8

     4.03%     0.00%  sqgi     [JIT] tid 596145              [.] 0x0000ffffbdb0384f
            |
            ---0xffffbdb0384f

     3.69%     0.00%  sqgi     [JIT] tid 596145              [.] 0x0000ffffbdb036d7
            |
            ---0xffffbdb036d7

     3.68%     0.00%  sqgi     [JIT] tid 596145              [.] 0x0000ffffbdb0446f
            |
            ---0xffffbdb0446f

     3.35%     0.00%  sqgi     [JIT] tid 596145              [.] 0x0000ffffbdb034a3
            |
            ---0xffffbdb034a3

     3.02%     0.00%  sqgi     [JIT] tid 596145              [.] 0x0000ffffbdb033e7
            |
            ---0xffffbdb033e7

     3.01%     0.00%  sqgi     [JIT] tid 596145              [.] 0x0000ffffbdb042ef
            |
            ---0xffffbdb042ef

     2.68%     2.68%  sqgi     [JIT] tid 596145              [.] 0x0000ffffbdaff1e8
            |
            ---0xffffbdaff19f
               0xffffbdaff1e8

     2.35%     0.00%  sqgi     sqgi                          [.] sqjit_a64_borrow_member_value_with_root (inlined)
            |
            ---sqjit_a64_borrow_member_value_with_root (inlined)

     2.35%     0.00%  sqgi     [JIT] tid 596145              [.] 0x0000ffffbdaff153
            |
            ---0xffffbdaff153
               |          
                --2.01%--0xffffbdaff153
                          sqjit_a64_helper_member_closure_guard

     2.01%     2.01%  sqgi     [JIT] tid 596145              [.] 0x0000ffffbdb035c8
            |
            ---0xffffbdb0355f
               0xffffbdb035c8

     2.01%     2.01%  sqgi     [JIT] tid 596145              [.] 0x0000ffffbdb02284
            |
            ---0xffffbdb021d3
               0xffffbdb02284



#
# (Cannot load tips.txt file, please install perf!)
#
