BENCH	direct_call	3200000	0.033738	563347
BENCH	branch_call	3200000	0.031429	599062
BENCH	float_call	3200000	0.021484	8.2204724409448815
BENCH	numeric_loop	3200000	0.022849	612398470
BENCH	vector	160000	0.364900	0.12553851953971693
BENCH	dynamic_member	160000	0.731225	7261462
BENCH	dynamic_key_get_set	160000	0.182556	6566091
BENCH	object_member_write_fallback	160000	0.471806	595919
BENCH	array_append	160000	0.130200	3048687
BENCH	array_write	160000	0.037919	831988
BENCH	array_read	3200000	0.007068	8000000
BENCH	array_float	3200000	0.006791	6400000
BENCH	math_intrinsic	160000	0.200994	2418270.8295144332
BENCH	math_variable	160000	0.217925	313782.39947747899
BENCH	matrix	160000	0.311200	-0.024510798820940455
BENCH	direct_call	3200000	0.033981	563347
BENCH	branch_call	3200000	0.031465	599062
BENCH	float_call	3200000	0.021139	8.2204724409448815
BENCH	numeric_loop	3200000	0.022857	612398470
BENCH	vector	160000	0.364319	0.12553851953971693
BENCH	dynamic_member	160000	0.723762	7261462
BENCH	dynamic_key_get_set	160000	0.182400	6566091
BENCH	object_member_write_fallback	160000	0.472813	595919
BENCH	array_append	160000	0.140644	3048687
BENCH	array_write	160000	0.037025	831988
BENCH	array_read	3200000	0.007091	8000000
BENCH	array_float	3200000	0.006828	6400000
BENCH	math_intrinsic	160000	0.200969	2418270.8295144332
BENCH	math_variable	160000	0.218481	313782.39947747899
BENCH	matrix	160000	0.310206	-0.024510798820940455
BENCH	direct_call	3200000	0.033906	563347
BENCH	branch_call	3200000	0.031668	599062
BENCH	float_call	3200000	0.020984	8.2204724409448815
BENCH	numeric_loop	3200000	0.022854	612398470
BENCH	vector	160000	0.376287	0.12553851953971693
BENCH	dynamic_member	160000	0.724956	7261462
BENCH	dynamic_key_get_set	160000	0.182494	6566091
BENCH	object_member_write_fallback	160000	0.471425	595919
BENCH	array_append	160000	0.130494	3048687
BENCH	array_write	160000	0.036719	831988
BENCH	array_read	3200000	0.007128	8000000
BENCH	array_float	3200000	0.006758	6400000
BENCH	math_intrinsic	160000	0.202006	2418270.8295144332
BENCH	math_variable	160000	0.218006	313782.39947747899
BENCH	matrix	160000	0.312044	-0.024510798820940455
4932.54;msec;task-clock:u;0.10%;4932543857;100.00;0.998;CPUs utilized
11159548948;;cycles:u;0.08%;4932985732;100.00;2.262;GHz
28654348104;;instructions:u;0.00%;4932985732;100.00;2.57;insn per cycle
3350694;;branch-misses:u;3.60%;4932985732;100.00;;
11755983807;;cache-references:u;0.11%;4932985732;100.00;2.382;G/sec
1283850;;cache-misses:u;0.72%;4932985732;100.00;0.011;of all cache refs
10511;;page-faults:u;0.01%;4932543857;100.00;2.130;K/sec
0;;context-switches:u;0.00%;4932543857;100.00;0.000;/sec
