# To display the perf.data header info, please use --header/--header-only options.
#
#
# Total Lost Samples: 0
#
# Samples: 1K of event 'cycles:u'
# Event count (approx.): 5946548566
#
# Children      Self  Command  Shared Object            Symbol                                         
# ........  ........  .......  .......................  ...............................................
#
    80.15%     0.00%  sqgi     sqgi                     [.] _start
            |
            ---_start
               __libc_start_main_impl (inlined)
               __libc_start_call_main
               |          
                --80.08%--main
                          |          
                           --80.04%--sq_call
                                     SQVM::Execute
                                     |          
                                     |--6.78%--sqjit_try_execute_current
                                     |          |          
                                     |           --3.26%--SQVM::Return
                                     |          
                                     |--6.67%--sq_member_cache_hit (inlined)
                                     |          |          
                                     |           --4.60%--SQTable::GetCachedSlot (inlined)
                                     |          
                                     |--5.87%--SQObjectPtr::operator= (inlined)
                                     |          
                                     |--3.52%--SQVM::Get
                                     |          |          
                                     |           --2.07%--SQTable::Get
                                     |          
                                     |--3.45%--sqjit_try_execute_current_loop
                                     |          
                                     |--2.91%--sq_member_raw_slot (inlined)
                                     |          SQTable::GetRawSlot (inlined)
                                     |          
                                     |--2.69%--sq_vm_member_cache_for (inlined)
                                     |          |          
                                     |           --2.23%--SQFunctionProto::MemberCacheAt (inlined)
                                     |          
                                     |--2.60%--SQArray::Get (inlined)
                                     |          
                                      --2.30%--SQVM::CMP_OP

    80.15%     0.00%  sqgi     libc.so.6                [.] __libc_start_main_impl (inlined)
            |
            ---__libc_start_main_impl (inlined)
               __libc_start_call_main
               |          
                --80.08%--main
                          |          
                           --80.04%--sq_call
                                     SQVM::Execute
                                     |          
                                     |--6.78%--sqjit_try_execute_current
                                     |          |          
                                     |           --3.26%--SQVM::Return
                                     |          
                                     |--6.67%--sq_member_cache_hit (inlined)
                                     |          |          
                                     |           --4.60%--SQTable::GetCachedSlot (inlined)
                                     |          
                                     |--5.87%--SQObjectPtr::operator= (inlined)
                                     |          
                                     |--3.52%--SQVM::Get
                                     |          |          
                                     |           --2.07%--SQTable::Get
                                     |          
                                     |--3.45%--sqjit_try_execute_current_loop
                                     |          
                                     |--2.91%--sq_member_raw_slot (inlined)
                                     |          SQTable::GetRawSlot (inlined)
                                     |          
                                     |--2.69%--sq_vm_member_cache_for (inlined)
                                     |          |          
                                     |           --2.23%--SQFunctionProto::MemberCacheAt (inlined)
                                     |          
                                     |--2.60%--SQArray::Get (inlined)
                                     |          
                                      --2.30%--SQVM::CMP_OP

    80.15%     0.00%  sqgi     libc.so.6                [.] __libc_start_call_main
            |
            ---__libc_start_call_main
               |          
                --80.08%--main
                          |          
                           --80.04%--sq_call
                                     SQVM::Execute
                                     |          
                                     |--6.78%--sqjit_try_execute_current
                                     |          |          
                                     |           --3.26%--SQVM::Return
                                     |          
                                     |--6.67%--sq_member_cache_hit (inlined)
                                     |          |          
                                     |           --4.60%--SQTable::GetCachedSlot (inlined)
                                     |          
                                     |--5.87%--SQObjectPtr::operator= (inlined)
                                     |          
                                     |--3.52%--SQVM::Get
                                     |          |          
                                     |           --2.07%--SQTable::Get
                                     |          
                                     |--3.45%--sqjit_try_execute_current_loop
                                     |          
                                     |--2.91%--sq_member_raw_slot (inlined)
                                     |          SQTable::GetRawSlot (inlined)
                                     |          
                                     |--2.69%--sq_vm_member_cache_for (inlined)
                                     |          |          
                                     |           --2.23%--SQFunctionProto::MemberCacheAt (inlined)
                                     |          
                                     |--2.60%--SQArray::Get (inlined)
                                     |          
                                      --2.30%--SQVM::CMP_OP

    80.08%     0.00%  sqgi     sqgi                     [.] main
            |
            ---main
               |          
                --80.04%--sq_call
                          SQVM::Execute
                          |          
                          |--6.78%--sqjit_try_execute_current
                          |          |          
                          |           --3.26%--SQVM::Return
                          |          
                          |--6.67%--sq_member_cache_hit (inlined)
                          |          |          
                          |           --4.60%--SQTable::GetCachedSlot (inlined)
                          |          
                          |--5.87%--SQObjectPtr::operator= (inlined)
                          |          
                          |--3.52%--SQVM::Get
                          |          |          
                          |           --2.07%--SQTable::Get
                          |          
                          |--3.45%--sqjit_try_execute_current_loop
                          |          
                          |--2.91%--sq_member_raw_slot (inlined)
                          |          SQTable::GetRawSlot (inlined)
                          |          
                          |--2.69%--sq_vm_member_cache_for (inlined)
                          |          |          
                          |           --2.23%--SQFunctionProto::MemberCacheAt (inlined)
                          |          
                          |--2.60%--SQArray::Get (inlined)
                          |          
                           --2.30%--SQVM::CMP_OP

    80.04%    60.26%  sqgi     sqgi                     [.] SQVM::Execute
            |          
            |--60.26%--_start
            |          __libc_start_main_impl (inlined)
            |          __libc_start_call_main
            |          main
            |          sq_call
            |          SQVM::Execute
            |          |          
            |          |--6.37%--sq_member_cache_hit (inlined)
            |          |          |          
            |          |           --4.60%--SQTable::GetCachedSlot (inlined)
            |          |          
            |          |--5.87%--SQObjectPtr::operator= (inlined)
            |          |          
            |          |--2.91%--sq_member_raw_slot (inlined)
            |          |          SQTable::GetRawSlot (inlined)
            |          |          
            |          |--2.69%--sq_vm_member_cache_for (inlined)
            |          |          |          
            |          |           --2.23%--SQFunctionProto::MemberCacheAt (inlined)
            |          |          
            |           --2.60%--SQArray::Get (inlined)
            |          
             --19.78%--SQVM::Execute
                       |          
                       |--6.78%--sqjit_try_execute_current
                       |          |          
                       |           --3.26%--SQVM::Return
                       |          
                       |--3.52%--SQVM::Get
                       |          |          
                       |           --2.07%--SQTable::Get
                       |          
                       |--3.45%--sqjit_try_execute_current_loop
                       |          
                        --2.30%--SQVM::CMP_OP

    80.04%     0.00%  sqgi     sqgi                     [.] sq_call
            |
            ---sq_call
               SQVM::Execute
               |          
               |--6.78%--sqjit_try_execute_current
               |          |          
               |           --3.26%--SQVM::Return
               |          
               |--6.67%--sq_member_cache_hit (inlined)
               |          |          
               |           --4.60%--SQTable::GetCachedSlot (inlined)
               |          
               |--5.87%--SQObjectPtr::operator= (inlined)
               |          
               |--3.52%--SQVM::Get
               |          |          
               |           --2.07%--SQTable::Get
               |          
               |--3.45%--sqjit_try_execute_current_loop
               |          
               |--2.91%--sq_member_raw_slot (inlined)
               |          SQTable::GetRawSlot (inlined)
               |          
               |--2.69%--sq_vm_member_cache_for (inlined)
               |          |          
               |           --2.23%--SQFunctionProto::MemberCacheAt (inlined)
               |          
               |--2.60%--SQArray::Get (inlined)
               |          
                --2.30%--SQVM::CMP_OP

     7.01%     1.76%  sqgi     sqgi                     [.] sqjit_try_execute_current
            |          
             --5.26%--sqjit_try_execute_current
                       |          
                        --3.26%--SQVM::Return

     6.95%     0.00%  sqgi     sqgi                     [.] SQObjectPtr::operator= (inlined)
            |
            ---SQObjectPtr::operator= (inlined)

     6.67%     0.00%  sqgi     sqgi                     [.] sq_member_cache_hit (inlined)
            |
            ---sq_member_cache_hit (inlined)
               |          
                --4.60%--SQTable::GetCachedSlot (inlined)

     4.75%     0.00%  sqgi     [JIT] tid 595912         [.] 0x0000ffff8d6e642f
            |
            ---0xffff8d6e642f

     4.60%     0.00%  sqgi     sqgi                     [.] SQTable::GetCachedSlot (inlined)
            |
            ---SQTable::GetCachedSlot (inlined)

     3.58%     3.58%  sqgi     sqgi                     [.] sqjit_a64_precise_step<(SQOpcode)14, false>
            |          
             --2.22%--0xffff8d6e7157
                       0xffff8d6e7157
                       sqjit_a64_precise_step<(SQOpcode)14, false>

     3.52%     0.92%  sqgi     sqgi                     [.] SQVM::Get
            |          
             --2.60%--SQVM::Get
                       |          
                        --2.07%--SQTable::Get

     3.45%     2.61%  sqgi     sqgi                     [.] sqjit_try_execute_current_loop
            |          
             --2.61%--_start
                       __libc_start_main_impl (inlined)
                       __libc_start_call_main
                       main
                       sq_call
                       SQVM::Execute
                       sqjit_try_execute_current_loop

     3.34%     0.00%  sqgi     [JIT] tid 595912         [.] 0x0000ffff8d6e84c7
            |
            ---0xffff8d6e84c7

     3.26%     1.50%  sqgi     sqgi                     [.] SQVM::Return
     2.99%     2.99%  sqgi     sqgi                     [.] SQTable::Get
            |          
             --2.07%--_start
                       __libc_start_main_impl (inlined)
                       __libc_start_call_main
                       main
                       sq_call
                       SQVM::Execute
                       SQVM::Get
                       SQTable::Get

     2.91%     1.99%  sqgi     sqgi                     [.] sqjit_number_conversion_guard
     2.91%     0.00%  sqgi     sqgi                     [.] sq_member_raw_slot (inlined)
            |
            ---sq_member_raw_slot (inlined)
               SQTable::GetRawSlot (inlined)

     2.91%     0.00%  sqgi     sqgi                     [.] SQTable::GetRawSlot (inlined)
            |
            ---SQTable::GetRawSlot (inlined)

     2.84%     0.00%  sqgi     [JIT] tid 595912         [.] 0x0000ffff8d6e7157
            |
            ---0xffff8d6e7157
               |          
                --2.22%--0xffff8d6e7157
                          sqjit_a64_precise_step<(SQOpcode)14, false>

     2.69%     0.00%  sqgi     sqgi                     [.] sq_vm_member_cache_for (inlined)
            |
            ---sq_vm_member_cache_for (inlined)
               |          
                --2.23%--SQFunctionProto::MemberCacheAt (inlined)

     2.60%     0.00%  sqgi     sqgi                     [.] SQArray::Get (inlined)
            |
            ---SQArray::Get (inlined)

     2.30%     0.92%  sqgi     sqgi                     [.] SQVM::CMP_OP
     2.28%     0.00%  sqgi     sqgi                     [.] sqjit_a64_precise_member<false> (inlined)
            |
            ---sqjit_a64_precise_member<false> (inlined)

     2.23%     0.00%  sqgi     sqgi                     [.] SQFunctionProto::MemberCacheAt (inlined)
            |
            ---SQFunctionProto::MemberCacheAt (inlined)

     2.06%     2.06%  sqgi     sqgi                     [.] sqjit_a64_precise_step<(SQOpcode)9, true>


#
# (Cannot load tips.txt file, please install perf!)
#
