BENCH	table_events_97	200000	0.417055000	10069540
BENCH	class_events_97	200000	0.411505000	10069540
BENCH	buffers_7	200000	0.433520000	65667
BENCH	buffers_31	200000	0.433195000	651677
BENCH	calibrate_17	200000	0.083455000	1040538.515625
BENCH	calibrate_67	200000	0.083930000	1040417.796875
BENCH	table_events_97	200000	0.417160000	10069540
BENCH	class_events_97	200000	0.414465000	10069540
BENCH	buffers_7	200000	0.432985000	65667
BENCH	buffers_31	200000	0.433685000	651677
BENCH	calibrate_17	200000	0.091765000	1040538.515625
BENCH	calibrate_67	200000	0.092015000	1040417.796875
BENCH	table_events_97	200000	0.415445000	10069540
BENCH	class_events_97	200000	0.411305000	10069540
BENCH	buffers_7	200000	0.433455000	65667
BENCH	buffers_31	200000	0.434155000	651677
BENCH	calibrate_17	200000	0.083740000	1040538.515625
BENCH	calibrate_67	200000	0.084365000	1040417.796875
2631.44;msec;task-clock:u;0.33%;2631440577;100.00;0.993;CPUs utilized
5969195108;;cycles:u;0.34%;2631693449;100.00;2.258;GHz
17363938752;;instructions:u;0.00%;2631693449;100.00;2.90;insn per cycle
3358294;;branch-misses:u;0.18%;2631693449;100.00;;
7150745273;;cache-references:u;0.01%;2631693449;100.00;2.704;G/sec
5463929;;cache-misses:u;1.50%;2631693449;100.00;0.076;of all cache refs
811;;page-faults:u;0.07%;2631440577;100.00;306.718;/sec
0;;context-switches:u;0.00%;2631440577;100.00;0.000;/sec
