BENCH	transfer_table	200000	0.434625000	141925
BENCH	transfer_class	200000	0.446220000	141925
BENCH	transfer_mixed	200000	0.448915000	141925
BENCH	publish_table	200000	0.387710000	410680
BENCH	publish_class	200000	0.396530000	410680
BENCH	publish_mixed	200000	0.398880000	410680
BENCH	transfer_table	200000	0.429375000	141925
BENCH	transfer_class	200000	0.440755000	141925
BENCH	transfer_mixed	200000	0.442110000	141925
BENCH	publish_table	200000	0.388575000	410680
BENCH	publish_class	200000	0.396860000	410680
BENCH	publish_mixed	200000	0.399225000	410680
BENCH	transfer_table	200000	0.428230000	141925
BENCH	transfer_class	200000	0.439005000	141925
BENCH	transfer_mixed	200000	0.441170000	141925
BENCH	publish_table	200000	0.386550000	410680
BENCH	publish_class	200000	0.395325000	410680
BENCH	publish_mixed	200000	0.398715000	410680
3510.91;msec;task-clock:u;0.28%;3510906864;100.00;0.993;CPUs utilized
7994614901;;cycles:u;0.24%;3511244312;100.00;2.265;GHz
23316792932;;instructions:u;0.00%;3511244312;100.00;2.91;insn per cycle
2396761;;branch-misses:u;10.49%;3511244312;100.00;;
9603145205;;cache-references:u;0.01%;3511244312;100.00;2.721;G/sec
311882;;cache-misses:u;24.72%;3511244312;100.00;0.003;of all cache refs
796;;page-faults:u;0.08%;3510906864;100.00;225.518;/sec
0;;context-switches:u;0.00%;3510906864;100.00;0.000;/sec
