# To display the perf.data header info, please use --header/--header-only options.
#
#
# Total Lost Samples: 0
#
# Samples: 1K of event 'cycles:u'
# Event count (approx.): 7986774774
#
# Children      Self  Command  Shared Object            Symbol                                         
# ........  ........  .......  .......................  ...............................................
#
    73.35%     0.00%  sqgi     libc.so.6                [.] __libc_start_call_main
            |
            ---__libc_start_call_main
               __libc_start_call_main
               main
               |          
                --73.28%--sq_call
                          SQVM::Execute
                          |          
                          |--11.72%--sqjit_try_execute_current
                          |          |          
                          |           --4.32%--SQVM::Return
                          |          
                          |--4.39%--SQArray::Get (inlined)
                          |          |          
                          |           --3.71%--SQArray::Get (inlined)
                          |          
                          |--4.11%--SQObjectPtr::operator= (inlined)
                          |          
                          |--3.83%--SQVM::StartCall
                          |          
                          |--3.74%--sqjit_try_execute_current_loop
                          |          
                          |--2.74%--SQVM::CMP_OP
                          |          
                           --2.05%--sqjit_try_execute_closure

    73.35%     0.00%  sqgi     sqgi                     [.] main
            |
            ---main
               |          
                --73.28%--sq_call
                          SQVM::Execute
                          |          
                          |--11.72%--sqjit_try_execute_current
                          |          |          
                          |           --4.32%--SQVM::Return
                          |          
                          |--4.39%--SQArray::Get (inlined)
                          |          |          
                          |           --3.71%--SQArray::Get (inlined)
                          |          
                          |--4.11%--SQObjectPtr::operator= (inlined)
                          |          
                          |--3.83%--SQVM::StartCall
                          |          
                          |--3.74%--sqjit_try_execute_current_loop
                          |          
                          |--2.74%--SQVM::CMP_OP
                          |          
                           --2.05%--sqjit_try_execute_closure

    73.28%     0.00%  sqgi     sqgi                     [.] sq_call
            |
            ---sq_call
               SQVM::Execute
               |          
               |--11.72%--sqjit_try_execute_current
               |          |          
               |           --4.32%--SQVM::Return
               |          
               |--4.39%--SQArray::Get (inlined)
               |          |          
               |           --3.71%--SQArray::Get (inlined)
               |          
               |--4.11%--SQObjectPtr::operator= (inlined)
               |          
               |--3.83%--SQVM::StartCall
               |          
               |--3.74%--sqjit_try_execute_current_loop
               |          
               |--2.74%--SQVM::CMP_OP
               |          
                --2.05%--sqjit_try_execute_closure

    73.28%    46.59%  sqgi     sqgi                     [.] SQVM::Execute
            |          
            |--46.59%--__libc_start_call_main
            |          __libc_start_call_main
            |          main
            |          sq_call
            |          SQVM::Execute
            |          |          
            |          |--4.39%--SQArray::Get (inlined)
            |          |          |          
            |          |           --3.71%--SQArray::Get (inlined)
            |          |          
            |           --4.11%--SQObjectPtr::operator= (inlined)
            |          
             --26.69%--SQVM::Execute
                       |          
                       |--11.72%--sqjit_try_execute_current
                       |          |          
                       |           --4.32%--SQVM::Return
                       |          
                       |--3.83%--SQVM::StartCall
                       |          
                       |--3.74%--sqjit_try_execute_current_loop
                       |          
                       |--2.74%--SQVM::CMP_OP
                       |          
                        --2.05%--sqjit_try_execute_closure

    12.24%     4.67%  sqgi     sqgi                     [.] sqjit_try_execute_current
            |          
            |--7.57%--sqjit_try_execute_current
            |          |          
            |           --4.32%--SQVM::Return
            |          
             --4.67%--__libc_start_call_main
                       __libc_start_call_main
                       main
                       sq_call
                       SQVM::Execute
                       sqjit_try_execute_current

    10.04%     9.02%  sqgi     sqgi                     [.] sqjit_a64_precise_step<(SQOpcode)13, true>
            |          
            |--2.91%--0xffffa906812f
            |          0xffffa906812f
            |          sqjit_a64_precise_step<(SQOpcode)13, true>
            |          |          
            |           --2.05%--sqjit_a64_precise_member<true> (inlined)
            |          
             --2.40%--0xffffa90682ef
                       0xffffa90682ef
                       sqjit_a64_precise_step<(SQOpcode)13, true>

     5.36%     0.00%  sqgi     sqgi                     [.] sqjit_a64_precise_member<true> (inlined)
            |
            ---sqjit_a64_precise_member<true> (inlined)
               |          
                --4.68%--sq_member_raw_slot (inlined)
                          |          
                           --2.57%--SQTable::GetRawSlot (inlined)

     5.19%     0.00%  sqgi     sqgi                     [.] SQObjectPtr::operator= (inlined)
            |
            ---SQObjectPtr::operator= (inlined)

     4.71%     0.00%  sqgi     [JIT] tid 596051         [.] 0x0000ffffa90690eb
            |
            ---0xffffa90690eb
               |          
                --2.74%--0xffffa90690eb
                          sqjit_a64_precise_step<(SQOpcode)14, true>

     4.68%     0.00%  sqgi     sqgi                     [.] sq_member_raw_slot (inlined)
            |
            ---sq_member_raw_slot (inlined)
               |          
                --2.57%--SQTable::GetRawSlot (inlined)

     4.56%     0.00%  sqgi     [JIT] tid 596051         [.] 0x0000ffffa90693d7
            |
            ---0xffffa90693d7
               |          
                --2.22%--0xffffa90693d7
                          sqjit_a64_precise_step<(SQOpcode)13, true>

     4.45%     0.00%  sqgi     sqgi                     [.] SQTable::GetRawSlot (inlined)
            |
            ---SQTable::GetRawSlot (inlined)
               |          
                --2.91%--SQTable::_Get (inlined)

     4.39%     0.00%  sqgi     sqgi                     [.] SQArray::Get (inlined)
            |
            ---SQArray::Get (inlined)
               |          
                --3.71%--SQArray::Get (inlined)

     4.32%     2.61%  sqgi     sqgi                     [.] SQVM::Return
            |          
             --2.61%--__libc_start_call_main
                       __libc_start_call_main
                       main
                       sq_call
                       SQVM::Execute
                       sqjit_try_execute_current
                       SQVM::Return

     3.94%     0.00%  sqgi     [JIT] tid 596051         [.] 0x0000ffffa90682ef
            |
            ---0xffffa90682ef
               |          
                --2.40%--0xffffa90682ef
                          sqjit_a64_precise_step<(SQOpcode)13, true>

     3.83%     3.03%  sqgi     sqgi                     [.] SQVM::StartCall
            |          
             --3.03%--__libc_start_call_main
                       __libc_start_call_main
                       main
                       sq_call
                       SQVM::Execute
                       SQVM::StartCall

     3.82%     0.00%  sqgi     [JIT] tid 596051         [.] 0x0000ffffa906812f
            |
            ---0xffffa906812f
               |          
                --3.25%--0xffffa906812f
                          sqjit_a64_precise_step<(SQOpcode)13, true>
                          |          
                           --2.05%--sqjit_a64_precise_member<true> (inlined)

     3.74%     2.60%  sqgi     sqgi                     [.] sqjit_try_execute_current_loop
            |          
             --2.60%--__libc_start_call_main
                       __libc_start_call_main
                       main
                       sq_call
                       SQVM::Execute
                       sqjit_try_execute_current_loop

     2.91%     2.91%  sqgi     sqgi                     [.] sqjit_a64_precise_step<(SQOpcode)9, true>
            |
            ---0xffffa9069083
               0xffffa9069083
               |          
                --2.57%--sqjit_a64_precise_step<(SQOpcode)9, true>

     2.91%     0.00%  sqgi     [JIT] tid 596051         [.] 0x0000ffffa9069083
            |
            ---0xffffa9069083
               0xffffa9069083
               |          
                --2.57%--sqjit_a64_precise_step<(SQOpcode)9, true>

     2.91%     0.00%  sqgi     sqgi                     [.] SQTable::_Get (inlined)
            |
            ---SQTable::_Get (inlined)

     2.74%     1.14%  sqgi     sqgi                     [.] SQVM::CMP_OP
     2.74%     2.74%  sqgi     sqgi                     [.] sqjit_a64_precise_step<(SQOpcode)14, true>
            |
            ---0xffffa90690eb
               0xffffa90690eb
               sqjit_a64_precise_step<(SQOpcode)14, true>

     2.23%     0.00%  sqgi     [JIT] tid 596051         [.] 0x0000ffffa906820f
            |
            ---0xffffa906820f
               |          
                --2.17%--0xffffa906820f
                          sqjit_a64_precise_step<(SQOpcode)13, true>

     2.05%     1.82%  sqgi     sqgi                     [.] sqjit_try_execute_closure


#
# (Cannot load tips.txt file, please install perf!)
#
