BENCH	table_owners_1	200000	0.161850000	5098276961
BENCH	table_owners_2	200000	0.162025000	5098477602
BENCH	table_owners_5	200000	0.162110000	5097878556
BENCH	table_owners_19	200000	0.162210000	5098684496
BENCH	table_owners_257	200000	0.162780000	5100408060
BENCH	class_owners_1	200000	0.162650000	5098276961
BENCH	class_owners_2	200000	0.162580000	5098477602
BENCH	class_owners_5	200000	0.162470000	5097878556
BENCH	class_owners_19	200000	0.162920000	5098684496
BENCH	class_owners_257	200000	0.163375000	5100408060
BENCH	table_owners_1	200000	0.161910000	5098276961
BENCH	table_owners_2	200000	0.161680000	5098477602
BENCH	table_owners_5	200000	0.162320000	5097878556
BENCH	table_owners_19	200000	0.162155000	5098684496
BENCH	table_owners_257	200000	0.162850000	5100408060
BENCH	class_owners_1	200000	0.162435000	5098276961
BENCH	class_owners_2	200000	0.162895000	5098477602
BENCH	class_owners_5	200000	0.162670000	5097878556
BENCH	class_owners_19	200000	0.162605000	5098684496
BENCH	class_owners_257	200000	0.162925000	5100408060
BENCH	table_owners_1	200000	0.161840000	5098276961
BENCH	table_owners_2	200000	0.161715000	5098477602
BENCH	table_owners_5	200000	0.161730000	5097878556
BENCH	table_owners_19	200000	0.162225000	5098684496
BENCH	table_owners_257	200000	0.162470000	5100408060
BENCH	class_owners_1	200000	0.161710000	5098276961
BENCH	class_owners_2	200000	0.161705000	5098477602
BENCH	class_owners_5	200000	0.161730000	5097878556
BENCH	class_owners_19	200000	0.161655000	5098684496
BENCH	class_owners_257	200000	0.162535000	5100408060
2287.44;msec;task-clock:u;0.31%;2287441034;100.00;0.991;CPUs utilized
5196389432;;cycles:u;0.11%;2287669413;100.00;2.258;GHz
15694209165;;instructions:u;0.00%;2287669413;100.00;3.01;insn per cycle
145775;;branch-misses:u;0.68%;2287669413;100.00;;
6044936433;;cache-references:u;0.00%;2287669413;100.00;2.627;G/sec
244404;;cache-misses:u;5.26%;2287669413;100.00;0.004;of all cache refs
787;;page-faults:u;0.15%;2287441034;100.00;342.023;/sec
0;;context-switches:u;0.00%;2287441034;100.00;0.000;/sec
