# To display the perf.data header info, please use --header/--header-only options.
#
#
# Total Lost Samples: 0
#
# Samples: 1K of event 'cycles:u'
# Event count (approx.): 5190931085
#
# Children      Self  Command  Shared Object          Symbol                                                                                                           
# ........  ........  .......  .....................  .................................................................................................................
#
    45.53%     0.00%  sqgi     [JIT] tid 595956       [.] 0x0000ffffb566b1a3
            |
            ---0xffffb566b1a3
               |          
                --15.24%--0xffffb566b1a3
                          |          
                           --14.93%--sqjit_a64_precise_step<(SQOpcode)29, false>
                                     |          
                                      --7.20%--SQVM::CMP_OP
                                                |          
                                                 --4.65%--SQVM::ObjCmp

    41.36%     0.00%  sqgi     [JIT] tid 595956       [.] 0x0000ffffb566be0b
            |
            ---0xffffb566be0b
               |          
                --10.40%--0xffffb566be0b
                          sqjit_a64_precise_step<(SQOpcode)4, false>
                          |          
                           --3.34%--SQObjectPtr::operator= (inlined)

    15.24%     6.20%  sqgi     sqgi                   [.] sqjit_a64_precise_step<(SQOpcode)29, false>
            |          
            |--9.04%--sqjit_a64_precise_step<(SQOpcode)29, false>
            |          |          
            |           --7.20%--SQVM::CMP_OP
            |                     |          
            |                      --4.65%--SQVM::ObjCmp
            |          
             --6.20%--0xffffb566b1a3
                       0xffffb566b1a3
                       |          
                        --5.89%--sqjit_a64_precise_step<(SQOpcode)29, false>

    12.82%     0.00%  sqgi     [JIT] tid 595956       [.] 0x0000ffffb566ca63
            |
            ---0xffffb566ca63
               |          
                --12.56%--0xffffb566ca63
                          |          
                           --12.13%--sqjit_a64_precise_step<(SQOpcode)39, false>
                                     |          
                                      --2.29%--sqjit_a64_precise_can_release (inlined)
                                                SQJitWriteLog::CanReleaseInContext

    12.56%    10.28%  sqgi     sqgi                   [.] sqjit_a64_precise_step<(SQOpcode)39, false>
            |          
            |--10.28%--0xffffb566ca63
            |          0xffffb566ca63
            |          |          
            |           --9.84%--sqjit_a64_precise_step<(SQOpcode)39, false>
            |          
             --2.29%--sqjit_a64_precise_step<(SQOpcode)39, false>
                       sqjit_a64_precise_can_release (inlined)
                       SQJitWriteLog::CanReleaseInContext

    10.40%     9.17%  sqgi     sqgi                   [.] sqjit_a64_precise_step<(SQOpcode)4, false>
            |          
             --9.17%--0xffffb566be0b
                       0xffffb566be0b
                       sqjit_a64_precise_step<(SQOpcode)4, false>
                       |          
                        --3.34%--SQObjectPtr::operator= (inlined)

     7.20%     2.55%  sqgi     sqgi                   [.] SQVM::CMP_OP
            |          
            |--4.65%--SQVM::CMP_OP
            |          SQVM::ObjCmp
            |          
             --2.55%--0xffffb566b1a3
                       0xffffb566b1a3
                       sqjit_a64_precise_step<(SQOpcode)29, false>
                       SQVM::CMP_OP

     4.65%     4.65%  sqgi     sqgi                   [.] SQVM::ObjCmp
            |
            ---0xffffb566b1a3
               0xffffb566b1a3
               sqjit_a64_precise_step<(SQOpcode)29, false>
               SQVM::CMP_OP
               SQVM::ObjCmp

     3.51%     3.51%  sqgi     sqgi                   [.] SQJitWriteLog::CanReleaseInContext
            |          
             --2.29%--0xffffb566ca63
                       0xffffb566ca63
                       sqjit_a64_precise_step<(SQOpcode)39, false>
                       sqjit_a64_precise_can_release (inlined)
                       SQJitWriteLog::CanReleaseInContext

     3.34%     0.00%  sqgi     sqgi                   [.] SQObjectPtr::operator= (inlined)
            |
            ---SQObjectPtr::operator= (inlined)

     2.29%     0.00%  sqgi     sqgi                   [.] sqjit_a64_precise_can_release (inlined)
            |
            ---sqjit_a64_precise_can_release (inlined)
               SQJitWriteLog::CanReleaseInContext



#
# (Cannot load tips.txt file, please install perf!)
#
