# To display the perf.data header info, please use --header/--header-only options.
#
#
# Total Lost Samples: 0
#
# Samples: 227  of event 'cycles:u'
# Event count (approx.): 888587814
#
# Children      Self  Command  Shared Object                 Symbol                                                                                                                                                            
# ........  ........  .......  ............................  ..................................................................................................................................................................
#
    28.23%     0.00%  sqgi     [JIT] tid 595889              [.] 0x0000ffffa2bd9207
            |
            ---0xffffa2bd9207
               |          
                --21.04%--0xffffa2bd9207
                          sqjit_a64_helper_member_set_reference_logged
                          |          
                          |--11.30%--sqjit_a64_helper_member_set_reference_logged
                          |          SQJitWriteLog::RecordMember
                          |          |          
                          |          |--7.19%--SQJitWriteLog::ContainsMember<true> (inlined)
                          |          |          |          
                          |          |           --3.59%--SQJitWriteLog::ContainsMember<true>(SQObjectPtr const&, SQObjectPtr const&, SQObjectPtr const&) const::{lambda(SQJitWriteLog::Entry const&)#1}::operator() (inlined)
                          |          |          
                          |           --2.05%--SQJitWriteLog::CanRelease
                          |          
                           --7.18%--sqjit_a64_member_store_slot (inlined)
                                     sqjit_a64_member_store_slot (inlined)
                                     |          
                                     |--4.10%--sqjit_a64_resolve_store_slot (inlined)
                                     |          |          
                                     |           --3.07%--sq_member_raw_slot (inlined)
                                     |                     SQTable::GetRawSlot (inlined)
                                     |                     |          
                                     |                      --2.56%--SQTable::_Get (inlined)
                                     |          
                                      --3.08%--sqjit_a64_helper_member_set_reference_logged
                                                sqjit_a64_resolve_root_store_slot

    24.62%    10.77%  sqgi     sqgi                          [.] sqjit_a64_helper_member_set_integer_logged
            |          
            |--13.85%--sqjit_a64_helper_member_set_integer_logged
            |          |          
            |          |--8.72%--sqjit_a64_helper_member_set_integer_logged
            |          |          SQJitWriteLog::RecordMember
            |          |          |          
            |          |          |--5.64%--SQJitWriteLog::CanRelease
            |          |          |          
            |          |           --2.05%--SQJitWriteLog::ContainsMember<false> (inlined)
            |          |          
            |           --4.62%--sqjit_a64_member_store_slot (inlined)
            |                     sqjit_a64_member_store_slot (inlined)
            |                     sqjit_a64_helper_member_set_integer_logged
            |                     sqjit_a64_resolve_root_store_slot
            |                     |          
            |                      --3.08%--SQTable::GetRawSlot (inlined)
            |          
            |--5.64%--0xffffa2bda1f3
            |          0xffffa2bda1f3
            |          sqjit_a64_helper_member_set_integer_logged
            |          |          
            |           --2.56%--sqjit_a64_member_store_slot (inlined)
            |                     sqjit_a64_member_store_slot (inlined)
            |                     sqjit_a64_resolve_store_slot (inlined)
            |                     |          
            |                      --2.05%--sq_member_raw_slot (inlined)
            |          
             --5.13%--0xffffa2bd81d7
                       0xffffa2bd81d7
                       sqjit_a64_helper_member_set_integer_logged
                       |          
                        --3.59%--sqjit_a64_member_store_slot (inlined)
                                  sqjit_a64_member_store_slot (inlined)
                                  |          
                                   --3.08%--sqjit_a64_resolve_store_slot (inlined)
                                             |          
                                              --2.57%--sq_member_raw_slot (inlined)
                                                        |          
                                                         --2.05%--SQTable::GetRawSlot (inlined)

    23.94%    15.22%  sqgi     sqgi                          [.] SQJitWriteLog::RecordMember
            |          
            |--9.24%--0xffffa2bd9207
            |          0xffffa2bd9207
            |          sqjit_a64_helper_member_set_reference_logged
            |          sqjit_a64_helper_member_set_reference_logged
            |          SQJitWriteLog::RecordMember
            |          |          
            |           --7.19%--SQJitWriteLog::ContainsMember<true> (inlined)
            |                     |          
            |                      --3.59%--SQJitWriteLog::ContainsMember<true>(SQObjectPtr const&, SQObjectPtr const&, SQObjectPtr const&) const::{lambda(SQJitWriteLog::Entry const&)#1}::operator() (inlined)
            |          
            |--8.72%--SQJitWriteLog::RecordMember
            |          SQJitWriteLog::CanRelease
            |          
            |--2.90%--0xffffa2bdb21f
            |          0xffffa2bdb21f
            |          sqjit_a64_helper_instance_field_set_integer_logged
            |          sqjit_a64_write_log_record_member (inlined)
            |          SQJitWriteLog::RecordMember
            |          |          
            |           --2.44%--SQJitWriteLog::ContainsMember<false> (inlined)
            |                     SQJitWriteLog::ContainsMember<false>(SQObjectPtr const&, SQObjectPtr const&, SQObjectPtr const&) const::{lambda(SQJitWriteLog::Entry const&)#1}::operator() (inlined)
            |          
             --2.57%--0xffffa2bd81d7
                       0xffffa2bd81d7
                       sqjit_a64_helper_member_set_integer_logged
                       sqjit_a64_helper_member_set_integer_logged
                       SQJitWriteLog::RecordMember

    21.47%     8.50%  sqgi     sqgi                          [.] sqjit_a64_helper_member_closure_guard
            |          
            |--12.98%--sqjit_a64_helper_member_closure_guard
            |          sqjit_a64_helper_member_closure_guard
            |          sqjit_a64_borrow_member_ptr_value
            |          |          
            |           --7.99%--SQTable::GetRawSlot (inlined)
            |                     |          
            |                      --5.44%--SQTable::_Get (inlined)
            |          
            |--2.57%--0xffffa2bda167
            |          0xffffa2bda167
            |          sqjit_a64_helper_member_closure_guard
            |          
            |--2.34%--0xffffa2bdb167
            |          0xffffa2bdb167
            |          sqjit_a64_helper_member_closure_guard
            |          
             --2.05%--0xffffa2bd814b
                       0xffffa2bd814b
                       sqjit_a64_helper_member_closure_guard

    21.04%     6.66%  sqgi     sqgi                          [.] sqjit_a64_helper_member_set_reference_logged
            |          
            |--14.38%--sqjit_a64_helper_member_set_reference_logged
            |          |          
            |          |--11.30%--sqjit_a64_helper_member_set_reference_logged
            |          |          SQJitWriteLog::RecordMember
            |          |          |          
            |          |          |--7.19%--SQJitWriteLog::ContainsMember<true> (inlined)
            |          |          |          |          
            |          |          |           --3.59%--SQJitWriteLog::ContainsMember<true>(SQObjectPtr const&, SQObjectPtr const&, SQObjectPtr const&) const::{lambda(SQJitWriteLog::Entry const&)#1}::operator() (inlined)
            |          |          |          
            |          |           --2.05%--SQJitWriteLog::CanRelease
            |          |          
            |           --3.08%--sqjit_a64_member_store_slot (inlined)
            |                     sqjit_a64_member_store_slot (inlined)
            |                     sqjit_a64_helper_member_set_reference_logged
            |                     sqjit_a64_resolve_root_store_slot
            |          
             --6.66%--0xffffa2bd9207
                       0xffffa2bd9207
                       sqjit_a64_helper_member_set_reference_logged
                       |          
                        --4.10%--sqjit_a64_member_store_slot (inlined)
                                  sqjit_a64_member_store_slot (inlined)
                                  sqjit_a64_resolve_store_slot (inlined)
                                  |          
                                   --3.07%--sq_member_raw_slot (inlined)
                                             SQTable::GetRawSlot (inlined)
                                             |          
                                              --2.56%--SQTable::_Get (inlined)

    16.42%     0.00%  sqgi     [JIT] tid 595889              [.] 0x0000ffffa2bd81d7
            |
            ---0xffffa2bd81d7
               |          
                --13.86%--0xffffa2bd81d7
                          sqjit_a64_helper_member_set_integer_logged
                          |          
                          |--6.67%--sqjit_a64_member_store_slot (inlined)
                          |          sqjit_a64_member_store_slot (inlined)
                          |          |          
                          |          |--3.08%--sqjit_a64_helper_member_set_integer_logged
                          |          |          sqjit_a64_resolve_root_store_slot
                          |          |          
                          |           --3.08%--sqjit_a64_resolve_store_slot (inlined)
                          |                     |          
                          |                      --2.57%--sq_member_raw_slot (inlined)
                          |                                |          
                          |                                 --2.05%--SQTable::GetRawSlot (inlined)
                          |          
                           --5.13%--sqjit_a64_helper_member_set_integer_logged
                                     SQJitWriteLog::RecordMember
                                     |          
                                      --2.56%--SQJitWriteLog::CanRelease

    12.98%    12.98%  sqgi     sqgi                          [.] sqjit_a64_borrow_member_ptr_value
            |          
            |--4.77%--0xffffa2bdb167
            |          0xffffa2bdb167
            |          sqjit_a64_helper_member_closure_guard
            |          sqjit_a64_helper_member_closure_guard
            |          sqjit_a64_borrow_member_ptr_value
            |          |          
            |           --2.86%--SQTable::GetRawSlot (inlined)
            |                     |          
            |                      --2.36%--SQTable::_Get (inlined)
            |          
            |--4.61%--0xffffa2bd814b
            |          0xffffa2bd814b
            |          sqjit_a64_helper_member_closure_guard
            |          sqjit_a64_helper_member_closure_guard
            |          sqjit_a64_borrow_member_ptr_value
            |          |          
            |           --3.08%--SQTable::GetRawSlot (inlined)
            |                     |          
            |                      --2.05%--SQTable::_Get (inlined)
            |          
             --2.05%--0xffffa2bda167
                       0xffffa2bda167
                       sqjit_a64_helper_member_closure_guard
                       sqjit_a64_helper_member_closure_guard
                       sqjit_a64_borrow_member_ptr_value

    12.82%     0.00%  sqgi     [JIT] tid 595889              [.] 0x0000ffffa2bda1f3
            |
            ---0xffffa2bda1f3
               |          
                --10.76%--0xffffa2bda1f3
                          sqjit_a64_helper_member_set_integer_logged
                          |          
                          |--4.10%--sqjit_a64_member_store_slot (inlined)
                          |          sqjit_a64_member_store_slot (inlined)
                          |          |          
                          |           --2.56%--sqjit_a64_resolve_store_slot (inlined)
                          |                     |          
                          |                      --2.05%--sq_member_raw_slot (inlined)
                          |          
                           --3.59%--sqjit_a64_helper_member_set_integer_logged
                                     SQJitWriteLog::RecordMember
                                     |          
                                      --3.07%--SQJitWriteLog::CanRelease

    11.31%     0.00%  sqgi     [JIT] tid 595889              [.] 0x0000ffffa2bdb21f
            |
            ---0xffffa2bdb21f
               |          
                --9.36%--0xffffa2bdb21f
                          sqjit_a64_helper_instance_field_set_integer_logged
                          |          
                           --5.90%--sqjit_a64_write_log_record_member (inlined)
                                     |          
                                      --3.92%--SQJitWriteLog::RecordMember
                                                |          
                                                 --2.44%--SQJitWriteLog::ContainsMember<false> (inlined)
                                                           SQJitWriteLog::ContainsMember<false>(SQObjectPtr const&, SQObjectPtr const&, SQObjectPtr const&) const::{lambda(SQJitWriteLog::Entry const&)#1}::operator() (inlined)

    10.77%     0.00%  sqgi     sqgi                          [.] sqjit_a64_member_store_slot (inlined)
            |
            ---sqjit_a64_member_store_slot (inlined)
               sqjit_a64_member_store_slot (inlined)
               |          
               |--5.64%--sqjit_a64_resolve_store_slot (inlined)
               |          |          
               |           --4.62%--sq_member_raw_slot (inlined)
               |                     |          
               |                      --2.57%--SQTable::GetRawSlot (inlined)
               |                                |          
               |                                 --2.05%--SQTable::_Get (inlined)
               |          
                --4.62%--sqjit_a64_helper_member_set_integer_logged
                          sqjit_a64_resolve_root_store_slot
                          |          
                           --3.08%--SQTable::GetRawSlot (inlined)

     9.75%     0.00%  sqgi     [JIT] tid 595889              [.] 0x0000ffffa2bda167
            |
            ---0xffffa2bda167
               |          
               |--4.62%--0xffffa2bda167
               |          sqjit_a64_helper_member_closure_guard
               |          |          
               |           --2.05%--sqjit_a64_helper_member_closure_guard
               |                     sqjit_a64_borrow_member_ptr_value
               |          
                --2.57%--0xffffa2bda1d8

     9.36%     4.45%  sqgi     sqgi                          [.] sqjit_a64_helper_instance_field_set_integer_logged
            |          
            |--4.91%--sqjit_a64_helper_instance_field_set_integer_logged
            |          sqjit_a64_write_log_record_member (inlined)
            |          |          
            |           --3.92%--SQJitWriteLog::RecordMember
            |                     |          
            |                      --2.44%--SQJitWriteLog::ContainsMember<false> (inlined)
            |                                SQJitWriteLog::ContainsMember<false>(SQObjectPtr const&, SQObjectPtr const&, SQObjectPtr const&) const::{lambda(SQJitWriteLog::Entry const&)#1}::operator() (inlined)
            |          
             --4.45%--0xffffa2bdb21f
                       0xffffa2bdb21f
                       sqjit_a64_helper_instance_field_set_integer_logged

     8.72%     8.72%  sqgi     sqgi                          [.] SQJitWriteLog::CanRelease
            |          
            |--3.07%--0xffffa2bda1f3
            |          0xffffa2bda1f3
            |          sqjit_a64_helper_member_set_integer_logged
            |          sqjit_a64_helper_member_set_integer_logged
            |          SQJitWriteLog::RecordMember
            |          SQJitWriteLog::CanRelease
            |          
            |--2.56%--0xffffa2bd81d7
            |          0xffffa2bd81d7
            |          sqjit_a64_helper_member_set_integer_logged
            |          sqjit_a64_helper_member_set_integer_logged
            |          SQJitWriteLog::RecordMember
            |          SQJitWriteLog::CanRelease
            |          
             --2.05%--0xffffa2bd9207
                       0xffffa2bd9207
                       sqjit_a64_helper_member_set_reference_logged
                       sqjit_a64_helper_member_set_reference_logged
                       SQJitWriteLog::RecordMember
                       SQJitWriteLog::CanRelease

     7.99%     0.00%  sqgi     sqgi                          [.] SQTable::GetRawSlot (inlined)
            |
            ---SQTable::GetRawSlot (inlined)
               |          
                --5.44%--SQTable::_Get (inlined)

     7.82%     0.00%  sqgi     [JIT] tid 595889              [.] 0x0000ffffa2bdb167
            |
            ---0xffffa2bdb167
               |          
                --7.10%--0xffffa2bdb167
                          sqjit_a64_helper_member_closure_guard
                          |          
                           --4.77%--sqjit_a64_helper_member_closure_guard
                                     sqjit_a64_borrow_member_ptr_value
                                     |          
                                      --2.86%--SQTable::GetRawSlot (inlined)
                                                |          
                                                 --2.36%--SQTable::_Get (inlined)

     7.70%     7.70%  sqgi     sqgi                          [.] sqjit_a64_resolve_root_store_slot
            |          
            |--3.08%--0xffffa2bd9207
            |          0xffffa2bd9207
            |          sqjit_a64_helper_member_set_reference_logged
            |          sqjit_a64_member_store_slot (inlined)
            |          sqjit_a64_member_store_slot (inlined)
            |          sqjit_a64_helper_member_set_reference_logged
            |          sqjit_a64_resolve_root_store_slot
            |          
             --3.08%--0xffffa2bd81d7
                       0xffffa2bd81d7
                       sqjit_a64_helper_member_set_integer_logged
                       sqjit_a64_member_store_slot (inlined)
                       sqjit_a64_member_store_slot (inlined)
                       sqjit_a64_helper_member_set_integer_logged
                       sqjit_a64_resolve_root_store_slot

     7.19%     0.00%  sqgi     sqgi                          [.] SQJitWriteLog::ContainsMember<true> (inlined)
            |
            ---SQJitWriteLog::ContainsMember<true> (inlined)
               |          
                --3.59%--SQJitWriteLog::ContainsMember<true>(SQObjectPtr const&, SQObjectPtr const&, SQObjectPtr const&) const::{lambda(SQJitWriteLog::Entry const&)#1}::operator() (inlined)

     7.18%     0.00%  sqgi     sqgi                          [.] sqjit_a64_member_store_slot (inlined)
            |
            ---sqjit_a64_member_store_slot (inlined)
               sqjit_a64_member_store_slot (inlined)
               |          
               |--4.10%--sqjit_a64_resolve_store_slot (inlined)
               |          |          
               |           --3.07%--sq_member_raw_slot (inlined)
               |                     SQTable::GetRawSlot (inlined)
               |                     |          
               |                      --2.56%--SQTable::_Get (inlined)
               |          
                --3.08%--sqjit_a64_helper_member_set_reference_logged
                          sqjit_a64_resolve_root_store_slot

     7.18%     0.00%  sqgi     [JIT] tid 595889              [.] 0x0000ffffa2bd814b
            |
            ---0xffffa2bd814b
               |          
                --6.67%--0xffffa2bd814b
                          sqjit_a64_helper_member_closure_guard
                          |          
                           --4.61%--sqjit_a64_helper_member_closure_guard
                                     sqjit_a64_borrow_member_ptr_value
                                     |          
                                      --3.08%--SQTable::GetRawSlot (inlined)
                                                |          
                                                 --2.05%--SQTable::_Get (inlined)

     5.90%     0.00%  sqgi     sqgi                          [.] sqjit_a64_write_log_record_member (inlined)
            |
            ---sqjit_a64_write_log_record_member (inlined)
               |          
                --3.92%--SQJitWriteLog::RecordMember
                          |          
                           --2.44%--SQJitWriteLog::ContainsMember<false> (inlined)
                                     SQJitWriteLog::ContainsMember<false>(SQObjectPtr const&, SQObjectPtr const&, SQObjectPtr const&) const::{lambda(SQJitWriteLog::Entry const&)#1}::operator() (inlined)

     5.64%     0.00%  sqgi     sqgi                          [.] sqjit_a64_resolve_store_slot (inlined)
            |
            ---sqjit_a64_resolve_store_slot (inlined)
               |          
                --4.62%--sq_member_raw_slot (inlined)
                          |          
                           --2.57%--SQTable::GetRawSlot (inlined)
                                     |          
                                      --2.05%--SQTable::_Get (inlined)

     5.44%     0.00%  sqgi     sqgi                          [.] SQTable::_Get (inlined)
            |
            ---SQTable::_Get (inlined)

     4.62%     0.00%  sqgi     sqgi                          [.] sq_member_raw_slot (inlined)
            |
            ---sq_member_raw_slot (inlined)
               |          
                --2.57%--SQTable::GetRawSlot (inlined)
                          |          
                           --2.05%--SQTable::_Get (inlined)

     4.49%     0.00%  sqgi     sqgi                          [.] SQJitWriteLog::ContainsMember<false> (inlined)
            |
            ---SQJitWriteLog::ContainsMember<false> (inlined)
               |          
                --3.46%--SQJitWriteLog::ContainsMember<false>(SQObjectPtr const&, SQObjectPtr const&, SQObjectPtr const&) const::{lambda(SQJitWriteLog::Entry const&)#1}::operator() (inlined)

     4.11%     0.00%  sqgi     [JIT] tid 595889              [.] 0x0000ffffa2bd914b
            |
            ---0xffffa2bd914b
               |          
                --3.08%--0xffffa2bd914b
                          sqjit_a64_helper_member_closure_guard

     4.11%     0.00%  sqgi     sqgi                          [.] SQTable::GetRawSlot (inlined)
            |
            ---SQTable::GetRawSlot (inlined)
               |          
                --2.57%--SQTable::_Get (inlined)

     4.10%     0.00%  sqgi     sqgi                          [.] SQTable::GetRawSlot (inlined)
            |
            ---SQTable::GetRawSlot (inlined)
               |          
               |--2.05%--SQTable::_Get (inlined)
               |          
                --2.05%--HashObj (inlined)

     4.10%     0.00%  sqgi     sqgi                          [.] sqjit_a64_resolve_store_slot (inlined)
            |
            ---sqjit_a64_resolve_store_slot (inlined)
               |          
                --3.07%--sq_member_raw_slot (inlined)
                          SQTable::GetRawSlot (inlined)
                          |          
                           --2.56%--SQTable::_Get (inlined)

     3.59%     0.00%  sqgi     sqgi                          [.] SQJitWriteLog::ContainsMember<true>(SQObjectPtr const&, SQObjectPtr const&, SQObjectPtr const&) const::{lambda(SQJitWriteLog::Entry const&)#1}::operator() (inlined)
            |
            ---SQJitWriteLog::ContainsMember<true>(SQObjectPtr const&, SQObjectPtr const&, SQObjectPtr const&) const::{lambda(SQJitWriteLog::Entry const&)#1}::operator() (inlined)

     3.46%     0.00%  sqgi     sqgi                          [.] SQJitWriteLog::ContainsMember<false>(SQObjectPtr const&, SQObjectPtr const&, SQObjectPtr const&) const::{lambda(SQJitWriteLog::Entry const&)#1}::operator() (inlined)
            |
            ---SQJitWriteLog::ContainsMember<false>(SQObjectPtr const&, SQObjectPtr const&, SQObjectPtr const&) const::{lambda(SQJitWriteLog::Entry const&)#1}::operator() (inlined)

     3.07%     0.00%  sqgi     sqgi                          [.] sq_member_raw_slot (inlined)
            |
            ---sq_member_raw_slot (inlined)
               SQTable::GetRawSlot (inlined)
               |          
                --2.56%--SQTable::_Get (inlined)

     3.07%     0.00%  sqgi     sqgi                          [.] SQTable::GetRawSlot (inlined)
            |
            ---SQTable::GetRawSlot (inlined)
               |          
                --2.56%--SQTable::_Get (inlined)

     2.57%     2.57%  sqgi     [JIT] tid 595889              [.] 0x0000ffffa2bda1d8
            |
            ---0xffffa2bda167
               0xffffa2bda1d8

     2.57%     0.00%  sqgi     sqgi                          [.] SQObjectPtr::~SQObjectPtr (inlined)
            |
            ---SQObjectPtr::~SQObjectPtr (inlined)
               SQObjectPtr::~SQObjectPtr (inlined)

     2.57%     0.00%  sqgi     sqgi                          [.] SQTable::_Get (inlined)
            |
            ---SQTable::_Get (inlined)

     2.56%     0.00%  sqgi     sqgi                          [.] SQTable::_Get (inlined)
            |
            ---SQTable::_Get (inlined)

     2.05%     0.00%  sqgi     sqgi                          [.] SQTable::_Get (inlined)
            |
            ---SQTable::_Get (inlined)

     2.05%     0.00%  sqgi     sqgi                          [.] HashObj (inlined)
            |
            ---HashObj (inlined)



#
# (Cannot load tips.txt file, please install perf!)
#
