BENCH	receiver_integer	200000	0.054115000	595177
BENCH	root_integer	200000	0.062890000	595177
BENCH	root_reference	200000	0.084425000	799457
BENCH	root_integer_result	200000	0.064550000	795177
BENCH	receiver_integer	200000	0.053815000	595177
BENCH	root_integer	200000	0.062940000	595177
BENCH	root_reference	200000	0.084425000	799457
BENCH	root_integer_result	200000	0.064360000	795177
BENCH	receiver_integer	200000	0.054100000	595177
BENCH	root_integer	200000	0.063005000	595177
BENCH	root_reference	200000	0.087940000	799457
BENCH	root_integer_result	200000	0.064545000	795177
397.94;msec;task-clock:u;0.72%;397941249;100.00;0.992;CPUs utilized
884141186;;cycles:u;0.63%;397994618;100.00;2.225;GHz
2919204552;;instructions:u;0.15%;397994618;100.00;3.34;insn per cycle
513514;;branch-misses:u;18.99%;397994618;100.00;;
1015069718;;cache-references:u;0.42%;397994618;100.00;2.555;G/sec
201677;;cache-misses:u;1.93%;397994618;100.00;0.020;of all cache refs
784;;page-faults:u;0.13%;397941249;100.00;1.973;K/sec
0;;context-switches:u;0.00%;397941249;100.00;0.000;/sec
