Round 1/5: sqgi; all 8 checksums match
Round 1/5: sqgi_baseline; all 8 checksums match
Round 1/5: node; all 8 checksums match
Round 1/5: gjs; all 8 checksums match
Round 1/5: python; all 8 checksums match
Round 2/5: sqgi_baseline; all 8 checksums match
Round 2/5: node; all 8 checksums match
Round 2/5: gjs; all 8 checksums match
Round 2/5: python; all 8 checksums match
Round 2/5: sqgi; all 8 checksums match
Round 3/5: node; all 8 checksums match
Round 3/5: gjs; all 8 checksums match
Round 3/5: python; all 8 checksums match
Round 3/5: sqgi; all 8 checksums match
Round 3/5: sqgi_baseline; all 8 checksums match
Round 4/5: gjs; all 8 checksums match
Round 4/5: python; all 8 checksums match
Round 4/5: sqgi; all 8 checksums match
Round 4/5: sqgi_baseline; all 8 checksums match
Round 4/5: node; all 8 checksums match
Round 5/5: python; all 8 checksums match
Round 5/5: sqgi; all 8 checksums match
Round 5/5: sqgi_baseline; all 8 checksums match
Round 5/5: node; all 8 checksums match
Round 5/5: gjs; all 8 checksums match
Microseconds per iteration; lower is faster
kernel	sqgi	sqgi_baseline	node	gjs	python
route_balanced	0.052850000	0.052175000	0.005973255	0.006455000	0.261519465
route_skewed	0.051880000	0.051280000	0.005809920	0.006675000	0.259219710
pricing_events	0.057055000	0.057640000	0.011170685	0.017345000	0.432891795
filter_stream	0.055850000	0.055260000	0.005063265	0.009390000	0.240527045
records_64	0.133380000	0.135295000	0.015564585	0.038610000	0.566674630
records_4096	0.293225000	0.297185000	0.020620560	0.043510000	0.679322110
word_count	0.266355000	0.266845000	0.074493600	0.124605000	0.361282735
graph_walk	0.012330000	0.012365000	0.004778895	0.008680000	0.129174545
