Round 1/5: sqgi; all 8 checksums match
Round 1/5: sqgi_baseline; all 8 checksums match
Round 1/5: node; all 8 checksums match
Round 1/5: gjs; all 8 checksums match
Round 1/5: python; all 8 checksums match
Round 2/5: sqgi_baseline; all 8 checksums match
Round 2/5: node; all 8 checksums match
Round 2/5: gjs; all 8 checksums match
Round 2/5: python; all 8 checksums match
Round 2/5: sqgi; all 8 checksums match
Round 3/5: node; all 8 checksums match
Round 3/5: gjs; all 8 checksums match
Round 3/5: python; all 8 checksums match
Round 3/5: sqgi; all 8 checksums match
Round 3/5: sqgi_baseline; all 8 checksums match
Round 4/5: gjs; all 8 checksums match
Round 4/5: python; all 8 checksums match
Round 4/5: sqgi; all 8 checksums match
Round 4/5: sqgi_baseline; all 8 checksums match
Round 4/5: node; all 8 checksums match
Round 5/5: python; all 8 checksums match
Round 5/5: sqgi; all 8 checksums match
Round 5/5: sqgi_baseline; all 8 checksums match
Round 5/5: node; all 8 checksums match
Round 5/5: gjs; all 8 checksums match
Microseconds per iteration; lower is faster
kernel	sqgi	sqgi_baseline	node	gjs	python
route_balanced	0.053029602	0.052197109	0.005976855	0.006492451	0.261530661
route_skewed	0.051602113	0.051564613	0.005766859	0.006662450	0.259198101
pricing_events	0.056724575	0.057567068	0.011110814	0.017319870	0.432568481
filter_stream	0.055822081	0.055117087	0.005020940	0.008652435	0.240377240
records_64	0.135808981	0.134291493	0.015468224	0.038527211	0.588294138
records_4096	0.257215571	0.255650583	0.019866464	0.042762179	0.677966668
word_count	0.265978005	0.266218003	0.072996827	0.123154076	0.368016687
graph_walk	0.012322408	0.012392407	0.004773027	0.007137446	0.128418187
