Round 1/5: sqgi; all 15 checksums match
Round 1/5: sqgi_baseline; all 15 checksums match
Round 1/5: node; all 15 checksums match
Round 1/5: gjs; all 15 checksums match
Round 1/5: python; all 15 checksums match
Round 2/5: sqgi_baseline; all 15 checksums match
Round 2/5: node; all 15 checksums match
Round 2/5: gjs; all 15 checksums match
Round 2/5: python; all 15 checksums match
Round 2/5: sqgi; all 15 checksums match
Round 3/5: node; all 15 checksums match
Round 3/5: gjs; all 15 checksums match
Round 3/5: python; all 15 checksums match
Round 3/5: sqgi; all 15 checksums match
Round 3/5: sqgi_baseline; all 15 checksums match
Round 4/5: gjs; all 15 checksums match
Round 4/5: python; all 15 checksums match
Round 4/5: sqgi; all 15 checksums match
Round 4/5: sqgi_baseline; all 15 checksums match
Round 4/5: node; all 15 checksums match
Round 5/5: python; all 15 checksums match
Round 5/5: sqgi; all 15 checksums match
Round 5/5: sqgi_baseline; all 15 checksums match
Round 5/5: node; all 15 checksums match
Round 5/5: gjs; all 15 checksums match
Microseconds per iteration; lower is faster
kernel	sqgi	sqgi_baseline	node	gjs	python
direct_call	0.034033000	0.034267000	0.006758557	0.010655000	0.336195905
branch_call	0.031554000	0.032132000	0.004828751	0.007030000	0.237513665
float_call	0.020797000	0.021052000	0.002643012	0.009499375	0.134014214
numeric_loop	0.022832000	0.022818000	0.007442230	0.012732188	0.239143403
vector	0.375331000	0.381387000	0.574555419	0.514925000	5.145657381
dynamic_member	0.732031000	1.513588000	0.108954244	0.079000000	0.879144288
dynamic_key_get_set	0.183000000	0.182575000	0.062200738	0.027950000	0.414684350
object_member_write_fallback	0.472456000	0.474287000	0.012638112	0.046981250	0.686985962
array_append	0.124775000	0.112325000	0.037055744	0.018162500	0.220473319
array_write	0.036819000	0.036731000	0.004559050	0.006031250	0.187819856
array_read	0.007126000	0.007473000	0.002631891	0.003515000	0.083883932
array_float	0.006777000	0.007136000	0.002191390	0.003068437	0.073652853
math_intrinsic	0.205369000	0.201850000	0.041204663	0.009875000	0.556168019
math_variable	0.219125000	0.217619000	0.154017981	0.106987500	0.507679137
matrix	0.310675000	0.313588000	0.022771575	0.066062500	1.137634331
