Round 1/5: v15; 6 checksums match
Round 1/5: v16; 6 checksums match
Round 1/5: node; 6 checksums match
Round 2/5: v16; 6 checksums match
Round 2/5: node; 6 checksums match
Round 2/5: v15; 6 checksums match
Round 3/5: node; 6 checksums match
Round 3/5: v15; 6 checksums match
Round 3/5: v16; 6 checksums match
Round 4/5: v15; 6 checksums match
Round 4/5: v16; 6 checksums match
Round 4/5: node; 6 checksums match
Round 5/5: v16; 6 checksums match
Round 5/5: node; 6 checksums match
Round 5/5: v15; 6 checksums match
table_events_97: v15 437.84 ns, v16 423.94 ns, node 75.25 ns
class_events_97: v15 434.28 ns, v16 418.13 ns, node 74.29 ns
buffers_7: v15 432.46 ns, v16 432.69 ns, node 12.40 ns
buffers_31: v15 432.27 ns, v16 432.17 ns, node 12.33 ns
calibrate_17: v15 83.44 ns, v16 83.14 ns, node 8.67 ns
calibrate_67: v15 83.97 ns, v16 83.89 ns, node 8.37 ns
