Round 1/5: v15; 6 checksums match
Round 1/5: v16; 6 checksums match
Round 1/5: node; 6 checksums match
Round 2/5: v16; 6 checksums match
Round 2/5: node; 6 checksums match
Round 2/5: v15; 6 checksums match
Round 3/5: node; 6 checksums match
Round 3/5: v15; 6 checksums match
Round 3/5: v16; 6 checksums match
Round 4/5: v15; 6 checksums match
Round 4/5: v16; 6 checksums match
Round 4/5: node; 6 checksums match
Round 5/5: v16; 6 checksums match
Round 5/5: node; 6 checksums match
Round 5/5: v15; 6 checksums match
table_events_97: v15 438.67 ns, v16 422.14 ns, node 75.53 ns
class_events_97: v15 434.16 ns, v16 417.52 ns, node 74.34 ns
buffers_7: v15 433.34 ns, v16 433.23 ns, node 12.39 ns
buffers_31: v15 433.62 ns, v16 432.92 ns, node 12.33 ns
calibrate_17: v15 83.20 ns, v16 83.15 ns, node 8.75 ns
calibrate_67: v15 83.89 ns, v16 84.03 ns, node 8.31 ns
