Round 1/5: v15; 6 checksums match
Round 1/5: v16; 6 checksums match
Round 1/5: node; 6 checksums match
Round 2/5: v16; 6 checksums match
Round 2/5: node; 6 checksums match
Round 2/5: v15; 6 checksums match
Round 3/5: node; 6 checksums match
Round 3/5: v15; 6 checksums match
Round 3/5: v16; 6 checksums match
Round 4/5: v15; 6 checksums match
Round 4/5: v16; 6 checksums match
Round 4/5: node; 6 checksums match
Round 5/5: v16; 6 checksums match
Round 5/5: node; 6 checksums match
Round 5/5: v15; 6 checksums match
transfer_table: v15 461.44 ns, v16 443.75 ns, node 18.10 ns
transfer_class: v15 468.68 ns, v16 444.77 ns, node 18.17 ns
transfer_mixed: v15 472.83 ns, v16 450.68 ns, node 29.14 ns
publish_table: v15 391.65 ns, v16 405.03 ns, node 13.38 ns
publish_class: v15 400.57 ns, v16 401.92 ns, node 13.67 ns
publish_mixed: v15 402.44 ns, v16 405.99 ns, node 20.88 ns
