Round 1/5: v15; 6 checksums match
Round 1/5: v16; 6 checksums match
Round 1/5: node; 6 checksums match
Round 2/5: v16; 6 checksums match
Round 2/5: node; 6 checksums match
Round 2/5: v15; 6 checksums match
Round 3/5: node; 6 checksums match
Round 3/5: v15; 6 checksums match
Round 3/5: v16; 6 checksums match
Round 4/5: v15; 6 checksums match
Round 4/5: v16; 6 checksums match
Round 4/5: node; 6 checksums match
Round 5/5: v16; 6 checksums match
Round 5/5: node; 6 checksums match
Round 5/5: v15; 6 checksums match
transfer_table: v15 453.53 ns, v16 443.17 ns, node 17.93 ns
transfer_class: v15 463.47 ns, v16 444.18 ns, node 18.12 ns
transfer_mixed: v15 466.43 ns, v16 448.80 ns, node 29.09 ns
publish_table: v15 390.53 ns, v16 399.42 ns, node 13.43 ns
publish_class: v15 398.57 ns, v16 400.34 ns, node 13.80 ns
publish_mixed: v15 401.66 ns, v16 405.95 ns, node 20.88 ns
