{
  "aggregation": "56 equally weighted components; application seed17; nearest-rank p90",
  "speedup": 1.5719856652255078,
  "groups": {
    "kernels-seed17": {
      "count": 15,
      "speedup": 1.0517863911030974
    },
    "applications-seed17": {
      "count": 8,
      "speedup": 1.000930004475492
    },
    "roots-seed17": {
      "count": 4,
      "speedup": 1.6030064233741559
    },
    "members": {
      "count": 6,
      "speedup": 1.0397520718975417
    },
    "owners": {
      "count": 10,
      "speedup": 5.457510992283109
    },
    "methods": {
      "count": 6,
      "speedup": 2.4597807365386024
    },
    "floats": {
      "count": 7,
      "speedup": 1.0106925004242708
    }
  },
  "totals": {
    "sqgi_baseline": {
      "node": {
        "geomean": 15.261838156440064,
        "p90": 101.07286749904362
      },
      "gjs": {
        "geomean": 10.110952970687238,
        "p90": 50.206117781589484
      }
    },
    "sqgi": {
      "node": {
        "geomean": 9.708636976820454,
        "p90": 24.934515583441772
      },
      "gjs": {
        "geomean": 6.431962577239393,
        "p90": 14.265826821878488
      }
    }
  },
  "regressions_over_5pct": [
    {
      "suite": "kernels-seed17",
      "name": "array_append",
      "ns": {
        "sqgi": 124.77499999999999,
        "sqgi_baseline": 112.32499999999999,
        "node": 37.055744000000004,
        "gjs": 18.1625,
        "python": 220.473319
      },
      "speedup": 0.9002203967140854,
      "ranges_ns": {
        "sqgi": [
          109.72500000000001,
          139.706
        ],
        "sqgi_baseline": [
          111.131,
          134.856
        ],
        "node": [
          34.751625000000004,
          44.053831
        ],
        "gjs": [
          15.3375,
          19.05625
        ],
        "python": [
          217.36535600000002,
          231.740594
        ]
      }
    }
  ]
}
