{
  "warmups5": {
    "array_append_medians_ns": {
      "audit": 119.006,
      "v15": 129.51299999999998,
      "v16": 129.744,
      "v16_repeat": 127.525
    },
    "array_append_ranges_ns": {
      "audit": [
        111.963,
        143.05
      ],
      "v15": [
        110.744,
        149.237
      ],
      "v16": [
        114.825,
        138.988
      ],
      "v16_repeat": [
        112.606,
        143.35
      ]
    },
    "identical_v16_repeat_over_v16": 0.9828970896534714,
    "v16_over_v15": 1.00178360473466,
    "v16_repeat_over_v15": 0.9846501895562608,
    "v16_over_audit": 1.0902307446683361,
    "v16_repeat_over_audit": 1.0715846259852444,
    "full_kernel_speedup_v15_v16": 1.0015392392523321,
    "per_case_v15_over_v16": {
      "direct_call": 0.996780482041588,
      "branch_call": 1.0068211519459407,
      "float_call": 0.9969935576234789,
      "numeric_loop": 1.0027234790248187,
      "vector": 1.025087579900447,
      "dynamic_member": 1.0266751071156,
      "dynamic_key_get_set": 0.9989363335307148,
      "object_member_write_fallback": 0.9989790655372005,
      "array_append": 0.9982195708472067,
      "array_write": 0.9996737445963949,
      "array_read": 0.9987259343148357,
      "array_float": 0.9907840842598011,
      "math_intrinsic": 0.9785673229612165,
      "math_variable": 1.000742693409742,
      "matrix": 1.0043453923633694
    },
    "cpu_frequencies_at_process_endpoints": [
      "2304000"
    ]
  },
  "warmups4": {
    "array_append_medians_ns": {
      "audit": 139.07500000000002,
      "v15": 141.662,
      "v16": 125.98100000000001,
      "v16_repeat": 134.67499999999998
    },
    "array_append_ranges_ns": {
      "audit": [
        112.94999999999999,
        157.975
      ],
      "v15": [
        138.7,
        144.56900000000002
      ],
      "v16": [
        114.35,
        133.844
      ],
      "v16_repeat": [
        112.76899999999999,
        142.987
      ]
    },
    "identical_v16_repeat_over_v16": 1.0690104063311132,
    "v16_over_v15": 0.8893069418757323,
    "v16_repeat_over_v15": 0.9506783752876564,
    "v16_over_audit": 0.9058493618551142,
    "v16_repeat_over_audit": 0.9683623943915153,
    "full_kernel_speedup_v15_v16": 1.005263152388066,
    "per_case_v15_over_v16": {
      "direct_call": 1.0014471780028944,
      "branch_call": 1.0039363829719692,
      "float_call": 0.9996190476190475,
      "numeric_loop": 1.0012268863377443,
      "vector": 1.0035745581226356,
      "dynamic_member": 1.0255682012981582,
      "dynamic_key_get_set": 1.001233464720168,
      "object_member_write_fallback": 0.9982764183463805,
      "array_append": 1.12447115041157,
      "array_write": 0.9974821994206352,
      "array_read": 0.9985835694050991,
      "array_float": 1.0032544378698225,
      "math_intrinsic": 0.9344535003670901,
      "math_variable": 1.0001148300744558,
      "matrix": 0.9952639960956062
    },
    "cpu_frequencies_at_process_endpoints": [
      "2304000",
      "408000"
    ]
  },
  "scope": "Original full56 array_append regression remains included. Controls use the unchanged full 15-kernel script. Endpoint frequency snapshots do not measure frequency inside timed regions. No diagnostic sample replaces or reweights the full56 result."
}
