audit 4 1 0.112931
v15 4 1 0.1127
v16 4 1 0.113969
v15 4 2 0.116569
v16 4 2 0.122094
audit 4 2 0.116831
v16 4 3 0.113138
audit 4 3 0.116337
v15 4 3 0.117163
audit 4 4 0.113556
v15 4 4 0.113656
v16 4 4 0.113812
v15 4 5 0.119544
v16 4 5 0.116175
audit 4 5 0.118044
audit 5 1 0.113825
v15 5 1 0.11445
v16 5 1 0.120588
v15 5 2 0.112837
v16 5 2 0.119456
audit 5 2 0.112825
v16 5 3 0.113875
audit 5 3 0.120413
v15 5 3 0.114513
audit 5 4 0.116506
v15 5 4 0.115769
v16 5 4 0.113812
v15 5 5 0.115175
v16 5 5 0.120237
audit 5 5 0.113544
