{
  "recycle": {
    "local_frame_bytes": 208,
    "mapped_bytes": 8192,
    "sha256": "ca4b2c7a5d277b5ccb34483df2db853d13f191a1af3a05b1fb4057aed00f4bba",
    "bytecode_count": 36,
    "fadd_instructions": 5,
    "unsigned_bounds_branches": 4,
    "nonfinal_count_branches": 23,
    "source_pin_stores": 15,
    "cache_slot_loads": 13
  },
  "transfer": {
    "local_frame_bytes": 176,
    "mapped_bytes": 4096,
    "sha256": "65af3fcd2d78c69ab0a0aee2b72b01382d47d8ccb0a1d31ca546ee135db915af",
    "bytecode_count": 14,
    "fadd_instructions": 1,
    "unsigned_bounds_branches": 2,
    "nonfinal_count_branches": 11,
    "source_pin_stores": 11,
    "cache_slot_loads": 9
  },
  "publish": {
    "local_frame_bytes": 144,
    "mapped_bytes": 4096,
    "sha256": "f61a68e810aa11c6a92dcbe399376fa1f50947e77b11efe5896a50ee1dd5a70c",
    "bytecode_count": 11,
    "fadd_instructions": 1,
    "unsigned_bounds_branches": 1,
    "nonfinal_count_branches": 9,
    "source_pin_stores": 9,
    "cache_slot_loads": 6
  },
  "table_apply": {
    "local_frame_bytes": 144,
    "mapped_bytes": 8192,
    "sha256": "79fd754c31e92878bbbe3d13743c533954029b16f25123734469a7b705f7245e",
    "bytecode_count": 16,
    "fadd_instructions": 2,
    "unsigned_bounds_branches": 6,
    "nonfinal_count_branches": 11,
    "source_pin_stores": 9,
    "cache_slot_loads": 9
  },
  "apply": {
    "local_frame_bytes": 144,
    "mapped_bytes": 8192,
    "sha256": "fbaca56d255f7b557ecdc7bc9204e1d1a6c806b25da9b64d22dc8b81ed3709a5",
    "bytecode_count": 16,
    "fadd_instructions": 2,
    "unsigned_bounds_branches": 6,
    "nonfinal_count_branches": 11,
    "source_pin_stores": 9,
    "cache_slot_loads": 9
  }
}
