# To display the perf.data header info, please use --header/--header-only options.
#
#
# Total Lost Samples: 0
#
# Samples: 2K of event 'cycles:u'
# Event count (approx.): 9322738505
#
# Children      Self  Command  Shared Object                 Symbol                                            
# ........  ........  .......  ............................  ..................................................
#
    64.47%     0.00%  sqgi     sqgi                          [.] _start
            |
            ---_start
               __libc_start_main_impl (inlined)
               __libc_start_call_main
               main
               |          
                --64.40%--sq_call
                          SQVM::Execute
                          |          
                          |--12.00%--sqjit_try_execute_current
                          |          |          
                          |           --4.68%--SQVM::Return
                          |                     |          
                          |                      --2.05%--SQVM::LeaveFrame
                          |          
                          |--3.55%--SQObjectPtr::operator= (inlined)
                          |          
                          |--3.47%--sqjit_try_execute_current_loop
                          |          
                          |--3.42%--SQArray::Get (inlined)
                          |          |          
                          |           --2.59%--SQArray::Get (inlined)
                          |          
                          |--2.54%--SQVM::CMP_OP
                          |          
                           --2.00%--SQVM::StartCall

    64.47%     0.00%  sqgi     libc.so.6                     [.] __libc_start_main_impl (inlined)
            |
            ---__libc_start_main_impl (inlined)
               __libc_start_call_main
               main
               |          
                --64.40%--sq_call
                          SQVM::Execute
                          |          
                          |--12.00%--sqjit_try_execute_current
                          |          |          
                          |           --4.68%--SQVM::Return
                          |                     |          
                          |                      --2.05%--SQVM::LeaveFrame
                          |          
                          |--3.55%--SQObjectPtr::operator= (inlined)
                          |          
                          |--3.47%--sqjit_try_execute_current_loop
                          |          
                          |--3.42%--SQArray::Get (inlined)
                          |          |          
                          |           --2.59%--SQArray::Get (inlined)
                          |          
                          |--2.54%--SQVM::CMP_OP
                          |          
                           --2.00%--SQVM::StartCall

    64.47%     0.00%  sqgi     sqgi                          [.] main
            |
            ---main
               |          
                --64.40%--sq_call
                          SQVM::Execute
                          |          
                          |--12.00%--sqjit_try_execute_current
                          |          |          
                          |           --4.68%--SQVM::Return
                          |                     |          
                          |                      --2.05%--SQVM::LeaveFrame
                          |          
                          |--3.55%--SQObjectPtr::operator= (inlined)
                          |          
                          |--3.47%--sqjit_try_execute_current_loop
                          |          
                          |--3.42%--SQArray::Get (inlined)
                          |          |          
                          |           --2.59%--SQArray::Get (inlined)
                          |          
                          |--2.54%--SQVM::CMP_OP
                          |          
                           --2.00%--SQVM::StartCall

    64.47%     0.00%  sqgi     libc.so.6                     [.] __libc_start_call_main
            |
            ---__libc_start_call_main
               main
               |          
                --64.40%--sq_call
                          SQVM::Execute
                          |          
                          |--12.00%--sqjit_try_execute_current
                          |          |          
                          |           --4.68%--SQVM::Return
                          |                     |          
                          |                      --2.05%--SQVM::LeaveFrame
                          |          
                          |--3.55%--SQObjectPtr::operator= (inlined)
                          |          
                          |--3.47%--sqjit_try_execute_current_loop
                          |          
                          |--3.42%--SQArray::Get (inlined)
                          |          |          
                          |           --2.59%--SQArray::Get (inlined)
                          |          
                          |--2.54%--SQVM::CMP_OP
                          |          
                           --2.00%--SQVM::StartCall

    64.40%     0.00%  sqgi     sqgi                          [.] sq_call
            |
            ---sq_call
               SQVM::Execute
               |          
               |--12.00%--sqjit_try_execute_current
               |          |          
               |           --4.68%--SQVM::Return
               |                     |          
               |                      --2.05%--SQVM::LeaveFrame
               |          
               |--3.55%--SQObjectPtr::operator= (inlined)
               |          
               |--3.47%--sqjit_try_execute_current_loop
               |          
               |--3.42%--SQArray::Get (inlined)
               |          |          
               |           --2.59%--SQArray::Get (inlined)
               |          
               |--2.54%--SQVM::CMP_OP
               |          
                --2.00%--SQVM::StartCall

    64.40%    40.29%  sqgi     sqgi                          [.] SQVM::Execute
            |          
            |--40.29%--_start
            |          __libc_start_main_impl (inlined)
            |          __libc_start_call_main
            |          main
            |          sq_call
            |          SQVM::Execute
            |          |          
            |          |--3.55%--SQObjectPtr::operator= (inlined)
            |          |          
            |           --3.42%--SQArray::Get (inlined)
            |                     |          
            |                      --2.59%--SQArray::Get (inlined)
            |          
             --24.11%--SQVM::Execute
                       |          
                       |--12.00%--sqjit_try_execute_current
                       |          |          
                       |           --4.68%--SQVM::Return
                       |                     |          
                       |                      --2.05%--SQVM::LeaveFrame
                       |          
                       |--3.47%--sqjit_try_execute_current_loop
                       |          
                       |--2.54%--SQVM::CMP_OP
                       |          
                        --2.00%--SQVM::StartCall

    12.35%     4.49%  sqgi     sqgi                          [.] sqjit_try_execute_current
            |          
            |--7.85%--sqjit_try_execute_current
            |          |          
            |           --4.68%--SQVM::Return
            |                     |          
            |                      --2.05%--SQVM::LeaveFrame
            |          
             --4.49%--_start
                       __libc_start_main_impl (inlined)
                       __libc_start_call_main
                       main
                       sq_call
                       SQVM::Execute
                       sqjit_try_execute_current

     9.86%     8.35%  sqgi     sqgi                          [.] sqjit_a64_precise_step<(SQOpcode)13, true>
            |          
             --2.25%--0xffffa34a611f
                       0xffffa34a611f
                       sqjit_a64_precise_step<(SQOpcode)13, true>

     6.98%     6.01%  sqgi     sqgi                          [.] sqjit_a64_precise_step<(SQOpcode)1, false>
     6.48%     5.75%  sqgi     sqgi                          [.] sqjit_a64_precise_step<(SQOpcode)9, true>
            |          
             --2.20%--0xffffa34a7083
                       0xffffa34a7083
                       |          
                        --2.00%--sqjit_a64_precise_step<(SQOpcode)9, true>

     4.68%     2.64%  sqgi     sqgi                          [.] SQVM::Return
            |          
            |--2.64%--_start
            |          __libc_start_main_impl (inlined)
            |          __libc_start_call_main
            |          main
            |          sq_call
            |          SQVM::Execute
            |          sqjit_try_execute_current
            |          SQVM::Return
            |          
             --2.05%--SQVM::Return
                       SQVM::LeaveFrame

     4.48%     0.00%  sqgi     sqgi                          [.] SQObjectPtr::operator= (inlined)
            |
            ---SQObjectPtr::operator= (inlined)

     4.40%     0.00%  sqgi     sqgi                          [.] sqjit_a64_precise_member<true> (inlined)
            |
            ---sqjit_a64_precise_member<true> (inlined)
               |          
                --3.86%--sq_member_raw_slot (inlined)

     4.35%     4.05%  sqgi     sqgi                          [.] sqjit_a64_precise_step<(SQOpcode)14, false>
     3.86%     0.00%  sqgi     sqgi                          [.] sq_member_raw_slot (inlined)
            |
            ---sq_member_raw_slot (inlined)

     3.52%     3.52%  sqgi     sqgi                          [.] SQJitWriteLog::CanReleaseInContext
     3.47%     2.64%  sqgi     sqgi                          [.] sqjit_try_execute_current_loop
            |          
             --2.64%--_start
                       __libc_start_main_impl (inlined)
                       __libc_start_call_main
                       main
                       sq_call
                       SQVM::Execute
                       sqjit_try_execute_current_loop

     3.42%     0.00%  sqgi     sqgi                          [.] SQArray::Get (inlined)
            |
            ---SQArray::Get (inlined)
               |          
                --2.59%--SQArray::Get (inlined)

     3.37%     0.00%  sqgi     sqgi                          [.] SQTable::GetRawSlot (inlined)
            |
            ---SQTable::GetRawSlot (inlined)
               |          
                --2.00%--SQTable::_Get (inlined)

     2.59%     0.00%  sqgi     [JIT] tid 528763              [.] 0x0000ffffa34a611f
            |
            ---0xffffa34a611f
               |          
                --2.49%--0xffffa34a611f
                          sqjit_a64_precise_step<(SQOpcode)13, true>

     2.54%     1.32%  sqgi     sqgi                          [.] SQVM::CMP_OP
     2.44%     0.00%  sqgi     [JIT] tid 528763              [.] 0x0000ffffa34a70eb
            |
            ---0xffffa34a70eb
               |          
                --2.30%--0xffffa34a70eb
                          sqjit_a64_precise_step<(SQOpcode)14, true>

     2.30%     2.30%  sqgi     sqgi                          [.] sqjit_a64_precise_step<(SQOpcode)14, true>
            |
            ---0xffffa34a70eb
               0xffffa34a70eb
               sqjit_a64_precise_step<(SQOpcode)14, true>

     2.29%     0.00%  sqgi     sqgi                          [.] SQObjectPtr::operator= (inlined)
            |
            ---SQObjectPtr::operator= (inlined)

     2.25%     0.00%  sqgi     sqgi                          [.] sqjit_a64_precise_can_release (inlined)
            |
            ---sqjit_a64_precise_can_release (inlined)

     2.20%     0.00%  sqgi     [JIT] tid 528763              [.] 0x0000ffffa34a7083
            |
            ---0xffffa34a7083
               0xffffa34a7083
               |          
                --2.00%--sqjit_a64_precise_step<(SQOpcode)9, true>

     2.05%     2.05%  sqgi     sqgi                          [.] SQVM::LeaveFrame
            |
            ---_start
               __libc_start_main_impl (inlined)
               __libc_start_call_main
               main
               sq_call
               SQVM::Execute
               sqjit_try_execute_current
               SQVM::Return
               SQVM::LeaveFrame

     2.00%     0.00%  sqgi     sqgi                          [.] SQTable::_Get (inlined)
            |
            ---SQTable::_Get (inlined)

     2.00%     1.61%  sqgi     sqgi                          [.] SQVM::StartCall


#
# (Cannot load tips.txt file, please install perf!)
#
