BENCH	table_owners_1	200000	0.309570000	5098276961
BENCH	table_owners_2	200000	0.309035000	5098477602
BENCH	table_owners_5	200000	0.309565000	5097878556
BENCH	table_owners_19	200000	0.309435000	5098684496
BENCH	table_owners_257	200000	0.309525000	5100408060
BENCH	class_owners_1	200000	0.309580000	5098276961
BENCH	class_owners_2	200000	0.309590000	5098477602
BENCH	class_owners_5	200000	0.309815000	5097878556
BENCH	class_owners_19	200000	0.310645000	5098684496
BENCH	class_owners_257	200000	0.310040000	5100408060
BENCH	table_owners_1	200000	0.309280000	5098276961
BENCH	table_owners_2	200000	0.310565000	5098477602
BENCH	table_owners_5	200000	0.310110000	5097878556
BENCH	table_owners_19	200000	0.310390000	5098684496
BENCH	table_owners_257	200000	0.308985000	5100408060
BENCH	class_owners_1	200000	0.309120000	5098276961
BENCH	class_owners_2	200000	0.309065000	5098477602
BENCH	class_owners_5	200000	0.308960000	5097878556
BENCH	class_owners_19	200000	0.309195000	5098684496
BENCH	class_owners_257	200000	0.309160000	5100408060
BENCH	table_owners_1	200000	0.309210000	5098276961
BENCH	table_owners_2	200000	0.308990000	5098477602
BENCH	table_owners_5	200000	0.309395000	5097878556
BENCH	table_owners_19	200000	0.308975000	5098684496
BENCH	table_owners_257	200000	0.308480000	5100408060
BENCH	class_owners_1	200000	0.308840000	5098276961
BENCH	class_owners_2	200000	0.308750000	5098477602
BENCH	class_owners_5	200000	0.308870000	5097878556
BENCH	class_owners_19	200000	0.308730000	5098684496
BENCH	class_owners_257	200000	0.308930000	5100408060
4350.18;msec;task-clock:u;0.13%;4350175063;100.00;0.996;CPUs utilized
9885732702;;cycles:u;0.05%;4350585445;100.00;2.267;GHz
33096157875;;instructions:u;0.00%;4350585445;100.00;3.35;insn per cycle
143631;;branch-misses:u;1.36%;4350585445;100.00;;
12934555749;;cache-references:u;0.00%;4350585445;100.00;2.966;G/sec
398954;;cache-misses:u;11.44%;4350585445;100.00;0.003;of all cache refs
788;;page-faults:u;0.08%;4350175063;100.00;180.690;/sec
0;;context-switches:u;0.00%;4350175063;100.00;0.000;/sec
