JIT_CAPTURE_BREAKPOINT -1
[Thread debugging using libthread_db enabled]
Using host libthread_db library "/lib/aarch64-linux-gnu/libthread_db.so.1".
JIT_CAPTURE recycle frame 0xfffff7f84000 8192
BENCH	table_owners_1	1003	2.539381854	615764.25
BENCH	table_owners_2	1003	1.700897308	616780.25
BENCH	table_owners_5	1003	2.782652044	613838.25
BENCH	table_owners_19	1003	2.174476570	618610.25
BENCH	table_owners_257	1003	1.912263210	749599.25
BENCH	class_owners_1	1003	2.015952144	615764.25
BENCH	class_owners_2	1003	2.117647059	616780.25
BENCH	class_owners_5	1003	2.231306082	613838.25
BENCH	class_owners_19	1003	1.727816550	618610.25
BENCH	class_owners_257	1003	1.740777667	749599.25
[Inferior 1 (process 588524) exited normally]
[Thread debugging using libthread_db enabled]
Using host libthread_db library "/lib/aarch64-linux-gnu/libthread_db.so.1".
JIT_CAPTURE transfer frame 0xfffff7f85000 4096
JIT_CAPTURE publish frame 0xfffff7f84000 4096
BENCH	transfer_table	1003	1418.566301097	121851
BENCH	transfer_class	1003	1294.230309073	121851
BENCH	transfer_mixed	1003	1192.981056830	121851
BENCH	publish_table	1003	1123.548354935	133577
BENCH	publish_class	1003	1135.694915254	133577
BENCH	publish_mixed	1003	1067.593220339	133577
[Inferior 1 (process 588526) exited normally]
[Thread debugging using libthread_db enabled]
Using host libthread_db library "/lib/aarch64-linux-gnu/libthread_db.so.1".
JIT_CAPTURE table_apply frame 0xfffff7f85000 4096
JIT_CAPTURE apply frame 0xfffff7f84000 4096
BENCH	table_events_97	1003	1423.136590229	140378
BENCH	class_events_97	1003	1361.406779661	140378
BENCH	buffers_7	1003	0.720837488	944693
BENCH	buffers_31	1003	0.656031904	861874
BENCH	calibrate_17	1003	1.121635095	5140.09375
BENCH	calibrate_67	1003	1.142572283	5049
[Inferior 1 (process 588564) exited normally]
JIT_CAPTURE_VERIFIED five canonical-frame functions
