BENCH	route_balanced	200000	0.053975000	300346
BENCH	route_skewed	200000	0.052885000	122121
BENCH	pricing_events	200000	0.057525000	636940
BENCH	filter_stream	200000	0.055820000	10704.521037291815
BENCH	records_64	200000	0.131050000	599323
BENCH	records_4096	200000	0.234855000	385702
BENCH	word_count	200000	0.267240000	116910
BENCH	graph_walk	200000	0.012300000	386354
BENCH	route_balanced	200000	0.053615000	300346
BENCH	route_skewed	200000	0.052655000	122121
BENCH	pricing_events	200000	0.057270000	636940
BENCH	filter_stream	200000	0.055575000	10704.521037291815
BENCH	records_64	200000	0.133100000	599323
BENCH	records_4096	200000	0.237070000	385702
BENCH	word_count	200000	0.266415000	116910
BENCH	graph_walk	200000	0.012340000	386354
BENCH	route_balanced	200000	0.054010000	300346
BENCH	route_skewed	200000	0.053155000	122121
BENCH	pricing_events	200000	0.058580000	636940
BENCH	filter_stream	200000	0.056080000	10704.521037291815
BENCH	records_64	200000	0.143370000	599323
BENCH	records_4096	200000	0.235850000	385702
BENCH	word_count	200000	0.266425000	116910
BENCH	graph_walk	200000	0.012340000	386354
1087.58;msec;task-clock:u;0.47%;1087579417;100.00;1.004;CPUs utilized
2423336512;;cycles:u;0.39%;1087644160;100.00;2.247;GHz
6003367829;;instructions:u;0.16%;1087644160;100.00;2.50;insn per cycle
5973598;;branch-misses:u;4.31%;1087644160;100.00;;
2251768629;;cache-references:u;0.27%;1087644160;100.00;2.088;G/sec
17392859;;cache-misses:u;1.20%;1087644160;100.00;0.776;of all cache refs
3865;;page-faults:u;0.01%;1087579417;100.00;3.585;K/sec
0;;context-switches:u;0.00%;1087579417;100.00;0.000;/sec
