JIT_CAPTURE_BREAKPOINT -1
[Thread debugging using libthread_db enabled]
Using host libthread_db library "/lib/aarch64-linux-gnu/libthread_db.so.1".
JIT_CAPTURE recycle frame 0xfffff7f84000 8192
BENCH	table_owners_1	1003	1.123629113	615764.25
BENCH	table_owners_2	1003	1.042871386	616780.25
BENCH	table_owners_5	1003	1.035892323	613838.25
BENCH	table_owners_19	1003	1.106679960	618610.25
BENCH	table_owners_257	1003	1.187437687	749599.25
BENCH	class_owners_1	1003	1.176470588	615764.25
BENCH	class_owners_2	1003	1.376869392	616780.25
BENCH	class_owners_5	1003	5.575274177	613838.25
BENCH	class_owners_19	1003	4.372881356	618610.25
BENCH	class_owners_257	1003	2.601196411	749599.25
[Inferior 1 (process 675709) exited normally]
[Thread debugging using libthread_db enabled]
Using host libthread_db library "/lib/aarch64-linux-gnu/libthread_db.so.1".
JIT_CAPTURE transfer frame 0xfffff7f85000 4096
JIT_CAPTURE publish frame 0xfffff7f84000 4096
BENCH	transfer_table	1003	1311.018943170	121851
BENCH	transfer_class	1003	1172.324027916	121851
BENCH	transfer_mixed	1003	1261.145563310	121851
BENCH	publish_table	1003	1286.196410768	133577
BENCH	publish_class	1003	1171.724825523	133577
BENCH	publish_mixed	1003	1532.455633101	133577
[Inferior 1 (process 675711) exited normally]
[Thread debugging using libthread_db enabled]
Using host libthread_db library "/lib/aarch64-linux-gnu/libthread_db.so.1".
JIT_CAPTURE table_apply frame 0xfffff7f85000 4096
JIT_CAPTURE apply frame 0xfffff7f84000 4096
BENCH	table_events_97	1003	1250.686939182	140378
BENCH	class_events_97	1003	1061.109670987	140378
BENCH	buffers_7	1003	1.314057827	944693
BENCH	buffers_31	1003	1.292123629	861874
BENCH	calibrate_17	1003	3.478564307	5140.09375
BENCH	calibrate_67	1003	2.208374875	5049
[Inferior 1 (process 675797) exited normally]
JIT_CAPTURE_VERIFIED five canonical-frame functions
