# To display the perf.data header info, please use --header/--header-only options.
#
#
# Total Lost Samples: 0
#
# Samples: 197  of event 'cycles:u'
# Event count (approx.): 744725340
#
# Children      Self  Command  Shared Object                 Symbol                               
# ........  ........  .......  ............................  .....................................
#
    40.48%     0.00%  sqgi     [JIT] tid 675317              [.] 0x0000ffff8f2eab97
            |
            ---0xffff8f2eab97
               |          
               |--6.75%--0xffff8f2ea764
               |          
               |--6.13%--0xffff8f2ea4e8
               |          
               |--5.52%--0xffff8f2ea414
               |          
               |--5.52%--0xffff8f2ea690
               |          
               |--4.91%--0xffff8f2ea5bc
               |          
               |--4.29%--0xffff8f2ea90c
               |          
                --3.07%--0xffff8f2ea838

    14.56%     0.00%  sqgi     [JIT] tid 675317              [.] 0x0000ffff8f2eb70b
            |
            ---0xffff8f2eb70b
               |          
                --6.03%--0xffff8f2eb244

    10.41%     0.00%  sqgi     [JIT] tid 675317              [.] 0x0000ffff8f2e853b
            |
            ---0xffff8f2e853b
               |          
                --2.45%--0xffff8f2e8198

     9.79%     0.00%  sqgi     [JIT] tid 675317              [.] 0x0000ffff8f2e947f
            |
            ---0xffff8f2e947f
               |          
                --6.73%--0xffff8f2e91e4

     7.95%     0.00%  sqgi     [JIT] tid 675317              [.] 0x0000ffff8f2e7407
            |
            ---0xffff8f2e7407
               |          
                --3.67%--0xffff8f2e72a0

     7.94%     0.00%  sqgi     [JIT] tid 675317              [.] 0x0000ffff8f2e6207
            |
            ---0xffff8f2e6207
               |          
                --7.33%--0xffff8f2e6164

     7.33%     7.33%  sqgi     [JIT] tid 675317              [.] 0x0000ffff8f2e6164
            |
            ---0xffff8f2e6207
               0xffff8f2e6164

     6.75%     6.75%  sqgi     [JIT] tid 675317              [.] 0x0000ffff8f2ea764
            |
            ---0xffff8f2eab97
               0xffff8f2ea764

     6.73%     6.73%  sqgi     [JIT] tid 675317              [.] 0x0000ffff8f2e91e4
            |
            ---0xffff8f2e947f
               0xffff8f2e91e4

     6.13%     6.13%  sqgi     [JIT] tid 675317              [.] 0x0000ffff8f2ea4e8
            |
            ---0xffff8f2eab97
               0xffff8f2ea4e8

     6.03%     6.03%  sqgi     [JIT] tid 675317              [.] 0x0000ffff8f2eb244
            |
            ---0xffff8f2eb70b
               0xffff8f2eb244

     5.64%     0.00%  sqgi     [JIT] tid 675317              [.] 0x0000ffff8f2ec347
            |
            ---0xffff8f2ec347
               |          
                --5.23%--0xffff8f2ec164

     5.52%     5.52%  sqgi     [JIT] tid 675317              [.] 0x0000ffff8f2ea414
            |
            ---0xffff8f2eab97
               0xffff8f2ea414

     5.52%     5.52%  sqgi     [JIT] tid 675317              [.] 0x0000ffff8f2ea690
            |
            ---0xffff8f2eab97
               0xffff8f2ea690

     5.23%     5.23%  sqgi     [JIT] tid 675317              [.] 0x0000ffff8f2ec164
            |
            ---0xffff8f2ec347
               0xffff8f2ec164

     4.91%     4.91%  sqgi     [JIT] tid 675317              [.] 0x0000ffff8f2ea5bc
            |
            ---0xffff8f2eab97
               0xffff8f2ea5bc

     4.29%     4.29%  sqgi     [JIT] tid 675317              [.] 0x0000ffff8f2ea90c
            |
            ---0xffff8f2eab97
               0xffff8f2ea90c

     3.67%     3.67%  sqgi     [JIT] tid 675317              [.] 0x0000ffff8f2e72a0
            |
            ---0xffff8f2e7407
               0xffff8f2e72a0

     3.07%     3.07%  sqgi     [JIT] tid 675317              [.] 0x0000ffff8f2ea838
            |
            ---0xffff8f2eab97
               0xffff8f2ea838

     2.45%     2.45%  sqgi     [JIT] tid 675317              [.] 0x0000ffff8f2e8198
            |
            ---0xffff8f2e853b
               0xffff8f2e8198



#
# (Cannot load tips.txt file, please install perf!)
#
