BENCH	filter	200000	0.013490000	10.254364576940203
BENCH	channels_4	200000	0.034910000	20.621658757381574
BENCH	pressure_8	200000	0.093685000	30.900920683591639
BENCH	integration	200000	0.022540000	1562.9738403896752
BENCH	retained_input	200000	0.024630000	399985.55383443867
BENCH	branching	200000	0.018245000	1.6005902475563216
BENCH	helper_control	200000	0.019305000	3.7152600782050693
BENCH	filter	200000	0.013495000	10.254364576940203
BENCH	channels_4	200000	0.035040000	20.621658757381574
BENCH	pressure_8	200000	0.093670000	30.900920683591639
BENCH	integration	200000	0.022615000	1562.9738403896752
BENCH	retained_input	200000	0.024355000	399985.55383443867
BENCH	branching	200000	0.017940000	1.6005902475563216
BENCH	helper_control	200000	0.019300000	3.7152600782050693
BENCH	filter	200000	0.013480000	10.254364576940203
BENCH	channels_4	200000	0.035185000	20.621658757381574
BENCH	pressure_8	200000	0.093675000	30.900920683591639
BENCH	integration	200000	0.022700000	1562.9738403896752
BENCH	retained_input	200000	0.024305000	399985.55383443867
BENCH	branching	200000	0.018090000	1.6005902475563216
BENCH	helper_control	200000	0.019325000	3.7152600782050693
343.41;msec;task-clock:u;1.18%;343410080;100.00;0.984;CPUs utilized
745959144;;cycles:u;0.06%;343444790;100.00;2.167;GHz
1233331457;;instructions:u;0.00%;343444790;100.00;1.65;insn per cycle
157698;;branch-misses:u;0.53%;343444790;100.00;;
331545356;;cache-references:u;0.00%;343444790;100.00;963.353;M/sec
250524;;cache-misses:u;0.28%;343444790;100.00;0.076;of all cache refs
790;;page-faults:u;0.00%;343410080;100.00;2.295;K/sec
0;;context-switches:u;0.00%;343410080;100.00;0.000;/sec
