BENCH	direct_call	3200000	0.025642	563347
BENCH	branch_call	3200000	0.021358	599062
BENCH	float_call	3200000	0.012370	8.2204724409448815
BENCH	numeric_loop	3200000	0.022798	612398470
BENCH	vector	160000	0.375856	0.12553851953971693
BENCH	dynamic_member	160000	0.723113	7261462
BENCH	dynamic_key_get_set	160000	0.182469	6566091
BENCH	object_member_write_fallback	160000	0.471981	595919
BENCH	array_append	160000	0.167137	3048687
BENCH	array_write	160000	0.036781	831988
BENCH	array_read	3200000	0.007045	8000000
BENCH	array_float	3200000	0.006775	6400000
BENCH	math_intrinsic	160000	0.111350	2418270.8295144332
BENCH	math_variable	160000	0.227056	313782.39947747899
BENCH	matrix	160000	0.310331	-0.024510798820940455
BENCH	direct_call	3200000	0.025655	563347
BENCH	branch_call	3200000	0.021407	599062
BENCH	float_call	3200000	0.012405	8.2204724409448815
BENCH	numeric_loop	3200000	0.022794	612398470
BENCH	vector	160000	0.365344	0.12553851953971693
BENCH	dynamic_member	160000	0.724313	7261462
BENCH	dynamic_key_get_set	160000	0.181994	6566091
BENCH	object_member_write_fallback	160000	0.472250	595919
BENCH	array_append	160000	0.167081	3048687
BENCH	array_write	160000	0.037306	831988
BENCH	array_read	3200000	0.007123	8000000
BENCH	array_float	3200000	0.006855	6400000
BENCH	math_intrinsic	160000	0.111006	2418270.8295144332
BENCH	math_variable	160000	0.226188	313782.39947747899
BENCH	matrix	160000	0.310237	-0.024510798820940455
BENCH	direct_call	3200000	0.025634	563347
BENCH	branch_call	3200000	0.021345	599062
BENCH	float_call	3200000	0.012397	8.2204724409448815
BENCH	numeric_loop	3200000	0.022739	612398470
BENCH	vector	160000	0.365463	0.12553851953971693
BENCH	dynamic_member	160000	0.724969	7261462
BENCH	dynamic_key_get_set	160000	0.182212	6566091
BENCH	object_member_write_fallback	160000	0.472419	595919
BENCH	array_append	160000	0.165650	3048687
BENCH	array_write	160000	0.036844	831988
BENCH	array_read	3200000	0.007110	8000000
BENCH	array_float	3200000	0.006842	6400000
BENCH	math_intrinsic	160000	0.111000	2418270.8295144332
BENCH	math_variable	160000	0.225700	313782.39947747899
BENCH	matrix	160000	0.309063	-0.024510798820940455
4343.34;msec;task-clock:u;0.12%;4343338440;100.00;0.997;CPUs utilized
9813352813;;cycles:u;0.06%;4343735092;100.00;2.256;GHz
22328052600;;instructions:u;0.00%;4343735092;100.00;2.27;insn per cycle
3130556;;branch-misses:u;0.45%;4343735092;100.00;;
9027253190;;cache-references:u;0.15%;4343735092;100.00;2.075;G/sec
1228617;;cache-misses:u;0.38%;4343735092;100.00;0.014;of all cache refs
10514;;page-faults:u;0.01%;4343338440;100.00;2.417;K/sec
0;;context-switches:u;0.00%;4343338440;100.00;0.000;/sec
