# To display the perf.data header info, please use --header/--header-only options.
#
#
# Total Lost Samples: 0
#
# Samples: 2K of event 'cycles:u'
# Event count (approx.): 9854086297
#
# Children      Self  Command  Shared Object                 Symbol                                                                                                                         
# ........  ........  .......  ............................  ...............................................................................................................................
#
    28.21%     0.00%  sqgi     libc.so.6                     [.] __libc_start_call_main
            |
            ---__libc_start_call_main
               __libc_start_call_main
               main
               |          
                --28.15%--sq_call
                          SQVM::Execute
                          |          
                           --2.23%--SQObjectPtr::operator= (inlined)

    28.21%     0.00%  sqgi     sqgi                          [.] main
            |
            ---main
               |          
                --28.15%--sq_call
                          SQVM::Execute
                          |          
                           --2.23%--SQObjectPtr::operator= (inlined)

    28.15%     0.00%  sqgi     sqgi                          [.] sq_call
            |
            ---sq_call
               SQVM::Execute
               |          
                --2.23%--SQObjectPtr::operator= (inlined)

    28.15%    23.79%  sqgi     sqgi                          [.] SQVM::Execute
            |          
            |--23.79%--__libc_start_call_main
            |          __libc_start_call_main
            |          main
            |          sq_call
            |          SQVM::Execute
            |          |          
            |           --2.23%--SQObjectPtr::operator= (inlined)
            |          
             --4.36%--SQVM::Execute

    11.42%     0.00%  sqgi     [JIT] tid 675107              [.] 0x0000ffffb06b33af
            |
            ---0xffffb06b33af
               |          
                --10.17%--0xffffb06b3164

    10.17%    10.17%  sqgi     [JIT] tid 675107              [.] 0x0000ffffb06b3164
            |
            ---0xffffb06b33af
               0xffffb06b3164

     9.56%     0.00%  sqgi     [JIT] tid 675107              [.] 0x0000ffffb06b23db
            |
            ---0xffffb06b23db
               |          
                --6.68%--0xffffb06b2164

     8.45%     0.00%  sqgi     [JIT] tid 675107              [.] 0x0000ffffb06b0043
            |
            ---0xffffb06b0043
               |          
                --2.88%--0xffffb06b0230

     7.46%     0.00%  sqgi     [JIT] tid 675107              [.] 0x0000ffffb069e32b
            |
            ---0xffffb069e32b

     6.68%     6.68%  sqgi     [JIT] tid 675107              [.] 0x0000ffffb06b2164
            |
            ---0xffffb06b23db
               0xffffb06b2164

     5.47%     0.00%  sqgi     [JIT] tid 675107              [.] 0x0000ffffb06b1313
            |
            ---0xffffb06b1313
               |          
                --4.55%--0xffffb06b1164

     4.55%     4.55%  sqgi     [JIT] tid 675107              [.] 0x0000ffffb06b1164
            |
            ---0xffffb06b1313
               0xffffb06b1164

     3.62%     3.62%  sqgi     [JIT] tid 675107              [.] 0x0000ffffb06b0230
            |          
             --2.88%--0xffffb06b0043
                       0xffffb06b0230

     3.20%     0.00%  sqgi     [JIT] tid 675107              [.] 0x0000ffffb06a110f
            |
            ---0xffffb06a110f

     2.83%     1.44%  sqgi     sqgi                          [.] sqjit_number_conversion_guard
     2.55%     0.00%  sqgi     sqgi                          [.] SQObjectPtr::operator= (inlined)
            |
            ---SQObjectPtr::operator= (inlined)

     2.41%     2.41%  sqgi     sqgi                          [.] SQTable::Get
     2.09%     0.00%  sqgi     [JIT] tid 675107              [.] 0x0000ffffb06b611b
            |
            ---0xffffb06b611b



#
# (Cannot load tips.txt file, please install perf!)
#
