BENCH	table_events_97	200000	0.411540000	10069540
BENCH	class_events_97	200000	0.409135000	10069540
BENCH	buffers_7	200000	0.368485000	65667
BENCH	buffers_31	200000	0.368945000	651677
BENCH	calibrate_17	200000	0.084005000	1040538.515625
BENCH	calibrate_67	200000	0.084950000	1040417.796875
BENCH	table_events_97	200000	0.413400000	10069540
BENCH	class_events_97	200000	0.415265000	10069540
BENCH	buffers_7	200000	0.368845000	65667
BENCH	buffers_31	200000	0.368990000	651677
BENCH	calibrate_17	200000	0.083645000	1040538.515625
BENCH	calibrate_67	200000	0.084300000	1040417.796875
BENCH	table_events_97	200000	0.413430000	10069540
BENCH	class_events_97	200000	0.415935000	10069540
BENCH	buffers_7	200000	0.368475000	65667
BENCH	buffers_31	200000	0.369065000	651677
BENCH	calibrate_17	200000	0.083945000	1040538.515625
BENCH	calibrate_67	200000	0.085000000	1040417.796875
2455.56;msec;task-clock:u;0.07%;2455557620;100.00;0.999;CPUs utilized
5576399825;;cycles:u;0.14%;2455827106;100.00;2.273;GHz
16824457698;;instructions:u;0.00%;2455827106;100.00;3.02;insn per cycle
3398207;;branch-misses:u;0.42%;2455827106;100.00;;
6738428452;;cache-references:u;0.00%;2455827106;100.00;2.747;G/sec
5797080;;cache-misses:u;1.49%;2455827106;100.00;0.086;of all cache refs
815;;page-faults:u;0.08%;2455557620;100.00;332.274;/sec
0;;context-switches:u;0.00%;2455557620;100.00;0.000;/sec
