# To display the perf.data header info, please use --header/--header-only options.
#
#
# Total Lost Samples: 0
#
# Samples: 1K of event 'cycles:u'
# Event count (approx.): 8033370341
#
# Children      Self  Command  Shared Object                 Symbol                                         
# ........  ........  .......  ............................  ...............................................
#
    74.05%     0.00%  sqgi     sqgi                          [.] _start
            |
            ---_start
               __libc_start_main_impl (inlined)
               __libc_start_call_main
               main
               |          
                --73.98%--sq_call
                          SQVM::Execute
                          |          
                          |--13.46%--sqjit_try_execute_current
                          |          |          
                          |           --5.68%--SQVM::Return
                          |                     |          
                          |                      --2.50%--SQVM::LeaveFrame
                          |          
                          |--4.57%--sqjit_try_execute_current_loop
                          |          
                          |--3.69%--SQVM::StartCall
                          |          
                          |--3.69%--SQObjectPtr::operator= (inlined)
                          |          
                          |--3.18%--SQArray::Get (inlined)
                          |          |          
                          |           --2.27%--SQArray::Get (inlined)
                          |          
                           --2.50%--SQVM::CMP_OP

    74.05%     0.00%  sqgi     libc.so.6                     [.] __libc_start_main_impl (inlined)
            |
            ---__libc_start_main_impl (inlined)
               __libc_start_call_main
               main
               |          
                --73.98%--sq_call
                          SQVM::Execute
                          |          
                          |--13.46%--sqjit_try_execute_current
                          |          |          
                          |           --5.68%--SQVM::Return
                          |                     |          
                          |                      --2.50%--SQVM::LeaveFrame
                          |          
                          |--4.57%--sqjit_try_execute_current_loop
                          |          
                          |--3.69%--SQVM::StartCall
                          |          
                          |--3.69%--SQObjectPtr::operator= (inlined)
                          |          
                          |--3.18%--SQArray::Get (inlined)
                          |          |          
                          |           --2.27%--SQArray::Get (inlined)
                          |          
                           --2.50%--SQVM::CMP_OP

    74.05%     0.00%  sqgi     libc.so.6                     [.] __libc_start_call_main
            |
            ---__libc_start_call_main
               main
               |          
                --73.98%--sq_call
                          SQVM::Execute
                          |          
                          |--13.46%--sqjit_try_execute_current
                          |          |          
                          |           --5.68%--SQVM::Return
                          |                     |          
                          |                      --2.50%--SQVM::LeaveFrame
                          |          
                          |--4.57%--sqjit_try_execute_current_loop
                          |          
                          |--3.69%--SQVM::StartCall
                          |          
                          |--3.69%--SQObjectPtr::operator= (inlined)
                          |          
                          |--3.18%--SQArray::Get (inlined)
                          |          |          
                          |           --2.27%--SQArray::Get (inlined)
                          |          
                           --2.50%--SQVM::CMP_OP

    74.05%     0.00%  sqgi     sqgi                          [.] main
            |
            ---main
               |          
                --73.98%--sq_call
                          SQVM::Execute
                          |          
                          |--13.46%--sqjit_try_execute_current
                          |          |          
                          |           --5.68%--SQVM::Return
                          |                     |          
                          |                      --2.50%--SQVM::LeaveFrame
                          |          
                          |--4.57%--sqjit_try_execute_current_loop
                          |          
                          |--3.69%--SQVM::StartCall
                          |          
                          |--3.69%--SQObjectPtr::operator= (inlined)
                          |          
                          |--3.18%--SQArray::Get (inlined)
                          |          |          
                          |           --2.27%--SQArray::Get (inlined)
                          |          
                           --2.50%--SQVM::CMP_OP

    73.98%    46.31%  sqgi     sqgi                          [.] SQVM::Execute
            |          
            |--46.31%--_start
            |          __libc_start_main_impl (inlined)
            |          __libc_start_call_main
            |          main
            |          sq_call
            |          SQVM::Execute
            |          |          
            |          |--3.69%--SQObjectPtr::operator= (inlined)
            |          |          
            |           --3.18%--SQArray::Get (inlined)
            |                     |          
            |                      --2.27%--SQArray::Get (inlined)
            |          
             --27.67%--SQVM::Execute
                       |          
                       |--13.46%--sqjit_try_execute_current
                       |          |          
                       |           --5.68%--SQVM::Return
                       |                     |          
                       |                      --2.50%--SQVM::LeaveFrame
                       |          
                       |--4.57%--sqjit_try_execute_current_loop
                       |          
                       |--3.69%--SQVM::StartCall
                       |          
                        --2.50%--SQVM::CMP_OP

    73.98%     0.00%  sqgi     sqgi                          [.] sq_call
            |
            ---sq_call
               SQVM::Execute
               |          
               |--13.46%--sqjit_try_execute_current
               |          |          
               |           --5.68%--SQVM::Return
               |                     |          
               |                      --2.50%--SQVM::LeaveFrame
               |          
               |--4.57%--sqjit_try_execute_current_loop
               |          
               |--3.69%--SQVM::StartCall
               |          
               |--3.69%--SQObjectPtr::operator= (inlined)
               |          
               |--3.18%--SQArray::Get (inlined)
               |          |          
               |           --2.27%--SQArray::Get (inlined)
               |          
                --2.50%--SQVM::CMP_OP

    13.68%     5.12%  sqgi     sqgi                          [.] sqjit_try_execute_current
            |          
            |--8.57%--sqjit_try_execute_current
            |          |          
            |           --5.68%--SQVM::Return
            |                     |          
            |                      --2.50%--SQVM::LeaveFrame
            |          
             --5.12%--_start
                       __libc_start_main_impl (inlined)
                       __libc_start_call_main
                       main
                       sq_call
                       SQVM::Execute
                       sqjit_try_execute_current

    10.80%     9.72%  sqgi     sqgi                          [.] sqjit_a64_precise_step<(SQOpcode)13, true>
            |          
            |--3.53%--0xffff8c16a3d7
            |          0xffff8c16a3d7
            |          sqjit_a64_precise_step<(SQOpcode)13, true>
            |          
            |--2.22%--0xffff8c16912f
            |          0xffff8c16912f
            |          sqjit_a64_precise_step<(SQOpcode)13, true>
            |          
             --2.16%--0xffff8c16920f
                       0xffff8c16920f
                       sqjit_a64_precise_step<(SQOpcode)13, true>

     6.23%     0.00%  sqgi     [JIT] tid 675254              [.] 0x0000ffff8c16a3d7
            |
            ---0xffff8c16a3d7
               |          
                --3.87%--0xffff8c16a3d7
                          sqjit_a64_precise_step<(SQOpcode)13, true>

     5.68%     3.18%  sqgi     sqgi                          [.] SQVM::Return
            |          
            |--3.18%--_start
            |          __libc_start_main_impl (inlined)
            |          __libc_start_call_main
            |          main
            |          sq_call
            |          SQVM::Execute
            |          sqjit_try_execute_current
            |          SQVM::Return
            |          
             --2.50%--SQVM::Return
                       SQVM::LeaveFrame

     5.29%     0.00%  sqgi     sqgi                          [.] sqjit_a64_precise_member<true> (inlined)
            |
            ---sqjit_a64_precise_member<true> (inlined)
               |          
                --4.55%--sq_member_raw_slot (inlined)
                          |          
                           --2.39%--SQTable::GetRawSlot (inlined)

     4.57%     3.33%  sqgi     sqgi                          [.] sqjit_try_execute_current_loop
            |          
             --3.33%--_start
                       __libc_start_main_impl (inlined)
                       __libc_start_call_main
                       main
                       sq_call
                       SQVM::Execute
                       sqjit_try_execute_current_loop

     4.55%     0.00%  sqgi     sqgi                          [.] sq_member_raw_slot (inlined)
            |
            ---sq_member_raw_slot (inlined)
               |          
                --2.39%--SQTable::GetRawSlot (inlined)

     4.54%     0.00%  sqgi     sqgi                          [.] SQObjectPtr::operator= (inlined)
            |
            ---SQObjectPtr::operator= (inlined)

     4.09%     0.00%  sqgi     sqgi                          [.] SQTable::GetRawSlot (inlined)
            |
            ---SQTable::GetRawSlot (inlined)
               |          
                --2.39%--SQTable::_Get (inlined)

     3.69%     2.67%  sqgi     sqgi                          [.] SQVM::StartCall
            |          
             --2.67%--_start
                       __libc_start_main_impl (inlined)
                       __libc_start_call_main
                       main
                       sq_call
                       SQVM::Execute
                       SQVM::StartCall

     3.69%     0.00%  sqgi     [JIT] tid 675254              [.] 0x0000ffff8c1692ef
            |
            ---0xffff8c1692ef

     3.47%     0.00%  sqgi     [JIT] tid 675254              [.] 0x0000ffff8c16a0eb
            |
            ---0xffff8c16a0eb
               |          
                --2.33%--0xffff8c16a0eb
                          sqjit_a64_precise_step<(SQOpcode)14, true>

     3.35%     0.00%  sqgi     [JIT] tid 675254              [.] 0x0000ffff8c16912f
            |
            ---0xffff8c16912f
               |          
                --2.67%--0xffff8c16912f
                          sqjit_a64_precise_step<(SQOpcode)13, true>

     3.18%     0.00%  sqgi     sqgi                          [.] SQArray::Get (inlined)
            |
            ---SQArray::Get (inlined)
               |          
                --2.27%--SQArray::Get (inlined)

     2.96%     0.00%  sqgi     [JIT] tid 675254              [.] 0x0000ffff8c16920f
            |
            ---0xffff8c16920f
               |          
                --2.44%--0xffff8c16920f
                          sqjit_a64_precise_step<(SQOpcode)13, true>

     2.61%     2.61%  sqgi     sqgi                          [.] sqjit_a64_precise_step<(SQOpcode)9, true>
            |
            ---0xffff8c16a083
               0xffff8c16a083
               |          
                --2.22%--sqjit_a64_precise_step<(SQOpcode)9, true>

     2.61%     0.00%  sqgi     [JIT] tid 675254              [.] 0x0000ffff8c16a083
            |
            ---0xffff8c16a083
               0xffff8c16a083
               |          
                --2.22%--sqjit_a64_precise_step<(SQOpcode)9, true>

     2.50%     0.74%  sqgi     sqgi                          [.] SQVM::CMP_OP
     2.50%     2.50%  sqgi     sqgi                          [.] SQVM::LeaveFrame
            |
            ---_start
               __libc_start_main_impl (inlined)
               __libc_start_call_main
               main
               sq_call
               SQVM::Execute
               sqjit_try_execute_current
               SQVM::Return
               SQVM::LeaveFrame

     2.39%     0.00%  sqgi     sqgi                          [.] SQTable::_Get (inlined)
            |
            ---SQTable::_Get (inlined)

     2.33%     2.33%  sqgi     sqgi                          [.] sqjit_a64_precise_step<(SQOpcode)14, true>
            |
            ---0xffff8c16a0eb
               0xffff8c16a0eb
               sqjit_a64_precise_step<(SQOpcode)14, true>



#
# (Cannot load tips.txt file, please install perf!)
#
