BENCH	transfer_table	200000	0.429655000	141925
BENCH	transfer_class	200000	0.438020000	141925
BENCH	transfer_mixed	200000	0.441040000	141925
BENCH	publish_table	200000	0.391600000	410680
BENCH	publish_class	200000	0.393930000	410680
BENCH	publish_mixed	200000	0.399205000	410680
BENCH	transfer_table	200000	0.429640000	141925
BENCH	transfer_class	200000	0.439070000	141925
BENCH	transfer_mixed	200000	0.440970000	141925
BENCH	publish_table	200000	0.397160000	410680
BENCH	publish_class	200000	0.394405000	410680
BENCH	publish_mixed	200000	0.402660000	410680
BENCH	transfer_table	200000	0.431480000	141925
BENCH	transfer_class	200000	0.440430000	141925
BENCH	transfer_mixed	200000	0.442755000	141925
BENCH	publish_table	200000	0.394235000	410680
BENCH	publish_class	200000	0.396700000	410680
BENCH	publish_mixed	200000	0.401195000	410680
3534.50;msec;task-clock:u;0.10%;3534498020;100.00;0.999;CPUs utilized
8043411539;;cycles:u;0.16%;3534833446;100.00;2.278;GHz
23316911221;;instructions:u;0.00%;3534833446;100.00;2.91;insn per cycle
1654469;;branch-misses:u;0.27%;3534833446;100.00;;
9599510613;;cache-references:u;0.01%;3534833446;100.00;2.719;G/sec
294994;;cache-misses:u;1.30%;3534833446;100.00;0.003;of all cache refs
796;;page-faults:u;0.04%;3534498020;100.00;225.468;/sec
0;;context-switches:u;0.00%;3534498020;100.00;0.000;/sec
