BENCH	table_owners_1	200000	0.142615000	5098276961
BENCH	table_owners_2	200000	0.142540000	5098477602
BENCH	table_owners_5	200000	0.142475000	5097878556
BENCH	table_owners_19	200000	0.142390000	5098684496
BENCH	table_owners_257	200000	0.142435000	5100408060
BENCH	class_owners_1	200000	0.142025000	5098276961
BENCH	class_owners_2	200000	0.142060000	5098477602
BENCH	class_owners_5	200000	0.142460000	5097878556
BENCH	class_owners_19	200000	0.142450000	5098684496
BENCH	class_owners_257	200000	0.142805000	5100408060
BENCH	table_owners_1	200000	0.142065000	5098276961
BENCH	table_owners_2	200000	0.142025000	5098477602
BENCH	table_owners_5	200000	0.142055000	5097878556
BENCH	table_owners_19	200000	0.142080000	5098684496
BENCH	table_owners_257	200000	0.142465000	5100408060
BENCH	class_owners_1	200000	0.142030000	5098276961
BENCH	class_owners_2	200000	0.142520000	5098477602
BENCH	class_owners_5	200000	0.142910000	5097878556
BENCH	class_owners_19	200000	0.142640000	5098684496
BENCH	class_owners_257	200000	0.143050000	5100408060
BENCH	table_owners_1	200000	0.142655000	5098276961
BENCH	table_owners_2	200000	0.142700000	5098477602
BENCH	table_owners_5	200000	0.142605000	5097878556
BENCH	table_owners_19	200000	0.142595000	5098684496
BENCH	table_owners_257	200000	0.142535000	5100408060
BENCH	class_owners_1	200000	0.142130000	5098276961
BENCH	class_owners_2	200000	0.142630000	5098477602
BENCH	class_owners_5	200000	0.142515000	5097878556
BENCH	class_owners_19	200000	0.142510000	5098684496
BENCH	class_owners_257	200000	0.142830000	5100408060
2018.36;msec;task-clock:u;0.17%;2018356201;100.00;0.994;CPUs utilized
4579278210;;cycles:u;0.04%;2018627747;100.00;2.263;GHz
13468235135;;instructions:u;0.00%;2018627747;100.00;2.94;insn per cycle
146483;;branch-misses:u;0.69%;2018627747;100.00;;
5275287139;;cache-references:u;0.00%;2018627747;100.00;2.606;G/sec
260936;;cache-misses:u;0.36%;2018627747;100.00;0.005;of all cache refs
785;;page-faults:u;0.11%;2018356201;100.00;387.864;/sec
0;;context-switches:u;0.00%;2018356201;100.00;0.000;/sec
