# To display the perf.data header info, please use --header/--header-only options.
#
#
# Total Lost Samples: 0
#
# Samples: 216  of event 'cycles:u'
# Event count (approx.): 883960503
#
# Children      Self  Command  Shared Object               Symbol                                                                                                                                                         
# ........  ........  .......  ..........................  ...............................................................................................................................................................
#
    22.72%     0.00%  sqgi     [JIT] tid 675184            [.] 0x0000ffff947ba207
            |
            ---0xffff947ba207
               |          
                --17.56%--0xffff947ba207
                          sqjit_a64_helper_member_set_reference_logged
                          |          
                          |--10.33%--sqjit_a64_helper_member_set_reference_logged
                          |          SQJitWriteLog::RecordMember
                          |          |          
                          |          |--5.68%--SQJitWriteLog::ContainsMember<true> (inlined)
                          |          |          |          
                          |          |           --2.58%--SQJitWriteLog::ContainsMember<true>(SQObjectPtr const&, SQObjectPtr const&, SQObjectPtr const&) const::{lambda(SQJitWriteLog::Entry const&)#1}::operator() (inlined)
                          |          |          
                          |           --3.10%--SQJitWriteLog::CanRelease
                          |          
                           --5.68%--sqjit_a64_member_store_slot (inlined)
                                     sqjit_a64_member_store_slot (inlined)
                                     |          
                                      --4.13%--sqjit_a64_resolve_store_slot (inlined)
                                                |          
                                                 --3.61%--sq_member_raw_slot (inlined)
                                                           SQTable::GetRawSlot (inlined)
                                                           |          
                                                            --3.10%--SQTable::_Get (inlined)

    22.53%    12.27%  sqgi     sqgi                        [.] SQJitWriteLog::RecordMember
            |          
            |--10.26%--SQJitWriteLog::RecordMember
            |          |          
            |           --9.74%--SQJitWriteLog::CanRelease
            |          
            |--6.71%--0xffff947ba207
            |          0xffff947ba207
            |          sqjit_a64_helper_member_set_reference_logged
            |          sqjit_a64_helper_member_set_reference_logged
            |          SQJitWriteLog::RecordMember
            |          |          
            |           --5.16%--SQJitWriteLog::ContainsMember<true> (inlined)
            |                     |          
            |                      --2.58%--SQJitWriteLog::ContainsMember<true>(SQObjectPtr const&, SQObjectPtr const&, SQObjectPtr const&) const::{lambda(SQJitWriteLog::Entry const&)#1}::operator() (inlined)
            |          
             --3.49%--0xffff947bc223
                       0xffff947bc223
                       sqjit_a64_helper_instance_field_set_integer_logged
                       sqjit_a64_helper_instance_field_set_integer_logged
                       SQJitWriteLog::RecordMember
                       |          
                        --2.05%--SQJitWriteLog::ContainsMember<false> (inlined)
                                  SQJitWriteLog::ContainsMember<false>(SQObjectPtr const&, SQObjectPtr const&, SQObjectPtr const&) const::{lambda(SQJitWriteLog::Entry const&)#1}::operator() (inlined)

    21.17%    10.84%  sqgi     sqgi                        [.] sqjit_a64_helper_member_set_integer_logged
            |          
            |--10.33%--sqjit_a64_helper_member_set_integer_logged
            |          |          
            |          |--7.23%--sqjit_a64_helper_member_set_integer_logged
            |          |          SQJitWriteLog::RecordMember
            |          |          |          
            |          |           --5.16%--SQJitWriteLog::CanRelease
            |          |          
            |           --3.10%--sqjit_a64_member_store_slot (inlined)
            |                     sqjit_a64_member_store_slot (inlined)
            |                     sqjit_a64_resolve_store_slot (inlined)
            |                     sqjit_a64_resolve_root_store_slot
            |          
            |--5.68%--0xffff947b91db
            |          0xffff947b91db
            |          sqjit_a64_helper_member_set_integer_logged
            |          |          
            |           --3.10%--sqjit_a64_member_store_slot (inlined)
            |                     sqjit_a64_member_store_slot (inlined)
            |                     |          
            |                      --2.06%--sqjit_a64_resolve_store_slot (inlined)
            |                                sq_member_raw_slot (inlined)
            |                                SQTable::GetRawSlot (inlined)
            |                                SQTable::_Get (inlined)
            |          
             --5.16%--0xffff947bb1f7
                       0xffff947bb1f7
                       sqjit_a64_helper_member_set_integer_logged
                       |          
                        --3.10%--sqjit_a64_member_store_slot (inlined)
                                  sqjit_a64_member_store_slot (inlined)
                                  |          
                                   --2.58%--sqjit_a64_resolve_store_slot (inlined)
                                             |          
                                              --2.06%--sq_member_raw_slot (inlined)
                                                        SQTable::GetRawSlot (inlined)
                                                        SQTable::_Get (inlined)

    20.56%     9.80%  sqgi     sqgi                        [.] sqjit_a64_helper_member_closure_guard
            |          
            |--10.77%--sqjit_a64_helper_member_closure_guard
            |          sqjit_a64_helper_member_closure_guard
            |          sqjit_a64_borrow_member_ptr_value
            |          |          
            |           --4.65%--SQTable::GetRawSlot (inlined)
            |                     |          
            |                      --3.10%--HashObj (inlined)
            |          
            |--3.60%--0xffff947bb16b
            |          0xffff947bb16b
            |          sqjit_a64_helper_member_closure_guard
            |          
            |--3.10%--0xffff947b914f
            |          0xffff947b914f
            |          sqjit_a64_helper_member_closure_guard
            |          
             --2.07%--0xffff947ba14b
                       0xffff947ba14b
                       sqjit_a64_helper_member_closure_guard

    17.56%     5.68%  sqgi     sqgi                        [.] sqjit_a64_helper_member_set_reference_logged
            |          
            |--11.88%--sqjit_a64_helper_member_set_reference_logged
            |          |          
            |           --10.33%--sqjit_a64_helper_member_set_reference_logged
            |                     SQJitWriteLog::RecordMember
            |                     |          
            |                     |--5.68%--SQJitWriteLog::ContainsMember<true> (inlined)
            |                     |          |          
            |                     |           --2.58%--SQJitWriteLog::ContainsMember<true>(SQObjectPtr const&, SQObjectPtr const&, SQObjectPtr const&) const::{lambda(SQJitWriteLog::Entry const&)#1}::operator() (inlined)
            |                     |          
            |                      --3.10%--SQJitWriteLog::CanRelease
            |          
             --5.68%--0xffff947ba207
                       0xffff947ba207
                       sqjit_a64_helper_member_set_reference_logged
                       |          
                        --4.65%--sqjit_a64_member_store_slot (inlined)
                                  sqjit_a64_member_store_slot (inlined)
                                  |          
                                   --4.13%--sqjit_a64_resolve_store_slot (inlined)
                                             |          
                                              --3.61%--sq_member_raw_slot (inlined)
                                                        SQTable::GetRawSlot (inlined)
                                                        |          
                                                         --3.10%--SQTable::_Get (inlined)

    13.94%     0.00%  sqgi     [JIT] tid 675184            [.] 0x0000ffff947b91db
            |
            ---0xffff947b91db
               |          
                --11.36%--0xffff947b91db
                          sqjit_a64_helper_member_set_integer_logged
                          |          
                          |--5.68%--sqjit_a64_member_store_slot (inlined)
                          |          sqjit_a64_member_store_slot (inlined)
                          |          |          
                          |           --4.65%--sqjit_a64_resolve_store_slot (inlined)
                          |                     |          
                          |                     |--2.58%--sqjit_a64_resolve_root_store_slot
                          |                     |          
                          |                      --2.06%--sq_member_raw_slot (inlined)
                          |                                SQTable::GetRawSlot (inlined)
                          |                                SQTable::_Get (inlined)
                          |          
                           --3.10%--sqjit_a64_helper_member_set_integer_logged
                                     SQJitWriteLog::RecordMember
                                     |          
                                      --2.06%--SQJitWriteLog::CanRelease

    11.86%     0.00%  sqgi     [JIT] tid 675184            [.] 0x0000ffff947bb16b
            |
            ---0xffff947bb16b
               |          
               |--7.22%--0xffff947bb16b
               |          sqjit_a64_helper_member_closure_guard
               |          |          
               |           --3.62%--sqjit_a64_helper_member_closure_guard
               |                     sqjit_a64_borrow_member_ptr_value
               |          
                --3.09%--0xffff947bb1dc

    11.68%     0.00%  sqgi     [JIT] tid 675184            [.] 0x0000ffff947bc223
            |
            ---0xffff947bc223
               |          
               |--8.19%--0xffff947bc223
               |          sqjit_a64_helper_instance_field_set_integer_logged
               |          |          
               |           --4.97%--sqjit_a64_helper_instance_field_set_integer_logged
               |                     SQJitWriteLog::RecordMember
               |                     |          
               |                      --2.05%--SQJitWriteLog::ContainsMember<false> (inlined)
               |                                SQJitWriteLog::ContainsMember<false>(SQObjectPtr const&, SQObjectPtr const&, SQObjectPtr const&) const::{lambda(SQJitWriteLog::Entry const&)#1}::operator() (inlined)
               |          
                --2.50%--0xffff947bc254

    11.36%     0.00%  sqgi     [JIT] tid 675184            [.] 0x0000ffff947bb1f7
            |
            ---0xffff947bb1f7
               |          
                --9.81%--0xffff947bb1f7
                          sqjit_a64_helper_member_set_integer_logged
                          |          
                          |--4.13%--sqjit_a64_helper_member_set_integer_logged
                          |          SQJitWriteLog::RecordMember
                          |          |          
                          |           --3.10%--SQJitWriteLog::CanRelease
                          |          
                           --3.61%--sqjit_a64_member_store_slot (inlined)
                                     sqjit_a64_member_store_slot (inlined)
                                     |          
                                      --3.10%--sqjit_a64_resolve_store_slot (inlined)
                                                |          
                                                 --2.06%--sq_member_raw_slot (inlined)
                                                           SQTable::GetRawSlot (inlined)
                                                           SQTable::_Get (inlined)

    10.77%    10.77%  sqgi     sqgi                        [.] sqjit_a64_borrow_member_ptr_value
            |          
            |--3.62%--0xffff947bb16b
            |          0xffff947bb16b
            |          sqjit_a64_helper_member_closure_guard
            |          sqjit_a64_helper_member_closure_guard
            |          sqjit_a64_borrow_member_ptr_value
            |          
            |--2.58%--0xffff947ba14b
            |          0xffff947ba14b
            |          sqjit_a64_helper_member_closure_guard
            |          sqjit_a64_helper_member_closure_guard
            |          sqjit_a64_borrow_member_ptr_value
            |          
            |--2.50%--0xffff947bc16b
            |          0xffff947bc16b
            |          sqjit_a64_helper_member_closure_guard
            |          sqjit_a64_helper_member_closure_guard
            |          sqjit_a64_borrow_member_ptr_value
            |          
             --2.07%--0xffff947b914f
                       0xffff947b914f
                       sqjit_a64_helper_member_closure_guard
                       sqjit_a64_helper_member_closure_guard
                       sqjit_a64_borrow_member_ptr_value

     9.74%     9.74%  sqgi     sqgi                        [.] SQJitWriteLog::CanRelease
            |          
            |--3.10%--0xffff947ba207
            |          0xffff947ba207
            |          sqjit_a64_helper_member_set_reference_logged
            |          sqjit_a64_helper_member_set_reference_logged
            |          SQJitWriteLog::RecordMember
            |          SQJitWriteLog::CanRelease
            |          
            |--3.10%--0xffff947bb1f7
            |          0xffff947bb1f7
            |          sqjit_a64_helper_member_set_integer_logged
            |          sqjit_a64_helper_member_set_integer_logged
            |          SQJitWriteLog::RecordMember
            |          SQJitWriteLog::CanRelease
            |          
             --2.06%--0xffff947b91db
                       0xffff947b91db
                       sqjit_a64_helper_member_set_integer_logged
                       sqjit_a64_helper_member_set_integer_logged
                       SQJitWriteLog::RecordMember
                       SQJitWriteLog::CanRelease

     9.30%     0.00%  sqgi     [JIT] tid 675184            [.] 0x0000ffff947b914f
            |
            ---0xffff947b914f
               |          
               |--5.17%--0xffff947b914f
               |          sqjit_a64_helper_member_closure_guard
               |          |          
               |           --2.07%--sqjit_a64_helper_member_closure_guard
               |                     sqjit_a64_borrow_member_ptr_value
               |          
                --2.07%--0xffff947b91c0

     9.29%     0.00%  sqgi     sqgi                        [.] sqjit_a64_member_store_slot (inlined)
            |
            ---sqjit_a64_member_store_slot (inlined)
               sqjit_a64_member_store_slot (inlined)
               |          
                --7.74%--sqjit_a64_resolve_store_slot (inlined)
                          |          
                          |--4.13%--sq_member_raw_slot (inlined)
                          |          SQTable::GetRawSlot (inlined)
                          |          SQTable::_Get (inlined)
                          |          
                           --3.10%--sqjit_a64_resolve_root_store_slot

     8.78%     0.00%  sqgi     [JIT] tid 675184            [.] 0x0000ffff947ba14b
            |
            ---0xffff947ba14b
               |          
               |--4.65%--0xffff947ba14b
               |          sqjit_a64_helper_member_closure_guard
               |          |          
               |           --2.58%--sqjit_a64_helper_member_closure_guard
               |                     sqjit_a64_borrow_member_ptr_value
               |          
                --2.07%--0xffff947ba18c

     8.19%     3.22%  sqgi     sqgi                        [.] sqjit_a64_helper_instance_field_set_integer_logged
            |          
            |--4.97%--sqjit_a64_helper_instance_field_set_integer_logged
            |          sqjit_a64_helper_instance_field_set_integer_logged
            |          SQJitWriteLog::RecordMember
            |          |          
            |           --2.05%--SQJitWriteLog::ContainsMember<false> (inlined)
            |                     SQJitWriteLog::ContainsMember<false>(SQObjectPtr const&, SQObjectPtr const&, SQObjectPtr const&) const::{lambda(SQJitWriteLog::Entry const&)#1}::operator() (inlined)
            |          
             --3.22%--0xffff947bc223
                       0xffff947bc223
                       sqjit_a64_helper_instance_field_set_integer_logged

     7.88%     0.00%  sqgi     [JIT] tid 675184            [.] 0x0000ffff947bc16b
            |
            ---0xffff947bc16b
               |          
               |--3.52%--0xffff947bc16b
               |          sqjit_a64_helper_member_closure_guard
               |          |          
               |           --2.50%--sqjit_a64_helper_member_closure_guard
               |                     sqjit_a64_borrow_member_ptr_value
               |          
                --2.80%--0xffff947bc214

     7.74%     0.00%  sqgi     sqgi                        [.] sqjit_a64_resolve_store_slot (inlined)
            |
            ---sqjit_a64_resolve_store_slot (inlined)
               |          
               |--4.13%--sq_member_raw_slot (inlined)
               |          SQTable::GetRawSlot (inlined)
               |          SQTable::_Get (inlined)
               |          
                --3.10%--sqjit_a64_resolve_root_store_slot

     5.68%     0.00%  sqgi     sqgi                        [.] SQJitWriteLog::ContainsMember<true> (inlined)
            |
            ---SQJitWriteLog::ContainsMember<true> (inlined)
               |          
                --2.58%--SQJitWriteLog::ContainsMember<true>(SQObjectPtr const&, SQObjectPtr const&, SQObjectPtr const&) const::{lambda(SQJitWriteLog::Entry const&)#1}::operator() (inlined)

     5.68%     0.00%  sqgi     sqgi                        [.] sqjit_a64_member_store_slot (inlined)
            |
            ---sqjit_a64_member_store_slot (inlined)
               sqjit_a64_member_store_slot (inlined)
               |          
                --4.13%--sqjit_a64_resolve_store_slot (inlined)
                          |          
                           --3.61%--sq_member_raw_slot (inlined)
                                     SQTable::GetRawSlot (inlined)
                                     |          
                                      --3.10%--SQTable::_Get (inlined)

     4.65%     0.00%  sqgi     sqgi                        [.] SQTable::GetRawSlot (inlined)
            |
            ---SQTable::GetRawSlot (inlined)
               |          
                --3.10%--HashObj (inlined)

     4.13%     4.13%  sqgi     sqgi                        [.] sqjit_a64_resolve_root_store_slot
            |          
             --2.58%--0xffff947b91db
                       0xffff947b91db
                       sqjit_a64_helper_member_set_integer_logged
                       sqjit_a64_member_store_slot (inlined)
                       sqjit_a64_member_store_slot (inlined)
                       sqjit_a64_resolve_store_slot (inlined)
                       sqjit_a64_resolve_root_store_slot

     4.13%     0.00%  sqgi     sqgi                        [.] sqjit_a64_resolve_store_slot (inlined)
            |
            ---sqjit_a64_resolve_store_slot (inlined)
               |          
                --3.61%--sq_member_raw_slot (inlined)
                          SQTable::GetRawSlot (inlined)
                          |          
                           --3.10%--SQTable::_Get (inlined)

     4.13%     0.00%  sqgi     sqgi                        [.] sq_member_raw_slot (inlined)
            |
            ---sq_member_raw_slot (inlined)
               SQTable::GetRawSlot (inlined)
               SQTable::_Get (inlined)

     4.13%     0.00%  sqgi     sqgi                        [.] SQTable::GetRawSlot (inlined)
            |
            ---SQTable::GetRawSlot (inlined)
               SQTable::_Get (inlined)

     4.13%     0.00%  sqgi     sqgi                        [.] SQTable::_Get (inlined)
            |
            ---SQTable::_Get (inlined)

     3.61%     0.00%  sqgi     sqgi                        [.] sq_member_raw_slot (inlined)
            |
            ---sq_member_raw_slot (inlined)
               SQTable::GetRawSlot (inlined)
               |          
                --3.10%--SQTable::_Get (inlined)

     3.61%     0.00%  sqgi     sqgi                        [.] SQTable::GetRawSlot (inlined)
            |
            ---SQTable::GetRawSlot (inlined)
               |          
                --3.10%--SQTable::_Get (inlined)

     3.10%     0.00%  sqgi     sqgi                        [.] HashObj (inlined)
            |
            ---HashObj (inlined)

     3.10%     0.00%  sqgi     sqgi                        [.] SQTable::_Get (inlined)
            |
            ---SQTable::_Get (inlined)

     3.09%     3.09%  sqgi     [JIT] tid 675184            [.] 0x0000ffff947bb1dc
            |
            ---0xffff947bb16b
               0xffff947bb1dc

     2.80%     2.80%  sqgi     [JIT] tid 675184            [.] 0x0000ffff947bc214
            |
            ---0xffff947bc16b
               0xffff947bc214

     2.58%     0.00%  sqgi     sqgi                        [.] sqjit_a64_borrow_member_value_with_root (inlined)
            |
            ---sqjit_a64_borrow_member_value_with_root (inlined)

     2.58%     0.00%  sqgi     sqgi                        [.] SQJitWriteLog::ContainsMember<true>(SQObjectPtr const&, SQObjectPtr const&, SQObjectPtr const&) const::{lambda(SQJitWriteLog::Entry const&)#1}::operator() (inlined)
            |
            ---SQJitWriteLog::ContainsMember<true>(SQObjectPtr const&, SQObjectPtr const&, SQObjectPtr const&) const::{lambda(SQJitWriteLog::Entry const&)#1}::operator() (inlined)

     2.56%     0.00%  sqgi     sqgi                        [.] SQJitWriteLog::ContainsMember<false> (inlined)
            |
            ---SQJitWriteLog::ContainsMember<false> (inlined)
               SQJitWriteLog::ContainsMember<false>(SQObjectPtr const&, SQObjectPtr const&, SQObjectPtr const&) const::{lambda(SQJitWriteLog::Entry const&)#1}::operator() (inlined)

     2.56%     0.00%  sqgi     sqgi                        [.] SQJitWriteLog::ContainsMember<false>(SQObjectPtr const&, SQObjectPtr const&, SQObjectPtr const&) const::{lambda(SQJitWriteLog::Entry const&)#1}::operator() (inlined)
            |
            ---SQJitWriteLog::ContainsMember<false>(SQObjectPtr const&, SQObjectPtr const&, SQObjectPtr const&) const::{lambda(SQJitWriteLog::Entry const&)#1}::operator() (inlined)

     2.50%     2.50%  sqgi     [JIT] tid 675184            [.] 0x0000ffff947bc254
            |
            ---0xffff947bc223
               0xffff947bc254

     2.07%     2.07%  sqgi     [JIT] tid 675184            [.] 0x0000ffff947b91c0
            |
            ---0xffff947b914f
               0xffff947b91c0

     2.07%     2.07%  sqgi     [JIT] tid 675184            [.] 0x0000ffff947ba18c
            |
            ---0xffff947ba14b
               0xffff947ba18c



#
# (Cannot load tips.txt file, please install perf!)
#
