BENCH	receiver_integer	200000	0.054320000	595177
BENCH	root_integer	200000	0.063505000	595177
BENCH	root_reference	200000	0.087440000	799457
BENCH	root_integer_result	200000	0.065155000	795177
BENCH	receiver_integer	200000	0.054385000	595177
BENCH	root_integer	200000	0.063515000	595177
BENCH	root_reference	200000	0.084735000	799457
BENCH	root_integer_result	200000	0.065495000	795177
BENCH	receiver_integer	200000	0.054365000	595177
BENCH	root_integer	200000	0.063195000	595177
BENCH	root_reference	200000	0.084935000	799457
BENCH	root_integer_result	200000	0.065395000	795177
409.82;msec;task-clock:u;0.37%;409822836;100.00;0.984;CPUs utilized
873233925;;cycles:u;0.26%;409933078;100.00;2.128;GHz
2931726815;;instructions:u;0.05%;409933078;100.00;3.34;insn per cycle
169869;;branch-misses:u;23.88%;409933078;100.00;;
1005426707;;cache-references:u;0.17%;409933078;100.00;2.450;G/sec
193422;;cache-misses:u;1.40%;409933078;100.00;0.019;of all cache refs
780;;page-faults:u;0.15%;409822836;100.00;1.901;K/sec
0;;context-switches:u;0.00%;409822836;100.00;0.000;/sec
