BENCH	route_balanced	200000	0.054075000	300346
BENCH	route_skewed	200000	0.051900000	122121
BENCH	pricing_events	200000	0.056910000	636940
BENCH	filter_stream	200000	0.056420000	10704.521037291815
BENCH	records_64	200000	0.135250000	599323
BENCH	records_4096	200000	0.271055000	385702
BENCH	word_count	200000	0.266320000	116910
BENCH	graph_walk	200000	0.012355000	386354
BENCH	route_balanced	200000	0.053150000	300346
BENCH	route_skewed	200000	0.053150000	122121
BENCH	pricing_events	200000	0.057305000	636940
BENCH	filter_stream	200000	0.056335000	10704.521037291815
BENCH	records_64	200000	0.132185000	599323
BENCH	records_4096	200000	0.231485000	385702
BENCH	word_count	200000	0.266735000	116910
BENCH	graph_walk	200000	0.012405000	386354
BENCH	route_balanced	200000	0.053210000	300346
BENCH	route_skewed	200000	0.052775000	122121
BENCH	pricing_events	200000	0.057035000	636940
BENCH	filter_stream	200000	0.055660000	10704.521037291815
BENCH	records_64	200000	0.132955000	599323
BENCH	records_4096	200000	0.289115000	385702
BENCH	word_count	200000	0.267555000	116910
BENCH	graph_walk	200000	0.012345000	386354
1119.42;msec;task-clock:u;0.97%;1119415284;100.00;1.007;CPUs utilized
2486732393;;cycles:u;0.94%;1119555578;100.00;2.254;GHz
5980648871;;instructions:u;0.06%;1119555578;100.00;2.44;insn per cycle
5254990;;branch-misses:u;2.34%;1119555578;100.00;;
2220020040;;cache-references:u;0.21%;1119555578;100.00;2.012;G/sec
15283656;;cache-misses:u;0.82%;1119555578;100.00;0.687;of all cache refs
3866;;page-faults:u;0.01%;1119415284;100.00;3.504;K/sec
0;;context-switches:u;0.00%;1119415284;100.00;0.000;/sec
