JIT_CAPTURE_BREAKPOINT -1
[Thread debugging using libthread_db enabled]
Using host libthread_db library "/lib/aarch64-linux-gnu/libthread_db.so.1".
JIT_CAPTURE recycle frame 0xfffff7f84000 8192
BENCH	table_owners_1	1003	2.208374875	615764.25
BENCH	table_owners_2	1003	1.887337986	616780.25
BENCH	table_owners_5	1003	1.544366899	613838.25
BENCH	table_owners_19	1003	1.425722832	618610.25
BENCH	table_owners_257	1003	1.456630110	749599.25
BENCH	class_owners_1	1003	1.573280160	615764.25
BENCH	class_owners_2	1003	1.405782652	616780.25
BENCH	class_owners_5	1003	1.255234297	613838.25
BENCH	class_owners_19	1003	1.182452642	618610.25
BENCH	class_owners_257	1003	1.265204387	749599.25
[Inferior 1 (process 602523) exited normally]
[Thread debugging using libthread_db enabled]
Using host libthread_db library "/lib/aarch64-linux-gnu/libthread_db.so.1".
JIT_CAPTURE transfer frame 0xfffff7f85000 4096
JIT_CAPTURE publish frame 0xfffff7f84000 4096
BENCH	transfer_table	1003	1351.594217348	121851
BENCH	transfer_class	1003	1292.530408774	121851
BENCH	transfer_mixed	1003	1289.004985045	121851
BENCH	publish_table	1003	1384.617148554	133577
BENCH	publish_class	1003	1354.519441675	133577
BENCH	publish_mixed	1003	1237.106679960	133577
[Inferior 1 (process 602525) exited normally]
[Thread debugging using libthread_db enabled]
Using host libthread_db library "/lib/aarch64-linux-gnu/libthread_db.so.1".
JIT_CAPTURE table_apply frame 0xfffff7f85000 4096
JIT_CAPTURE apply frame 0xfffff7f84000 4096
BENCH	table_events_97	1003	1221.818544367	140378
BENCH	class_events_97	1003	1250.778664008	140378
BENCH	buffers_7	1003	0.440677966	944693
BENCH	buffers_31	1003	0.438683948	861874
BENCH	calibrate_17	1003	1.027916251	5140.09375
BENCH	calibrate_67	1003	1.493519442	5049
[Inferior 1 (process 602571) exited normally]
JIT_CAPTURE_VERIFIED five canonical-frame functions
