BENCH	filter	200000	0.024540000	10.254364576940203
BENCH	channels_4	200000	0.082975000	20.621658757381574
BENCH	pressure_8	200000	0.163260000	30.900920683591639
BENCH	integration	200000	0.037290000	1562.9738403896752
BENCH	retained_input	200000	0.046955000	399985.55383443867
BENCH	branching	200000	0.031555000	1.6005902475563216
BENCH	helper_control	200000	0.056385000	3.7152600782050693
BENCH	filter	200000	0.027095000	10.254364576940203
BENCH	channels_4	200000	0.084435000	20.621658757381574
BENCH	pressure_8	200000	0.164225000	30.900920683591639
BENCH	integration	200000	0.037420000	1562.9738403896752
BENCH	retained_input	200000	0.047215000	399985.55383443867
BENCH	branching	200000	0.031615000	1.6005902475563216
BENCH	helper_control	200000	0.055830000	3.7152600782050693
BENCH	filter	200000	0.024525000	10.254364576940203
BENCH	channels_4	200000	0.085320000	20.621658757381574
BENCH	pressure_8	200000	0.164115000	30.900920683591639
BENCH	integration	200000	0.037775000	1562.9738403896752
BENCH	retained_input	200000	0.047100000	399985.55383443867
BENCH	branching	200000	0.031740000	1.6005902475563216
BENCH	helper_control	200000	0.055640000	3.7152600782050693
650.44;msec;task-clock:u;0.42%;650444664;100.00;1.001;CPUs utilized
1443758727;;cycles:u;0.24%;650545202;100.00;2.238;GHz
4110083826;;instructions:u;0.00%;650545202;100.00;2.85;insn per cycle
156012;;branch-misses:u;1.32%;650545202;100.00;;
1459516040;;cache-references:u;0.00%;650545202;100.00;2.263;G/sec
248041;;cache-misses:u;0.90%;650545202;100.00;0.017;of all cache refs
787;;page-faults:u;0.00%;650444664;100.00;1.220;K/sec
0;;context-switches:u;0.00%;650444664;100.00;0.000;/sec
