# To display the perf.data header info, please use --header/--header-only options.
#
#
# Total Lost Samples: 0
#
# Samples: 348  of event 'cycles:u'
# Event count (approx.): 1439333438
#
# Children      Self  Command  Shared Object          Symbol                                                                                                                                                            
# ........  ........  .......  .....................  ..................................................................................................................................................................
#
    19.88%     7.58%  sqgi     sqgi                   [.] sqjit_a64_helper_member_closure_guard
            |          
             --12.30%--sqjit_a64_helper_member_closure_guard
                       sqjit_a64_helper_member_closure_guard
                       sqjit_a64_borrow_member_ptr_value
                       |          
                        --8.85%--SQTable::GetRawSlot (inlined)
                                  |          
                                  |--3.79%--SQTable::_Get (inlined)
                                  |          
                                   --2.85%--HashObj (inlined)

    13.56%    13.56%  sqgi     sqgi                   [.] sqjit_a64_borrow_member_ptr_value
     9.48%     0.00%  sqgi     sqgi                   [.] SQTable::GetRawSlot (inlined)
            |
            ---SQTable::GetRawSlot (inlined)
               |          
               |--4.42%--SQTable::_Get (inlined)
               |          
                --2.85%--HashObj (inlined)

     8.54%     0.00%  sqgi     [JIT] tid 606667       [.] 0x0000ffff9f0ef1f3
            |
            ---0xffff9f0ef1f3

     6.96%     0.00%  sqgi     [JIT] tid 606667       [.] 0x0000ffff9f0ec1df
            |
            ---0xffff9f0ec1df
               |          
               |--2.53%--0xffff9f0ec1df
               |          sqjit_a64_helper_member_native_closure_guard
               |          
                --2.22%--0xffff9f0ec214

     6.96%     0.00%  sqgi     [JIT] tid 606667       [.] 0x0000ffff9f0ed173
            |
            ---0xffff9f0ed173

     6.33%     0.00%  sqgi     [JIT] tid 606667       [.] 0x0000ffff9f2f44ef
            |
            ---0xffff9f2f44ef

     6.01%     0.00%  sqgi     [JIT] tid 606667       [.] 0x0000ffff9f2f3427
            |
            ---0xffff9f2f3427
               |          
                --2.53%--0xffff9f2f3427
                          sqjit_a64_helper_member_closure_guard

     6.01%     0.00%  sqgi     [JIT] tid 606667       [.] 0x0000ffff9f0ee2cf
            |
            ---0xffff9f0ee2cf

     5.38%     0.00%  sqgi     [JIT] tid 606667       [.] 0x0000ffff9f2f432f
            |
            ---0xffff9f2f432f

     5.38%     0.00%  sqgi     [JIT] tid 606667       [.] 0x0000ffff9f2f36bb
            |
            ---0xffff9f2f36bb

     5.37%     0.00%  sqgi     [JIT] tid 606667       [.] 0x0000ffff9f2f5173
            |
            ---0xffff9f2f5173

     4.75%     0.00%  sqgi     [JIT] tid 606667       [.] 0x0000ffff9f2f35df
            |
            ---0xffff9f2f35df

     4.44%     0.00%  sqgi     [JIT] tid 606667       [.] 0x0000ffff9f0ec23f
            |
            ---0xffff9f0ec23f

     4.43%     0.00%  sqgi     [JIT] tid 606667       [.] 0x0000ffff9f2f3333
            |
            ---0xffff9f2f3333

     4.43%     0.00%  sqgi     [JIT] tid 606667       [.] 0x0000ffff9f2f424f
            |
            ---0xffff9f2f424f

     4.42%     0.00%  sqgi     sqgi                   [.] SQTable::_Get (inlined)
            |
            ---SQTable::_Get (inlined)

     4.12%     0.00%  sqgi     [JIT] tid 606667       [.] 0x0000ffff9f2f394f
            |
            ---0xffff9f2f394f

     4.12%     0.00%  sqgi     [JIT] tid 606667       [.] 0x0000ffff9f2f3797
            |
            ---0xffff9f2f3797

     4.11%     0.00%  sqgi     [JIT] tid 606667       [.] 0x0000ffff9f0ee1f7
            |
            ---0xffff9f0ee1f7

     3.80%     0.00%  sqgi     [JIT] tid 606667       [.] 0x0000ffff9f2f3503
            |
            ---0xffff9f2f3503

     3.49%     0.00%  sqgi     [JIT] tid 606667       [.] 0x0000ffff9f2f3873
            |
            ---0xffff9f2f3873

     2.85%     0.00%  sqgi     sqgi                   [.] HashObj (inlined)
            |
            ---HashObj (inlined)

     2.53%     1.27%  sqgi     sqgi                   [.] sqjit_a64_helper_member_native_closure_guard
     2.53%     0.00%  sqgi     [JIT] tid 606667       [.] 0x0000ffff9f2f440f
            |
            ---0xffff9f2f440f

     2.52%     0.00%  sqgi     sqgi                   [.] sqjit_a64_borrow_member_value_with_root (inlined)
            |
            ---sqjit_a64_borrow_member_value_with_root (inlined)

     2.22%     2.22%  sqgi     [JIT] tid 606667       [.] 0x0000ffff9f0ec214
            |
            ---0xffff9f0ec1df
               0xffff9f0ec214



#
# (Cannot load tips.txt file, please install perf!)
#
