# To display the perf.data header info, please use --header/--header-only options.
#
#
# Total Lost Samples: 0
#
# Samples: 2K of event 'cycles:u'
# Event count (approx.): 11397789323
#
# Children      Self  Command  Shared Object          Symbol                                            
# ........  ........  .......  .....................  ..................................................
#
    24.29%     0.00%  sqgi     libc.so.6              [.] __libc_start_call_main
            |
            ---__libc_start_call_main
               __libc_start_call_main
               main
               |          
                --24.23%--sq_call
                          SQVM::Execute

    24.29%     0.00%  sqgi     sqgi                   [.] main
            |
            ---main
               |          
                --24.23%--sq_call
                          SQVM::Execute

    24.23%    19.35%  sqgi     sqgi                   [.] SQVM::Execute
            |          
            |--19.35%--__libc_start_call_main
            |          __libc_start_call_main
            |          main
            |          sq_call
            |          SQVM::Execute
            |          
             --4.87%--SQVM::Execute

    24.23%     0.00%  sqgi     sqgi                   [.] sq_call
            |
            ---sq_call
               SQVM::Execute

    13.82%     0.00%  sqgi     [JIT] tid 606307       [.] 0x0000ffff960b4173
            |
            ---0xffff960b4173
               |          
               |--2.11%--0xffff960b41e0
               |          
                --2.01%--0xffff960b4260

    12.85%     0.00%  sqgi     [JIT] tid 606307       [.] 0x0000ffff960b3173
            |
            ---0xffff960b3173
               |          
                --2.24%--0xffff960b3288

     8.65%     0.00%  sqgi     [JIT] tid 606307       [.] 0x0000ffff960b2173
            |
            ---0xffff960b2173
               |          
                --2.84%--0xffff960b21d4

     7.33%     0.00%  sqgi     [JIT] tid 606307       [.] 0x0000ffff960b1043
            |
            ---0xffff960b1043
               |          
                --2.88%--0xffff960b1230

     5.64%     0.00%  sqgi     [JIT] tid 606307       [.] 0x0000ffff960a032b
            |
            ---0xffff960a032b

     5.32%     5.32%  sqgi     sqgi                   [.] sqjit_a64_borrow_member_ptr_value
     5.16%     1.76%  sqgi     sqgi                   [.] sqjit_a64_helper_member_closure_guard
            |          
             --3.40%--sqjit_a64_helper_member_closure_guard
                       sqjit_a64_helper_member_closure_guard
                       sqjit_a64_borrow_member_ptr_value
                       |          
                        --2.00%--SQTable::GetRawSlot (inlined)

     3.41%     3.41%  sqgi     [JIT] tid 606307       [.] 0x0000ffff960b1230
            |          
             --2.88%--0xffff960b1043
                       0xffff960b1230

     3.40%     0.00%  sqgi     sqgi                   [.] SQTable::GetRawSlot (inlined)
            |
            ---SQTable::GetRawSlot (inlined)

     2.84%     2.84%  sqgi     [JIT] tid 606307       [.] 0x0000ffff960b21d4
            |
            ---0xffff960b2173
               0xffff960b21d4

     2.80%     0.00%  sqgi     [JIT] tid 606307       [.] 0x0000ffff960a310f
            |
            ---0xffff960a310f

     2.56%     0.64%  sqgi     sqgi                   [.] sqjit_a64_helper_member_native_closure_guard
     2.24%     2.24%  sqgi     [JIT] tid 606307       [.] 0x0000ffff960b3288
            |
            ---0xffff960b3173
               0xffff960b3288

     2.12%     2.12%  sqgi     sqgi                   [.] SQTable::Get
     2.11%     2.11%  sqgi     [JIT] tid 606307       [.] 0x0000ffff960b41e0
            |
            ---0xffff960b4173
               0xffff960b41e0

     2.08%     1.28%  sqgi     sqgi                   [.] sqjit_number_conversion_guard
     2.01%     2.01%  sqgi     [JIT] tid 606307       [.] 0x0000ffff960b4260
            |
            ---0xffff960b4173
               0xffff960b4260



#
# (Cannot load tips.txt file, please install perf!)
#
