BENCH	direct_call	3200000	0.035924	563347
BENCH	branch_call	3200000	0.033370	599062
BENCH	float_call	3200000	0.022619	8.2204724409448815
BENCH	numeric_loop	3200000	0.022843	612398470
BENCH	vector	160000	0.376200	0.12553851953971693
BENCH	dynamic_member	160000	0.726206	7261462
BENCH	dynamic_key_get_set	160000	0.182856	6566091
BENCH	object_member_write_fallback	160000	0.472225	595919
BENCH	array_append	160000	0.113500	3048687
BENCH	array_write	160000	0.037031	831988
BENCH	array_read	3200000	0.007045	8000000
BENCH	array_float	3200000	0.006790	6400000
BENCH	math_intrinsic	160000	0.208169	2418270.8295144332
BENCH	math_variable	160000	0.223769	313782.39947747899
BENCH	matrix	160000	0.311494	-0.024510798820940455
BENCH	direct_call	3200000	0.035767	563347
BENCH	branch_call	3200000	0.033377	599062
BENCH	float_call	3200000	0.022407	8.2204724409448815
BENCH	numeric_loop	3200000	0.022854	612398470
BENCH	vector	160000	0.375294	0.12553851953971693
BENCH	dynamic_member	160000	0.723456	7261462
BENCH	dynamic_key_get_set	160000	0.182262	6566091
BENCH	object_member_write_fallback	160000	0.471587	595919
BENCH	array_append	160000	0.109950	3048687
BENCH	array_write	160000	0.036831	831988
BENCH	array_read	3200000	0.007025	8000000
BENCH	array_float	3200000	0.006785	6400000
BENCH	math_intrinsic	160000	0.205269	2418270.8295144332
BENCH	math_variable	160000	0.221906	313782.39947747899
BENCH	matrix	160000	0.310475	-0.024510798820940455
BENCH	direct_call	3200000	0.035945	563347
BENCH	branch_call	3200000	0.033469	599062
BENCH	float_call	3200000	0.022321	8.2204724409448815
BENCH	numeric_loop	3200000	0.022847	612398470
BENCH	vector	160000	0.364300	0.12553851953971693
BENCH	dynamic_member	160000	0.723206	7261462
BENCH	dynamic_key_get_set	160000	0.182881	6566091
BENCH	object_member_write_fallback	160000	0.469750	595919
BENCH	array_append	160000	0.127587	3048687
BENCH	array_write	160000	0.037156	831988
BENCH	array_read	3200000	0.007041	8000000
BENCH	array_float	3200000	0.006806	6400000
BENCH	math_intrinsic	160000	0.205319	2418270.8295144332
BENCH	math_variable	160000	0.222456	313782.39947747899
BENCH	matrix	160000	0.310987	-0.024510798820940455
5028.58;msec;task-clock:u;0.12%;5028575108;100.00;0.997;CPUs utilized
11372697930;;cycles:u;0.09%;5028999767;100.00;2.257;GHz
29215018013;;instructions:u;0.00%;5028999767;100.00;2.56;insn per cycle
2998556;;branch-misses:u;1.41%;5028999767;100.00;;
11786385992;;cache-references:u;0.12%;5028999767;100.00;2.340;G/sec
1277219;;cache-misses:u;0.66%;5028999767;100.00;0.011;of all cache refs
10510;;page-faults:u;0.00%;5028575108;100.00;2.086;K/sec
0;;context-switches:u;0.00%;5028575108;100.00;0.000;/sec
