# To display the perf.data header info, please use --header/--header-only options.
#
#
# Total Lost Samples: 0
#
# Samples: 1K of event 'cycles:u'
# Event count (approx.): 5968269082
#
# Children      Self  Command  Shared Object          Symbol                                                                                                           
# ........  ........  .......  .....................  .................................................................................................................
#
    79.94%     0.00%  sqgi     libc.so.6              [.] __libc_start_call_main
            |
            ---__libc_start_call_main
               __libc_start_call_main
               main
               |          
                --79.91%--sq_call
                          SQVM::Execute
                          |          
                          |--6.03%--sqjit_try_execute_current
                          |          |          
                          |           --2.83%--SQVM::Return
                          |          
                          |--5.43%--sq_member_cache_hit (inlined)
                          |          |          
                          |           --3.51%--SQTable::GetCachedSlot (inlined)
                          |          
                          |--5.35%--SQObjectPtr::operator= (inlined)
                          |          
                          |--3.36%--SQVM::Get
                          |          |          
                          |           --2.06%--SQTable::Get
                          |          
                          |--3.20%--sqjit_try_execute_current_loop
                          |          
                          |--3.13%--sq_vm_member_cache_for (inlined)
                          |          |          
                          |           --2.75%--SQFunctionProto::MemberCacheAt (inlined)
                          |          
                          |--3.05%--SQVM::CMP_OP
                          |          
                          |--2.82%--SQArray::Get (inlined)
                          |          |          
                          |           --2.13%--SQArray::Get (inlined)
                          |          
                           --2.52%--sq_member_raw_slot (inlined)
                                     SQTable::GetRawSlot (inlined)

    79.94%     0.00%  sqgi     sqgi                   [.] main
            |
            ---main
               |          
                --79.91%--sq_call
                          SQVM::Execute
                          |          
                          |--6.03%--sqjit_try_execute_current
                          |          |          
                          |           --2.83%--SQVM::Return
                          |          
                          |--5.43%--sq_member_cache_hit (inlined)
                          |          |          
                          |           --3.51%--SQTable::GetCachedSlot (inlined)
                          |          
                          |--5.35%--SQObjectPtr::operator= (inlined)
                          |          
                          |--3.36%--SQVM::Get
                          |          |          
                          |           --2.06%--SQTable::Get
                          |          
                          |--3.20%--sqjit_try_execute_current_loop
                          |          
                          |--3.13%--sq_vm_member_cache_for (inlined)
                          |          |          
                          |           --2.75%--SQFunctionProto::MemberCacheAt (inlined)
                          |          
                          |--3.05%--SQVM::CMP_OP
                          |          
                          |--2.82%--SQArray::Get (inlined)
                          |          |          
                          |           --2.13%--SQArray::Get (inlined)
                          |          
                           --2.52%--sq_member_raw_slot (inlined)
                                     SQTable::GetRawSlot (inlined)

    79.91%    59.35%  sqgi     sqgi                   [.] SQVM::Execute
            |          
            |--59.35%--__libc_start_call_main
            |          __libc_start_call_main
            |          main
            |          sq_call
            |          SQVM::Execute
            |          |          
            |          |--5.43%--sq_member_cache_hit (inlined)
            |          |          |          
            |          |           --3.51%--SQTable::GetCachedSlot (inlined)
            |          |          
            |          |--5.35%--SQObjectPtr::operator= (inlined)
            |          |          
            |          |--3.13%--sq_vm_member_cache_for (inlined)
            |          |          |          
            |          |           --2.75%--SQFunctionProto::MemberCacheAt (inlined)
            |          |          
            |          |--2.82%--SQArray::Get (inlined)
            |          |          |          
            |          |           --2.13%--SQArray::Get (inlined)
            |          |          
            |           --2.52%--sq_member_raw_slot (inlined)
            |                     SQTable::GetRawSlot (inlined)
            |          
             --20.56%--SQVM::Execute
                       |          
                       |--6.03%--sqjit_try_execute_current
                       |          |          
                       |           --2.83%--SQVM::Return
                       |          
                       |--3.36%--SQVM::Get
                       |          |          
                       |           --2.06%--SQTable::Get
                       |          
                       |--3.20%--sqjit_try_execute_current_loop
                       |          
                        --3.05%--SQVM::CMP_OP

    79.91%     0.00%  sqgi     sqgi                   [.] sq_call
            |
            ---sq_call
               SQVM::Execute
               |          
               |--6.03%--sqjit_try_execute_current
               |          |          
               |           --2.83%--SQVM::Return
               |          
               |--5.43%--sq_member_cache_hit (inlined)
               |          |          
               |           --3.51%--SQTable::GetCachedSlot (inlined)
               |          
               |--5.35%--SQObjectPtr::operator= (inlined)
               |          
               |--3.36%--SQVM::Get
               |          |          
               |           --2.06%--SQTable::Get
               |          
               |--3.20%--sqjit_try_execute_current_loop
               |          
               |--3.13%--sq_vm_member_cache_for (inlined)
               |          |          
               |           --2.75%--SQFunctionProto::MemberCacheAt (inlined)
               |          
               |--3.05%--SQVM::CMP_OP
               |          
               |--2.82%--SQArray::Get (inlined)
               |          |          
               |           --2.13%--SQArray::Get (inlined)
               |          
                --2.52%--sq_member_raw_slot (inlined)
                          SQTable::GetRawSlot (inlined)

     6.42%     0.00%  sqgi     sqgi                   [.] SQObjectPtr::operator= (inlined)
            |
            ---SQObjectPtr::operator= (inlined)

     6.19%     2.14%  sqgi     sqgi                   [.] sqjit_try_execute_current
            |          
            |--4.05%--sqjit_try_execute_current
            |          |          
            |           --2.83%--SQVM::Return
            |          
             --2.14%--__libc_start_call_main
                       __libc_start_call_main
                       main
                       sq_call
                       SQVM::Execute
                       sqjit_try_execute_current

     5.43%     0.00%  sqgi     sqgi                   [.] sq_member_cache_hit (inlined)
            |
            ---sq_member_cache_hit (inlined)
               |          
                --3.51%--SQTable::GetCachedSlot (inlined)

     4.96%     0.00%  sqgi     [JIT] tid 606458       [.] 0x0000ffff99d5d42f
            |
            ---0xffff99d5d42f

     4.11%     0.00%  sqgi     [JIT] tid 606458       [.] 0x0000ffff99d5f4c7
            |
            ---0xffff99d5f4c7
               |          
                --2.29%--0xffff99d5f4c7
                          sqjit_a64_precise_step<(SQOpcode)9, true>

     3.51%     0.00%  sqgi     sqgi                   [.] SQTable::GetCachedSlot (inlined)
            |
            ---SQTable::GetCachedSlot (inlined)

     3.36%     0.38%  sqgi     sqgi                   [.] SQVM::Get
            |          
             --2.98%--SQVM::Get
                       |          
                        --2.06%--SQTable::Get

     3.36%     3.36%  sqgi     sqgi                   [.] sqjit_a64_precise_step<(SQOpcode)9, true>
            |          
             --2.29%--0xffff99d5f4c7
                       0xffff99d5f4c7
                       sqjit_a64_precise_step<(SQOpcode)9, true>

     3.20%     2.44%  sqgi     sqgi                   [.] sqjit_try_execute_current_loop
            |          
             --2.44%--__libc_start_call_main
                       __libc_start_call_main
                       main
                       sq_call
                       SQVM::Execute
                       sqjit_try_execute_current_loop

     3.13%     0.00%  sqgi     sqgi                   [.] sq_vm_member_cache_for (inlined)
            |
            ---sq_vm_member_cache_for (inlined)
               |          
                --2.75%--SQFunctionProto::MemberCacheAt (inlined)

     3.06%     3.06%  sqgi     sqgi                   [.] SQTable::Get
            |          
             --2.06%--__libc_start_call_main
                       __libc_start_call_main
                       main
                       sq_call
                       SQVM::Execute
                       SQVM::Get
                       SQTable::Get

     3.05%     1.22%  sqgi     sqgi                   [.] SQVM::CMP_OP
     2.83%     0.00%  sqgi     [JIT] tid 606458       [.] 0x0000ffff99d5e4c7
            |
            ---0xffff99d5e4c7

     2.83%     1.45%  sqgi     sqgi                   [.] SQVM::Return
     2.82%     0.00%  sqgi     sqgi                   [.] SQArray::Get (inlined)
            |
            ---SQArray::Get (inlined)
               |          
                --2.13%--SQArray::Get (inlined)

     2.75%     0.00%  sqgi     sqgi                   [.] SQFunctionProto::MemberCacheAt (inlined)
            |
            ---SQFunctionProto::MemberCacheAt (inlined)

     2.72%     2.72%  sqgi     sqgi                   [.] sqjit_a64_precise_step<(SQOpcode)14, false>
     2.52%     0.00%  sqgi     sqgi                   [.] sq_member_raw_slot (inlined)
            |
            ---sq_member_raw_slot (inlined)
               SQTable::GetRawSlot (inlined)

     2.52%     0.00%  sqgi     sqgi                   [.] SQTable::GetRawSlot (inlined)
            |
            ---SQTable::GetRawSlot (inlined)

     2.44%     1.45%  sqgi     sqgi                   [.] sqjit_number_conversion_guard
     2.10%     0.00%  sqgi     sqgi                   [.] sqjit_a64_precise_member<true> (inlined)
            |
            ---sqjit_a64_precise_member<true> (inlined)



#
# (Cannot load tips.txt file, please install perf!)
#
