BENCH	table_events_97	200000	0.417720000	10069540
BENCH	class_events_97	200000	0.411670000	10069540
BENCH	buffers_7	200000	0.432805000	65667
BENCH	buffers_31	200000	0.432605000	651677
BENCH	calibrate_17	200000	0.082970000	1040538.515625
BENCH	calibrate_67	200000	0.084265000	1040417.796875
BENCH	table_events_97	200000	0.414730000	10069540
BENCH	class_events_97	200000	0.409590000	10069540
BENCH	buffers_7	200000	0.431525000	65667
BENCH	buffers_31	200000	0.431085000	651677
BENCH	calibrate_17	200000	0.083120000	1040538.515625
BENCH	calibrate_67	200000	0.084280000	1040417.796875
BENCH	table_events_97	200000	0.420965000	10069540
BENCH	class_events_97	200000	0.409290000	10069540
BENCH	buffers_7	200000	0.432050000	65667
BENCH	buffers_31	200000	0.431800000	651677
BENCH	calibrate_17	200000	0.083330000	1040538.515625
BENCH	calibrate_67	200000	0.084070000	1040417.796875
2630.67;msec;task-clock:u;0.13%;2630670581;100.00;0.998;CPUs utilized
5976139514;;cycles:u;0.14%;2630834783;100.00;2.273;GHz
17364719967;;instructions:u;0.00%;2630834783;100.00;2.91;insn per cycle
3365419;;branch-misses:u;0.39%;2630834783;100.00;;
7147676730;;cache-references:u;0.02%;2630834783;100.00;2.719;G/sec
5652141;;cache-misses:u;0.45%;2630834783;100.00;0.079;of all cache refs
811;;page-faults:u;0.07%;2630670581;100.00;308.456;/sec
0;;context-switches:u;0.00%;2630670581;100.00;0.000;/sec
