BENCH	transfer_table	200000	0.430800000	141925
BENCH	transfer_class	200000	0.443220000	141925
BENCH	transfer_mixed	200000	0.444645000	141925
BENCH	publish_table	200000	0.389220000	410680
BENCH	publish_class	200000	0.398530000	410680
BENCH	publish_mixed	200000	0.403990000	410680
BENCH	transfer_table	200000	0.428960000	141925
BENCH	transfer_class	200000	0.439500000	141925
BENCH	transfer_mixed	200000	0.442345000	141925
BENCH	publish_table	200000	0.386560000	410680
BENCH	publish_class	200000	0.395870000	410680
BENCH	publish_mixed	200000	0.398755000	410680
BENCH	transfer_table	200000	0.431005000	141925
BENCH	transfer_class	200000	0.442690000	141925
BENCH	transfer_mixed	200000	0.443560000	141925
BENCH	publish_table	200000	0.389390000	410680
BENCH	publish_class	200000	0.397830000	410680
BENCH	publish_mixed	200000	0.399125000	410680
3530.46;msec;task-clock:u;0.13%;3530456410;100.00;0.999;CPUs utilized
8024451095;;cycles:u;0.17%;3530837906;100.00;2.276;GHz
23316776455;;instructions:u;0.00%;3530837906;100.00;2.91;insn per cycle
1647124;;branch-misses:u;0.14%;3530837906;100.00;;
9600080151;;cache-references:u;0.01%;3530837906;100.00;2.723;G/sec
347427;;cache-misses:u;26.62%;3530837906;100.00;0.004;of all cache refs
795;;page-faults:u;0.04%;3530456410;100.00;225.505;/sec
0;;context-switches:u;0.00%;3530456410;100.00;0.000;/sec
