BENCH	table_owners_1	200000	0.141210000	5098276961
BENCH	table_owners_2	200000	0.141620000	5098477602
BENCH	table_owners_5	200000	0.141500000	5097878556
BENCH	table_owners_19	200000	0.141625000	5098684496
BENCH	table_owners_257	200000	0.142055000	5100408060
BENCH	class_owners_1	200000	0.141560000	5098276961
BENCH	class_owners_2	200000	0.142270000	5098477602
BENCH	class_owners_5	200000	0.142005000	5097878556
BENCH	class_owners_19	200000	0.141935000	5098684496
BENCH	class_owners_257	200000	0.142255000	5100408060
BENCH	table_owners_1	200000	0.142090000	5098276961
BENCH	table_owners_2	200000	0.141975000	5098477602
BENCH	table_owners_5	200000	0.141400000	5097878556
BENCH	table_owners_19	200000	0.141715000	5098684496
BENCH	table_owners_257	200000	0.141960000	5100408060
BENCH	class_owners_1	200000	0.141570000	5098276961
BENCH	class_owners_2	200000	0.142065000	5098477602
BENCH	class_owners_5	200000	0.141715000	5097878556
BENCH	class_owners_19	200000	0.141215000	5098684496
BENCH	class_owners_257	200000	0.142090000	5100408060
BENCH	table_owners_1	200000	0.141425000	5098276961
BENCH	table_owners_2	200000	0.141175000	5098477602
BENCH	table_owners_5	200000	0.141215000	5097878556
BENCH	table_owners_19	200000	0.141160000	5098684496
BENCH	table_owners_257	200000	0.141990000	5100408060
BENCH	class_owners_1	200000	0.141240000	5098276961
BENCH	class_owners_2	200000	0.141575000	5098477602
BENCH	class_owners_5	200000	0.141365000	5097878556
BENCH	class_owners_19	200000	0.141280000	5098684496
BENCH	class_owners_257	200000	0.142435000	5100408060
2013.95;msec;task-clock:u;0.03%;2013950450;100.00;0.996;CPUs utilized
4536646551;;cycles:u;0.07%;2014302206;100.00;2.252;GHz
13468184025;;instructions:u;0.00%;2014302206;100.00;2.96;insn per cycle
145970;;branch-misses:u;0.73%;2014302206;100.00;;
5276228123;;cache-references:u;0.03%;2014302206;100.00;2.619;G/sec
380264;;cache-misses:u;13.75%;2014302206;100.00;0.007;of all cache refs
786;;page-faults:u;0.08%;2013950450;100.00;390.125;/sec
0;;context-switches:u;0.00%;2013950450;100.00;0.000;/sec
