# To display the perf.data header info, please use --header/--header-only options.
#
#
# Total Lost Samples: 0
#
# Samples: 221  of event 'cycles:u'
# Event count (approx.): 886343091
#
# Children      Self  Command  Shared Object          Symbol                                                                                                                                                         
# ........  ........  .......  .....................  ...............................................................................................................................................................
#
    26.21%    12.85%  sqgi     sqgi                   [.] sqjit_a64_helper_member_set_integer_logged
            |          
            |--13.36%--sqjit_a64_helper_member_set_integer_logged
            |          |          
            |          |--8.22%--sqjit_a64_helper_member_set_integer_logged
            |          |          SQJitWriteLog::RecordMember
            |          |          |          
            |          |          |--4.62%--SQJitWriteLog::CanRelease
            |          |          |          
            |          |           --2.06%--SQJitWriteLog::ContainsMember<false> (inlined)
            |          |          
            |           --4.62%--sqjit_a64_member_store_slot (inlined)
            |                     sqjit_a64_member_store_slot (inlined)
            |                     sqjit_a64_helper_member_set_integer_logged
            |                     sqjit_a64_resolve_root_store_slot
            |                     |          
            |                      --2.57%--SQTable::GetRawSlot (inlined)
            |          
            |--7.71%--0xffff8401e213
            |          0xffff8401e213
            |          sqjit_a64_helper_member_set_integer_logged
            |          |          
            |          |--4.63%--sqjit_a64_member_store_slot (inlined)
            |          |          sqjit_a64_member_store_slot (inlined)
            |          |          sqjit_a64_resolve_store_slot (inlined)
            |          |          |          
            |          |           --4.11%--sq_member_raw_slot (inlined)
            |          |                     SQTable::GetRawSlot (inlined)
            |          |                     SQTable::_Get (inlined)
            |          |          
            |           --2.06%--SQObjectPtr::~SQObjectPtr (inlined)
            |                     SQObjectPtr::~SQObjectPtr (inlined)
            |          
             --5.14%--0xffff8401c1f7
                       0xffff8401c1f7
                       sqjit_a64_helper_member_set_integer_logged
                       |          
                        --3.08%--sqjit_a64_member_store_slot (inlined)
                                  sqjit_a64_member_store_slot (inlined)
                                  sqjit_a64_resolve_store_slot (inlined)

    24.17%     0.00%  sqgi     [JIT] tid 606396       [.] 0x0000ffff8401d227
            |
            ---0xffff8401d227
               |          
                --17.48%--0xffff8401d227
                          sqjit_a64_helper_member_set_reference_logged
                          |          
                          |--8.23%--sqjit_a64_member_store_slot (inlined)
                          |          sqjit_a64_member_store_slot (inlined)
                          |          |          
                          |          |--5.14%--sqjit_a64_resolve_store_slot (inlined)
                          |          |          |          
                          |          |           --4.12%--sq_member_raw_slot (inlined)
                          |          |                     SQTable::GetRawSlot (inlined)
                          |          |                     |          
                          |          |                      --2.57%--SQTable::_Get (inlined)
                          |          |          
                          |           --3.09%--sqjit_a64_helper_member_set_reference_logged
                          |                     sqjit_a64_resolve_root_store_slot
                          |                     |          
                          |                      --2.06%--SQTable::GetRawSlot (inlined)
                          |          
                           --8.23%--sqjit_a64_store_resolved_member (inlined)
                                     |          
                                      --7.20%--SQJitWriteLog::RecordMember
                                                |          
                                                |--4.11%--SQJitWriteLog::ContainsMember<true> (inlined)
                                                |          
                                                 --3.09%--SQJitWriteLog::CanRelease

    21.86%    10.28%  sqgi     sqgi                   [.] SQJitWriteLog::RecordMember
            |          
            |--11.58%--SQJitWriteLog::RecordMember
            |          |          
            |           --11.07%--SQJitWriteLog::CanRelease
            |          
            |--3.60%--0xffff8401d227
            |          0xffff8401d227
            |          sqjit_a64_helper_member_set_reference_logged
            |          sqjit_a64_store_resolved_member (inlined)
            |          SQJitWriteLog::RecordMember
            |          SQJitWriteLog::ContainsMember<true> (inlined)
            |          
            |--3.08%--0xffff8401f23f
            |          0xffff8401f23f
            |          sqjit_a64_helper_instance_field_set_integer_logged
            |          sqjit_a64_write_log_record_member (inlined)
            |          SQJitWriteLog::RecordMember
            |          
             --2.57%--0xffff8401e213
                       0xffff8401e213
                       sqjit_a64_helper_member_set_integer_logged
                       sqjit_a64_helper_member_set_integer_logged
                       SQJitWriteLog::RecordMember

    18.44%     7.42%  sqgi     sqgi                   [.] sqjit_a64_helper_member_closure_guard
            |          
            |--11.02%--sqjit_a64_helper_member_closure_guard
            |          sqjit_a64_helper_member_closure_guard
            |          sqjit_a64_borrow_member_ptr_value
            |          |          
            |           --8.97%--SQTable::GetRawSlot (inlined)
            |                     |          
            |                     |--5.09%--SQTable::_Get (inlined)
            |                     |          
            |                      --2.94%--HashObj (inlined)
            |          
            |--2.28%--0xffff8401f187
            |          0xffff8401f187
            |          sqjit_a64_helper_member_closure_guard
            |          
            |--2.06%--0xffff8401e187
            |          0xffff8401e187
            |          sqjit_a64_helper_member_closure_guard
            |          
             --2.05%--0xffff8401c16b
                       0xffff8401c16b
                       sqjit_a64_helper_member_closure_guard

    17.48%     7.20%  sqgi     sqgi                   [.] sqjit_a64_helper_member_set_reference_logged
            |          
            |--10.28%--sqjit_a64_helper_member_set_reference_logged
            |          |          
            |          |--7.20%--sqjit_a64_store_resolved_member (inlined)
            |          |          SQJitWriteLog::RecordMember
            |          |          |          
            |          |          |--4.11%--SQJitWriteLog::ContainsMember<true> (inlined)
            |          |          |          
            |          |           --3.09%--SQJitWriteLog::CanRelease
            |          |          
            |           --3.09%--sqjit_a64_member_store_slot (inlined)
            |                     sqjit_a64_member_store_slot (inlined)
            |                     sqjit_a64_helper_member_set_reference_logged
            |                     sqjit_a64_resolve_root_store_slot
            |                     |          
            |                      --2.06%--SQTable::GetRawSlot (inlined)
            |          
             --7.20%--0xffff8401d227
                       0xffff8401d227
                       sqjit_a64_helper_member_set_reference_logged
                       |          
                        --5.14%--sqjit_a64_member_store_slot (inlined)
                                  sqjit_a64_member_store_slot (inlined)
                                  sqjit_a64_resolve_store_slot (inlined)
                                  |          
                                   --4.12%--sq_member_raw_slot (inlined)
                                             SQTable::GetRawSlot (inlined)
                                             |          
                                              --2.57%--SQTable::_Get (inlined)

    15.93%     0.00%  sqgi     [JIT] tid 606396       [.] 0x0000ffff8401e213
            |
            ---0xffff8401e213
               0xffff8401e213
               sqjit_a64_helper_member_set_integer_logged
               |          
               |--7.20%--sqjit_a64_member_store_slot (inlined)
               |          sqjit_a64_member_store_slot (inlined)
               |          |          
               |          |--4.63%--sqjit_a64_resolve_store_slot (inlined)
               |          |          |          
               |          |           --4.11%--sq_member_raw_slot (inlined)
               |          |                     SQTable::GetRawSlot (inlined)
               |          |                     SQTable::_Get (inlined)
               |          |          
               |           --2.57%--sqjit_a64_helper_member_set_integer_logged
               |                     sqjit_a64_resolve_root_store_slot
               |          
               |--5.65%--sqjit_a64_helper_member_set_integer_logged
               |          SQJitWriteLog::RecordMember
               |          |          
               |           --3.08%--SQJitWriteLog::CanRelease
               |          
                --2.06%--SQObjectPtr::~SQObjectPtr (inlined)
                          SQObjectPtr::~SQObjectPtr (inlined)

    12.85%     0.00%  sqgi     [JIT] tid 606396       [.] 0x0000ffff8401c1f7
            |
            ---0xffff8401c1f7
               |          
                --10.28%--0xffff8401c1f7
                          sqjit_a64_helper_member_set_integer_logged
                          |          
                          |--5.14%--sqjit_a64_member_store_slot (inlined)
                          |          sqjit_a64_member_store_slot (inlined)
                          |          |          
                          |          |--3.08%--sqjit_a64_resolve_store_slot (inlined)
                          |          |          
                          |           --2.05%--sqjit_a64_helper_member_set_integer_logged
                          |                     sqjit_a64_resolve_root_store_slot
                          |          
                           --2.57%--sqjit_a64_helper_member_set_integer_logged
                                     SQJitWriteLog::RecordMember

    12.34%     0.00%  sqgi     sqgi                   [.] sqjit_a64_member_store_slot (inlined)
            |
            ---sqjit_a64_member_store_slot (inlined)
               sqjit_a64_member_store_slot (inlined)
               |          
               |--7.71%--sqjit_a64_resolve_store_slot (inlined)
               |          |          
               |           --5.66%--sq_member_raw_slot (inlined)
               |                     |          
               |                      --5.14%--SQTable::GetRawSlot (inlined)
               |                                SQTable::_Get (inlined)
               |          
                --4.62%--sqjit_a64_helper_member_set_integer_logged
                          sqjit_a64_resolve_root_store_slot
                          |          
                           --2.57%--SQTable::GetRawSlot (inlined)

    11.50%     0.00%  sqgi     [JIT] tid 606396       [.] 0x0000ffff8401f23f
            |
            ---0xffff8401f23f
               |          
                --9.27%--0xffff8401f23f
                          sqjit_a64_helper_instance_field_set_integer_logged
                          |          
                           --7.46%--sqjit_a64_write_log_record_member (inlined)
                                     |          
                                      --6.44%--SQJitWriteLog::RecordMember
                                                |          
                                                 --3.37%--SQJitWriteLog::CanRelease

    11.07%    11.07%  sqgi     sqgi                   [.] SQJitWriteLog::CanRelease
            |          
            |--3.37%--0xffff8401f23f
            |          0xffff8401f23f
            |          sqjit_a64_helper_instance_field_set_integer_logged
            |          sqjit_a64_write_log_record_member (inlined)
            |          SQJitWriteLog::RecordMember
            |          SQJitWriteLog::CanRelease
            |          
            |--3.09%--0xffff8401d227
            |          0xffff8401d227
            |          sqjit_a64_helper_member_set_reference_logged
            |          sqjit_a64_store_resolved_member (inlined)
            |          SQJitWriteLog::RecordMember
            |          SQJitWriteLog::CanRelease
            |          
             --3.08%--0xffff8401e213
                       0xffff8401e213
                       sqjit_a64_helper_member_set_integer_logged
                       sqjit_a64_helper_member_set_integer_logged
                       SQJitWriteLog::RecordMember
                       SQJitWriteLog::CanRelease

    11.02%    11.02%  sqgi     sqgi                   [.] sqjit_a64_borrow_member_ptr_value
            |          
            |--6.17%--0xffff8401c16b
            |          0xffff8401c16b
            |          sqjit_a64_helper_member_closure_guard
            |          sqjit_a64_helper_member_closure_guard
            |          sqjit_a64_borrow_member_ptr_value
            |          |          
            |           --4.63%--SQTable::GetRawSlot (inlined)
            |                     |          
            |                      --3.09%--SQTable::_Get (inlined)
            |          
             --2.28%--0xffff8401f187
                       0xffff8401f187
                       sqjit_a64_helper_member_closure_guard
                       sqjit_a64_helper_member_closure_guard
                       sqjit_a64_borrow_member_ptr_value
                       SQTable::GetRawSlot (inlined)

    10.80%     0.00%  sqgi     [JIT] tid 606396       [.] 0x0000ffff8401c16b
            |
            ---0xffff8401c16b
               |          
               |--8.22%--0xffff8401c16b
               |          sqjit_a64_helper_member_closure_guard
               |          |          
               |           --6.17%--sqjit_a64_helper_member_closure_guard
               |                     sqjit_a64_borrow_member_ptr_value
               |                     |          
               |                      --4.63%--SQTable::GetRawSlot (inlined)
               |                                |          
               |                                 --3.09%--SQTable::_Get (inlined)
               |          
                --2.06%--0xffff8401c1dc

     9.27%     2.02%  sqgi     sqgi                   [.] sqjit_a64_helper_instance_field_set_integer_logged
            |          
            |--7.25%--sqjit_a64_helper_instance_field_set_integer_logged
            |          |          
            |           --6.44%--sqjit_a64_write_log_record_member (inlined)
            |                     SQJitWriteLog::RecordMember
            |                     |          
            |                      --3.37%--SQJitWriteLog::CanRelease
            |          
             --2.02%--0xffff8401f23f
                       0xffff8401f23f
                       sqjit_a64_helper_instance_field_set_integer_logged

     8.97%     0.00%  sqgi     sqgi                   [.] SQTable::GetRawSlot (inlined)
            |
            ---SQTable::GetRawSlot (inlined)
               |          
               |--5.09%--SQTable::_Get (inlined)
               |          
                --2.94%--HashObj (inlined)

     8.45%     0.00%  sqgi     [JIT] tid 606396       [.] 0x0000ffff8401f187
            |
            ---0xffff8401f187
               |          
               |--4.56%--0xffff8401f187
               |          sqjit_a64_helper_member_closure_guard
               |          |          
               |           --2.28%--sqjit_a64_helper_member_closure_guard
               |                     sqjit_a64_borrow_member_ptr_value
               |                     SQTable::GetRawSlot (inlined)
               |          
                --2.46%--0xffff8401f230

     8.23%     0.00%  sqgi     sqgi                   [.] sqjit_a64_member_store_slot (inlined)
            |
            ---sqjit_a64_member_store_slot (inlined)
               sqjit_a64_member_store_slot (inlined)
               |          
               |--5.14%--sqjit_a64_resolve_store_slot (inlined)
               |          |          
               |           --4.12%--sq_member_raw_slot (inlined)
               |                     SQTable::GetRawSlot (inlined)
               |                     |          
               |                      --2.57%--SQTable::_Get (inlined)
               |          
                --3.09%--sqjit_a64_helper_member_set_reference_logged
                          sqjit_a64_resolve_root_store_slot
                          |          
                           --2.06%--SQTable::GetRawSlot (inlined)

     8.23%     0.00%  sqgi     sqgi                   [.] sqjit_a64_store_resolved_member (inlined)
            |
            ---sqjit_a64_store_resolved_member (inlined)
               |          
                --7.20%--SQJitWriteLog::RecordMember
                          |          
                          |--4.11%--SQJitWriteLog::ContainsMember<true> (inlined)
                          |          
                           --3.09%--SQJitWriteLog::CanRelease

     7.71%     0.00%  sqgi     sqgi                   [.] sqjit_a64_resolve_store_slot (inlined)
            |
            ---sqjit_a64_resolve_store_slot (inlined)
               |          
                --5.66%--sq_member_raw_slot (inlined)
                          |          
                           --5.14%--SQTable::GetRawSlot (inlined)
                                     SQTable::_Get (inlined)

     7.71%     7.71%  sqgi     sqgi                   [.] sqjit_a64_resolve_root_store_slot
            |          
            |--3.09%--0xffff8401d227
            |          0xffff8401d227
            |          sqjit_a64_helper_member_set_reference_logged
            |          sqjit_a64_member_store_slot (inlined)
            |          sqjit_a64_member_store_slot (inlined)
            |          sqjit_a64_helper_member_set_reference_logged
            |          sqjit_a64_resolve_root_store_slot
            |          |          
            |           --2.06%--SQTable::GetRawSlot (inlined)
            |          
            |--2.57%--0xffff8401e213
            |          0xffff8401e213
            |          sqjit_a64_helper_member_set_integer_logged
            |          sqjit_a64_member_store_slot (inlined)
            |          sqjit_a64_member_store_slot (inlined)
            |          sqjit_a64_helper_member_set_integer_logged
            |          sqjit_a64_resolve_root_store_slot
            |          
             --2.05%--0xffff8401c1f7
                       0xffff8401c1f7
                       sqjit_a64_helper_member_set_integer_logged
                       sqjit_a64_member_store_slot (inlined)
                       sqjit_a64_member_store_slot (inlined)
                       sqjit_a64_helper_member_set_integer_logged
                       sqjit_a64_resolve_root_store_slot

     7.46%     0.00%  sqgi     sqgi                   [.] sqjit_a64_write_log_record_member (inlined)
            |
            ---sqjit_a64_write_log_record_member (inlined)
               |          
                --6.44%--SQJitWriteLog::RecordMember
                          |          
                           --3.37%--SQJitWriteLog::CanRelease

     7.19%     0.00%  sqgi     [JIT] tid 606396       [.] 0x0000ffff8401d16b
            |
            ---0xffff8401d16b
               |          
                --2.57%--0xffff8401d16b
                          sqjit_a64_helper_member_closure_guard

     6.17%     0.00%  sqgi     [JIT] tid 606396       [.] 0x0000ffff8401e187
            |
            ---0xffff8401e187
               |          
               |--3.08%--0xffff8401e187
               |          sqjit_a64_helper_member_closure_guard
               |          
                --2.06%--0xffff8401e1f8

     5.66%     0.00%  sqgi     sqgi                   [.] sq_member_raw_slot (inlined)
            |
            ---sq_member_raw_slot (inlined)
               |          
                --5.14%--SQTable::GetRawSlot (inlined)
                          SQTable::_Get (inlined)

     5.66%     0.00%  sqgi     sqgi                   [.] SQTable::GetRawSlot (inlined)
            |
            ---SQTable::GetRawSlot (inlined)
               |          
                --5.14%--SQTable::_Get (inlined)

     5.14%     0.00%  sqgi     sqgi                   [.] SQTable::_Get (inlined)
            |
            ---SQTable::_Get (inlined)

     5.14%     0.00%  sqgi     sqgi                   [.] sqjit_a64_resolve_store_slot (inlined)
            |
            ---sqjit_a64_resolve_store_slot (inlined)
               |          
                --4.12%--sq_member_raw_slot (inlined)
                          SQTable::GetRawSlot (inlined)
                          |          
                           --2.57%--SQTable::_Get (inlined)

     5.09%     0.00%  sqgi     sqgi                   [.] SQTable::_Get (inlined)
            |
            ---SQTable::_Get (inlined)

     4.63%     0.00%  sqgi     sqgi                   [.] SQTable::GetRawSlot (inlined)
            |
            ---SQTable::GetRawSlot (inlined)
               |          
               |--2.57%--SQTable::_Get (inlined)
               |          
                --2.06%--HashObj (inlined)

     4.12%     0.00%  sqgi     sqgi                   [.] sq_member_raw_slot (inlined)
            |
            ---sq_member_raw_slot (inlined)
               SQTable::GetRawSlot (inlined)
               |          
                --2.57%--SQTable::_Get (inlined)

     4.12%     0.00%  sqgi     sqgi                   [.] SQTable::GetRawSlot (inlined)
            |
            ---SQTable::GetRawSlot (inlined)
               |          
                --2.57%--SQTable::_Get (inlined)

     4.11%     0.00%  sqgi     sqgi                   [.] SQJitWriteLog::ContainsMember<true> (inlined)
            |
            ---SQJitWriteLog::ContainsMember<true> (inlined)

     3.60%     0.00%  sqgi     sqgi                   [.] SQJitWriteLog::ContainsMember<false> (inlined)
            |
            ---SQJitWriteLog::ContainsMember<false> (inlined)
               |          
                --2.57%--SQJitWriteLog::ContainsMember<false>(SQObjectPtr const&, SQObjectPtr const&, SQObjectPtr const&) const::{lambda(SQJitWriteLog::Entry const&)#1}::operator() (inlined)

     2.94%     0.00%  sqgi     sqgi                   [.] HashObj (inlined)
            |
            ---HashObj (inlined)

     2.57%     0.00%  sqgi     sqgi                   [.] SQTable::_Get (inlined)
            |
            ---SQTable::_Get (inlined)

     2.57%     0.00%  sqgi     sqgi                   [.] SQJitWriteLog::ContainsMember<false>(SQObjectPtr const&, SQObjectPtr const&, SQObjectPtr const&) const::{lambda(SQJitWriteLog::Entry const&)#1}::operator() (inlined)
            |
            ---SQJitWriteLog::ContainsMember<false>(SQObjectPtr const&, SQObjectPtr const&, SQObjectPtr const&) const::{lambda(SQJitWriteLog::Entry const&)#1}::operator() (inlined)

     2.57%     0.00%  sqgi     sqgi                   [.] SQTable::_Get (inlined)
            |
            ---SQTable::_Get (inlined)

     2.46%     2.46%  sqgi     [JIT] tid 606396       [.] 0x0000ffff8401f230
            |
            ---0xffff8401f187
               0xffff8401f230

     2.06%     2.06%  sqgi     [JIT] tid 606396       [.] 0x0000ffff8401e1f8
            |
            ---0xffff8401e187
               0xffff8401e1f8

     2.06%     0.00%  sqgi     sqgi                   [.] HashObj (inlined)
            |
            ---HashObj (inlined)

     2.06%     2.06%  sqgi     [JIT] tid 606396       [.] 0x0000ffff8401c1dc
            |
            ---0xffff8401c16b
               0xffff8401c1dc

     2.06%     0.00%  sqgi     sqgi                   [.] SQObjectPtr::~SQObjectPtr (inlined)
            |
            ---SQObjectPtr::~SQObjectPtr (inlined)
               SQObjectPtr::~SQObjectPtr (inlined)

     2.04%     0.00%  sqgi     sqgi                   [.] _start
            |
            ---_start
               __libc_start_main_impl (inlined)
               __libc_start_call_main
               main

     2.04%     0.00%  sqgi     libc.so.6              [.] __libc_start_main_impl (inlined)
            |
            ---__libc_start_main_impl (inlined)
               __libc_start_call_main
               main

     2.04%     0.00%  sqgi     libc.so.6              [.] __libc_start_call_main
            |
            ---__libc_start_call_main
               main

     2.04%     0.00%  sqgi     sqgi                   [.] main
            |
            ---main



#
# (Cannot load tips.txt file, please install perf!)
#
