BENCH	receiver_integer	200000	0.054800000	595177
BENCH	root_integer	200000	0.064335000	595177
BENCH	root_reference	200000	0.088740000	799457
BENCH	root_integer_result	200000	0.065825000	795177
BENCH	receiver_integer	200000	0.054670000	595177
BENCH	root_integer	200000	0.063855000	595177
BENCH	root_reference	200000	0.084605000	799457
BENCH	root_integer_result	200000	0.065950000	795177
BENCH	receiver_integer	200000	0.054790000	595177
BENCH	root_integer	200000	0.063920000	595177
BENCH	root_reference	200000	0.085475000	799457
BENCH	root_integer_result	200000	0.065860000	795177
399.44;msec;task-clock:u;0.72%;399438374;100.00;0.988;CPUs utilized
886952558;;cycles:u;0.31%;399471042;100.00;2.214;GHz
2950017439;;instructions:u;0.11%;399471042;100.00;3.33;insn per cycle
219200;;branch-misses:u;29.52%;399471042;100.00;;
1007478989;;cache-references:u;0.27%;399471042;100.00;2.515;G/sec
195214;;cache-misses:u;0.89%;399471042;100.00;0.019;of all cache refs
782;;page-faults:u;0.04%;399438374;100.00;1.952;K/sec
0;;context-switches:u;0.00%;399438374;100.00;0.000;/sec
