Round 1/5: sqgi; all 8 checksums match
Round 1/5: sqgi_baseline; all 8 checksums match
Round 1/5: node; all 8 checksums match
Round 1/5: gjs; all 8 checksums match
Round 1/5: python; all 8 checksums match
Round 2/5: sqgi_baseline; all 8 checksums match
Round 2/5: node; all 8 checksums match
Round 2/5: gjs; all 8 checksums match
Round 2/5: python; all 8 checksums match
Round 2/5: sqgi; all 8 checksums match
Round 3/5: node; all 8 checksums match
Round 3/5: gjs; all 8 checksums match
Round 3/5: python; all 8 checksums match
Round 3/5: sqgi; all 8 checksums match
Round 3/5: sqgi_baseline; all 8 checksums match
Round 4/5: gjs; all 8 checksums match
Round 4/5: python; all 8 checksums match
Round 4/5: sqgi; all 8 checksums match
Round 4/5: sqgi_baseline; all 8 checksums match
Round 4/5: node; all 8 checksums match
Round 5/5: python; all 8 checksums match
Round 5/5: sqgi; all 8 checksums match
Round 5/5: sqgi_baseline; all 8 checksums match
Round 5/5: node; all 8 checksums match
Round 5/5: gjs; all 8 checksums match
Microseconds per iteration; lower is faster
kernel	sqgi	sqgi_baseline	node	gjs	python
route_balanced	0.053570000	0.052035000	0.005976185	0.006430000	0.260816550
route_skewed	0.052505000	0.050710000	0.005774925	0.006660000	0.258550330
pricing_events	0.057910000	0.057625000	0.011153185	0.017335000	0.432474335
filter_stream	0.055755000	0.055030000	0.005072015	0.009500000	0.240107640
records_64	0.133625000	0.132815000	0.015735250	0.038415000	0.564158990
records_4096	0.233165000	0.241020000	0.020531605	0.043180000	0.616273410
word_count	0.267035000	0.266360000	0.073853395	0.123755000	0.360697935
graph_walk	0.012355000	0.012405000	0.004780355	0.007605000	0.129088505
