Round 1/5: sqgi; all 8 checksums match
Round 1/5: sqgi_baseline; all 8 checksums match
Round 1/5: node; all 8 checksums match
Round 1/5: gjs; all 8 checksums match
Round 1/5: python; all 8 checksums match
Round 2/5: sqgi_baseline; all 8 checksums match
Round 2/5: node; all 8 checksums match
Round 2/5: gjs; all 8 checksums match
Round 2/5: python; all 8 checksums match
Round 2/5: sqgi; all 8 checksums match
Round 3/5: node; all 8 checksums match
Round 3/5: gjs; all 8 checksums match
Round 3/5: python; all 8 checksums match
Round 3/5: sqgi; all 8 checksums match
Round 3/5: sqgi_baseline; all 8 checksums match
Round 4/5: gjs; all 8 checksums match
Round 4/5: python; all 8 checksums match
Round 4/5: sqgi; all 8 checksums match
Round 4/5: sqgi_baseline; all 8 checksums match
Round 4/5: node; all 8 checksums match
Round 5/5: python; all 8 checksums match
Round 5/5: sqgi; all 8 checksums match
Round 5/5: sqgi_baseline; all 8 checksums match
Round 5/5: node; all 8 checksums match
Round 5/5: gjs; all 8 checksums match
Microseconds per iteration; lower is faster
kernel	sqgi	sqgi_baseline	node	gjs	python
route_balanced	0.053492099	0.051982110	0.005980515	0.006377452	0.260859674
route_skewed	0.052242108	0.051307115	0.005746459	0.006662450	0.258756067
pricing_events	0.057934565	0.057327070	0.011052505	0.017314870	0.431773939
filter_stream	0.056284578	0.054992088	0.005023867	0.008964933	0.239818496
records_64	0.134043995	0.132729005	0.015458779	0.038474711	0.569541586
records_4096	0.230485771	0.229713277	0.019725057	0.042342182	0.617392317
word_count	0.267190496	0.266010505	0.073707912	0.123249076	0.365559523
graph_walk	0.012347407	0.012397407	0.004755537	0.007092447	0.128615353
