Round 1/5: audit; 7 checksums match
Round 1/5: v25; 7 checksums match
Round 1/5: v26; 7 checksums match
Round 1/5: v26_repeat; 7 checksums match
Round 1/5: node; 7 checksums match
Round 2/5: v25; 7 checksums match
Round 2/5: v26; 7 checksums match
Round 2/5: v26_repeat; 7 checksums match
Round 2/5: node; 7 checksums match
Round 2/5: audit; 7 checksums match
Round 3/5: v26; 7 checksums match
Round 3/5: v26_repeat; 7 checksums match
Round 3/5: node; 7 checksums match
Round 3/5: audit; 7 checksums match
Round 3/5: v25; 7 checksums match
Round 4/5: v26_repeat; 7 checksums match
Round 4/5: node; 7 checksums match
Round 4/5: audit; 7 checksums match
Round 4/5: v25; 7 checksums match
Round 4/5: v26; 7 checksums match
Round 5/5: node; 7 checksums match
Round 5/5: audit; 7 checksums match
Round 5/5: v25; 7 checksums match
Round 5/5: v26; 7 checksums match
Round 5/5: v26_repeat; 7 checksums match
filter: audit 23.35 ns, v25 13.45 ns, v26 13.42 ns, v26_repeat 13.46 ns, node 2.45 ns
channels_4: audit 78.25 ns, v25 34.95 ns, v26 34.98 ns, v26_repeat 34.96 ns, node 5.49 ns
pressure_8: audit 153.66 ns, v25 93.63 ns, v26 93.58 ns, v26_repeat 93.74 ns, node 10.42 ns
integration: audit 37.26 ns, v25 22.52 ns, v26 22.54 ns, v26_repeat 22.41 ns, node 7.52 ns
retained_input: audit 44.75 ns, v25 24.31 ns, v26 24.39 ns, v26_repeat 24.52 ns, node 4.23 ns
branching: audit 31.39 ns, v25 17.97 ns, v26 17.98 ns, v26_repeat 17.96 ns, node 6.44 ns
helper_control: audit 54.73 ns, v25 19.34 ns, v26 19.32 ns, v26_repeat 19.29 ns, node 3.62 ns
