Round 1/5: audit; 7 checksums match
Round 1/5: v25; 7 checksums match
Round 1/5: v26; 7 checksums match
Round 1/5: v26_repeat; 7 checksums match
Round 1/5: node; 7 checksums match
Round 2/5: v25; 7 checksums match
Round 2/5: v26; 7 checksums match
Round 2/5: v26_repeat; 7 checksums match
Round 2/5: node; 7 checksums match
Round 2/5: audit; 7 checksums match
Round 3/5: v26; 7 checksums match
Round 3/5: v26_repeat; 7 checksums match
Round 3/5: node; 7 checksums match
Round 3/5: audit; 7 checksums match
Round 3/5: v25; 7 checksums match
Round 4/5: v26_repeat; 7 checksums match
Round 4/5: node; 7 checksums match
Round 4/5: audit; 7 checksums match
Round 4/5: v25; 7 checksums match
Round 4/5: v26; 7 checksums match
Round 5/5: node; 7 checksums match
Round 5/5: audit; 7 checksums match
Round 5/5: v25; 7 checksums match
Round 5/5: v26; 7 checksums match
Round 5/5: v26_repeat; 7 checksums match
filter: audit 23.47 ns, v25 13.42 ns, v26 13.39 ns, v26_repeat 13.49 ns, node 2.45 ns
channels_4: audit 77.94 ns, v25 35.06 ns, v26 35.02 ns, v26_repeat 35.01 ns, node 5.48 ns
pressure_8: audit 153.47 ns, v25 93.72 ns, v26 93.72 ns, v26_repeat 93.72 ns, node 10.32 ns
integration: audit 37.20 ns, v25 22.54 ns, v26 22.54 ns, v26_repeat 22.55 ns, node 7.51 ns
retained_input: audit 45.54 ns, v25 24.33 ns, v26 24.32 ns, v26_repeat 24.44 ns, node 4.24 ns
branching: audit 31.33 ns, v25 17.89 ns, v26 17.93 ns, v26_repeat 17.95 ns, node 6.47 ns
helper_control: audit 54.59 ns, v25 19.33 ns, v26 19.30 ns, v26_repeat 19.34 ns, node 3.62 ns
