Round 1/5: sqgi; all 15 checksums match
Round 1/5: sqgi_baseline; all 15 checksums match
Round 1/5: node; all 15 checksums match
Round 1/5: gjs; all 15 checksums match
Round 1/5: python; all 15 checksums match
Round 2/5: sqgi_baseline; all 15 checksums match
Round 2/5: node; all 15 checksums match
Round 2/5: gjs; all 15 checksums match
Round 2/5: python; all 15 checksums match
Round 2/5: sqgi; all 15 checksums match
Round 3/5: node; all 15 checksums match
Round 3/5: gjs; all 15 checksums match
Round 3/5: python; all 15 checksums match
Round 3/5: sqgi; all 15 checksums match
Round 3/5: sqgi_baseline; all 15 checksums match
Round 4/5: gjs; all 15 checksums match
Round 4/5: python; all 15 checksums match
Round 4/5: sqgi; all 15 checksums match
Round 4/5: sqgi_baseline; all 15 checksums match
Round 4/5: node; all 15 checksums match
Round 5/5: python; all 15 checksums match
Round 5/5: sqgi; all 15 checksums match
Round 5/5: sqgi_baseline; all 15 checksums match
Round 5/5: node; all 15 checksums match
Round 5/5: gjs; all 15 checksums match
Microseconds per iteration; lower is faster
kernel	sqgi	sqgi_baseline	node	gjs	python
direct_call	0.025632000	0.034079000	0.006721552	0.010650625	0.333457916
branch_call	0.021358000	0.032154000	0.004807879	0.007011563	0.236191737
float_call	0.012414000	0.021347000	0.002632166	0.009468750	0.133650654
numeric_loop	0.022791000	0.022767000	0.007426008	0.012706563	0.236631323
vector	0.365350000	0.377975000	0.554172112	0.510006250	5.122568756
dynamic_member	0.724931000	1.510406000	0.108456644	0.078775000	0.872831944
dynamic_key_get_set	0.182094000	0.182294000	0.062054913	0.027900000	0.403954819
object_member_write_fallback	0.470850000	0.472044000	0.012630819	0.046862500	0.688087269
array_append	0.126206000	0.125612000	0.035026875	0.018331250	0.219430694
array_write	0.036756000	0.036538000	0.004546294	0.006056250	0.185218644
array_read	0.007057000	0.007514000	0.002625057	0.003505937	0.083560210
array_float	0.006783000	0.007107000	0.002187927	0.003060625	0.073368328
math_intrinsic	0.110731000	0.200919000	0.041248412	0.009812500	0.580649625
math_variable	0.226050000	0.217294000	0.153668019	0.106275000	0.529007081
matrix	0.309975000	0.313600000	0.022516369	0.065956250	1.135600081
