Round 1/5: v25; 6 checksums match
Round 1/5: v26; 6 checksums match
Round 1/5: v26_repeat; 6 checksums match
Round 1/5: node; 6 checksums match
Round 2/5: v26; 6 checksums match
Round 2/5: v26_repeat; 6 checksums match
Round 2/5: node; 6 checksums match
Round 2/5: v25; 6 checksums match
Round 3/5: v26_repeat; 6 checksums match
Round 3/5: node; 6 checksums match
Round 3/5: v25; 6 checksums match
Round 3/5: v26; 6 checksums match
Round 4/5: node; 6 checksums match
Round 4/5: v25; 6 checksums match
Round 4/5: v26; 6 checksums match
Round 4/5: v26_repeat; 6 checksums match
Round 5/5: v25; 6 checksums match
Round 5/5: v26; 6 checksums match
Round 5/5: v26_repeat; 6 checksums match
Round 5/5: node; 6 checksums match
table_events_97: v25 417.98 ns, v26 413.46 ns, v26_repeat 414.40 ns, node 74.87 ns
class_events_97: v25 414.37 ns, v26 409.81 ns, v26_repeat 410.37 ns, node 74.05 ns
buffers_7: v25 368.73 ns, v26 369.63 ns, v26_repeat 369.66 ns, node 12.37 ns
buffers_31: v25 368.67 ns, v26 370.52 ns, v26_repeat 369.25 ns, node 12.30 ns
calibrate_17: v25 83.88 ns, v26 83.72 ns, v26_repeat 83.70 ns, node 8.69 ns
calibrate_67: v25 84.56 ns, v26 84.47 ns, v26_repeat 84.72 ns, node 8.27 ns
