Round 1/5: audit; 6 checksums match
Round 1/5: v25; 6 checksums match
Round 1/5: v26; 6 checksums match
Round 1/5: v26_repeat; 6 checksums match
Round 1/5: node; 6 checksums match
Round 2/5: v25; 6 checksums match
Round 2/5: v26; 6 checksums match
Round 2/5: v26_repeat; 6 checksums match
Round 2/5: node; 6 checksums match
Round 2/5: audit; 6 checksums match
Round 3/5: v26; 6 checksums match
Round 3/5: v26_repeat; 6 checksums match
Round 3/5: node; 6 checksums match
Round 3/5: audit; 6 checksums match
Round 3/5: v25; 6 checksums match
Round 4/5: v26_repeat; 6 checksums match
Round 4/5: node; 6 checksums match
Round 4/5: audit; 6 checksums match
Round 4/5: v25; 6 checksums match
Round 4/5: v26; 6 checksums match
Round 5/5: node; 6 checksums match
Round 5/5: audit; 6 checksums match
Round 5/5: v25; 6 checksums match
Round 5/5: v26; 6 checksums match
Round 5/5: v26_repeat; 6 checksums match
transfer_table: audit 1209.03 ns, v25 428.61 ns, v26 429.45 ns, v26_repeat 429.07 ns, node 17.89 ns
transfer_class: audit 1281.09 ns, v25 438.17 ns, v26 439.74 ns, v26_repeat 439.63 ns, node 18.10 ns
transfer_mixed: audit 1281.22 ns, v25 440.14 ns, v26 440.81 ns, v26_repeat 441.37 ns, node 29.09 ns
publish_table: audit 841.55 ns, v25 386.72 ns, v26 387.46 ns, v26_repeat 387.65 ns, node 13.41 ns
publish_class: audit 876.45 ns, v25 394.25 ns, v26 395.12 ns, v26_repeat 395.32 ns, node 13.65 ns
publish_mixed: audit 877.64 ns, v25 397.62 ns, v26 397.88 ns, v26_repeat 397.89 ns, node 20.87 ns
