Round 1/5: audit; 6 checksums match
Round 1/5: v25; 6 checksums match
Round 1/5: v26; 6 checksums match
Round 1/5: v26_repeat; 6 checksums match
Round 1/5: node; 6 checksums match
Round 2/5: v25; 6 checksums match
Round 2/5: v26; 6 checksums match
Round 2/5: v26_repeat; 6 checksums match
Round 2/5: node; 6 checksums match
Round 2/5: audit; 6 checksums match
Round 3/5: v26; 6 checksums match
Round 3/5: v26_repeat; 6 checksums match
Round 3/5: node; 6 checksums match
Round 3/5: audit; 6 checksums match
Round 3/5: v25; 6 checksums match
Round 4/5: v26_repeat; 6 checksums match
Round 4/5: node; 6 checksums match
Round 4/5: audit; 6 checksums match
Round 4/5: v25; 6 checksums match
Round 4/5: v26; 6 checksums match
Round 5/5: node; 6 checksums match
Round 5/5: audit; 6 checksums match
Round 5/5: v25; 6 checksums match
Round 5/5: v26; 6 checksums match
Round 5/5: v26_repeat; 6 checksums match
transfer_table: audit 1204.70 ns, v25 428.25 ns, v26 430.76 ns, v26_repeat 429.83 ns, node 17.95 ns
transfer_class: audit 1278.28 ns, v25 437.39 ns, v26 441.75 ns, v26_repeat 440.03 ns, node 17.57 ns
transfer_mixed: audit 1278.19 ns, v25 439.45 ns, v26 442.06 ns, v26_repeat 441.57 ns, node 29.05 ns
publish_table: audit 841.14 ns, v25 386.40 ns, v26 387.56 ns, v26_repeat 387.19 ns, node 13.45 ns
publish_class: audit 876.96 ns, v25 394.41 ns, v26 395.81 ns, v26_repeat 396.30 ns, node 13.71 ns
publish_mixed: audit 878.59 ns, v25 397.53 ns, v26 398.13 ns, v26_repeat 397.62 ns, node 20.81 ns
