Round 1/5: sqgi; all 8 checksums match
Round 1/5: sqgi_baseline; all 8 checksums match
Round 1/5: node; all 8 checksums match
Round 1/5: gjs; all 8 checksums match
Round 1/5: python; all 8 checksums match
Round 2/5: sqgi_baseline; all 8 checksums match
Round 2/5: node; all 8 checksums match
Round 2/5: gjs; all 8 checksums match
Round 2/5: python; all 8 checksums match
Round 2/5: sqgi; all 8 checksums match
Round 3/5: node; all 8 checksums match
Round 3/5: gjs; all 8 checksums match
Round 3/5: python; all 8 checksums match
Round 3/5: sqgi; all 8 checksums match
Round 3/5: sqgi_baseline; all 8 checksums match
Round 4/5: gjs; all 8 checksums match
Round 4/5: python; all 8 checksums match
Round 4/5: sqgi; all 8 checksums match
Round 4/5: sqgi_baseline; all 8 checksums match
Round 4/5: node; all 8 checksums match
Round 5/5: python; all 8 checksums match
Round 5/5: sqgi; all 8 checksums match
Round 5/5: sqgi_baseline; all 8 checksums match
Round 5/5: node; all 8 checksums match
Round 5/5: gjs; all 8 checksums match
Microseconds per iteration; lower is faster
kernel	sqgi	sqgi_baseline	node	gjs	python
route_balanced	0.053872096	0.052129609	0.005959365	0.006444952	0.260586786
route_skewed	0.052247108	0.051357115	0.005756662	0.006662450	0.258755884
pricing_events	0.057909566	0.057852066	0.011083119	0.017307370	0.431909968
filter_stream	0.056364577	0.054989588	0.005028237	0.009019932	0.239951763
records_64	0.132309008	0.134771489	0.015528036	0.038514711	0.585473176
records_4096	0.264918013	0.261790537	0.019943055	0.042727180	0.691101157
word_count	0.265935505	0.266363002	0.073972543	0.123209076	0.366738299
graph_walk	0.012337407	0.012369907	0.004756992	0.007394945	0.128710767
