Round 1/5: sqgi; all 8 checksums match
Round 1/5: sqgi_baseline; all 8 checksums match
Round 1/5: node; all 8 checksums match
Round 1/5: gjs; all 8 checksums match
Round 1/5: python; all 8 checksums match
Round 2/5: sqgi_baseline; all 8 checksums match
Round 2/5: node; all 8 checksums match
Round 2/5: gjs; all 8 checksums match
Round 2/5: python; all 8 checksums match
Round 2/5: sqgi; all 8 checksums match
Round 3/5: node; all 8 checksums match
Round 3/5: gjs; all 8 checksums match
Round 3/5: python; all 8 checksums match
Round 3/5: sqgi; all 8 checksums match
Round 3/5: sqgi_baseline; all 8 checksums match
Round 4/5: gjs; all 8 checksums match
Round 4/5: python; all 8 checksums match
Round 4/5: sqgi; all 8 checksums match
Round 4/5: sqgi_baseline; all 8 checksums match
Round 4/5: node; all 8 checksums match
Round 5/5: python; all 8 checksums match
Round 5/5: sqgi; all 8 checksums match
Round 5/5: sqgi_baseline; all 8 checksums match
Round 5/5: node; all 8 checksums match
Round 5/5: gjs; all 8 checksums match
Microseconds per iteration; lower is faster
kernel	sqgi	sqgi_baseline	node	gjs	python
route_balanced	0.053485000	0.052145000	0.005955765	0.006485000	0.261309880
route_skewed	0.052195000	0.051460000	0.005789515	0.006675000	0.259066990
pricing_events	0.057980000	0.057580000	0.011081745	0.017370000	0.432265390
filter_stream	0.056365000	0.055175000	0.005050150	0.010090000	0.240364080
records_64	0.131640000	0.133560000	0.015671065	0.038570000	0.565737800
records_4096	0.258520000	0.279950000	0.020684760	0.043625000	0.685516620
word_count	0.266745000	0.266650000	0.073227900	0.124035000	0.360498730
graph_walk	0.012385000	0.012440000	0.004774530	0.008705000	0.129504325
