Round 1/5: audit; 7 checksums match
Round 1/5: v19; 7 checksums match
Round 1/5: v20; 7 checksums match
Round 1/5: v20_repeat; 7 checksums match
Round 1/5: node; 7 checksums match
Round 2/5: v19; 7 checksums match
Round 2/5: v20; 7 checksums match
Round 2/5: v20_repeat; 7 checksums match
Round 2/5: node; 7 checksums match
Round 2/5: audit; 7 checksums match
Round 3/5: v20; 7 checksums match
Round 3/5: v20_repeat; 7 checksums match
Round 3/5: node; 7 checksums match
Round 3/5: audit; 7 checksums match
Round 3/5: v19; 7 checksums match
Round 4/5: v20_repeat; 7 checksums match
Round 4/5: node; 7 checksums match
Round 4/5: audit; 7 checksums match
Round 4/5: v19; 7 checksums match
Round 4/5: v20; 7 checksums match
Round 5/5: node; 7 checksums match
Round 5/5: audit; 7 checksums match
Round 5/5: v19; 7 checksums match
Round 5/5: v20; 7 checksums match
Round 5/5: v20_repeat; 7 checksums match
filter: audit 23.56 ns, v19 23.95 ns, v20 14.04 ns, v20_repeat 13.75 ns, node 2.48 ns
channels_4: audit 78.56 ns, v19 80.93 ns, v20 60.77 ns, v20_repeat 59.69 ns, node 5.43 ns
pressure_8: audit 152.72 ns, v19 168.68 ns, v20 139.44 ns, v20_repeat 139.45 ns, node 10.32 ns
integration: audit 37.22 ns, v19 37.42 ns, v20 23.05 ns, v20_repeat 23.03 ns, node 7.66 ns
retained_input: audit 44.93 ns, v19 46.82 ns, v20 26.43 ns, v20_repeat 26.52 ns, node 4.31 ns
branching: audit 31.36 ns, v19 31.38 ns, v20 17.52 ns, v20_repeat 17.50 ns, node 6.44 ns
helper_control: audit 54.70 ns, v19 53.92 ns, v20 22.33 ns, v20_repeat 22.23 ns, node 3.61 ns
