Round 1/5: audit; 7 checksums match
Round 1/5: v19; 7 checksums match
Round 1/5: v20; 7 checksums match
Round 1/5: v20_repeat; 7 checksums match
Round 1/5: node; 7 checksums match
Round 2/5: v19; 7 checksums match
Round 2/5: v20; 7 checksums match
Round 2/5: v20_repeat; 7 checksums match
Round 2/5: node; 7 checksums match
Round 2/5: audit; 7 checksums match
Round 3/5: v20; 7 checksums match
Round 3/5: v20_repeat; 7 checksums match
Round 3/5: node; 7 checksums match
Round 3/5: audit; 7 checksums match
Round 3/5: v19; 7 checksums match
Round 4/5: v20_repeat; 7 checksums match
Round 4/5: node; 7 checksums match
Round 4/5: audit; 7 checksums match
Round 4/5: v19; 7 checksums match
Round 4/5: v20; 7 checksums match
Round 5/5: node; 7 checksums match
Round 5/5: audit; 7 checksums match
Round 5/5: v19; 7 checksums match
Round 5/5: v20; 7 checksums match
Round 5/5: v20_repeat; 7 checksums match
filter: audit 23.40 ns, v19 24.12 ns, v20 13.70 ns, v20_repeat 13.73 ns, node 2.46 ns
channels_4: audit 78.60 ns, v19 81.21 ns, v20 59.79 ns, v20_repeat 60.78 ns, node 5.42 ns
pressure_8: audit 152.28 ns, v19 165.77 ns, v20 139.51 ns, v20_repeat 139.36 ns, node 10.31 ns
integration: audit 37.25 ns, v19 36.87 ns, v20 23.05 ns, v20_repeat 23.02 ns, node 7.55 ns
retained_input: audit 45.02 ns, v19 46.59 ns, v20 26.67 ns, v20_repeat 26.50 ns, node 4.27 ns
branching: audit 31.39 ns, v19 31.34 ns, v20 17.47 ns, v20_repeat 17.51 ns, node 6.45 ns
helper_control: audit 55.02 ns, v19 53.02 ns, v20 22.20 ns, v20_repeat 22.24 ns, node 3.63 ns
