Round 1/5: sqgi; all 15 checksums match
Round 1/5: sqgi_baseline; all 15 checksums match
Round 1/5: node; all 15 checksums match
Round 1/5: gjs; all 15 checksums match
Round 1/5: python; all 15 checksums match
Round 2/5: sqgi_baseline; all 15 checksums match
Round 2/5: node; all 15 checksums match
Round 2/5: gjs; all 15 checksums match
Round 2/5: python; all 15 checksums match
Round 2/5: sqgi; all 15 checksums match
Round 3/5: node; all 15 checksums match
Round 3/5: gjs; all 15 checksums match
Round 3/5: python; all 15 checksums match
Round 3/5: sqgi; all 15 checksums match
Round 3/5: sqgi_baseline; all 15 checksums match
Round 4/5: gjs; all 15 checksums match
Round 4/5: python; all 15 checksums match
Round 4/5: sqgi; all 15 checksums match
Round 4/5: sqgi_baseline; all 15 checksums match
Round 4/5: node; all 15 checksums match
Round 5/5: python; all 15 checksums match
Round 5/5: sqgi; all 15 checksums match
Round 5/5: sqgi_baseline; all 15 checksums match
Round 5/5: node; all 15 checksums match
Round 5/5: gjs; all 15 checksums match
Microseconds per iteration; lower is faster
kernel	sqgi	sqgi_baseline	node	gjs	python
direct_call	0.025102000	0.034133000	0.006734505	0.010660625	0.335444586
branch_call	0.020655000	0.032261000	0.004811077	0.007017500	0.237015702
float_call	0.013018000	0.021294000	0.002643107	0.009485000	0.133794149
numeric_loop	0.022806000	0.022778000	0.007432856	0.012716563	0.238688390
vector	0.368956000	0.372475000	0.566887694	0.515618750	5.151732331
dynamic_member	0.726950000	1.508975000	0.109085713	0.078906250	0.890276650
dynamic_key_get_set	0.182537000	0.182375000	0.062104225	0.027712500	0.417499575
object_member_write_fallback	0.471531000	0.473156000	0.012619906	0.046931250	0.681757456
array_append	0.125306000	0.114312000	0.035876406	0.019612500	0.222923713
array_write	0.036831000	0.036656000	0.004542656	0.006056250	0.187112925
array_read	0.007083000	0.007403000	0.002624423	0.003510312	0.083685213
array_float	0.006791000	0.007072000	0.002191120	0.003063125	0.073521569
math_intrinsic	0.208406000	0.201319000	0.041093537	0.009837500	0.555757088
math_variable	0.222238000	0.217406000	0.153890662	0.107956250	0.507506862
matrix	0.309131000	0.313956000	0.022740625	0.065962500	1.136033944
