Round 1/5: v19; 6 checksums match
Round 1/5: v20; 6 checksums match
Round 1/5: node; 6 checksums match
Round 2/5: v20; 6 checksums match
Round 2/5: node; 6 checksums match
Round 2/5: v19; 6 checksums match
Round 3/5: node; 6 checksums match
Round 3/5: v19; 6 checksums match
Round 3/5: v20; 6 checksums match
Round 4/5: v19; 6 checksums match
Round 4/5: v20; 6 checksums match
Round 4/5: node; 6 checksums match
Round 5/5: v20; 6 checksums match
Round 5/5: node; 6 checksums match
Round 5/5: v19; 6 checksums match
table_events_97: v19 413.56 ns, v20 415.18 ns, node 75.40 ns
class_events_97: v19 407.74 ns, v20 410.39 ns, node 74.30 ns
buffers_7: v19 432.37 ns, v20 433.14 ns, node 12.41 ns
buffers_31: v19 431.19 ns, v20 432.75 ns, node 12.33 ns
calibrate_17: v19 83.04 ns, v20 83.25 ns, node 8.86 ns
calibrate_67: v19 83.92 ns, v20 83.98 ns, node 8.36 ns
