Round 1/5: v19; 6 checksums match
Round 1/5: v20; 6 checksums match
Round 1/5: node; 6 checksums match
Round 2/5: v20; 6 checksums match
Round 2/5: node; 6 checksums match
Round 2/5: v19; 6 checksums match
Round 3/5: node; 6 checksums match
Round 3/5: v19; 6 checksums match
Round 3/5: v20; 6 checksums match
Round 4/5: v19; 6 checksums match
Round 4/5: v20; 6 checksums match
Round 4/5: node; 6 checksums match
Round 5/5: v20; 6 checksums match
Round 5/5: node; 6 checksums match
Round 5/5: v19; 6 checksums match
table_events_97: v19 413.43 ns, v20 412.30 ns, node 75.09 ns
class_events_97: v19 409.61 ns, v20 409.15 ns, node 74.22 ns
buffers_7: v19 431.28 ns, v20 432.59 ns, node 12.41 ns
buffers_31: v19 431.40 ns, v20 432.04 ns, node 12.32 ns
calibrate_17: v19 83.17 ns, v20 82.86 ns, node 8.67 ns
calibrate_67: v19 83.72 ns, v20 83.87 ns, node 8.33 ns
