Round 1/5: v19; 6 checksums match
Round 1/5: v20; 6 checksums match
Round 1/5: node; 6 checksums match
Round 2/5: v20; 6 checksums match
Round 2/5: node; 6 checksums match
Round 2/5: v19; 6 checksums match
Round 3/5: node; 6 checksums match
Round 3/5: v19; 6 checksums match
Round 3/5: v20; 6 checksums match
Round 4/5: v19; 6 checksums match
Round 4/5: v20; 6 checksums match
Round 4/5: node; 6 checksums match
Round 5/5: v20; 6 checksums match
Round 5/5: node; 6 checksums match
Round 5/5: v19; 6 checksums match
transfer_table: v19 433.26 ns, v20 431.22 ns, node 17.93 ns
transfer_class: v19 442.46 ns, v20 439.63 ns, node 18.13 ns
transfer_mixed: v19 443.62 ns, v20 442.96 ns, node 29.11 ns
publish_table: v19 392.53 ns, v20 393.00 ns, node 13.43 ns
publish_class: v19 396.92 ns, v20 395.71 ns, node 13.70 ns
publish_mixed: v19 400.58 ns, v20 400.07 ns, node 20.90 ns
