Round 1/5: v19; 6 checksums match
Round 1/5: v20; 6 checksums match
Round 1/5: node; 6 checksums match
Round 2/5: v20; 6 checksums match
Round 2/5: node; 6 checksums match
Round 2/5: v19; 6 checksums match
Round 3/5: node; 6 checksums match
Round 3/5: v19; 6 checksums match
Round 3/5: v20; 6 checksums match
Round 4/5: v19; 6 checksums match
Round 4/5: v20; 6 checksums match
Round 4/5: node; 6 checksums match
Round 5/5: v20; 6 checksums match
Round 5/5: node; 6 checksums match
Round 5/5: v19; 6 checksums match
transfer_table: v19 432.81 ns, v20 431.14 ns, node 18.06 ns
transfer_class: v19 439.46 ns, v20 440.48 ns, node 17.63 ns
transfer_mixed: v19 443.87 ns, v20 442.50 ns, node 29.08 ns
publish_table: v19 392.99 ns, v20 392.50 ns, node 13.38 ns
publish_class: v19 395.16 ns, v20 394.56 ns, node 13.54 ns
publish_mixed: v19 398.82 ns, v20 399.44 ns, node 20.83 ns
