{
  "direct_call_kernel-loop": {
    "hoisted": true,
    "bypassed_sites": 1,
    "unique_entry_checks": 1,
    "old_code_bytes": 884,
    "new_code_bytes": 960,
    "entry_transfer_offset": 256,
    "entry_checks_offset": 888,
    "return_to_loop_offset": 260,
    "normalized_core_matches": true
  },
  "float_call_kernel-loop": {
    "hoisted": true,
    "bypassed_sites": 1,
    "unique_entry_checks": 1,
    "old_code_bytes": 716,
    "new_code_bytes": 792,
    "entry_transfer_offset": 256,
    "entry_checks_offset": 720,
    "return_to_loop_offset": 260,
    "normalized_core_matches": true
  },
  "channels-loop": {
    "hoisted": true,
    "bypassed_sites": 4,
    "unique_entry_checks": 1,
    "old_code_bytes": 1648,
    "new_code_bytes": 1724,
    "entry_transfer_offset": 448,
    "entry_checks_offset": 1652,
    "return_to_loop_offset": 452,
    "normalized_core_matches": true
  },
  "pressure-loop": {
    "hoisted": true,
    "bypassed_sites": 8,
    "unique_entry_checks": 1,
    "old_code_bytes": 2720,
    "new_code_bytes": 2796,
    "entry_transfer_offset": 704,
    "entry_checks_offset": 2724,
    "return_to_loop_offset": 708,
    "normalized_core_matches": true
  },
  "retained-loop": {
    "hoisted": true,
    "bypassed_sites": 2,
    "unique_entry_checks": 2,
    "old_code_bytes": 1164,
    "new_code_bytes": 1308,
    "entry_transfer_offset": 320,
    "entry_checks_offset": 1168,
    "return_to_loop_offset": 324,
    "normalized_core_matches": true
  },
  "branch_call_kernel-loop": {
    "hoisted": true,
    "bypassed_sites": 1,
    "unique_entry_checks": 1,
    "old_code_bytes": 896,
    "new_code_bytes": 972,
    "entry_transfer_offset": 256,
    "entry_checks_offset": 900,
    "return_to_loop_offset": 260,
    "normalized_core_matches": true
  },
  "array_append_kernel-entry": {
    "hoisted": false,
    "bypassed_sites": 0,
    "unique_entry_checks": 0,
    "old_code_bytes": 1364,
    "new_code_bytes": 1364,
    "normalized_core_matches": true
  },
  "filter-loop": {
    "hoisted": true,
    "bypassed_sites": 1,
    "unique_entry_checks": 1,
    "old_code_bytes": 760,
    "new_code_bytes": 836,
    "entry_transfer_offset": 256,
    "entry_checks_offset": 764,
    "return_to_loop_offset": 260,
    "normalized_core_matches": true
  }
}
VERIFIED eight paired captures: entry transfer, deduplicated exact guard copies, failure continuations, call-site bypasses, unchanged remaining core and array artifact
