[1/36] Building CXX object CMakeFiles/sqgi_test_cpp_sqjit_intrinsics.dir/test/cpp/test_sqjit_intrinsics.cpp.o
[2/36] Building CXX object CMakeFiles/sqgi_test_cpp_sqjit_contracts.dir/test/cpp/test_sqjit_contracts.cpp.o
[3/36] Building CXX object CMakeFiles/sqgi-core.dir/Squirrel3/squirrel/jit/sqjit_backend_aarch64.cpp.o
[4/36] Linking CXX shared library libsqgi.so.1.0.0
[5/36] Linking CXX executable sqgi
[6/36] Creating library symlink libsqgi.so.1 libsqgi.so
[7/36] Linking CXX executable sqgicheck
[8/36] Linking C executable sqgi_test_c_signal_crossthread
[9/36] Linking C executable sqgi_test_c_signal_crossthread_sync
[10/36] Linking CXX executable sqgi_test_cpp_sqgicheck
[11/36] Linking C executable sqgi_test_c_signal_vm_closing
[12/36] Linking C executable sqgi_test_c_gvalue_branches
[13/36] Linking C executable sqgi_test_c_gi_call_plan
[14/36] Linking C executable sqgi_test_c_list_ownership
[15/36] Linking C executable sqgi_test_c_squirrel_core_hardening
[16/36] Linking C executable sqgi_test_c_numeric64
[17/36] Linking CXX executable sqgi_test_cpp_sqvm_hotpaths
[18/36] Linking CXX executable sqgi_test_cpp_sqvector
[19/36] Linking CXX executable sqgi_test_cpp_sqbytecode
[20/36] Linking CXX executable sqgi_test_cpp_sqoptimizer
[21/36] Linking CXX executable sqgi_test_cpp_sqmembercache
[22/36] Linking C executable sqgi_test_c_vm_lifecycle
[23/36] Linking CXX executable sqgi_test_cpp_sqjit_contracts
[24/36] Linking CXX executable sqgi_test_cpp_sqjit_values
[25/36] Linking CXX executable sqgi_test_cpp_sqjit_memory
[26/36] Linking CXX executable sqgi_test_cpp_sqjit_side_exit
[27/36] Linking CXX executable sqgi_test_cpp_sqjit_leaf
[28/36] Linking CXX executable sqgi_test_cpp_sqjit_arithmetic
[29/36] Linking CXX executable sqgi_test_cpp_sqjit_objects
[30/36] Linking CXX executable sqgi_test_cpp_sqjit_virtual_array
[31/36] Linking CXX executable sqgi_test_cpp_sqjit_object_plan
[32/36] Linking CXX executable sqgi_test_cpp_sqjit_write_log
[33/36] Linking CXX executable sqgi_test_cpp_sqjit_float_cache
[34/36] Linking CXX executable sqgi_test_cpp_sqjit_member_plan
[35/36] Linking CXX executable sqgi_test_cpp_sqjit_intrinsics
[36/36] Linking CXX executable sqgi_test_cpp_sqjit_aarch64_backend_invalid
