{
  "aggregation": "56 equally weighted components; application seed17; nearest-rank p90",
  "speedup": 1.749222225841604,
  "groups": {
    "kernels-seed17": {
      "count": 15,
      "speedup": 1.1375768694155861
    },
    "applications-seed17": {
      "count": 8,
      "speedup": 1.0038042852550346
    },
    "roots-seed17": {
      "count": 4,
      "speedup": 1.580071347159239
    },
    "members": {
      "count": 6,
      "speedup": 1.0411474088855277
    },
    "owners": {
      "count": 10,
      "speedup": 6.29234625939384
    },
    "methods": {
      "count": 6,
      "speedup": 2.505663177556292
    },
    "floats": {
      "count": 7,
      "speedup": 1.619130622846074
    }
  },
  "totals": {
    "sqgi_baseline": {
      "node": {
        "geomean": 15.285637900237063,
        "p90": 99.97472020405516
      },
      "gjs": {
        "geomean": 10.067632552055615,
        "p90": 50.60839760068552
      }
    },
    "sqgi": {
      "node": {
        "geomean": 8.738534003524153,
        "p90": 24.952636618175315
      },
      "gjs": {
        "geomean": 5.7554908709279475,
        "p90": 13.948676966790977
      }
    }
  },
  "regressions_over_5pct": [
    {
      "suite": "kernels-seed17",
      "name": "array_append",
      "ns": {
        "sqgi": 125.306,
        "sqgi_baseline": 114.312,
        "node": 35.876406,
        "gjs": 19.6125,
        "python": 222.923713
      },
      "speedup": 0.912262780712815,
      "ranges_ns": {
        "sqgi": [
          108.319,
          134.856
        ],
        "sqgi_baseline": [
          107.944,
          141.83100000000002
        ],
        "node": [
          29.523619,
          46.425506
        ],
        "gjs": [
          18.83125,
          28.29375
        ],
        "python": [
          219.806563,
          233.35615
        ]
      }
    }
  ]
}
