{
  "recycle": {
    "guard_count": 34,
    "exact_resume_ips": [
      0,
      1,
      2,
      3,
      4,
      5,
      6,
      7,
      8,
      9,
      10,
      11,
      12,
      13,
      14,
      15,
      16,
      17,
      18,
      19,
      20,
      21,
      22,
      23,
      24,
      25,
      26,
      27,
      28,
      29,
      30,
      31,
      32,
      33
    ],
    "common_publications_before": 1,
    "common_publications_after": 1,
    "mapped_bytes_before": 8192,
    "mapped_bytes_after": 8192,
    "decoded_code_bytes_before": 7296,
    "decoded_code_bytes_after": 7296,
    "code_growth_bytes": 0,
    "native_heap_stores": 4,
    "native_integer_comparisons": 1
  },
  "transfer": {
    "guard_count": 13,
    "exact_resume_ips": [
      0,
      1,
      2,
      3,
      4,
      5,
      6,
      7,
      8,
      9,
      10,
      11,
      12
    ],
    "common_publications_before": 1,
    "common_publications_after": 1,
    "mapped_bytes_before": 4096,
    "mapped_bytes_after": 4096,
    "decoded_code_bytes_before": 2416,
    "decoded_code_bytes_after": 2416,
    "code_growth_bytes": 0,
    "native_heap_stores": 2,
    "native_integer_comparisons": 0
  },
  "publish": {
    "guard_count": 10,
    "exact_resume_ips": [
      0,
      1,
      2,
      3,
      4,
      5,
      6,
      7,
      8,
      9
    ],
    "common_publications_before": 1,
    "common_publications_after": 1,
    "mapped_bytes_before": 4096,
    "mapped_bytes_after": 4096,
    "decoded_code_bytes_before": 1896,
    "decoded_code_bytes_after": 1896,
    "code_growth_bytes": 0,
    "native_heap_stores": 0,
    "native_integer_comparisons": 0
  },
  "table_apply": {
    "guard_count": 15,
    "exact_resume_ips": [
      0,
      1,
      2,
      3,
      4,
      5,
      6,
      7,
      8,
      9,
      10,
      11,
      12,
      13,
      14
    ],
    "common_publications_before": 1,
    "common_publications_after": 1,
    "mapped_bytes_before": 4096,
    "mapped_bytes_after": 4096,
    "decoded_code_bytes_before": 3544,
    "decoded_code_bytes_after": 3544,
    "code_growth_bytes": 0,
    "native_heap_stores": 2,
    "native_integer_comparisons": 0
  },
  "apply": {
    "guard_count": 15,
    "exact_resume_ips": [
      0,
      1,
      2,
      3,
      4,
      5,
      6,
      7,
      8,
      9,
      10,
      11,
      12,
      13,
      14
    ],
    "common_publications_before": 1,
    "common_publications_after": 1,
    "mapped_bytes_before": 4096,
    "mapped_bytes_after": 4096,
    "decoded_code_bytes_before": 3544,
    "decoded_code_bytes_after": 3544,
    "code_growth_bytes": 0,
    "native_heap_stores": 2,
    "native_integer_comparisons": 0
  }
}
PASS: all guard branches select their exact bytecode IP and converge on one SIDE_EXIT publication/restoration; loop/later stores remain native, while definitely cold publisher stores use the helper.
