BENCH	route_balanced	200000	0.052850000	300346
BENCH	route_skewed	200000	0.051855000	122121
BENCH	pricing_events	200000	0.057420000	636940
BENCH	filter_stream	200000	0.055460000	10704.521037291815
BENCH	records_64	200000	0.134670000	599323
BENCH	records_4096	200000	0.274445000	385702
BENCH	word_count	200000	0.265920000	116910
BENCH	graph_walk	200000	0.012555000	386354
BENCH	route_balanced	200000	0.053855000	300346
BENCH	route_skewed	200000	0.052685000	122121
BENCH	pricing_events	200000	0.057570000	636940
BENCH	filter_stream	200000	0.056185000	10704.521037291815
BENCH	records_64	200000	0.132350000	599323
BENCH	records_4096	200000	0.326935000	385702
BENCH	word_count	200000	0.266955000	116910
BENCH	graph_walk	200000	0.012405000	386354
BENCH	route_balanced	200000	0.054100000	300346
BENCH	route_skewed	200000	0.052290000	122121
BENCH	pricing_events	200000	0.056985000	636940
BENCH	filter_stream	200000	0.056300000	10704.521037291815
BENCH	records_64	200000	0.134665000	599323
BENCH	records_4096	200000	0.285240000	385702
BENCH	word_count	200000	0.266735000	116910
BENCH	graph_walk	200000	0.012390000	386354
1134.64;msec;task-clock:u;0.47%;1134641668;100.00;0.987;CPUs utilized
2527248331;;cycles:u;0.34%;1134783116;100.00;2.214;GHz
5966451800;;instructions:u;0.11%;1134783116;100.00;2.36;insn per cycle
5812524;;branch-misses:u;2.62%;1134783116;100.00;;
2230314079;;cache-references:u;0.10%;1134783116;100.00;1.954;G/sec
19010077;;cache-misses:u;2.96%;1134783116;100.00;0.854;of all cache refs
3866;;page-faults:u;0.01%;1134641668;100.00;3.387;K/sec
0;;context-switches:u;0.00%;1134641668;100.00;0.000;/sec
