JIT_CAPTURE_BREAKPOINT -1
[Thread debugging using libthread_db enabled]
Using host libthread_db library "/lib/aarch64-linux-gnu/libthread_db.so.1".
JIT_CAPTURE recycle frame 0xfffff7f84000 8192
BENCH	table_owners_1	1003	2.242273180	615764.25
BENCH	table_owners_2	1003	2.286141575	616780.25
BENCH	table_owners_5	1003	1.751744766	613838.25
BENCH	table_owners_19	1003	2.224327019	618610.25
BENCH	table_owners_257	1003	6.239282154	749599.25
BENCH	class_owners_1	1003	2.508474576	615764.25
BENCH	class_owners_2	1003	3.285144566	616780.25
BENCH	class_owners_5	1003	1.615154536	613838.25
BENCH	class_owners_19	1003	1.380857428	618610.25
BENCH	class_owners_257	1003	2.456630110	749599.25
[Inferior 1 (process 556467) exited normally]
[Thread debugging using libthread_db enabled]
Using host libthread_db library "/lib/aarch64-linux-gnu/libthread_db.so.1".
JIT_CAPTURE transfer frame 0xfffff7f85000 4096
JIT_CAPTURE publish frame 0xfffff7f84000 4096
BENCH	transfer_table	1003	1305.085742772	121851
BENCH	transfer_class	1003	1131.015952144	121851
BENCH	transfer_mixed	1003	1312.287138584	121851
BENCH	publish_table	1003	1415.968095713	133577
BENCH	publish_class	1003	1313.139581256	133577
BENCH	publish_mixed	1003	1483.643070788	133577
[Inferior 1 (process 556478) exited normally]
[Thread debugging using libthread_db enabled]
Using host libthread_db library "/lib/aarch64-linux-gnu/libthread_db.so.1".
JIT_CAPTURE table_apply frame 0xfffff7f85000 4096
JIT_CAPTURE apply frame 0xfffff7f84000 4096
BENCH	table_events_97	1003	1279.411764706	140378
BENCH	class_events_97	1003	1260.876370887	140378
BENCH	buffers_7	1003	1.537387836	944693
BENCH	buffers_31	1003	1.548354935	861874
BENCH	calibrate_17	1003	4.113659023	5140.09375
BENCH	calibrate_67	1003	4.290129611	5049
[Inferior 1 (process 556560) exited normally]
JIT_CAPTURE_VERIFIED five canonical-frame functions
