BENCH	filter	200000	0.023565000	10.254364576940203
BENCH	channels_4	200000	0.079030000	20.621658757381574
BENCH	pressure_8	200000	0.152275000	30.900920683591639
BENCH	integration	200000	0.036450000	1562.9738403896752
BENCH	retained_input	200000	0.045120000	399985.55383443867
BENCH	branching	200000	0.030610000	1.6005902475563216
BENCH	helper_control	200000	0.055135000	3.7152600782050693
BENCH	filter	200000	0.023155000	10.254364576940203
BENCH	channels_4	200000	0.078430000	20.621658757381574
BENCH	pressure_8	200000	0.152600000	30.900920683591639
BENCH	integration	200000	0.036120000	1562.9738403896752
BENCH	retained_input	200000	0.044490000	399985.55383443867
BENCH	branching	200000	0.030435000	1.6005902475563216
BENCH	helper_control	200000	0.054855000	3.7152600782050693
BENCH	filter	200000	0.022925000	10.254364576940203
BENCH	channels_4	200000	0.077450000	20.621658757381574
BENCH	pressure_8	200000	0.152130000	30.900920683591639
BENCH	integration	200000	0.036450000	1562.9738403896752
BENCH	retained_input	200000	0.044835000	399985.55383443867
BENCH	branching	200000	0.030625000	1.6005902475563216
BENCH	helper_control	200000	0.054940000	3.7152600782050693
614.49;msec;task-clock:u;0.32%;614493543;100.00;0.988;CPUs utilized
1360786883;;cycles:u;0.04%;614532332;100.00;2.208;GHz
3897250726;;instructions:u;0.00%;614532332;100.00;2.86;insn per cycle
152112;;branch-misses:u;0.47%;614532332;100.00;;
1434146294;;cache-references:u;0.00%;614532332;100.00;2.327;G/sec
241955;;cache-misses:u;0.65%;614532332;100.00;0.017;of all cache refs
787;;page-faults:u;0.11%;614493543;100.00;1.277;K/sec
0;;context-switches:u;0.00%;614493543;100.00;0.000;/sec
