# To display the perf.data header info, please use --header/--header-only options.
#
#
# Total Lost Samples: 0
#
# Samples: 333  of event 'cycles:u'
# Event count (approx.): 1361205292
#
# Children      Self  Command  Shared Object                 Symbol                                          
# ........  ........  .......  ............................  ................................................
#
    21.63%     8.00%  sqgi     sqgi                          [.] sqjit_a64_helper_member_closure_guard
            |          
            |--13.63%--sqjit_a64_helper_member_closure_guard
            |          sqjit_a64_helper_member_closure_guard
            |          sqjit_a64_borrow_member_ptr_value
            |          |          
            |           --10.29%--SQTable::GetRawSlot (inlined)
            |                     |          
            |                     |--4.68%--SQTable::_Get (inlined)
            |                     |          
            |                      --3.61%--HashObj (inlined)
            |          
             --2.00%--0xffff86603153
                       0xffff86603153
                       sqjit_a64_helper_member_closure_guard

    15.97%    15.97%  sqgi     sqgi                          [.] sqjit_a64_borrow_member_ptr_value
            |          
            |--2.34%--0xffff863ff19f
            |          0xffff863ff19f
            |          sqjit_a64_helper_member_native_closure_guard
            |          sqjit_a64_helper_member_native_closure_guard
            |          sqjit_a64_borrow_member_ptr_value
            |          
            |--2.01%--0xffff866041d7
            |          0xffff866041d7
            |          sqjit_a64_helper_member_closure_guard
            |          sqjit_a64_helper_member_closure_guard
            |          sqjit_a64_borrow_member_ptr_value
            |          
             --2.01%--0xffff8660655f
                       0xffff8660655f
                       sqjit_a64_helper_member_closure_guard
                       sqjit_a64_helper_member_closure_guard
                       sqjit_a64_borrow_member_ptr_value

    11.63%     0.00%  sqgi     sqgi                          [.] SQTable::GetRawSlot (inlined)
            |
            ---SQTable::GetRawSlot (inlined)
               |          
               |--5.01%--SQTable::_Get (inlined)
               |          
                --3.94%--HashObj (inlined)

     8.34%     0.00%  sqgi     [JIT] tid 560298              [.] 0x0000ffff866051d3
            |
            ---0xffff866051d3

     7.69%     0.00%  sqgi     [JIT] tid 560298              [.] 0x0000ffff866041d7
            |
            ---0xffff866041d7
               |          
                --3.01%--0xffff866041d7
                          sqjit_a64_helper_member_closure_guard
                          |          
                           --2.01%--sqjit_a64_helper_member_closure_guard
                                     sqjit_a64_borrow_member_ptr_value

     7.01%     0.00%  sqgi     [JIT] tid 560298              [.] 0x0000ffff86603153
            |
            ---0xffff86603153
               |          
                --3.00%--0xffff86603153
                          sqjit_a64_helper_member_closure_guard

     7.01%     0.00%  sqgi     [JIT] tid 560298              [.] 0x0000ffff866072ef
            |
            ---0xffff866072ef
               |          
                --2.68%--0xffff8660735c

     6.35%     0.00%  sqgi     [JIT] tid 560298              [.] 0x0000ffff863ff1ff
            |
            ---0xffff863ff1ff
               |          
                --2.00%--0xffff863ff240

     5.67%     0.00%  sqgi     [JIT] tid 560298              [.] 0x0000ffff8660661b
            |
            ---0xffff8660661b

     5.43%     0.00%  sqgi     [JIT] tid 560298              [.] 0x0000ffff86608153
            |
            ---0xffff86608153

     5.35%     0.00%  sqgi     [JIT] tid 560298              [.] 0x0000ffff8660655f
            |
            ---0xffff8660655f
               |          
                --2.01%--0xffff8660655f
                          sqjit_a64_helper_member_closure_guard
                          sqjit_a64_helper_member_closure_guard
                          sqjit_a64_borrow_member_ptr_value

     5.35%     0.00%  sqgi     [JIT] tid 560298              [.] 0x0000ffff863ff19f
            |
            ---0xffff863ff19f
               |          
                --2.67%--0xffff863ff19f
                          sqjit_a64_helper_member_native_closure_guard
                          |          
                           --2.34%--sqjit_a64_helper_member_native_closure_guard
                                     sqjit_a64_borrow_member_ptr_value

     5.02%     0.00%  sqgi     [JIT] tid 560298              [.] 0x0000ffff86606313
            |
            ---0xffff86606313

     5.01%     0.00%  sqgi     sqgi                          [.] SQTable::_Get (inlined)
            |
            ---SQTable::_Get (inlined)

     4.68%     0.00%  sqgi     [JIT] tid 560298              [.] 0x0000ffff866073af
            |
            ---0xffff866073af

     4.35%     0.00%  sqgi     [JIT] tid 560298              [.] 0x0000ffff866066d7
            |
            ---0xffff866066d7
               |          
                --2.01%--0xffff866066d7
                          sqjit_a64_helper_member_closure_guard

     4.01%     0.00%  sqgi     [JIT] tid 560298              [.] 0x0000ffff86606793
            |
            ---0xffff86606793

     4.01%     0.00%  sqgi     [JIT] tid 560298              [.] 0x0000ffff8660684f
            |
            ---0xffff8660684f

     4.00%     0.00%  sqgi     [JIT] tid 560298              [.] 0x0000ffff8660746f
            |
            ---0xffff8660746f

     3.94%     0.00%  sqgi     sqgi                          [.] HashObj (inlined)
            |
            ---HashObj (inlined)

     3.68%     0.00%  sqgi     [JIT] tid 560298              [.] 0x0000ffff866063e7
            |
            ---0xffff866063e7

     3.34%     0.00%  sqgi     [JIT] tid 560298              [.] 0x0000ffff866064a3
            |
            ---0xffff866064a3

     3.01%     0.00%  sqgi     [JIT] tid 560298              [.] 0x0000ffff8660428f
            |
            ---0xffff8660428f

     2.68%     2.68%  sqgi     [JIT] tid 560298              [.] 0x0000ffff8660735c
            |
            ---0xffff866072ef
               0xffff8660735c

     2.67%     0.33%  sqgi     sqgi                          [.] sqjit_a64_helper_member_native_closure_guard
            |          
             --2.34%--sqjit_a64_helper_member_native_closure_guard
                       sqjit_a64_helper_member_native_closure_guard
                       sqjit_a64_borrow_member_ptr_value

     2.66%     0.00%  sqgi     [JIT] tid 560298              [.] 0x0000ffff8660722f
            |
            ---0xffff8660722f

     2.00%     2.00%  sqgi     [JIT] tid 560298              [.] 0x0000ffff863ff240
            |
            ---0xffff863ff1ff
               0xffff863ff240

     2.00%     0.00%  sqgi     sqgi                          [.] sqjit_a64_borrow_member_value_with_root (inlined)
            |
            ---sqjit_a64_borrow_member_value_with_root (inlined)



#
# (Cannot load tips.txt file, please install perf!)
#
