BENCH	direct_call	3200000	0.034715	563347
BENCH	branch_call	3200000	0.031489	599062
BENCH	float_call	3200000	0.021000	8.2204724409448815
BENCH	numeric_loop	3200000	0.022872	612398470
BENCH	vector	160000	0.366700	0.12553851953971693
BENCH	dynamic_member	160000	0.773094	7261462
BENCH	dynamic_key_get_set	160000	0.182694	6566091
BENCH	object_member_write_fallback	160000	0.472919	595919
BENCH	array_append	160000	0.133087	3048687
BENCH	array_write	160000	0.037062	831988
BENCH	array_read	3200000	0.007109	8000000
BENCH	array_float	3200000	0.006822	6400000
BENCH	math_intrinsic	160000	0.203300	2418270.8295144332
BENCH	math_variable	160000	0.219062	313782.39947747899
BENCH	matrix	160000	0.310638	-0.024510798820940455
BENCH	direct_call	3200000	0.033881	563347
BENCH	branch_call	3200000	0.031508	599062
BENCH	float_call	3200000	0.021148	8.2204724409448815
BENCH	numeric_loop	3200000	0.022842	612398470
BENCH	vector	160000	0.368494	0.12553851953971693
BENCH	dynamic_member	160000	0.774388	7261462
BENCH	dynamic_key_get_set	160000	0.182888	6566091
BENCH	object_member_write_fallback	160000	0.473106	595919
BENCH	array_append	160000	0.136063	3048687
BENCH	array_write	160000	0.036887	831988
BENCH	array_read	3200000	0.007169	8000000
BENCH	array_float	3200000	0.006909	6400000
BENCH	math_intrinsic	160000	0.203381	2418270.8295144332
BENCH	math_variable	160000	0.217787	313782.39947747899
BENCH	matrix	160000	0.310506	-0.024510798820940455
BENCH	direct_call	3200000	0.033942	563347
BENCH	branch_call	3200000	0.031596	599062
BENCH	float_call	3200000	0.020872	8.2204724409448815
BENCH	numeric_loop	3200000	0.022908	612398470
BENCH	vector	160000	0.378887	0.12553851953971693
BENCH	dynamic_member	160000	0.782813	7261462
BENCH	dynamic_key_get_set	160000	0.182875	6566091
BENCH	object_member_write_fallback	160000	0.470450	595919
BENCH	array_append	160000	0.111319	3048687
BENCH	array_write	160000	0.036656	831988
BENCH	array_read	3200000	0.007036	8000000
BENCH	array_float	3200000	0.006786	6400000
BENCH	math_intrinsic	160000	0.205962	2418270.8295144332
BENCH	math_variable	160000	0.218869	313782.39947747899
BENCH	matrix	160000	0.312019	-0.024510798820940455
4998.87;msec;task-clock:u;0.05%;4998872943;100.00;0.999;CPUs utilized
11280924616;;cycles:u;0.12%;4999258233;100.00;2.258;GHz
28984640428;;instructions:u;0.00%;4999258233;100.00;2.57;insn per cycle
3360565;;branch-misses:u;3.16%;4999258233;100.00;;
11885744790;;cache-references:u;0.11%;4999258233;100.00;2.379;G/sec
1240804;;cache-misses:u;0.90%;4999258233;100.00;0.010;of all cache refs
10510;;page-faults:u;0.01%;4998872943;100.00;2.103;K/sec
0;;context-switches:u;0.00%;4998872943;100.00;0.000;/sec
