BENCH	table_events_97	200000	0.436090000	10069540
BENCH	class_events_97	200000	0.439660000	10069540
BENCH	buffers_7	200000	0.433690000	65667
BENCH	buffers_31	200000	0.432635000	651677
BENCH	calibrate_17	200000	0.083500000	1040538.515625
BENCH	calibrate_67	200000	0.083835000	1040417.796875
BENCH	table_events_97	200000	0.444120000	10069540
BENCH	class_events_97	200000	0.434360000	10069540
BENCH	buffers_7	200000	0.432795000	65667
BENCH	buffers_31	200000	0.431300000	651677
BENCH	calibrate_17	200000	0.083235000	1040538.515625
BENCH	calibrate_67	200000	0.084560000	1040417.796875
BENCH	table_events_97	200000	0.437175000	10069540
BENCH	class_events_97	200000	0.440190000	10069540
BENCH	buffers_7	200000	0.433870000	65667
BENCH	buffers_31	200000	0.433730000	651677
BENCH	calibrate_17	200000	0.083345000	1040538.515625
BENCH	calibrate_67	200000	0.084190000	1040417.796875
2715.62;msec;task-clock:u;0.15%;2715616195;100.00;1.001;CPUs utilized
6130762793;;cycles:u;0.07%;2715971733;100.00;2.265;GHz
17798338925;;instructions:u;0.00%;2715971733;100.00;2.90;insn per cycle
3943931;;branch-misses:u;4.27%;2715971733;100.00;;
7328728141;;cache-references:u;0.02%;2715971733;100.00;2.707;G/sec
5475568;;cache-misses:u;0.95%;2715971733;100.00;0.075;of all cache refs
811;;page-faults:u;0.07%;2715616195;100.00;299.563;/sec
0;;context-switches:u;0.00%;2715616195;100.00;0.000;/sec
