# To display the perf.data header info, please use --header/--header-only options.
#
#
# Total Lost Samples: 0
#
# Samples: 1K of event 'cycles:u'
# Event count (approx.): 6114978709
#
# Children      Self  Command  Shared Object                 Symbol                                         
# ........  ........  .......  ............................  ...............................................
#
    76.58%     0.00%  sqgi     sqgi                          [.] _start
            |
            ---_start
               __libc_start_main_impl (inlined)
               __libc_start_call_main
               main
               |          
                --76.54%--sq_call
                          SQVM::Execute
                          |          
                          |--6.33%--sqjit_try_execute_current
                          |          |          
                          |           --3.13%--SQVM::Return
                          |          
                          |--6.04%--sq_member_cache_hit (inlined)
                          |          |          
                          |           --4.17%--SQTable::GetCachedSlot (inlined)
                          |          
                          |--4.69%--SQObjectPtr::operator= (inlined)
                          |          
                          |--3.13%--SQVM::Get
                          |          |          
                          |           --2.16%--SQTable::Get
                          |          
                          |--3.12%--sqjit_try_execute_current_loop
                          |          
                          |--2.83%--SQArray::Get (inlined)
                          |          |          
                          |           --2.61%--SQArray::Get (inlined)
                          |          
                          |--2.68%--sq_member_raw_slot (inlined)
                          |          |          
                          |           --2.61%--SQTable::GetRawSlot (inlined)
                          |          
                           --2.68%--SQVM::CMP_OP

    76.58%     0.00%  sqgi     libc.so.6                     [.] __libc_start_main_impl (inlined)
            |
            ---__libc_start_main_impl (inlined)
               __libc_start_call_main
               main
               |          
                --76.54%--sq_call
                          SQVM::Execute
                          |          
                          |--6.33%--sqjit_try_execute_current
                          |          |          
                          |           --3.13%--SQVM::Return
                          |          
                          |--6.04%--sq_member_cache_hit (inlined)
                          |          |          
                          |           --4.17%--SQTable::GetCachedSlot (inlined)
                          |          
                          |--4.69%--SQObjectPtr::operator= (inlined)
                          |          
                          |--3.13%--SQVM::Get
                          |          |          
                          |           --2.16%--SQTable::Get
                          |          
                          |--3.12%--sqjit_try_execute_current_loop
                          |          
                          |--2.83%--SQArray::Get (inlined)
                          |          |          
                          |           --2.61%--SQArray::Get (inlined)
                          |          
                          |--2.68%--sq_member_raw_slot (inlined)
                          |          |          
                          |           --2.61%--SQTable::GetRawSlot (inlined)
                          |          
                           --2.68%--SQVM::CMP_OP

    76.58%     0.00%  sqgi     libc.so.6                     [.] __libc_start_call_main
            |
            ---__libc_start_call_main
               main
               |          
                --76.54%--sq_call
                          SQVM::Execute
                          |          
                          |--6.33%--sqjit_try_execute_current
                          |          |          
                          |           --3.13%--SQVM::Return
                          |          
                          |--6.04%--sq_member_cache_hit (inlined)
                          |          |          
                          |           --4.17%--SQTable::GetCachedSlot (inlined)
                          |          
                          |--4.69%--SQObjectPtr::operator= (inlined)
                          |          
                          |--3.13%--SQVM::Get
                          |          |          
                          |           --2.16%--SQTable::Get
                          |          
                          |--3.12%--sqjit_try_execute_current_loop
                          |          
                          |--2.83%--SQArray::Get (inlined)
                          |          |          
                          |           --2.61%--SQArray::Get (inlined)
                          |          
                          |--2.68%--sq_member_raw_slot (inlined)
                          |          |          
                          |           --2.61%--SQTable::GetRawSlot (inlined)
                          |          
                           --2.68%--SQVM::CMP_OP

    76.58%     0.00%  sqgi     sqgi                          [.] main
            |
            ---main
               |          
                --76.54%--sq_call
                          SQVM::Execute
                          |          
                          |--6.33%--sqjit_try_execute_current
                          |          |          
                          |           --3.13%--SQVM::Return
                          |          
                          |--6.04%--sq_member_cache_hit (inlined)
                          |          |          
                          |           --4.17%--SQTable::GetCachedSlot (inlined)
                          |          
                          |--4.69%--SQObjectPtr::operator= (inlined)
                          |          
                          |--3.13%--SQVM::Get
                          |          |          
                          |           --2.16%--SQTable::Get
                          |          
                          |--3.12%--sqjit_try_execute_current_loop
                          |          
                          |--2.83%--SQArray::Get (inlined)
                          |          |          
                          |           --2.61%--SQArray::Get (inlined)
                          |          
                          |--2.68%--sq_member_raw_slot (inlined)
                          |          |          
                          |           --2.61%--SQTable::GetRawSlot (inlined)
                          |          
                           --2.68%--SQVM::CMP_OP

    76.54%    57.27%  sqgi     sqgi                          [.] SQVM::Execute
            |          
            |--57.27%--_start
            |          __libc_start_main_impl (inlined)
            |          __libc_start_call_main
            |          main
            |          sq_call
            |          SQVM::Execute
            |          |          
            |          |--6.04%--sq_member_cache_hit (inlined)
            |          |          |          
            |          |           --4.17%--SQTable::GetCachedSlot (inlined)
            |          |          
            |          |--4.69%--SQObjectPtr::operator= (inlined)
            |          |          
            |          |--2.83%--SQArray::Get (inlined)
            |          |          |          
            |          |           --2.61%--SQArray::Get (inlined)
            |          |          
            |           --2.68%--sq_member_raw_slot (inlined)
            |                     |          
            |                      --2.61%--SQTable::GetRawSlot (inlined)
            |          
             --19.28%--SQVM::Execute
                       |          
                       |--6.33%--sqjit_try_execute_current
                       |          |          
                       |           --3.13%--SQVM::Return
                       |          
                       |--3.13%--SQVM::Get
                       |          |          
                       |           --2.16%--SQTable::Get
                       |          
                       |--3.12%--sqjit_try_execute_current_loop
                       |          
                        --2.68%--SQVM::CMP_OP

    76.54%     0.00%  sqgi     sqgi                          [.] sq_call
            |
            ---sq_call
               SQVM::Execute
               |          
               |--6.33%--sqjit_try_execute_current
               |          |          
               |           --3.13%--SQVM::Return
               |          
               |--6.04%--sq_member_cache_hit (inlined)
               |          |          
               |           --4.17%--SQTable::GetCachedSlot (inlined)
               |          
               |--4.69%--SQObjectPtr::operator= (inlined)
               |          
               |--3.13%--SQVM::Get
               |          |          
               |           --2.16%--SQTable::Get
               |          
               |--3.12%--sqjit_try_execute_current_loop
               |          
               |--2.83%--SQArray::Get (inlined)
               |          |          
               |           --2.61%--SQArray::Get (inlined)
               |          
               |--2.68%--sq_member_raw_slot (inlined)
               |          |          
               |           --2.61%--SQTable::GetRawSlot (inlined)
               |          
                --2.68%--SQVM::CMP_OP

     6.33%     2.16%  sqgi     sqgi                          [.] sqjit_try_execute_current
            |          
            |--4.17%--sqjit_try_execute_current
            |          |          
            |           --3.13%--SQVM::Return
            |          
             --2.16%--_start
                       __libc_start_main_impl (inlined)
                       __libc_start_call_main
                       main
                       sq_call
                       SQVM::Execute
                       sqjit_try_execute_current

     6.04%     0.00%  sqgi     sqgi                          [.] sq_member_cache_hit (inlined)
            |
            ---sq_member_cache_hit (inlined)
               |          
                --4.17%--SQTable::GetCachedSlot (inlined)

     6.03%     0.00%  sqgi     sqgi                          [.] SQObjectPtr::operator= (inlined)
            |
            ---SQObjectPtr::operator= (inlined)

     4.17%     0.00%  sqgi     sqgi                          [.] SQTable::GetCachedSlot (inlined)
            |
            ---SQTable::GetCachedSlot (inlined)

     3.95%     0.00%  sqgi     [JIT] tid 560127              [.] 0x0000ffffae5d642f
            |
            ---0xffffae5d642f

     3.57%     3.57%  sqgi     sqgi                          [.] sqjit_a64_precise_step<(SQOpcode)9, true>
     3.13%     0.37%  sqgi     sqgi                          [.] SQVM::Get
            |          
             --2.76%--SQVM::Get
                       |          
                        --2.16%--SQTable::Get

     3.13%     1.86%  sqgi     sqgi                          [.] SQVM::Return
     3.12%     2.38%  sqgi     sqgi                          [.] sqjit_try_execute_current_loop
            |          
             --2.38%--_start
                       __libc_start_main_impl (inlined)
                       __libc_start_call_main
                       main
                       sq_call
                       SQVM::Execute
                       sqjit_try_execute_current_loop

     2.98%     2.98%  sqgi     sqgi                          [.] SQTable::Get
            |          
             --2.16%--_start
                       __libc_start_main_impl (inlined)
                       __libc_start_call_main
                       main
                       sq_call
                       SQVM::Execute
                       SQVM::Get
                       SQTable::Get

     2.90%     2.83%  sqgi     sqgi                          [.] sqjit_a64_precise_step<(SQOpcode)14, false>
     2.90%     0.00%  sqgi     [JIT] tid 560127              [.] 0x0000ffffae5d84d3
            |
            ---0xffffae5d84d3

     2.83%     0.00%  sqgi     sqgi                          [.] SQArray::Get (inlined)
            |
            ---SQArray::Get (inlined)
               |          
                --2.61%--SQArray::Get (inlined)

     2.68%     0.00%  sqgi     sqgi                          [.] sq_member_raw_slot (inlined)
            |
            ---sq_member_raw_slot (inlined)
               |          
                --2.61%--SQTable::GetRawSlot (inlined)

     2.68%     0.97%  sqgi     sqgi                          [.] SQVM::CMP_OP
     2.61%     0.00%  sqgi     sqgi                          [.] SQTable::GetRawSlot (inlined)
            |
            ---SQTable::GetRawSlot (inlined)

     2.61%     0.00%  sqgi     [JIT] tid 560127              [.] 0x0000ffffae5d74d3
            |
            ---0xffffae5d74d3

     2.53%     1.71%  sqgi     sqgi                          [.] sqjit_number_conversion_guard
     2.16%     0.00%  sqgi     sqgi                          [.] sqjit_a64_precise_member<true> (inlined)
            |
            ---sqjit_a64_precise_member<true> (inlined)



#
# (Cannot load tips.txt file, please install perf!)
#
