# To display the perf.data header info, please use --header/--header-only options.
#
#
# Total Lost Samples: 0
#
# Samples: 1K of event 'cycles:u'
# Event count (approx.): 8785720041
#
# Children      Self  Command  Shared Object                 Symbol                                            
# ........  ........  .......  ............................  ..................................................
#
    68.70%     0.00%  sqgi     libc.so.6                     [.] __libc_start_call_main
            |
            ---__libc_start_call_main
               __libc_start_call_main
               main
               |          
                --68.63%--sq_call
                          SQVM::Execute
                          |          
                          |--12.08%--sqjit_try_execute_current
                          |          |          
                          |           --4.25%--SQVM::Return
                          |          
                          |--4.61%--SQObjectPtr::operator= (inlined)
                          |          
                          |--3.77%--sqjit_try_execute_current_loop
                          |          
                          |--3.73%--SQArray::Get (inlined)
                          |          |          
                          |           --3.16%--SQArray::Get (inlined)
                          |          
                          |--2.44%--SQVM::StartCall
                          |          
                           --2.13%--SQVM::CMP_OP

    68.70%     0.00%  sqgi     sqgi                          [.] main
            |
            ---main
               |          
                --68.63%--sq_call
                          SQVM::Execute
                          |          
                          |--12.08%--sqjit_try_execute_current
                          |          |          
                          |           --4.25%--SQVM::Return
                          |          
                          |--4.61%--SQObjectPtr::operator= (inlined)
                          |          
                          |--3.77%--sqjit_try_execute_current_loop
                          |          
                          |--3.73%--SQArray::Get (inlined)
                          |          |          
                          |           --3.16%--SQArray::Get (inlined)
                          |          
                          |--2.44%--SQVM::StartCall
                          |          
                           --2.13%--SQVM::CMP_OP

    68.63%    44.27%  sqgi     sqgi                          [.] SQVM::Execute
            |          
            |--44.27%--__libc_start_call_main
            |          __libc_start_call_main
            |          main
            |          sq_call
            |          SQVM::Execute
            |          |          
            |          |--4.61%--SQObjectPtr::operator= (inlined)
            |          |          
            |           --3.73%--SQArray::Get (inlined)
            |                     |          
            |                      --3.16%--SQArray::Get (inlined)
            |          
             --24.35%--SQVM::Execute
                       |          
                       |--12.08%--sqjit_try_execute_current
                       |          |          
                       |           --4.25%--SQVM::Return
                       |          
                       |--3.77%--sqjit_try_execute_current_loop
                       |          
                       |--2.44%--SQVM::StartCall
                       |          
                        --2.13%--SQVM::CMP_OP

    68.63%     0.00%  sqgi     sqgi                          [.] sq_call
            |
            ---sq_call
               SQVM::Execute
               |          
               |--12.08%--sqjit_try_execute_current
               |          |          
               |           --4.25%--SQVM::Return
               |          
               |--4.61%--SQObjectPtr::operator= (inlined)
               |          
               |--3.77%--sqjit_try_execute_current_loop
               |          
               |--3.73%--SQArray::Get (inlined)
               |          |          
               |           --3.16%--SQArray::Get (inlined)
               |          
               |--2.44%--SQVM::StartCall
               |          
                --2.13%--SQVM::CMP_OP

    12.13%     4.82%  sqgi     sqgi                          [.] sqjit_try_execute_current
            |          
            |--7.31%--sqjit_try_execute_current
            |          |          
            |           --4.25%--SQVM::Return
            |          
             --4.82%--__libc_start_call_main
                       __libc_start_call_main
                       main
                       sq_call
                       SQVM::Execute
                       sqjit_try_execute_current

    12.08%    10.89%  sqgi     sqgi                          [.] sqjit_a64_precise_step<(SQOpcode)13, true>
            |          
             --2.54%--0xffff8c749367
                       0xffff8c749367
                       sqjit_a64_precise_step<(SQOpcode)13, true>

     6.61%     5.63%  sqgi     sqgi                          [.] sqjit_a64_precise_step<(SQOpcode)1, false>
     6.12%     0.00%  sqgi     sqgi                          [.] SQObjectPtr::operator= (inlined)
            |
            ---SQObjectPtr::operator= (inlined)

     5.29%     0.00%  sqgi     [JIT] tid 560265              [.] 0x0000ffff8c749367
            |
            ---0xffff8c749367
               |          
                --2.85%--0xffff8c749367
                          sqjit_a64_precise_step<(SQOpcode)13, true>

     4.82%     0.00%  sqgi     sqgi                          [.] sqjit_a64_precise_member<true> (inlined)
            |
            ---sqjit_a64_precise_member<true> (inlined)
               |          
                --3.58%--sq_member_raw_slot (inlined)

     4.25%     2.28%  sqgi     sqgi                          [.] SQVM::Return
            |          
             --2.28%--__libc_start_call_main
                       __libc_start_call_main
                       main
                       sq_call
                       SQVM::Execute
                       sqjit_try_execute_current
                       SQVM::Return

     3.77%     2.79%  sqgi     sqgi                          [.] sqjit_try_execute_current_loop
            |          
             --2.79%--__libc_start_call_main
                       __libc_start_call_main
                       main
                       sq_call
                       SQVM::Execute
                       sqjit_try_execute_current_loop

     3.73%     0.00%  sqgi     sqgi                          [.] SQArray::Get (inlined)
            |
            ---SQArray::Get (inlined)
               |          
                --3.16%--SQArray::Get (inlined)

     3.58%     0.00%  sqgi     sqgi                          [.] sq_member_raw_slot (inlined)
            |
            ---sq_member_raw_slot (inlined)

     3.42%     0.00%  sqgi     [JIT] tid 560265              [.] 0x0000ffff8c748187
            |
            ---0xffff8c748187

     3.32%     0.00%  sqgi     sqgi                          [.] SQTable::GetRawSlot (inlined)
            |
            ---SQTable::GetRawSlot (inlined)
               |          
                --2.02%--SQTable::_Get (inlined)

     2.59%     0.00%  sqgi     [JIT] tid 560265              [.] 0x0000ffff8c7480b7
            |
            ---0xffff8c7480b7
               |          
                --2.44%--0xffff8c7480b7
                          sqjit_a64_precise_step<(SQOpcode)13, true>

     2.44%     1.97%  sqgi     sqgi                          [.] SQVM::StartCall
     2.33%     0.00%  sqgi     [JIT] tid 560265              [.] 0x0000ffff8c74913f
            |
            ---0xffff8c74913f
               |          
                --2.28%--0xffff8c74913f
                          sqjit_a64_precise_step<(SQOpcode)9, true>

     2.28%     2.28%  sqgi     sqgi                          [.] sqjit_a64_precise_step<(SQOpcode)9, true>
            |
            ---0xffff8c74913f
               0xffff8c74913f
               sqjit_a64_precise_step<(SQOpcode)9, true>

     2.18%     2.18%  sqgi     sqgi                          [.] SQJitWriteLog::CanReleaseInContext
     2.18%     0.00%  sqgi     [JIT] tid 560265              [.] 0x0000ffff8c74811f
            |
            ---0xffff8c74811f
               |          
                --2.07%--0xffff8c74811f
                          sqjit_a64_precise_step<(SQOpcode)13, true>

     2.13%     0.67%  sqgi     sqgi                          [.] SQVM::CMP_OP
     2.06%     0.00%  sqgi     [JIT] tid 560265              [.] 0x0000ffff8c749263
            |
            ---0xffff8c749263
               |          
                --2.01%--0xffff8c749263
                          sqjit_a64_precise_step<(SQOpcode)14, true>

     2.02%     0.00%  sqgi     sqgi                          [.] SQTable::_Get (inlined)
            |
            ---SQTable::_Get (inlined)

     2.01%     2.01%  sqgi     sqgi                          [.] sqjit_a64_precise_step<(SQOpcode)14, true>
            |
            ---0xffff8c749263
               0xffff8c749263
               sqjit_a64_precise_step<(SQOpcode)14, true>



#
# (Cannot load tips.txt file, please install perf!)
#
