BENCH	transfer_table	200000	0.477785000	141925
BENCH	transfer_class	200000	0.485350000	141925
BENCH	transfer_mixed	200000	0.495425000	141925
BENCH	publish_table	200000	0.418100000	410680
BENCH	publish_class	200000	0.428790000	410680
BENCH	publish_mixed	200000	0.431095000	410680
BENCH	transfer_table	200000	0.477625000	141925
BENCH	transfer_class	200000	0.486800000	141925
BENCH	transfer_mixed	200000	0.494660000	141925
BENCH	publish_table	200000	0.417840000	410680
BENCH	publish_class	200000	0.427610000	410680
BENCH	publish_mixed	200000	0.430870000	410680
BENCH	transfer_table	200000	0.476290000	141925
BENCH	transfer_class	200000	0.484520000	141925
BENCH	transfer_mixed	200000	0.494985000	141925
BENCH	publish_table	200000	0.416215000	410680
BENCH	publish_class	200000	0.425460000	410680
BENCH	publish_mixed	200000	0.428750000	410680
3838.46;msec;task-clock:u;0.13%;3838456968;100.00;0.996;CPUs utilized
8723212203;;cycles:u;0.13%;3838806412;100.00;2.267;GHz
25483992730;;instructions:u;0.00%;3838806412;100.00;2.91;insn per cycle
2195861;;branch-misses:u;0.50%;3838806412;100.00;;
10536382360;;cache-references:u;0.00%;3838806412;100.00;2.738;G/sec
484931;;cache-misses:u;11.91%;3838806412;100.00;0.005;of all cache refs
794;;page-faults:u;0.08%;3838456968;100.00;206.341;/sec
0;;context-switches:u;0.00%;3838456968;100.00;0.000;/sec
