# To display the perf.data header info, please use --header/--header-only options.
#
#
# Total Lost Samples: 0
#
# Samples: 1K of event 'cycles:u'
# Event count (approx.): 7065224981
#
# Children      Self  Command  Shared Object                 Symbol                                         
# ........  ........  .......  ............................  ...............................................
#
    22.32%     0.00%  sqgi     [JIT] tid 560188              [.] 0x0000ffff957b5cdb
            |
            ---0xffff957b5cdb
               |          
                --5.04%--0xffff957b5cdb
                          sqjit_a64_precise_step<(SQOpcode)13, true>

    14.32%    13.68%  sqgi     sqgi                          [.] sqjit_a64_precise_step<(SQOpcode)1, false>
            |          
            |--7.59%--0xffff957b5257
            |          0xffff957b5257
            |          sqjit_a64_precise_step<(SQOpcode)1, false>
            |          |          
            |           --2.19%--SQObjectPtr::operator= (inlined)
            |          
             --6.09%--0xffff957b59eb
                       0xffff957b59eb
                       sqjit_a64_precise_step<(SQOpcode)1, false>

    12.93%     0.00%  sqgi     [JIT] tid 560188              [.] 0x0000ffff957b512b
            |
            ---0xffff957b512b
               |          
                --11.46%--0xffff957b512b
                          sqjit_a64_precise_step<(SQOpcode)29, false>
                          |          
                           --5.16%--SQVM::CMP_OP
                                     |          
                                      --3.74%--SQVM::ObjCmp

    12.35%     0.00%  sqgi     [JIT] tid 560188              [.] 0x0000ffff957b5257
            |
            ---0xffff957b5257
               |          
                --7.59%--0xffff957b5257
                          sqjit_a64_precise_step<(SQOpcode)1, false>
                          |          
                           --2.19%--SQObjectPtr::operator= (inlined)

    12.23%    11.49%  sqgi     sqgi                          [.] sqjit_a64_precise_step<(SQOpcode)13, true>
            |          
            |--5.04%--0xffff957b5cdb
            |          0xffff957b5cdb
            |          sqjit_a64_precise_step<(SQOpcode)13, true>
            |          
            |--3.22%--0xffff957b5a1f
            |          0xffff957b5a1f
            |          sqjit_a64_precise_step<(SQOpcode)13, true>
            |          
             --3.22%--0xffff957b548b
                       0xffff957b548b
                       sqjit_a64_precise_step<(SQOpcode)13, true>

    11.46%     5.27%  sqgi     sqgi                          [.] sqjit_a64_precise_step<(SQOpcode)29, false>
            |          
            |--6.19%--sqjit_a64_precise_step<(SQOpcode)29, false>
            |          |          
            |           --5.16%--SQVM::CMP_OP
            |                     |          
            |                      --3.74%--SQVM::ObjCmp
            |          
             --5.27%--0xffff957b512b
                       0xffff957b512b
                       sqjit_a64_precise_step<(SQOpcode)29, false>

    10.44%     0.00%  sqgi     [JIT] tid 560188              [.] 0x0000ffff957b55cf
            |
            ---0xffff957b55cf
               |          
                --4.00%--0xffff957b55cf
                          |          
                           --3.29%--sqjit_a64_precise_step<(SQOpcode)2> (inlined)
                                     |          
                                      --2.58%--sqjit_a64_precise_step<(SQOpcode)2, false>

     9.60%     0.00%  sqgi     [JIT] tid 560188              [.] 0x0000ffff957b5a53
            |
            ---0xffff957b5a53
               |          
                --6.77%--0xffff957b5a53
                          sqjit_a64_precise_step<(SQOpcode)4, false>

     9.03%     0.00%  sqgi     [JIT] tid 560188              [.] 0x0000ffff957b65fb
            |
            ---0xffff957b65fb
               |          
                --8.70%--0xffff957b65fb
                          sqjit_a64_precise_step<(SQOpcode)39, false>

     8.70%     7.03%  sqgi     sqgi                          [.] sqjit_a64_precise_step<(SQOpcode)39, false>
            |          
             --7.03%--0xffff957b65fb
                       0xffff957b65fb
                       sqjit_a64_precise_step<(SQOpcode)39, false>

     7.05%     0.00%  sqgi     [JIT] tid 560188              [.] 0x0000ffff957b59eb
            |
            ---0xffff957b59eb
               |          
                --6.73%--0xffff957b59eb
                          sqjit_a64_precise_step<(SQOpcode)1, false>

     6.93%     0.00%  sqgi     [JIT] tid 560188              [.] 0x0000ffff957b548b
            |
            ---0xffff957b548b
               |          
                --3.97%--0xffff957b548b
                          sqjit_a64_precise_step<(SQOpcode)13, true>

     6.77%     5.67%  sqgi     sqgi                          [.] sqjit_a64_precise_step<(SQOpcode)4, false>
            |          
             --5.67%--0xffff957b5a53
                       0xffff957b5a53
                       sqjit_a64_precise_step<(SQOpcode)4, false>

     5.64%     5.64%  sqgi     sqgi                          [.] SQJitWriteLog::CanReleaseInContext
     5.35%     0.00%  sqgi     [JIT] tid 560188              [.] 0x0000ffff957b59b7
            |
            ---0xffff957b59b7
               |          
                --4.77%--0xffff957b59b7
                          |          
                           --2.90%--sqjit_a64_precise_step<(SQOpcode)13, false>

     5.16%     1.42%  sqgi     sqgi                          [.] SQVM::CMP_OP
            |          
             --3.74%--SQVM::CMP_OP
                       SQVM::ObjCmp

     4.77%     4.77%  sqgi     sqgi                          [.] sqjit_a64_precise_step<(SQOpcode)13, false>
            |
            ---0xffff957b59b7
               0xffff957b59b7
               |          
                --2.90%--sqjit_a64_precise_step<(SQOpcode)13, false>

     4.00%     2.51%  sqgi     sqgi                          [.] sqjit_a64_precise_step<(SQOpcode)2, false>
            |          
             --2.51%--0xffff957b55cf
                       0xffff957b55cf

     3.74%     3.74%  sqgi     sqgi                          [.] SQVM::ObjCmp
            |
            ---0xffff957b512b
               0xffff957b512b
               sqjit_a64_precise_step<(SQOpcode)29, false>
               SQVM::CMP_OP
               SQVM::ObjCmp

     3.68%     0.00%  sqgi     [JIT] tid 560188              [.] 0x0000ffff957b5a1f
            |
            ---0xffff957b5a1f
               |          
                --3.22%--0xffff957b5a1f
                          sqjit_a64_precise_step<(SQOpcode)13, true>

     3.68%     0.00%  sqgi     sqgi                          [.] SQObjectPtr::operator= (inlined)
            |
            ---SQObjectPtr::operator= (inlined)

     3.29%     0.00%  sqgi     sqgi                          [.] sqjit_a64_precise_step<(SQOpcode)2> (inlined)
            |
            ---sqjit_a64_precise_step<(SQOpcode)2> (inlined)
               |          
                --2.58%--sqjit_a64_precise_step<(SQOpcode)2, false>

     2.84%     0.00%  sqgi     sqgi                          [.] SQObjectPtr::~SQObjectPtr (inlined)
            |
            ---SQObjectPtr::~SQObjectPtr (inlined)
               SQObjectPtr::~SQObjectPtr (inlined)

     2.51%     0.00%  sqgi     sqgi                          [.] SQObjectPtr::operator= (inlined)
            |
            ---SQObjectPtr::operator= (inlined)

     2.32%     0.00%  sqgi     sqgi                          [.] sqjit_a64_precise_member<true> (inlined)
            |
            ---sqjit_a64_precise_member<true> (inlined)



#
# (Cannot load tips.txt file, please install perf!)
#
