BENCH	table_owners_1	200000	0.220955000	5098276961
BENCH	table_owners_2	200000	0.220775000	5098477602
BENCH	table_owners_5	200000	0.221190000	5097878556
BENCH	table_owners_19	200000	0.221340000	5098684496
BENCH	table_owners_257	200000	0.221120000	5100408060
BENCH	class_owners_1	200000	0.220770000	5098276961
BENCH	class_owners_2	200000	0.221075000	5098477602
BENCH	class_owners_5	200000	0.221405000	5097878556
BENCH	class_owners_19	200000	0.221420000	5098684496
BENCH	class_owners_257	200000	0.221190000	5100408060
BENCH	table_owners_1	200000	0.221355000	5098276961
BENCH	table_owners_2	200000	0.221085000	5098477602
BENCH	table_owners_5	200000	0.221370000	5097878556
BENCH	table_owners_19	200000	0.221225000	5098684496
BENCH	table_owners_257	200000	0.221785000	5100408060
BENCH	class_owners_1	200000	0.221040000	5098276961
BENCH	class_owners_2	200000	0.221775000	5098477602
BENCH	class_owners_5	200000	0.221300000	5097878556
BENCH	class_owners_19	200000	0.221595000	5098684496
BENCH	class_owners_257	200000	0.222130000	5100408060
BENCH	table_owners_1	200000	0.221935000	5098276961
BENCH	table_owners_2	200000	0.221875000	5098477602
BENCH	table_owners_5	200000	0.221835000	5097878556
BENCH	table_owners_19	200000	0.221730000	5098684496
BENCH	table_owners_257	200000	0.221860000	5100408060
BENCH	class_owners_1	200000	0.221670000	5098276961
BENCH	class_owners_2	200000	0.221875000	5098477602
BENCH	class_owners_5	200000	0.221970000	5097878556
BENCH	class_owners_19	200000	0.221605000	5098684496
BENCH	class_owners_257	200000	0.222125000	5100408060
3131.11;msec;task-clock:u;0.09%;3131111154;100.00;1.000;CPUs utilized
7100574969;;cycles:u;0.10%;3131397283;100.00;2.272;GHz
22120194390;;instructions:u;0.00%;3131397283;100.00;3.12;insn per cycle
148809;;branch-misses:u;0.51%;3131397283;100.00;;
8648998931;;cache-references:u;0.00%;3131397283;100.00;2.767;G/sec
321818;;cache-misses:u;4.62%;3131397283;100.00;0.004;of all cache refs
788;;page-faults:u;0.08%;3131111154;100.00;252.087;/sec
0;;context-switches:u;0.00%;3131111154;100.00;0.000;/sec
