BENCH	receiver_integer	200000	0.053850000	595177
BENCH	root_integer	200000	0.062910000	595177
BENCH	root_reference	200000	0.087165000	799457
BENCH	root_integer_result	200000	0.064435000	795177
BENCH	receiver_integer	200000	0.053935000	595177
BENCH	root_integer	200000	0.062650000	595177
BENCH	root_reference	200000	0.083160000	799457
BENCH	root_integer_result	200000	0.064515000	795177
BENCH	receiver_integer	200000	0.054115000	595177
BENCH	root_integer	200000	0.062925000	595177
BENCH	root_reference	200000	0.085855000	799457
BENCH	root_integer_result	200000	0.064255000	795177
398.40;msec;task-clock:u;0.70%;398400041;100.00;0.976;CPUs utilized
879186568;;cycles:u;0.43%;398419580;100.00;2.191;GHz
2906778430;;instructions:u;0.14%;398419580;100.00;3.31;insn per cycle
267676;;branch-misses:u;42.81%;398419580;100.00;;
1004572770;;cache-references:u;0.49%;398419580;100.00;2.504;G/sec
191551;;cache-misses:u;0.96%;398419580;100.00;0.019;of all cache refs
782;;page-faults:u;0.13%;398400041;100.00;1.949;K/sec
0;;context-switches:u;0.00%;398400041;100.00;0.000;/sec
