# To display the perf.data header info, please use --header/--header-only options.
#
#
# Total Lost Samples: 0
#
# Samples: 224  of event 'cycles:u'
# Event count (approx.): 868053096
#
# Children      Self  Command  Shared Object                 Symbol                                                                                                                                                         
# ........  ........  .......  ............................  ...............................................................................................................................................................
#
    25.16%     9.95%  sqgi     sqgi                          [.] sqjit_a64_helper_member_set_integer_logged
            |          
            |--15.20%--sqjit_a64_helper_member_set_integer_logged
            |          |          
            |          |--9.43%--sqjit_a64_helper_member_set_integer_logged
            |          |          SQJitWriteLog::RecordMember
            |          |          |          
            |          |          |--6.29%--SQJitWriteLog::CanRelease
            |          |          |          
            |          |           --2.10%--SQJitWriteLog::ContainsMember<false> (inlined)
            |          |          
            |           --5.24%--sqjit_a64_member_store_slot (inlined)
            |                     sqjit_a64_member_store_slot (inlined)
            |                     sqjit_a64_resolve_store_slot (inlined)
            |                     sqjit_a64_resolve_root_store_slot
            |                     |          
            |                      --4.72%--SQTable::GetRawSlot (inlined)
            |                                SQTable::_Get (inlined)
            |          
            |--6.81%--0xffff966251f3
            |          0xffff966251f3
            |          sqjit_a64_helper_member_set_integer_logged
            |          |          
            |           --3.67%--sqjit_a64_member_store_slot (inlined)
            |                     sqjit_a64_member_store_slot (inlined)
            |                     |          
            |                      --2.62%--sqjit_a64_resolve_store_slot (inlined)
            |                                |          
            |                                 --2.10%--sq_member_raw_slot (inlined)
            |          
             --3.14%--0xffff966231d7
                       0xffff966231d7
                       sqjit_a64_helper_member_set_integer_logged

    23.06%     0.00%  sqgi     [JIT] tid 560105              [.] 0x0000ffff96624207
            |
            ---0xffff96624207
               |          
               |--17.30%--0xffff96624207
               |          sqjit_a64_helper_member_set_reference_logged
               |          |          
               |          |--8.38%--sqjit_a64_helper_member_set_reference_logged
               |          |          SQJitWriteLog::RecordMember
               |          |          |          
               |          |          |--5.24%--SQJitWriteLog::ContainsMember<true> (inlined)
               |          |          |          
               |          |           --2.09%--SQJitWriteLog::CanRelease
               |          |          
               |           --6.82%--sqjit_a64_member_store_slot (inlined)
               |                     sqjit_a64_member_store_slot (inlined)
               |                     |          
               |                      --6.29%--sqjit_a64_resolve_store_slot (inlined)
               |                                |          
               |                                 --4.72%--sq_member_raw_slot (inlined)
               |                                           SQTable::GetRawSlot (inlined)
               |                                           |          
               |                                            --4.19%--SQTable::_Get (inlined)
               |          
                --2.62%--0xffff96624268

    21.95%    10.24%  sqgi     sqgi                          [.] SQJitWriteLog::RecordMember
            |          
            |--11.71%--SQJitWriteLog::RecordMember
            |          |          
            |           --10.66%--SQJitWriteLog::CanRelease
            |          
            |--5.24%--0xffff96624207
            |          0xffff96624207
            |          sqjit_a64_helper_member_set_reference_logged
            |          sqjit_a64_helper_member_set_reference_logged
            |          SQJitWriteLog::RecordMember
            |          |          
            |           --4.19%--SQJitWriteLog::ContainsMember<true> (inlined)
            |          
             --2.10%--0xffff966251f3
                       0xffff966251f3
                       sqjit_a64_helper_member_set_integer_logged
                       sqjit_a64_helper_member_set_integer_logged
                       SQJitWriteLog::RecordMember

    19.09%     7.83%  sqgi     sqgi                          [.] sqjit_a64_helper_member_closure_guard
            |          
            |--11.26%--sqjit_a64_helper_member_closure_guard
            |          sqjit_a64_helper_member_closure_guard
            |          sqjit_a64_borrow_member_ptr_value
            |          |          
            |           --8.12%--SQTable::GetRawSlot (inlined)
            |                     |          
            |                      --6.23%--SQTable::_Get (inlined)
            |          
            |--3.14%--0xffff9662314b
            |          0xffff9662314b
            |          sqjit_a64_helper_member_closure_guard
            |          
             --2.10%--0xffff9662414b
                       0xffff9662414b
                       sqjit_a64_helper_member_closure_guard

    17.30%     7.87%  sqgi     sqgi                          [.] sqjit_a64_helper_member_set_reference_logged
            |          
            |--9.43%--sqjit_a64_helper_member_set_reference_logged
            |          |          
            |           --8.38%--sqjit_a64_helper_member_set_reference_logged
            |                     SQJitWriteLog::RecordMember
            |                     |          
            |                     |--5.24%--SQJitWriteLog::ContainsMember<true> (inlined)
            |                     |          
            |                      --2.09%--SQJitWriteLog::CanRelease
            |          
             --7.87%--0xffff96624207
                       0xffff96624207
                       sqjit_a64_helper_member_set_reference_logged
                       |          
                        --5.77%--sqjit_a64_member_store_slot (inlined)
                                  sqjit_a64_member_store_slot (inlined)
                                  |          
                                   --5.24%--sqjit_a64_resolve_store_slot (inlined)
                                             |          
                                              --4.72%--sq_member_raw_slot (inlined)
                                                        SQTable::GetRawSlot (inlined)
                                                        |          
                                                         --4.19%--SQTable::_Get (inlined)

    15.73%     0.00%  sqgi     [JIT] tid 560105              [.] 0x0000ffff966231d7
            |
            ---0xffff966231d7
               |          
               |--12.05%--0xffff966231d7
               |          sqjit_a64_helper_member_set_integer_logged
               |          |          
               |          |--5.77%--sqjit_a64_helper_member_set_integer_logged
               |          |          SQJitWriteLog::RecordMember
               |          |          |          
               |          |           --4.72%--SQJitWriteLog::CanRelease
               |          |          
               |           --4.71%--sqjit_a64_member_store_slot (inlined)
               |                     sqjit_a64_member_store_slot (inlined)
               |                     |          
               |                      --4.19%--sqjit_a64_resolve_store_slot (inlined)
               |                                |          
               |                                 --3.15%--sqjit_a64_resolve_root_store_slot
               |                                           |          
               |                                            --2.62%--SQTable::GetRawSlot (inlined)
               |                                                      SQTable::_Get (inlined)
               |          
                --2.10%--0xffff96623220

    14.68%     0.00%  sqgi     [JIT] tid 560105              [.] 0x0000ffff966251f3
            |
            ---0xffff966251f3
               |          
                --13.10%--0xffff966251f3
                          sqjit_a64_helper_member_set_integer_logged
                          |          
                          |--5.77%--sqjit_a64_member_store_slot (inlined)
                          |          sqjit_a64_member_store_slot (inlined)
                          |          |          
                          |           --4.72%--sqjit_a64_resolve_store_slot (inlined)
                          |                     |          
                          |                     |--2.10%--sqjit_a64_resolve_root_store_slot
                          |                     |          SQTable::GetRawSlot (inlined)
                          |                     |          SQTable::_Get (inlined)
                          |                     |          
                          |                      --2.10%--sq_member_raw_slot (inlined)
                          |          
                           --3.67%--sqjit_a64_helper_member_set_integer_logged
                                     SQJitWriteLog::RecordMember

    11.26%    11.26%  sqgi     sqgi                          [.] sqjit_a64_borrow_member_ptr_value
            |          
            |--3.92%--0xffff96626167
            |          0xffff96626167
            |          sqjit_a64_helper_member_closure_guard
            |          sqjit_a64_helper_member_closure_guard
            |          sqjit_a64_borrow_member_ptr_value
            |          |          
            |           --3.40%--SQTable::GetRawSlot (inlined)
            |                     |          
            |                      --2.04%--SQTable::_Get (inlined)
            |          
            |--3.66%--0xffff96625167
            |          0xffff96625167
            |          sqjit_a64_helper_member_closure_guard
            |          sqjit_a64_helper_member_closure_guard
            |          sqjit_a64_borrow_member_ptr_value
            |          |          
            |           --2.10%--SQTable::GetRawSlot (inlined)
            |          
             --2.62%--0xffff9662414b
                       0xffff9662414b
                       sqjit_a64_helper_member_closure_guard
                       sqjit_a64_helper_member_closure_guard
                       sqjit_a64_borrow_member_ptr_value

    10.66%    10.66%  sqgi     sqgi                          [.] SQJitWriteLog::CanRelease
            |          
            |--4.72%--0xffff966231d7
            |          0xffff966231d7
            |          sqjit_a64_helper_member_set_integer_logged
            |          sqjit_a64_helper_member_set_integer_logged
            |          SQJitWriteLog::RecordMember
            |          SQJitWriteLog::CanRelease
            |          
            |--2.28%--0xffff9662621f
            |          0xffff9662621f
            |          sqjit_a64_helper_instance_field_set_integer_logged
            |          sqjit_a64_helper_instance_field_set_integer_logged
            |          SQJitWriteLog::RecordMember
            |          SQJitWriteLog::CanRelease
            |          
             --2.09%--0xffff96624207
                       0xffff96624207
                       sqjit_a64_helper_member_set_reference_logged
                       sqjit_a64_helper_member_set_reference_logged
                       SQJitWriteLog::RecordMember
                       SQJitWriteLog::CanRelease

    10.60%     0.00%  sqgi     [JIT] tid 560105              [.] 0x0000ffff9662621f
            |
            ---0xffff9662621f
               |          
                --7.71%--0xffff9662621f
                          sqjit_a64_helper_instance_field_set_integer_logged
                          |          
                           --4.13%--sqjit_a64_helper_instance_field_set_integer_logged
                                     SQJitWriteLog::RecordMember
                                     |          
                                      --2.28%--SQJitWriteLog::CanRelease

    10.48%     0.00%  sqgi     sqgi                          [.] sqjit_a64_member_store_slot (inlined)
            |
            ---sqjit_a64_member_store_slot (inlined)
               sqjit_a64_member_store_slot (inlined)
               |          
                --8.91%--sqjit_a64_resolve_store_slot (inlined)
                          |          
                          |--5.24%--sqjit_a64_resolve_root_store_slot
                          |          |          
                          |           --4.72%--SQTable::GetRawSlot (inlined)
                          |                     SQTable::_Get (inlined)
                          |          
                           --2.62%--sq_member_raw_slot (inlined)
                                     |          
                                      --2.10%--SQTable::GetRawSlot (inlined)
                                                SQTable::_Get (inlined)

     9.34%     0.00%  sqgi     [JIT] tid 560105              [.] 0x0000ffff96626167
            |
            ---0xffff96626167
               |          
               |--5.46%--0xffff96626167
               |          sqjit_a64_helper_member_closure_guard
               |          |          
               |           --3.92%--sqjit_a64_helper_member_closure_guard
               |                     sqjit_a64_borrow_member_ptr_value
               |                     |          
               |                      --3.40%--SQTable::GetRawSlot (inlined)
               |                                |          
               |                                 --2.04%--SQTable::_Get (inlined)
               |          
                --2.31%--0xffff96626210

     8.91%     0.00%  sqgi     sqgi                          [.] sqjit_a64_resolve_store_slot (inlined)
            |
            ---sqjit_a64_resolve_store_slot (inlined)
               |          
               |--5.24%--sqjit_a64_resolve_root_store_slot
               |          |          
               |           --4.72%--SQTable::GetRawSlot (inlined)
               |                     SQTable::_Get (inlined)
               |          
                --2.62%--sq_member_raw_slot (inlined)
                          |          
                           --2.10%--SQTable::GetRawSlot (inlined)
                                     SQTable::_Get (inlined)

     8.38%     0.00%  sqgi     [JIT] tid 560105              [.] 0x0000ffff96625167
            |
            ---0xffff96625167
               |          
                --4.71%--0xffff96625167
                          sqjit_a64_helper_member_closure_guard
                          |          
                           --3.66%--sqjit_a64_helper_member_closure_guard
                                     sqjit_a64_borrow_member_ptr_value
                                     |          
                                      --2.10%--SQTable::GetRawSlot (inlined)

     8.12%     0.00%  sqgi     sqgi                          [.] SQTable::GetRawSlot (inlined)
            |
            ---SQTable::GetRawSlot (inlined)
               |          
                --6.23%--SQTable::_Get (inlined)

     7.87%     0.00%  sqgi     [JIT] tid 560105              [.] 0x0000ffff9662414b
            |
            ---0xffff9662414b
               |          
                --4.72%--0xffff9662414b
                          sqjit_a64_helper_member_closure_guard
                          |          
                           --2.62%--sqjit_a64_helper_member_closure_guard
                                     sqjit_a64_borrow_member_ptr_value

     7.86%     0.00%  sqgi     [JIT] tid 560105              [.] 0x0000ffff9662314b
            |
            ---0xffff9662314b
               |          
               |--4.19%--0xffff9662314b
               |          sqjit_a64_helper_member_closure_guard
               |          
                --2.10%--0xffff966231bc

     7.71%     2.53%  sqgi     sqgi                          [.] sqjit_a64_helper_instance_field_set_integer_logged
            |          
            |--5.18%--sqjit_a64_helper_instance_field_set_integer_logged
            |          |          
            |           --4.13%--sqjit_a64_helper_instance_field_set_integer_logged
            |                     SQJitWriteLog::RecordMember
            |                     |          
            |                      --2.28%--SQJitWriteLog::CanRelease
            |          
             --2.53%--0xffff9662621f
                       0xffff9662621f
                       sqjit_a64_helper_instance_field_set_integer_logged

     6.82%     0.00%  sqgi     sqgi                          [.] sqjit_a64_member_store_slot (inlined)
            |
            ---sqjit_a64_member_store_slot (inlined)
               sqjit_a64_member_store_slot (inlined)
               |          
                --6.29%--sqjit_a64_resolve_store_slot (inlined)
                          |          
                           --4.72%--sq_member_raw_slot (inlined)
                                     SQTable::GetRawSlot (inlined)
                                     |          
                                      --4.19%--SQTable::_Get (inlined)

     6.30%     6.30%  sqgi     sqgi                          [.] sqjit_a64_resolve_root_store_slot
            |          
            |--3.15%--0xffff966231d7
            |          0xffff966231d7
            |          sqjit_a64_helper_member_set_integer_logged
            |          sqjit_a64_member_store_slot (inlined)
            |          sqjit_a64_member_store_slot (inlined)
            |          sqjit_a64_resolve_store_slot (inlined)
            |          sqjit_a64_resolve_root_store_slot
            |          |          
            |           --2.62%--SQTable::GetRawSlot (inlined)
            |                     SQTable::_Get (inlined)
            |          
             --2.10%--0xffff966251f3
                       0xffff966251f3
                       sqjit_a64_helper_member_set_integer_logged
                       sqjit_a64_member_store_slot (inlined)
                       sqjit_a64_member_store_slot (inlined)
                       sqjit_a64_resolve_store_slot (inlined)
                       sqjit_a64_resolve_root_store_slot
                       SQTable::GetRawSlot (inlined)
                       SQTable::_Get (inlined)

     6.29%     0.00%  sqgi     sqgi                          [.] sqjit_a64_resolve_store_slot (inlined)
            |
            ---sqjit_a64_resolve_store_slot (inlined)
               |          
                --4.72%--sq_member_raw_slot (inlined)
                          SQTable::GetRawSlot (inlined)
                          |          
                           --4.19%--SQTable::_Get (inlined)

     6.23%     0.00%  sqgi     sqgi                          [.] SQTable::_Get (inlined)
            |
            ---SQTable::_Get (inlined)

     5.77%     0.00%  sqgi     sqgi                          [.] SQTable::GetRawSlot (inlined)
            |
            ---SQTable::GetRawSlot (inlined)
               SQTable::_Get (inlined)

     5.77%     0.00%  sqgi     sqgi                          [.] SQTable::_Get (inlined)
            |
            ---SQTable::_Get (inlined)

     5.24%     0.00%  sqgi     sqgi                          [.] SQJitWriteLog::ContainsMember<true> (inlined)
            |
            ---SQJitWriteLog::ContainsMember<true> (inlined)

     4.72%     0.00%  sqgi     sqgi                          [.] sq_member_raw_slot (inlined)
            |
            ---sq_member_raw_slot (inlined)
               SQTable::GetRawSlot (inlined)
               |          
                --4.19%--SQTable::_Get (inlined)

     4.72%     0.00%  sqgi     sqgi                          [.] SQTable::GetRawSlot (inlined)
            |
            ---SQTable::GetRawSlot (inlined)
               |          
                --4.19%--SQTable::_Get (inlined)

     4.19%     0.00%  sqgi     sqgi                          [.] SQTable::_Get (inlined)
            |
            ---SQTable::_Get (inlined)

     3.01%     0.00%  sqgi     sqgi                          [.] SQJitWriteLog::ContainsMember<false> (inlined)
            |
            ---SQJitWriteLog::ContainsMember<false> (inlined)
               |          
                --2.10%--SQJitWriteLog::ContainsMember<false>(SQObjectPtr const&, SQObjectPtr const&, SQObjectPtr const&) const::{lambda(SQJitWriteLog::Entry const&)#1}::operator() (inlined)

     2.62%     0.00%  sqgi     sqgi                          [.] sq_member_raw_slot (inlined)
            |
            ---sq_member_raw_slot (inlined)
               |          
                --2.10%--SQTable::GetRawSlot (inlined)
                          SQTable::_Get (inlined)

     2.62%     0.00%  sqgi     sqgi                          [.] SQTable::GetRawSlot (inlined)
            |
            ---SQTable::GetRawSlot (inlined)
               |          
                --2.10%--SQTable::_Get (inlined)

     2.62%     2.62%  sqgi     [JIT] tid 560105              [.] 0x0000ffff96624268
            |
            ---0xffff96624207
               0xffff96624268

     2.31%     2.31%  sqgi     [JIT] tid 560105              [.] 0x0000ffff96626210
            |
            ---0xffff96626167
               0xffff96626210

     2.10%     2.10%  sqgi     [JIT] tid 560105              [.] 0x0000ffff96623220
            |
            ---0xffff966231d7
               0xffff96623220

     2.10%     2.10%  sqgi     [JIT] tid 560105              [.] 0x0000ffff966231bc
            |
            ---0xffff9662314b
               0xffff966231bc

     2.10%     0.00%  sqgi     sqgi                          [.] SQJitWriteLog::ContainsMember<false>(SQObjectPtr const&, SQObjectPtr const&, SQObjectPtr const&) const::{lambda(SQJitWriteLog::Entry const&)#1}::operator() (inlined)
            |
            ---SQJitWriteLog::ContainsMember<false>(SQObjectPtr const&, SQObjectPtr const&, SQObjectPtr const&) const::{lambda(SQJitWriteLog::Entry const&)#1}::operator() (inlined)

     2.10%     0.00%  sqgi     sqgi                          [.] SQTable::_Get (inlined)
            |
            ---SQTable::_Get (inlined)



#
# (Cannot load tips.txt file, please install perf!)
#
