[Thread debugging using libthread_db enabled]
Using host libthread_db library "/lib/aarch64-linux-gnu/libthread_db.so.1".
BENCH	route_balanced	19	54.526315789	68032
BENCH	route_skewed	19	38.263157895	32332
BENCH	pricing_events	19	60.631578947	52081
BENCH	filter_stream	19	58.473684211	727.90290414596086
BENCH	records_64	19	30.421052632	3485
BENCH	records_4096	19	181.631578947	5064
BENCH	word_count	19	0.684210526	145
BENCH	graph_walk	19	0.210526316	14569
[sqjit:stats] proto enters=29 hot=22 compile=22 success=1 fail=21
[sqjit:stats] proto exec attempts=29 success=1 guard_fail=0
[sqjit:stats] proto side_exits=0
[sqjit:stats] direct calls attempts=1 success=1 miss=0 guard_fail=0
[sqjit:stats] loops try=140 find_fail=5 compile=8 success=4 fail=4 exec=12 exec_success=12 guard_fail=0
[sqjit:stats] rejects=25 unique_reasons=10
[sqjit:stats] backoff proto=0 proto_skips=0 loop=0 loop_skips=0
[sqjit:stats] reject category count=4 category=opcode
[sqjit:stats] reject category count=2 category=loop
[sqjit:stats] reject category count=1 category=array-append
[sqjit:stats] reject category count=15 category=call
[sqjit:stats] reject category count=3 category=other
[sqjit:stats] reject reason count=2 reason=unsupported function shape or instruction limit
[sqjit:stats] reject reason count=1 reason=unsupported opcode _OP_FOREACH
[sqjit:stats] reject reason count=1 reason=unsupported integer arithmetic operands
[sqjit:stats] reject reason count=1 reason=unsupported loop array append PREPCALLK
[sqjit:stats] reject reason count=1 reason=unsupported loop opcode _OP_PREPCALL
[sqjit:stats] reject reason count=13 reason=deferred CALL direct closure
[sqjit:stats] reject reason count=1 reason=unsupported opcode _OP_COMPARITH
[sqjit:stats] reject reason count=2 reason=unsupported loop branch shape
[sqjit:stats] reject reason count=2 reason=unsupported CALL direct closure
[sqjit:stats] reject reason count=1 reason=unsupported opcode _OP_EXISTS
[sqjit:stats] reject_site rank=1 proto=(nil) name=route_events source=test/bench_application_workloads.nut line=25 ip=11 count=4 reason=deferred CALL direct closure
[sqjit:stats] reject_site rank=2 proto=(nil) name=route_balanced source=test/bench_application_workloads.nut line=28 ip=3 count=2 reason=deferred CALL direct closure
[sqjit:stats] reject_site rank=3 proto=(nil) name=route_skewed source=test/bench_application_workloads.nut line=29 ip=3 count=2 reason=deferred CALL direct closure
[sqjit:stats] reject_site rank=4 proto=(nil) name=pricing_events source=test/bench_application_workloads.nut line=41 ip=17 count=2 reason=deferred CALL direct closure
[sqjit:stats] reject_site rank=5 proto=(nil) name=filter_stream source=test/bench_application_workloads.nut line=52 ip=12 count=2 reason=deferred CALL direct closure
[sqjit:stats] reject_site rank=6 proto=(nil) name=main source=<sqgi async bootstrap> line=-1 ip=-1 count=1 reason=unsupported function shape or instruction limit
[sqjit:stats] reject_site rank=7 proto=(nil) name=main source=test/bench_application_workloads.nut line=-1 ip=-1 count=1 reason=unsupported function shape or instruction limit
[sqjit:stats] reject_site rank=8 proto=(nil) name=option_int source=test/bench_application_workloads.nut line=4 ip=2 count=1 reason=unsupported opcode _OP_FOREACH
[sqjit:stats] reject_site rank=9 proto=(nil) name=make_inputs source=test/bench_application_workloads.nut line=11 ip=23 count=1 reason=unsupported integer arithmetic operands
[sqjit:stats] reject_site rank=10 proto=(nil) name=make_inputs source=test/bench_application_workloads.nut line=9 ip=7 count=1 reason=unsupported loop array append PREPCALLK
[sqjit:stats] reject_site rank=11 proto=(nil) name=main source=test/bench_application_workloads.nut line=105 ip=111 count=1 reason=unsupported loop opcode _OP_PREPCALL
[sqjit:stats] reject_site rank=12 proto=(nil) name=records_64 source=test/bench_application_workloads.nut line=73 ip=3 count=1 reason=deferred CALL direct closure
[Inferior 1 (process 699078) exited normally]
APPLICATION_CALL_PROBE {'route_events-loop': 4, 'pricing_events-loop': 2, 'filter_stream-loop': 2} {'route_events-loop:1': 4, 'pricing_events-loop:1': 2, 'filter_stream-loop:1': 2} {}
