BENCH	route_balanced	200000	0.054070000	300346
BENCH	route_skewed	200000	0.053600000	122121
BENCH	pricing_events	200000	0.058050000	636940
BENCH	filter_stream	200000	0.058845000	10704.521037291815
BENCH	records_64	200000	0.129695000	599323
BENCH	records_4096	200000	0.294935000	385702
BENCH	word_count	200000	0.266035000	116910
BENCH	graph_walk	200000	0.012325000	386354
BENCH	route_balanced	200000	0.053445000	300346
BENCH	route_skewed	200000	0.052265000	122121
BENCH	pricing_events	200000	0.058025000	636940
BENCH	filter_stream	200000	0.057685000	10704.521037291815
BENCH	records_64	200000	0.132355000	599323
BENCH	records_4096	200000	0.272235000	385702
BENCH	word_count	200000	0.265760000	116910
BENCH	graph_walk	200000	0.012315000	386354
BENCH	route_balanced	200000	0.053450000	300346
BENCH	route_skewed	200000	0.052190000	122121
BENCH	pricing_events	200000	0.058110000	636940
BENCH	filter_stream	200000	0.057805000	10704.521037291815
BENCH	records_64	200000	0.132410000	599323
BENCH	records_4096	200000	0.285420000	385702
BENCH	word_count	200000	0.266535000	116910
BENCH	graph_walk	200000	0.012200000	386354
1111.49;msec;task-clock:u;0.47%;1111494705;100.00;0.993;CPUs utilized
2468919214;;cycles:u;0.41%;1111563538;100.00;2.219;GHz
5972406225;;instructions:u;0.09%;1111563538;100.00;2.42;insn per cycle
5224737;;branch-misses:u;2.51%;1111563538;100.00;;
2237561834;;cache-references:u;0.08%;1111563538;100.00;2.011;G/sec
15827262;;cache-misses:u;2.26%;1111563538;100.00;0.708;of all cache refs
3867;;page-faults:u;0.01%;1111494705;100.00;3.476;K/sec
0;;context-switches:u;0.00%;1111494705;100.00;0.000;/sec
