# To display the perf.data header info, please use --header/--header-only options.
#
#
# Total Lost Samples: 0
#
# Samples: 587  of event 'cycles:u'
# Event count (approx.): 2518588173
#
# Children      Self  Command  Shared Object          Symbol                                                                                                                                                         
# ........  ........  .......  .....................  ...............................................................................................................................................................
#
    31.03%     0.00%  sqgi     sqgi                   [.] _start
            |
            ---_start
               __libc_start_main_impl (inlined)
               __libc_start_call_main
               main
               |          
                --30.76%--sq_call
                          SQVM::Execute
                          |          
                          |--5.80%--SQVM::DerefInc
                          |          |          
                          |           --2.72%--SQVM::Set
                          |          
                           --5.43%--SQVM::Get
                                     |          
                                      --4.16%--SQTable::Get

    31.03%     0.00%  sqgi     libc.so.6              [.] __libc_start_main_impl (inlined)
            |
            ---__libc_start_main_impl (inlined)
               __libc_start_call_main
               main
               |          
                --30.76%--sq_call
                          SQVM::Execute
                          |          
                          |--5.80%--SQVM::DerefInc
                          |          |          
                          |           --2.72%--SQVM::Set
                          |          
                           --5.43%--SQVM::Get
                                     |          
                                      --4.16%--SQTable::Get

    31.03%     0.00%  sqgi     libc.so.6              [.] __libc_start_call_main
            |
            ---__libc_start_call_main
               main
               |          
                --30.76%--sq_call
                          SQVM::Execute
                          |          
                          |--5.80%--SQVM::DerefInc
                          |          |          
                          |           --2.72%--SQVM::Set
                          |          
                           --5.43%--SQVM::Get
                                     |          
                                      --4.16%--SQTable::Get

    31.03%     0.00%  sqgi     sqgi                   [.] main
            |
            ---main
               |          
                --30.76%--sq_call
                          SQVM::Execute
                          |          
                          |--5.80%--SQVM::DerefInc
                          |          |          
                          |           --2.72%--SQVM::Set
                          |          
                           --5.43%--SQVM::Get
                                     |          
                                      --4.16%--SQTable::Get

    30.85%     0.00%  sqgi     sqgi                   [.] sq_call
            |
            ---sq_call
               SQVM::Execute
               |          
               |--5.80%--SQVM::DerefInc
               |          |          
               |           --2.72%--SQVM::Set
               |          
                --5.43%--SQVM::Get
                          |          
                           --4.16%--SQTable::Get

    30.85%    15.97%  sqgi     sqgi                   [.] SQVM::Execute
            |          
            |--15.97%--_start
            |          __libc_start_main_impl (inlined)
            |          __libc_start_call_main
            |          main
            |          sq_call
            |          SQVM::Execute
            |          
             --14.88%--SQVM::Execute
                       |          
                       |--5.80%--SQVM::DerefInc
                       |          |          
                       |           --2.72%--SQVM::Set
                       |          
                        --5.43%--SQVM::Get
                                  |          
                                   --4.16%--SQTable::Get

    19.93%     4.11%  sqgi     sqgi                   [.] sqjit_a64_helper_member_set_integer_logged
            |          
            |--15.82%--sqjit_a64_helper_member_set_integer_logged
            |          |          
            |           --15.28%--sqjit_a64_helper_member_set_integer_logged
            |                     SQJitWriteLog::RecordMember
            |                     |          
            |                     |--11.52%--SQJitWriteLog::ContainsMember<false> (inlined)
            |                     |          |          
            |                     |           --5.87%--SQJitWriteLog::ContainsMember<false>(SQObjectPtr const&, SQObjectPtr const&, SQObjectPtr const&) const::{lambda(SQJitWriteLog::Entry const&)#1}::operator() (inlined)
            |                     |          
            |                      --2.52%--SQJitWriteLog::CanRelease
            |          
             --2.33%--0xffff7fcf64d3
                       0xffff7fcf64d3
                       sqjit_a64_helper_member_set_integer_logged

    16.56%     0.00%  sqgi     [JIT] tid 648223       [.] 0x0000ffff7fcf64d3
            |
            ---0xffff7fcf64d3
               |          
                --10.68%--0xffff7fcf64d3
                          sqjit_a64_helper_member_set_integer_logged
                          |          
                           --7.99%--sqjit_a64_helper_member_set_integer_logged
                                     SQJitWriteLog::RecordMember
                                     |          
                                      --6.22%--SQJitWriteLog::ContainsMember<false> (inlined)
                                                |          
                                                 --3.05%--SQJitWriteLog::ContainsMember<false>(SQObjectPtr const&, SQObjectPtr const&, SQObjectPtr const&) const::{lambda(SQJitWriteLog::Entry const&)#1}::operator() (inlined)

    16.20%     0.00%  sqgi     [JIT] tid 648223       [.] 0x0000ffff7fcf61b3
            |
            ---0xffff7fcf61b3
               |          
               |--6.18%--0xffff7fcf61b3
               |          sqjit_a64_helper_array_get_object
               |          |          
               |           --2.12%--SQArray::Get (inlined)
               |          
                --3.87%--0xffff7fcf6214

    15.28%    11.69%  sqgi     sqgi                   [.] SQJitWriteLog::RecordMember
            |          
            |--6.03%--0xffff7fcf64d3
            |          0xffff7fcf64d3
            |          sqjit_a64_helper_member_set_integer_logged
            |          sqjit_a64_helper_member_set_integer_logged
            |          SQJitWriteLog::RecordMember
            |          |          
            |           --5.70%--SQJitWriteLog::ContainsMember<false> (inlined)
            |                     |          
            |                      --3.05%--SQJitWriteLog::ContainsMember<false>(SQObjectPtr const&, SQObjectPtr const&, SQObjectPtr const&) const::{lambda(SQJitWriteLog::Entry const&)#1}::operator() (inlined)
            |          
            |--5.66%--0xffff7fcf63c3
            |          0xffff7fcf63c3
            |          sqjit_a64_helper_member_set_integer_logged
            |          sqjit_a64_helper_member_set_integer_logged
            |          SQJitWriteLog::RecordMember
            |          |          
            |           --4.93%--SQJitWriteLog::ContainsMember<false> (inlined)
            |                     |          
            |                      --2.82%--SQJitWriteLog::ContainsMember<false>(SQObjectPtr const&, SQObjectPtr const&, SQObjectPtr const&) const::{lambda(SQJitWriteLog::Entry const&)#1}::operator() (inlined)
            |          
             --3.58%--SQJitWriteLog::RecordMember
                       |          
                        --2.52%--SQJitWriteLog::CanRelease

    11.52%     0.00%  sqgi     sqgi                   [.] SQJitWriteLog::ContainsMember<false> (inlined)
            |
            ---SQJitWriteLog::ContainsMember<false> (inlined)
               |          
                --5.87%--SQJitWriteLog::ContainsMember<false>(SQObjectPtr const&, SQObjectPtr const&, SQObjectPtr const&) const::{lambda(SQJitWriteLog::Entry const&)#1}::operator() (inlined)

    11.41%     0.00%  sqgi     [JIT] tid 648223       [.] 0x0000ffff7fcf918b
            |
            ---0xffff7fcf918b
               |          
                --5.19%--0xffff7fcf918b
                          sqjit_a64_helper_member_closure_guard
                          |          
                           --3.18%--sqjit_a64_helper_member_closure_guard
                                     sqjit_a64_root_fallback_safe
                                     |          
                                      --2.09%--SQTable::GetRawSlot (inlined)

    10.98%     0.53%  sqgi     sqgi                   [.] sqjit_a64_helper_member_closure_guard
            |          
             --10.44%--sqjit_a64_helper_member_closure_guard
                       |          
                       |--6.07%--sqjit_a64_helper_member_closure_guard
                       |          sqjit_a64_root_fallback_safe
                       |          |          
                       |           --4.26%--SQTable::GetRawSlot (inlined)
                       |                     |          
                       |                      --3.25%--SQTable::_Get (inlined)
                       |          
                        --4.37%--sqjit_a64_borrow_member_value_with_root (inlined)
                                  |          
                                   --3.13%--sqjit_a64_helper_member_closure_guard
                                             sqjit_a64_borrow_member_ptr_value
                                             |          
                                              --2.59%--SQTable::GetRawSlot (inlined)
                                                        |          
                                                         --2.07%--SQTable::_Get (inlined)

    10.46%     0.00%  sqgi     [JIT] tid 648223       [.] 0x0000ffff7fcf63c3
            |
            ---0xffff7fcf63c3
               |          
                --9.25%--0xffff7fcf63c3
                          sqjit_a64_helper_member_set_integer_logged
                          |          
                           --7.28%--sqjit_a64_helper_member_set_integer_logged
                                     SQJitWriteLog::RecordMember
                                     |          
                                      --5.30%--SQJitWriteLog::ContainsMember<false> (inlined)
                                                |          
                                                 --2.82%--SQJitWriteLog::ContainsMember<false>(SQObjectPtr const&, SQObjectPtr const&, SQObjectPtr const&) const::{lambda(SQJitWriteLog::Entry const&)#1}::operator() (inlined)

     6.70%     0.73%  sqgi     sqgi                   [.] SQVM::Get
            |          
             --5.97%--SQVM::Get
                       |          
                        --5.25%--SQTable::Get
                                  |          
                                   --2.72%--SQTable::_Get (inlined)

     6.33%     0.00%  sqgi     [JIT] tid 648223       [.] 0x0000ffff7fcf8213
            |
            ---0xffff7fcf8213
               |          
                --3.43%--0xffff7fcf8213
                          sqjit_a64_helper_member_closure_guard

     6.18%     6.18%  sqgi     sqgi                   [.] sqjit_a64_helper_array_get_object
            |
            ---0xffff7fcf61b3
               0xffff7fcf61b3
               sqjit_a64_helper_array_get_object
               |          
                --2.12%--SQArray::Get (inlined)

     6.14%     0.00%  sqgi     [JIT] tid 648223       [.] 0x0000ffff7fcf71af
            |
            ---0xffff7fcf71af
               |          
                --2.35%--0xffff7fcf71af
                          sqjit_a64_helper_member_closure_guard

     6.07%     6.07%  sqgi     sqgi                   [.] sqjit_a64_root_fallback_safe
            |          
             --3.18%--0xffff7fcf918b
                       0xffff7fcf918b
                       sqjit_a64_helper_member_closure_guard
                       sqjit_a64_helper_member_closure_guard
                       sqjit_a64_root_fallback_safe
                       |          
                        --2.09%--SQTable::GetRawSlot (inlined)

     5.87%     0.00%  sqgi     sqgi                   [.] SQJitWriteLog::ContainsMember<false>(SQObjectPtr const&, SQObjectPtr const&, SQObjectPtr const&) const::{lambda(SQJitWriteLog::Entry const&)#1}::operator() (inlined)
            |
            ---SQJitWriteLog::ContainsMember<false>(SQObjectPtr const&, SQObjectPtr const&, SQObjectPtr const&) const::{lambda(SQJitWriteLog::Entry const&)#1}::operator() (inlined)

     5.80%     1.09%  sqgi     sqgi                   [.] SQVM::DerefInc
            |          
             --4.71%--SQVM::DerefInc
                       |          
                        --2.72%--SQVM::Set

     5.25%     5.07%  sqgi     sqgi                   [.] SQTable::Get
            |          
             --5.07%--_start
                       __libc_start_main_impl (inlined)
                       __libc_start_call_main
                       main
                       sq_call
                       SQVM::Execute
                       |          
                        --3.98%--SQVM::Get
                                  SQTable::Get

     4.54%     0.00%  sqgi     sqgi                   [.] sqjit_a64_borrow_member_value_with_root (inlined)
            |
            ---sqjit_a64_borrow_member_value_with_root (inlined)
               |          
                --3.13%--sqjit_a64_helper_member_closure_guard
                          sqjit_a64_borrow_member_ptr_value
                          |          
                           --2.59%--SQTable::GetRawSlot (inlined)
                                     |          
                                      --2.07%--SQTable::_Get (inlined)

     4.37%     4.37%  sqgi     sqgi                   [.] sqjit_a64_borrow_member_ptr_value
     4.26%     0.00%  sqgi     sqgi                   [.] SQTable::GetRawSlot (inlined)
            |
            ---SQTable::GetRawSlot (inlined)
               |          
                --3.25%--SQTable::_Get (inlined)

     3.87%     3.87%  sqgi     [JIT] tid 648223       [.] 0x0000ffff7fcf6214
            |
            ---0xffff7fcf61b3
               0xffff7fcf6214

     3.25%     0.00%  sqgi     sqgi                   [.] SQTable::_Get (inlined)
            |
            ---SQTable::_Get (inlined)

     2.72%     0.91%  sqgi     sqgi                   [.] SQVM::Set
     2.72%     0.00%  sqgi     sqgi                   [.] SQTable::_Get (inlined)
            |
            ---SQTable::_Get (inlined)

     2.59%     0.00%  sqgi     sqgi                   [.] SQTable::GetRawSlot (inlined)
            |
            ---SQTable::GetRawSlot (inlined)
               |          
                --2.07%--SQTable::_Get (inlined)

     2.52%     2.52%  sqgi     sqgi                   [.] SQJitWriteLog::CanRelease
     2.33%     0.00%  sqgi     sqgi                   [.] sqjit_a64_member_store_slot (inlined)
            |
            ---sqjit_a64_member_store_slot (inlined)
               |          
                --2.15%--sqjit_a64_member_store_slot (inlined)

     2.12%     0.00%  sqgi     sqgi                   [.] SQArray::Get (inlined)
            |
            ---SQArray::Get (inlined)

     2.07%     0.00%  sqgi     sqgi                   [.] SQTable::_Get (inlined)
            |
            ---SQTable::_Get (inlined)



#
# (Cannot load tips.txt file, please install perf!)
#
