JIT_CAPTURE_BREAKPOINT -1
[Thread debugging using libthread_db enabled]
Using host libthread_db library "/lib/aarch64-linux-gnu/libthread_db.so.1".
JIT_CAPTURE recycle frame 0xfffff7f84000 8192
BENCH	table_owners_1	1003	1.078763709	615764.25
BENCH	table_owners_2	1003	1.051844467	616780.25
BENCH	table_owners_5	1003	1.048853440	613838.25
BENCH	table_owners_19	1003	7.512462612	618610.25
BENCH	table_owners_257	1003	1.526420738	749599.25
BENCH	class_owners_1	1003	2.187437687	615764.25
BENCH	class_owners_2	1003	1.601196411	616780.25
BENCH	class_owners_5	1003	2.256231306	613838.25
BENCH	class_owners_19	1003	2.664007976	618610.25
BENCH	class_owners_257	1003	1.632103689	749599.25
[Inferior 1 (process 648461) exited normally]
[Thread debugging using libthread_db enabled]
Using host libthread_db library "/lib/aarch64-linux-gnu/libthread_db.so.1".
JIT_CAPTURE transfer frame 0xfffff7f85000 4096
JIT_CAPTURE publish frame 0xfffff7f84000 4096
BENCH	transfer_table	1003	1333.789631107	121851
BENCH	transfer_class	1003	1045.638085743	121851
BENCH	transfer_mixed	1003	1351.256231306	121851
BENCH	publish_table	1003	1246.208374875	133577
BENCH	publish_class	1003	1122.231306082	133577
BENCH	publish_mixed	1003	1200.094715852	133577
[Inferior 1 (process 648463) exited normally]
[Thread debugging using libthread_db enabled]
Using host libthread_db library "/lib/aarch64-linux-gnu/libthread_db.so.1".
JIT_CAPTURE table_apply frame 0xfffff7f85000 4096
JIT_CAPTURE apply frame 0xfffff7f84000 4096
BENCH	table_events_97	1003	1158.811565304	140378
BENCH	class_events_97	1003	1230.225324028	140378
BENCH	buffers_7	1003	0.437686939	944693
BENCH	buffers_31	1003	0.437686939	861874
BENCH	calibrate_17	1003	4.329012961	5140.09375
BENCH	calibrate_67	1003	2.040877368	5049
[Inferior 1 (process 648470) exited normally]
JIT_CAPTURE_VERIFIED five canonical-frame functions
