BENCH	filter	200000	0.013480000	10.254364576940203
BENCH	channels_4	200000	0.035045000	20.621658757381574
BENCH	pressure_8	200000	0.093615000	30.900920683591639
BENCH	integration	200000	0.022445000	1562.9738403896752
BENCH	retained_input	200000	0.024595000	399985.55383443867
BENCH	branching	200000	0.017910000	1.6005902475563216
BENCH	helper_control	200000	0.019360000	3.7152600782050693
BENCH	filter	200000	0.013465000	10.254364576940203
BENCH	channels_4	200000	0.034875000	20.621658757381574
BENCH	pressure_8	200000	0.093705000	30.900920683591639
BENCH	integration	200000	0.022485000	1562.9738403896752
BENCH	retained_input	200000	0.024360000	399985.55383443867
BENCH	branching	200000	0.018040000	1.6005902475563216
BENCH	helper_control	200000	0.019310000	3.7152600782050693
BENCH	filter	200000	0.013825000	10.254364576940203
BENCH	channels_4	200000	0.035070000	20.621658757381574
BENCH	pressure_8	200000	0.093580000	30.900920683591639
BENCH	integration	200000	0.022540000	1562.9738403896752
BENCH	retained_input	200000	0.024520000	399985.55383443867
BENCH	branching	200000	0.017905000	1.6005902475563216
BENCH	helper_control	200000	0.019360000	3.7152600782050693
351.14;msec;task-clock:u;0.52%;351142081;100.00;0.973;CPUs utilized
746577325;;cycles:u;0.11%;351238627;100.00;2.111;GHz
1232737044;;instructions:u;0.00%;351238627;100.00;1.65;insn per cycle
153465;;branch-misses:u;0.19%;351238627;100.00;;
331397062;;cache-references:u;0.01%;351238627;100.00;937.243;M/sec
241037;;cache-misses:u;0.56%;351238627;100.00;0.073;of all cache refs
791;;page-faults:u;0.04%;351142081;100.00;2.237;K/sec
0;;context-switches:u;0.00%;351142081;100.00;0.000;/sec
