# To display the perf.data header info, please use --header/--header-only options.
#
#
# Total Lost Samples: 0
#
# Samples: 199  of event 'cycles:u'
# Event count (approx.): 743148452
#
# Children      Self  Command  Shared Object          Symbol                                         
# ........  ........  .......  .....................  ...............................................
#
    40.55%     0.00%  sqgi     [JIT] tid 648433       [.] 0x0000ffffa7df9b97
            |
            ---0xffffa7df9b97
               |          
               |--6.76%--0xffffa7df9690
               |          
               |--5.53%--0xffffa7df9838
               |          
               |--4.92%--0xffffa7df94e8
               |          
               |--4.91%--0xffffa7df9764
               |          
               |--4.30%--0xffffa7df95bc
               |          
               |--3.68%--0xffffa7df990c
               |          
                --2.46%--0xffffa7df9414

    15.08%     0.00%  sqgi     [JIT] tid 648433       [.] 0x0000ffffa7dfa70b
            |
            ---0xffffa7dfa70b
               |          
                --2.37%--0xffffa7dfa244

    10.41%     0.00%  sqgi     [JIT] tid 648433       [.] 0x0000ffffa7df753b
            |
            ---0xffffa7df753b
               |          
                --4.90%--0xffffa7df7198

     9.81%     0.00%  sqgi     [JIT] tid 648433       [.] 0x0000ffffa7df847f
            |
            ---0xffffa7df847f
               |          
               |--3.06%--0xffffa7df81e4
               |          
                --2.45%--0xffffa7df8280

     8.57%     0.00%  sqgi     [JIT] tid 648433       [.] 0x0000ffffa7df5207
            |
            ---0xffffa7df5207
               |          
                --6.73%--0xffffa7df5164

     7.98%     0.00%  sqgi     [JIT] tid 648433       [.] 0x0000ffffa7df6407
            |
            ---0xffffa7df6407
               |          
                --4.91%--0xffffa7df62a0

     6.76%     6.76%  sqgi     [JIT] tid 648433       [.] 0x0000ffffa7df9690
            |
            ---0xffffa7df9b97
               0xffffa7df9690

     6.73%     6.73%  sqgi     [JIT] tid 648433       [.] 0x0000ffffa7df5164
            |
            ---0xffffa7df5207
               0xffffa7df5164

     5.61%     0.00%  sqgi     [JIT] tid 648433       [.] 0x0000ffffa7dfb347
            |
            ---0xffffa7dfb347
               |          
                --5.06%--0xffffa7dfb164

     5.53%     5.53%  sqgi     [JIT] tid 648433       [.] 0x0000ffffa7df9838
            |
            ---0xffffa7df9b97
               0xffffa7df9838

     5.06%     5.06%  sqgi     [JIT] tid 648433       [.] 0x0000ffffa7dfb164
            |
            ---0xffffa7dfb347
               0xffffa7dfb164

     4.92%     4.92%  sqgi     [JIT] tid 648433       [.] 0x0000ffffa7df94e8
            |
            ---0xffffa7df9b97
               0xffffa7df94e8

     4.91%     4.91%  sqgi     [JIT] tid 648433       [.] 0x0000ffffa7df9764
            |
            ---0xffffa7df9b97
               0xffffa7df9764

     4.91%     4.91%  sqgi     [JIT] tid 648433       [.] 0x0000ffffa7df62a0
            |
            ---0xffffa7df6407
               0xffffa7df62a0

     4.90%     4.90%  sqgi     [JIT] tid 648433       [.] 0x0000ffffa7df7198
            |
            ---0xffffa7df753b
               0xffffa7df7198

     4.30%     4.30%  sqgi     [JIT] tid 648433       [.] 0x0000ffffa7df95bc
            |
            ---0xffffa7df9b97
               0xffffa7df95bc

     3.68%     3.68%  sqgi     [JIT] tid 648433       [.] 0x0000ffffa7df990c
            |
            ---0xffffa7df9b97
               0xffffa7df990c

     3.06%     3.06%  sqgi     [JIT] tid 648433       [.] 0x0000ffffa7df81e4
            |
            ---0xffffa7df847f
               0xffffa7df81e4

     2.46%     2.46%  sqgi     [JIT] tid 648433       [.] 0x0000ffffa7df9414
            |
            ---0xffffa7df9b97
               0xffffa7df9414

     2.45%     2.45%  sqgi     [JIT] tid 648433       [.] 0x0000ffffa7df8280
            |
            ---0xffffa7df847f
               0xffffa7df8280

     2.37%     2.37%  sqgi     [JIT] tid 648433       [.] 0x0000ffffa7dfa244
            |
            ---0xffffa7dfa70b
               0xffffa7dfa244



#
# (Cannot load tips.txt file, please install perf!)
#
