BENCH	direct_call	3200000	0.025667	563347
BENCH	branch_call	3200000	0.021353	599062
BENCH	float_call	3200000	0.012473	8.2204724409448815
BENCH	numeric_loop	3200000	0.022828	612398470
BENCH	vector	160000	0.364319	0.12553851953971693
BENCH	dynamic_member	160000	0.724537	7261462
BENCH	dynamic_key_get_set	160000	0.182113	6566091
BENCH	object_member_write_fallback	160000	0.471794	595919
BENCH	array_append	160000	0.109562	3048687
BENCH	array_write	160000	0.037869	831988
BENCH	array_read	3200000	0.007079	8000000
BENCH	array_float	3200000	0.006777	6400000
BENCH	math_intrinsic	160000	0.204256	2418270.8295144332
BENCH	math_variable	160000	0.220087	313782.39947747899
BENCH	matrix	160000	0.310494	-0.024510798820940455
BENCH	direct_call	3200000	0.025614	563347
BENCH	branch_call	3200000	0.021284	599062
BENCH	float_call	3200000	0.012518	8.2204724409448815
BENCH	numeric_loop	3200000	0.022826	612398470
BENCH	vector	160000	0.379088	0.12553851953971693
BENCH	dynamic_member	160000	0.724106	7261462
BENCH	dynamic_key_get_set	160000	0.182575	6566091
BENCH	object_member_write_fallback	160000	0.469219	595919
BENCH	array_append	160000	0.126919	3048687
BENCH	array_write	160000	0.037231	831988
BENCH	array_read	3200000	0.007094	8000000
BENCH	array_float	3200000	0.006795	6400000
BENCH	math_intrinsic	160000	0.204450	2418270.8295144332
BENCH	math_variable	160000	0.220606	313782.39947747899
BENCH	matrix	160000	0.310600	-0.024510798820940455
BENCH	direct_call	3200000	0.025643	563347
BENCH	branch_call	3200000	0.021398	599062
BENCH	float_call	3200000	0.012381	8.2204724409448815
BENCH	numeric_loop	3200000	0.022829	612398470
BENCH	vector	160000	0.375762	0.12553851953971693
BENCH	dynamic_member	160000	0.725294	7261462
BENCH	dynamic_key_get_set	160000	0.182631	6566091
BENCH	object_member_write_fallback	160000	0.471419	595919
BENCH	array_append	160000	0.128800	3048687
BENCH	array_write	160000	0.036825	831988
BENCH	array_read	3200000	0.007929	8000000
BENCH	array_float	3200000	0.006783	6400000
BENCH	math_intrinsic	160000	0.204675	2418270.8295144332
BENCH	math_variable	160000	0.220150	313782.39947747899
BENCH	matrix	160000	0.308737	-0.024510798820940455
4439.15;msec;task-clock:u;0.25%;4439153649;100.00;1.001;CPUs utilized
10025482401;;cycles:u;0.20%;4439569568;100.00;2.265;GHz
22870421553;;instructions:u;0.00%;4439569568;100.00;2.29;insn per cycle
3298436;;branch-misses:u;2.96%;4439569568;100.00;;
9205256037;;cache-references:u;0.13%;4439569568;100.00;2.079;G/sec
1338025;;cache-misses:u;1.80%;4439569568;100.00;0.015;of all cache refs
10510;;page-faults:u;0.00%;4439153649;100.00;2.374;K/sec
0;;context-switches:u;0.00%;4439153649;100.00;0.000;/sec
