# To display the perf.data header info, please use --header/--header-only options.
#
#
# Total Lost Samples: 0
#
# Samples: 2K of event 'cycles:u'
# Event count (approx.): 9971971251
#
# Children      Self  Command  Shared Object                 Symbol                                                                                                                                                 
# ........  ........  .......  ............................  .......................................................................................................................................................
#
    27.96%     0.00%  sqgi     libc.so.6                     [.] __libc_start_call_main
            |
            ---__libc_start_call_main
               __libc_start_call_main
               main
               |          
                --27.91%--sq_call
                          SQVM::Execute

    27.96%     0.00%  sqgi     sqgi                          [.] main
            |
            ---main
               |          
                --27.91%--sq_call
                          SQVM::Execute

    27.91%     0.00%  sqgi     sqgi                          [.] sq_call
            |
            ---sq_call
               SQVM::Execute

    27.91%    22.39%  sqgi     sqgi                          [.] SQVM::Execute
            |          
            |--22.39%--__libc_start_call_main
            |          __libc_start_call_main
            |          main
            |          sq_call
            |          SQVM::Execute
            |          
             --5.52%--SQVM::Execute

    11.29%     0.00%  sqgi     [JIT] tid 648187              [.] 0x0000ffff97c263af
            |
            ---0xffff97c263af
               |          
                --9.71%--0xffff97c26164

     9.71%     9.71%  sqgi     [JIT] tid 648187              [.] 0x0000ffff97c26164
            |
            ---0xffff97c263af
               0xffff97c26164

     9.43%     0.00%  sqgi     [JIT] tid 648187              [.] 0x0000ffff97c253db
            |
            ---0xffff97c253db
               |          
                --6.18%--0xffff97c25164

     8.34%     0.00%  sqgi     [JIT] tid 648187              [.] 0x0000ffff97c23043
            |
            ---0xffff97c23043
               |          
                --3.12%--0xffff97c23230

     6.77%     0.00%  sqgi     [JIT] tid 648187              [.] 0x0000ffff979ce32b
            |
            ---0xffff979ce32b

     6.18%     6.18%  sqgi     [JIT] tid 648187              [.] 0x0000ffff97c25164
            |
            ---0xffff97c253db
               0xffff97c25164

     5.45%     0.00%  sqgi     [JIT] tid 648187              [.] 0x0000ffff97c24313
            |
            ---0xffff97c24313
               |          
                --4.49%--0xffff97c24164

     4.49%     4.49%  sqgi     [JIT] tid 648187              [.] 0x0000ffff97c24164
            |
            ---0xffff97c24313
               0xffff97c24164

     3.80%     3.80%  sqgi     [JIT] tid 648187              [.] 0x0000ffff97c23230
            |          
             --3.12%--0xffff97c23043
                       0xffff97c23230

     3.20%     0.00%  sqgi     [JIT] tid 648187              [.] 0x0000ffff97a1210f
            |
            ---0xffff97a1210f

     2.88%     2.88%  sqgi     sqgi                          [.] SQTable::Get
     2.52%     0.78%  sqgi     sqgi                          [.] sqjit_a64_helper_member_native_closure_guard
     2.47%     1.05%  sqgi     sqgi                          [.] sqjit_number_conversion_guard
     2.15%     0.00%  sqgi     sqgi                          [.] SQObjectPtr::operator= (inlined)
            |
            ---SQObjectPtr::operator= (inlined)

     2.11%     0.00%  sqgi     [JIT] tid 648187              [.] 0x0000ffff97c2911b
            |
            ---0xffff97c2911b

     2.01%     0.00%  sqgi     [JIT] tid 648187              [.] 0x0000ffff97c2813b
            |
            ---0xffff97c2813b



#
# (Cannot load tips.txt file, please install perf!)
#
