BENCH	table_events_97	200000	0.413435000	10069540
BENCH	class_events_97	200000	0.409895000	10069540
BENCH	buffers_7	200000	0.431055000	65667
BENCH	buffers_31	200000	0.431235000	651677
BENCH	calibrate_17	200000	0.082935000	1040538.515625
BENCH	calibrate_67	200000	0.083525000	1040417.796875
BENCH	table_events_97	200000	0.414190000	10069540
BENCH	class_events_97	200000	0.409620000	10069540
BENCH	buffers_7	200000	0.431905000	65667
BENCH	buffers_31	200000	0.430695000	651677
BENCH	calibrate_17	200000	0.082995000	1040538.515625
BENCH	calibrate_67	200000	0.083815000	1040417.796875
BENCH	table_events_97	200000	0.415925000	10069540
BENCH	class_events_97	200000	0.411895000	10069540
BENCH	buffers_7	200000	0.432250000	65667
BENCH	buffers_31	200000	0.430215000	651677
BENCH	calibrate_17	200000	0.083075000	1040538.515625
BENCH	calibrate_67	200000	0.084000000	1040417.796875
2620.63;msec;task-clock:u;0.10%;2620628784;100.00;0.998;CPUs utilized
5962969367;;cycles:u;0.09%;2620896233;100.00;2.277;GHz
17364346952;;instructions:u;0.00%;2620896233;100.00;2.92;insn per cycle
3388651;;branch-misses:u;0.27%;2620896233;100.00;;
7149749520;;cache-references:u;0.01%;2620896233;100.00;2.730;G/sec
5718144;;cache-misses:u;0.88%;2620896233;100.00;0.080;of all cache refs
811;;page-faults:u;0.04%;2620628784;100.00;309.638;/sec
0;;context-switches:u;0.00%;2620628784;100.00;0.000;/sec
