# To display the perf.data header info, please use --header/--header-only options.
#
#
# Total Lost Samples: 0
#
# Samples: 1K of event 'cycles:u'
# Event count (approx.): 5943767003
#
# Children      Self  Command  Shared Object                 Symbol                                         
# ........  ........  .......  ............................  ...............................................
#
    78.64%     0.00%  sqgi     sqgi                          [.] _start
            |
            ---_start
               __libc_start_main_impl (inlined)
               __libc_start_call_main
               main
               |          
                --78.52%--sq_call
                          SQVM::Execute
                          |          
                          |--6.30%--sq_member_cache_hit (inlined)
                          |          |          
                          |           --4.91%--SQTable::GetCachedSlot (inlined)
                          |          
                          |--5.90%--sqjit_try_execute_current
                          |          |          
                          |           --2.46%--SQVM::Return
                          |          
                          |--5.90%--SQObjectPtr::operator= (inlined)
                          |          
                          |--3.46%--SQVM::Get
                          |          |          
                          |           --2.15%--SQTable::Get
                          |          
                          |--3.20%--sqjit_try_execute_current_loop
                          |          
                          |--2.53%--SQVM::CMP_OP
                          |          
                          |--2.38%--sq_member_raw_slot (inlined)
                          |          SQTable::GetRawSlot (inlined)
                          |          
                           --2.30%--sq_vm_member_cache_for (inlined)

    78.64%     0.00%  sqgi     libc.so.6                     [.] __libc_start_main_impl (inlined)
            |
            ---__libc_start_main_impl (inlined)
               __libc_start_call_main
               main
               |          
                --78.52%--sq_call
                          SQVM::Execute
                          |          
                          |--6.30%--sq_member_cache_hit (inlined)
                          |          |          
                          |           --4.91%--SQTable::GetCachedSlot (inlined)
                          |          
                          |--5.90%--sqjit_try_execute_current
                          |          |          
                          |           --2.46%--SQVM::Return
                          |          
                          |--5.90%--SQObjectPtr::operator= (inlined)
                          |          
                          |--3.46%--SQVM::Get
                          |          |          
                          |           --2.15%--SQTable::Get
                          |          
                          |--3.20%--sqjit_try_execute_current_loop
                          |          
                          |--2.53%--SQVM::CMP_OP
                          |          
                          |--2.38%--sq_member_raw_slot (inlined)
                          |          SQTable::GetRawSlot (inlined)
                          |          
                           --2.30%--sq_vm_member_cache_for (inlined)

    78.64%     0.00%  sqgi     libc.so.6                     [.] __libc_start_call_main
            |
            ---__libc_start_call_main
               main
               |          
                --78.52%--sq_call
                          SQVM::Execute
                          |          
                          |--6.30%--sq_member_cache_hit (inlined)
                          |          |          
                          |           --4.91%--SQTable::GetCachedSlot (inlined)
                          |          
                          |--5.90%--sqjit_try_execute_current
                          |          |          
                          |           --2.46%--SQVM::Return
                          |          
                          |--5.90%--SQObjectPtr::operator= (inlined)
                          |          
                          |--3.46%--SQVM::Get
                          |          |          
                          |           --2.15%--SQTable::Get
                          |          
                          |--3.20%--sqjit_try_execute_current_loop
                          |          
                          |--2.53%--SQVM::CMP_OP
                          |          
                          |--2.38%--sq_member_raw_slot (inlined)
                          |          SQTable::GetRawSlot (inlined)
                          |          
                           --2.30%--sq_vm_member_cache_for (inlined)

    78.64%     0.00%  sqgi     sqgi                          [.] main
            |
            ---main
               |          
                --78.52%--sq_call
                          SQVM::Execute
                          |          
                          |--6.30%--sq_member_cache_hit (inlined)
                          |          |          
                          |           --4.91%--SQTable::GetCachedSlot (inlined)
                          |          
                          |--5.90%--sqjit_try_execute_current
                          |          |          
                          |           --2.46%--SQVM::Return
                          |          
                          |--5.90%--SQObjectPtr::operator= (inlined)
                          |          
                          |--3.46%--SQVM::Get
                          |          |          
                          |           --2.15%--SQTable::Get
                          |          
                          |--3.20%--sqjit_try_execute_current_loop
                          |          
                          |--2.53%--SQVM::CMP_OP
                          |          
                          |--2.38%--sq_member_raw_slot (inlined)
                          |          SQTable::GetRawSlot (inlined)
                          |          
                           --2.30%--sq_vm_member_cache_for (inlined)

    78.52%    58.80%  sqgi     sqgi                          [.] SQVM::Execute
            |          
            |--58.80%--_start
            |          __libc_start_main_impl (inlined)
            |          __libc_start_call_main
            |          main
            |          sq_call
            |          SQVM::Execute
            |          |          
            |          |--6.30%--sq_member_cache_hit (inlined)
            |          |          |          
            |          |           --4.91%--SQTable::GetCachedSlot (inlined)
            |          |          
            |          |--5.90%--SQObjectPtr::operator= (inlined)
            |          |          
            |          |--2.38%--sq_member_raw_slot (inlined)
            |          |          SQTable::GetRawSlot (inlined)
            |          |          
            |           --2.30%--sq_vm_member_cache_for (inlined)
            |          
             --19.72%--SQVM::Execute
                       |          
                       |--5.90%--sqjit_try_execute_current
                       |          |          
                       |           --2.46%--SQVM::Return
                       |          
                       |--3.46%--SQVM::Get
                       |          |          
                       |           --2.15%--SQTable::Get
                       |          
                       |--3.20%--sqjit_try_execute_current_loop
                       |          
                        --2.53%--SQVM::CMP_OP

    78.52%     0.00%  sqgi     sqgi                          [.] sq_call
            |
            ---sq_call
               SQVM::Execute
               |          
               |--6.30%--sq_member_cache_hit (inlined)
               |          |          
               |           --4.91%--SQTable::GetCachedSlot (inlined)
               |          
               |--5.90%--sqjit_try_execute_current
               |          |          
               |           --2.46%--SQVM::Return
               |          
               |--5.90%--SQObjectPtr::operator= (inlined)
               |          
               |--3.46%--SQVM::Get
               |          |          
               |           --2.15%--SQTable::Get
               |          
               |--3.20%--sqjit_try_execute_current_loop
               |          
               |--2.53%--SQVM::CMP_OP
               |          
               |--2.38%--sq_member_raw_slot (inlined)
               |          SQTable::GetRawSlot (inlined)
               |          
                --2.30%--sq_vm_member_cache_for (inlined)

     7.43%     0.00%  sqgi     sqgi                          [.] SQObjectPtr::operator= (inlined)
            |
            ---SQObjectPtr::operator= (inlined)

     6.30%     0.00%  sqgi     sqgi                          [.] sq_member_cache_hit (inlined)
            |
            ---sq_member_cache_hit (inlined)
               |          
                --4.91%--SQTable::GetCachedSlot (inlined)

     5.98%     2.29%  sqgi     sqgi                          [.] sqjit_try_execute_current
            |          
            |--3.69%--sqjit_try_execute_current
            |          |          
            |           --2.46%--SQVM::Return
            |          
             --2.29%--_start
                       __libc_start_main_impl (inlined)
                       __libc_start_call_main
                       main
                       sq_call
                       SQVM::Execute
                       sqjit_try_execute_current

     5.06%     0.00%  sqgi     [JIT] tid 648270              [.] 0x0000ffff85b2f42f
            |
            ---0xffff85b2f42f

     4.91%     0.00%  sqgi     sqgi                          [.] SQTable::GetCachedSlot (inlined)
            |
            ---SQTable::GetCachedSlot (inlined)

     3.46%     0.69%  sqgi     sqgi                          [.] SQVM::Get
            |          
             --2.77%--SQVM::Get
                       |          
                        --2.15%--SQTable::Get

     3.45%     0.00%  sqgi     [JIT] tid 648270              [.] 0x0000ffff85d334c7
            |
            ---0xffff85d334c7

     3.37%     0.00%  sqgi     [JIT] tid 648270              [.] 0x0000ffff85d344c7
            |
            ---0xffff85d344c7

     3.30%     3.22%  sqgi     sqgi                          [.] sqjit_a64_precise_step<(SQOpcode)14, false>
     3.20%     2.59%  sqgi     sqgi                          [.] sqjit_try_execute_current_loop
            |          
             --2.59%--_start
                       __libc_start_main_impl (inlined)
                       __libc_start_call_main
                       main
                       sq_call
                       SQVM::Execute
                       sqjit_try_execute_current_loop

     2.92%     2.92%  sqgi     sqgi                          [.] SQTable::Get
            |          
             --2.23%--_start
                       __libc_start_main_impl (inlined)
                       __libc_start_call_main
                       main
                       sq_call
                       SQVM::Execute
                       SQVM::Get
                       |          
                        --2.15%--SQTable::Get

     2.68%     2.68%  sqgi     sqgi                          [.] sqjit_a64_precise_step<(SQOpcode)9, true>
     2.53%     0.77%  sqgi     sqgi                          [.] SQVM::CMP_OP
     2.46%     1.54%  sqgi     sqgi                          [.] SQVM::Return
     2.38%     0.00%  sqgi     sqgi                          [.] sq_member_raw_slot (inlined)
            |
            ---sq_member_raw_slot (inlined)
               SQTable::GetRawSlot (inlined)

     2.38%     0.00%  sqgi     sqgi                          [.] SQTable::GetRawSlot (inlined)
            |
            ---SQTable::GetRawSlot (inlined)

     2.30%     0.00%  sqgi     sqgi                          [.] sq_vm_member_cache_for (inlined)
            |
            ---sq_vm_member_cache_for (inlined)

     2.22%     0.00%  sqgi     [JIT] tid 648270              [.] 0x0000ffff85d34157
            |
            ---0xffff85d34157

     2.15%     0.00%  sqgi     sqgi                          [.] sqjit_a64_precise_member<false> (inlined)
            |
            ---sqjit_a64_precise_member<false> (inlined)

     2.07%     1.30%  sqgi     sqgi                          [.] sqjit_number_conversion_guard


#
# (Cannot load tips.txt file, please install perf!)
#
