# To display the perf.data header info, please use --header/--header-only options.
#
#
# Total Lost Samples: 0
#
# Samples: 1K of event 'cycles:u'
# Event count (approx.): 7989902162
#
# Children      Self  Command  Shared Object                 Symbol                                         
# ........  ........  .......  ............................  ...............................................
#
    75.83%     0.00%  sqgi     libc.so.6                     [.] __libc_start_call_main
            |
            ---__libc_start_call_main
               __libc_start_call_main
               main
               |          
                --75.77%--sq_call
                          SQVM::Execute
                          |          
                          |--14.26%--sqjit_try_execute_current
                          |          |          
                          |           --5.82%--SQVM::Return
                          |                     |          
                          |                      --2.80%--SQVM::LeaveFrame
                          |          
                          |--4.62%--SQObjectPtr::operator= (inlined)
                          |          
                          |--4.13%--SQArray::Get (inlined)
                          |          |          
                          |           --3.39%--SQArray::Get (inlined)
                          |          
                          |--3.88%--sqjit_try_execute_current_loop
                          |          
                          |--3.42%--SQVM::StartCall
                          |          
                          |--3.03%--SQVM::CMP_OP
                          |          
                           --2.80%--sqjit_try_execute_closure

    75.83%     0.00%  sqgi     sqgi                          [.] main
            |
            ---main
               |          
                --75.77%--sq_call
                          SQVM::Execute
                          |          
                          |--14.26%--sqjit_try_execute_current
                          |          |          
                          |           --5.82%--SQVM::Return
                          |                     |          
                          |                      --2.80%--SQVM::LeaveFrame
                          |          
                          |--4.62%--SQObjectPtr::operator= (inlined)
                          |          
                          |--4.13%--SQArray::Get (inlined)
                          |          |          
                          |           --3.39%--SQArray::Get (inlined)
                          |          
                          |--3.88%--sqjit_try_execute_current_loop
                          |          
                          |--3.42%--SQVM::StartCall
                          |          
                          |--3.03%--SQVM::CMP_OP
                          |          
                           --2.80%--sqjit_try_execute_closure

    75.77%     0.00%  sqgi     sqgi                          [.] sq_call
            |
            ---sq_call
               SQVM::Execute
               |          
               |--14.26%--sqjit_try_execute_current
               |          |          
               |           --5.82%--SQVM::Return
               |                     |          
               |                      --2.80%--SQVM::LeaveFrame
               |          
               |--4.62%--SQObjectPtr::operator= (inlined)
               |          
               |--4.13%--SQArray::Get (inlined)
               |          |          
               |           --3.39%--SQArray::Get (inlined)
               |          
               |--3.88%--sqjit_try_execute_current_loop
               |          
               |--3.42%--SQVM::StartCall
               |          
               |--3.03%--SQVM::CMP_OP
               |          
                --2.80%--sqjit_try_execute_closure

    75.77%    45.47%  sqgi     sqgi                          [.] SQVM::Execute
            |          
            |--45.47%--__libc_start_call_main
            |          __libc_start_call_main
            |          main
            |          sq_call
            |          SQVM::Execute
            |          |          
            |          |--4.62%--SQObjectPtr::operator= (inlined)
            |          |          
            |           --4.13%--SQArray::Get (inlined)
            |                     |          
            |                      --3.39%--SQArray::Get (inlined)
            |          
             --30.30%--SQVM::Execute
                       |          
                       |--14.26%--sqjit_try_execute_current
                       |          |          
                       |           --5.82%--SQVM::Return
                       |                     |          
                       |                      --2.80%--SQVM::LeaveFrame
                       |          
                       |--3.88%--sqjit_try_execute_current_loop
                       |          
                       |--3.42%--SQVM::StartCall
                       |          
                       |--3.03%--SQVM::CMP_OP
                       |          
                        --2.80%--sqjit_try_execute_closure

    14.54%     5.36%  sqgi     sqgi                          [.] sqjit_try_execute_current
            |          
            |--9.18%--sqjit_try_execute_current
            |          |          
            |           --5.82%--SQVM::Return
            |                     |          
            |                      --2.80%--SQVM::LeaveFrame
            |          
             --5.36%--__libc_start_call_main
                       __libc_start_call_main
                       main
                       sq_call
                       SQVM::Execute
                       sqjit_try_execute_current

     8.79%     7.71%  sqgi     sqgi                          [.] sqjit_a64_precise_step<(SQOpcode)13, true>
            |          
             --2.45%--0xffff96b1b12f
                       0xffff96b1b12f
                       sqjit_a64_precise_step<(SQOpcode)13, true>

     6.09%     0.00%  sqgi     sqgi                          [.] SQObjectPtr::operator= (inlined)
            |
            ---SQObjectPtr::operator= (inlined)

     5.82%     3.02%  sqgi     sqgi                          [.] SQVM::Return
            |          
            |--3.02%--__libc_start_call_main
            |          __libc_start_call_main
            |          main
            |          sq_call
            |          SQVM::Execute
            |          sqjit_try_execute_current
            |          SQVM::Return
            |          
             --2.80%--SQVM::Return
                       SQVM::LeaveFrame

     4.85%     0.00%  sqgi     sqgi                          [.] sqjit_a64_precise_member<true> (inlined)
            |
            ---sqjit_a64_precise_member<true> (inlined)
               |          
                --4.05%--sq_member_raw_slot (inlined)
                          |          
                           --2.63%--SQTable::GetRawSlot (inlined)

     4.13%     0.00%  sqgi     sqgi                          [.] SQArray::Get (inlined)
            |
            ---SQArray::Get (inlined)
               |          
                --3.39%--SQArray::Get (inlined)

     4.05%     0.00%  sqgi     sqgi                          [.] sq_member_raw_slot (inlined)
            |
            ---sq_member_raw_slot (inlined)
               |          
                --2.63%--SQTable::GetRawSlot (inlined)

     3.97%     0.00%  sqgi     [JIT] tid 648323              [.] 0x0000ffff96b1c3d7
            |
            ---0xffff96b1c3d7

     3.88%     2.74%  sqgi     sqgi                          [.] sqjit_try_execute_current_loop
            |          
             --2.74%--__libc_start_call_main
                       __libc_start_call_main
                       main
                       sq_call
                       SQVM::Execute
                       sqjit_try_execute_current_loop

     3.79%     0.00%  sqgi     [JIT] tid 648323              [.] 0x0000ffff96b1c0eb
            |
            ---0xffff96b1c0eb
               |          
                --2.42%--0xffff96b1c0eb
                          sqjit_a64_precise_step<(SQOpcode)14, true>

     3.71%     0.00%  sqgi     sqgi                          [.] SQTable::GetRawSlot (inlined)
            |
            ---SQTable::GetRawSlot (inlined)
               |          
                --2.17%--SQTable::_Get (inlined)

     3.60%     0.00%  sqgi     [JIT] tid 648323              [.] 0x0000ffff96b1b2ef
            |
            ---0xffff96b1b2ef

     3.42%     2.57%  sqgi     sqgi                          [.] SQVM::StartCall
            |          
             --2.57%--__libc_start_call_main
                       __libc_start_call_main
                       main
                       sq_call
                       SQVM::Execute
                       SQVM::StartCall

     3.14%     0.00%  sqgi     [JIT] tid 648323              [.] 0x0000ffff96b1b12f
            |
            ---0xffff96b1b12f
               |          
                --2.85%--0xffff96b1b12f
                          sqjit_a64_precise_step<(SQOpcode)13, true>

     3.03%     1.31%  sqgi     sqgi                          [.] SQVM::CMP_OP
     2.85%     0.00%  sqgi     [JIT] tid 648323              [.] 0x0000ffff96b1b20f
            |
            ---0xffff96b1b20f
               |          
                --2.40%--0xffff96b1b20f
                          sqjit_a64_precise_step<(SQOpcode)13, true>

     2.80%     2.57%  sqgi     sqgi                          [.] sqjit_try_execute_closure
            |          
             --2.57%--__libc_start_call_main
                       __libc_start_call_main
                       main
                       sq_call
                       SQVM::Execute
                       sqjit_try_execute_closure

     2.80%     2.80%  sqgi     sqgi                          [.] SQVM::LeaveFrame
            |
            ---__libc_start_call_main
               __libc_start_call_main
               main
               sq_call
               SQVM::Execute
               sqjit_try_execute_current
               SQVM::Return
               SQVM::LeaveFrame

     2.50%     2.50%  sqgi     sqgi                          [.] sqjit_a64_precise_step<(SQOpcode)9, true>
            |
            ---0xffff96b1c083
               0xffff96b1c083
               sqjit_a64_precise_step<(SQOpcode)9, true>

     2.50%     0.00%  sqgi     [JIT] tid 648323              [.] 0x0000ffff96b1c083
            |
            ---0xffff96b1c083
               0xffff96b1c083
               sqjit_a64_precise_step<(SQOpcode)9, true>

     2.42%     2.42%  sqgi     sqgi                          [.] sqjit_a64_precise_step<(SQOpcode)14, true>
            |
            ---0xffff96b1c0eb
               0xffff96b1c0eb
               sqjit_a64_precise_step<(SQOpcode)14, true>

     2.17%     0.00%  sqgi     sqgi                          [.] SQTable::_Get (inlined)
            |
            ---SQTable::_Get (inlined)



#
# (Cannot load tips.txt file, please install perf!)
#
