BENCH	transfer_table	200000	0.433575000	141925
BENCH	transfer_class	200000	0.439165000	141925
BENCH	transfer_mixed	200000	0.446360000	141925
BENCH	publish_table	200000	0.388770000	410680
BENCH	publish_class	200000	0.396530000	410680
BENCH	publish_mixed	200000	0.398625000	410680
BENCH	transfer_table	200000	0.437510000	141925
BENCH	transfer_class	200000	0.445190000	141925
BENCH	transfer_mixed	200000	0.447470000	141925
BENCH	publish_table	200000	0.388785000	410680
BENCH	publish_class	200000	0.396960000	410680
BENCH	publish_mixed	200000	0.399855000	410680
BENCH	transfer_table	200000	0.431675000	141925
BENCH	transfer_class	200000	0.442760000	141925
BENCH	transfer_mixed	200000	0.443680000	141925
BENCH	publish_table	200000	0.388140000	410680
BENCH	publish_class	200000	0.396685000	410680
BENCH	publish_mixed	200000	0.399350000	410680
3535.09;msec;task-clock:u;0.15%;3535085142;100.00;0.995;CPUs utilized
8024035429;;cycles:u;0.19%;3535437791;100.00;2.265;GHz
23316799191;;instructions:u;0.00%;3535437791;100.00;2.90;insn per cycle
1672187;;branch-misses:u;0.57%;3535437791;100.00;;
9601165909;;cache-references:u;0.02%;3535437791;100.00;2.710;G/sec
313179;;cache-misses:u;47.03%;3535437791;100.00;0.003;of all cache refs
796;;page-faults:u;0.11%;3535085142;100.00;224.717;/sec
0;;context-switches:u;0.00%;3535085142;100.00;0.000;/sec
