BENCH	table_owners_1	200000	0.142635000	5098276961
BENCH	table_owners_2	200000	0.142695000	5098477602
BENCH	table_owners_5	200000	0.142595000	5097878556
BENCH	table_owners_19	200000	0.142505000	5098684496
BENCH	table_owners_257	200000	0.143000000	5100408060
BENCH	class_owners_1	200000	0.142660000	5098276961
BENCH	class_owners_2	200000	0.142560000	5098477602
BENCH	class_owners_5	200000	0.142605000	5097878556
BENCH	class_owners_19	200000	0.142565000	5098684496
BENCH	class_owners_257	200000	0.142995000	5100408060
BENCH	table_owners_1	200000	0.142245000	5098276961
BENCH	table_owners_2	200000	0.142590000	5098477602
BENCH	table_owners_5	200000	0.142155000	5097878556
BENCH	table_owners_19	200000	0.142090000	5098684496
BENCH	table_owners_257	200000	0.142740000	5100408060
BENCH	class_owners_1	200000	0.142280000	5098276961
BENCH	class_owners_2	200000	0.142170000	5098477602
BENCH	class_owners_5	200000	0.142130000	5097878556
BENCH	class_owners_19	200000	0.142195000	5098684496
BENCH	class_owners_257	200000	0.142430000	5100408060
BENCH	table_owners_1	200000	0.142080000	5098276961
BENCH	table_owners_2	200000	0.142155000	5098477602
BENCH	table_owners_5	200000	0.142195000	5097878556
BENCH	table_owners_19	200000	0.142245000	5098684496
BENCH	table_owners_257	200000	0.142595000	5100408060
BENCH	class_owners_1	200000	0.142250000	5098276961
BENCH	class_owners_2	200000	0.142115000	5098477602
BENCH	class_owners_5	200000	0.142110000	5097878556
BENCH	class_owners_19	200000	0.142160000	5098684496
BENCH	class_owners_257	200000	0.142640000	5100408060
2011.00;msec;task-clock:u;0.16%;2011004324;100.00;0.994;CPUs utilized
4572181270;;cycles:u;0.08%;2011204415;100.00;2.266;GHz
13468209620;;instructions:u;0.00%;2011204415;100.00;2.94;insn per cycle
140526;;branch-misses:u;0.95%;2011204415;100.00;;
5274998643;;cache-references:u;0.00%;2011204415;100.00;2.615;G/sec
257988;;cache-misses:u;1.43%;2011204415;100.00;0.005;of all cache refs
788;;page-faults:u;0.11%;2011004324;100.00;390.622;/sec
0;;context-switches:u;0.00%;2011004324;100.00;0.000;/sec
