BENCH	receiver_integer	200000	0.054475000	595177
BENCH	root_integer	200000	0.063675000	595177
BENCH	root_reference	200000	0.088155000	799457
BENCH	root_integer_result	200000	0.065115000	795177
BENCH	receiver_integer	200000	0.054315000	595177
BENCH	root_integer	200000	0.063255000	595177
BENCH	root_reference	200000	0.086160000	799457
BENCH	root_integer_result	200000	0.065210000	795177
BENCH	receiver_integer	200000	0.054270000	595177
BENCH	root_integer	200000	0.063765000	595177
BENCH	root_reference	200000	0.084000000	799457
BENCH	root_integer_result	200000	0.065285000	795177
398.62;msec;task-clock:u;1.68%;398618793;100.00;0.970;CPUs utilized
882475216;;cycles:u;0.52%;398682671;100.00;2.174;GHz
2937514218;;instructions:u;0.12%;398682671;100.00;3.31;insn per cycle
219479;;branch-misses:u;61.14%;398682671;100.00;;
1008926784;;cache-references:u;0.45%;398682671;100.00;2.486;G/sec
199007;;cache-misses:u;0.72%;398682671;100.00;0.020;of all cache refs
780;;page-faults:u;0.07%;398618793;100.00;1.922;K/sec
0;;context-switches:u;0.00%;398618793;100.00;0.000;/sec
