# To display the perf.data header info, please use --header/--header-only options.
#
#
# Total Lost Samples: 0
#
# Samples: 226  of event 'cycles:u'
# Event count (approx.): 883775492
#
# Children      Self  Command  Shared Object                 Symbol                                                                                                                                                         
# ........  ........  .......  ............................  ...............................................................................................................................................................
#
    22.20%     0.00%  sqgi     [JIT] tid 648245              [.] 0x0000ffff80da6207
            |
            ---0xffff80da6207
               |          
                --19.11%--0xffff80da6207
                          sqjit_a64_helper_member_set_reference_logged
                          |          
                          |--9.29%--sqjit_a64_helper_member_set_reference_logged
                          |          SQJitWriteLog::RecordMember
                          |          |          
                          |          |--5.68%--SQJitWriteLog::ContainsMember<true> (inlined)
                          |          |          |          
                          |          |           --2.07%--SQJitWriteLog::ContainsMember<true>(SQObjectPtr const&, SQObjectPtr const&, SQObjectPtr const&) const::{lambda(SQJitWriteLog::Entry const&)#1}::operator() (inlined)
                          |          |          
                          |           --3.10%--SQJitWriteLog::CanRelease
                          |          
                           --7.23%--sqjit_a64_member_store_slot (inlined)
                                     sqjit_a64_member_store_slot (inlined)
                                     |          
                                     |--5.16%--sqjit_a64_resolve_store_slot (inlined)
                                     |          |          
                                     |           --4.65%--sq_member_raw_slot (inlined)
                                     |                     SQTable::GetRawSlot (inlined)
                                     |                     |          
                                     |                      --3.61%--SQTable::_Get (inlined)
                                     |          
                                      --2.07%--sqjit_a64_helper_member_set_reference_logged
                                                sqjit_a64_resolve_root_store_slot

    20.64%     6.20%  sqgi     sqgi                          [.] sqjit_a64_helper_member_set_integer_logged
            |          
            |--14.45%--sqjit_a64_helper_member_set_integer_logged
            |          |          
            |          |--8.77%--sqjit_a64_helper_member_set_integer_logged
            |          |          SQJitWriteLog::RecordMember
            |          |          |          
            |          |           --5.16%--SQJitWriteLog::CanRelease
            |          |          
            |           --5.68%--sqjit_a64_member_store_slot (inlined)
            |                     sqjit_a64_member_store_slot (inlined)
            |                     sqjit_a64_helper_member_set_integer_logged
            |                     sqjit_a64_resolve_root_store_slot
            |                     |          
            |                      --3.61%--SQTable::GetRawSlot (inlined)
            |                                |          
            |                                 --2.58%--SQTable::_Get (inlined)
            |          
            |--4.13%--0xffff80da51db
            |          0xffff80da51db
            |          sqjit_a64_helper_member_set_integer_logged
            |          |          
            |           --2.07%--sqjit_a64_member_store_slot (inlined)
            |          
             --2.07%--0xffff80da71f7
                       0xffff80da71f7
                       sqjit_a64_helper_member_set_integer_logged

    20.43%    10.33%  sqgi     sqgi                          [.] SQJitWriteLog::RecordMember
            |          
            |--10.10%--SQJitWriteLog::RecordMember
            |          |          
            |           --9.58%--SQJitWriteLog::CanRelease
            |          
            |--5.68%--0xffff80da6207
            |          0xffff80da6207
            |          sqjit_a64_helper_member_set_reference_logged
            |          sqjit_a64_helper_member_set_reference_logged
            |          SQJitWriteLog::RecordMember
            |          |          
            |           --5.16%--SQJitWriteLog::ContainsMember<true> (inlined)
            |                     |          
            |                      --2.07%--SQJitWriteLog::ContainsMember<true>(SQObjectPtr const&, SQObjectPtr const&, SQObjectPtr const&) const::{lambda(SQJitWriteLog::Entry const&)#1}::operator() (inlined)
            |          
             --3.10%--0xffff80da51db
                       0xffff80da51db
                       sqjit_a64_helper_member_set_integer_logged
                       sqjit_a64_helper_member_set_integer_logged
                       SQJitWriteLog::RecordMember

    19.11%     7.74%  sqgi     sqgi                          [.] sqjit_a64_helper_member_set_reference_logged
            |          
            |--11.36%--sqjit_a64_helper_member_set_reference_logged
            |          |          
            |          |--9.29%--sqjit_a64_helper_member_set_reference_logged
            |          |          SQJitWriteLog::RecordMember
            |          |          |          
            |          |          |--5.68%--SQJitWriteLog::ContainsMember<true> (inlined)
            |          |          |          |          
            |          |          |           --2.07%--SQJitWriteLog::ContainsMember<true>(SQObjectPtr const&, SQObjectPtr const&, SQObjectPtr const&) const::{lambda(SQJitWriteLog::Entry const&)#1}::operator() (inlined)
            |          |          |          
            |          |           --3.10%--SQJitWriteLog::CanRelease
            |          |          
            |           --2.07%--sqjit_a64_member_store_slot (inlined)
            |                     sqjit_a64_member_store_slot (inlined)
            |                     sqjit_a64_helper_member_set_reference_logged
            |                     sqjit_a64_resolve_root_store_slot
            |          
             --7.74%--0xffff80da6207
                       0xffff80da6207
                       sqjit_a64_helper_member_set_reference_logged
                       |          
                        --5.16%--sqjit_a64_member_store_slot (inlined)
                                  sqjit_a64_member_store_slot (inlined)
                                  sqjit_a64_resolve_store_slot (inlined)
                                  |          
                                   --4.65%--sq_member_raw_slot (inlined)
                                             SQTable::GetRawSlot (inlined)
                                             |          
                                              --3.61%--SQTable::_Get (inlined)

    14.96%     0.00%  sqgi     [JIT] tid 648245              [.] 0x0000ffff80da51db
            |
            ---0xffff80da51db
               |          
                --12.38%--0xffff80da51db
                          sqjit_a64_helper_member_set_integer_logged
                          |          
                          |--6.19%--sqjit_a64_helper_member_set_integer_logged
                          |          SQJitWriteLog::RecordMember
                          |          |          
                          |           --3.09%--SQJitWriteLog::CanRelease
                          |          
                           --4.13%--sqjit_a64_member_store_slot (inlined)
                                     |          
                                      --3.61%--sqjit_a64_member_store_slot (inlined)
                                                |          
                                                 --2.06%--sqjit_a64_helper_member_set_integer_logged
                                                           sqjit_a64_resolve_root_store_slot

    12.89%     0.00%  sqgi     [JIT] tid 648245              [.] 0x0000ffff80da71f7
            |
            ---0xffff80da71f7
               |          
                --10.83%--0xffff80da71f7
                          sqjit_a64_helper_member_set_integer_logged
                          |          
                          |--6.70%--sqjit_a64_member_store_slot (inlined)
                          |          |          
                          |           --5.68%--sqjit_a64_member_store_slot (inlined)
                          |                     |          
                          |                      --4.13%--sqjit_a64_helper_member_set_integer_logged
                          |                                sqjit_a64_resolve_root_store_slot
                          |                                |          
                          |                                 --2.58%--SQTable::GetRawSlot (inlined)
                          |                                           |          
                          |                                            --2.06%--SQTable::_Get (inlined)
                          |          
                           --3.61%--sqjit_a64_helper_member_set_integer_logged
                                     SQJitWriteLog::RecordMember
                                     |          
                                      --2.58%--SQJitWriteLog::CanRelease

    12.39%     2.07%  sqgi     sqgi                          [.] sqjit_a64_helper_member_closure_guard
            |          
             --10.32%--sqjit_a64_helper_member_closure_guard
                       sqjit_a64_helper_member_closure_guard
                       sqjit_a64_borrow_member_ptr_value
                       |          
                        --6.19%--SQTable::GetRawSlot (inlined)
                                  |          
                                   --4.13%--SQTable::_Get (inlined)

    10.83%     0.00%  sqgi     sqgi                          [.] sqjit_a64_member_store_slot (inlined)
            |
            ---sqjit_a64_member_store_slot (inlined)
               |          
                --9.29%--sqjit_a64_member_store_slot (inlined)
                          |          
                          |--6.19%--sqjit_a64_helper_member_set_integer_logged
                          |          sqjit_a64_resolve_root_store_slot
                          |          |          
                          |           --3.61%--SQTable::GetRawSlot (inlined)
                          |                     |          
                          |                      --2.58%--SQTable::_Get (inlined)
                          |          
                           --3.10%--sqjit_a64_resolve_store_slot (inlined)
                                     |          
                                      --2.58%--sq_member_raw_slot (inlined)
                                                |          
                                                 --2.06%--SQTable::GetRawSlot (inlined)
                                                           SQTable::_Get (inlined)

    10.32%    10.32%  sqgi     sqgi                          [.] sqjit_a64_borrow_member_ptr_value
            |          
            |--4.64%--0xffff80da514f
            |          0xffff80da514f
            |          sqjit_a64_helper_member_closure_guard
            |          sqjit_a64_helper_member_closure_guard
            |          sqjit_a64_borrow_member_ptr_value
            |          |          
            |           --3.10%--SQTable::GetRawSlot (inlined)
            |          
             --4.13%--0xffff80da614b
                       0xffff80da614b
                       sqjit_a64_helper_member_closure_guard
                       sqjit_a64_helper_member_closure_guard
                       sqjit_a64_borrow_member_ptr_value

    10.17%     0.00%  sqgi     sqgi                          [.] SQTable::GetRawSlot (inlined)
            |
            ---SQTable::GetRawSlot (inlined)
               |          
               |--7.09%--SQTable::_Get (inlined)
               |          
                --2.05%--HashObj (inlined)

     9.88%     0.00%  sqgi     [JIT] tid 648245              [.] 0x0000ffff80da816b
            |
            ---0xffff80da816b
               |          
               |--5.35%--0xffff80da816b
               |          sqjit_a64_helper_member_closure_guard
               |          |          
               |           --3.30%--sqjit_a64_helper_member_closure_guard
               |                     sqjit_a64_borrow_member_ptr_value
               |                     |          
               |                      --2.95%--SQTable::GetRawSlot (inlined)
               |                                |          
               |                                 --2.45%--SQTable::_Get (inlined)
               |          
                --2.50%--0xffff80da8214

     9.82%     0.00%  sqgi     [JIT] tid 648245              [.] 0x0000ffff80da8223
            |
            ---0xffff80da8223
               |          
                --7.25%--0xffff80da8223
                          sqjit_a64_helper_instance_field_set_integer_logged

     9.81%     0.00%  sqgi     [JIT] tid 648245              [.] 0x0000ffff80da716b
            |
            ---0xffff80da716b
               |          
               |--3.61%--0xffff80da716b
               |          sqjit_a64_helper_member_closure_guard
               |          |          
               |           --3.09%--sqjit_a64_helper_member_closure_guard
               |                     sqjit_a64_borrow_member_ptr_value
               |                     |          
               |                      --2.58%--SQTable::GetRawSlot (inlined)
               |                                |          
               |                                 --2.07%--SQTable::_Get (inlined)
               |          
                --3.10%--0xffff80da71dc

     9.58%     9.58%  sqgi     sqgi                          [.] SQJitWriteLog::CanRelease
            |          
            |--3.10%--0xffff80da6207
            |          0xffff80da6207
            |          sqjit_a64_helper_member_set_reference_logged
            |          sqjit_a64_helper_member_set_reference_logged
            |          SQJitWriteLog::RecordMember
            |          SQJitWriteLog::CanRelease
            |          
            |--3.09%--0xffff80da51db
            |          0xffff80da51db
            |          sqjit_a64_helper_member_set_integer_logged
            |          sqjit_a64_helper_member_set_integer_logged
            |          SQJitWriteLog::RecordMember
            |          SQJitWriteLog::CanRelease
            |          
             --2.58%--0xffff80da71f7
                       0xffff80da71f7
                       sqjit_a64_helper_member_set_integer_logged
                       sqjit_a64_helper_member_set_integer_logged
                       SQJitWriteLog::RecordMember
                       SQJitWriteLog::CanRelease

     9.29%     0.00%  sqgi     [JIT] tid 648245              [.] 0x0000ffff80da614b
            |
            ---0xffff80da614b
               |          
               |--4.64%--0xffff80da614b
               |          sqjit_a64_helper_member_closure_guard
               |          |          
               |           --4.13%--sqjit_a64_helper_member_closure_guard
               |                     sqjit_a64_borrow_member_ptr_value
               |          
                --2.07%--0xffff80da618c

     8.77%     0.00%  sqgi     [JIT] tid 648245              [.] 0x0000ffff80da514f
            |
            ---0xffff80da514f
               |          
               |--5.67%--0xffff80da514f
               |          sqjit_a64_helper_member_closure_guard
               |          |          
               |           --4.64%--sqjit_a64_helper_member_closure_guard
               |                     sqjit_a64_borrow_member_ptr_value
               |                     |          
               |                      --3.10%--SQTable::GetRawSlot (inlined)
               |          
                --3.10%--0xffff80da51c0

     8.26%     8.26%  sqgi     sqgi                          [.] sqjit_a64_resolve_root_store_slot
            |          
            |--4.13%--0xffff80da71f7
            |          0xffff80da71f7
            |          sqjit_a64_helper_member_set_integer_logged
            |          sqjit_a64_member_store_slot (inlined)
            |          sqjit_a64_member_store_slot (inlined)
            |          sqjit_a64_helper_member_set_integer_logged
            |          sqjit_a64_resolve_root_store_slot
            |          |          
            |           --2.58%--SQTable::GetRawSlot (inlined)
            |                     |          
            |                      --2.06%--SQTable::_Get (inlined)
            |          
            |--2.07%--0xffff80da6207
            |          0xffff80da6207
            |          sqjit_a64_helper_member_set_reference_logged
            |          sqjit_a64_member_store_slot (inlined)
            |          sqjit_a64_member_store_slot (inlined)
            |          sqjit_a64_helper_member_set_reference_logged
            |          sqjit_a64_resolve_root_store_slot
            |          
             --2.06%--0xffff80da51db
                       0xffff80da51db
                       sqjit_a64_helper_member_set_integer_logged
                       sqjit_a64_member_store_slot (inlined)
                       sqjit_a64_member_store_slot (inlined)
                       sqjit_a64_helper_member_set_integer_logged
                       sqjit_a64_resolve_root_store_slot

     7.25%     5.92%  sqgi     sqgi                          [.] sqjit_a64_helper_instance_field_set_integer_logged
            |          
             --5.92%--0xffff80da8223
                       0xffff80da8223
                       sqjit_a64_helper_instance_field_set_integer_logged

     7.23%     0.00%  sqgi     sqgi                          [.] sqjit_a64_member_store_slot (inlined)
            |
            ---sqjit_a64_member_store_slot (inlined)
               sqjit_a64_member_store_slot (inlined)
               |          
               |--5.16%--sqjit_a64_resolve_store_slot (inlined)
               |          |          
               |           --4.65%--sq_member_raw_slot (inlined)
               |                     SQTable::GetRawSlot (inlined)
               |                     |          
               |                      --3.61%--SQTable::_Get (inlined)
               |          
                --2.07%--sqjit_a64_helper_member_set_reference_logged
                          sqjit_a64_resolve_root_store_slot

     7.09%     0.00%  sqgi     sqgi                          [.] SQTable::_Get (inlined)
            |
            ---SQTable::_Get (inlined)

     6.89%     2.05%  sqgi     sqgi                          [.] sqjit_a64_helper_member_closure_guard
            |          
            |--4.84%--sqjit_a64_helper_member_closure_guard
            |          sqjit_a64_helper_member_closure_guard
            |          sqjit_a64_borrow_member_ptr_value
            |          |          
            |           --3.97%--SQTable::GetRawSlot (inlined)
            |                     |          
            |                      --2.96%--SQTable::_Get (inlined)
            |          
             --2.05%--0xffff80da816b
                       0xffff80da816b
                       sqjit_a64_helper_member_closure_guard

     5.68%     0.00%  sqgi     sqgi                          [.] SQJitWriteLog::ContainsMember<true> (inlined)
            |
            ---SQJitWriteLog::ContainsMember<true> (inlined)
               |          
                --2.07%--SQJitWriteLog::ContainsMember<true>(SQObjectPtr const&, SQObjectPtr const&, SQObjectPtr const&) const::{lambda(SQJitWriteLog::Entry const&)#1}::operator() (inlined)

     5.16%     0.00%  sqgi     sqgi                          [.] sqjit_a64_resolve_store_slot (inlined)
            |
            ---sqjit_a64_resolve_store_slot (inlined)
               |          
                --4.65%--sq_member_raw_slot (inlined)
                          SQTable::GetRawSlot (inlined)
                          |          
                           --3.61%--SQTable::_Get (inlined)

     4.84%     4.84%  sqgi     sqgi                          [.] sqjit_a64_borrow_member_ptr_value
            |          
             --3.30%--0xffff80da816b
                       0xffff80da816b
                       sqjit_a64_helper_member_closure_guard
                       sqjit_a64_helper_member_closure_guard
                       sqjit_a64_borrow_member_ptr_value
                       |          
                        --2.95%--SQTable::GetRawSlot (inlined)
                                  |          
                                   --2.45%--SQTable::_Get (inlined)

     4.65%     0.00%  sqgi     sqgi                          [.] sq_member_raw_slot (inlined)
            |
            ---sq_member_raw_slot (inlined)
               SQTable::GetRawSlot (inlined)
               |          
                --3.61%--SQTable::_Get (inlined)

     4.65%     0.00%  sqgi     sqgi                          [.] SQTable::GetRawSlot (inlined)
            |
            ---SQTable::GetRawSlot (inlined)
               |          
                --3.61%--SQTable::_Get (inlined)

     4.13%     0.00%  sqgi     sqgi                          [.] SQTable::GetRawSlot (inlined)
            |
            ---SQTable::GetRawSlot (inlined)
               |          
                --3.10%--SQTable::_Get (inlined)

     3.61%     0.00%  sqgi     sqgi                          [.] SQTable::_Get (inlined)
            |
            ---SQTable::_Get (inlined)

     3.10%     3.10%  sqgi     [JIT] tid 648245              [.] 0x0000ffff80da51c0
            |
            ---0xffff80da514f
               0xffff80da51c0

     3.10%     3.10%  sqgi     [JIT] tid 648245              [.] 0x0000ffff80da71dc
            |
            ---0xffff80da716b
               0xffff80da71dc

     3.10%     0.00%  sqgi     sqgi                          [.] sqjit_a64_resolve_store_slot (inlined)
            |
            ---sqjit_a64_resolve_store_slot (inlined)
               |          
                --2.58%--sq_member_raw_slot (inlined)
                          |          
                           --2.06%--SQTable::GetRawSlot (inlined)
                                     SQTable::_Get (inlined)

     3.10%     0.00%  sqgi     sqgi                          [.] SQTable::_Get (inlined)
            |
            ---SQTable::_Get (inlined)

     2.58%     0.00%  sqgi     sqgi                          [.] sq_member_raw_slot (inlined)
            |
            ---sq_member_raw_slot (inlined)
               |          
                --2.06%--SQTable::GetRawSlot (inlined)
                          SQTable::_Get (inlined)

     2.58%     0.00%  sqgi     sqgi                          [.] SQTable::GetRawSlot (inlined)
            |
            ---SQTable::GetRawSlot (inlined)
               |          
                --2.06%--SQTable::_Get (inlined)

     2.57%     1.03%  sqgi     sqgi                          [.] sqjit_a64_helper_member_set_integer_logged
     2.50%     2.50%  sqgi     [JIT] tid 648245              [.] 0x0000ffff80da8214
            |
            ---0xffff80da816b
               0xffff80da8214

     2.07%     0.00%  sqgi     sqgi                          [.] SQJitWriteLog::ContainsMember<true>(SQObjectPtr const&, SQObjectPtr const&, SQObjectPtr const&) const::{lambda(SQJitWriteLog::Entry const&)#1}::operator() (inlined)
            |
            ---SQJitWriteLog::ContainsMember<true>(SQObjectPtr const&, SQObjectPtr const&, SQObjectPtr const&) const::{lambda(SQJitWriteLog::Entry const&)#1}::operator() (inlined)

     2.07%     2.07%  sqgi     [JIT] tid 648245              [.] 0x0000ffff80da618c
            |
            ---0xffff80da614b
               0xffff80da618c

     2.06%     0.00%  sqgi     sqgi                          [.] SQTable::_Get (inlined)
            |
            ---SQTable::_Get (inlined)

     2.06%     0.00%  sqgi     sqgi                          [.] SQJitWriteLog::ContainsMember<false> (inlined)
            |
            ---SQJitWriteLog::ContainsMember<false> (inlined)

     2.05%     0.00%  sqgi     sqgi                          [.] HashObj (inlined)
            |
            ---HashObj (inlined)



#
# (Cannot load tips.txt file, please install perf!)
#
