Round 1/5: v25; 6 checksums match
Round 1/5: v26; 6 checksums match
Round 1/5: v26_repeat; 6 checksums match
Round 1/5: node; 6 checksums match
Round 2/5: v26; 6 checksums match
Round 2/5: v26_repeat; 6 checksums match
Round 2/5: node; 6 checksums match
Round 2/5: v25; 6 checksums match
Round 3/5: v26_repeat; 6 checksums match
Round 3/5: node; 6 checksums match
Round 3/5: v25; 6 checksums match
Round 3/5: v26; 6 checksums match
Round 4/5: node; 6 checksums match
Round 4/5: v25; 6 checksums match
Round 4/5: v26; 6 checksums match
Round 4/5: v26_repeat; 6 checksums match
Round 5/5: v25; 6 checksums match
Round 5/5: v26; 6 checksums match
Round 5/5: v26_repeat; 6 checksums match
Round 5/5: node; 6 checksums match
table_events_97: v25 414.55 ns, v26 415.09 ns, v26_repeat 415.50 ns, node 74.90 ns
class_events_97: v25 411.13 ns, v26 410.77 ns, v26_repeat 411.62 ns, node 73.98 ns
buffers_7: v25 368.13 ns, v26 370.14 ns, v26_repeat 370.45 ns, node 12.35 ns
buffers_31: v25 368.52 ns, v26 370.56 ns, v26_repeat 369.96 ns, node 12.32 ns
calibrate_17: v25 83.61 ns, v26 83.87 ns, v26_repeat 83.61 ns, node 8.67 ns
calibrate_67: v25 84.47 ns, v26 84.70 ns, v26_repeat 84.49 ns, node 8.32 ns
