Round 1/5: v25; 10 checksums match
Round 1/5: v26; 10 checksums match
Round 1/5: v26_repeat; 10 checksums match
Round 1/5: node; 10 checksums match
Round 2/5: v26; 10 checksums match
Round 2/5: v26_repeat; 10 checksums match
Round 2/5: node; 10 checksums match
Round 2/5: v25; 10 checksums match
Round 3/5: v26_repeat; 10 checksums match
Round 3/5: node; 10 checksums match
Round 3/5: v25; 10 checksums match
Round 3/5: v26; 10 checksums match
Round 4/5: node; 10 checksums match
Round 4/5: v25; 10 checksums match
Round 4/5: v26; 10 checksums match
Round 4/5: v26_repeat; 10 checksums match
Round 5/5: v25; 10 checksums match
Round 5/5: v26; 10 checksums match
Round 5/5: v26_repeat; 10 checksums match
Round 5/5: node; 10 checksums match
table_owners_1: v25 140.78 ns, v26 122.20 ns, v26_repeat 122.29 ns, node 8.88 ns
table_owners_2: v25 140.67 ns, v26 122.59 ns, v26_repeat 122.54 ns, node 8.78 ns
table_owners_5: v25 140.69 ns, v26 122.44 ns, v26_repeat 122.69 ns, node 8.34 ns
table_owners_19: v25 141.25 ns, v26 122.74 ns, v26_repeat 122.66 ns, node 8.36 ns
table_owners_257: v25 141.04 ns, v26 122.72 ns, v26_repeat 122.54 ns, node 11.50 ns
class_owners_1: v25 141.16 ns, v26 122.62 ns, v26_repeat 122.59 ns, node 8.33 ns
class_owners_2: v25 141.07 ns, v26 122.73 ns, v26_repeat 122.73 ns, node 8.31 ns
class_owners_5: v25 141.11 ns, v26 122.58 ns, v26_repeat 122.94 ns, node 8.16 ns
class_owners_19: v25 141.50 ns, v26 122.72 ns, v26_repeat 123.02 ns, node 8.14 ns
class_owners_257: v25 141.49 ns, v26 123.02 ns, v26_repeat 123.34 ns, node 8.43 ns
