{
  "verified": true,
  "owner": {
    "native_invocations": 20,
    "native_loop_iterations": 380,
    "helper_calls_before": 380,
    "helper_calls_after": 0,
    "code_bytes_before": 7296,
    "code_bytes_after": 7344
  },
  "budget_functions": 112,
  "postincrement_code_growth_bytes": [
    48
  ],
  "same_tier_fallback_witnesses": [
    "budget-refined/budget_pad_9",
    "budget-refined/budget_pad_10",
    "budget-refined/budget_pad_11",
    "budget-refined/budget_pad_12",
    "budget-refined/budget_pad_13",
    "budget-refined/budget_pad_14",
    "budget-refined/budget_pad_15",
    "budget-refined/budget_pad_16",
    "budget-refined/budget_pad_17",
    "budget-refined/budget_pad_18",
    "budget-refined/budget_pad_19",
    "budget-refined/budget_pad_20"
  ],
  "limitations": [
    "GDB and perf addresses are not joined across processes",
    "only MOVZ/MOVK sequences materializing 32-to-48-bit pointers are normalized"
  ]
}
