Round 1/5: v29; 6 checksums match
Round 1/5: v30; 6 checksums match
Round 1/5: v29_repeat; 6 checksums match
Round 1/5: v30_repeat; 6 checksums match
Round 1/5: node; 6 checksums match
Round 2/5: v30; 6 checksums match
Round 2/5: v29_repeat; 6 checksums match
Round 2/5: v30_repeat; 6 checksums match
Round 2/5: node; 6 checksums match
Round 2/5: v29; 6 checksums match
Round 3/5: v29_repeat; 6 checksums match
Round 3/5: v30_repeat; 6 checksums match
Round 3/5: node; 6 checksums match
Round 3/5: v29; 6 checksums match
Round 3/5: v30; 6 checksums match
Round 4/5: v30_repeat; 6 checksums match
Round 4/5: node; 6 checksums match
Round 4/5: v29; 6 checksums match
Round 4/5: v30; 6 checksums match
Round 4/5: v29_repeat; 6 checksums match
Round 5/5: node; 6 checksums match
Round 5/5: v29; 6 checksums match
Round 5/5: v30; 6 checksums match
Round 5/5: v29_repeat; 6 checksums match
Round 5/5: v30_repeat; 6 checksums match
table_events_97: v29 414.26 ns, v30 410.86 ns, v29_repeat 414.03 ns, v30_repeat 412.98 ns, node 75.09 ns
class_events_97: v29 415.29 ns, v30 412.76 ns, v29_repeat 416.08 ns, v30_repeat 413.88 ns, node 74.26 ns
buffers_7: v29 332.33 ns, v30 333.94 ns, v29_repeat 332.57 ns, v30_repeat 333.07 ns, node 12.45 ns
buffers_31: v29 331.89 ns, v30 333.29 ns, v29_repeat 332.11 ns, v30_repeat 332.98 ns, node 12.31 ns
calibrate_17: v29 83.90 ns, v30 85.88 ns, v29_repeat 83.89 ns, v30_repeat 85.70 ns, node 8.71 ns
calibrate_67: v29 84.33 ns, v30 86.54 ns, v29_repeat 84.72 ns, v30_repeat 86.86 ns, node 8.29 ns
