Round 1/5: v29; 6 checksums match
Round 1/5: v30; 6 checksums match
Traceback (most recent call last):
  File "/home/sam/Programming/sqgi/tools/run_member_benchmarks.py", line 97, in <module>
    main()
    ~~~~^^
  File "/home/sam/Programming/sqgi/tools/run_member_benchmarks.py", line 68, in main
    proc = subprocess.run(prefix + commands[name], cwd=root, env=envs[name],
                          capture_output=True, text=True, check=True, timeout=300)
  File "/home/sam/miniconda3/lib/python3.13/subprocess.py", line 558, in run
    stdout, stderr = process.communicate(input, timeout=timeout)
                     ~~~~~~~~~~~~~~~~~~~^^^^^^^^^^^^^^^^^^^^^^^^
  File "/home/sam/miniconda3/lib/python3.13/subprocess.py", line 1221, in communicate
    stdout, stderr = self._communicate(input, endtime, timeout)
                     ~~~~~~~~~~~~~~~~~^^^^^^^^^^^^^^^^^^^^^^^^^
  File "/home/sam/miniconda3/lib/python3.13/subprocess.py", line 2130, in _communicate
    ready = selector.select(timeout)
  File "/home/sam/miniconda3/lib/python3.13/selectors.py", line 398, in select
    fd_event_list = self._selector.poll(timeout)
KeyboardInterrupt
