Round 1/5: v29; 6 checksums match
Round 1/5: v30; 6 checksums match
Round 1/5: v29_repeat; 6 checksums match
Round 1/5: v30_repeat; 6 checksums match
Round 1/5: node; 6 checksums match
Round 2/5: v30; 6 checksums match
Round 2/5: v29_repeat; 6 checksums match
Round 2/5: v30_repeat; 6 checksums match
Round 2/5: node; 6 checksums match
Round 2/5: v29; 6 checksums match
Round 3/5: v29_repeat; 6 checksums match
Round 3/5: v30_repeat; 6 checksums match
Round 3/5: node; 6 checksums match
Round 3/5: v29; 6 checksums match
Round 3/5: v30; 6 checksums match
Round 4/5: v30_repeat; 6 checksums match
Round 4/5: node; 6 checksums match
Round 4/5: v29; 6 checksums match
Round 4/5: v30; 6 checksums match
Round 4/5: v29_repeat; 6 checksums match
Round 5/5: node; 6 checksums match
Round 5/5: v29; 6 checksums match
Round 5/5: v30; 6 checksums match
Round 5/5: v29_repeat; 6 checksums match
Round 5/5: v30_repeat; 6 checksums match
transfer_table: v29 403.20 ns, v30 403.31 ns, v29_repeat 402.86 ns, v30_repeat 403.06 ns, node 17.99 ns
transfer_class: v29 417.99 ns, v30 417.07 ns, v29_repeat 417.93 ns, v30_repeat 416.68 ns, node 17.58 ns
transfer_mixed: v29 419.94 ns, v30 418.17 ns, v29_repeat 419.72 ns, v30_repeat 418.70 ns, node 29.11 ns
publish_table: v29 358.56 ns, v30 358.43 ns, v29_repeat 359.31 ns, v30_repeat 358.43 ns, node 13.42 ns
publish_class: v29 369.13 ns, v30 368.52 ns, v29_repeat 369.12 ns, v30_repeat 367.90 ns, node 13.54 ns
publish_mixed: v29 370.78 ns, v30 369.50 ns, v29_repeat 371.12 ns, v30_repeat 369.57 ns, node 20.93 ns
