Round 1/5: v29; 6 checksums match
Round 1/5: v30; 6 checksums match
Round 1/5: v29_repeat; 6 checksums match
Round 1/5: v30_repeat; 6 checksums match
Round 1/5: node; 6 checksums match
Round 2/5: v30; 6 checksums match
Round 2/5: v29_repeat; 6 checksums match
Round 2/5: v30_repeat; 6 checksums match
Round 2/5: node; 6 checksums match
Round 2/5: v29; 6 checksums match
Round 3/5: v29_repeat; 6 checksums match
Round 3/5: v30_repeat; 6 checksums match
Round 3/5: node; 6 checksums match
Round 3/5: v29; 6 checksums match
Round 3/5: v30; 6 checksums match
Round 4/5: v30_repeat; 6 checksums match
Round 4/5: node; 6 checksums match
Round 4/5: v29; 6 checksums match
Round 4/5: v30; 6 checksums match
Round 4/5: v29_repeat; 6 checksums match
Round 5/5: node; 6 checksums match
Round 5/5: v29; 6 checksums match
Round 5/5: v30; 6 checksums match
Round 5/5: v29_repeat; 6 checksums match
Round 5/5: v30_repeat; 6 checksums match
transfer_table: v29 402.17 ns, v30 401.54 ns, v29_repeat 402.35 ns, v30_repeat 401.88 ns, node 17.92 ns
transfer_class: v29 416.92 ns, v30 414.95 ns, v29_repeat 415.85 ns, v30_repeat 414.64 ns, node 17.68 ns
transfer_mixed: v29 418.49 ns, v30 417.15 ns, v29_repeat 418.24 ns, v30_repeat 417.49 ns, node 29.01 ns
publish_table: v29 358.44 ns, v30 358.25 ns, v29_repeat 358.16 ns, v30_repeat 357.25 ns, node 13.42 ns
publish_class: v29 368.71 ns, v30 366.67 ns, v29_repeat 367.78 ns, v30_repeat 366.78 ns, node 13.47 ns
publish_mixed: v29 369.19 ns, v30 368.19 ns, v29_repeat 369.79 ns, v30_repeat 368.35 ns, node 20.82 ns
