Round 1/5: v29; 10 checksums match
Round 1/5: v30; 10 checksums match
Round 1/5: v29_repeat; 10 checksums match
Round 1/5: v30_repeat; 10 checksums match
Round 1/5: node; 10 checksums match
Round 2/5: v30; 10 checksums match
Round 2/5: v29_repeat; 10 checksums match
Round 2/5: v30_repeat; 10 checksums match
Round 2/5: node; 10 checksums match
Round 2/5: v29; 10 checksums match
Round 3/5: v29_repeat; 10 checksums match
Round 3/5: v30_repeat; 10 checksums match
Round 3/5: node; 10 checksums match
Round 3/5: v29; 10 checksums match
Round 3/5: v30; 10 checksums match
Round 4/5: v30_repeat; 10 checksums match
Round 4/5: node; 10 checksums match
Round 4/5: v29; 10 checksums match
Round 4/5: v30; 10 checksums match
Round 4/5: v29_repeat; 10 checksums match
Round 5/5: node; 10 checksums match
Round 5/5: v29; 10 checksums match
Round 5/5: v30; 10 checksums match
Round 5/5: v29_repeat; 10 checksums match
Round 5/5: v30_repeat; 10 checksums match
table_owners_1: v29 122.40 ns, v30 121.84 ns, v29_repeat 122.38 ns, v30_repeat 121.83 ns, node 8.95 ns
table_owners_2: v29 122.30 ns, v30 122.00 ns, v29_repeat 122.83 ns, v30_repeat 121.87 ns, node 8.80 ns
table_owners_5: v29 122.45 ns, v30 122.07 ns, v29_repeat 122.97 ns, v30_repeat 121.88 ns, node 8.36 ns
table_owners_19: v29 122.31 ns, v30 122.14 ns, v29_repeat 122.83 ns, v30_repeat 122.00 ns, node 8.36 ns
table_owners_257: v29 122.98 ns, v30 122.03 ns, v29_repeat 123.02 ns, v30_repeat 122.11 ns, node 8.90 ns
class_owners_1: v29 122.77 ns, v30 122.06 ns, v29_repeat 123.17 ns, v30_repeat 122.11 ns, node 8.38 ns
class_owners_2: v29 122.78 ns, v30 121.94 ns, v29_repeat 123.08 ns, v30_repeat 122.04 ns, node 8.35 ns
class_owners_5: v29 122.99 ns, v30 121.99 ns, v29_repeat 123.11 ns, v30_repeat 122.05 ns, node 8.20 ns
class_owners_19: v29 122.81 ns, v30 122.19 ns, v29_repeat 123.13 ns, v30_repeat 122.01 ns, node 8.20 ns
class_owners_257: v29 123.24 ns, v30 122.63 ns, v29_repeat 123.47 ns, v30_repeat 122.44 ns, node 8.49 ns
