Completed pair 1/5
Completed pair 2/5
Completed pair 3/5
Completed pair 4/5
Completed pair 5/5
direct_call: 0.034068 -> 0.033694 us; 1.011x
branch_call: 0.031501 -> 0.031501 us; 1.000x
float_call: 0.020426 -> 0.021001 us; 0.973x
numeric_loop: 0.022865 -> 0.022849 us; 1.001x
vector: 0.366988 -> 0.365875 us; 1.003x
dynamic_member: 1.434800 -> 1.024800 us; 1.400x
dynamic_key_get_set: 0.182825 -> 0.183219 us; 0.998x
object_member_write_fallback: 0.474963 -> 0.475338 us; 0.999x
array_append: 0.134925 -> 0.128075 us; 1.053x
array_write: 0.036750 -> 0.037006 us; 0.993x
array_read: 0.007076 -> 0.007096 us; 0.997x
array_float: 0.006797 -> 0.006821 us; 0.996x
math_intrinsic: 0.201069 -> 0.209075 us; 0.962x
math_variable: 0.216938 -> 0.218519 us; 0.993x
matrix: 0.312513 -> 0.313000 us; 0.998x
