Round 1/5: retained; 10 checksums match
Round 1/5: canonical; 10 checksums match
Round 1/5: scalar; 10 checksums match
Round 1/5: node; 10 checksums match
Round 2/5: canonical; 10 checksums match
Round 2/5: scalar; 10 checksums match
Round 2/5: node; 10 checksums match
Round 2/5: retained; 10 checksums match
Round 3/5: scalar; 10 checksums match
Round 3/5: node; 10 checksums match
Round 3/5: retained; 10 checksums match
Round 3/5: canonical; 10 checksums match
Round 4/5: node; 10 checksums match
Round 4/5: retained; 10 checksums match
Round 4/5: canonical; 10 checksums match
Round 4/5: scalar; 10 checksums match
Round 5/5: retained; 10 checksums match
Round 5/5: canonical; 10 checksums match
Round 5/5: scalar; 10 checksums match
Round 5/5: node; 10 checksums match
table_owners_1: retained 732.82 ns, canonical 750.70 ns, scalar 582.62 ns, node 8.95 ns
table_owners_2: retained 755.08 ns, canonical 749.28 ns, scalar 580.25 ns, node 8.82 ns
table_owners_5: retained 762.56 ns, canonical 749.77 ns, scalar 580.42 ns, node 8.38 ns
table_owners_19: retained 754.08 ns, canonical 749.13 ns, scalar 580.53 ns, node 8.40 ns
table_owners_257: retained 774.87 ns, canonical 749.33 ns, scalar 580.69 ns, node 8.92 ns
class_owners_1: retained 822.27 ns, canonical 780.55 ns, scalar 612.34 ns, node 8.43 ns
class_owners_2: retained 850.72 ns, canonical 779.52 ns, scalar 610.61 ns, node 8.36 ns
class_owners_5: retained 850.12 ns, canonical 779.66 ns, scalar 609.94 ns, node 8.20 ns
class_owners_19: retained 852.49 ns, canonical 779.87 ns, scalar 610.51 ns, node 8.21 ns
class_owners_257: retained 877.44 ns, canonical 779.80 ns, scalar 610.40 ns, node 8.55 ns
