Round 1/5: v9; 6 checksums match
Round 1/5: v10; 6 checksums match
Round 1/5: node; 6 checksums match
Round 2/5: v10; 6 checksums match
Round 2/5: node; 6 checksums match
Round 2/5: v9; 6 checksums match
Round 3/5: node; 6 checksums match
Round 3/5: v9; 6 checksums match
Round 3/5: v10; 6 checksums match
Round 4/5: v9; 6 checksums match
Round 4/5: v10; 6 checksums match
Round 4/5: node; 6 checksums match
Round 5/5: v10; 6 checksums match
Round 5/5: node; 6 checksums match
Round 5/5: v9; 6 checksums match
table_events_97: v9 473.13 ns, v10 470.11 ns, node 75.78 ns
class_events_97: v9 468.86 ns, v10 465.29 ns, node 74.29 ns
buffers_7: v9 431.75 ns, v10 432.60 ns, node 12.39 ns
buffers_31: v9 431.99 ns, v10 431.72 ns, node 12.34 ns
calibrate_17: v9 83.45 ns, v10 83.28 ns, node 8.72 ns
calibrate_67: v9 84.08 ns, v10 84.06 ns, node 8.32 ns
