Round 1/5: v9; 6 checksums match
Round 1/5: v10; 6 checksums match
Round 1/5: node; 6 checksums match
Round 2/5: v10; 6 checksums match
Round 2/5: node; 6 checksums match
Round 2/5: v9; 6 checksums match
Round 3/5: node; 6 checksums match
Round 3/5: v9; 6 checksums match
Round 3/5: v10; 6 checksums match
Round 4/5: v9; 6 checksums match
Round 4/5: v10; 6 checksums match
Round 4/5: node; 6 checksums match
Round 5/5: v10; 6 checksums match
Round 5/5: node; 6 checksums match
Round 5/5: v9; 6 checksums match
transfer_table: v9 513.10 ns, v10 516.88 ns, node 17.88 ns
transfer_class: v9 518.92 ns, v10 521.88 ns, node 17.60 ns
transfer_mixed: v9 530.19 ns, v10 533.34 ns, node 29.09 ns
publish_table: v9 445.00 ns, v10 444.52 ns, node 13.43 ns
publish_class: v9 453.62 ns, v10 454.06 ns, node 13.70 ns
publish_mixed: v9 456.39 ns, v10 457.16 ns, node 20.94 ns
