[1/35] Building CXX object CMakeFiles/sqgi_test_cpp_sqjit_side_exit.dir/test/cpp/test_sqjit_side_exit.cpp.o
[2/35] Building CXX object CMakeFiles/sqgi-core.dir/Squirrel3/squirrel/jit/sqjit_backend_aarch64.cpp.o
[3/35] Linking CXX shared library libsqgi.so.1.0.0
[4/35] Linking CXX executable sqgi
[5/35] Creating library symlink libsqgi.so.1 libsqgi.so
[6/35] Linking CXX executable sqgicheck
[7/35] Linking CXX executable sqgi_test_cpp_sqgicheck
[8/35] Linking C executable sqgi_test_c_signal_crossthread
[9/35] Linking C executable sqgi_test_c_signal_crossthread_sync
[10/35] Linking C executable sqgi_test_c_signal_vm_closing
[11/35] Linking C executable sqgi_test_c_gvalue_branches
[12/35] Linking C executable sqgi_test_c_gi_call_plan
[13/35] Linking C executable sqgi_test_c_list_ownership
[14/35] Linking C executable sqgi_test_c_squirrel_core_hardening
[15/35] Linking C executable sqgi_test_c_numeric64
[16/35] Linking CXX executable sqgi_test_cpp_sqvm_hotpaths
[17/35] Linking CXX executable sqgi_test_cpp_sqvector
[18/35] Linking CXX executable sqgi_test_cpp_sqbytecode
[19/35] Linking CXX executable sqgi_test_cpp_sqoptimizer
[20/35] Linking CXX executable sqgi_test_cpp_sqmembercache
[21/35] Linking C executable sqgi_test_c_vm_lifecycle
[22/35] Linking CXX executable sqgi_test_cpp_sqjit_contracts
[23/35] Linking CXX executable sqgi_test_cpp_sqjit_side_exit
[24/35] Linking CXX executable sqgi_test_cpp_sqjit_values
[25/35] Linking CXX executable sqgi_test_cpp_sqjit_arithmetic
[26/35] Linking CXX executable sqgi_test_cpp_sqjit_memory
[27/35] Linking CXX executable sqgi_test_cpp_sqjit_leaf
[28/35] Linking CXX executable sqgi_test_cpp_sqjit_virtual_array
[29/35] Linking CXX executable sqgi_test_cpp_sqjit_objects
[30/35] Linking CXX executable sqgi_test_cpp_sqjit_object_plan
[31/35] Linking CXX executable sqgi_test_cpp_sqjit_write_log
[32/35] Linking CXX executable sqgi_test_cpp_sqjit_member_plan
[33/35] Linking CXX executable sqgi_test_cpp_sqjit_float_cache
[34/35] Linking CXX executable sqgi_test_cpp_sqjit_intrinsics
[35/35] Linking CXX executable sqgi_test_cpp_sqjit_aarch64_backend_invalid
