BENCH	route_balanced	200000	0.052425000	300346
BENCH	route_skewed	200000	0.051780000	122121
BENCH	pricing_events	200000	0.056435000	636940
BENCH	filter_stream	200000	0.055870000	10704.521037291815
BENCH	records_64	200000	0.132440000	599323
BENCH	records_4096	200000	0.328315000	385702
BENCH	word_count	200000	0.267035000	116910
BENCH	graph_walk	200000	0.012440000	386354
BENCH	route_balanced	200000	0.052825000	300346
BENCH	route_skewed	200000	0.052070000	122121
BENCH	pricing_events	200000	0.056850000	636940
BENCH	filter_stream	200000	0.055300000	10704.521037291815
BENCH	records_64	200000	0.134390000	599323
BENCH	records_4096	200000	0.235945000	385702
BENCH	word_count	200000	0.266820000	116910
BENCH	graph_walk	200000	0.012365000	386354
BENCH	route_balanced	200000	0.052315000	300346
BENCH	route_skewed	200000	0.051825000	122121
BENCH	pricing_events	200000	0.056835000	636940
BENCH	filter_stream	200000	0.055450000	10704.521037291815
BENCH	records_64	200000	0.135200000	599323
BENCH	records_4096	200000	0.265400000	385702
BENCH	word_count	200000	0.266660000	116910
BENCH	graph_walk	200000	0.012475000	386354
1116.05;msec;task-clock:u;1.47%;1116049073;100.00;0.988;CPUs utilized
2451559524;;cycles:u;1.45%;1116144743;100.00;2.186;GHz
5944832319;;instructions:u;0.10%;1116144743;100.00;2.40;insn per cycle
5350400;;branch-misses:u;0.83%;1116144743;100.00;;
2221492279;;cache-references:u;0.02%;1116144743;100.00;1.981;G/sec
17279080;;cache-misses:u;1.50%;1116144743;100.00;0.778;of all cache refs
3865;;page-faults:u;0.00%;1116049073;100.00;3.446;K/sec
0;;context-switches:u;0.00%;1116049073;100.00;0.000;/sec
