BENCH	route_balanced	20003	0.054441834	737257
BENCH	route_skewed	20003	0.052892066	813172
BENCH	pricing_events	20003	0.057341399	169953
BENCH	filter_stream	20003	0.057841324	1391.5919566190664
BENCH	records_64	20003	0.135529671	241308
BENCH	records_4096	20003	0.440583912	605732
BENCH	word_count	20003	0.390341449	972370
BENCH	graph_walk	20003	0.012748088	956118
[sqjit:stats] proto enters=73 hot=46 compile=46 success=1 fail=45
[sqjit:stats] proto exec attempts=73 success=1 guard_fail=0
[sqjit:stats] proto side_exits=0
[sqjit:stats] direct calls attempts=5 success=5 miss=0 guard_fail=0
[sqjit:stats] loops try=120147 find_fail=5 compile=8 success=4 fail=4 exec=36 exec_success=36 guard_fail=0
[sqjit:stats] rejects=49 unique_reasons=10
[sqjit:stats] backoff proto=0 proto_skips=0 loop=0 loop_skips=0
[sqjit:stats] reject category count=4 category=opcode
[sqjit:stats] reject category count=2 category=loop
[sqjit:stats] reject category count=1 category=array-append
[sqjit:stats] reject category count=39 category=call
[sqjit:stats] reject category count=3 category=other
[sqjit:stats] reject reason count=2 reason=unsupported function shape or instruction limit
[sqjit:stats] reject reason count=1 reason=unsupported opcode _OP_FOREACH
[sqjit:stats] reject reason count=1 reason=unsupported integer arithmetic operands
[sqjit:stats] reject reason count=1 reason=unsupported loop array append PREPCALLK
[sqjit:stats] reject reason count=1 reason=unsupported loop opcode _OP_PREPCALL
[sqjit:stats] reject reason count=37 reason=deferred CALL direct closure
[sqjit:stats] reject reason count=1 reason=unsupported opcode _OP_COMPARITH
[sqjit:stats] reject reason count=2 reason=unsupported loop branch shape
[sqjit:stats] reject reason count=2 reason=unsupported CALL direct closure
[sqjit:stats] reject reason count=1 reason=unsupported opcode _OP_EXISTS
[sqjit:stats] reject_site rank=1 proto=(nil) name=route_events source=/home/sam/Programming/sqgi/test/bench_application_workloads.nut line=25 ip=11 count=12 reason=deferred CALL direct closure
[sqjit:stats] reject_site rank=2 proto=(nil) name=route_balanced source=/home/sam/Programming/sqgi/test/bench_application_workloads.nut line=28 ip=3 count=6 reason=deferred CALL direct closure
[sqjit:stats] reject_site rank=3 proto=(nil) name=route_skewed source=/home/sam/Programming/sqgi/test/bench_application_workloads.nut line=29 ip=3 count=6 reason=deferred CALL direct closure
[sqjit:stats] reject_site rank=4 proto=(nil) name=pricing_events source=/home/sam/Programming/sqgi/test/bench_application_workloads.nut line=41 ip=17 count=6 reason=deferred CALL direct closure
[sqjit:stats] reject_site rank=5 proto=(nil) name=filter_stream source=/home/sam/Programming/sqgi/test/bench_application_workloads.nut line=52 ip=12 count=6 reason=deferred CALL direct closure
[sqjit:stats] reject_site rank=6 proto=(nil) name=main source=<sqgi async bootstrap> line=-1 ip=-1 count=1 reason=unsupported function shape or instruction limit
[sqjit:stats] reject_site rank=7 proto=(nil) name=main source=/home/sam/Programming/sqgi/test/bench_application_workloads.nut line=-1 ip=-1 count=1 reason=unsupported function shape or instruction limit
[sqjit:stats] reject_site rank=8 proto=(nil) name=option_int source=/home/sam/Programming/sqgi/test/bench_application_workloads.nut line=4 ip=2 count=1 reason=unsupported opcode _OP_FOREACH
[sqjit:stats] reject_site rank=9 proto=(nil) name=make_inputs source=/home/sam/Programming/sqgi/test/bench_application_workloads.nut line=11 ip=23 count=1 reason=unsupported integer arithmetic operands
[sqjit:stats] reject_site rank=10 proto=(nil) name=make_inputs source=/home/sam/Programming/sqgi/test/bench_application_workloads.nut line=9 ip=7 count=1 reason=unsupported loop array append PREPCALLK
[sqjit:stats] reject_site rank=11 proto=(nil) name=main source=/home/sam/Programming/sqgi/test/bench_application_workloads.nut line=105 ip=111 count=1 reason=unsupported loop opcode _OP_PREPCALL
[sqjit:stats] reject_site rank=12 proto=(nil) name=records_64 source=/home/sam/Programming/sqgi/test/bench_application_workloads.nut line=73 ip=3 count=1 reason=deferred CALL direct closure
