BENCH	filter	200000	0.023075000	10.254364576940203
BENCH	channels_4	200000	0.077530000	20.621658757381574
BENCH	pressure_8	200000	0.152780000	30.900920683591639
BENCH	integration	200000	0.037580000	1562.9738403896752
BENCH	retained_input	200000	0.044310000	399985.55383443867
BENCH	branching	200000	0.030670000	1.6005902475563216
BENCH	helper_control	200000	0.054510000	3.7152600782050693
BENCH	filter	200000	0.023155000	10.254364576940203
BENCH	channels_4	200000	0.078220000	20.621658757381574
BENCH	pressure_8	200000	0.151470000	30.900920683591639
BENCH	integration	200000	0.037450000	1562.9738403896752
BENCH	retained_input	200000	0.044425000	399985.55383443867
BENCH	branching	200000	0.030760000	1.6005902475563216
BENCH	helper_control	200000	0.054480000	3.7152600782050693
BENCH	filter	200000	0.023090000	10.254364576940203
BENCH	channels_4	200000	0.078325000	20.621658757381574
BENCH	pressure_8	200000	0.152100000	30.900920683591639
BENCH	integration	200000	0.037435000	1562.9738403896752
BENCH	retained_input	200000	0.044695000	399985.55383443867
BENCH	branching	200000	0.030705000	1.6005902475563216
BENCH	helper_control	200000	0.055270000	3.7152600782050693
611.88;msec;task-clock:u;0.59%;611878459;100.00;0.980;CPUs utilized
1366000247;;cycles:u;0.14%;611965666;100.00;2.207;GHz
3897264987;;instructions:u;0.00%;611965666;100.00;2.86;insn per cycle
153778;;branch-misses:u;0.59%;611965666;100.00;;
1434060800;;cache-references:u;0.01%;611965666;100.00;2.317;G/sec
242852;;cache-misses:u;0.33%;611965666;100.00;0.017;of all cache refs
786;;page-faults:u;0.04%;611878459;100.00;1.270;K/sec
0;;context-switches:u;0.00%;611878459;100.00;0.000;/sec
