# To display the perf.data header info, please use --header/--header-only options.
#
#
# Total Lost Samples: 0
#
# Samples: 326  of event 'cycles:u'
# Event count (approx.): 1357235706
#
# Children      Self  Command  Shared Object                 Symbol                                            
# ........  ........  .......  ............................  ..................................................
#
    23.65%     9.92%  sqgi     sqgi                          [.] sqjit_a64_helper_member_closure_guard
            |          
             --13.74%--sqjit_a64_helper_member_closure_guard
                       sqjit_a64_borrow_member_value_with_root (inlined)
                       sqjit_a64_borrow_member_ptr_value
                       |          
                        --10.38%--SQTable::GetRawSlot (inlined)
                                  |          
                                  |--4.69%--SQTable::_Get (inlined)
                                  |          
                                   --3.02%--HashObj (inlined)

    15.74%    15.74%  sqgi     sqgi                          [.] sqjit_a64_borrow_member_ptr_value
            |          
            |--2.01%--0xffffa51b584f
            |          0xffffa51b584f
            |          sqjit_a64_helper_member_closure_guard
            |          sqjit_a64_borrow_member_value_with_root (inlined)
            |          sqjit_a64_borrow_member_ptr_value
            |          
            |--2.01%--0xffffa4fae19f
            |          0xffffa4fae19f
            |          sqjit_a64_helper_member_native_closure_guard
            |          sqjit_a64_helper_member_native_closure_guard
            |          sqjit_a64_borrow_member_ptr_value
            |          
             --2.01%--0xffffa4faf153
                       0xffffa4faf153
                       sqjit_a64_helper_member_closure_guard
                       sqjit_a64_borrow_member_value_with_root (inlined)
                       sqjit_a64_borrow_member_ptr_value
                       SQTable::GetRawSlot (inlined)

    15.08%     0.00%  sqgi     sqgi                          [.] sqjit_a64_borrow_member_value_with_root (inlined)
            |
            ---sqjit_a64_borrow_member_value_with_root (inlined)
               |          
                --13.74%--sqjit_a64_borrow_member_ptr_value
                          |          
                           --10.38%--SQTable::GetRawSlot (inlined)
                                     |          
                                     |--4.69%--SQTable::_Get (inlined)
                                     |          
                                      --3.02%--HashObj (inlined)

    12.06%     0.00%  sqgi     sqgi                          [.] SQTable::GetRawSlot (inlined)
            |
            ---SQTable::GetRawSlot (inlined)
               |          
               |--5.36%--SQTable::_Get (inlined)
               |          
                --3.69%--HashObj (inlined)

     8.71%     0.00%  sqgi     [JIT] tid 507275              [.] 0x0000ffffa51b41d3
            |
            ---0xffffa51b41d3

     7.37%     0.00%  sqgi     [JIT] tid 507275              [.] 0x0000ffffa4faf153
            |
            ---0xffffa4faf153
               |          
                --2.68%--0xffffa4faf153
                          sqjit_a64_helper_member_closure_guard
                          |          
                           --2.34%--sqjit_a64_borrow_member_value_with_root (inlined)
                                     |          
                                      --2.01%--sqjit_a64_borrow_member_ptr_value
                                                SQTable::GetRawSlot (inlined)

     6.69%     0.00%  sqgi     [JIT] tid 507275              [.] 0x0000ffffa4fae19f
            |
            ---0xffffa4fae19f
               |          
                --3.01%--0xffffa4fae19f
                          sqjit_a64_helper_member_native_closure_guard
                          |          
                           --2.01%--sqjit_a64_helper_member_native_closure_guard
                                     sqjit_a64_borrow_member_ptr_value

     6.36%     0.00%  sqgi     [JIT] tid 507275              [.] 0x0000ffffa51b584f
            |
            ---0xffffa51b584f
               |          
                --2.68%--0xffffa51b584f
                          sqjit_a64_helper_member_closure_guard
                          |          
                           --2.01%--sqjit_a64_borrow_member_value_with_root (inlined)
                                     sqjit_a64_borrow_member_ptr_value

     5.36%     0.00%  sqgi     [JIT] tid 507275              [.] 0x0000ffffa51b328f
            |
            ---0xffffa51b328f

     5.36%     0.00%  sqgi     sqgi                          [.] SQTable::_Get (inlined)
            |
            ---SQTable::_Get (inlined)

     5.36%     0.00%  sqgi     [JIT] tid 507275              [.] 0x0000ffffa51b63af
            |
            ---0xffffa51b63af

     5.29%     0.00%  sqgi     [JIT] tid 507275              [.] 0x0000ffffa51b7153
            |
            ---0xffffa51b7153

     5.03%     0.00%  sqgi     [JIT] tid 507275              [.] 0x0000ffffa51b56d7
            |
            ---0xffffa51b56d7

     5.02%     0.00%  sqgi     [JIT] tid 507275              [.] 0x0000ffffa4fae1ff
            |
            ---0xffffa4fae1ff

     5.02%     0.00%  sqgi     [JIT] tid 507275              [.] 0x0000ffffa51b31d7
            |
            ---0xffffa51b31d7
               |          
                --2.01%--0xffffa51b31d7
                          sqjit_a64_helper_member_closure_guard

     5.02%     0.00%  sqgi     [JIT] tid 507275              [.] 0x0000ffffa51b555f
            |
            ---0xffffa51b555f

     5.02%     0.00%  sqgi     [JIT] tid 507275              [.] 0x0000ffffa51b646f
            |
            ---0xffffa51b646f

     4.68%     0.00%  sqgi     [JIT] tid 507275              [.] 0x0000ffffa51b62ef
            |
            ---0xffffa51b62ef

     4.02%     0.00%  sqgi     [JIT] tid 507275              [.] 0x0000ffffa51b5313
            |
            ---0xffffa51b5313

     4.02%     0.00%  sqgi     [JIT] tid 507275              [.] 0x0000ffffa51b5793
            |
            ---0xffffa51b5793

     4.02%     0.00%  sqgi     [JIT] tid 507275              [.] 0x0000ffffa51b54a3
            |
            ---0xffffa51b54a3
               |          
                --2.01%--0xffffa51b54a3
                          sqjit_a64_helper_member_closure_guard

     3.69%     0.00%  sqgi     sqgi                          [.] HashObj (inlined)
            |
            ---HashObj (inlined)

     3.69%     0.00%  sqgi     [JIT] tid 507275              [.] 0x0000ffffa51b561b
            |
            ---0xffffa51b561b

     3.68%     0.00%  sqgi     [JIT] tid 507275              [.] 0x0000ffffa51b53e7
            |
            ---0xffffa51b53e7

     3.01%     1.00%  sqgi     sqgi                          [.] sqjit_a64_helper_member_native_closure_guard
            |          
             --2.01%--sqjit_a64_helper_member_native_closure_guard
                       sqjit_a64_helper_member_native_closure_guard
                       sqjit_a64_borrow_member_ptr_value

     3.01%     0.00%  sqgi     [JIT] tid 507275              [.] 0x0000ffffa51b622f
            |
            ---0xffffa51b622f



#
# (Cannot load tips.txt file, please install perf!)
#
