BENCH	filter	20003	0.023746438	10.847569004822677
BENCH	channels_4	20003	0.079788032	22.049477610135924
BENCH	pressure_8	20003	0.152927061	31.594454509515241
BENCH	integration	20003	0.038144278	156.74505004795336
BENCH	retained_input	20003	0.045643154	39991.571779371072
BENCH	branching	20003	0.030995351	1.4489919410918819
BENCH	helper_control	20003	0.054741789	3.1315957662027873
[sqjit:stats] proto enters=51 hot=51 compile=51 success=0 fail=51
[sqjit:stats] proto exec attempts=51 success=0 guard_fail=0
[sqjit:stats] proto side_exits=0
[sqjit:stats] direct calls attempts=0 success=0 miss=0 guard_fail=0
[sqjit:stats] loops try=101 find_fail=5 compile=8 success=7 fail=1 exec=49 exec_success=49 guard_fail=0
[sqjit:stats] rejects=52 unique_reasons=3
[sqjit:stats] backoff proto=0 proto_skips=0 loop=0 loop_skips=0
[sqjit:stats] reject category count=1 category=loop
[sqjit:stats] reject category count=49 category=call
[sqjit:stats] reject category count=2 category=other
[sqjit:stats] reject reason count=2 reason=unsupported function shape or instruction limit
[sqjit:stats] reject reason count=49 reason=deferred CALL direct closure
[sqjit:stats] reject reason count=1 reason=unsupported loop branch shape
[sqjit:stats] reject_site rank=1 proto=(nil) name=filter source=/home/sam/Programming/sqgi/test/bench_float_workloads.nut line=16 ip=8 count=7 reason=deferred CALL direct closure
[sqjit:stats] reject_site rank=2 proto=(nil) name=channels source=/home/sam/Programming/sqgi/test/bench_float_workloads.nut line=23 ip=9 count=7 reason=deferred CALL direct closure
[sqjit:stats] reject_site rank=3 proto=(nil) name=pressure source=/home/sam/Programming/sqgi/test/bench_float_workloads.nut line=31 ip=11 count=7 reason=deferred CALL direct closure
[sqjit:stats] reject_site rank=4 proto=(nil) name=integration source=/home/sam/Programming/sqgi/test/bench_float_workloads.nut line=41 ip=6 count=7 reason=deferred CALL direct closure
[sqjit:stats] reject_site rank=5 proto=(nil) name=retained source=/home/sam/Programming/sqgi/test/bench_float_workloads.nut line=49 ip=10 count=7 reason=deferred CALL direct closure
[sqjit:stats] reject_site rank=6 proto=(nil) name=branching source=/home/sam/Programming/sqgi/test/bench_float_workloads.nut line=57 ip=13 count=7 reason=deferred CALL direct closure
[sqjit:stats] reject_site rank=7 proto=(nil) name=helper_control source=/home/sam/Programming/sqgi/test/bench_float_workloads.nut line=62 ip=12 count=7 reason=deferred CALL direct closure
[sqjit:stats] reject_site rank=8 proto=(nil) name=main source=<sqgi async bootstrap> line=-1 ip=-1 count=1 reason=unsupported function shape or instruction limit
[sqjit:stats] reject_site rank=9 proto=(nil) name=main source=/home/sam/Programming/sqgi/test/bench_float_workloads.nut line=-1 ip=-1 count=1 reason=unsupported function shape or instruction limit
[sqjit:stats] reject_site rank=10 proto=(nil) name=main source=/home/sam/Programming/sqgi/test/bench_float_workloads.nut line=72 ip=125 count=1 reason=unsupported loop branch shape
