BENCH	direct_call	3200000	0.034502	563347
BENCH	branch_call	3200000	0.031436	599062
BENCH	float_call	3200000	0.020829	8.2204724409448815
BENCH	numeric_loop	3200000	0.022811	612398470
BENCH	vector	160000	0.366231	0.12553851953971693
BENCH	dynamic_member	160000	0.886850	7261462
BENCH	dynamic_key_get_set	160000	0.182725	6566091
BENCH	object_member_write_fallback	160000	0.472544	595919
BENCH	array_append	160000	0.135538	3048687
BENCH	array_write	160000	0.037112	831988
BENCH	array_read	3200000	0.007079	8000000
BENCH	array_float	3200000	0.006809	6400000
BENCH	math_intrinsic	160000	0.207563	2418270.8295144332
BENCH	math_variable	160000	0.218688	313782.39947747899
BENCH	matrix	160000	0.312300	-0.024510798820940455
BENCH	direct_call	3200000	0.034640	563347
BENCH	branch_call	3200000	0.031698	599062
BENCH	float_call	3200000	0.021121	8.2204724409448815
BENCH	numeric_loop	3200000	0.022878	612398470
BENCH	vector	160000	0.375181	0.12553851953971693
BENCH	dynamic_member	160000	0.896881	7261462
BENCH	dynamic_key_get_set	160000	0.182894	6566091
BENCH	object_member_write_fallback	160000	0.472106	595919
BENCH	array_append	160000	0.133575	3048687
BENCH	array_write	160000	0.036894	831988
BENCH	array_read	3200000	0.007085	8000000
BENCH	array_float	3200000	0.006804	6400000
BENCH	math_intrinsic	160000	0.210975	2418270.8295144332
BENCH	math_variable	160000	0.219256	313782.39947747899
BENCH	matrix	160000	0.311038	-0.024510798820940455
BENCH	direct_call	3200000	0.035054	563347
BENCH	branch_call	3200000	0.031668	599062
BENCH	float_call	3200000	0.020853	8.2204724409448815
BENCH	numeric_loop	3200000	0.022962	612398470
BENCH	vector	160000	0.376175	0.12553851953971693
BENCH	dynamic_member	160000	0.895150	7261462
BENCH	dynamic_key_get_set	160000	0.182938	6566091
BENCH	object_member_write_fallback	160000	0.472681	595919
BENCH	array_append	160000	0.143150	3048687
BENCH	array_write	160000	0.036894	831988
BENCH	array_read	3200000	0.007017	8000000
BENCH	array_float	3200000	0.006805	6400000
BENCH	math_intrinsic	160000	0.208331	2418270.8295144332
BENCH	math_variable	160000	0.217781	313782.39947747899
BENCH	matrix	160000	0.310331	-0.024510798820940455
5123.41;msec;task-clock:u;0.07%;5123406277;100.00;1.000;CPUs utilized
11565113246;;cycles:u;0.13%;5123905013;100.00;2.260;GHz
29686522654;;instructions:u;0.00%;5123905013;100.00;2.57;insn per cycle
5066390;;branch-misses:u;1.20%;5123905013;100.00;;
12189745912;;cache-references:u;0.10%;5123905013;100.00;2.382;G/sec
1272630;;cache-misses:u;0.35%;5123905013;100.00;0.010;of all cache refs
10511;;page-faults:u;0.00%;5123406277;100.00;2.054;K/sec
0;;context-switches:u;0.00%;5123406277;100.00;0.000;/sec
