# To display the perf.data header info, please use --header/--header-only options.
#
#
# Total Lost Samples: 0
#
# Samples: 2K of event 'cycles:u'
# Event count (approx.): 11471392385
#
# Children      Self  Command  Shared Object                 Symbol                                           
# ........  ........  .......  ............................  .................................................
#
    24.71%     0.00%  sqgi     libc.so.6                     [.] __libc_start_call_main
            |
            ---__libc_start_call_main
               __libc_start_call_main
               main
               |          
                --24.70%--sq_call
                          SQVM::Execute

    24.71%     0.00%  sqgi     sqgi                          [.] main
            |
            ---main
               |          
                --24.70%--sq_call
                          SQVM::Execute

    24.70%     0.00%  sqgi     sqgi                          [.] sq_call
            |
            ---sq_call
               SQVM::Execute

    24.70%    19.45%  sqgi     sqgi                          [.] SQVM::Execute
            |          
            |--19.45%--__libc_start_call_main
            |          __libc_start_call_main
            |          main
            |          sq_call
            |          SQVM::Execute
            |          
             --5.25%--SQVM::Execute

    12.92%     0.00%  sqgi     [JIT] tid 506722              [.] 0x0000ffffb47d8153
            |
            ---0xffffb47d8153
               |          
               |--2.56%--0xffffb47d8240
               |          
                --2.09%--0xffffb47d8153
                          sqjit_a64_helper_member_closure_guard

    12.04%     0.00%  sqgi     [JIT] tid 506722              [.] 0x0000ffffb47d7153
            |
            ---0xffffb47d7153
               |          
               |--2.46%--0xffffb47d7268
               |          
                --2.03%--0xffffb47d7153
                          sqjit_a64_helper_member_closure_guard

     7.95%     0.00%  sqgi     [JIT] tid 506722              [.] 0x0000ffffb47d6153
            |
            ---0xffffb47d6153
               |          
                --2.18%--0xffffb47d6153
                          sqjit_a64_helper_member_closure_guard

     7.31%     0.00%  sqgi     [JIT] tid 506722              [.] 0x0000ffffb47d5043
            |
            ---0xffffb47d5043
               |          
                --2.42%--0xffffb47d5230

     6.30%     2.14%  sqgi     sqgi                          [.] sqjit_a64_helper_member_closure_guard
            |          
             --4.16%--sqjit_a64_helper_member_closure_guard
                       sqjit_a64_helper_member_closure_guard
                       sqjit_a64_borrow_member_ptr_value
                       |          
                        --2.81%--SQTable::GetRawSlot (inlined)

     5.83%     0.00%  sqgi     [JIT] tid 506722              [.] 0x0000ffffb45c132b
            |
            ---0xffffb45c132b

     5.83%     5.83%  sqgi     sqgi                          [.] sqjit_a64_borrow_member_ptr_value
     4.08%     0.00%  sqgi     sqgi                          [.] SQTable::GetRawSlot (inlined)
            |
            ---SQTable::GetRawSlot (inlined)
               |          
                --2.15%--SQTable::_Get (inlined)

     3.14%     0.00%  sqgi     [JIT] tid 506722              [.] 0x0000ffffb45c410f
            |
            ---0xffffb45c410f

     2.94%     2.94%  sqgi     [JIT] tid 506722              [.] 0x0000ffffb47d5230
            |          
             --2.42%--0xffffb47d5043
                       0xffffb47d5230

     2.56%     2.56%  sqgi     [JIT] tid 506722              [.] 0x0000ffffb47d8240
            |
            ---0xffffb47d8153
               0xffffb47d8240

     2.46%     2.46%  sqgi     [JIT] tid 506722              [.] 0x0000ffffb47d7268
            |
            ---0xffffb47d7153
               0xffffb47d7268

     2.26%     0.60%  sqgi     sqgi                          [.] sqjit_a64_helper_member_native_closure_guard
     2.15%     0.00%  sqgi     sqgi                          [.] SQTable::_Get (inlined)
            |
            ---SQTable::_Get (inlined)



#
# (Cannot load tips.txt file, please install perf!)
#
