BENCH	table_events_97	200000	0.527340000	10069540
BENCH	class_events_97	200000	0.523390000	10069540
BENCH	buffers_7	200000	0.431970000	65667
BENCH	buffers_31	200000	0.432600000	651677
BENCH	calibrate_17	200000	0.083255000	1040538.515625
BENCH	calibrate_67	200000	0.084535000	1040417.796875
BENCH	table_events_97	200000	0.529440000	10069540
BENCH	class_events_97	200000	0.531690000	10069540
BENCH	buffers_7	200000	0.432990000	65667
BENCH	buffers_31	200000	0.432990000	651677
BENCH	calibrate_17	200000	0.083520000	1040538.515625
BENCH	calibrate_67	200000	0.084085000	1040417.796875
BENCH	table_events_97	200000	0.529270000	10069540
BENCH	class_events_97	200000	0.524005000	10069540
BENCH	buffers_7	200000	0.433255000	65667
BENCH	buffers_31	200000	0.433705000	651677
BENCH	calibrate_17	200000	0.083230000	1040538.515625
BENCH	calibrate_67	200000	0.084095000	1040417.796875
2945.32;msec;task-clock:u;0.11%;2945317948;100.00;0.996;CPUs utilized
6685692079;;cycles:u;0.14%;2945537870;100.00;2.265;GHz
19589930706;;instructions:u;0.00%;2945537870;100.00;2.93;insn per cycle
3365609;;branch-misses:u;14.02%;2945537870;100.00;;
7996413454;;cache-references:u;0.02%;2945537870;100.00;2.709;G/sec
10798510;;cache-misses:u;0.92%;2945537870;100.00;0.135;of all cache refs
812;;page-faults:u;0.00%;2945317948;100.00;275.116;/sec
0;;context-switches:u;0.00%;2945317948;100.00;0.000;/sec
