# To display the perf.data header info, please use --header/--header-only options.
#
#
# Total Lost Samples: 0
#
# Samples: 1K of event 'cycles:u'
# Event count (approx.): 6660875694
#
# Children      Self  Command  Shared Object          Symbol                                         
# ........  ........  .......  .....................  ...............................................
#
    70.88%    51.18%  sqgi     sqgi                   [.] SQVM::Execute
            |          
            |--51.18%--__libc_start_call_main
            |          __libc_start_call_main
            |          main
            |          sq_call
            |          SQVM::Execute
            |          |          
            |          |--4.99%--SQObjectPtr::operator= (inlined)
            |          |          
            |          |--4.44%--sq_member_cache_hit (inlined)
            |          |          |          
            |          |           --3.08%--SQTable::GetCachedSlot (inlined)
            |          |          
            |          |--2.80%--sq_member_raw_slot (inlined)
            |          |          SQTable::GetRawSlot (inlined)
            |          |          
            |           --2.05%--sq_vm_member_cache_for (inlined)
            |          
             --19.70%--SQVM::Execute
                       |          
                       |--6.37%--sqjit_try_execute_current
                       |          |          
                       |           --2.68%--SQVM::Return
                       |          
                       |--3.97%--SQVM::Get
                       |          |          
                       |           --2.12%--SQTable::Get
                       |          
                       |--3.42%--sqjit_try_execute_current_loop
                       |          
                        --2.60%--SQVM::CMP_OP

    70.88%     0.00%  sqgi     libc.so.6              [.] __libc_start_call_main
            |
            ---__libc_start_call_main
               __libc_start_call_main
               main
               sq_call
               SQVM::Execute
               |          
               |--6.37%--sqjit_try_execute_current
               |          |          
               |           --2.68%--SQVM::Return
               |          
               |--4.99%--SQObjectPtr::operator= (inlined)
               |          
               |--4.65%--sq_member_cache_hit (inlined)
               |          |          
               |           --3.08%--SQTable::GetCachedSlot (inlined)
               |          
               |--3.97%--SQVM::Get
               |          |          
               |           --2.12%--SQTable::Get
               |          
               |--3.42%--sqjit_try_execute_current_loop
               |          
               |--2.80%--sq_member_raw_slot (inlined)
               |          SQTable::GetRawSlot (inlined)
               |          
               |--2.60%--SQVM::CMP_OP
               |          
                --2.05%--sq_vm_member_cache_for (inlined)

    70.88%     0.00%  sqgi     sqgi                   [.] main
            |
            ---main
               sq_call
               SQVM::Execute
               |          
               |--6.37%--sqjit_try_execute_current
               |          |          
               |           --2.68%--SQVM::Return
               |          
               |--4.99%--SQObjectPtr::operator= (inlined)
               |          
               |--4.65%--sq_member_cache_hit (inlined)
               |          |          
               |           --3.08%--SQTable::GetCachedSlot (inlined)
               |          
               |--3.97%--SQVM::Get
               |          |          
               |           --2.12%--SQTable::Get
               |          
               |--3.42%--sqjit_try_execute_current_loop
               |          
               |--2.80%--sq_member_raw_slot (inlined)
               |          SQTable::GetRawSlot (inlined)
               |          
               |--2.60%--SQVM::CMP_OP
               |          
                --2.05%--sq_vm_member_cache_for (inlined)

    70.88%     0.00%  sqgi     sqgi                   [.] sq_call
            |
            ---sq_call
               SQVM::Execute
               |          
               |--6.37%--sqjit_try_execute_current
               |          |          
               |           --2.68%--SQVM::Return
               |          
               |--4.99%--SQObjectPtr::operator= (inlined)
               |          
               |--4.65%--sq_member_cache_hit (inlined)
               |          |          
               |           --3.08%--SQTable::GetCachedSlot (inlined)
               |          
               |--3.97%--SQVM::Get
               |          |          
               |           --2.12%--SQTable::Get
               |          
               |--3.42%--sqjit_try_execute_current_loop
               |          
               |--2.80%--sq_member_raw_slot (inlined)
               |          SQTable::GetRawSlot (inlined)
               |          
               |--2.60%--SQVM::CMP_OP
               |          
                --2.05%--sq_vm_member_cache_for (inlined)

     9.84%     6.29%  sqgi     sqgi                   [.] sqjit_a64_precise_step<(SQOpcode)14, false>
            |          
             --3.56%--sqjit_a64_precise_step<(SQOpcode)14, false>
                       |          
                        --3.49%--SQJitWriteLog::CanRelease

     6.37%     2.19%  sqgi     sqgi                   [.] sqjit_try_execute_current
            |          
            |--4.18%--sqjit_try_execute_current
            |          |          
            |           --2.68%--SQVM::Return
            |          
             --2.19%--__libc_start_call_main
                       __libc_start_call_main
                       main
                       sq_call
                       SQVM::Execute
                       sqjit_try_execute_current

     6.22%     0.00%  sqgi     sqgi                   [.] SQObjectPtr::operator= (inlined)
            |
            ---SQObjectPtr::operator= (inlined)

     4.65%     0.00%  sqgi     sqgi                   [.] sq_member_cache_hit (inlined)
            |
            ---sq_member_cache_hit (inlined)
               |          
                --3.08%--SQTable::GetCachedSlot (inlined)

     4.58%     0.00%  sqgi     [JIT] tid 506945       [.] 0x0000ffffad04842f
            |
            ---0xffffad04842f

     4.17%     4.17%  sqgi     sqgi                   [.] SQJitWriteLog::CanRelease
     3.97%     0.68%  sqgi     sqgi                   [.] SQVM::Get
            |          
             --3.28%--SQVM::Get
                       |          
                        --2.12%--SQTable::Get

     3.69%     3.62%  sqgi     sqgi                   [.] sqjit_a64_precise_step<(SQOpcode)9, true>
     3.49%     0.00%  sqgi     sqgi                   [.] sqjit_a64_precise_step<(SQOpcode)14> (inlined)
            |
            ---sqjit_a64_precise_step<(SQOpcode)14> (inlined)
               sqjit_a64_precise_step<(SQOpcode)14, false>
               SQJitWriteLog::CanRelease

     3.42%     2.54%  sqgi     sqgi                   [.] sqjit_try_execute_current_loop
            |          
             --2.54%--__libc_start_call_main
                       __libc_start_call_main
                       main
                       sq_call
                       SQVM::Execute
                       sqjit_try_execute_current_loop

     3.08%     0.00%  sqgi     sqgi                   [.] SQTable::GetCachedSlot (inlined)
            |
            ---SQTable::GetCachedSlot (inlined)

     3.01%     3.01%  sqgi     sqgi                   [.] SQTable::Get
            |          
             --2.12%--__libc_start_call_main
                       __libc_start_call_main
                       main
                       sq_call
                       SQVM::Execute
                       SQVM::Get
                       SQTable::Get

     2.80%     0.00%  sqgi     sqgi                   [.] sq_member_raw_slot (inlined)
            |
            ---sq_member_raw_slot (inlined)
               SQTable::GetRawSlot (inlined)

     2.80%     0.00%  sqgi     sqgi                   [.] SQTable::GetRawSlot (inlined)
            |
            ---SQTable::GetRawSlot (inlined)

     2.68%     1.45%  sqgi     sqgi                   [.] SQVM::Return
     2.60%     1.23%  sqgi     sqgi                   [.] SQVM::CMP_OP
     2.19%     1.30%  sqgi     sqgi                   [.] sqjit_number_conversion_guard
     2.18%     0.00%  sqgi     sqgi                   [.] sqjit_a64_precise_member<false> (inlined)
            |
            ---sqjit_a64_precise_member<false> (inlined)

     2.18%     0.00%  sqgi     sqgi                   [.] sqjit_a64_precise_member<true> (inlined)
            |
            ---sqjit_a64_precise_member<true> (inlined)

     2.14%     0.00%  sqgi     [JIT] tid 506945       [.] 0x0000ffffad04a31b
            |
            ---0xffffad04a31b

     2.05%     0.00%  sqgi     sqgi                   [.] sq_vm_member_cache_for (inlined)
            |
            ---sq_vm_member_cache_for (inlined)



#
# (Cannot load tips.txt file, please install perf!)
#
