# To display the perf.data header info, please use --header/--header-only options.
#
#
# Total Lost Samples: 0
#
# Samples: 2K of event 'cycles:u'
# Event count (approx.): 10936582775
#
# Children      Self  Command  Shared Object          Symbol                                         
# ........  ........  .......  .....................  ...............................................
#
    53.86%     0.00%  sqgi     sqgi                   [.] _start
            |
            ---_start
               __libc_start_main_impl (inlined)
               __libc_start_call_main
               main
               |          
                --53.80%--sq_call
                          SQVM::Execute
                          |          
                          |--10.53%--sqjit_try_execute_current
                          |          |          
                          |           --4.41%--SQVM::Return
                          |          
                          |--3.04%--SQArray::Get (inlined)
                          |          |          
                          |           --2.54%--SQArray::Get (inlined)
                          |          
                          |--2.91%--SQObjectPtr::operator= (inlined)
                          |          
                          |--2.66%--SQVM::StartCall
                          |          
                           --2.43%--sqjit_try_execute_current_loop

    53.86%     0.00%  sqgi     libc.so.6              [.] __libc_start_main_impl (inlined)
            |
            ---__libc_start_main_impl (inlined)
               __libc_start_call_main
               main
               |          
                --53.80%--sq_call
                          SQVM::Execute
                          |          
                          |--10.53%--sqjit_try_execute_current
                          |          |          
                          |           --4.41%--SQVM::Return
                          |          
                          |--3.04%--SQArray::Get (inlined)
                          |          |          
                          |           --2.54%--SQArray::Get (inlined)
                          |          
                          |--2.91%--SQObjectPtr::operator= (inlined)
                          |          
                          |--2.66%--SQVM::StartCall
                          |          
                           --2.43%--sqjit_try_execute_current_loop

    53.86%     0.00%  sqgi     libc.so.6              [.] __libc_start_call_main
            |
            ---__libc_start_call_main
               main
               |          
                --53.80%--sq_call
                          SQVM::Execute
                          |          
                          |--10.53%--sqjit_try_execute_current
                          |          |          
                          |           --4.41%--SQVM::Return
                          |          
                          |--3.04%--SQArray::Get (inlined)
                          |          |          
                          |           --2.54%--SQArray::Get (inlined)
                          |          
                          |--2.91%--SQObjectPtr::operator= (inlined)
                          |          
                          |--2.66%--SQVM::StartCall
                          |          
                           --2.43%--sqjit_try_execute_current_loop

    53.86%     0.00%  sqgi     sqgi                   [.] main
            |
            ---main
               |          
                --53.80%--sq_call
                          SQVM::Execute
                          |          
                          |--10.53%--sqjit_try_execute_current
                          |          |          
                          |           --4.41%--SQVM::Return
                          |          
                          |--3.04%--SQArray::Get (inlined)
                          |          |          
                          |           --2.54%--SQArray::Get (inlined)
                          |          
                          |--2.91%--SQObjectPtr::operator= (inlined)
                          |          
                          |--2.66%--SQVM::StartCall
                          |          
                           --2.43%--sqjit_try_execute_current_loop

    53.80%    32.52%  sqgi     sqgi                   [.] SQVM::Execute
            |          
            |--32.52%--_start
            |          __libc_start_main_impl (inlined)
            |          __libc_start_call_main
            |          main
            |          sq_call
            |          SQVM::Execute
            |          |          
            |          |--3.04%--SQArray::Get (inlined)
            |          |          |          
            |          |           --2.54%--SQArray::Get (inlined)
            |          |          
            |           --2.87%--SQObjectPtr::operator= (inlined)
            |          
             --21.28%--SQVM::Execute
                       |          
                       |--10.53%--sqjit_try_execute_current
                       |          |          
                       |           --4.41%--SQVM::Return
                       |          
                       |--2.66%--SQVM::StartCall
                       |          
                        --2.43%--sqjit_try_execute_current_loop

    53.80%     0.00%  sqgi     sqgi                   [.] sq_call
            |
            ---sq_call
               SQVM::Execute
               |          
               |--10.53%--sqjit_try_execute_current
               |          |          
               |           --4.41%--SQVM::Return
               |          
               |--3.04%--SQArray::Get (inlined)
               |          |          
               |           --2.54%--SQArray::Get (inlined)
               |          
               |--2.91%--SQObjectPtr::operator= (inlined)
               |          
               |--2.66%--SQVM::StartCall
               |          
                --2.43%--sqjit_try_execute_current_loop

    12.54%     8.21%  sqgi     sqgi                   [.] sqjit_a64_precise_step<(SQOpcode)13, true>
            |          
             --4.33%--sqjit_a64_precise_step<(SQOpcode)13, true>
                       sqjit_a64_precise_step<(SQOpcode)13, true>
                       SQJitWriteLog::CanRelease

    10.74%    10.74%  sqgi     sqgi                   [.] SQJitWriteLog::CanRelease
    10.65%     4.12%  sqgi     sqgi                   [.] sqjit_try_execute_current
            |          
            |--6.53%--sqjit_try_execute_current
            |          |          
            |           --4.41%--SQVM::Return
            |          
             --4.12%--_start
                       __libc_start_main_impl (inlined)
                       __libc_start_call_main
                       main
                       sq_call
                       SQVM::Execute
                       sqjit_try_execute_current

     9.41%     6.24%  sqgi     sqgi                   [.] sqjit_a64_precise_step<(SQOpcode)9, true>
            |          
            |--3.16%--sqjit_a64_precise_step<(SQOpcode)9, true>
            |          sqjit_a64_precise_step<(SQOpcode)9, true>
            |          SQJitWriteLog::CanRelease
            |          
             --2.04%--0xffff80176097
                       0xffff80176097
                       sqjit_a64_precise_step<(SQOpcode)9, true>

     6.40%     5.15%  sqgi     sqgi                   [.] sqjit_a64_precise_step<(SQOpcode)1, false>
     5.87%     3.87%  sqgi     sqgi                   [.] sqjit_a64_precise_step<(SQOpcode)14, false>
     4.54%     0.00%  sqgi     sqgi                   [.] sqjit_unobservable_scalar_array (inlined)
            |
            ---sqjit_unobservable_scalar_array (inlined)

     4.41%     2.58%  sqgi     sqgi                   [.] SQVM::Return
            |          
             --2.58%--_start
                       __libc_start_main_impl (inlined)
                       __libc_start_call_main
                       main
                       sq_call
                       SQVM::Execute
                       sqjit_try_execute_current
                       SQVM::Return

     4.21%     0.00%  sqgi     sqgi                   [.] sqjit_a64_precise_member<true> (inlined)
            |
            ---sqjit_a64_precise_member<true> (inlined)
               |          
                --3.21%--sq_member_raw_slot (inlined)

     3.96%     0.00%  sqgi     sqgi                   [.] SQObjectPtr::operator= (inlined)
            |
            ---SQObjectPtr::operator= (inlined)

     3.21%     0.00%  sqgi     sqgi                   [.] sq_member_raw_slot (inlined)
            |
            ---sq_member_raw_slot (inlined)

     3.04%     0.00%  sqgi     [JIT] tid 507207       [.] 0x0000ffff8017629f
            |
            ---0xffff8017629f
               |          
                --2.87%--0xffff8017629f
                          sqjit_a64_precise_step<(SQOpcode)9, true>

     3.04%     0.00%  sqgi     [JIT] tid 507207       [.] 0x0000ffff801750cb
            |
            ---0xffff801750cb
               |          
                --2.96%--0xffff801750cb
                          sqjit_a64_precise_step<(SQOpcode)13, true>

     3.04%     0.00%  sqgi     sqgi                   [.] SQArray::Get (inlined)
            |
            ---SQArray::Get (inlined)
               |          
                --2.54%--SQArray::Get (inlined)

     2.96%     0.12%  sqgi     sqgi                   [.] sqjit_write_log_release
            |          
             --2.83%--sqjit_write_log_release
                       SQJitWriteLog::~SQJitWriteLog

     2.91%     0.00%  sqgi     sqgi                   [.] SQTable::GetRawSlot (inlined)
            |
            ---SQTable::GetRawSlot (inlined)

     2.87%     0.00%  sqgi     [JIT] tid 507207       [.] 0x0000ffff80175237
            |
            ---0xffff80175237
               |          
                --2.58%--0xffff80175237
                          sqjit_a64_precise_step<(SQOpcode)9, true>

     2.83%     2.83%  sqgi     sqgi                   [.] SQJitWriteLog::~SQJitWriteLog
     2.66%     2.20%  sqgi     sqgi                   [.] SQVM::StartCall
            |          
             --2.20%--_start
                       __libc_start_main_impl (inlined)
                       __libc_start_call_main
                       main
                       sq_call
                       SQVM::Execute
                       SQVM::StartCall

     2.45%     0.00%  sqgi     [JIT] tid 507207       [.] 0x0000ffff801762d3
            |
            ---0xffff801762d3
               |          
                --2.12%--0xffff801762d3

     2.43%     1.75%  sqgi     sqgi                   [.] sqjit_try_execute_current_loop
     2.36%     0.00%  sqgi     sqgi                   [.] SQObjectPtr::operator= (inlined)
            |
            ---SQObjectPtr::operator= (inlined)

     2.29%     0.00%  sqgi     sqgi                   [.] sqjit_a64_precise_step<(SQOpcode)14> (inlined)
            |
            ---sqjit_a64_precise_step<(SQOpcode)14> (inlined)

     2.25%     0.00%  sqgi     [JIT] tid 507207       [.] 0x0000ffff80175133
            |
            ---0xffff80175133
               |          
                --2.16%--0xffff80175133
                          sqjit_a64_precise_step<(SQOpcode)13, true>

     2.21%     0.00%  sqgi     [JIT] tid 507207       [.] 0x0000ffff80176203
            |
            ---0xffff80176203
               |          
                --2.08%--0xffff80176203
                          sqjit_a64_precise_step<(SQOpcode)13, true>

     2.17%     0.00%  sqgi     [JIT] tid 507207       [.] 0x0000ffff80176097
            |
            ---0xffff80176097
               |          
                --2.04%--0xffff80176097
                          sqjit_a64_precise_step<(SQOpcode)9, true>

     2.06%     0.00%  sqgi     [JIT] tid 507207       [.] 0x0000ffff8017619b
            |
            ---0xffff8017619b
               |          
                --2.02%--0xffff8017619b
                          sqjit_a64_precise_step<(SQOpcode)13, true>

     2.04%     0.00%  sqgi     [JIT] tid 507207       [.] 0x0000ffff80175203
            |
            ---0xffff80175203

     2.03%     0.00%  sqgi     sqgi                   [.] sqjit_a64_precise_step<(SQOpcode)1> (inlined)
            |
            ---sqjit_a64_precise_step<(SQOpcode)1> (inlined)



#
# (Cannot load tips.txt file, please install perf!)
#
