BENCH	transfer_table	200000	0.609785000	141925
BENCH	transfer_class	200000	0.615960000	141925
BENCH	transfer_mixed	200000	0.625870000	141925
BENCH	publish_table	200000	0.514550000	410680
BENCH	publish_class	200000	0.526110000	410680
BENCH	publish_mixed	200000	0.527810000	410680
BENCH	transfer_table	200000	0.607260000	141925
BENCH	transfer_class	200000	0.615615000	141925
BENCH	transfer_mixed	200000	0.623210000	141925
BENCH	publish_table	200000	0.511545000	410680
BENCH	publish_class	200000	0.523035000	410680
BENCH	publish_mixed	200000	0.527550000	410680
BENCH	transfer_table	200000	0.607715000	141925
BENCH	transfer_class	200000	0.612865000	141925
BENCH	transfer_mixed	200000	0.621550000	141925
BENCH	publish_table	200000	0.534255000	410680
BENCH	publish_class	200000	0.543955000	410680
BENCH	publish_mixed	200000	0.546930000	410680
4878.99;msec;task-clock:u;0.52%;4878986273;100.00;1.009;CPUs utilized
11090801262;;cycles:u;0.53%;4879367184;100.00;2.296;GHz
32069608405;;instructions:u;0.00%;4879367184;100.00;2.92;insn per cycle
10689500;;branch-misses:u;26.23%;4879367184;100.00;;
13038029538;;cache-references:u;0.12%;4879367184;100.00;2.699;G/sec
3864855;;cache-misses:u;0.70%;4879367184;100.00;0.030;of all cache refs
797;;page-faults:u;0.04%;4878986273;100.00;165.002;/sec
0;;context-switches:u;0.00%;4878986273;100.00;0.000;/sec
