BENCH	table_owners_1	200000	0.332500000	5098276961
BENCH	table_owners_2	200000	0.332115000	5098477602
BENCH	table_owners_5	200000	0.332100000	5097878556
BENCH	table_owners_19	200000	0.332070000	5098684496
BENCH	table_owners_257	200000	0.332650000	5100408060
BENCH	class_owners_1	200000	0.332720000	5098276961
BENCH	class_owners_2	200000	0.331830000	5098477602
BENCH	class_owners_5	200000	0.332350000	5097878556
BENCH	class_owners_19	200000	0.331865000	5098684496
BENCH	class_owners_257	200000	0.332415000	5100408060
BENCH	table_owners_1	200000	0.332510000	5098276961
BENCH	table_owners_2	200000	0.332995000	5098477602
BENCH	table_owners_5	200000	0.332885000	5097878556
BENCH	table_owners_19	200000	0.332120000	5098684496
BENCH	table_owners_257	200000	0.332935000	5100408060
BENCH	class_owners_1	200000	0.332710000	5098276961
BENCH	class_owners_2	200000	0.332330000	5098477602
BENCH	class_owners_5	200000	0.332410000	5097878556
BENCH	class_owners_19	200000	0.332440000	5098684496
BENCH	class_owners_257	200000	0.332540000	5100408060
BENCH	table_owners_1	200000	0.332075000	5098276961
BENCH	table_owners_2	200000	0.331820000	5098477602
BENCH	table_owners_5	200000	0.331265000	5097878556
BENCH	table_owners_19	200000	0.331485000	5098684496
BENCH	table_owners_257	200000	0.332365000	5100408060
BENCH	class_owners_1	200000	0.332410000	5098276961
BENCH	class_owners_2	200000	0.331980000	5098477602
BENCH	class_owners_5	200000	0.331705000	5097878556
BENCH	class_owners_19	200000	0.331430000	5098684496
BENCH	class_owners_257	200000	0.332325000	5100408060
4665.78;msec;task-clock:u;0.09%;4665775519;100.00;0.997;CPUs utilized
10603395934;;cycles:u;0.07%;4666220890;100.00;2.270;GHz
37632197954;;instructions:u;0.00%;4666220890;100.00;3.55;insn per cycle
155760;;branch-misses:u;1.09%;4666220890;100.00;;
14851394224;;cache-references:u;0.00%;4666220890;100.00;3.180;G/sec
463997;;cache-misses:u;16.10%;4666220890;100.00;0.003;of all cache refs
789;;page-faults:u;0.08%;4665775519;100.00;168.929;/sec
0;;context-switches:u;0.00%;4665775519;100.00;0.000;/sec
