# To display the perf.data header info, please use --header/--header-only options.
#
#
# Total Lost Samples: 0
#
# Samples: 2K of event 'cycles:u'
# Event count (approx.): 10622866933
#
# Children      Self  Command  Shared Object               Symbol                                         
# ........  ........  .......  ..........................  ...............................................
#
    18.47%    14.79%  sqgi     sqgi                        [.] sqjit_a64_precise_step<(SQOpcode)9, true>
            |          
            |--3.69%--sqjit_a64_precise_step<(SQOpcode)9, true>
            |          sqjit_a64_precise_step<(SQOpcode)9, true>
            |          SQJitWriteLog::CanRelease
            |          
            |--3.56%--0xffff8c403797
            |          0xffff8c403797
            |          |          
            |           --3.34%--sqjit_a64_precise_step<(SQOpcode)9, true>
            |          
            |--3.43%--0xffff8c403853
            |          0xffff8c403853
            |          |          
            |           --3.13%--sqjit_a64_precise_step<(SQOpcode)9, true>
            |          
            |--3.26%--0xffff8c40317b
            |          0xffff8c40317b
            |          sqjit_a64_precise_step<(SQOpcode)9, true>
            |          
            |--2.27%--0xffff8c4032f3
            |          0xffff8c4032f3
            |          sqjit_a64_precise_step<(SQOpcode)9, true>
            |          
             --2.27%--0xffff8c403a07
                       0xffff8c403a07
                       sqjit_a64_precise_step<(SQOpcode)9, true>

    14.70%    14.70%  sqgi     sqgi                        [.] SQJitWriteLog::CanRelease
            |          
            |--2.87%--0xffff8c403347
            |          0xffff8c403347
            |          sqjit_a64_precise_step<(SQOpcode)2, false>
            |          sqjit_a64_precise_step<(SQOpcode)2, false>
            |          SQJitWriteLog::CanRelease
            |          |          
            |           --2.01%--sqjit_unobservable_scalar_array (inlined)
            |          
             --2.01%--0xffff8c403797
                       0xffff8c403797
                       sqjit_a64_precise_step<(SQOpcode)9, true>
                       sqjit_a64_precise_step<(SQOpcode)9, true>
                       SQJitWriteLog::CanRelease

    12.60%    11.10%  sqgi     sqgi                        [.] sqjit_a64_precise_step<(SQOpcode)14, false>
            |          
            |--4.63%--0xffff8c40381f
            |          0xffff8c40381f
            |          |          
            |           --4.59%--sqjit_a64_precise_step<(SQOpcode)14, false>
            |          
            |--3.77%--0xffff8c4033cf
            |          0xffff8c4033cf
            |          |          
            |           --3.73%--sqjit_a64_precise_step<(SQOpcode)14, false>
            |          
             --2.70%--0xffff8c40328b
                       0xffff8c40328b
                       |          
                        --2.61%--sqjit_a64_precise_step<(SQOpcode)14, false>

    10.63%     8.54%  sqgi     sqgi                        [.] sqjit_a64_precise_step<(SQOpcode)17, false>
            |          
            |--3.55%--0xffff8c403b0f
            |          0xffff8c403b0f
            |          sqjit_a64_precise_step<(SQOpcode)17, false>
            |          
            |--2.61%--0xffff8c40372f
            |          0xffff8c40372f
            |          sqjit_a64_precise_step<(SQOpcode)17, false>
            |          
            |--2.39%--0xffff8c403a8b
            |          0xffff8c403a8b
            |          sqjit_a64_precise_step<(SQOpcode)17, false>
            |          
             --2.09%--sqjit_a64_precise_step<(SQOpcode)17, false>
                       sqjit_a64_precise_step<(SQOpcode)17, false>
                       SQVM::ARITH_OP

     9.77%     7.89%  sqgi     sqgi                        [.] sqjit_a64_precise_step<(SQOpcode)1, false>
            |          
            |--4.84%--0xffff8c4031af
            |          0xffff8c4031af
            |          sqjit_a64_precise_step<(SQOpcode)1, false>
            |          
             --3.04%--0xffff8c4035b7
                       0xffff8c4035b7
                       sqjit_a64_precise_step<(SQOpcode)1, false>

     8.10%     0.00%  sqgi     [JIT] tid 507088            [.] 0x0000ffff8c403853
            |
            ---0xffff8c403853
               |          
                --5.10%--0xffff8c403853
                          |          
                           --4.80%--sqjit_a64_precise_step<(SQOpcode)9, true>
                                     |          
                                      --2.23%--sqjit_a64_precise_step<(SQOpcode)9, true>

     8.04%     6.37%  sqgi     sqgi                        [.] sqjit_a64_precise_step<(SQOpcode)13, true>
            |          
             --3.33%--0xffff8c4032bf
                       0xffff8c4032bf
                       sqjit_a64_precise_step<(SQOpcode)13, true>

     6.55%     0.00%  sqgi     [JIT] tid 507088            [.] 0x0000ffff8c40313f
            |
            ---0xffff8c40313f
               |          
                --6.29%--0xffff8c40313f
                          sqjit_a64_precise_step<(SQOpcode)29, false>
                          |          
                           --2.57%--SQVM::CMP_OP

     6.47%     0.00%  sqgi     sqgi                        [.] sqjit_unobservable_scalar_array (inlined)
            |
            ---sqjit_unobservable_scalar_array (inlined)

     6.29%     2.87%  sqgi     sqgi                        [.] sqjit_a64_precise_step<(SQOpcode)29, false>
            |          
            |--3.42%--sqjit_a64_precise_step<(SQOpcode)29, false>
            |          |          
            |           --2.57%--SQVM::CMP_OP
            |          
             --2.87%--0xffff8c40313f
                       0xffff8c40313f
                       sqjit_a64_precise_step<(SQOpcode)29, false>

     6.22%     0.00%  sqgi     [JIT] tid 507088            [.] 0x0000ffff8c4033cf
            |
            ---0xffff8c4033cf
               |          
                --4.50%--0xffff8c4033cf
                          |          
                           --4.46%--sqjit_a64_precise_step<(SQOpcode)14, false>

     6.08%     0.00%  sqgi     [JIT] tid 507088            [.] 0x0000ffff8c403797
            |
            ---0xffff8c403797
               |          
                --5.57%--0xffff8c403797
                          |          
                           --5.36%--sqjit_a64_precise_step<(SQOpcode)9, true>
                                     |          
                                      --2.49%--sqjit_a64_precise_step<(SQOpcode)9, true>
                                                |          
                                                 --2.01%--SQJitWriteLog::CanRelease

     5.91%     0.00%  sqgi     [JIT] tid 507088            [.] 0x0000ffff8c40361f
            |
            ---0xffff8c40361f
               |          
                --5.78%--0xffff8c40361f
                          sqjit_a64_precise_step<(SQOpcode)4, false>

     5.87%     0.00%  sqgi     [JIT] tid 507088            [.] 0x0000ffff8c403b93
            |
            ---0xffff8c403b93
               |          
                --5.66%--0xffff8c403b93
                          |          
                          |--3.51%--sqjit_a64_precise_step<(SQOpcode)39, false>
                          |          
                           --2.14%--sqjit_a64_precise_step<(SQOpcode)39> (inlined)

     5.78%     4.67%  sqgi     sqgi                        [.] sqjit_a64_precise_step<(SQOpcode)4, false>
            |          
             --4.67%--0xffff8c40361f
                       0xffff8c40361f
                       sqjit_a64_precise_step<(SQOpcode)4, false>

     5.66%     3.69%  sqgi     sqgi                        [.] sqjit_a64_precise_step<(SQOpcode)39, false>
            |          
             --3.69%--0xffff8c403b93
                       0xffff8c403b93
                       |          
                        --3.51%--sqjit_a64_precise_step<(SQOpcode)39, false>

     5.66%     0.00%  sqgi     [JIT] tid 507088            [.] 0x0000ffff8c40381f
            |
            ---0xffff8c40381f
               |          
                --5.40%--0xffff8c40381f
                          |          
                           --5.36%--sqjit_a64_precise_step<(SQOpcode)14, false>

     5.57%     0.00%  sqgi     [JIT] tid 507088            [.] 0x0000ffff8c4031af
            |
            ---0xffff8c4031af
               |          
                --4.84%--0xffff8c4031af
                          sqjit_a64_precise_step<(SQOpcode)1, false>

     5.27%     0.00%  sqgi     [JIT] tid 507088            [.] 0x0000ffff8c4035b7
            |
            ---0xffff8c4035b7
               |          
                --4.93%--0xffff8c4035b7
                          |          
                           --3.04%--sqjit_a64_precise_step<(SQOpcode)1, false>

     5.04%     0.00%  sqgi     [JIT] tid 507088            [.] 0x0000ffff8c4032bf
            |
            ---0xffff8c4032bf
               |          
                --5.00%--0xffff8c4032bf
                          sqjit_a64_precise_step<(SQOpcode)13, true>
                          |          
                           --2.01%--sqjit_a64_precise_step<(SQOpcode)13, true>

     4.91%     0.00%  sqgi     [JIT] tid 507088            [.] 0x0000ffff8c403347
            |
            ---0xffff8c403347
               |          
                --4.52%--0xffff8c403347
                          sqjit_a64_precise_step<(SQOpcode)2, false>
                          |          
                           --3.13%--sqjit_a64_precise_step<(SQOpcode)2, false>
                                     |          
                                      --2.87%--SQJitWriteLog::CanRelease
                                                |          
                                                 --2.01%--sqjit_unobservable_scalar_array (inlined)

     4.52%     1.65%  sqgi     sqgi                        [.] sqjit_a64_precise_step<(SQOpcode)2, false>
            |          
             --2.87%--sqjit_a64_precise_step<(SQOpcode)2, false>
                       sqjit_a64_precise_step<(SQOpcode)2, false>
                       SQJitWriteLog::CanRelease
                       |          
                        --2.01%--sqjit_unobservable_scalar_array (inlined)

     4.28%     0.00%  sqgi     [JIT] tid 507088            [.] 0x0000ffff8c403b0f
            |
            ---0xffff8c403b0f
               |          
                --4.07%--0xffff8c403b0f
                          sqjit_a64_precise_step<(SQOpcode)17, false>

     4.02%     0.00%  sqgi     [JIT] tid 507088            [.] 0x0000ffff8c40372f
            |
            ---0xffff8c40372f
               |          
                --3.55%--0xffff8c40372f
                          sqjit_a64_precise_step<(SQOpcode)17, false>

     3.68%     0.00%  sqgi     [JIT] tid 507088            [.] 0x0000ffff8c403583
            |
            ---0xffff8c403583
               |          
                --3.42%--0xffff8c403583
                          sqjit_a64_precise_step<(SQOpcode)13, false>

     3.43%     0.00%  sqgi     [JIT] tid 507088            [.] 0x0000ffff8c40317b
            |
            ---0xffff8c40317b
               |          
                --3.26%--0xffff8c40317b
                          sqjit_a64_precise_step<(SQOpcode)9, true>

     3.42%     3.42%  sqgi     sqgi                        [.] sqjit_a64_precise_step<(SQOpcode)13, false>
            |
            ---0xffff8c403583
               0xffff8c403583
               sqjit_a64_precise_step<(SQOpcode)13, false>

     3.32%     0.00%  sqgi     [JIT] tid 507088            [.] 0x0000ffff8c403a8b
            |
            ---0xffff8c403a8b
               |          
                --3.02%--0xffff8c403a8b
                          sqjit_a64_precise_step<(SQOpcode)17, false>

     3.22%     0.00%  sqgi     [JIT] tid 507088            [.] 0x0000ffff8c403653
            |
            ---0xffff8c403653
               |          
                --2.61%--0xffff8c403653
                          sqjit_a64_precise_step<(SQOpcode)14, true>

     3.17%     0.00%  sqgi     [JIT] tid 507088            [.] 0x0000ffff8c403a07
            |
            ---0xffff8c403a07
               |          
                --2.27%--0xffff8c403a07
                          sqjit_a64_precise_step<(SQOpcode)9, true>

     3.13%     0.00%  sqgi     sqgi                        [.] SQObjectPtr::operator= (inlined)
            |
            ---SQObjectPtr::operator= (inlined)

     2.91%     0.00%  sqgi     [JIT] tid 507088            [.] 0x0000ffff8c4032f3
            |
            ---0xffff8c4032f3
               |          
                --2.27%--0xffff8c4032f3
                          sqjit_a64_precise_step<(SQOpcode)9, true>

     2.87%     0.00%  sqgi     [JIT] tid 507088            [.] 0x0000ffff8c40328b
            |
            ---0xffff8c40328b
               |          
                --2.70%--0xffff8c40328b
                          |          
                           --2.61%--sqjit_a64_precise_step<(SQOpcode)14, false>

     2.61%     2.61%  sqgi     sqgi                        [.] sqjit_a64_precise_step<(SQOpcode)14, true>
            |
            ---0xffff8c403653
               0xffff8c403653
               sqjit_a64_precise_step<(SQOpcode)14, true>

     2.57%     0.94%  sqgi     sqgi                        [.] SQVM::CMP_OP
     2.52%     0.00%  sqgi     sqgi                        [.] sqjit_a64_precise_arith (inlined)
            |
            ---sqjit_a64_precise_arith (inlined)

     2.36%     0.00%  sqgi     sqgi                        [.] sqjit_a64_precise_member<true> (inlined)
            |
            ---sqjit_a64_precise_member<true> (inlined)

     2.27%     0.00%  sqgi     sqgi                        [.] SQObjectPtr::operator= (inlined)
            |
            ---SQObjectPtr::operator= (inlined)

     2.14%     0.00%  sqgi     sqgi                        [.] sqjit_a64_precise_step<(SQOpcode)39> (inlined)
            |
            ---sqjit_a64_precise_step<(SQOpcode)39> (inlined)

     2.09%     2.09%  sqgi     sqgi                        [.] SQVM::ARITH_OP
     2.06%     0.00%  sqgi     sqgi                        [.] SQObjectPtr::operator= (inlined)
            |
            ---SQObjectPtr::operator= (inlined)



#
# (Cannot load tips.txt file, please install perf!)
#
