# To display the perf.data header info, please use --header/--header-only options.
#
#
# Total Lost Samples: 0
#
# Samples: 395  of event 'cycles:u'
# Event count (approx.): 1675025934
#
# Children      Self  Command  Shared Object          Symbol                                                                                                                                                         
# ........  ........  .......  .....................  ...............................................................................................................................................................
#
    48.12%     0.00%  sqgi     libc.so.6              [.] __libc_start_call_main
            |
            ---__libc_start_call_main
               __libc_start_call_main
               main
               |          
                --47.77%--sq_call
                          SQVM::Execute
                          |          
                          |--8.16%--sqjit_try_execute_current
                          |          |          
                          |           --2.18%--SQVM::Return
                          |          
                          |--3.54%--sqjit_try_execute_current_loop
                          |          
                          |--3.26%--SQObjectPtr::operator= (inlined)
                          |          
                          |--2.99%--SQVM::CMP_OP
                          |          
                           --2.45%--sqjit_try_execute_closure

    48.12%     0.00%  sqgi     sqgi                   [.] main
            |
            ---main
               |          
                --47.77%--sq_call
                          SQVM::Execute
                          |          
                          |--8.16%--sqjit_try_execute_current
                          |          |          
                          |           --2.18%--SQVM::Return
                          |          
                          |--3.54%--sqjit_try_execute_current_loop
                          |          
                          |--3.26%--SQObjectPtr::operator= (inlined)
                          |          
                          |--2.99%--SQVM::CMP_OP
                          |          
                           --2.45%--sqjit_try_execute_closure

    47.77%     0.00%  sqgi     sqgi                   [.] sq_call
            |
            ---sq_call
               SQVM::Execute
               |          
               |--8.16%--sqjit_try_execute_current
               |          |          
               |           --2.18%--SQVM::Return
               |          
               |--3.54%--sqjit_try_execute_current_loop
               |          
               |--3.26%--SQObjectPtr::operator= (inlined)
               |          
               |--2.99%--SQVM::CMP_OP
               |          
                --2.45%--sqjit_try_execute_closure

    47.77%    27.19%  sqgi     sqgi                   [.] SQVM::Execute
            |          
            |--27.19%--__libc_start_call_main
            |          __libc_start_call_main
            |          main
            |          sq_call
            |          SQVM::Execute
            |          |          
            |           --3.26%--SQObjectPtr::operator= (inlined)
            |          
             --20.58%--SQVM::Execute
                       |          
                       |--8.16%--sqjit_try_execute_current
                       |          |          
                       |           --2.18%--SQVM::Return
                       |          
                       |--3.54%--sqjit_try_execute_current_loop
                       |          
                       |--2.99%--SQVM::CMP_OP
                       |          
                        --2.45%--sqjit_try_execute_closure

    11.96%     0.00%  sqgi     [JIT] tid 506924       [.] 0x0000ffffacb33207
            |
            ---0xffffacb33207
               |          
                --10.87%--0xffffacb33207
                          sqjit_a64_helper_member_set_reference_logged
                          |          
                          |--5.98%--sqjit_a64_member_store_slot (inlined)
                          |          sqjit_a64_member_store_slot (inlined)
                          |          |          
                          |           --4.07%--sqjit_a64_resolve_store_slot (inlined)
                          |                     |          
                          |                      --3.26%--sq_member_raw_slot (inlined)
                          |                                SQTable::GetRawSlot (inlined)
                          |          
                           --2.99%--sqjit_a64_helper_member_set_reference_logged
                                     SQJitWriteLog::RecordMember

    10.87%     6.25%  sqgi     sqgi                   [.] sqjit_a64_helper_member_set_reference_logged
            |          
            |--6.25%--0xffffacb33207
            |          0xffffacb33207
            |          sqjit_a64_helper_member_set_reference_logged
            |          |          
            |           --4.62%--sqjit_a64_member_store_slot (inlined)
            |                     sqjit_a64_member_store_slot (inlined)
            |                     |          
            |                      --4.07%--sqjit_a64_resolve_store_slot (inlined)
            |                                |          
            |                                 --3.26%--sq_member_raw_slot (inlined)
            |                                           SQTable::GetRawSlot (inlined)
            |          
             --4.62%--sqjit_a64_helper_member_set_reference_logged
                       |          
                        --2.99%--sqjit_a64_helper_member_set_reference_logged
                                  SQJitWriteLog::RecordMember

     9.59%     4.61%  sqgi     sqgi                   [.] SQJitWriteLog::RecordMember
            |          
             --4.98%--SQJitWriteLog::RecordMember
                       |          
                        --4.70%--SQJitWriteLog::CanRelease

     8.16%     4.08%  sqgi     sqgi                   [.] sqjit_try_execute_current
            |          
            |--4.08%--sqjit_try_execute_current
            |          |          
            |           --2.18%--SQVM::Return
            |          
             --4.08%--__libc_start_call_main
                       __libc_start_call_main
                       main
                       sq_call
                       SQVM::Execute
                       sqjit_try_execute_current

     7.06%     0.00%  sqgi     [JIT] tid 506924       [.] 0x0000ffffac92f1d7
            |
            ---0xffffac92f1d7
               |          
                --6.52%--0xffffac92f1d7
                          sqjit_a64_helper_member_set_integer_logged
                          |          
                          |--3.53%--sqjit_a64_helper_member_set_integer_logged
                          |          SQJitWriteLog::RecordMember
                          |          |          
                          |           --2.44%--SQJitWriteLog::CanRelease
                          |          
                           --2.17%--sqjit_a64_member_store_slot (inlined)
                                     sqjit_a64_member_store_slot (inlined)

     6.93%     2.33%  sqgi     sqgi                   [.] sqjit_a64_helper_member_closure_guard
            |          
             --4.59%--sqjit_a64_helper_member_closure_guard
                       sqjit_a64_helper_member_closure_guard
                       sqjit_a64_borrow_member_ptr_value
                       |          
                        --3.24%--SQTable::GetRawSlot (inlined)
                                  |          
                                   --2.71%--SQTable::_Get (inlined)

     6.52%     1.63%  sqgi     sqgi                   [.] sqjit_a64_helper_member_set_integer_logged
            |          
             --4.89%--sqjit_a64_helper_member_set_integer_logged
                       |          
                        --3.53%--sqjit_a64_helper_member_set_integer_logged
                                  SQJitWriteLog::RecordMember
                                  |          
                                   --2.44%--SQJitWriteLog::CanRelease

     5.98%     0.00%  sqgi     sqgi                   [.] sqjit_a64_member_store_slot (inlined)
            |
            ---sqjit_a64_member_store_slot (inlined)
               sqjit_a64_member_store_slot (inlined)
               |          
                --4.07%--sqjit_a64_resolve_store_slot (inlined)
                          |          
                           --3.26%--sq_member_raw_slot (inlined)
                                     SQTable::GetRawSlot (inlined)

     5.30%     0.00%  sqgi     [JIT] tid 506924       [.] 0x0000ffffacb3521f
            |
            ---0xffffacb3521f
               |          
                --4.09%--0xffffacb3521f
                          sqjit_a64_helper_instance_field_set_integer_logged
                          |          
                           --3.07%--sqjit_a64_helper_instance_field_set_integer_logged
                                     SQJitWriteLog::RecordMember

     5.16%     0.00%  sqgi     [JIT] tid 506924       [.] 0x0000ffffac92f14b
            |
            ---0xffffac92f14b
               |          
                --3.80%--0xffffac92f14b
                          sqjit_a64_helper_member_closure_guard
                          |          
                           --2.99%--sqjit_a64_helper_member_closure_guard
                                     sqjit_a64_borrow_member_ptr_value
                                     |          
                                      --2.44%--SQTable::GetRawSlot (inlined)
                                                |          
                                                 --2.17%--SQTable::_Get (inlined)

     4.70%     4.70%  sqgi     sqgi                   [.] SQJitWriteLog::CanRelease
            |          
             --2.44%--0xffffac92f1d7
                       0xffffac92f1d7
                       sqjit_a64_helper_member_set_integer_logged
                       sqjit_a64_helper_member_set_integer_logged
                       SQJitWriteLog::RecordMember
                       SQJitWriteLog::CanRelease

     4.62%     4.62%  sqgi     sqgi                   [.] SQJitWriteLog::~SQJitWriteLog
            |
            ---0xffffacb34113
               0xffffacb34113
               sqjit_write_log_release
               SQJitWriteLog::~SQJitWriteLog

     4.62%     0.00%  sqgi     [JIT] tid 506924       [.] 0x0000ffffacb34113
            |
            ---0xffffacb34113
               0xffffacb34113
               sqjit_write_log_release
               SQJitWriteLog::~SQJitWriteLog

     4.62%     0.00%  sqgi     sqgi                   [.] sqjit_write_log_release
            |
            ---sqjit_write_log_release
               SQJitWriteLog::~SQJitWriteLog

     4.59%     4.59%  sqgi     sqgi                   [.] sqjit_a64_borrow_member_ptr_value
            |          
             --2.99%--0xffffac92f14b
                       0xffffac92f14b
                       sqjit_a64_helper_member_closure_guard
                       sqjit_a64_helper_member_closure_guard
                       sqjit_a64_borrow_member_ptr_value
                       |          
                        --2.44%--SQTable::GetRawSlot (inlined)
                                  |          
                                   --2.17%--SQTable::_Get (inlined)

     4.58%     0.00%  sqgi     [JIT] tid 506924       [.] 0x0000ffffacb35167
            |
            ---0xffffacb35167

     4.09%     1.02%  sqgi     sqgi                   [.] sqjit_a64_helper_instance_field_set_integer_logged
            |          
             --3.07%--sqjit_a64_helper_instance_field_set_integer_logged
                       sqjit_a64_helper_instance_field_set_integer_logged
                       SQJitWriteLog::RecordMember

     4.07%     0.00%  sqgi     sqgi                   [.] sqjit_a64_resolve_store_slot (inlined)
            |
            ---sqjit_a64_resolve_store_slot (inlined)
               |          
                --3.26%--sq_member_raw_slot (inlined)
                          SQTable::GetRawSlot (inlined)

     3.80%     0.00%  sqgi     [JIT] tid 506924       [.] 0x0000ffffacb3314b
            |
            ---0xffffacb3314b

     3.54%     2.72%  sqgi     sqgi                   [.] sqjit_try_execute_current_loop
            |          
             --2.72%--__libc_start_call_main
                       __libc_start_call_main
                       main
                       sq_call
                       SQVM::Execute
                       sqjit_try_execute_current_loop

     3.26%     0.00%  sqgi     sqgi                   [.] SQObjectPtr::operator= (inlined)
            |
            ---SQObjectPtr::operator= (inlined)

     3.26%     0.00%  sqgi     sqgi                   [.] sq_member_raw_slot (inlined)
            |
            ---sq_member_raw_slot (inlined)
               SQTable::GetRawSlot (inlined)

     3.26%     0.00%  sqgi     sqgi                   [.] SQTable::GetRawSlot (inlined)
            |
            ---SQTable::GetRawSlot (inlined)

     3.24%     0.00%  sqgi     sqgi                   [.] SQTable::GetRawSlot (inlined)
            |
            ---SQTable::GetRawSlot (inlined)
               |          
                --2.71%--SQTable::_Get (inlined)

     2.99%     1.09%  sqgi     sqgi                   [.] SQVM::CMP_OP
     2.71%     0.00%  sqgi     sqgi                   [.] SQTable::_Get (inlined)
            |
            ---SQTable::_Get (inlined)

     2.45%     2.45%  sqgi     sqgi                   [.] sqjit_try_execute_closure
            |
            ---__libc_start_call_main
               __libc_start_call_main
               main
               sq_call
               SQVM::Execute
               sqjit_try_execute_closure

     2.45%     2.45%  sqgi     sqgi                   [.] sqjit_a64_resolve_root_store_slot
     2.44%     2.44%  sqgi     sqgi                   [.] sqjit_a64_precise_step<(SQOpcode)1, false>
            |
            ---0xffffacb34097
               0xffffacb34097
               sqjit_a64_precise_step<(SQOpcode)1, false>

     2.44%     0.00%  sqgi     [JIT] tid 506924       [.] 0x0000ffffacb34097
            |
            ---0xffffacb34097
               0xffffacb34097
               sqjit_a64_precise_step<(SQOpcode)1, false>

     2.18%     1.90%  sqgi     sqgi                   [.] SQVM::Return
     2.17%     0.00%  sqgi     sqgi                   [.] SQTable::GetRawSlot (inlined)
            |
            ---SQTable::GetRawSlot (inlined)

     2.17%     0.00%  sqgi     sqgi                   [.] sqjit_a64_member_store_slot (inlined)
            |
            ---sqjit_a64_member_store_slot (inlined)
               sqjit_a64_member_store_slot (inlined)



#
# (Cannot load tips.txt file, please install perf!)
#
