BENCH	receiver_integer	20003	0.090136480	956736
BENCH	root_integer	20003	0.626456032	956736
BENCH	root_reference	20003	0.088936660	780034
BENCH	root_integer_result	20003	0.064240364	976739
[sqjit:stats] proto enters=140065 hot=9 compile=9 success=1 fail=8
[sqjit:stats] proto exec attempts=140065 success=140021 guard_fail=0
[sqjit:stats] proto side_exits=0
[sqjit:stats] direct calls attempts=140020 success=0 miss=140020 guard_fail=0
[sqjit:stats] loops try=140085 find_fail=6 compile=5 success=3 fail=2 exec=117 exec_success=21 guard_fail=96
[sqjit:stats] rejects=10 unique_reasons=6
[sqjit:stats] backoff proto=0 proto_skips=0 loop=12 loop_skips=139932
[sqjit:stats] reject category count=1 category=loop
[sqjit:stats] reject category count=1 category=array-append
[sqjit:stats] reject category count=3 category=member
[sqjit:stats] reject category count=3 category=call
[sqjit:stats] reject category count=2 category=other
[sqjit:stats] reject reason count=2 reason=unsupported function shape or instruction limit
[sqjit:stats] reject reason count=1 reason=deferred CALL direct closure
[sqjit:stats] reject reason count=3 reason=unsupported PREPCALLK member
[sqjit:stats] reject reason count=1 reason=unsupported loop branch shape
[sqjit:stats] reject reason count=2 reason=unsupported CALL direct closure
[sqjit:stats] reject reason count=1 reason=unsupported loop array append PREPCALLK
[sqjit:stats] loop_guard rank=1 proto=(nil) name=counter_work source=/home/sam/Programming/sqgi/test/bench_root_workloads.nut line=26 ip=13 guard_fail=96 exec=103 exec_ok=7 compile=1 compile_ok=1 backoffs=12 skips=139932
[sqjit:stats] reject_site rank=1 proto=(nil) name=main source=<sqgi async bootstrap> line=-1 ip=-1 count=1 reason=unsupported function shape or instruction limit
[sqjit:stats] reject_site rank=2 proto=(nil) name=main source=/home/sam/Programming/sqgi/test/bench_root_workloads.nut line=-1 ip=-1 count=1 reason=unsupported function shape or instruction limit
[sqjit:stats] reject_site rank=3 proto=(nil) name=<anonymous> source=/home/sam/Programming/sqgi/test/bench_root_workloads.nut line=43 ip=3 count=1 reason=deferred CALL direct closure
[sqjit:stats] reject_site rank=4 proto=(nil) name=counter_work source=/home/sam/Programming/sqgi/test/bench_root_workloads.nut line=26 ip=14 count=1 reason=unsupported PREPCALLK member
[sqjit:stats] reject_site rank=5 proto=(nil) name=main source=/home/sam/Programming/sqgi/test/bench_root_workloads.nut line=50 ip=119 count=1 reason=unsupported loop branch shape
[sqjit:stats] reject_site rank=6 proto=(nil) name=<anonymous> source=/home/sam/Programming/sqgi/test/bench_root_workloads.nut line=43 ip=3 count=1 reason=unsupported CALL direct closure
[sqjit:stats] reject_site rank=7 proto=(nil) name=<anonymous> source=/home/sam/Programming/sqgi/test/bench_root_workloads.nut line=44 ip=3 count=1 reason=unsupported CALL direct closure
[sqjit:stats] reject_site rank=8 proto=(nil) name=reference_work source=/home/sam/Programming/sqgi/test/bench_root_workloads.nut line=33 ip=22 count=1 reason=unsupported PREPCALLK member
[sqjit:stats] reject_site rank=9 proto=(nil) name=reference_work source=/home/sam/Programming/sqgi/test/bench_root_workloads.nut line=32 ip=10 count=1 reason=unsupported loop array append PREPCALLK
[sqjit:stats] reject_site rank=10 proto=(nil) name=transformed_work source=/home/sam/Programming/sqgi/test/bench_root_workloads.nut line=39 ip=8 count=1 reason=unsupported PREPCALLK member
