BENCH	receiver_integer	200000	0.053820000	595177
BENCH	root_integer	200000	0.317595000	595177
BENCH	root_reference	200000	0.083300000	799457
BENCH	root_integer_result	200000	0.064695000	795177
BENCH	receiver_integer	200000	0.053765000	595177
BENCH	root_integer	200000	0.316950000	595177
BENCH	root_reference	200000	0.088800000	799457
BENCH	root_integer_result	200000	0.064650000	795177
BENCH	receiver_integer	200000	0.053870000	595177
BENCH	root_integer	200000	0.316640000	595177
BENCH	root_reference	200000	0.085595000	799457
BENCH	root_integer_result	200000	0.064485000	795177
763.73;msec;task-clock:u;0.11%;763727617;100.00;0.988;CPUs utilized
1691932171;;cycles:u;0.17%;763853340;100.00;2.214;GHz
4974874243;;instructions:u;0.04%;763853340;100.00;2.95;insn per cycle
398349;;branch-misses:u;13.99%;763853340;100.00;;
1901963278;;cache-references:u;0.12%;763853340;100.00;2.489;G/sec
202265;;cache-misses:u;0.75%;763853340;100.00;0.011;of all cache refs
785;;page-faults:u;0.04%;763727617;100.00;1.027;K/sec
0;;context-switches:u;0.00%;763727617;100.00;0.000;/sec
