[1/43] Building CXX object CMakeFiles/sqgi_test_cpp_sqjit_aarch64_emit.dir/test/cpp/test_sqjit_aarch64_emit.cpp.o
[2/43] Building CXX object CMakeFiles/sqgi-core.dir/Squirrel3/squirrel/jit/sqjit_backend_aarch64_emit.cpp.o
[3/43] Building CXX object CMakeFiles/sqgi_test_cpp_sqjit_aarch64_emit.dir/Squirrel3/squirrel/jit/sqjit_backend_aarch64_emit.cpp.o
[4/43] Linking CXX executable sqgi_test_cpp_sqjit_aarch64_emit
[5/43] Building CXX object CMakeFiles/sqgi_test_cpp_sqjit_memory.dir/test/cpp/test_sqjit_memory.cpp.o
[6/43] Building CXX object CMakeFiles/sqgi_test_cpp_sqjit_leaf.dir/test/cpp/test_sqjit_leaf.cpp.o
[7/43] Building CXX object CMakeFiles/sqgi_test_cpp_sqjit_arithmetic.dir/test/cpp/test_sqjit_arithmetic.cpp.o
[8/43] Building CXX object CMakeFiles/sqgi_test_cpp_sqjit_contracts.dir/test/cpp/test_sqjit_contracts.cpp.o
[9/43] Building CXX object CMakeFiles/sqgi_test_cpp_sqjit_side_exit.dir/test/cpp/test_sqjit_side_exit.cpp.o
[10/43] Building CXX object CMakeFiles/sqgi-core.dir/Squirrel3/squirrel/jit/sqjit_backend_aarch64.cpp.o
[11/43] Linking CXX shared library libsqgi.so.1.0.0
[12/43] Creating library symlink libsqgi.so.1 libsqgi.so
[13/43] Linking CXX executable sqgi
[14/43] Linking C executable sqgi_test_c_signal_crossthread
[15/43] Linking C executable sqgi_test_c_signal_crossthread_sync
[16/43] Linking CXX executable sqgicheck
[17/43] Linking CXX executable sqgi_test_cpp_sqgicheck
[18/43] Linking C executable sqgi_test_c_gvalue_branches
[19/43] Linking C executable sqgi_test_c_signal_vm_closing
[20/43] Linking C executable sqgi_test_c_gi_call_plan
[21/43] Linking C executable sqgi_test_c_list_ownership
[22/43] Linking C executable sqgi_test_c_squirrel_core_hardening
[23/43] Linking C executable sqgi_test_c_numeric64
[24/43] Linking CXX executable sqgi_test_cpp_sqvm_hotpaths
[25/43] Linking CXX executable sqgi_test_cpp_sqvector
[26/43] Linking CXX executable sqgi_test_cpp_sqbytecode
[27/43] Linking CXX executable sqgi_test_cpp_sqoptimizer
[28/43] Linking CXX executable sqgi_test_cpp_sqmembercache
[29/43] Linking C executable sqgi_test_c_vm_lifecycle
[30/43] Linking CXX executable sqgi_test_cpp_sqjit_contracts
[31/43] Linking CXX executable sqgi_test_cpp_sqjit_values
[32/43] Linking CXX executable sqgi_test_cpp_sqjit_memory
[33/43] Linking CXX executable sqgi_test_cpp_sqjit_side_exit
[34/43] Linking CXX executable sqgi_test_cpp_sqjit_leaf
[35/43] Linking CXX executable sqgi_test_cpp_sqjit_arithmetic
[36/43] Linking CXX executable sqgi_test_cpp_sqjit_virtual_array
[37/43] Linking CXX executable sqgi_test_cpp_sqjit_objects
[38/43] Linking CXX executable sqgi_test_cpp_sqjit_object_plan
[39/43] Linking CXX executable sqgi_test_cpp_sqjit_float_cache
[40/43] Linking CXX executable sqgi_test_cpp_sqjit_write_log
[41/43] Linking CXX executable sqgi_test_cpp_sqjit_member_plan
[42/43] Linking CXX executable sqgi_test_cpp_sqjit_intrinsics
[43/43] Linking CXX executable sqgi_test_cpp_sqjit_aarch64_backend_invalid
