{
  "verified": true,
  "engine_sha256": "1c99ebf3649ba2fba1cb0d29fd1ffe153dbc21faf992875401d1e02d2c68c262",
  "source_files": 97,
  "proof_fixtures": 6,
  "proof_builds": [
    "v29",
    "v30",
    "strict-asan-ubsan"
  ],
  "discovery_runs": 96,
  "paired_budget_fixtures": 48,
  "install_cases": 14,
  "repeated_call_cases": 24,
  "resource_policy": "Unchanged: precise compilation retries on next call after one executable-allocation failure. Private proto and private loop cache the failure and do not retry across three calls. This existing gap is a separate pending runtime improvement; one-install-per-request is not a claim of future retry.",
  "exact_boundaries": {
    "proto-105-38": [
      8192,
      105,
      0
    ],
    "proto-105-39": [
      5676,
      0,
      105
    ],
    "precise-10-71": [
      8192,
      10,
      0
    ],
    "precise-10-72": [
      8156,
      0,
      10
    ],
    "precise-10-81": [
      8192,
      0,
      10
    ],
    "loop_store_flat-100-22": [
      8192,
      100,
      0
    ],
    "loop_store-100-22": [
      5796,
      0,
      100
    ]
  }
}
