[Thread debugging using libthread_db enabled]
Using host libthread_db library "/lib/aarch64-linux-gnu/libthread_db.so.1".
EMIT_ATTEMPT table_apply {'tier': 6, 'owning_postincrement': 0, 'cold_lookups': 1, 'shared_helpers': 0}
EMIT_ATTEMPT apply {'tier': 6, 'owning_postincrement': 0, 'cold_lookups': 1, 'shared_helpers': 0}
EMIT_ATTEMPT rotate_buffers {'tier': 6, 'owning_postincrement': 1, 'cold_lookups': 0, 'shared_helpers': 0}
EMIT_ATTEMPT rotate_buffers {'tier': 6, 'owning_postincrement': 0, 'cold_lookups': 0, 'shared_helpers': 0}
EMIT_ATTEMPT rotate_buffers {'tier': 6, 'owning_postincrement': 1, 'cold_lookups': 0, 'shared_helpers': 1}
EMIT_ATTEMPT rotate_buffers {'tier': 6, 'owning_postincrement': 0, 'cold_lookups': 0, 'shared_helpers': 1}
EMIT_ATTEMPT rotate_buffers {'tier': 5, 'owning_postincrement': 1, 'cold_lookups': 0, 'shared_helpers': 0}
EMIT_ATTEMPT rotate_buffers {'tier': 5, 'owning_postincrement': 0, 'cold_lookups': 0, 'shared_helpers': 0}
EMIT_ATTEMPT rotate_buffers {'tier': 5, 'owning_postincrement': 1, 'cold_lookups': 0, 'shared_helpers': 1}
EMIT_ATTEMPT rotate_buffers {'tier': 5, 'owning_postincrement': 0, 'cold_lookups': 0, 'shared_helpers': 1}
EMIT_ATTEMPT rotate_buffers {'tier': 4, 'owning_postincrement': 1, 'cold_lookups': 0, 'shared_helpers': 0}
EMIT_ATTEMPT rotate_buffers {'tier': 4, 'owning_postincrement': 0, 'cold_lookups': 0, 'shared_helpers': 0}
EMIT_ATTEMPT rotate_buffers {'tier': 4, 'owning_postincrement': 1, 'cold_lookups': 0, 'shared_helpers': 1}
EMIT_ATTEMPT rotate_buffers {'tier': 4, 'owning_postincrement': 0, 'cold_lookups': 0, 'shared_helpers': 1}
EMIT_ATTEMPT rotate_buffers {'tier': 3, 'owning_postincrement': 0, 'cold_lookups': 0, 'shared_helpers': 0}
EMIT_ATTEMPT rotate_buffers {'tier': 3, 'owning_postincrement': 0, 'cold_lookups': 0, 'shared_helpers': 1}
BENCH	table_events_97	19	656.473684211	342
BENCH	class_events_97	19	775.315789474	342
BENCH	buffers_7	19	49.157894737	574
BENCH	buffers_31	19	46.473684211	411
BENCH	calibrate_17	19	21.473684211	16.171875
BENCH	calibrate_67	19	20.631578947	16.03125
[Inferior 1 (process 716184) exited normally]
[Thread debugging using libthread_db enabled]
Using host libthread_db library "/lib/aarch64-linux-gnu/libthread_db.so.1".
EMIT_ATTEMPT recycle {'tier': 6, 'owning_postincrement': 1, 'cold_lookups': 0, 'shared_helpers': 0}
BENCH	table_owners_1	19	110.736842105	1538.25
BENCH	table_owners_2	19	66.157894737	1713.25
BENCH	table_owners_5	19	65.578947368	2152.25
BENCH	table_owners_19	19	71.578947368	3209.25
BENCH	table_owners_257	19	94.526315789	45216.25
BENCH	class_owners_1	19	164.368421053	1538.25
BENCH	class_owners_2	19	148.578947368	1713.25
BENCH	class_owners_5	19	142.105263158	2152.25
BENCH	class_owners_19	19	51.000000000	3209.25
BENCH	class_owners_257	19	52.631578947	45216.25
[Inferior 1 (process 716186) exited normally]
[Thread debugging using libthread_db enabled]
Using host libthread_db library "/lib/aarch64-linux-gnu/libthread_db.so.1".
EMIT_ATTEMPT transfer {'tier': 6, 'owning_postincrement': 0, 'cold_lookups': 1, 'shared_helpers': 0}
EMIT_ATTEMPT publish {'tier': 6, 'owning_postincrement': 0, 'cold_lookups': 1, 'shared_helpers': 0}
BENCH	transfer_table	19	759.736842105	3147
BENCH	transfer_class	19	655.052631579	3147
BENCH	transfer_mixed	19	702.789473684	3147
BENCH	publish_table	19	685.105263158	8162
BENCH	publish_class	19	690.052631579	8162
BENCH	publish_mixed	19	862.052631579	8162
[Inferior 1 (process 716203) exited normally]
EMISSION_TIERS_VERIFIED {"table_apply": {"tier": 6, "owning_postincrement": 0, "cold_lookups": 1, "shared_helpers": 0}, "apply": {"tier": 6, "owning_postincrement": 0, "cold_lookups": 1, "shared_helpers": 0}, "rotate_buffers": {"tier": 3, "owning_postincrement": 0, "cold_lookups": 0, "shared_helpers": 1}, "recycle": {"tier": 6, "owning_postincrement": 1, "cold_lookups": 0, "shared_helpers": 0}, "transfer": {"tier": 6, "owning_postincrement": 0, "cold_lookups": 1, "shared_helpers": 0}, "publish": {"tier": 6, "owning_postincrement": 0, "cold_lookups": 1, "shared_helpers": 0}}
