[Thread debugging using libthread_db enabled]
Using host libthread_db library "/lib/aarch64-linux-gnu/libthread_db.so.1".
EMIT_ATTEMPT shared_region_32 {'tier': 6, 'owning_postincrement': 0, 'cold_lookups': 1, 'shared_helpers': 0}
EMIT_ATTEMPT shared_region_32 {'tier': 6, 'owning_postincrement': 0, 'cold_lookups': 0, 'shared_helpers': 0}
EMIT_ATTEMPT shared_region_32 {'tier': 6, 'owning_postincrement': 0, 'cold_lookups': 1, 'shared_helpers': 1}
EMIT_ATTEMPT shared_region_32 {'tier': 6, 'owning_postincrement': 0, 'cold_lookups': 0, 'shared_helpers': 1}
EMIT_ATTEMPT shared_region_32 {'tier': 5, 'owning_postincrement': 0, 'cold_lookups': 1, 'shared_helpers': 0}
EMIT_ATTEMPT shared_region_32 {'tier': 5, 'owning_postincrement': 0, 'cold_lookups': 0, 'shared_helpers': 0}
EMIT_ATTEMPT shared_region_32 {'tier': 5, 'owning_postincrement': 0, 'cold_lookups': 1, 'shared_helpers': 1}
EMIT_ATTEMPT shared_region_32 {'tier': 5, 'owning_postincrement': 0, 'cold_lookups': 0, 'shared_helpers': 1}
EMIT_ATTEMPT shared_region_32 {'tier': 4, 'owning_postincrement': 0, 'cold_lookups': 0, 'shared_helpers': 0}
EMIT_ATTEMPT shared_region_32 {'tier': 4, 'owning_postincrement': 0, 'cold_lookups': 0, 'shared_helpers': 1}
EMIT_ATTEMPT shared_region_32 {'tier': 3, 'owning_postincrement': 0, 'cold_lookups': 0, 'shared_helpers': 0}
EMIT_ATTEMPT shared_region_32 {'tier': 3, 'owning_postincrement': 0, 'cold_lookups': 0, 'shared_helpers': 1}
EMIT_ATTEMPT shared_region_32 {'tier': 2, 'owning_postincrement': 0, 'cold_lookups': 0, 'shared_helpers': 0}
EMIT_ATTEMPT shared_region_32 {'tier': 2, 'owning_postincrement': 0, 'cold_lookups': 0, 'shared_helpers': 1}
EMIT_ATTEMPT shared_region_32 {'tier': 1, 'owning_postincrement': 0, 'cold_lookups': 0, 'shared_helpers': 0}
EMIT_ATTEMPT shared_region_32 {'tier': 1, 'owning_postincrement': 0, 'cold_lookups': 0, 'shared_helpers': 1}
EMIT_ATTEMPT shared_region_32 {'tier': 0, 'owning_postincrement': 0, 'cold_lookups': 0, 'shared_helpers': 0}
EMIT_ATTEMPT shared_region_36 {'tier': 6, 'owning_postincrement': 0, 'cold_lookups': 1, 'shared_helpers': 0}
EMIT_ATTEMPT shared_region_36 {'tier': 6, 'owning_postincrement': 0, 'cold_lookups': 0, 'shared_helpers': 0}
EMIT_ATTEMPT shared_region_36 {'tier': 6, 'owning_postincrement': 0, 'cold_lookups': 1, 'shared_helpers': 1}
EMIT_ATTEMPT shared_region_36 {'tier': 6, 'owning_postincrement': 0, 'cold_lookups': 0, 'shared_helpers': 1}
EMIT_ATTEMPT shared_region_36 {'tier': 5, 'owning_postincrement': 0, 'cold_lookups': 1, 'shared_helpers': 0}
EMIT_ATTEMPT shared_region_36 {'tier': 5, 'owning_postincrement': 0, 'cold_lookups': 0, 'shared_helpers': 0}
EMIT_ATTEMPT shared_region_36 {'tier': 5, 'owning_postincrement': 0, 'cold_lookups': 1, 'shared_helpers': 1}
EMIT_ATTEMPT shared_region_36 {'tier': 5, 'owning_postincrement': 0, 'cold_lookups': 0, 'shared_helpers': 1}
EMIT_ATTEMPT shared_region_36 {'tier': 4, 'owning_postincrement': 0, 'cold_lookups': 0, 'shared_helpers': 0}
EMIT_ATTEMPT shared_region_36 {'tier': 4, 'owning_postincrement': 0, 'cold_lookups': 0, 'shared_helpers': 1}
EMIT_ATTEMPT shared_region_36 {'tier': 3, 'owning_postincrement': 0, 'cold_lookups': 0, 'shared_helpers': 0}
EMIT_ATTEMPT shared_region_36 {'tier': 3, 'owning_postincrement': 0, 'cold_lookups': 0, 'shared_helpers': 1}
EMIT_ATTEMPT shared_region_36 {'tier': 2, 'owning_postincrement': 0, 'cold_lookups': 0, 'shared_helpers': 0}
EMIT_ATTEMPT shared_region_36 {'tier': 2, 'owning_postincrement': 0, 'cold_lookups': 0, 'shared_helpers': 1}
EMIT_ATTEMPT shared_region_36 {'tier': 1, 'owning_postincrement': 0, 'cold_lookups': 0, 'shared_helpers': 0}
EMIT_ATTEMPT shared_region_36 {'tier': 1, 'owning_postincrement': 0, 'cold_lookups': 0, 'shared_helpers': 1}
EMIT_ATTEMPT shared_region_36 {'tier': 0, 'owning_postincrement': 0, 'cold_lookups': 0, 'shared_helpers': 0}
EMIT_ATTEMPT shared_region_40 {'tier': 6, 'owning_postincrement': 0, 'cold_lookups': 1, 'shared_helpers': 0}
EMIT_ATTEMPT shared_region_40 {'tier': 6, 'owning_postincrement': 0, 'cold_lookups': 0, 'shared_helpers': 0}
EMIT_ATTEMPT shared_region_40 {'tier': 6, 'owning_postincrement': 0, 'cold_lookups': 1, 'shared_helpers': 1}
EMIT_ATTEMPT shared_region_40 {'tier': 6, 'owning_postincrement': 0, 'cold_lookups': 0, 'shared_helpers': 1}
EMIT_ATTEMPT shared_region_40 {'tier': 5, 'owning_postincrement': 0, 'cold_lookups': 1, 'shared_helpers': 0}
EMIT_ATTEMPT shared_region_40 {'tier': 5, 'owning_postincrement': 0, 'cold_lookups': 0, 'shared_helpers': 0}
EMIT_ATTEMPT shared_region_40 {'tier': 5, 'owning_postincrement': 0, 'cold_lookups': 1, 'shared_helpers': 1}
EMIT_ATTEMPT shared_region_40 {'tier': 5, 'owning_postincrement': 0, 'cold_lookups': 0, 'shared_helpers': 1}
EMIT_ATTEMPT shared_region_40 {'tier': 4, 'owning_postincrement': 0, 'cold_lookups': 0, 'shared_helpers': 0}
EMIT_ATTEMPT shared_region_40 {'tier': 4, 'owning_postincrement': 0, 'cold_lookups': 0, 'shared_helpers': 1}
EMIT_ATTEMPT shared_region_40 {'tier': 3, 'owning_postincrement': 0, 'cold_lookups': 0, 'shared_helpers': 0}
EMIT_ATTEMPT shared_region_40 {'tier': 3, 'owning_postincrement': 0, 'cold_lookups': 0, 'shared_helpers': 1}
EMIT_ATTEMPT shared_region_40 {'tier': 2, 'owning_postincrement': 0, 'cold_lookups': 0, 'shared_helpers': 0}
EMIT_ATTEMPT shared_region_40 {'tier': 2, 'owning_postincrement': 0, 'cold_lookups': 0, 'shared_helpers': 1}
EMIT_ATTEMPT shared_region_40 {'tier': 1, 'owning_postincrement': 0, 'cold_lookups': 0, 'shared_helpers': 0}
EMIT_ATTEMPT shared_region_40 {'tier': 1, 'owning_postincrement': 0, 'cold_lookups': 0, 'shared_helpers': 1}
EMIT_ATTEMPT shared_region_40 {'tier': 0, 'owning_postincrement': 0, 'cold_lookups': 0, 'shared_helpers': 0}
EMIT_ATTEMPT shared_region_44 {'tier': 6, 'owning_postincrement': 0, 'cold_lookups': 1, 'shared_helpers': 0}
EMIT_ATTEMPT shared_region_44 {'tier': 6, 'owning_postincrement': 0, 'cold_lookups': 0, 'shared_helpers': 0}
EMIT_ATTEMPT shared_region_44 {'tier': 6, 'owning_postincrement': 0, 'cold_lookups': 1, 'shared_helpers': 1}
EMIT_ATTEMPT shared_region_44 {'tier': 6, 'owning_postincrement': 0, 'cold_lookups': 0, 'shared_helpers': 1}
EMIT_ATTEMPT shared_region_44 {'tier': 5, 'owning_postincrement': 0, 'cold_lookups': 1, 'shared_helpers': 0}
EMIT_ATTEMPT shared_region_44 {'tier': 5, 'owning_postincrement': 0, 'cold_lookups': 0, 'shared_helpers': 0}
EMIT_ATTEMPT shared_region_44 {'tier': 5, 'owning_postincrement': 0, 'cold_lookups': 1, 'shared_helpers': 1}
EMIT_ATTEMPT shared_region_44 {'tier': 5, 'owning_postincrement': 0, 'cold_lookups': 0, 'shared_helpers': 1}
EMIT_ATTEMPT shared_region_44 {'tier': 4, 'owning_postincrement': 0, 'cold_lookups': 0, 'shared_helpers': 0}
EMIT_ATTEMPT shared_region_44 {'tier': 4, 'owning_postincrement': 0, 'cold_lookups': 0, 'shared_helpers': 1}
EMIT_ATTEMPT shared_region_44 {'tier': 3, 'owning_postincrement': 0, 'cold_lookups': 0, 'shared_helpers': 0}
EMIT_ATTEMPT shared_region_44 {'tier': 3, 'owning_postincrement': 0, 'cold_lookups': 0, 'shared_helpers': 1}
EMIT_ATTEMPT shared_region_44 {'tier': 2, 'owning_postincrement': 0, 'cold_lookups': 0, 'shared_helpers': 0}
EMIT_ATTEMPT shared_region_44 {'tier': 2, 'owning_postincrement': 0, 'cold_lookups': 0, 'shared_helpers': 1}
EMIT_ATTEMPT shared_region_44 {'tier': 1, 'owning_postincrement': 0, 'cold_lookups': 0, 'shared_helpers': 0}
EMIT_ATTEMPT shared_region_44 {'tier': 1, 'owning_postincrement': 0, 'cold_lookups': 0, 'shared_helpers': 1}
EMIT_ATTEMPT shared_region_44 {'tier': 0, 'owning_postincrement': 0, 'cold_lookups': 0, 'shared_helpers': 0}
EMIT_ATTEMPT shared_region_48 {'tier': 6, 'owning_postincrement': 0, 'cold_lookups': 1, 'shared_helpers': 0}
EMIT_ATTEMPT shared_region_48 {'tier': 6, 'owning_postincrement': 0, 'cold_lookups': 0, 'shared_helpers': 0}
EMIT_ATTEMPT shared_region_48 {'tier': 6, 'owning_postincrement': 0, 'cold_lookups': 1, 'shared_helpers': 1}
EMIT_ATTEMPT shared_region_48 {'tier': 6, 'owning_postincrement': 0, 'cold_lookups': 0, 'shared_helpers': 1}
EMIT_ATTEMPT shared_region_48 {'tier': 5, 'owning_postincrement': 0, 'cold_lookups': 1, 'shared_helpers': 0}
EMIT_ATTEMPT shared_region_48 {'tier': 5, 'owning_postincrement': 0, 'cold_lookups': 0, 'shared_helpers': 0}
EMIT_ATTEMPT shared_region_48 {'tier': 5, 'owning_postincrement': 0, 'cold_lookups': 1, 'shared_helpers': 1}
EMIT_ATTEMPT shared_region_48 {'tier': 5, 'owning_postincrement': 0, 'cold_lookups': 0, 'shared_helpers': 1}
EMIT_ATTEMPT shared_region_48 {'tier': 4, 'owning_postincrement': 0, 'cold_lookups': 0, 'shared_helpers': 0}
EMIT_ATTEMPT shared_region_48 {'tier': 4, 'owning_postincrement': 0, 'cold_lookups': 0, 'shared_helpers': 1}
EMIT_ATTEMPT shared_region_48 {'tier': 3, 'owning_postincrement': 0, 'cold_lookups': 0, 'shared_helpers': 0}
EMIT_ATTEMPT shared_region_48 {'tier': 3, 'owning_postincrement': 0, 'cold_lookups': 0, 'shared_helpers': 1}
EMIT_ATTEMPT shared_region_48 {'tier': 2, 'owning_postincrement': 0, 'cold_lookups': 0, 'shared_helpers': 0}
EMIT_ATTEMPT shared_region_48 {'tier': 2, 'owning_postincrement': 0, 'cold_lookups': 0, 'shared_helpers': 1}
EMIT_ATTEMPT shared_region_48 {'tier': 1, 'owning_postincrement': 0, 'cold_lookups': 0, 'shared_helpers': 0}
EMIT_ATTEMPT shared_region_48 {'tier': 1, 'owning_postincrement': 0, 'cold_lookups': 0, 'shared_helpers': 1}
EMIT_ATTEMPT shared_region_48 {'tier': 0, 'owning_postincrement': 0, 'cold_lookups': 0, 'shared_helpers': 0}
EMIT_ATTEMPT shared_region_52 {'tier': 6, 'owning_postincrement': 0, 'cold_lookups': 1, 'shared_helpers': 0}
EMIT_ATTEMPT shared_region_52 {'tier': 6, 'owning_postincrement': 0, 'cold_lookups': 0, 'shared_helpers': 0}
EMIT_ATTEMPT shared_region_52 {'tier': 6, 'owning_postincrement': 0, 'cold_lookups': 1, 'shared_helpers': 1}
EMIT_ATTEMPT shared_region_52 {'tier': 6, 'owning_postincrement': 0, 'cold_lookups': 0, 'shared_helpers': 1}
EMIT_ATTEMPT shared_region_52 {'tier': 5, 'owning_postincrement': 0, 'cold_lookups': 1, 'shared_helpers': 0}
EMIT_ATTEMPT shared_region_52 {'tier': 5, 'owning_postincrement': 0, 'cold_lookups': 0, 'shared_helpers': 0}
EMIT_ATTEMPT shared_region_52 {'tier': 5, 'owning_postincrement': 0, 'cold_lookups': 1, 'shared_helpers': 1}
EMIT_ATTEMPT shared_region_52 {'tier': 5, 'owning_postincrement': 0, 'cold_lookups': 0, 'shared_helpers': 1}
EMIT_ATTEMPT shared_region_52 {'tier': 4, 'owning_postincrement': 0, 'cold_lookups': 0, 'shared_helpers': 0}
EMIT_ATTEMPT shared_region_52 {'tier': 4, 'owning_postincrement': 0, 'cold_lookups': 0, 'shared_helpers': 1}
EMIT_ATTEMPT shared_region_52 {'tier': 3, 'owning_postincrement': 0, 'cold_lookups': 0, 'shared_helpers': 0}
EMIT_ATTEMPT shared_region_52 {'tier': 3, 'owning_postincrement': 0, 'cold_lookups': 0, 'shared_helpers': 1}
EMIT_ATTEMPT shared_region_52 {'tier': 2, 'owning_postincrement': 0, 'cold_lookups': 0, 'shared_helpers': 0}
EMIT_ATTEMPT shared_region_52 {'tier': 2, 'owning_postincrement': 0, 'cold_lookups': 0, 'shared_helpers': 1}
EMIT_ATTEMPT shared_region_52 {'tier': 1, 'owning_postincrement': 0, 'cold_lookups': 0, 'shared_helpers': 0}
EMIT_ATTEMPT shared_region_52 {'tier': 1, 'owning_postincrement': 0, 'cold_lookups': 0, 'shared_helpers': 1}
EMIT_ATTEMPT shared_region_52 {'tier': 0, 'owning_postincrement': 0, 'cold_lookups': 0, 'shared_helpers': 0}
EMIT_ATTEMPT shared_region_52 {'tier': 7, 'owning_postincrement': 0, 'cold_lookups': 0, 'shared_helpers': 0}
EMIT_ATTEMPT shared_region_56 {'tier': 6, 'owning_postincrement': 0, 'cold_lookups': 1, 'shared_helpers': 0}
EMIT_ATTEMPT shared_region_56 {'tier': 6, 'owning_postincrement': 0, 'cold_lookups': 0, 'shared_helpers': 0}
EMIT_ATTEMPT shared_region_56 {'tier': 6, 'owning_postincrement': 0, 'cold_lookups': 1, 'shared_helpers': 1}
EMIT_ATTEMPT shared_region_56 {'tier': 6, 'owning_postincrement': 0, 'cold_lookups': 0, 'shared_helpers': 1}
EMIT_ATTEMPT shared_region_56 {'tier': 5, 'owning_postincrement': 0, 'cold_lookups': 1, 'shared_helpers': 0}
EMIT_ATTEMPT shared_region_56 {'tier': 5, 'owning_postincrement': 0, 'cold_lookups': 0, 'shared_helpers': 0}
EMIT_ATTEMPT shared_region_56 {'tier': 5, 'owning_postincrement': 0, 'cold_lookups': 1, 'shared_helpers': 1}
EMIT_ATTEMPT shared_region_56 {'tier': 5, 'owning_postincrement': 0, 'cold_lookups': 0, 'shared_helpers': 1}
EMIT_ATTEMPT shared_region_56 {'tier': 4, 'owning_postincrement': 0, 'cold_lookups': 0, 'shared_helpers': 0}
EMIT_ATTEMPT shared_region_56 {'tier': 4, 'owning_postincrement': 0, 'cold_lookups': 0, 'shared_helpers': 1}
EMIT_ATTEMPT shared_region_56 {'tier': 3, 'owning_postincrement': 0, 'cold_lookups': 0, 'shared_helpers': 0}
EMIT_ATTEMPT shared_region_56 {'tier': 3, 'owning_postincrement': 0, 'cold_lookups': 0, 'shared_helpers': 1}
EMIT_ATTEMPT shared_region_56 {'tier': 2, 'owning_postincrement': 0, 'cold_lookups': 0, 'shared_helpers': 0}
EMIT_ATTEMPT shared_region_56 {'tier': 2, 'owning_postincrement': 0, 'cold_lookups': 0, 'shared_helpers': 1}
EMIT_ATTEMPT shared_region_56 {'tier': 1, 'owning_postincrement': 0, 'cold_lookups': 0, 'shared_helpers': 0}
EMIT_ATTEMPT shared_region_56 {'tier': 1, 'owning_postincrement': 0, 'cold_lookups': 0, 'shared_helpers': 1}
EMIT_ATTEMPT shared_region_56 {'tier': 0, 'owning_postincrement': 0, 'cold_lookups': 0, 'shared_helpers': 0}
EMIT_ATTEMPT shared_region_56 {'tier': 7, 'owning_postincrement': 0, 'cold_lookups': 0, 'shared_helpers': 0}
EMIT_ATTEMPT shared_region_60 {'tier': 6, 'owning_postincrement': 0, 'cold_lookups': 1, 'shared_helpers': 0}
EMIT_ATTEMPT shared_region_60 {'tier': 6, 'owning_postincrement': 0, 'cold_lookups': 0, 'shared_helpers': 0}
EMIT_ATTEMPT shared_region_60 {'tier': 6, 'owning_postincrement': 0, 'cold_lookups': 1, 'shared_helpers': 1}
EMIT_ATTEMPT shared_region_60 {'tier': 6, 'owning_postincrement': 0, 'cold_lookups': 0, 'shared_helpers': 1}
EMIT_ATTEMPT shared_region_60 {'tier': 5, 'owning_postincrement': 0, 'cold_lookups': 1, 'shared_helpers': 0}
EMIT_ATTEMPT shared_region_60 {'tier': 5, 'owning_postincrement': 0, 'cold_lookups': 0, 'shared_helpers': 0}
EMIT_ATTEMPT shared_region_60 {'tier': 5, 'owning_postincrement': 0, 'cold_lookups': 1, 'shared_helpers': 1}
EMIT_ATTEMPT shared_region_60 {'tier': 5, 'owning_postincrement': 0, 'cold_lookups': 0, 'shared_helpers': 1}
EMIT_ATTEMPT shared_region_60 {'tier': 4, 'owning_postincrement': 0, 'cold_lookups': 0, 'shared_helpers': 0}
EMIT_ATTEMPT shared_region_60 {'tier': 4, 'owning_postincrement': 0, 'cold_lookups': 0, 'shared_helpers': 1}
EMIT_ATTEMPT shared_region_60 {'tier': 3, 'owning_postincrement': 0, 'cold_lookups': 0, 'shared_helpers': 0}
EMIT_ATTEMPT shared_region_60 {'tier': 3, 'owning_postincrement': 0, 'cold_lookups': 0, 'shared_helpers': 1}
EMIT_ATTEMPT shared_region_60 {'tier': 2, 'owning_postincrement': 0, 'cold_lookups': 0, 'shared_helpers': 0}
EMIT_ATTEMPT shared_region_60 {'tier': 2, 'owning_postincrement': 0, 'cold_lookups': 0, 'shared_helpers': 1}
EMIT_ATTEMPT shared_region_60 {'tier': 1, 'owning_postincrement': 0, 'cold_lookups': 0, 'shared_helpers': 0}
EMIT_ATTEMPT shared_region_60 {'tier': 1, 'owning_postincrement': 0, 'cold_lookups': 0, 'shared_helpers': 1}
EMIT_ATTEMPT shared_region_60 {'tier': 0, 'owning_postincrement': 0, 'cold_lookups': 0, 'shared_helpers': 0}
EMIT_ATTEMPT shared_region_60 {'tier': 7, 'owning_postincrement': 0, 'cold_lookups': 0, 'shared_helpers': 0}
EMIT_ATTEMPT shared_region_64 {'tier': 6, 'owning_postincrement': 0, 'cold_lookups': 1, 'shared_helpers': 0}
EMIT_ATTEMPT shared_region_64 {'tier': 6, 'owning_postincrement': 0, 'cold_lookups': 0, 'shared_helpers': 0}
EMIT_ATTEMPT shared_region_64 {'tier': 6, 'owning_postincrement': 0, 'cold_lookups': 1, 'shared_helpers': 1}
EMIT_ATTEMPT shared_region_64 {'tier': 6, 'owning_postincrement': 0, 'cold_lookups': 0, 'shared_helpers': 1}
EMIT_ATTEMPT shared_region_64 {'tier': 5, 'owning_postincrement': 0, 'cold_lookups': 1, 'shared_helpers': 0}
EMIT_ATTEMPT shared_region_64 {'tier': 5, 'owning_postincrement': 0, 'cold_lookups': 0, 'shared_helpers': 0}
EMIT_ATTEMPT shared_region_64 {'tier': 5, 'owning_postincrement': 0, 'cold_lookups': 1, 'shared_helpers': 1}
EMIT_ATTEMPT shared_region_64 {'tier': 5, 'owning_postincrement': 0, 'cold_lookups': 0, 'shared_helpers': 1}
EMIT_ATTEMPT shared_region_64 {'tier': 4, 'owning_postincrement': 0, 'cold_lookups': 0, 'shared_helpers': 0}
EMIT_ATTEMPT shared_region_64 {'tier': 4, 'owning_postincrement': 0, 'cold_lookups': 0, 'shared_helpers': 1}
EMIT_ATTEMPT shared_region_64 {'tier': 3, 'owning_postincrement': 0, 'cold_lookups': 0, 'shared_helpers': 0}
EMIT_ATTEMPT shared_region_64 {'tier': 3, 'owning_postincrement': 0, 'cold_lookups': 0, 'shared_helpers': 1}
EMIT_ATTEMPT shared_region_64 {'tier': 2, 'owning_postincrement': 0, 'cold_lookups': 0, 'shared_helpers': 0}
EMIT_ATTEMPT shared_region_64 {'tier': 2, 'owning_postincrement': 0, 'cold_lookups': 0, 'shared_helpers': 1}
EMIT_ATTEMPT shared_region_64 {'tier': 1, 'owning_postincrement': 0, 'cold_lookups': 0, 'shared_helpers': 0}
EMIT_ATTEMPT shared_region_64 {'tier': 1, 'owning_postincrement': 0, 'cold_lookups': 0, 'shared_helpers': 1}
EMIT_ATTEMPT shared_region_64 {'tier': 0, 'owning_postincrement': 0, 'cold_lookups': 0, 'shared_helpers': 0}
EMIT_ATTEMPT shared_region_64 {'tier': 7, 'owning_postincrement': 0, 'cold_lookups': 0, 'shared_helpers': 0}
EMIT_ATTEMPT shared_region_68 {'tier': 6, 'owning_postincrement': 0, 'cold_lookups': 1, 'shared_helpers': 0}
EMIT_ATTEMPT shared_region_68 {'tier': 6, 'owning_postincrement': 0, 'cold_lookups': 0, 'shared_helpers': 0}
EMIT_ATTEMPT shared_region_68 {'tier': 6, 'owning_postincrement': 0, 'cold_lookups': 1, 'shared_helpers': 1}
EMIT_ATTEMPT shared_region_68 {'tier': 6, 'owning_postincrement': 0, 'cold_lookups': 0, 'shared_helpers': 1}
EMIT_ATTEMPT shared_region_68 {'tier': 5, 'owning_postincrement': 0, 'cold_lookups': 1, 'shared_helpers': 0}
EMIT_ATTEMPT shared_region_68 {'tier': 5, 'owning_postincrement': 0, 'cold_lookups': 0, 'shared_helpers': 0}
EMIT_ATTEMPT shared_region_68 {'tier': 5, 'owning_postincrement': 0, 'cold_lookups': 1, 'shared_helpers': 1}
EMIT_ATTEMPT shared_region_68 {'tier': 5, 'owning_postincrement': 0, 'cold_lookups': 0, 'shared_helpers': 1}
EMIT_ATTEMPT shared_region_68 {'tier': 4, 'owning_postincrement': 0, 'cold_lookups': 0, 'shared_helpers': 0}
EMIT_ATTEMPT shared_region_68 {'tier': 4, 'owning_postincrement': 0, 'cold_lookups': 0, 'shared_helpers': 1}
EMIT_ATTEMPT shared_region_68 {'tier': 3, 'owning_postincrement': 0, 'cold_lookups': 0, 'shared_helpers': 0}
EMIT_ATTEMPT shared_region_68 {'tier': 3, 'owning_postincrement': 0, 'cold_lookups': 0, 'shared_helpers': 1}
EMIT_ATTEMPT shared_region_68 {'tier': 2, 'owning_postincrement': 0, 'cold_lookups': 0, 'shared_helpers': 0}
EMIT_ATTEMPT shared_region_68 {'tier': 2, 'owning_postincrement': 0, 'cold_lookups': 0, 'shared_helpers': 1}
EMIT_ATTEMPT shared_region_68 {'tier': 1, 'owning_postincrement': 0, 'cold_lookups': 0, 'shared_helpers': 0}
EMIT_ATTEMPT shared_region_68 {'tier': 1, 'owning_postincrement': 0, 'cold_lookups': 0, 'shared_helpers': 1}
EMIT_ATTEMPT shared_region_68 {'tier': 0, 'owning_postincrement': 0, 'cold_lookups': 0, 'shared_helpers': 0}
EMIT_ATTEMPT shared_region_68 {'tier': 7, 'owning_postincrement': 0, 'cold_lookups': 0, 'shared_helpers': 0}
EMIT_ATTEMPT shared_region_72 {'tier': 6, 'owning_postincrement': 0, 'cold_lookups': 1, 'shared_helpers': 0}
EMIT_ATTEMPT shared_region_72 {'tier': 6, 'owning_postincrement': 0, 'cold_lookups': 0, 'shared_helpers': 0}
EMIT_ATTEMPT shared_region_72 {'tier': 6, 'owning_postincrement': 0, 'cold_lookups': 1, 'shared_helpers': 1}
EMIT_ATTEMPT shared_region_72 {'tier': 6, 'owning_postincrement': 0, 'cold_lookups': 0, 'shared_helpers': 1}
EMIT_ATTEMPT shared_region_72 {'tier': 5, 'owning_postincrement': 0, 'cold_lookups': 1, 'shared_helpers': 0}
EMIT_ATTEMPT shared_region_72 {'tier': 5, 'owning_postincrement': 0, 'cold_lookups': 0, 'shared_helpers': 0}
EMIT_ATTEMPT shared_region_72 {'tier': 5, 'owning_postincrement': 0, 'cold_lookups': 1, 'shared_helpers': 1}
EMIT_ATTEMPT shared_region_72 {'tier': 5, 'owning_postincrement': 0, 'cold_lookups': 0, 'shared_helpers': 1}
EMIT_ATTEMPT shared_region_72 {'tier': 4, 'owning_postincrement': 0, 'cold_lookups': 0, 'shared_helpers': 0}
EMIT_ATTEMPT shared_region_72 {'tier': 4, 'owning_postincrement': 0, 'cold_lookups': 0, 'shared_helpers': 1}
EMIT_ATTEMPT shared_region_72 {'tier': 3, 'owning_postincrement': 0, 'cold_lookups': 0, 'shared_helpers': 0}
EMIT_ATTEMPT shared_region_72 {'tier': 3, 'owning_postincrement': 0, 'cold_lookups': 0, 'shared_helpers': 1}
EMIT_ATTEMPT shared_region_72 {'tier': 2, 'owning_postincrement': 0, 'cold_lookups': 0, 'shared_helpers': 0}
EMIT_ATTEMPT shared_region_72 {'tier': 2, 'owning_postincrement': 0, 'cold_lookups': 0, 'shared_helpers': 1}
EMIT_ATTEMPT shared_region_72 {'tier': 1, 'owning_postincrement': 0, 'cold_lookups': 0, 'shared_helpers': 0}
EMIT_ATTEMPT shared_region_72 {'tier': 1, 'owning_postincrement': 0, 'cold_lookups': 0, 'shared_helpers': 1}
EMIT_ATTEMPT shared_region_72 {'tier': 0, 'owning_postincrement': 0, 'cold_lookups': 0, 'shared_helpers': 0}
EMIT_ATTEMPT shared_region_72 {'tier': 7, 'owning_postincrement': 0, 'cold_lookups': 0, 'shared_helpers': 0}
EMIT_ATTEMPT shared_region_76 {'tier': 6, 'owning_postincrement': 0, 'cold_lookups': 1, 'shared_helpers': 0}
EMIT_ATTEMPT shared_region_76 {'tier': 6, 'owning_postincrement': 0, 'cold_lookups': 0, 'shared_helpers': 0}
EMIT_ATTEMPT shared_region_76 {'tier': 6, 'owning_postincrement': 0, 'cold_lookups': 1, 'shared_helpers': 1}
EMIT_ATTEMPT shared_region_76 {'tier': 6, 'owning_postincrement': 0, 'cold_lookups': 0, 'shared_helpers': 1}
EMIT_ATTEMPT shared_region_76 {'tier': 5, 'owning_postincrement': 0, 'cold_lookups': 1, 'shared_helpers': 0}
EMIT_ATTEMPT shared_region_76 {'tier': 5, 'owning_postincrement': 0, 'cold_lookups': 0, 'shared_helpers': 0}
EMIT_ATTEMPT shared_region_76 {'tier': 5, 'owning_postincrement': 0, 'cold_lookups': 1, 'shared_helpers': 1}
EMIT_ATTEMPT shared_region_76 {'tier': 5, 'owning_postincrement': 0, 'cold_lookups': 0, 'shared_helpers': 1}
EMIT_ATTEMPT shared_region_76 {'tier': 4, 'owning_postincrement': 0, 'cold_lookups': 0, 'shared_helpers': 0}
EMIT_ATTEMPT shared_region_76 {'tier': 4, 'owning_postincrement': 0, 'cold_lookups': 0, 'shared_helpers': 1}
EMIT_ATTEMPT shared_region_76 {'tier': 3, 'owning_postincrement': 0, 'cold_lookups': 0, 'shared_helpers': 0}
EMIT_ATTEMPT shared_region_76 {'tier': 3, 'owning_postincrement': 0, 'cold_lookups': 0, 'shared_helpers': 1}
EMIT_ATTEMPT shared_region_76 {'tier': 2, 'owning_postincrement': 0, 'cold_lookups': 0, 'shared_helpers': 0}
EMIT_ATTEMPT shared_region_76 {'tier': 2, 'owning_postincrement': 0, 'cold_lookups': 0, 'shared_helpers': 1}
EMIT_ATTEMPT shared_region_76 {'tier': 1, 'owning_postincrement': 0, 'cold_lookups': 0, 'shared_helpers': 0}
EMIT_ATTEMPT shared_region_76 {'tier': 1, 'owning_postincrement': 0, 'cold_lookups': 0, 'shared_helpers': 1}
EMIT_ATTEMPT shared_region_76 {'tier': 0, 'owning_postincrement': 0, 'cold_lookups': 0, 'shared_helpers': 0}
EMIT_ATTEMPT shared_region_76 {'tier': 7, 'owning_postincrement': 0, 'cold_lookups': 0, 'shared_helpers': 0}
EMIT_ATTEMPT shared_region_80 {'tier': 6, 'owning_postincrement': 0, 'cold_lookups': 1, 'shared_helpers': 0}
EMIT_ATTEMPT shared_region_80 {'tier': 6, 'owning_postincrement': 0, 'cold_lookups': 0, 'shared_helpers': 0}
EMIT_ATTEMPT shared_region_80 {'tier': 6, 'owning_postincrement': 0, 'cold_lookups': 1, 'shared_helpers': 1}
EMIT_ATTEMPT shared_region_80 {'tier': 6, 'owning_postincrement': 0, 'cold_lookups': 0, 'shared_helpers': 1}
EMIT_ATTEMPT shared_region_80 {'tier': 5, 'owning_postincrement': 0, 'cold_lookups': 1, 'shared_helpers': 0}
EMIT_ATTEMPT shared_region_80 {'tier': 5, 'owning_postincrement': 0, 'cold_lookups': 0, 'shared_helpers': 0}
EMIT_ATTEMPT shared_region_80 {'tier': 5, 'owning_postincrement': 0, 'cold_lookups': 1, 'shared_helpers': 1}
EMIT_ATTEMPT shared_region_80 {'tier': 5, 'owning_postincrement': 0, 'cold_lookups': 0, 'shared_helpers': 1}
EMIT_ATTEMPT shared_region_80 {'tier': 4, 'owning_postincrement': 0, 'cold_lookups': 0, 'shared_helpers': 0}
EMIT_ATTEMPT shared_region_80 {'tier': 4, 'owning_postincrement': 0, 'cold_lookups': 0, 'shared_helpers': 1}
EMIT_ATTEMPT shared_region_80 {'tier': 3, 'owning_postincrement': 0, 'cold_lookups': 0, 'shared_helpers': 0}
EMIT_ATTEMPT shared_region_80 {'tier': 3, 'owning_postincrement': 0, 'cold_lookups': 0, 'shared_helpers': 1}
EMIT_ATTEMPT shared_region_80 {'tier': 2, 'owning_postincrement': 0, 'cold_lookups': 0, 'shared_helpers': 0}
EMIT_ATTEMPT shared_region_80 {'tier': 2, 'owning_postincrement': 0, 'cold_lookups': 0, 'shared_helpers': 1}
EMIT_ATTEMPT shared_region_80 {'tier': 1, 'owning_postincrement': 0, 'cold_lookups': 0, 'shared_helpers': 0}
EMIT_ATTEMPT shared_region_80 {'tier': 1, 'owning_postincrement': 0, 'cold_lookups': 0, 'shared_helpers': 1}
EMIT_ATTEMPT shared_region_80 {'tier': 0, 'owning_postincrement': 0, 'cold_lookups': 0, 'shared_helpers': 0}
EMIT_ATTEMPT shared_region_80 {'tier': 7, 'owning_postincrement': 0, 'cold_lookups': 0, 'shared_helpers': 0}
EMIT_ATTEMPT shared_region_84 {'tier': 6, 'owning_postincrement': 0, 'cold_lookups': 1, 'shared_helpers': 0}
EMIT_ATTEMPT shared_region_84 {'tier': 6, 'owning_postincrement': 0, 'cold_lookups': 0, 'shared_helpers': 0}
EMIT_ATTEMPT shared_region_84 {'tier': 6, 'owning_postincrement': 0, 'cold_lookups': 1, 'shared_helpers': 1}
EMIT_ATTEMPT shared_region_84 {'tier': 6, 'owning_postincrement': 0, 'cold_lookups': 0, 'shared_helpers': 1}
EMIT_ATTEMPT shared_region_84 {'tier': 5, 'owning_postincrement': 0, 'cold_lookups': 1, 'shared_helpers': 0}
EMIT_ATTEMPT shared_region_84 {'tier': 5, 'owning_postincrement': 0, 'cold_lookups': 0, 'shared_helpers': 0}
EMIT_ATTEMPT shared_region_84 {'tier': 5, 'owning_postincrement': 0, 'cold_lookups': 1, 'shared_helpers': 1}
EMIT_ATTEMPT shared_region_84 {'tier': 5, 'owning_postincrement': 0, 'cold_lookups': 0, 'shared_helpers': 1}
EMIT_ATTEMPT shared_region_84 {'tier': 4, 'owning_postincrement': 0, 'cold_lookups': 0, 'shared_helpers': 0}
EMIT_ATTEMPT shared_region_84 {'tier': 4, 'owning_postincrement': 0, 'cold_lookups': 0, 'shared_helpers': 1}
EMIT_ATTEMPT shared_region_84 {'tier': 3, 'owning_postincrement': 0, 'cold_lookups': 0, 'shared_helpers': 0}
EMIT_ATTEMPT shared_region_84 {'tier': 3, 'owning_postincrement': 0, 'cold_lookups': 0, 'shared_helpers': 1}
EMIT_ATTEMPT shared_region_84 {'tier': 2, 'owning_postincrement': 0, 'cold_lookups': 0, 'shared_helpers': 0}
EMIT_ATTEMPT shared_region_84 {'tier': 2, 'owning_postincrement': 0, 'cold_lookups': 0, 'shared_helpers': 1}
EMIT_ATTEMPT shared_region_84 {'tier': 1, 'owning_postincrement': 0, 'cold_lookups': 0, 'shared_helpers': 0}
EMIT_ATTEMPT shared_region_84 {'tier': 1, 'owning_postincrement': 0, 'cold_lookups': 0, 'shared_helpers': 1}
EMIT_ATTEMPT shared_region_84 {'tier': 0, 'owning_postincrement': 0, 'cold_lookups': 0, 'shared_helpers': 0}
EMIT_ATTEMPT shared_region_84 {'tier': 7, 'owning_postincrement': 0, 'cold_lookups': 0, 'shared_helpers': 0}
EMIT_ATTEMPT shared_region_88 {'tier': 6, 'owning_postincrement': 0, 'cold_lookups': 1, 'shared_helpers': 0}
EMIT_ATTEMPT shared_region_88 {'tier': 6, 'owning_postincrement': 0, 'cold_lookups': 0, 'shared_helpers': 0}
EMIT_ATTEMPT shared_region_88 {'tier': 6, 'owning_postincrement': 0, 'cold_lookups': 1, 'shared_helpers': 1}
EMIT_ATTEMPT shared_region_88 {'tier': 6, 'owning_postincrement': 0, 'cold_lookups': 0, 'shared_helpers': 1}
EMIT_ATTEMPT shared_region_88 {'tier': 5, 'owning_postincrement': 0, 'cold_lookups': 1, 'shared_helpers': 0}
EMIT_ATTEMPT shared_region_88 {'tier': 5, 'owning_postincrement': 0, 'cold_lookups': 0, 'shared_helpers': 0}
EMIT_ATTEMPT shared_region_88 {'tier': 5, 'owning_postincrement': 0, 'cold_lookups': 1, 'shared_helpers': 1}
EMIT_ATTEMPT shared_region_88 {'tier': 5, 'owning_postincrement': 0, 'cold_lookups': 0, 'shared_helpers': 1}
EMIT_ATTEMPT shared_region_88 {'tier': 4, 'owning_postincrement': 0, 'cold_lookups': 0, 'shared_helpers': 0}
EMIT_ATTEMPT shared_region_88 {'tier': 4, 'owning_postincrement': 0, 'cold_lookups': 0, 'shared_helpers': 1}
EMIT_ATTEMPT shared_region_88 {'tier': 3, 'owning_postincrement': 0, 'cold_lookups': 0, 'shared_helpers': 0}
EMIT_ATTEMPT shared_region_88 {'tier': 3, 'owning_postincrement': 0, 'cold_lookups': 0, 'shared_helpers': 1}
EMIT_ATTEMPT shared_region_88 {'tier': 2, 'owning_postincrement': 0, 'cold_lookups': 0, 'shared_helpers': 0}
EMIT_ATTEMPT shared_region_88 {'tier': 2, 'owning_postincrement': 0, 'cold_lookups': 0, 'shared_helpers': 1}
EMIT_ATTEMPT shared_region_88 {'tier': 1, 'owning_postincrement': 0, 'cold_lookups': 0, 'shared_helpers': 0}
EMIT_ATTEMPT shared_region_88 {'tier': 1, 'owning_postincrement': 0, 'cold_lookups': 0, 'shared_helpers': 1}
EMIT_ATTEMPT shared_region_88 {'tier': 0, 'owning_postincrement': 0, 'cold_lookups': 0, 'shared_helpers': 0}
EMIT_ATTEMPT shared_region_88 {'tier': 7, 'owning_postincrement': 0, 'cold_lookups': 0, 'shared_helpers': 0}
EMIT_ATTEMPT shared_region_92 {'tier': 6, 'owning_postincrement': 0, 'cold_lookups': 1, 'shared_helpers': 0}
EMIT_ATTEMPT shared_region_92 {'tier': 6, 'owning_postincrement': 0, 'cold_lookups': 0, 'shared_helpers': 0}
EMIT_ATTEMPT shared_region_92 {'tier': 6, 'owning_postincrement': 0, 'cold_lookups': 1, 'shared_helpers': 1}
EMIT_ATTEMPT shared_region_92 {'tier': 6, 'owning_postincrement': 0, 'cold_lookups': 0, 'shared_helpers': 1}
EMIT_ATTEMPT shared_region_92 {'tier': 5, 'owning_postincrement': 0, 'cold_lookups': 1, 'shared_helpers': 0}
EMIT_ATTEMPT shared_region_92 {'tier': 5, 'owning_postincrement': 0, 'cold_lookups': 0, 'shared_helpers': 0}
EMIT_ATTEMPT shared_region_92 {'tier': 5, 'owning_postincrement': 0, 'cold_lookups': 1, 'shared_helpers': 1}
EMIT_ATTEMPT shared_region_92 {'tier': 5, 'owning_postincrement': 0, 'cold_lookups': 0, 'shared_helpers': 1}
EMIT_ATTEMPT shared_region_92 {'tier': 4, 'owning_postincrement': 0, 'cold_lookups': 0, 'shared_helpers': 0}
EMIT_ATTEMPT shared_region_92 {'tier': 4, 'owning_postincrement': 0, 'cold_lookups': 0, 'shared_helpers': 1}
EMIT_ATTEMPT shared_region_92 {'tier': 3, 'owning_postincrement': 0, 'cold_lookups': 0, 'shared_helpers': 0}
EMIT_ATTEMPT shared_region_92 {'tier': 3, 'owning_postincrement': 0, 'cold_lookups': 0, 'shared_helpers': 1}
EMIT_ATTEMPT shared_region_92 {'tier': 2, 'owning_postincrement': 0, 'cold_lookups': 0, 'shared_helpers': 0}
EMIT_ATTEMPT shared_region_92 {'tier': 2, 'owning_postincrement': 0, 'cold_lookups': 0, 'shared_helpers': 1}
EMIT_ATTEMPT shared_region_92 {'tier': 1, 'owning_postincrement': 0, 'cold_lookups': 0, 'shared_helpers': 0}
EMIT_ATTEMPT shared_region_92 {'tier': 1, 'owning_postincrement': 0, 'cold_lookups': 0, 'shared_helpers': 1}
EMIT_ATTEMPT shared_region_92 {'tier': 0, 'owning_postincrement': 0, 'cold_lookups': 0, 'shared_helpers': 0}
EMIT_ATTEMPT shared_region_92 {'tier': 7, 'owning_postincrement': 0, 'cold_lookups': 0, 'shared_helpers': 0}
EMIT_ATTEMPT shared_region_96 {'tier': 6, 'owning_postincrement': 0, 'cold_lookups': 1, 'shared_helpers': 0}
EMIT_ATTEMPT shared_region_96 {'tier': 6, 'owning_postincrement': 0, 'cold_lookups': 0, 'shared_helpers': 0}
EMIT_ATTEMPT shared_region_96 {'tier': 6, 'owning_postincrement': 0, 'cold_lookups': 1, 'shared_helpers': 1}
EMIT_ATTEMPT shared_region_96 {'tier': 6, 'owning_postincrement': 0, 'cold_lookups': 0, 'shared_helpers': 1}
EMIT_ATTEMPT shared_region_96 {'tier': 5, 'owning_postincrement': 0, 'cold_lookups': 1, 'shared_helpers': 0}
EMIT_ATTEMPT shared_region_96 {'tier': 5, 'owning_postincrement': 0, 'cold_lookups': 0, 'shared_helpers': 0}
EMIT_ATTEMPT shared_region_96 {'tier': 5, 'owning_postincrement': 0, 'cold_lookups': 1, 'shared_helpers': 1}
EMIT_ATTEMPT shared_region_96 {'tier': 5, 'owning_postincrement': 0, 'cold_lookups': 0, 'shared_helpers': 1}
EMIT_ATTEMPT shared_region_96 {'tier': 4, 'owning_postincrement': 0, 'cold_lookups': 0, 'shared_helpers': 0}
EMIT_ATTEMPT shared_region_96 {'tier': 4, 'owning_postincrement': 0, 'cold_lookups': 0, 'shared_helpers': 1}
EMIT_ATTEMPT shared_region_96 {'tier': 3, 'owning_postincrement': 0, 'cold_lookups': 0, 'shared_helpers': 0}
EMIT_ATTEMPT shared_region_96 {'tier': 3, 'owning_postincrement': 0, 'cold_lookups': 0, 'shared_helpers': 1}
EMIT_ATTEMPT shared_region_96 {'tier': 2, 'owning_postincrement': 0, 'cold_lookups': 0, 'shared_helpers': 0}
EMIT_ATTEMPT shared_region_96 {'tier': 2, 'owning_postincrement': 0, 'cold_lookups': 0, 'shared_helpers': 1}
EMIT_ATTEMPT shared_region_96 {'tier': 1, 'owning_postincrement': 0, 'cold_lookups': 0, 'shared_helpers': 0}
EMIT_ATTEMPT shared_region_96 {'tier': 1, 'owning_postincrement': 0, 'cold_lookups': 0, 'shared_helpers': 1}
EMIT_ATTEMPT shared_region_96 {'tier': 0, 'owning_postincrement': 0, 'cold_lookups': 0, 'shared_helpers': 0}
EMIT_ATTEMPT shared_region_96 {'tier': 7, 'owning_postincrement': 0, 'cold_lookups': 0, 'shared_helpers': 0}
EMIT_ATTEMPT shared_region_100 {'tier': 6, 'owning_postincrement': 0, 'cold_lookups': 1, 'shared_helpers': 0}
EMIT_ATTEMPT shared_region_100 {'tier': 6, 'owning_postincrement': 0, 'cold_lookups': 0, 'shared_helpers': 0}
EMIT_ATTEMPT shared_region_100 {'tier': 6, 'owning_postincrement': 0, 'cold_lookups': 1, 'shared_helpers': 1}
EMIT_ATTEMPT shared_region_100 {'tier': 6, 'owning_postincrement': 0, 'cold_lookups': 0, 'shared_helpers': 1}
EMIT_ATTEMPT shared_region_100 {'tier': 5, 'owning_postincrement': 0, 'cold_lookups': 1, 'shared_helpers': 0}
EMIT_ATTEMPT shared_region_100 {'tier': 5, 'owning_postincrement': 0, 'cold_lookups': 0, 'shared_helpers': 0}
EMIT_ATTEMPT shared_region_100 {'tier': 5, 'owning_postincrement': 0, 'cold_lookups': 1, 'shared_helpers': 1}
EMIT_ATTEMPT shared_region_100 {'tier': 5, 'owning_postincrement': 0, 'cold_lookups': 0, 'shared_helpers': 1}
EMIT_ATTEMPT shared_region_100 {'tier': 4, 'owning_postincrement': 0, 'cold_lookups': 0, 'shared_helpers': 0}
EMIT_ATTEMPT shared_region_100 {'tier': 4, 'owning_postincrement': 0, 'cold_lookups': 0, 'shared_helpers': 1}
EMIT_ATTEMPT shared_region_100 {'tier': 3, 'owning_postincrement': 0, 'cold_lookups': 0, 'shared_helpers': 0}
EMIT_ATTEMPT shared_region_100 {'tier': 3, 'owning_postincrement': 0, 'cold_lookups': 0, 'shared_helpers': 1}
EMIT_ATTEMPT shared_region_100 {'tier': 2, 'owning_postincrement': 0, 'cold_lookups': 0, 'shared_helpers': 0}
EMIT_ATTEMPT shared_region_100 {'tier': 2, 'owning_postincrement': 0, 'cold_lookups': 0, 'shared_helpers': 1}
EMIT_ATTEMPT shared_region_100 {'tier': 1, 'owning_postincrement': 0, 'cold_lookups': 0, 'shared_helpers': 0}
EMIT_ATTEMPT shared_region_100 {'tier': 1, 'owning_postincrement': 0, 'cold_lookups': 0, 'shared_helpers': 1}
EMIT_ATTEMPT shared_region_100 {'tier': 0, 'owning_postincrement': 0, 'cold_lookups': 0, 'shared_helpers': 0}
EMIT_ATTEMPT shared_region_100 {'tier': 7, 'owning_postincrement': 0, 'cold_lookups': 0, 'shared_helpers': 0}
[Inferior 1 (process 715758) exited normally]
EMISSION_TIERS_VERIFIED {"shared_region_32": {"tier": 0, "owning_postincrement": 0, "cold_lookups": 0, "shared_helpers": 0}, "shared_region_36": {"tier": 0, "owning_postincrement": 0, "cold_lookups": 0, "shared_helpers": 0}, "shared_region_40": {"tier": 0, "owning_postincrement": 0, "cold_lookups": 0, "shared_helpers": 0}, "shared_region_44": {"tier": 0, "owning_postincrement": 0, "cold_lookups": 0, "shared_helpers": 0}, "shared_region_48": {"tier": 0, "owning_postincrement": 0, "cold_lookups": 0, "shared_helpers": 0}, "shared_region_52": {"tier": 7, "owning_postincrement": 0, "cold_lookups": 0, "shared_helpers": 0}, "shared_region_56": {"tier": 7, "owning_postincrement": 0, "cold_lookups": 0, "shared_helpers": 0}, "shared_region_60": {"tier": 7, "owning_postincrement": 0, "cold_lookups": 0, "shared_helpers": 0}, "shared_region_64": {"tier": 7, "owning_postincrement": 0, "cold_lookups": 0, "shared_helpers": 0}, "shared_region_68": {"tier": 7, "owning_postincrement": 0, "cold_lookups": 0, "shared_helpers": 0}, "shared_region_72": {"tier": 7, "owning_postincrement": 0, "cold_lookups": 0, "shared_helpers": 0}, "shared_region_76": {"tier": 7, "owning_postincrement": 0, "cold_lookups": 0, "shared_helpers": 0}, "shared_region_80": {"tier": 7, "owning_postincrement": 0, "cold_lookups": 0, "shared_helpers": 0}, "shared_region_84": {"tier": 7, "owning_postincrement": 0, "cold_lookups": 0, "shared_helpers": 0}, "shared_region_88": {"tier": 7, "owning_postincrement": 0, "cold_lookups": 0, "shared_helpers": 0}, "shared_region_92": {"tier": 7, "owning_postincrement": 0, "cold_lookups": 0, "shared_helpers": 0}, "shared_region_96": {"tier": 7, "owning_postincrement": 0, "cold_lookups": 0, "shared_helpers": 0}, "shared_region_100": {"tier": 7, "owning_postincrement": 0, "cold_lookups": 0, "shared_helpers": 0}}
