Round 1/5: sqgi; all 8 checksums match
Round 1/5: sqgi_baseline; all 8 checksums match
Round 1/5: node; all 8 checksums match
Round 1/5: gjs; all 8 checksums match
Round 1/5: python; all 8 checksums match
Round 2/5: sqgi_baseline; all 8 checksums match
Round 2/5: node; all 8 checksums match
Round 2/5: gjs; all 8 checksums match
Round 2/5: python; all 8 checksums match
Round 2/5: sqgi; all 8 checksums match
Round 3/5: node; all 8 checksums match
Round 3/5: gjs; all 8 checksums match
Round 3/5: python; all 8 checksums match
Round 3/5: sqgi; all 8 checksums match
Round 3/5: sqgi_baseline; all 8 checksums match
Round 4/5: gjs; all 8 checksums match
Round 4/5: python; all 8 checksums match
Round 4/5: sqgi; all 8 checksums match
Round 4/5: sqgi_baseline; all 8 checksums match
Round 4/5: node; all 8 checksums match
Round 5/5: python; all 8 checksums match
Round 5/5: sqgi; all 8 checksums match
Round 5/5: sqgi_baseline; all 8 checksums match
Round 5/5: node; all 8 checksums match
Round 5/5: gjs; all 8 checksums match
Microseconds per iteration; lower is faster
kernel	sqgi	sqgi_baseline	node	gjs	python
route_balanced	0.053115000	0.052205000	0.006161400	0.006435000	0.262224755
route_skewed	0.051645000	0.051910000	0.005807025	0.006685000	0.259878315
pricing_events	0.056625000	0.057415000	0.011100725	0.017405000	0.434253910
filter_stream	0.055700000	0.055555000	0.005051615	0.009940000	0.240845790
records_64	0.135995000	0.138285000	0.015949635	0.038650000	0.565953265
records_4096	0.286905000	0.305905000	0.020601675	0.043910000	0.659434435
word_count	0.266730000	0.267435000	0.074253240	0.124305000	0.361372950
graph_walk	0.012385000	0.012425000	0.004790575	0.008840000	0.129466660
