Round 1/5: sqgi; all 8 checksums match
Round 1/5: sqgi_baseline; all 8 checksums match
Round 1/5: node; all 8 checksums match
Round 1/5: gjs; all 8 checksums match
Round 1/5: python; all 8 checksums match
Round 2/5: sqgi_baseline; all 8 checksums match
Round 2/5: node; all 8 checksums match
Round 2/5: gjs; all 8 checksums match
Round 2/5: python; all 8 checksums match
Round 2/5: sqgi; all 8 checksums match
Round 3/5: node; all 8 checksums match
Round 3/5: gjs; all 8 checksums match
Round 3/5: python; all 8 checksums match
Round 3/5: sqgi; all 8 checksums match
Round 3/5: sqgi_baseline; all 8 checksums match
Round 4/5: gjs; all 8 checksums match
Round 4/5: python; all 8 checksums match
Round 4/5: sqgi; all 8 checksums match
Round 4/5: sqgi_baseline; all 8 checksums match
Round 4/5: node; all 8 checksums match
Round 5/5: python; all 8 checksums match
Round 5/5: sqgi; all 8 checksums match
Round 5/5: sqgi_baseline; all 8 checksums match
Round 5/5: node; all 8 checksums match
Round 5/5: gjs; all 8 checksums match
Microseconds per iteration; lower is faster
kernel	sqgi	sqgi_baseline	node	gjs	python
route_balanced	0.052824604	0.052277108	0.006006042	0.006394952	0.261978508
route_skewed	0.052039610	0.051589613	0.005776359	0.006667450	0.259588331
pricing_events	0.056534576	0.057829566	0.011160434	0.017359870	0.434111374
filter_stream	0.056162079	0.054992088	0.005028977	0.008527436	0.241189594
records_64	0.138691460	0.134218993	0.015533171	0.038632210	0.571752319
records_4096	0.267520494	0.266383002	0.019858511	0.042602180	0.689036757
word_count	0.267457994	0.266733000	0.075380677	0.123836571	0.368350422
graph_walk	0.012387407	0.012407407	0.004767209	0.007337445	0.129037667
