Round 1/5: sqgi; all 15 checksums match
Round 1/5: sqgi_baseline; all 15 checksums match
Round 1/5: node; all 15 checksums match
Round 1/5: gjs; all 15 checksums match
Round 1/5: python; all 15 checksums match
Round 2/5: sqgi_baseline; all 15 checksums match
Round 2/5: node; all 15 checksums match
Round 2/5: gjs; all 15 checksums match
Round 2/5: python; all 15 checksums match
Round 2/5: sqgi; all 15 checksums match
Round 3/5: node; all 15 checksums match
Round 3/5: gjs; all 15 checksums match
Round 3/5: python; all 15 checksums match
Round 3/5: sqgi; all 15 checksums match
Round 3/5: sqgi_baseline; all 15 checksums match
Round 4/5: gjs; all 15 checksums match
Round 4/5: python; all 15 checksums match
Round 4/5: sqgi; all 15 checksums match
Round 4/5: sqgi_baseline; all 15 checksums match
Round 4/5: node; all 15 checksums match
Round 5/5: python; all 15 checksums match
Round 5/5: sqgi; all 15 checksums match
Round 5/5: sqgi_baseline; all 15 checksums match
Round 5/5: node; all 15 checksums match
Round 5/5: gjs; all 15 checksums match
Microseconds per iteration; lower is faster
kernel	sqgi	sqgi_baseline	node	gjs	python
direct_call	0.034118000	0.034358000	0.006771158	0.010700625	0.335113425
branch_call	0.031648000	0.032248000	0.004833690	0.007049375	0.236796456
float_call	0.020750000	0.021035000	0.002655417	0.009521875	0.134412490
numeric_loop	0.022898000	0.022870000	0.007462859	0.012769062	0.238005204
vector	0.376075000	0.379444000	0.573063044	0.514868750	5.142906863
dynamic_member	0.819856000	1.518237000	0.109297406	0.079325000	0.879944369
dynamic_key_get_set	0.183056000	0.183081000	0.062381431	0.027893750	0.414467113
object_member_write_fallback	0.474619000	0.474825000	0.012649100	0.047043750	0.683390275
array_append	0.132013000	0.128719000	0.036937406	0.017068750	0.222623369
array_write	0.036975000	0.036850000	0.004544494	0.006081250	0.186240163
array_read	0.007087000	0.007428000	0.002638191	0.003525312	0.083236588
array_float	0.006825000	0.007098000	0.002197687	0.003078438	0.073640664
math_intrinsic	0.202094000	0.202263000	0.041199344	0.009856250	0.557318575
math_variable	0.219000000	0.219406000	0.154417781	0.106568750	0.507471456
matrix	0.312088000	0.313919000	0.022937544	0.066287500	1.140383769
