Round 1/5: v7; 6 checksums match
Round 1/5: v8; 6 checksums match
Round 1/5: node; 6 checksums match
Round 2/5: v8; 6 checksums match
Round 2/5: node; 6 checksums match
Round 2/5: v7; 6 checksums match
Round 3/5: node; 6 checksums match
Round 3/5: v7; 6 checksums match
Round 3/5: v8; 6 checksums match
Round 4/5: v7; 6 checksums match
Round 4/5: v8; 6 checksums match
Round 4/5: node; 6 checksums match
Round 5/5: v8; 6 checksums match
Round 5/5: node; 6 checksums match
Round 5/5: v7; 6 checksums match
table_events_97: v7 531.99 ns, v8 470.05 ns, node 75.51 ns
class_events_97: v7 526.28 ns, v8 464.90 ns, node 74.49 ns
buffers_7: v7 434.30 ns, v8 433.34 ns, node 12.41 ns
buffers_31: v7 433.79 ns, v8 433.39 ns, node 12.39 ns
calibrate_17: v7 83.38 ns, v8 83.47 ns, node 8.96 ns
calibrate_67: v7 84.62 ns, v8 84.08 ns, node 8.38 ns
