Round 1/5: v7; 6 checksums match
Round 1/5: v8; 6 checksums match
Round 1/5: node; 6 checksums match
Round 2/5: v8; 6 checksums match
Round 2/5: node; 6 checksums match
Round 2/5: v7; 6 checksums match
Round 3/5: node; 6 checksums match
Round 3/5: v7; 6 checksums match
Round 3/5: v8; 6 checksums match
Round 4/5: v7; 6 checksums match
Round 4/5: v8; 6 checksums match
Round 4/5: node; 6 checksums match
Round 5/5: v8; 6 checksums match
Round 5/5: node; 6 checksums match
Round 5/5: v7; 6 checksums match
transfer_table: v7 621.32 ns, v8 513.01 ns, node 17.94 ns
transfer_class: v7 628.28 ns, v8 520.79 ns, node 17.70 ns
transfer_mixed: v7 636.78 ns, v8 531.87 ns, node 29.26 ns
publish_table: v7 512.82 ns, v8 446.48 ns, node 13.49 ns
publish_class: v7 524.79 ns, v8 455.75 ns, node 13.68 ns
publish_mixed: v7 527.92 ns, v8 459.88 ns, node 21.07 ns
