[1/39] Building CXX object CMakeFiles/sqgi-core.dir/Squirrel3/squirrel/jit/sqjit_write_log.cpp.o
[2/39] Building CXX object CMakeFiles/sqgi_test_cpp_sqjit_side_exit.dir/test/cpp/test_sqjit_side_exit.cpp.o
[3/39] Building CXX object CMakeFiles/sqgi-core.dir/Squirrel3/squirrel/jit/sqjit_member_plan.cpp.o
[4/39] Building CXX object CMakeFiles/sqgi_test_cpp_sqjit_member_plan.dir/test/cpp/test_sqjit_member_plan.cpp.o
[5/39] Building CXX object CMakeFiles/sqgi_test_cpp_sqjit_write_log.dir/test/cpp/test_sqjit_write_log.cpp.o
[6/39] Building CXX object CMakeFiles/sqgi-core.dir/Squirrel3/squirrel/jit/sqjit_backend_aarch64.cpp.o
[7/39] Linking CXX shared library libsqgi.so.1.0.0
[8/39] Linking CXX executable sqgi
[9/39] Creating library symlink libsqgi.so.1 libsqgi.so
[10/39] Linking CXX executable sqgicheck
[11/39] Linking C executable sqgi_test_c_signal_crossthread_sync
[12/39] Linking C executable sqgi_test_c_signal_crossthread
[13/39] Linking CXX executable sqgi_test_cpp_sqgicheck
[14/39] Linking C executable sqgi_test_c_signal_vm_closing
[15/39] Linking C executable sqgi_test_c_gvalue_branches
[16/39] Linking C executable sqgi_test_c_gi_call_plan
[17/39] Linking C executable sqgi_test_c_list_ownership
[18/39] Linking C executable sqgi_test_c_squirrel_core_hardening
[19/39] Linking C executable sqgi_test_c_numeric64
[20/39] Linking CXX executable sqgi_test_cpp_sqvm_hotpaths
[21/39] Linking CXX executable sqgi_test_cpp_sqvector
[22/39] Linking CXX executable sqgi_test_cpp_sqbytecode
[23/39] Linking CXX executable sqgi_test_cpp_sqoptimizer
[24/39] Linking CXX executable sqgi_test_cpp_sqmembercache
[25/39] Linking C executable sqgi_test_c_vm_lifecycle
[26/39] Linking CXX executable sqgi_test_cpp_sqjit_contracts
[27/39] Linking CXX executable sqgi_test_cpp_sqjit_side_exit
[28/39] Linking CXX executable sqgi_test_cpp_sqjit_values
[29/39] Linking CXX executable sqgi_test_cpp_sqjit_memory
[30/39] Linking CXX executable sqgi_test_cpp_sqjit_leaf
[31/39] Linking CXX executable sqgi_test_cpp_sqjit_arithmetic
[32/39] Linking CXX executable sqgi_test_cpp_sqjit_virtual_array
[33/39] Linking CXX executable sqgi_test_cpp_sqjit_objects
[34/39] Linking CXX executable sqgi_test_cpp_sqjit_object_plan
[35/39] Linking CXX executable sqgi_test_cpp_sqjit_write_log
[36/39] Linking CXX executable sqgi_test_cpp_sqjit_float_cache
[37/39] Linking CXX executable sqgi_test_cpp_sqjit_member_plan
[38/39] Linking CXX executable sqgi_test_cpp_sqjit_intrinsics
[39/39] Linking CXX executable sqgi_test_cpp_sqjit_aarch64_backend_invalid
