{
  "aggregation": "56 equally weighted components; application seed17; nearest-rank p90",
  "speedup": 1.3445992332485022,
  "groups": {
    "kernels-seed17": {
      "count": 15,
      "speedup": 1.0498683814672294
    },
    "applications-seed17": {
      "count": 8,
      "speedup": 1.0107791297030058
    },
    "roots-seed17": {
      "count": 4,
      "speedup": 1.1076460533269106
    },
    "members": {
      "count": 6,
      "speedup": 1.00439112673231
    },
    "owners": {
      "count": 10,
      "speedup": 2.8960970934500985
    },
    "methods": {
      "count": 6,
      "speedup": 2.1629329073582113
    },
    "floats": {
      "count": 7,
      "speedup": 1.0097564512263877
    }
  },
  "totals": {
    "sqgi_baseline": {
      "node": {
        "geomean": 15.302922708653192,
        "p90": 99.62936256533852
      },
      "gjs": {
        "geomean": 10.151926130613958,
        "p90": 50.785469107551485
      }
    },
    "sqgi": {
      "node": {
        "geomean": 11.381028882250583,
        "p90": 36.92082549353404
      },
      "gjs": {
        "geomean": 7.550150170833641,
        "p90": 17.714816933638446
      }
    }
  },
  "regressions_over_5pct": []
}
