BENCH	route_balanced	200000	0.053105000	300346
BENCH	route_skewed	200000	0.052130000	122121
BENCH	pricing_events	200000	0.058045000	636940
BENCH	filter_stream	200000	0.056505000	10704.521037291815
BENCH	records_64	200000	0.131095000	599323
BENCH	records_4096	200000	0.274480000	385702
BENCH	word_count	200000	0.267010000	116910
BENCH	graph_walk	200000	0.012515000	386354
BENCH	route_balanced	200000	0.053495000	300346
BENCH	route_skewed	200000	0.052470000	122121
BENCH	pricing_events	200000	0.057570000	636940
BENCH	filter_stream	200000	0.056835000	10704.521037291815
BENCH	records_64	200000	0.135655000	599323
BENCH	records_4096	200000	0.233780000	385702
BENCH	word_count	200000	0.266005000	116910
BENCH	graph_walk	200000	0.012370000	386354
BENCH	route_balanced	200000	0.053680000	300346
BENCH	route_skewed	200000	0.051985000	122121
BENCH	pricing_events	200000	0.057715000	636940
BENCH	filter_stream	200000	0.056200000	10704.521037291815
BENCH	records_64	200000	0.133780000	599323
BENCH	records_4096	200000	0.297300000	385702
BENCH	word_count	200000	0.266570000	116910
BENCH	graph_walk	200000	0.012360000	386354
1137.15;msec;task-clock:u;0.52%;1137153495;100.00;1.003;CPUs utilized
2506524403;;cycles:u;0.25%;1137272492;100.00;2.226;GHz
5974899224;;instructions:u;0.09%;1137272492;100.00;2.39;insn per cycle
5234935;;branch-misses:u;3.82%;1137272492;100.00;;
2233019249;;cache-references:u;0.16%;1137272492;100.00;1.983;G/sec
15743673;;cache-misses:u;2.18%;1137272492;100.00;0.705;of all cache refs
3865;;page-faults:u;0.01%;1137153495;100.00;3.433;K/sec
0;;context-switches:u;0.00%;1137153495;100.00;0.000;/sec
