# To display the perf.data header info, please use --header/--header-only options.
#
#
# Total Lost Samples: 0
#
# Samples: 566  of event 'cycles:u'
# Event count (approx.): 2458695580
#
# Children      Self  Command  Shared Object               Symbol                                                                                                                                                         
# ........  ........  .......  ..........................  ...............................................................................................................................................................
#
    31.53%     0.00%  sqgi     sqgi                        [.] _start
            |
            ---_start
               __libc_start_main_impl (inlined)
               __libc_start_call_main
               main
               |          
                --31.27%--sq_call
                          SQVM::Execute
                          |          
                          |--5.93%--SQVM::DerefInc
                          |          |          
                          |           --2.04%--SQVM::Set
                          |          
                          |--5.74%--SQVM::Get
                          |          |          
                          |           --4.44%--SQTable::Get
                          |          
                           --2.23%--sqjit_try_execute_current_loop

    31.53%     0.00%  sqgi     libc.so.6                   [.] __libc_start_main_impl (inlined)
            |
            ---__libc_start_main_impl (inlined)
               __libc_start_call_main
               main
               |          
                --31.27%--sq_call
                          SQVM::Execute
                          |          
                          |--5.93%--SQVM::DerefInc
                          |          |          
                          |           --2.04%--SQVM::Set
                          |          
                          |--5.74%--SQVM::Get
                          |          |          
                          |           --4.44%--SQTable::Get
                          |          
                           --2.23%--sqjit_try_execute_current_loop

    31.53%     0.00%  sqgi     libc.so.6                   [.] __libc_start_call_main
            |
            ---__libc_start_call_main
               main
               |          
                --31.27%--sq_call
                          SQVM::Execute
                          |          
                          |--5.93%--SQVM::DerefInc
                          |          |          
                          |           --2.04%--SQVM::Set
                          |          
                          |--5.74%--SQVM::Get
                          |          |          
                          |           --4.44%--SQTable::Get
                          |          
                           --2.23%--sqjit_try_execute_current_loop

    31.53%     0.00%  sqgi     sqgi                        [.] main
            |
            ---main
               |          
                --31.27%--sq_call
                          SQVM::Execute
                          |          
                          |--5.93%--SQVM::DerefInc
                          |          |          
                          |           --2.04%--SQVM::Set
                          |          
                          |--5.74%--SQVM::Get
                          |          |          
                          |           --4.44%--SQTable::Get
                          |          
                           --2.23%--sqjit_try_execute_current_loop

    31.27%     0.00%  sqgi     sqgi                        [.] sq_call
            |
            ---sq_call
               SQVM::Execute
               |          
               |--5.93%--SQVM::DerefInc
               |          |          
               |           --2.04%--SQVM::Set
               |          
               |--5.74%--SQVM::Get
               |          |          
               |           --4.44%--SQTable::Get
               |          
                --2.23%--sqjit_try_execute_current_loop

    31.27%    14.59%  sqgi     sqgi                        [.] SQVM::Execute
            |          
            |--16.67%--SQVM::Execute
            |          |          
            |          |--5.93%--SQVM::DerefInc
            |          |          |          
            |          |           --2.04%--SQVM::Set
            |          |          
            |          |--5.74%--SQVM::Get
            |          |          |          
            |          |           --4.44%--SQTable::Get
            |          |          
            |           --2.23%--sqjit_try_execute_current_loop
            |          
             --14.59%--_start
                       __libc_start_main_impl (inlined)
                       __libc_start_call_main
                       main
                       sq_call
                       SQVM::Execute

    22.35%     4.38%  sqgi     sqgi                        [.] sqjit_a64_helper_member_set_integer_logged
            |          
            |--17.97%--sqjit_a64_helper_member_set_integer_logged
            |          |          
            |           --17.60%--sqjit_a64_helper_member_set_integer_logged
            |                     SQJitWriteLog::RecordMember
            |                     |          
            |                     |--13.24%--SQJitWriteLog::ContainsMember<false> (inlined)
            |                     |          |          
            |                     |           --6.53%--SQJitWriteLog::ContainsMember<false>(SQObjectPtr const&, SQObjectPtr const&, SQObjectPtr const&) const::{lambda(SQJitWriteLog::Entry const&)#1}::operator() (inlined)
            |                     |          
            |                      --3.08%--SQJitWriteLog::CanRelease
            |          
            |--2.36%--0xffff8edf43c3
            |          0xffff8edf43c3
            |          sqjit_a64_helper_member_set_integer_logged
            |          
             --2.02%--0xffff8edf44d3
                       0xffff8edf44d3
                       sqjit_a64_helper_member_set_integer_logged

    17.60%    13.61%  sqgi     sqgi                        [.] SQJitWriteLog::RecordMember
            |          
            |--7.45%--0xffff8edf44d3
            |          0xffff8edf44d3
            |          sqjit_a64_helper_member_set_integer_logged
            |          sqjit_a64_helper_member_set_integer_logged
            |          SQJitWriteLog::RecordMember
            |          |          
            |           --6.71%--SQJitWriteLog::ContainsMember<false> (inlined)
            |                     |          
            |                      --4.15%--SQJitWriteLog::ContainsMember<false>(SQObjectPtr const&, SQObjectPtr const&, SQObjectPtr const&) const::{lambda(SQJitWriteLog::Entry const&)#1}::operator() (inlined)
            |          
            |--6.16%--0xffff8edf43c3
            |          0xffff8edf43c3
            |          sqjit_a64_helper_member_set_integer_logged
            |          sqjit_a64_helper_member_set_integer_logged
            |          SQJitWriteLog::RecordMember
            |          |          
            |           --5.80%--SQJitWriteLog::ContainsMember<false> (inlined)
            |                     |          
            |                      --2.38%--SQJitWriteLog::ContainsMember<false>(SQObjectPtr const&, SQObjectPtr const&, SQObjectPtr const&) const::{lambda(SQJitWriteLog::Entry const&)#1}::operator() (inlined)
            |          
             --3.99%--SQJitWriteLog::RecordMember
                       |          
                        --3.08%--SQJitWriteLog::CanRelease

    17.15%     0.00%  sqgi     [JIT] tid 617337            [.] 0x0000ffff8edf44d3
            |
            ---0xffff8edf44d3
               |          
                --11.29%--0xffff8edf44d3
                          sqjit_a64_helper_member_set_integer_logged
                          |          
                           --9.09%--sqjit_a64_helper_member_set_integer_logged
                                     SQJitWriteLog::RecordMember
                                     |          
                                      --6.90%--SQJitWriteLog::ContainsMember<false> (inlined)
                                                |          
                                                 --4.15%--SQJitWriteLog::ContainsMember<false>(SQObjectPtr const&, SQObjectPtr const&, SQObjectPtr const&) const::{lambda(SQJitWriteLog::Entry const&)#1}::operator() (inlined)

    13.24%     0.00%  sqgi     sqgi                        [.] SQJitWriteLog::ContainsMember<false> (inlined)
            |
            ---SQJitWriteLog::ContainsMember<false> (inlined)
               |          
                --6.53%--SQJitWriteLog::ContainsMember<false>(SQObjectPtr const&, SQObjectPtr const&, SQObjectPtr const&) const::{lambda(SQJitWriteLog::Entry const&)#1}::operator() (inlined)

    12.71%     0.00%  sqgi     [JIT] tid 617337            [.] 0x0000ffff8edf43c3
            |
            ---0xffff8edf43c3
               |          
                --11.06%--0xffff8edf43c3
                          sqjit_a64_helper_member_set_integer_logged
                          |          
                           --8.52%--sqjit_a64_helper_member_set_integer_logged
                                     SQJitWriteLog::RecordMember
                                     |          
                                      --6.34%--SQJitWriteLog::ContainsMember<false> (inlined)
                                                |          
                                                 --2.38%--SQJitWriteLog::ContainsMember<false>(SQObjectPtr const&, SQObjectPtr const&, SQObjectPtr const&) const::{lambda(SQJitWriteLog::Entry const&)#1}::operator() (inlined)

    12.10%     0.00%  sqgi     [JIT] tid 617337            [.] 0x0000ffff8edf41b3
            |
            ---0xffff8edf41b3
               |          
                --5.08%--0xffff8edf41b3
                          sqjit_a64_helper_array_get_object
                          |          
                           --2.35%--SQObjectPtr::operator= (inlined)

    11.54%     0.00%  sqgi     [JIT] tid 617337            [.] 0x0000ffff8edf718b
            |
            ---0xffff8edf718b
               |          
               |--3.96%--0xffff8edf718b
               |          sqjit_a64_helper_member_closure_guard
               |          |          
               |           --3.30%--sqjit_a64_borrow_member_value_with_root (inlined)
               |                     |          
               |                      --2.56%--sqjit_a64_root_fallback_safe
               |                                |          
               |                                 --2.19%--SQTable::GetRawSlot (inlined)
               |                                           SQTable::_Get (inlined)
               |          
                --2.04%--0xffff8edf72dc

    10.26%     1.26%  sqgi     sqgi                        [.] sqjit_a64_helper_member_closure_guard
            |          
             --9.00%--sqjit_a64_helper_member_closure_guard
                       |          
                        --8.30%--sqjit_a64_borrow_member_value_with_root (inlined)
                                  |          
                                  |--5.89%--sqjit_a64_root_fallback_safe
                                  |          |          
                                  |           --4.78%--SQTable::GetRawSlot (inlined)
                                  |                     |          
                                  |                      --4.04%--SQTable::_Get (inlined)
                                  |          
                                   --2.41%--sqjit_a64_helper_member_closure_guard
                                             sqjit_a64_borrow_member_ptr_value

     8.49%     0.00%  sqgi     sqgi                        [.] sqjit_a64_borrow_member_value_with_root (inlined)
            |
            ---sqjit_a64_borrow_member_value_with_root (inlined)
               |          
               |--5.89%--sqjit_a64_root_fallback_safe
               |          |          
               |           --4.78%--SQTable::GetRawSlot (inlined)
               |                     |          
               |                      --4.04%--SQTable::_Get (inlined)
               |          
                --2.41%--sqjit_a64_helper_member_closure_guard
                          sqjit_a64_borrow_member_ptr_value

     6.67%     0.74%  sqgi     sqgi                        [.] SQVM::Get
            |          
             --5.93%--SQVM::Get
                       |          
                        --5.37%--SQTable::Get

     6.53%     0.00%  sqgi     sqgi                        [.] SQJitWriteLog::ContainsMember<false>(SQObjectPtr const&, SQObjectPtr const&, SQObjectPtr const&) const::{lambda(SQJitWriteLog::Entry const&)#1}::operator() (inlined)
            |
            ---SQJitWriteLog::ContainsMember<false>(SQObjectPtr const&, SQObjectPtr const&, SQObjectPtr const&) const::{lambda(SQJitWriteLog::Entry const&)#1}::operator() (inlined)

     6.49%     0.00%  sqgi     [JIT] tid 617337            [.] 0x0000ffff8edf6213
            |
            ---0xffff8edf6213
               |          
                --2.59%--0xffff8edf6213
                          sqjit_a64_helper_member_closure_guard

     6.30%     0.00%  sqgi     [JIT] tid 617337            [.] 0x0000ffff8edf51af
            |
            ---0xffff8edf51af
               |          
                --3.71%--0xffff8edf51af
                          sqjit_a64_helper_member_closure_guard
                          |          
                           --3.33%--sqjit_a64_borrow_member_value_with_root (inlined)
                                     |          
                                      --2.04%--sqjit_a64_root_fallback_safe

     5.93%     1.85%  sqgi     sqgi                        [.] SQVM::DerefInc
            |          
             --4.08%--SQVM::DerefInc
                       |          
                        --2.04%--SQVM::Set

     5.89%     5.89%  sqgi     sqgi                        [.] sqjit_a64_root_fallback_safe
            |          
            |--2.56%--0xffff8edf718b
            |          0xffff8edf718b
            |          sqjit_a64_helper_member_closure_guard
            |          sqjit_a64_borrow_member_value_with_root (inlined)
            |          sqjit_a64_root_fallback_safe
            |          |          
            |           --2.19%--SQTable::GetRawSlot (inlined)
            |                     SQTable::_Get (inlined)
            |          
             --2.04%--0xffff8edf51af
                       0xffff8edf51af
                       sqjit_a64_helper_member_closure_guard
                       sqjit_a64_borrow_member_value_with_root (inlined)
                       sqjit_a64_root_fallback_safe

     5.37%     5.37%  sqgi     sqgi                        [.] SQTable::Get
            |
            ---_start
               __libc_start_main_impl (inlined)
               __libc_start_call_main
               main
               sq_call
               SQVM::Execute
               |          
                --4.44%--SQVM::Get
                          SQTable::Get

     5.08%     5.08%  sqgi     sqgi                        [.] sqjit_a64_helper_array_get_object
            |
            ---0xffff8edf41b3
               0xffff8edf41b3
               sqjit_a64_helper_array_get_object
               |          
                --2.35%--SQObjectPtr::operator= (inlined)

     4.78%     0.00%  sqgi     sqgi                        [.] SQTable::GetRawSlot (inlined)
            |
            ---SQTable::GetRawSlot (inlined)
               |          
                --4.04%--SQTable::_Get (inlined)

     4.04%     0.00%  sqgi     sqgi                        [.] SQTable::_Get (inlined)
            |
            ---SQTable::_Get (inlined)

     3.10%     3.10%  sqgi     sqgi                        [.] sqjit_a64_borrow_member_ptr_value
     3.08%     3.08%  sqgi     sqgi                        [.] SQJitWriteLog::CanRelease
     2.35%     0.00%  sqgi     sqgi                        [.] SQObjectPtr::operator= (inlined)
            |
            ---SQObjectPtr::operator= (inlined)

     2.23%     1.86%  sqgi     sqgi                        [.] sqjit_try_execute_current_loop
     2.04%     0.56%  sqgi     sqgi                        [.] SQVM::Set
     2.04%     2.04%  sqgi     [JIT] tid 617337            [.] 0x0000ffff8edf72dc
            |
            ---0xffff8edf718b
               0xffff8edf72dc



#
# (Cannot load tips.txt file, please install perf!)
#
