JIT_CAPTURE_BREAKPOINT -1
[Thread debugging using libthread_db enabled]
Using host libthread_db library "/lib/aarch64-linux-gnu/libthread_db.so.1".
JIT_CAPTURE recycle frame 0xfffff7f84000 8192
BENCH	table_owners_1	1003	2.168494516	615764.25
BENCH	table_owners_2	1003	2.106679960	616780.25
BENCH	table_owners_5	1003	1.735792622	613838.25
BENCH	table_owners_19	1003	2.629112662	618610.25
BENCH	table_owners_257	1003	1.882352941	749599.25
BENCH	class_owners_1	1003	2.256231306	615764.25
BENCH	class_owners_2	1003	2.453639083	616780.25
BENCH	class_owners_5	1003	1.845463609	613838.25
BENCH	class_owners_19	1003	1.834496510	618610.25
BENCH	class_owners_257	1003	1.960119641	749599.25
[Inferior 1 (process 617653) exited normally]
[Thread debugging using libthread_db enabled]
Using host libthread_db library "/lib/aarch64-linux-gnu/libthread_db.so.1".
JIT_CAPTURE transfer frame 0xfffff7f85000 4096
JIT_CAPTURE publish frame 0xfffff7f84000 4096
BENCH	transfer_table	1003	1362.933200399	121851
BENCH	transfer_class	1003	1440.279162512	121851
BENCH	transfer_mixed	1003	1228.508474576	121851
BENCH	publish_table	1003	1148.961116650	133577
BENCH	publish_class	1003	1403.962113659	133577
BENCH	publish_mixed	1003	1187.524426720	133577
[Inferior 1 (process 617655) exited normally]
[Thread debugging using libthread_db enabled]
Using host libthread_db library "/lib/aarch64-linux-gnu/libthread_db.so.1".
JIT_CAPTURE table_apply frame 0xfffff7f85000 4096
JIT_CAPTURE apply frame 0xfffff7f84000 4096
BENCH	table_events_97	1003	1215.923230309	140378
BENCH	class_events_97	1003	1478.011964108	140378
BENCH	buffers_7	1003	1.255234297	944693
BENCH	buffers_31	1003	0.886340977	861874
BENCH	calibrate_17	1003	3.845463609	5140.09375
BENCH	calibrate_67	1003	3.301096710	5049
[Inferior 1 (process 617684) exited normally]
JIT_CAPTURE_VERIFIED five canonical-frame functions
