BENCH	filter	200000	0.023960000	10.254364576940203
BENCH	channels_4	200000	0.080400000	20.621658757381574
BENCH	pressure_8	200000	0.171935000	30.900920683591639
BENCH	integration	200000	0.036775000	1562.9738403896752
BENCH	retained_input	200000	0.046555000	399985.55383443867
BENCH	branching	200000	0.031045000	1.6005902475563216
BENCH	helper_control	200000	0.053855000	3.7152600782050693
BENCH	filter	200000	0.025020000	10.254364576940203
BENCH	channels_4	200000	0.080610000	20.621658757381574
BENCH	pressure_8	200000	0.168190000	30.900920683591639
BENCH	integration	200000	0.037795000	1562.9738403896752
BENCH	retained_input	200000	0.047465000	399985.55383443867
BENCH	branching	200000	0.031545000	1.6005902475563216
BENCH	helper_control	200000	0.054325000	3.7152600782050693
BENCH	filter	200000	0.024260000	10.254364576940203
BENCH	channels_4	200000	0.080535000	20.621658757381574
BENCH	pressure_8	200000	0.172690000	30.900920683591639
BENCH	integration	200000	0.037115000	1562.9738403896752
BENCH	retained_input	200000	0.046925000	399985.55383443867
BENCH	branching	200000	0.031085000	1.6005902475563216
BENCH	helper_control	200000	0.055950000	3.7152600782050693
646.04;msec;task-clock:u;0.09%;646044326;100.00;0.993;CPUs utilized
1440052364;;cycles:u;0.20%;646109953;100.00;2.233;GHz
4030274150;;instructions:u;0.00%;646109953;100.00;2.80;insn per cycle
154643;;branch-misses:u;0.81%;646109953;100.00;;
1459548724;;cache-references:u;0.00%;646109953;100.00;2.263;G/sec
246230;;cache-misses:u;0.74%;646109953;100.00;0.017;of all cache refs
789;;page-faults:u;0.11%;646044326;100.00;1.223;K/sec
0;;context-switches:u;0.00%;646044326;100.00;0.000;/sec
