# To display the perf.data header info, please use --header/--header-only options.
#
#
# Total Lost Samples: 0
#
# Samples: 344  of event 'cycles:u'
# Event count (approx.): 1445526314
#
# Children      Self  Command  Shared Object          Symbol                                                                                                                                                                                                       
# ........  ........  .......  .....................  .............................................................................................................................................................................................................
#
    23.41%    10.08%  sqgi     sqgi                   [.] sqjit_a64_helper_member_closure_guard
            |          
             --13.33%--sqjit_a64_helper_member_closure_guard
                       sqjit_a64_helper_member_closure_guard
                       sqjit_a64_borrow_member_ptr_value
                       |          
                        --8.11%--SQTable::GetRawSlot (inlined)
                                  |          
                                   --4.10%--SQTable::_Get (inlined)

    16.16%    16.16%  sqgi     sqgi                   [.] sqjit_a64_borrow_member_ptr_value
            |          
             --2.83%--0xffff8698b19f
                       0xffff8698b19f
                       sqjit_a64_helper_member_native_closure_guard
                       sqjit_a64_helper_member_native_closure_guard
                       sqjit_a64_borrow_member_ptr_value
                       SQTable::GetRawSlot (inlined)

    10.94%     0.00%  sqgi     sqgi                   [.] SQTable::GetRawSlot (inlined)
            |
            ---SQTable::GetRawSlot (inlined)
               |          
               |--5.36%--SQTable::_Get (inlined)
               |          
                --2.18%--HashObj (inlined)

     8.19%     0.00%  sqgi     [JIT] tid 617624       [.] 0x0000ffff8698b19f
            |
            ---0xffff8698b19f
               |          
                --4.09%--0xffff8698b19f
                          sqjit_a64_helper_member_native_closure_guard
                          |          
                           --2.83%--sqjit_a64_helper_member_native_closure_guard
                                     sqjit_a64_borrow_member_ptr_value
                                     SQTable::GetRawSlot (inlined)

     8.19%     0.00%  sqgi     [JIT] tid 617624       [.] 0x0000ffff8698e1d3
            |
            ---0xffff8698e1d3

     6.92%     0.00%  sqgi     [JIT] tid 617624       [.] 0x0000ffff8698c153
            |
            ---0xffff8698c153
               |          
                --2.20%--0xffff8698c190

     5.99%     0.00%  sqgi     [JIT] tid 617624       [.] 0x0000ffff8698f84f
            |
            ---0xffff8698f84f
               |          
                --2.21%--0xffff8698f84f
                          sqjit_a64_helper_member_closure_guard

     5.98%     0.00%  sqgi     [JIT] tid 617624       [.] 0x0000ffff86b933af
            |
            ---0xffff86b933af
               |          
                --2.20%--0xffff86b9341c

     5.98%     0.00%  sqgi     [JIT] tid 617624       [.] 0x0000ffff8698d28f
            |
            ---0xffff8698d28f

     5.68%     0.00%  sqgi     [JIT] tid 617624       [.] 0x0000ffff8698f6d7
            |
            ---0xffff8698f6d7

     5.43%     0.00%  sqgi     [JIT] tid 617624       [.] 0x0000ffff86b94153
            |
            ---0xffff86b94153

     5.36%     0.00%  sqgi     sqgi                   [.] SQTable::_Get (inlined)
            |
            ---SQTable::_Get (inlined)

     5.34%     0.00%  sqgi     [JIT] tid 617624       [.] 0x0000ffff86b9346f
            |
            ---0xffff86b9346f

     5.04%     0.00%  sqgi     [JIT] tid 617624       [.] 0x0000ffff8698f61b
            |
            ---0xffff8698f61b

     5.04%     0.00%  sqgi     [JIT] tid 617624       [.] 0x0000ffff8698f313
            |
            ---0xffff8698f313

     4.42%     0.00%  sqgi     [JIT] tid 617624       [.] 0x0000ffff8698f55f
            |
            ---0xffff8698f55f

     4.40%     0.00%  sqgi     [JIT] tid 617624       [.] 0x0000ffff8698d1d7
            |
            ---0xffff8698d1d7

     4.10%     0.00%  sqgi     [JIT] tid 617624       [.] 0x0000ffff8698f793
            |
            ---0xffff8698f793

     4.10%     0.00%  sqgi     [JIT] tid 617624       [.] 0x0000ffff8698f3e7
            |
            ---0xffff8698f3e7

     4.09%     1.26%  sqgi     sqgi                   [.] sqjit_a64_helper_member_native_closure_guard
            |          
             --2.83%--sqjit_a64_helper_member_native_closure_guard
                       sqjit_a64_helper_member_native_closure_guard
                       sqjit_a64_borrow_member_ptr_value
                       SQTable::GetRawSlot (inlined)

     3.47%     0.00%  sqgi     [JIT] tid 617624       [.] 0x0000ffff86b932ef
            |
            ---0xffff86b932ef

     3.15%     0.00%  sqgi     [JIT] tid 617624       [.] 0x0000ffff8698b1ff
            |
            ---0xffff8698b1ff

     3.14%     0.00%  sqgi     [JIT] tid 617624       [.] 0x0000ffff86b9322f
            |
            ---0xffff86b9322f

     2.53%     0.00%  sqgi     [JIT] tid 617624       [.] 0x0000ffff8698f4a3
            |
            ---0xffff8698f4a3

     2.20%     2.20%  sqgi     [JIT] tid 617624       [.] 0x0000ffff8698c190
            |
            ---0xffff8698c153
               0xffff8698c190

     2.20%     2.20%  sqgi     [JIT] tid 617624       [.] 0x0000ffff86b9341c
            |
            ---0xffff86b933af
               0xffff86b9341c

     2.18%     0.00%  sqgi     sqgi                   [.] HashObj (inlined)
            |
            ---HashObj (inlined)



#
# (Cannot load tips.txt file, please install perf!)
#
