BENCH	direct_call	3200000	0.035140	563347
BENCH	branch_call	3200000	0.032895	599062
BENCH	float_call	3200000	0.021799	8.2204724409448815
BENCH	numeric_loop	3200000	0.022862	612398470
BENCH	vector	160000	0.375544	0.12553851953971693
BENCH	dynamic_member	160000	0.723631	7261462
BENCH	dynamic_key_get_set	160000	0.182194	6566091
BENCH	object_member_write_fallback	160000	0.470375	595919
BENCH	array_append	160000	0.113406	3048687
BENCH	array_write	160000	0.036806	831988
BENCH	array_read	3200000	0.007063	8000000
BENCH	array_float	3200000	0.006768	6400000
BENCH	math_intrinsic	160000	0.208881	2418270.8295144332
BENCH	math_variable	160000	0.220763	313782.39947747899
BENCH	matrix	160000	0.311356	-0.024510798820940455
BENCH	direct_call	3200000	0.035317	563347
BENCH	branch_call	3200000	0.032884	599062
BENCH	float_call	3200000	0.021725	8.2204724409448815
BENCH	numeric_loop	3200000	0.022836	612398470
BENCH	vector	160000	0.379113	0.12553851953971693
BENCH	dynamic_member	160000	0.724569	7261462
BENCH	dynamic_key_get_set	160000	0.182644	6566091
BENCH	object_member_write_fallback	160000	0.472087	595919
BENCH	array_append	160000	0.112775	3048687
BENCH	array_write	160000	0.037775	831988
BENCH	array_read	3200000	0.007086	8000000
BENCH	array_float	3200000	0.006782	6400000
BENCH	math_intrinsic	160000	0.208719	2418270.8295144332
BENCH	math_variable	160000	0.219881	313782.39947747899
BENCH	matrix	160000	0.310675	-0.024510798820940455
BENCH	direct_call	3200000	0.035342	563347
BENCH	branch_call	3200000	0.033268	599062
BENCH	float_call	3200000	0.021741	8.2204724409448815
BENCH	numeric_loop	3200000	0.022858	612398470
BENCH	vector	160000	0.376669	0.12553851953971693
BENCH	dynamic_member	160000	0.734437	7261462
BENCH	dynamic_key_get_set	160000	0.182531	6566091
BENCH	object_member_write_fallback	160000	0.471169	595919
BENCH	array_append	160000	0.108012	3048687
BENCH	array_write	160000	0.036737	831988
BENCH	array_read	3200000	0.007056	8000000
BENCH	array_float	3200000	0.006787	6400000
BENCH	math_intrinsic	160000	0.208638	2418270.8295144332
BENCH	math_variable	160000	0.219619	313782.39947747899
BENCH	matrix	160000	0.311244	-0.024510798820940455
5016.39;msec;task-clock:u;0.05%;5016393769;100.00;1.000;CPUs utilized
11355361842;;cycles:u;0.07%;5016855777;100.00;2.266;GHz
29004769398;;instructions:u;0.00%;5016855777;100.00;2.56;insn per cycle
4090737;;branch-misses:u;8.25%;5016855777;100.00;;
11830122736;;cache-references:u;0.10%;5016855777;100.00;2.361;G/sec
1221669;;cache-misses:u;1.06%;5016855777;100.00;0.010;of all cache refs
10511;;page-faults:u;0.01%;5016393769;100.00;2.097;K/sec
0;;context-switches:u;0.00%;5016393769;100.00;0.000;/sec
