# To display the perf.data header info, please use --header/--header-only options.
#
#
# Total Lost Samples: 0
#
# Samples: 2K of event 'cycles:u'
# Event count (approx.): 11291783590
#
# Children      Self  Command  Shared Object          Symbol                                                                                                                                       
# ........  ........  .......  .....................  .............................................................................................................................................
#
    24.35%     0.00%  sqgi     sqgi                   [.] _start
            |
            ---_start
               __libc_start_main_impl (inlined)
               __libc_start_call_main
               main
               |          
                --24.33%--sq_call
                          SQVM::Execute

    24.35%     0.00%  sqgi     libc.so.6              [.] __libc_start_main_impl (inlined)
            |
            ---__libc_start_main_impl (inlined)
               __libc_start_call_main
               main
               |          
                --24.33%--sq_call
                          SQVM::Execute

    24.35%     0.00%  sqgi     libc.so.6              [.] __libc_start_call_main
            |
            ---__libc_start_call_main
               main
               |          
                --24.33%--sq_call
                          SQVM::Execute

    24.35%     0.00%  sqgi     sqgi                   [.] main
            |
            ---main
               |          
                --24.33%--sq_call
                          SQVM::Execute

    24.33%    20.05%  sqgi     sqgi                   [.] SQVM::Execute
            |          
            |--20.05%--_start
            |          __libc_start_main_impl (inlined)
            |          __libc_start_call_main
            |          main
            |          sq_call
            |          SQVM::Execute
            |          
             --4.27%--SQVM::Execute

    24.33%     0.00%  sqgi     sqgi                   [.] sq_call
            |
            ---sq_call
               SQVM::Execute

    13.62%     0.00%  sqgi     [JIT] tid 617264       [.] 0x0000ffff85097153
            |
            ---0xffff85097153
               |          
               |--2.54%--0xffff850971c0
               |          
               |--2.16%--0xffff85097240
               |          
                --2.04%--0xffff850971d4

    12.78%     0.00%  sqgi     [JIT] tid 617264       [.] 0x0000ffff85096153
            |
            ---0xffff85096153
               |          
               |--2.31%--0xffff85096153
               |          sqjit_a64_helper_member_closure_guard
               |          
                --2.31%--0xffff85096268

     8.41%     0.00%  sqgi     [JIT] tid 617264       [.] 0x0000ffff85095153
            |
            ---0xffff85095153
               |          
                --2.51%--0xffff850951b4

     7.37%     0.00%  sqgi     [JIT] tid 617264       [.] 0x0000ffff85094043
            |
            ---0xffff85094043
               |          
                --2.35%--0xffff85094230

     6.10%     2.71%  sqgi     sqgi                   [.] sqjit_a64_helper_member_closure_guard
            |          
             --3.40%--sqjit_a64_helper_member_closure_guard
                       sqjit_a64_helper_member_closure_guard
                       sqjit_a64_borrow_member_ptr_value
                       |          
                        --2.18%--SQTable::GetRawSlot (inlined)

     6.02%     0.00%  sqgi     [JIT] tid 617264       [.] 0x0000ffff84e3e32b
            |
            ---0xffff84e3e32b

     5.01%     5.01%  sqgi     sqgi                   [.] sqjit_a64_borrow_member_ptr_value
     3.60%     0.00%  sqgi     sqgi                   [.] SQTable::GetRawSlot (inlined)
            |
            ---SQTable::GetRawSlot (inlined)

     2.79%     2.79%  sqgi     [JIT] tid 617264       [.] 0x0000ffff85094230
            |          
             --2.35%--0xffff85094043
                       0xffff85094230

     2.54%     2.54%  sqgi     [JIT] tid 617264       [.] 0x0000ffff850971c0
            |
            ---0xffff85097153
               0xffff850971c0

     2.51%     2.51%  sqgi     [JIT] tid 617264       [.] 0x0000ffff850951b4
            |
            ---0xffff85095153
               0xffff850951b4

     2.46%     0.00%  sqgi     [JIT] tid 617264       [.] 0x0000ffff84e8310f
            |
            ---0xffff84e8310f

     2.38%     1.41%  sqgi     sqgi                   [.] sqjit_number_conversion_guard
     2.31%     2.31%  sqgi     [JIT] tid 617264       [.] 0x0000ffff85096268
            |
            ---0xffff85096153
               0xffff85096268

     2.30%     0.69%  sqgi     sqgi                   [.] sqjit_a64_helper_member_native_closure_guard
     2.16%     2.16%  sqgi     [JIT] tid 617264       [.] 0x0000ffff85097240
            |
            ---0xffff85097153
               0xffff85097240

     2.13%     2.13%  sqgi     sqgi                   [.] SQTable::Get
     2.04%     2.04%  sqgi     [JIT] tid 617264       [.] 0x0000ffff850971d4
            |
            ---0xffff85097153
               0xffff850971d4



#
# (Cannot load tips.txt file, please install perf!)
#
