BENCH	table_events_97	200000	0.421510000	10069540
BENCH	class_events_97	200000	0.408145000	10069540
BENCH	buffers_7	200000	0.432660000	65667
BENCH	buffers_31	200000	0.431850000	651677
BENCH	calibrate_17	200000	0.082975000	1040538.515625
BENCH	calibrate_67	200000	0.083690000	1040417.796875
BENCH	table_events_97	200000	0.419280000	10069540
BENCH	class_events_97	200000	0.410890000	10069540
BENCH	buffers_7	200000	0.431645000	65667
BENCH	buffers_31	200000	0.430365000	651677
BENCH	calibrate_17	200000	0.083265000	1040538.515625
BENCH	calibrate_67	200000	0.084240000	1040417.796875
BENCH	table_events_97	200000	0.412860000	10069540
BENCH	class_events_97	200000	0.408310000	10069540
BENCH	buffers_7	200000	0.432870000	65667
BENCH	buffers_31	200000	0.432330000	651677
BENCH	calibrate_17	200000	0.082995000	1040538.515625
BENCH	calibrate_67	200000	0.084340000	1040417.796875
2618.02;msec;task-clock:u;0.12%;2618024488;100.00;0.994;CPUs utilized
5944504228;;cycles:u;0.16%;2618323745;100.00;2.265;GHz
17364728058;;instructions:u;0.00%;2618323745;100.00;2.91;insn per cycle
3354517;;branch-misses:u;0.19%;2618323745;100.00;;
7152713939;;cache-references:u;0.02%;2618323745;100.00;2.725;G/sec
5666740;;cache-misses:u;0.66%;2618323745;100.00;0.079;of all cache refs
810;;page-faults:u;0.04%;2618024488;100.00;308.629;/sec
0;;context-switches:u;0.00%;2618024488;100.00;0.000;/sec
