# To display the perf.data header info, please use --header/--header-only options.
#
#
# Total Lost Samples: 0
#
# Samples: 1K of event 'cycles:u'
# Event count (approx.): 5941634785
#
# Children      Self  Command  Shared Object          Symbol                                         
# ........  ........  .......  .....................  ...............................................
#
    79.56%     0.00%  sqgi     sqgi                   [.] _start
            |
            ---_start
               __libc_start_main_impl (inlined)
               __libc_start_call_main
               main
               |          
                --79.48%--sq_call
                          SQVM::Execute
                          |          
                          |--6.76%--sq_member_cache_hit (inlined)
                          |          |          
                          |           --4.68%--SQTable::GetCachedSlot (inlined)
                          |          
                          |--6.27%--sqjit_try_execute_current
                          |          |          
                          |           --2.53%--SQVM::Return
                          |          
                          |--5.30%--SQObjectPtr::operator= (inlined)
                          |          
                          |--4.00%--SQVM::Get
                          |          |          
                          |           --2.69%--SQTable::Get
                          |          
                          |--2.77%--sqjit_try_execute_current_loop
                          |          
                          |--2.76%--SQVM::CMP_OP
                          |          
                          |--2.76%--SQArray::Get (inlined)
                          |          |          
                          |           --2.45%--SQArray::Get (inlined)
                          |          
                           --2.15%--sq_member_raw_slot (inlined)
                                     SQTable::GetRawSlot (inlined)

    79.56%     0.00%  sqgi     libc.so.6              [.] __libc_start_main_impl (inlined)
            |
            ---__libc_start_main_impl (inlined)
               __libc_start_call_main
               main
               |          
                --79.48%--sq_call
                          SQVM::Execute
                          |          
                          |--6.76%--sq_member_cache_hit (inlined)
                          |          |          
                          |           --4.68%--SQTable::GetCachedSlot (inlined)
                          |          
                          |--6.27%--sqjit_try_execute_current
                          |          |          
                          |           --2.53%--SQVM::Return
                          |          
                          |--5.30%--SQObjectPtr::operator= (inlined)
                          |          
                          |--4.00%--SQVM::Get
                          |          |          
                          |           --2.69%--SQTable::Get
                          |          
                          |--2.77%--sqjit_try_execute_current_loop
                          |          
                          |--2.76%--SQVM::CMP_OP
                          |          
                          |--2.76%--SQArray::Get (inlined)
                          |          |          
                          |           --2.45%--SQArray::Get (inlined)
                          |          
                           --2.15%--sq_member_raw_slot (inlined)
                                     SQTable::GetRawSlot (inlined)

    79.56%     0.00%  sqgi     libc.so.6              [.] __libc_start_call_main
            |
            ---__libc_start_call_main
               main
               |          
                --79.48%--sq_call
                          SQVM::Execute
                          |          
                          |--6.76%--sq_member_cache_hit (inlined)
                          |          |          
                          |           --4.68%--SQTable::GetCachedSlot (inlined)
                          |          
                          |--6.27%--sqjit_try_execute_current
                          |          |          
                          |           --2.53%--SQVM::Return
                          |          
                          |--5.30%--SQObjectPtr::operator= (inlined)
                          |          
                          |--4.00%--SQVM::Get
                          |          |          
                          |           --2.69%--SQTable::Get
                          |          
                          |--2.77%--sqjit_try_execute_current_loop
                          |          
                          |--2.76%--SQVM::CMP_OP
                          |          
                          |--2.76%--SQArray::Get (inlined)
                          |          |          
                          |           --2.45%--SQArray::Get (inlined)
                          |          
                           --2.15%--sq_member_raw_slot (inlined)
                                     SQTable::GetRawSlot (inlined)

    79.56%     0.00%  sqgi     sqgi                   [.] main
            |
            ---main
               |          
                --79.48%--sq_call
                          SQVM::Execute
                          |          
                          |--6.76%--sq_member_cache_hit (inlined)
                          |          |          
                          |           --4.68%--SQTable::GetCachedSlot (inlined)
                          |          
                          |--6.27%--sqjit_try_execute_current
                          |          |          
                          |           --2.53%--SQVM::Return
                          |          
                          |--5.30%--SQObjectPtr::operator= (inlined)
                          |          
                          |--4.00%--SQVM::Get
                          |          |          
                          |           --2.69%--SQTable::Get
                          |          
                          |--2.77%--sqjit_try_execute_current_loop
                          |          
                          |--2.76%--SQVM::CMP_OP
                          |          
                          |--2.76%--SQArray::Get (inlined)
                          |          |          
                          |           --2.45%--SQArray::Get (inlined)
                          |          
                           --2.15%--sq_member_raw_slot (inlined)
                                     SQTable::GetRawSlot (inlined)

    79.48%    58.33%  sqgi     sqgi                   [.] SQVM::Execute
            |          
            |--58.33%--_start
            |          __libc_start_main_impl (inlined)
            |          __libc_start_call_main
            |          main
            |          sq_call
            |          SQVM::Execute
            |          |          
            |          |--6.53%--sq_member_cache_hit (inlined)
            |          |          |          
            |          |           --4.68%--SQTable::GetCachedSlot (inlined)
            |          |          
            |          |--5.30%--SQObjectPtr::operator= (inlined)
            |          |          
            |          |--2.76%--SQArray::Get (inlined)
            |          |          |          
            |          |           --2.45%--SQArray::Get (inlined)
            |          |          
            |           --2.15%--sq_member_raw_slot (inlined)
            |                     SQTable::GetRawSlot (inlined)
            |          
             --21.15%--SQVM::Execute
                       |          
                       |--6.27%--sqjit_try_execute_current
                       |          |          
                       |           --2.53%--SQVM::Return
                       |          
                       |--4.00%--SQVM::Get
                       |          |          
                       |           --2.69%--SQTable::Get
                       |          
                       |--2.77%--sqjit_try_execute_current_loop
                       |          
                        --2.76%--SQVM::CMP_OP

    79.48%     0.00%  sqgi     sqgi                   [.] sq_call
            |
            ---sq_call
               SQVM::Execute
               |          
               |--6.76%--sq_member_cache_hit (inlined)
               |          |          
               |           --4.68%--SQTable::GetCachedSlot (inlined)
               |          
               |--6.27%--sqjit_try_execute_current
               |          |          
               |           --2.53%--SQVM::Return
               |          
               |--5.30%--SQObjectPtr::operator= (inlined)
               |          
               |--4.00%--SQVM::Get
               |          |          
               |           --2.69%--SQTable::Get
               |          
               |--2.77%--sqjit_try_execute_current_loop
               |          
               |--2.76%--SQVM::CMP_OP
               |          
               |--2.76%--SQArray::Get (inlined)
               |          |          
               |           --2.45%--SQArray::Get (inlined)
               |          
                --2.15%--sq_member_raw_slot (inlined)
                          SQTable::GetRawSlot (inlined)

     6.76%     0.00%  sqgi     sqgi                   [.] sq_member_cache_hit (inlined)
            |
            ---sq_member_cache_hit (inlined)
               |          
                --4.68%--SQTable::GetCachedSlot (inlined)

     6.75%     0.00%  sqgi     sqgi                   [.] SQObjectPtr::operator= (inlined)
            |
            ---SQObjectPtr::operator= (inlined)

     6.58%     2.67%  sqgi     sqgi                   [.] sqjit_try_execute_current
            |          
            |--3.91%--sqjit_try_execute_current
            |          |          
            |           --2.53%--SQVM::Return
            |          
             --2.67%--_start
                       __libc_start_main_impl (inlined)
                       __libc_start_call_main
                       main
                       sq_call
                       SQVM::Execute
                       sqjit_try_execute_current

     4.68%     0.00%  sqgi     sqgi                   [.] SQTable::GetCachedSlot (inlined)
            |
            ---SQTable::GetCachedSlot (inlined)

     4.30%     4.30%  sqgi     sqgi                   [.] SQTable::Get
            |          
             --2.77%--_start
                       __libc_start_main_impl (inlined)
                       __libc_start_call_main
                       main
                       sq_call
                       SQVM::Execute
                       SQVM::Get
                       |          
                        --2.69%--SQTable::Get

     4.07%     0.00%  sqgi     [JIT] tid 617387       [.] 0x0000ffff9cdd342f
            |
            ---0xffff9cdd342f

     4.00%     0.61%  sqgi     sqgi                   [.] SQVM::Get
            |          
             --3.38%--SQVM::Get
                       |          
                        --2.69%--SQTable::Get

     3.83%     3.83%  sqgi     sqgi                   [.] sqjit_a64_precise_step<(SQOpcode)14, false>
            |          
             --2.23%--0xffff9cdd4157
                       0xffff9cdd4157
                       sqjit_a64_precise_step<(SQOpcode)14, false>

     3.45%     1.92%  sqgi     sqgi                   [.] sqjit_number_conversion_guard
     3.18%     0.00%  sqgi     [JIT] tid 617387       [.] 0x0000ffff9cdd54c7
            |
            ---0xffff9cdd54c7

     3.07%     0.00%  sqgi     [JIT] tid 617387       [.] 0x0000ffff9cdd4157
            |
            ---0xffff9cdd4157
               |          
                --2.23%--0xffff9cdd4157
                          sqjit_a64_precise_step<(SQOpcode)14, false>

     2.77%     2.30%  sqgi     sqgi                   [.] sqjit_try_execute_current_loop
            |          
             --2.30%--_start
                       __libc_start_main_impl (inlined)
                       __libc_start_call_main
                       main
                       sq_call
                       SQVM::Execute
                       sqjit_try_execute_current_loop

     2.76%     0.84%  sqgi     sqgi                   [.] SQVM::CMP_OP
     2.76%     0.00%  sqgi     sqgi                   [.] SQArray::Get (inlined)
            |
            ---SQArray::Get (inlined)
               |          
                --2.45%--SQArray::Get (inlined)

     2.53%     1.46%  sqgi     sqgi                   [.] SQVM::Return
     2.52%     2.52%  sqgi     sqgi                   [.] sqjit_a64_precise_step<(SQOpcode)9, true>
     2.15%     0.00%  sqgi     sqgi                   [.] sq_member_raw_slot (inlined)
            |
            ---sq_member_raw_slot (inlined)
               SQTable::GetRawSlot (inlined)

     2.15%     0.00%  sqgi     sqgi                   [.] SQTable::GetRawSlot (inlined)
            |
            ---SQTable::GetRawSlot (inlined)

     2.07%     0.00%  sqgi     [JIT] tid 617387       [.] 0x0000ffff9cdd3303
            |
            ---0xffff9cdd3303
               0xffff9cdd3303
               sqjit_number_conversion_guard

     2.06%     0.00%  sqgi     [JIT] tid 617387       [.] 0x0000ffff9cdd5157
            |
            ---0xffff9cdd5157



#
# (Cannot load tips.txt file, please install perf!)
#
