BENCH	transfer_table	200000	0.430645000	141925
BENCH	transfer_class	200000	0.438450000	141925
BENCH	transfer_mixed	200000	0.441555000	141925
BENCH	publish_table	200000	0.393440000	410680
BENCH	publish_class	200000	0.395710000	410680
BENCH	publish_mixed	200000	0.400715000	410680
BENCH	transfer_table	200000	0.433155000	141925
BENCH	transfer_class	200000	0.441750000	141925
BENCH	transfer_mixed	200000	0.444230000	141925
BENCH	publish_table	200000	0.393755000	410680
BENCH	publish_class	200000	0.398205000	410680
BENCH	publish_mixed	200000	0.402275000	410680
BENCH	transfer_table	200000	0.432580000	141925
BENCH	transfer_class	200000	0.441475000	141925
BENCH	transfer_mixed	200000	0.443065000	141925
BENCH	publish_table	200000	0.392790000	410680
BENCH	publish_class	200000	0.396500000	410680
BENCH	publish_mixed	200000	0.401120000	410680
3540.68;msec;task-clock:u;0.11%;3540681867;100.00;0.999;CPUs utilized
8040657040;;cycles:u;0.13%;3541030695;100.00;2.273;GHz
23316785971;;instructions:u;0.00%;3541030695;100.00;2.90;insn per cycle
1648750;;branch-misses:u;0.31%;3541030695;100.00;;
9600927474;;cache-references:u;0.00%;3541030695;100.00;2.714;G/sec
329292;;cache-misses:u;34.26%;3541030695;100.00;0.003;of all cache refs
796;;page-faults:u;0.11%;3540681867;100.00;224.974;/sec
0;;context-switches:u;0.00%;3540681867;100.00;0.000;/sec
