BENCH	table_owners_1	200000	0.142045000	5098276961
BENCH	table_owners_2	200000	0.141965000	5098477602
BENCH	table_owners_5	200000	0.141580000	5097878556
BENCH	table_owners_19	200000	0.142010000	5098684496
BENCH	table_owners_257	200000	0.141980000	5100408060
BENCH	class_owners_1	200000	0.141795000	5098276961
BENCH	class_owners_2	200000	0.141935000	5098477602
BENCH	class_owners_5	200000	0.141595000	5097878556
BENCH	class_owners_19	200000	0.141525000	5098684496
BENCH	class_owners_257	200000	0.141875000	5100408060
BENCH	table_owners_1	200000	0.142045000	5098276961
BENCH	table_owners_2	200000	0.141535000	5098477602
BENCH	table_owners_5	200000	0.141575000	5097878556
BENCH	table_owners_19	200000	0.141545000	5098684496
BENCH	table_owners_257	200000	0.141850000	5100408060
BENCH	class_owners_1	200000	0.141615000	5098276961
BENCH	class_owners_2	200000	0.141845000	5098477602
BENCH	class_owners_5	200000	0.141810000	5097878556
BENCH	class_owners_19	200000	0.142400000	5098684496
BENCH	class_owners_257	200000	0.142765000	5100408060
BENCH	table_owners_1	200000	0.141860000	5098276961
BENCH	table_owners_2	200000	0.141815000	5098477602
BENCH	table_owners_5	200000	0.141855000	5097878556
BENCH	table_owners_19	200000	0.141770000	5098684496
BENCH	table_owners_257	200000	0.142120000	5100408060
BENCH	class_owners_1	200000	0.142005000	5098276961
BENCH	class_owners_2	200000	0.142050000	5098477602
BENCH	class_owners_5	200000	0.142320000	5097878556
BENCH	class_owners_19	200000	0.142310000	5098684496
BENCH	class_owners_257	200000	0.142715000	5100408060
2005.49;msec;task-clock:u;0.05%;2005487744;100.00;0.997;CPUs utilized
4558764729;;cycles:u;0.04%;2005634162;100.00;2.271;GHz
13468193257;;instructions:u;0.00%;2005634162;100.00;2.96;insn per cycle
142830;;branch-misses:u;0.48%;2005634162;100.00;;
5275006859;;cache-references:u;0.00%;2005634162;100.00;2.628;G/sec
387326;;cache-misses:u;13.20%;2005634162;100.00;0.007;of all cache refs
786;;page-faults:u;0.04%;2005487744;100.00;391.612;/sec
0;;context-switches:u;0.00%;2005487744;100.00;0.000;/sec
