# To display the perf.data header info, please use --header/--header-only options.
#
#
# Total Lost Samples: 0
#
# Samples: 222  of event 'cycles:u'
# Event count (approx.): 883208383
#
# Children      Self  Command  Shared Object                 Symbol                                                                                                                                                         
# ........  ........  .......  ............................  ...............................................................................................................................................................
#
    29.59%    12.86%  sqgi     sqgi                          [.] SQJitWriteLog::RecordMember
            |          
            |--16.73%--SQJitWriteLog::RecordMember
            |          |          
            |           --15.70%--SQJitWriteLog::CanRelease
            |          
            |--5.68%--0xffff97914207
            |          0xffff97914207
            |          sqjit_a64_helper_member_set_reference_logged
            |          sqjit_a64_helper_member_set_reference_logged
            |          SQJitWriteLog::RecordMember
            |          |          
            |           --4.65%--SQJitWriteLog::ContainsMember<true> (inlined)
            |                     |          
            |                      --3.10%--SQJitWriteLog::ContainsMember<true>(SQObjectPtr const&, SQObjectPtr const&, SQObjectPtr const&) const::{lambda(SQJitWriteLog::Entry const&)#1}::operator() (inlined)
            |          
            |--3.10%--0xffff979131d7
            |          0xffff979131d7
            |          sqjit_a64_helper_member_set_integer_logged
            |          sqjit_a64_helper_member_set_integer_logged
            |          SQJitWriteLog::RecordMember
            |          |          
            |           --2.58%--SQJitWriteLog::ContainsMember<false> (inlined)
            |                     |          
            |                      --2.07%--SQJitWriteLog::ContainsMember<false>(SQObjectPtr const&, SQObjectPtr const&, SQObjectPtr const&) const::{lambda(SQJitWriteLog::Entry const&)#1}::operator() (inlined)
            |          
            |--2.04%--0xffff979151f3
            |          0xffff979151f3
            |          sqjit_a64_helper_member_set_integer_logged
            |          sqjit_a64_helper_member_set_integer_logged
            |          SQJitWriteLog::RecordMember
            |          
             --2.03%--0xffff9791621f
                       0xffff9791621f
                       sqjit_a64_helper_instance_field_set_integer_logged
                       sqjit_a64_helper_instance_field_set_integer_logged
                       SQJitWriteLog::RecordMember

    27.32%     9.81%  sqgi     sqgi                          [.] sqjit_a64_helper_member_set_integer_logged
            |          
            |--17.51%--sqjit_a64_helper_member_set_integer_logged
            |          |          
            |          |--11.34%--sqjit_a64_helper_member_set_integer_logged
            |          |          SQJitWriteLog::RecordMember
            |          |          |          
            |          |          |--6.20%--SQJitWriteLog::CanRelease
            |          |          |          
            |          |           --3.09%--SQJitWriteLog::ContainsMember<false> (inlined)
            |          |                     |          
            |          |                      --2.07%--SQJitWriteLog::ContainsMember<false>(SQObjectPtr const&, SQObjectPtr const&, SQObjectPtr const&) const::{lambda(SQJitWriteLog::Entry const&)#1}::operator() (inlined)
            |          |          
            |           --5.66%--sqjit_a64_member_store_slot (inlined)
            |                     sqjit_a64_member_store_slot (inlined)
            |                     sqjit_a64_helper_member_set_integer_logged
            |                     sqjit_a64_resolve_root_store_slot
            |                     |          
            |                      --3.08%--SQTable::GetRawSlot (inlined)
            |                                |          
            |                                 --2.58%--SQTable::_Get (inlined)
            |          
            |--5.17%--0xffff979131d7
            |          0xffff979131d7
            |          sqjit_a64_helper_member_set_integer_logged
            |          |          
            |           --3.62%--sqjit_a64_member_store_slot (inlined)
            |                     |          
            |                      --3.10%--sqjit_a64_member_store_slot (inlined)
            |                                sqjit_a64_resolve_store_slot (inlined)
            |                                |          
            |                                 --2.59%--sq_member_raw_slot (inlined)
            |                                           SQTable::GetRawSlot (inlined)
            |                                           |          
            |                                            --2.07%--SQTable::_Get (inlined)
            |          
             --4.64%--0xffff979151f3
                       0xffff979151f3
                       sqjit_a64_helper_member_set_integer_logged

    21.69%     0.00%  sqgi     [JIT] tid 617363              [.] 0x0000ffff97914207
            |
            ---0xffff97914207
               |          
                --18.07%--0xffff97914207
                          sqjit_a64_helper_member_set_reference_logged
                          |          
                          |--10.32%--sqjit_a64_helper_member_set_reference_logged
                          |          SQJitWriteLog::RecordMember
                          |          |          
                          |          |--5.68%--SQJitWriteLog::ContainsMember<true> (inlined)
                          |          |          |          
                          |          |           --3.10%--SQJitWriteLog::ContainsMember<true>(SQObjectPtr const&, SQObjectPtr const&, SQObjectPtr const&) const::{lambda(SQJitWriteLog::Entry const&)#1}::operator() (inlined)
                          |          |          
                          |           --3.61%--SQJitWriteLog::CanRelease
                          |          
                           --4.65%--sqjit_a64_member_store_slot (inlined)
                                     sqjit_a64_member_store_slot (inlined)
                                     |          
                                      --3.62%--sqjit_a64_resolve_store_slot (inlined)
                                                sq_member_raw_slot (inlined)
                                                SQTable::GetRawSlot (inlined)
                                                |          
                                                 --2.07%--SQTable::_Get (inlined)

    18.08%     0.00%  sqgi     [JIT] tid 617363              [.] 0x0000ffff979131d7
            |
            ---0xffff979131d7
               |          
                --15.50%--0xffff979131d7
                          sqjit_a64_helper_member_set_integer_logged
                          |          
                          |--7.23%--sqjit_a64_member_store_slot (inlined)
                          |          |          
                          |           --6.71%--sqjit_a64_member_store_slot (inlined)
                          |                     |          
                          |                     |--3.61%--sqjit_a64_helper_member_set_integer_logged
                          |                     |          sqjit_a64_resolve_root_store_slot
                          |                     |          |          
                          |                     |           --2.06%--SQTable::GetRawSlot (inlined)
                          |                     |                     SQTable::_Get (inlined)
                          |                     |          
                          |                      --3.10%--sqjit_a64_resolve_store_slot (inlined)
                          |                                |          
                          |                                 --2.59%--sq_member_raw_slot (inlined)
                          |                                           SQTable::GetRawSlot (inlined)
                          |                                           |          
                          |                                            --2.07%--SQTable::_Get (inlined)
                          |          
                           --6.72%--sqjit_a64_helper_member_set_integer_logged
                                     SQJitWriteLog::RecordMember
                                     |          
                                     |--3.62%--SQJitWriteLog::CanRelease
                                     |          
                                      --2.58%--SQJitWriteLog::ContainsMember<false> (inlined)
                                                |          
                                                 --2.07%--SQJitWriteLog::ContainsMember<false>(SQObjectPtr const&, SQObjectPtr const&, SQObjectPtr const&) const::{lambda(SQJitWriteLog::Entry const&)#1}::operator() (inlined)

    18.07%     6.20%  sqgi     sqgi                          [.] sqjit_a64_helper_member_set_reference_logged
            |          
            |--11.87%--sqjit_a64_helper_member_set_reference_logged
            |          |          
            |           --10.32%--sqjit_a64_helper_member_set_reference_logged
            |                     SQJitWriteLog::RecordMember
            |                     |          
            |                     |--5.68%--SQJitWriteLog::ContainsMember<true> (inlined)
            |                     |          |          
            |                     |           --3.10%--SQJitWriteLog::ContainsMember<true>(SQObjectPtr const&, SQObjectPtr const&, SQObjectPtr const&) const::{lambda(SQJitWriteLog::Entry const&)#1}::operator() (inlined)
            |                     |          
            |                      --3.61%--SQJitWriteLog::CanRelease
            |          
             --6.20%--0xffff97914207
                       0xffff97914207
                       sqjit_a64_helper_member_set_reference_logged
                       |          
                        --3.62%--sqjit_a64_member_store_slot (inlined)
                                  sqjit_a64_member_store_slot (inlined)
                                  sqjit_a64_resolve_store_slot (inlined)
                                  sq_member_raw_slot (inlined)
                                  SQTable::GetRawSlot (inlined)
                                  |          
                                   --2.07%--SQTable::_Get (inlined)

    17.89%     5.51%  sqgi     sqgi                          [.] sqjit_a64_helper_member_closure_guard
            |          
            |--12.39%--sqjit_a64_helper_member_closure_guard
            |          sqjit_a64_helper_member_closure_guard
            |          sqjit_a64_borrow_member_ptr_value
            |          |          
            |           --8.25%--SQTable::GetRawSlot (inlined)
            |                     |          
            |                      --6.19%--SQTable::_Get (inlined)
            |          
             --2.06%--0xffff97915167
                       0xffff97915167
                       sqjit_a64_helper_member_closure_guard

    15.70%    15.70%  sqgi     sqgi                          [.] SQJitWriteLog::CanRelease
            |          
            |--5.89%--0xffff9791621f
            |          0xffff9791621f
            |          sqjit_a64_helper_instance_field_set_integer_logged
            |          sqjit_a64_helper_instance_field_set_integer_logged
            |          SQJitWriteLog::RecordMember
            |          SQJitWriteLog::CanRelease
            |          
            |--3.62%--0xffff979131d7
            |          0xffff979131d7
            |          sqjit_a64_helper_member_set_integer_logged
            |          sqjit_a64_helper_member_set_integer_logged
            |          SQJitWriteLog::RecordMember
            |          SQJitWriteLog::CanRelease
            |          
            |--3.61%--0xffff97914207
            |          0xffff97914207
            |          sqjit_a64_helper_member_set_reference_logged
            |          sqjit_a64_helper_member_set_reference_logged
            |          SQJitWriteLog::RecordMember
            |          SQJitWriteLog::CanRelease
            |          
             --2.58%--0xffff979151f3
                       0xffff979151f3
                       sqjit_a64_helper_member_set_integer_logged
                       sqjit_a64_helper_member_set_integer_logged
                       SQJitWriteLog::RecordMember
                       SQJitWriteLog::CanRelease

    13.88%     0.00%  sqgi     [JIT] tid 617363              [.] 0x0000ffff979151f3
            |
            ---0xffff979151f3
               |          
                --11.82%--0xffff979151f3
                          sqjit_a64_helper_member_set_integer_logged
                          |          
                          |--4.62%--sqjit_a64_helper_member_set_integer_logged
                          |          SQJitWriteLog::RecordMember
                          |          |          
                          |           --2.58%--SQJitWriteLog::CanRelease
                          |          
                           --3.61%--sqjit_a64_member_store_slot (inlined)
                                     sqjit_a64_member_store_slot (inlined)
                                     |          
                                      --2.05%--sqjit_a64_helper_member_set_integer_logged
                                                sqjit_a64_resolve_root_store_slot

    12.80%     0.00%  sqgi     [JIT] tid 617363              [.] 0x0000ffff9791621f
            |
            ---0xffff9791621f
               |          
                --12.30%--0xffff9791621f
                          sqjit_a64_helper_instance_field_set_integer_logged
                          |          
                           --7.93%--sqjit_a64_helper_instance_field_set_integer_logged
                                     SQJitWriteLog::RecordMember
                                     |          
                                      --5.89%--SQJitWriteLog::CanRelease

    12.39%    12.39%  sqgi     sqgi                          [.] sqjit_a64_borrow_member_ptr_value
            |          
            |--4.13%--0xffff97915167
            |          0xffff97915167
            |          sqjit_a64_helper_member_closure_guard
            |          sqjit_a64_helper_member_closure_guard
            |          sqjit_a64_borrow_member_ptr_value
            |          |          
            |           --2.07%--SQTable::GetRawSlot (inlined)
            |          
            |--3.10%--0xffff97916167
            |          0xffff97916167
            |          sqjit_a64_helper_member_closure_guard
            |          sqjit_a64_helper_member_closure_guard
            |          sqjit_a64_borrow_member_ptr_value
            |          |          
            |           --2.07%--SQTable::GetRawSlot (inlined)
            |          
            |--3.09%--0xffff9791414b
            |          0xffff9791414b
            |          sqjit_a64_helper_member_closure_guard
            |          sqjit_a64_helper_member_closure_guard
            |          sqjit_a64_borrow_member_ptr_value
            |          |          
            |           --2.58%--SQTable::GetRawSlot (inlined)
            |          
             --2.06%--0xffff9791314b
                       0xffff9791314b
                       sqjit_a64_helper_member_closure_guard
                       sqjit_a64_helper_member_closure_guard
                       sqjit_a64_borrow_member_ptr_value

    12.30%     4.37%  sqgi     sqgi                          [.] sqjit_a64_helper_instance_field_set_integer_logged
            |          
            |--7.93%--sqjit_a64_helper_instance_field_set_integer_logged
            |          sqjit_a64_helper_instance_field_set_integer_logged
            |          SQJitWriteLog::RecordMember
            |          |          
            |           --5.89%--SQJitWriteLog::CanRelease
            |          
             --4.37%--0xffff9791621f
                       0xffff9791621f
                       sqjit_a64_helper_instance_field_set_integer_logged

    10.83%     0.00%  sqgi     sqgi                          [.] sqjit_a64_member_store_slot (inlined)
            |
            ---sqjit_a64_member_store_slot (inlined)
               |          
                --10.32%--sqjit_a64_member_store_slot (inlined)
                          |          
                          |--5.66%--sqjit_a64_helper_member_set_integer_logged
                          |          sqjit_a64_resolve_root_store_slot
                          |          |          
                          |           --3.08%--SQTable::GetRawSlot (inlined)
                          |                     |          
                          |                      --2.58%--SQTable::_Get (inlined)
                          |          
                           --4.65%--sqjit_a64_resolve_store_slot (inlined)
                                     |          
                                      --3.62%--sq_member_raw_slot (inlined)
                                                SQTable::GetRawSlot (inlined)
                                                |          
                                                 --3.10%--SQTable::_Get (inlined)

     9.29%     0.00%  sqgi     [JIT] tid 617363              [.] 0x0000ffff97915167
            |
            ---0xffff97915167
               |          
               |--6.20%--0xffff97915167
               |          sqjit_a64_helper_member_closure_guard
               |          |          
               |           --4.13%--sqjit_a64_helper_member_closure_guard
               |                     sqjit_a64_borrow_member_ptr_value
               |                     |          
               |                      --2.07%--SQTable::GetRawSlot (inlined)
               |          
                --2.58%--0xffff979151d8

     8.78%     0.00%  sqgi     [JIT] tid 617363              [.] 0x0000ffff9791414b
            |
            ---0xffff9791414b
               |          
                --4.65%--0xffff9791414b
                          sqjit_a64_helper_member_closure_guard
                          |          
                           --3.09%--sqjit_a64_helper_member_closure_guard
                                     sqjit_a64_borrow_member_ptr_value
                                     |          
                                      --2.58%--SQTable::GetRawSlot (inlined)

     8.25%     0.00%  sqgi     sqgi                          [.] SQTable::GetRawSlot (inlined)
            |
            ---SQTable::GetRawSlot (inlined)
               |          
                --6.19%--SQTable::_Get (inlined)

     6.77%     0.00%  sqgi     [JIT] tid 617363              [.] 0x0000ffff97916167
            |
            ---0xffff97916167
               |          
                --4.47%--0xffff97916167
                          sqjit_a64_helper_member_closure_guard
                          |          
                           --3.10%--sqjit_a64_helper_member_closure_guard
                                     sqjit_a64_borrow_member_ptr_value
                                     |          
                                      --2.07%--SQTable::GetRawSlot (inlined)

     6.70%     6.70%  sqgi     sqgi                          [.] sqjit_a64_resolve_root_store_slot
            |          
            |--3.61%--0xffff979131d7
            |          0xffff979131d7
            |          sqjit_a64_helper_member_set_integer_logged
            |          sqjit_a64_member_store_slot (inlined)
            |          sqjit_a64_member_store_slot (inlined)
            |          sqjit_a64_helper_member_set_integer_logged
            |          sqjit_a64_resolve_root_store_slot
            |          |          
            |           --2.06%--SQTable::GetRawSlot (inlined)
            |                     SQTable::_Get (inlined)
            |          
             --2.05%--0xffff979151f3
                       0xffff979151f3
                       sqjit_a64_helper_member_set_integer_logged
                       sqjit_a64_member_store_slot (inlined)
                       sqjit_a64_member_store_slot (inlined)
                       sqjit_a64_helper_member_set_integer_logged
                       sqjit_a64_resolve_root_store_slot

     6.19%     0.00%  sqgi     sqgi                          [.] SQTable::_Get (inlined)
            |
            ---SQTable::_Get (inlined)

     5.68%     0.00%  sqgi     sqgi                          [.] SQJitWriteLog::ContainsMember<true> (inlined)
            |
            ---SQJitWriteLog::ContainsMember<true> (inlined)
               |          
                --3.10%--SQJitWriteLog::ContainsMember<true>(SQObjectPtr const&, SQObjectPtr const&, SQObjectPtr const&) const::{lambda(SQJitWriteLog::Entry const&)#1}::operator() (inlined)

     5.68%     0.00%  sqgi     [JIT] tid 617363              [.] 0x0000ffff9791314b
            |
            ---0xffff9791314b
               |          
               |--2.58%--0xffff9791314b
               |          sqjit_a64_helper_member_closure_guard
               |          |          
               |           --2.06%--sqjit_a64_helper_member_closure_guard
               |                     sqjit_a64_borrow_member_ptr_value
               |          
                --2.07%--0xffff97913190

     4.65%     0.00%  sqgi     sqgi                          [.] sqjit_a64_resolve_store_slot (inlined)
            |
            ---sqjit_a64_resolve_store_slot (inlined)
               |          
                --3.62%--sq_member_raw_slot (inlined)
                          SQTable::GetRawSlot (inlined)
                          |          
                           --3.10%--SQTable::_Get (inlined)

     4.65%     0.00%  sqgi     sqgi                          [.] sqjit_a64_member_store_slot (inlined)
            |
            ---sqjit_a64_member_store_slot (inlined)
               sqjit_a64_member_store_slot (inlined)
               |          
                --3.62%--sqjit_a64_resolve_store_slot (inlined)
                          sq_member_raw_slot (inlined)
                          SQTable::GetRawSlot (inlined)
                          |          
                           --2.07%--SQTable::_Get (inlined)

     4.64%     0.00%  sqgi     sqgi                          [.] SQJitWriteLog::ContainsMember<false> (inlined)
            |
            ---SQJitWriteLog::ContainsMember<false> (inlined)
               |          
                --3.10%--SQJitWriteLog::ContainsMember<false>(SQObjectPtr const&, SQObjectPtr const&, SQObjectPtr const&) const::{lambda(SQJitWriteLog::Entry const&)#1}::operator() (inlined)

     3.62%     0.00%  sqgi     sqgi                          [.] sq_member_raw_slot (inlined)
            |
            ---sq_member_raw_slot (inlined)
               SQTable::GetRawSlot (inlined)
               |          
                --3.10%--SQTable::_Get (inlined)

     3.62%     0.00%  sqgi     sqgi                          [.] SQTable::GetRawSlot (inlined)
            |
            ---SQTable::GetRawSlot (inlined)
               |          
                --3.10%--SQTable::_Get (inlined)

     3.62%     0.00%  sqgi     sqgi                          [.] sqjit_a64_resolve_store_slot (inlined)
            |
            ---sqjit_a64_resolve_store_slot (inlined)
               sq_member_raw_slot (inlined)
               SQTable::GetRawSlot (inlined)
               |          
                --2.07%--SQTable::_Get (inlined)

     3.62%     0.00%  sqgi     sqgi                          [.] sq_member_raw_slot (inlined)
            |
            ---sq_member_raw_slot (inlined)
               SQTable::GetRawSlot (inlined)
               |          
                --2.07%--SQTable::_Get (inlined)

     3.62%     0.00%  sqgi     sqgi                          [.] SQTable::GetRawSlot (inlined)
            |
            ---SQTable::GetRawSlot (inlined)
               |          
                --2.07%--SQTable::_Get (inlined)

     3.60%     0.00%  sqgi     sqgi                          [.] SQTable::GetRawSlot (inlined)
            |
            ---SQTable::GetRawSlot (inlined)
               |          
                --2.58%--SQTable::_Get (inlined)

     3.10%     0.00%  sqgi     sqgi                          [.] SQTable::_Get (inlined)
            |
            ---SQTable::_Get (inlined)

     3.10%     0.00%  sqgi     sqgi                          [.] SQJitWriteLog::ContainsMember<false>(SQObjectPtr const&, SQObjectPtr const&, SQObjectPtr const&) const::{lambda(SQJitWriteLog::Entry const&)#1}::operator() (inlined)
            |
            ---SQJitWriteLog::ContainsMember<false>(SQObjectPtr const&, SQObjectPtr const&, SQObjectPtr const&) const::{lambda(SQJitWriteLog::Entry const&)#1}::operator() (inlined)

     3.10%     0.00%  sqgi     sqgi                          [.] SQJitWriteLog::ContainsMember<true>(SQObjectPtr const&, SQObjectPtr const&, SQObjectPtr const&) const::{lambda(SQJitWriteLog::Entry const&)#1}::operator() (inlined)
            |
            ---SQJitWriteLog::ContainsMember<true>(SQObjectPtr const&, SQObjectPtr const&, SQObjectPtr const&) const::{lambda(SQJitWriteLog::Entry const&)#1}::operator() (inlined)

     2.58%     0.00%  sqgi     sqgi                          [.] SQTable::_Get (inlined)
            |
            ---SQTable::_Get (inlined)

     2.58%     2.58%  sqgi     [JIT] tid 617363              [.] 0x0000ffff979151d8
            |
            ---0xffff97915167
               0xffff979151d8

     2.07%     0.00%  sqgi     sqgi                          [.] sqjit_a64_borrow_member_value_with_root (inlined)
            |
            ---sqjit_a64_borrow_member_value_with_root (inlined)

     2.07%     2.07%  sqgi     [JIT] tid 617363              [.] 0x0000ffff97913190
            |
            ---0xffff9791314b
               0xffff97913190

     2.07%     0.00%  sqgi     sqgi                          [.] SQTable::_Get (inlined)
            |
            ---SQTable::_Get (inlined)



#
# (Cannot load tips.txt file, please install perf!)
#
