BENCH	receiver_integer	200000	0.054355000	595177
BENCH	root_integer	200000	0.063425000	595177
BENCH	root_reference	200000	0.084890000	799457
BENCH	root_integer_result	200000	0.065405000	795177
BENCH	receiver_integer	200000	0.054350000	595177
BENCH	root_integer	200000	0.063800000	595177
BENCH	root_reference	200000	0.087145000	799457
BENCH	root_integer_result	200000	0.065325000	795177
BENCH	receiver_integer	200000	0.054405000	595177
BENCH	root_integer	200000	0.063400000	595177
BENCH	root_reference	200000	0.089565000	799457
BENCH	root_integer_result	200000	0.065320000	795177
399.73;msec;task-clock:u;0.87%;399727418;100.00;0.982;CPUs utilized
887413680;;cycles:u;0.21%;399799747;100.00;2.203;GHz
2940214282;;instructions:u;0.06%;399799747;100.00;3.32;insn per cycle
406513;;branch-misses:u;10.81%;399799747;100.00;;
1015834193;;cache-references:u;0.19%;399799747;100.00;2.522;G/sec
196097;;cache-misses:u;0.63%;399799747;100.00;0.019;of all cache refs
782;;page-faults:u;0.09%;399727418;100.00;1.941;K/sec
0;;context-switches:u;0.00%;399727418;100.00;0.000;/sec
