Temporary breakpoint 1 at 0xe574
[Thread debugging using libthread_db enabled]
Using host libthread_db library "/lib/aarch64-linux-gnu/libthread_db.so.1".

Temporary breakpoint 1, 0x0000aaaaaaaae574 in main ()
SCALAR_HELPER_BREAKPOINTS 6
OWNED_ROUTE_OK 5
[sqjit:stats] proto enters=7 hot=3 compile=3 success=1 fail=2
[sqjit:stats] proto exec attempts=7 success=5 guard_fail=0
[sqjit:stats] proto side_exits=0
[sqjit:stats] direct calls attempts=4 success=0 miss=4 guard_fail=0
[sqjit:stats] loops try=7 find_fail=2 compile=1 success=0 fail=1 exec=0 exec_success=0 guard_fail=0
[sqjit:stats] rejects=3 unique_reasons=2
[sqjit:stats] backoff proto=0 proto_skips=0 loop=0 loop_skips=0
[sqjit:stats] reject category count=1 category=loop
[sqjit:stats] reject category count=2 category=other
[sqjit:stats] reject reason count=2 reason=unsupported function shape or instruction limit
[sqjit:stats] reject reason count=1 reason=unsupported loop branch shape
[sqjit:stats] reject_site rank=1 proto=(nil) name=main source=<sqgi async bootstrap> line=-1 ip=-1 count=1 reason=unsupported function shape or instruction limit
[sqjit:stats] reject_site rank=2 proto=(nil) name=main source=/tmp/sqgi-precise-native-release-study/route/owned.nut line=-1 ip=-1 count=1 reason=unsupported function shape or instruction limit
[sqjit:stats] reject_site rank=3 proto=(nil) name=main source=/tmp/sqgi-precise-native-release-study/route/owned.nut line=3 ip=26 count=1 reason=unsupported loop branch shape
[Inferior 1 (process 536240) exited normally]
OWNING_TEMP_HELPERS_BYPASSED
