BENCH	route_balanced	200000	0.052465000	300346
BENCH	route_skewed	200000	0.051490000	122121
BENCH	pricing_events	200000	0.056755000	636940
BENCH	filter_stream	200000	0.055920000	10704.521037291815
BENCH	records_64	200000	0.144550000	599323
BENCH	records_4096	200000	0.250355000	385702
BENCH	word_count	200000	0.268140000	116910
BENCH	graph_walk	200000	0.012335000	386354
BENCH	route_balanced	200000	0.052520000	300346
BENCH	route_skewed	200000	0.051230000	122121
BENCH	pricing_events	200000	0.056445000	636940
BENCH	filter_stream	200000	0.055855000	10704.521037291815
BENCH	records_64	200000	0.132880000	599323
BENCH	records_4096	200000	0.294990000	385702
BENCH	word_count	200000	0.267005000	116910
BENCH	graph_walk	200000	0.012395000	386354
BENCH	route_balanced	200000	0.052960000	300346
BENCH	route_skewed	200000	0.052255000	122121
BENCH	pricing_events	200000	0.057040000	636940
BENCH	filter_stream	200000	0.055910000	10704.521037291815
BENCH	records_64	200000	0.130750000	599323
BENCH	records_4096	200000	0.260090000	385702
BENCH	word_count	200000	0.267580000	116910
BENCH	graph_walk	200000	0.012590000	386354
1116.86;msec;task-clock:u;0.75%;1116863121;100.00;0.985;CPUs utilized
2484577297;;cycles:u;0.32%;1116924665;100.00;2.206;GHz
5941784570;;instructions:u;0.43%;1116924665;100.00;2.38;insn per cycle
5144665;;branch-misses:u;6.23%;1116924665;100.00;;
2214048146;;cache-references:u;0.40%;1116924665;100.00;1.966;G/sec
17306861;;cache-misses:u;3.43%;1116924665;100.00;0.777;of all cache refs
3868;;page-faults:u;0.03%;1116863121;100.00;3.434;K/sec
0;;context-switches:u;0.00%;1116863121;100.00;0.000;/sec
