# To display the perf.data header info, please use --header/--header-only options.
#
#
# Total Lost Samples: 0
#
# Samples: 573  of event 'cycles:u'
# Event count (approx.): 2468207663
#
# Children      Self  Command  Shared Object                 Symbol                                                                                                                                                         
# ........  ........  .......  ............................  ...............................................................................................................................................................
#
    31.04%     0.00%  sqgi     sqgi                          [.] _start
            |
            ---_start
               __libc_start_main_impl (inlined)
               __libc_start_call_main
               main
               |          
                --30.84%--sq_call
                          SQVM::Execute
                          |          
                          |--5.70%--SQVM::Get
                          |          |          
                          |           --4.60%--SQTable::Get
                          |                     |          
                          |                      --2.57%--SQTable::_Get (inlined)
                          |          
                          |--5.33%--SQVM::DerefInc
                          |          |          
                          |           --2.76%--SQVM::Set
                          |          
                           --2.57%--sqjit_try_execute_current_loop

    31.04%     0.00%  sqgi     libc.so.6                     [.] __libc_start_main_impl (inlined)
            |
            ---__libc_start_main_impl (inlined)
               __libc_start_call_main
               main
               |          
                --30.84%--sq_call
                          SQVM::Execute
                          |          
                          |--5.70%--SQVM::Get
                          |          |          
                          |           --4.60%--SQTable::Get
                          |                     |          
                          |                      --2.57%--SQTable::_Get (inlined)
                          |          
                          |--5.33%--SQVM::DerefInc
                          |          |          
                          |           --2.76%--SQVM::Set
                          |          
                           --2.57%--sqjit_try_execute_current_loop

    31.04%     0.00%  sqgi     libc.so.6                     [.] __libc_start_call_main
            |
            ---__libc_start_call_main
               main
               |          
                --30.84%--sq_call
                          SQVM::Execute
                          |          
                          |--5.70%--SQVM::Get
                          |          |          
                          |           --4.60%--SQTable::Get
                          |                     |          
                          |                      --2.57%--SQTable::_Get (inlined)
                          |          
                          |--5.33%--SQVM::DerefInc
                          |          |          
                          |           --2.76%--SQVM::Set
                          |          
                           --2.57%--sqjit_try_execute_current_loop

    31.04%     0.00%  sqgi     sqgi                          [.] main
            |
            ---main
               |          
                --30.84%--sq_call
                          SQVM::Execute
                          |          
                          |--5.70%--SQVM::Get
                          |          |          
                          |           --4.60%--SQTable::Get
                          |                     |          
                          |                      --2.57%--SQTable::_Get (inlined)
                          |          
                          |--5.33%--SQVM::DerefInc
                          |          |          
                          |           --2.76%--SQVM::Set
                          |          
                           --2.57%--sqjit_try_execute_current_loop

    30.84%    15.60%  sqgi     sqgi                          [.] SQVM::Execute
            |          
            |--15.60%--_start
            |          __libc_start_main_impl (inlined)
            |          __libc_start_call_main
            |          main
            |          sq_call
            |          SQVM::Execute
            |          
             --15.24%--SQVM::Execute
                       |          
                       |--5.70%--SQVM::Get
                       |          |          
                       |           --4.60%--SQTable::Get
                       |                     |          
                       |                      --2.57%--SQTable::_Get (inlined)
                       |          
                       |--5.33%--SQVM::DerefInc
                       |          |          
                       |           --2.76%--SQVM::Set
                       |          
                        --2.57%--sqjit_try_execute_current_loop

    30.84%     0.00%  sqgi     sqgi                          [.] sq_call
            |
            ---sq_call
               SQVM::Execute
               |          
               |--5.70%--SQVM::Get
               |          |          
               |           --4.60%--SQTable::Get
               |                     |          
               |                      --2.57%--SQTable::_Get (inlined)
               |          
               |--5.33%--SQVM::DerefInc
               |          |          
               |           --2.76%--SQVM::Set
               |          
                --2.57%--sqjit_try_execute_current_loop

    19.80%     4.68%  sqgi     sqgi                          [.] sqjit_a64_helper_member_set_integer_logged
            |          
            |--15.11%--sqjit_a64_helper_member_set_integer_logged
            |          |          
            |           --14.93%--sqjit_a64_helper_member_set_integer_logged
            |                     SQJitWriteLog::RecordMember
            |                     |          
            |                     |--11.12%--SQJitWriteLog::ContainsMember<false> (inlined)
            |                     |          |          
            |                     |           --4.25%--SQJitWriteLog::ContainsMember<false>(SQObjectPtr const&, SQObjectPtr const&, SQObjectPtr const&) const::{lambda(SQJitWriteLog::Entry const&)#1}::operator() (inlined)
            |                     |          
            |                      --2.19%--SQJitWriteLog::CanRelease
            |          
             --3.41%--0xffff864454d3
                       0xffff864454d3
                       sqjit_a64_helper_member_set_integer_logged

    16.90%     0.00%  sqgi     [JIT] tid 486574              [.] 0x0000ffff864454d3
            |
            ---0xffff864454d3
               |          
                --10.61%--0xffff864454d3
                          sqjit_a64_helper_member_set_integer_logged
                          |          
                           --7.57%--sqjit_a64_helper_member_set_integer_logged
                                     |          
                                      --7.20%--SQJitWriteLog::RecordMember
                                                |          
                                                 --5.74%--SQJitWriteLog::ContainsMember<false> (inlined)
                                                           |          
                                                            --2.49%--SQJitWriteLog::ContainsMember<false>(SQObjectPtr const&, SQObjectPtr const&, SQObjectPtr const&) const::{lambda(SQJitWriteLog::Entry const&)#1}::operator() (inlined)

    14.93%    11.84%  sqgi     sqgi                          [.] SQJitWriteLog::RecordMember
            |          
            |--6.11%--0xffff864453c3
            |          0xffff864453c3
            |          sqjit_a64_helper_member_set_integer_logged
            |          sqjit_a64_helper_member_set_integer_logged
            |          SQJitWriteLog::RecordMember
            |          |          
            |           --5.20%--SQJitWriteLog::ContainsMember<false> (inlined)
            |          
            |--5.74%--0xffff864454d3
            |          0xffff864454d3
            |          sqjit_a64_helper_member_set_integer_logged
            |          sqjit_a64_helper_member_set_integer_logged
            |          SQJitWriteLog::RecordMember
            |          |          
            |           --5.56%--SQJitWriteLog::ContainsMember<false> (inlined)
            |                     |          
            |                      --2.49%--SQJitWriteLog::ContainsMember<false>(SQObjectPtr const&, SQObjectPtr const&, SQObjectPtr const&) const::{lambda(SQJitWriteLog::Entry const&)#1}::operator() (inlined)
            |          
             --3.09%--SQJitWriteLog::RecordMember
                       |          
                        --2.19%--SQJitWriteLog::CanRelease

    14.62%     0.00%  sqgi     [JIT] tid 486574              [.] 0x0000ffff864451b3
            |
            ---0xffff864451b3
               |          
               |--5.14%--0xffff864451b3
               |          sqjit_a64_helper_array_get_object
               |          |          
               |           --2.34%--SQArray::Get (inlined)
               |                     SQArray::Get (inlined)
               |          
                --3.90%--0xffff86445214

    11.57%     0.00%  sqgi     [JIT] tid 486574              [.] 0x0000ffff8644818b
            |
            ---0xffff8644818b
               |          
                --5.29%--0xffff8644818b
                          sqjit_a64_helper_member_closure_guard
                          |          
                           --4.76%--sqjit_a64_borrow_member_value_with_root (inlined)
                                     |          
                                      --2.37%--sqjit_a64_helper_member_closure_guard
                                                sqjit_a64_borrow_member_ptr_value

    11.12%     0.00%  sqgi     sqgi                          [.] SQJitWriteLog::ContainsMember<false> (inlined)
            |
            ---SQJitWriteLog::ContainsMember<false> (inlined)
               |          
                --4.25%--SQJitWriteLog::ContainsMember<false>(SQObjectPtr const&, SQObjectPtr const&, SQObjectPtr const&) const::{lambda(SQJitWriteLog::Entry const&)#1}::operator() (inlined)

    11.02%     0.00%  sqgi     [JIT] tid 486574              [.] 0x0000ffff864453c3
            |
            ---0xffff864453c3
               |          
                --9.18%--0xffff864453c3
                          sqjit_a64_helper_member_set_integer_logged
                          |          
                           --7.73%--sqjit_a64_helper_member_set_integer_logged
                                     SQJitWriteLog::RecordMember
                                     |          
                                      --5.38%--SQJitWriteLog::ContainsMember<false> (inlined)

     9.51%     0.90%  sqgi     sqgi                          [.] sqjit_a64_helper_member_closure_guard
            |          
             --8.61%--sqjit_a64_helper_member_closure_guard
                       sqjit_a64_borrow_member_value_with_root (inlined)
                       |          
                       |--4.41%--sqjit_a64_root_fallback_safe
                       |          |          
                       |           --2.94%--SQTable::GetRawSlot (inlined)
                       |                     |          
                       |                      --2.20%--SQTable::_Get (inlined)
                       |          
                        --3.47%--sqjit_a64_helper_member_closure_guard
                                  sqjit_a64_borrow_member_ptr_value
                                  |          
                                   --2.92%--SQTable::GetRawSlot (inlined)

     8.80%     0.00%  sqgi     sqgi                          [.] sqjit_a64_borrow_member_value_with_root (inlined)
            |
            ---sqjit_a64_borrow_member_value_with_root (inlined)
               |          
               |--4.41%--sqjit_a64_root_fallback_safe
               |          |          
               |           --2.94%--SQTable::GetRawSlot (inlined)
               |                     |          
               |                      --2.20%--SQTable::_Get (inlined)
               |          
                --3.47%--sqjit_a64_helper_member_closure_guard
                          sqjit_a64_borrow_member_ptr_value
                          |          
                           --2.92%--SQTable::GetRawSlot (inlined)

     6.80%     0.37%  sqgi     sqgi                          [.] SQVM::Get
            |          
             --6.44%--SQVM::Get
                       |          
                        --5.70%--SQTable::Get
                                  |          
                                   --3.13%--SQTable::_Get (inlined)

     6.25%     0.00%  sqgi     [JIT] tid 486574              [.] 0x0000ffff86447213
            |
            ---0xffff86447213
               |          
                --2.75%--0xffff86447213
                          sqjit_a64_helper_member_closure_guard
                          sqjit_a64_borrow_member_value_with_root (inlined)

     6.07%     0.00%  sqgi     [JIT] tid 486574              [.] 0x0000ffff864461af
            |
            ---0xffff864461af

     5.70%     5.15%  sqgi     sqgi                          [.] SQTable::Get
            |          
             --5.15%--_start
                       __libc_start_main_impl (inlined)
                       __libc_start_call_main
                       main
                       sq_call
                       SQVM::Execute
                       |          
                        --4.04%--SQVM::Get
                                  SQTable::Get
                                  |          
                                   --2.02%--SQTable::_Get (inlined)

     5.33%     1.29%  sqgi     sqgi                          [.] SQVM::DerefInc
            |          
             --4.05%--SQVM::DerefInc
                       |          
                        --2.76%--SQVM::Set

     5.14%     5.14%  sqgi     sqgi                          [.] sqjit_a64_helper_array_get_object
            |
            ---0xffff864451b3
               0xffff864451b3
               sqjit_a64_helper_array_get_object
               |          
                --2.34%--SQArray::Get (inlined)
                          SQArray::Get (inlined)

     4.41%     4.41%  sqgi     sqgi                          [.] sqjit_a64_root_fallback_safe
     4.25%     0.00%  sqgi     sqgi                          [.] SQJitWriteLog::ContainsMember<false>(SQObjectPtr const&, SQObjectPtr const&, SQObjectPtr const&) const::{lambda(SQJitWriteLog::Entry const&)#1}::operator() (inlined)
            |
            ---SQJitWriteLog::ContainsMember<false>(SQObjectPtr const&, SQObjectPtr const&, SQObjectPtr const&) const::{lambda(SQJitWriteLog::Entry const&)#1}::operator() (inlined)

     4.21%     4.21%  sqgi     sqgi                          [.] sqjit_a64_borrow_member_ptr_value
            |          
             --2.92%--0xffff8644818b
                       0xffff8644818b
                       sqjit_a64_helper_member_closure_guard
                       sqjit_a64_borrow_member_value_with_root (inlined)
                       |          
                        --2.37%--sqjit_a64_helper_member_closure_guard
                                  sqjit_a64_borrow_member_ptr_value

     3.90%     3.90%  sqgi     [JIT] tid 486574              [.] 0x0000ffff86445214
            |
            ---0xffff864451b3
               0xffff86445214

     3.13%     0.00%  sqgi     sqgi                          [.] SQTable::_Get (inlined)
            |
            ---SQTable::_Get (inlined)

     2.94%     0.00%  sqgi     sqgi                          [.] SQTable::GetRawSlot (inlined)
            |
            ---SQTable::GetRawSlot (inlined)
               |          
                --2.20%--SQTable::_Get (inlined)

     2.92%     0.00%  sqgi     sqgi                          [.] SQTable::GetRawSlot (inlined)
            |
            ---SQTable::GetRawSlot (inlined)

     2.76%     1.66%  sqgi     sqgi                          [.] SQVM::Set
     2.57%     2.21%  sqgi     sqgi                          [.] sqjit_try_execute_current_loop
            |          
             --2.21%--_start
                       __libc_start_main_impl (inlined)
                       __libc_start_call_main
                       main
                       sq_call
                       SQVM::Execute
                       sqjit_try_execute_current_loop

     2.36%     0.00%  sqgi     sqgi                          [.] sqjit_a64_member_store_slot (inlined)
            |
            ---sqjit_a64_member_store_slot (inlined)
               sqjit_a64_member_store_slot (inlined)

     2.34%     0.00%  sqgi     sqgi                          [.] SQArray::Get (inlined)
            |
            ---SQArray::Get (inlined)
               SQArray::Get (inlined)

     2.20%     0.00%  sqgi     sqgi                          [.] SQTable::_Get (inlined)
            |
            ---SQTable::_Get (inlined)

     2.20%     0.00%  sqgi     sqgi                          [.] SQObjectPtr::operator= (inlined)
            |
            ---SQObjectPtr::operator= (inlined)

     2.19%     2.19%  sqgi     sqgi                          [.] SQJitWriteLog::CanRelease


#
# (Cannot load tips.txt file, please install perf!)
#
