BENCH	filter	200000	0.023400000	10.254364576940203
BENCH	channels_4	200000	0.077825000	20.621658757381574
BENCH	pressure_8	200000	0.154290000	30.900920683591639
BENCH	integration	200000	0.036460000	1562.9738403896752
BENCH	retained_input	200000	0.044960000	399985.55383443867
BENCH	branching	200000	0.031200000	1.6005902475563216
BENCH	helper_control	200000	0.054350000	3.7152600782050693
BENCH	filter	200000	0.023160000	10.254364576940203
BENCH	channels_4	200000	0.078685000	20.621658757381574
BENCH	pressure_8	200000	0.151835000	30.900920683591639
BENCH	integration	200000	0.038225000	1562.9738403896752
BENCH	retained_input	200000	0.044945000	399985.55383443867
BENCH	branching	200000	0.030540000	1.6005902475563216
BENCH	helper_control	200000	0.054095000	3.7152600782050693
BENCH	filter	200000	0.023625000	10.254364576940203
BENCH	channels_4	200000	0.077235000	20.621658757381574
BENCH	pressure_8	200000	0.153275000	30.900920683591639
BENCH	integration	200000	0.038260000	1562.9738403896752
BENCH	retained_input	200000	0.044725000	399985.55383443867
BENCH	branching	200000	0.030610000	1.6005902475563216
BENCH	helper_control	200000	0.054910000	3.7152600782050693
622.17;msec;task-clock:u;0.22%;622174625;100.00;0.994;CPUs utilized
1360518182;;cycles:u;0.08%;622377037;100.00;2.196;GHz
3897253899;;instructions:u;0.00%;622377037;100.00;2.86;insn per cycle
151170;;branch-misses:u;0.25%;622377037;100.00;;
1434138039;;cache-references:u;0.01%;622377037;100.00;2.315;G/sec
248183;;cache-misses:u;0.86%;622377037;100.00;0.017;of all cache refs
786;;page-faults:u;0.04%;622174625;100.00;1.269;K/sec
0;;context-switches:u;0.00%;622174625;100.00;0.000;/sec
