# To display the perf.data header info, please use --header/--header-only options.
#
#
# Total Lost Samples: 0
#
# Samples: 334  of event 'cycles:u'
# Event count (approx.): 1361738425
#
# Children      Self  Command  Shared Object          Symbol                                          
# ........  ........  .......  .....................  ................................................
#
    21.32%     5.33%  sqgi     sqgi                   [.] sqjit_a64_helper_member_closure_guard
            |          
             --15.99%--sqjit_a64_helper_member_closure_guard
                       sqjit_a64_helper_member_closure_guard
                       sqjit_a64_borrow_member_ptr_value
                       |          
                        --12.32%--SQTable::GetRawSlot (inlined)
                                  |          
                                  |--4.65%--SQTable::_Get (inlined)
                                  |          
                                   --3.67%--HashObj (inlined)

    18.66%    18.66%  sqgi     sqgi                   [.] sqjit_a64_borrow_member_ptr_value
            |          
            |--2.67%--0xffff87f0319f
            |          0xffff87f0319f
            |          sqjit_a64_helper_member_native_closure_guard
            |          sqjit_a64_borrow_member_value_with_root (inlined)
            |          sqjit_a64_borrow_member_ptr_value
            |          
             --2.33%--0xffff87f04153
                       0xffff87f04153
                       sqjit_a64_helper_member_closure_guard
                       sqjit_a64_helper_member_closure_guard
                       sqjit_a64_borrow_member_ptr_value

    13.65%     0.00%  sqgi     sqgi                   [.] SQTable::GetRawSlot (inlined)
            |
            ---SQTable::GetRawSlot (inlined)
               |          
               |--5.65%--SQTable::_Get (inlined)
               |          
                --4.00%--HashObj (inlined)

     8.66%     0.00%  sqgi     [JIT] tid 486992       [.] 0x0000ffff87f061d3
            |
            ---0xffff87f061d3

     7.32%     0.00%  sqgi     [JIT] tid 486992       [.] 0x0000ffff87f04153
            |
            ---0xffff87f04153
               |          
                --2.33%--0xffff87f04153
                          sqjit_a64_helper_member_closure_guard
                          sqjit_a64_helper_member_closure_guard
                          sqjit_a64_borrow_member_ptr_value

     6.34%     0.00%  sqgi     [JIT] tid 486992       [.] 0x0000ffff87f0822f
            |
            ---0xffff87f0822f
               |          
                --2.00%--0xffff87f0822f
                          sqjit_a64_helper_member_closure_guard

     6.33%     0.00%  sqgi     [JIT] tid 486992       [.] 0x0000ffff87f07313
            |
            ---0xffff87f07313
               |          
                --2.00%--0xffff87f073a8

     6.33%     0.00%  sqgi     [JIT] tid 486992       [.] 0x0000ffff87f0319f
            |
            ---0xffff87f0319f
               |          
                --3.33%--0xffff87f0319f
                          sqjit_a64_helper_member_native_closure_guard
                          |          
                           --2.67%--sqjit_a64_borrow_member_value_with_root (inlined)
                                     sqjit_a64_borrow_member_ptr_value

     5.67%     0.00%  sqgi     [JIT] tid 486992       [.] 0x0000ffff87f0755f
            |
            ---0xffff87f0755f

     5.66%     0.00%  sqgi     [JIT] tid 486992       [.] 0x0000ffff87f074a3
            |
            ---0xffff87f074a3
               |          
                --2.67%--0xffff87f0750c

     5.65%     0.00%  sqgi     sqgi                   [.] SQTable::_Get (inlined)
            |
            ---SQTable::_Get (inlined)

     5.52%     0.00%  sqgi     [JIT] tid 486992       [.] 0x0000ffff87f09153
            |
            ---0xffff87f09153

     5.33%     0.00%  sqgi     [JIT] tid 486992       [.] 0x0000ffff87f0528f
            |
            ---0xffff87f0528f

     5.00%     0.00%  sqgi     [JIT] tid 486992       [.] 0x0000ffff87f051d7
            |
            ---0xffff87f051d7

     4.67%     0.00%  sqgi     [JIT] tid 486992       [.] 0x0000ffff87f07793
            |
            ---0xffff87f07793

     4.67%     0.00%  sqgi     [JIT] tid 486992       [.] 0x0000ffff87f031ff
            |
            ---0xffff87f031ff

     4.33%     0.00%  sqgi     [JIT] tid 486992       [.] 0x0000ffff87f0846f
            |
            ---0xffff87f0846f

     4.33%     0.00%  sqgi     [JIT] tid 486992       [.] 0x0000ffff87f083af
            |
            ---0xffff87f083af

     4.00%     0.00%  sqgi     sqgi                   [.] HashObj (inlined)
            |
            ---HashObj (inlined)

     4.00%     0.00%  sqgi     [JIT] tid 486992       [.] 0x0000ffff87f0784f
            |
            ---0xffff87f0784f

     3.67%     0.00%  sqgi     sqgi                   [.] sqjit_a64_borrow_member_value_with_root (inlined)
            |
            ---sqjit_a64_borrow_member_value_with_root (inlined)
               |          
                --2.67%--sqjit_a64_borrow_member_ptr_value

     3.66%     0.00%  sqgi     [JIT] tid 486992       [.] 0x0000ffff87f076d7
            |
            ---0xffff87f076d7

     3.33%     0.67%  sqgi     sqgi                   [.] sqjit_a64_helper_member_native_closure_guard
            |          
             --2.67%--sqjit_a64_helper_member_native_closure_guard
                       sqjit_a64_borrow_member_value_with_root (inlined)
                       sqjit_a64_borrow_member_ptr_value

     2.67%     0.00%  sqgi     [JIT] tid 486992       [.] 0x0000ffff87f0761b
            |
            ---0xffff87f0761b

     2.67%     0.00%  sqgi     [JIT] tid 486992       [.] 0x0000ffff87f073e7
            |
            ---0xffff87f073e7

     2.67%     2.67%  sqgi     [JIT] tid 486992       [.] 0x0000ffff87f0750c
            |
            ---0xffff87f074a3
               0xffff87f0750c

     2.66%     0.00%  sqgi     [JIT] tid 486992       [.] 0x0000ffff87f082ef
            |
            ---0xffff87f082ef

     2.00%     2.00%  sqgi     [JIT] tid 486992       [.] 0x0000ffff87f073a8
            |
            ---0xffff87f07313
               0xffff87f073a8



#
# (Cannot load tips.txt file, please install perf!)
#
