BENCH	direct_call	3200000	0.034283	563347
BENCH	branch_call	3200000	0.031583	599062
BENCH	float_call	3200000	0.021242	8.2204724409448815
BENCH	numeric_loop	3200000	0.022913	612398470
BENCH	vector	160000	0.365013	0.12553851953971693
BENCH	dynamic_member	160000	1.036919	7261462
BENCH	dynamic_key_get_set	160000	0.183219	6566091
BENCH	object_member_write_fallback	160000	0.473556	595919
BENCH	array_append	160000	0.129738	3048687
BENCH	array_write	160000	0.037012	831988
BENCH	array_read	3200000	0.007169	8000000
BENCH	array_float	3200000	0.006874	6400000
BENCH	math_intrinsic	160000	0.207769	2418270.8295144332
BENCH	math_variable	160000	0.218706	313782.39947747899
BENCH	matrix	160000	0.311069	-0.024510798820940455
BENCH	direct_call	3200000	0.034154	563347
BENCH	branch_call	3200000	0.031518	599062
BENCH	float_call	3200000	0.020935	8.2204724409448815
BENCH	numeric_loop	3200000	0.022877	612398470
BENCH	vector	160000	0.366762	0.12553851953971693
BENCH	dynamic_member	160000	1.026131	7261462
BENCH	dynamic_key_get_set	160000	0.183150	6566091
BENCH	object_member_write_fallback	160000	0.473300	595919
BENCH	array_append	160000	0.132300	3048687
BENCH	array_write	160000	0.037075	831988
BENCH	array_read	3200000	0.007053	8000000
BENCH	array_float	3200000	0.006825	6400000
BENCH	math_intrinsic	160000	0.206569	2418270.8295144332
BENCH	math_variable	160000	0.218831	313782.39947747899
BENCH	matrix	160000	0.312506	-0.024510798820940455
BENCH	direct_call	3200000	0.033928	563347
BENCH	branch_call	3200000	0.031687	599062
BENCH	float_call	3200000	0.020858	8.2204724409448815
BENCH	numeric_loop	3200000	0.022924	612398470
BENCH	vector	160000	0.365450	0.12553851953971693
BENCH	dynamic_member	160000	1.024606	7261462
BENCH	dynamic_key_get_set	160000	0.183375	6566091
BENCH	object_member_write_fallback	160000	0.474275	595919
BENCH	array_append	160000	0.130175	3048687
BENCH	array_write	160000	0.036969	831988
BENCH	array_read	3200000	0.007120	8000000
BENCH	array_float	3200000	0.006871	6400000
BENCH	math_intrinsic	160000	0.208512	2418270.8295144332
BENCH	math_variable	160000	0.218319	313782.39947747899
BENCH	matrix	160000	0.311331	-0.024510798820940455
5230.94;msec;task-clock:u;0.10%;5230942389;100.00;0.999;CPUs utilized
11792813417;;cycles:u;0.11%;5231421316;100.00;2.255;GHz
30631307579;;instructions:u;0.00%;5231421316;100.00;2.60;insn per cycle
3025709;;branch-misses:u;1.51%;5231421316;100.00;;
12476869198;;cache-references:u;0.00%;5231421316;100.00;2.386;G/sec
1340901;;cache-misses:u;1.22%;5231421316;100.00;0.011;of all cache refs
10509;;page-faults:u;0.00%;5230942389;100.00;2.010;K/sec
0;;context-switches:u;0.00%;5230942389;100.00;0.000;/sec
