# To display the perf.data header info, please use --header/--header-only options.
#
#
# Total Lost Samples: 0
#
# Samples: 2K of event 'cycles:u'
# Event count (approx.): 11807806051
#
# Children      Self  Command  Shared Object          Symbol                                           
# ........  ........  .......  .....................  .................................................
#
    23.49%     0.00%  sqgi     libc.so.6              [.] __libc_start_call_main
            |
            ---__libc_start_call_main
               __libc_start_call_main
               main
               |          
                --23.43%--sq_call
                          SQVM::Execute

    23.49%     0.00%  sqgi     sqgi                   [.] main
            |
            ---main
               |          
                --23.43%--sq_call
                          SQVM::Execute

    23.43%     0.00%  sqgi     sqgi                   [.] sq_call
            |
            ---sq_call
               SQVM::Execute

    23.43%    19.29%  sqgi     sqgi                   [.] SQVM::Execute
            |          
            |--19.29%--__libc_start_call_main
            |          __libc_start_call_main
            |          main
            |          sq_call
            |          SQVM::Execute
            |          
             --4.15%--SQVM::Execute

    12.52%     0.00%  sqgi     [JIT] tid 486488       [.] 0x0000ffffb8fcd153
            |
            ---0xffffb8fcd153
               |          
               |--2.73%--0xffffb8fcd240
               |          
                --2.08%--0xffffb8fcd1d4

    11.72%     0.00%  sqgi     [JIT] tid 486488       [.] 0x0000ffffb8fcc153
            |
            ---0xffffb8fcc153
               |          
               |--2.62%--0xffffb8fcc268
               |          
                --2.08%--0xffffb8fcc153
                          sqjit_a64_helper_member_closure_guard

     7.71%     0.00%  sqgi     [JIT] tid 486488       [.] 0x0000ffffb8fcb153
            |
            ---0xffffb8fcb153
               |          
                --2.12%--0xffffb8fcb153
                          sqjit_a64_helper_member_closure_guard

     7.10%     0.00%  sqgi     [JIT] tid 486488       [.] 0x0000ffffb8fca043
            |
            ---0xffffb8fca043
               |          
                --2.43%--0xffffb8fca230

     6.67%     3.74%  sqgi     sqgi                   [.] sqjit_a64_precise_step
            |          
             --2.93%--sqjit_a64_precise_step

     5.93%     1.81%  sqgi     sqgi                   [.] sqjit_a64_helper_member_closure_guard
            |          
             --4.11%--sqjit_a64_helper_member_closure_guard
                       sqjit_a64_helper_member_closure_guard
                       sqjit_a64_borrow_member_ptr_value
                       |          
                        --2.57%--SQTable::GetRawSlot (inlined)

     5.82%     0.00%  sqgi     [JIT] tid 486488       [.] 0x0000ffffb8f7832b
            |
            ---0xffffb8f7832b

     5.69%     5.69%  sqgi     sqgi                   [.] sqjit_a64_borrow_member_ptr_value
     3.73%     0.00%  sqgi     sqgi                   [.] SQTable::GetRawSlot (inlined)
            |
            ---SQTable::GetRawSlot (inlined)

     2.73%     2.73%  sqgi     [JIT] tid 486488       [.] 0x0000ffffb8fcd240
            |
            ---0xffffb8fcd153
               0xffffb8fcd240

     2.70%     2.70%  sqgi     [JIT] tid 486488       [.] 0x0000ffffb8fca230
            |          
             --2.43%--0xffffb8fca043
                       0xffffb8fca230

     2.62%     2.62%  sqgi     [JIT] tid 486488       [.] 0x0000ffffb8fcc268
            |
            ---0xffffb8fcc153
               0xffffb8fcc268

     2.61%     0.00%  sqgi     [JIT] tid 486488       [.] 0x0000ffffb8f7b10f
            |
            ---0xffffb8f7b10f

     2.31%     1.31%  sqgi     sqgi                   [.] sqjit_number_conversion_guard
     2.27%     0.69%  sqgi     sqgi                   [.] sqjit_a64_helper_member_native_closure_guard
     2.20%     0.00%  sqgi     sqgi                   [.] SQObjectPtr::operator= (inlined)
            |
            ---SQObjectPtr::operator= (inlined)

     2.08%     2.08%  sqgi     [JIT] tid 486488       [.] 0x0000ffffb8fcd1d4
            |
            ---0xffffb8fcd153
               0xffffb8fcd1d4



#
# (Cannot load tips.txt file, please install perf!)
#
