BENCH	table_events_97	200000	0.657900000	10069540
BENCH	class_events_97	200000	0.664355000	10069540
BENCH	buffers_7	200000	0.432615000	65667
BENCH	buffers_31	200000	0.432600000	651677
BENCH	calibrate_17	200000	0.083725000	1040538.515625
BENCH	calibrate_67	200000	0.084595000	1040417.796875
BENCH	table_events_97	200000	0.657465000	10069540
BENCH	class_events_97	200000	0.664630000	10069540
BENCH	buffers_7	200000	0.432780000	65667
BENCH	buffers_31	200000	0.432560000	651677
BENCH	calibrate_17	200000	0.083390000	1040538.515625
BENCH	calibrate_67	200000	0.084585000	1040417.796875
BENCH	table_events_97	200000	0.669645000	10069540
BENCH	class_events_97	200000	0.669060000	10069540
BENCH	buffers_7	200000	0.433830000	65667
BENCH	buffers_31	200000	0.432625000	651677
BENCH	calibrate_17	200000	0.083840000	1040538.515625
BENCH	calibrate_67	200000	0.084045000	1040417.796875
3347.39;msec;task-clock:u;0.19%;3347388779;100.00;1.001;CPUs utilized
7584255642;;cycles:u;0.24%;3347695915;100.00;2.274;GHz
22147470187;;instructions:u;0.00%;3347695915;100.00;2.93;insn per cycle
6098516;;branch-misses:u;5.87%;3347695915;100.00;;
8897831284;;cache-references:u;0.01%;3347695915;100.00;2.668;G/sec
11177697;;cache-misses:u;1.21%;3347695915;100.00;0.126;of all cache refs
811;;page-faults:u;0.00%;3347388779;100.00;243.180;/sec
0;;context-switches:u;0.00%;3347388779;100.00;0.000;/sec
