# To display the perf.data header info, please use --header/--header-only options.
#
#
# Total Lost Samples: 0
#
# Samples: 1K of event 'cycles:u'
# Event count (approx.): 7579464466
#
# Children      Self  Command  Shared Object          Symbol                                       
# ........  ........  .......  .....................  .............................................
#
    63.45%     0.00%  sqgi     sqgi                   [.] _start
            |
            ---_start
               __libc_start_main_impl (inlined)
               __libc_start_call_main
               main
               |          
                --63.33%--sq_call
                          SQVM::Execute
                          |          
                          |--4.74%--sqjit_try_execute_current
                          |          |          
                          |           --2.16%--SQVM::Return
                          |          
                          |--4.38%--sq_member_cache_hit (inlined)
                          |          |          
                          |           --3.18%--SQTable::GetCachedSlot (inlined)
                          |          
                          |--4.20%--sqjit_try_execute_current_loop
                          |          
                          |--4.14%--SQObjectPtr::operator= (inlined)
                          |          
                          |--2.82%--SQVM::Get
                          |          
                          |--2.39%--SQArray::Get (inlined)
                          |          
                          |--2.22%--sq_vm_member_cache_for (inlined)
                          |          |          
                          |           --2.04%--SQFunctionProto::MemberCacheAt (inlined)
                          |          
                           --2.10%--sq_member_raw_slot (inlined)
                                     |          
                                      --2.04%--SQTable::GetRawSlot (inlined)

    63.45%     0.00%  sqgi     libc.so.6              [.] __libc_start_main_impl (inlined)
            |
            ---__libc_start_main_impl (inlined)
               __libc_start_call_main
               main
               |          
                --63.33%--sq_call
                          SQVM::Execute
                          |          
                          |--4.74%--sqjit_try_execute_current
                          |          |          
                          |           --2.16%--SQVM::Return
                          |          
                          |--4.38%--sq_member_cache_hit (inlined)
                          |          |          
                          |           --3.18%--SQTable::GetCachedSlot (inlined)
                          |          
                          |--4.20%--sqjit_try_execute_current_loop
                          |          
                          |--4.14%--SQObjectPtr::operator= (inlined)
                          |          
                          |--2.82%--SQVM::Get
                          |          
                          |--2.39%--SQArray::Get (inlined)
                          |          
                          |--2.22%--sq_vm_member_cache_for (inlined)
                          |          |          
                          |           --2.04%--SQFunctionProto::MemberCacheAt (inlined)
                          |          
                           --2.10%--sq_member_raw_slot (inlined)
                                     |          
                                      --2.04%--SQTable::GetRawSlot (inlined)

    63.45%     0.00%  sqgi     sqgi                   [.] main
            |
            ---main
               |          
                --63.33%--sq_call
                          SQVM::Execute
                          |          
                          |--4.74%--sqjit_try_execute_current
                          |          |          
                          |           --2.16%--SQVM::Return
                          |          
                          |--4.38%--sq_member_cache_hit (inlined)
                          |          |          
                          |           --3.18%--SQTable::GetCachedSlot (inlined)
                          |          
                          |--4.20%--sqjit_try_execute_current_loop
                          |          
                          |--4.14%--SQObjectPtr::operator= (inlined)
                          |          
                          |--2.82%--SQVM::Get
                          |          
                          |--2.39%--SQArray::Get (inlined)
                          |          
                          |--2.22%--sq_vm_member_cache_for (inlined)
                          |          |          
                          |           --2.04%--SQFunctionProto::MemberCacheAt (inlined)
                          |          
                           --2.10%--sq_member_raw_slot (inlined)
                                     |          
                                      --2.04%--SQTable::GetRawSlot (inlined)

    63.45%     0.00%  sqgi     libc.so.6              [.] __libc_start_call_main
            |
            ---__libc_start_call_main
               main
               |          
                --63.33%--sq_call
                          SQVM::Execute
                          |          
                          |--4.74%--sqjit_try_execute_current
                          |          |          
                          |           --2.16%--SQVM::Return
                          |          
                          |--4.38%--sq_member_cache_hit (inlined)
                          |          |          
                          |           --3.18%--SQTable::GetCachedSlot (inlined)
                          |          
                          |--4.20%--sqjit_try_execute_current_loop
                          |          
                          |--4.14%--SQObjectPtr::operator= (inlined)
                          |          
                          |--2.82%--SQVM::Get
                          |          
                          |--2.39%--SQArray::Get (inlined)
                          |          
                          |--2.22%--sq_vm_member_cache_for (inlined)
                          |          |          
                          |           --2.04%--SQFunctionProto::MemberCacheAt (inlined)
                          |          
                           --2.10%--sq_member_raw_slot (inlined)
                                     |          
                                      --2.04%--SQTable::GetRawSlot (inlined)

    63.33%     0.00%  sqgi     sqgi                   [.] sq_call
            |
            ---sq_call
               SQVM::Execute
               |          
               |--4.74%--sqjit_try_execute_current
               |          |          
               |           --2.16%--SQVM::Return
               |          
               |--4.38%--sq_member_cache_hit (inlined)
               |          |          
               |           --3.18%--SQTable::GetCachedSlot (inlined)
               |          
               |--4.20%--sqjit_try_execute_current_loop
               |          
               |--4.14%--SQObjectPtr::operator= (inlined)
               |          
               |--2.82%--SQVM::Get
               |          
               |--2.39%--SQArray::Get (inlined)
               |          
               |--2.22%--sq_vm_member_cache_for (inlined)
               |          |          
               |           --2.04%--SQFunctionProto::MemberCacheAt (inlined)
               |          
                --2.10%--sq_member_raw_slot (inlined)
                          |          
                           --2.04%--SQTable::GetRawSlot (inlined)

    63.33%    46.16%  sqgi     sqgi                   [.] SQVM::Execute
            |          
            |--46.16%--_start
            |          __libc_start_main_impl (inlined)
            |          __libc_start_call_main
            |          main
            |          sq_call
            |          SQVM::Execute
            |          |          
            |          |--4.38%--sq_member_cache_hit (inlined)
            |          |          |          
            |          |           --3.18%--SQTable::GetCachedSlot (inlined)
            |          |          
            |          |--4.14%--SQObjectPtr::operator= (inlined)
            |          |          
            |          |--2.39%--SQArray::Get (inlined)
            |          |          
            |          |--2.22%--sq_vm_member_cache_for (inlined)
            |          |          |          
            |          |           --2.04%--SQFunctionProto::MemberCacheAt (inlined)
            |          |          
            |           --2.10%--sq_member_raw_slot (inlined)
            |                     |          
            |                      --2.04%--SQTable::GetRawSlot (inlined)
            |          
             --17.16%--SQVM::Execute
                       |          
                       |--4.74%--sqjit_try_execute_current
                       |          |          
                       |           --2.16%--SQVM::Return
                       |          
                       |--4.20%--sqjit_try_execute_current_loop
                       |          
                        --2.82%--SQVM::Get

    24.81%    13.37%  sqgi     sqgi                   [.] sqjit_a64_precise_step
            |          
             --11.44%--sqjit_a64_precise_step
                       |          
                       |--6.30%--sqjit_a64_precise_member
                       |          |          
                       |           --5.04%--sq_member_raw_slot (inlined)
                       |                     |          
                       |                     |--2.82%--SQTable::GetRawSlot (inlined)
                       |                     |          |          
                       |                     |           --2.46%--SQTable::_Get (inlined)
                       |                     |          
                       |                      --2.04%--sq_member_raw_slot (inlined)
                       |                                SQTable::GetRawSlot (inlined)
                       |          
                        --5.14%--SQJitWriteLog::CanRelease

     6.30%     6.12%  sqgi     sqgi                   [.] sqjit_a64_precise_member
     5.68%     5.68%  sqgi     sqgi                   [.] SQJitWriteLog::CanRelease
     5.46%     0.00%  sqgi     sqgi                   [.] SQObjectPtr::operator= (inlined)
            |
            ---SQObjectPtr::operator= (inlined)

     5.04%     0.00%  sqgi     sqgi                   [.] sq_member_raw_slot (inlined)
            |
            ---sq_member_raw_slot (inlined)
               |          
               |--2.82%--SQTable::GetRawSlot (inlined)
               |          |          
               |           --2.46%--SQTable::_Get (inlined)
               |          
                --2.04%--sq_member_raw_slot (inlined)
                          SQTable::GetRawSlot (inlined)

     4.86%     0.00%  sqgi     sqgi                   [.] SQTable::GetRawSlot (inlined)
            |
            ---SQTable::GetRawSlot (inlined)
               |          
                --4.26%--SQTable::_Get (inlined)

     4.74%     1.62%  sqgi     sqgi                   [.] sqjit_try_execute_current
            |          
             --3.12%--sqjit_try_execute_current
                       |          
                        --2.16%--SQVM::Return

     4.38%     0.00%  sqgi     sqgi                   [.] sq_member_cache_hit (inlined)
            |
            ---sq_member_cache_hit (inlined)
               |          
                --3.18%--SQTable::GetCachedSlot (inlined)

     4.26%     0.00%  sqgi     sqgi                   [.] SQTable::_Get (inlined)
            |
            ---SQTable::_Get (inlined)

     4.20%     2.58%  sqgi     sqgi                   [.] sqjit_try_execute_current_loop
            |          
             --2.58%--_start
                       __libc_start_main_impl (inlined)
                       __libc_start_call_main
                       main
                       sq_call
                       SQVM::Execute
                       sqjit_try_execute_current_loop

     3.96%     0.00%  sqgi     [JIT] tid 486701       [.] 0x0000ffffacd9542f
            |
            ---0xffffacd9542f

     3.18%     0.00%  sqgi     sqgi                   [.] SQTable::GetCachedSlot (inlined)
            |
            ---SQTable::GetCachedSlot (inlined)

     2.82%     0.42%  sqgi     sqgi                   [.] SQVM::Get
            |          
             --2.40%--SQVM::Get

     2.52%     2.52%  sqgi     sqgi                   [.] SQTable::Get
     2.39%     0.00%  sqgi     sqgi                   [.] SQArray::Get (inlined)
            |
            ---SQArray::Get (inlined)

     2.28%     0.00%  sqgi     sqgi                   [.] SQObjectPtr::operator= (inlined)
            |
            ---SQObjectPtr::operator= (inlined)

     2.22%     0.00%  sqgi     sqgi                   [.] sq_vm_member_cache_for (inlined)
            |
            ---sq_vm_member_cache_for (inlined)
               |          
                --2.04%--SQFunctionProto::MemberCacheAt (inlined)

     2.22%     0.18%  sqgi     sqgi                   [.] sqjit_write_log_release
            |          
             --2.04%--sqjit_write_log_release
                       SQJitWriteLog::~SQJitWriteLog

     2.16%     1.14%  sqgi     sqgi                   [.] SQVM::Return
     2.16%     0.00%  sqgi     [JIT] tid 486701       [.] 0x0000ffffacd972df
            |
            ---0xffffacd972df

     2.10%     0.00%  sqgi     sqgi                   [.] sq_member_raw_slot (inlined)
            |
            ---sq_member_raw_slot (inlined)
               |          
                --2.04%--SQTable::GetRawSlot (inlined)

     2.10%     0.00%  sqgi     [JIT] tid 486701       [.] 0x0000ffffacd962df
            |
            ---0xffffacd962df

     2.04%     0.00%  sqgi     sqgi                   [.] SQTable::GetRawSlot (inlined)
            |
            ---SQTable::GetRawSlot (inlined)

     2.04%     0.00%  sqgi     sqgi                   [.] SQFunctionProto::MemberCacheAt (inlined)
            |
            ---SQFunctionProto::MemberCacheAt (inlined)

     2.04%     2.04%  sqgi     sqgi                   [.] SQJitWriteLog::~SQJitWriteLog


#
# (Cannot load tips.txt file, please install perf!)
#
