# To display the perf.data header info, please use --header/--header-only options.
#
#
# Total Lost Samples: 0
#
# Samples: 2K of event 'cycles:u'
# Event count (approx.): 12633791768
#
# Children      Self  Command  Shared Object                 Symbol                                       
# ........  ........  .......  ............................  .............................................
#
    46.31%     0.00%  sqgi     libc.so.6                     [.] __libc_start_call_main
            |
            ---__libc_start_call_main
               __libc_start_call_main
               main
               |          
                --46.28%--sq_call
                          SQVM::Execute
                          |          
                          |--9.07%--sqjit_try_execute_current
                          |          |          
                          |           --3.20%--SQVM::Return
                          |          
                          |--3.13%--sqjit_try_execute_current_loop
                          |          
                          |--2.55%--SQObjectPtr::operator= (inlined)
                          |          
                           --2.34%--SQArray::Get (inlined)
                                     |          
                                      --2.02%--SQArray::Get (inlined)

    46.31%     0.00%  sqgi     sqgi                          [.] main
            |
            ---main
               |          
                --46.28%--sq_call
                          SQVM::Execute
                          |          
                          |--9.07%--sqjit_try_execute_current
                          |          |          
                          |           --3.20%--SQVM::Return
                          |          
                          |--3.13%--sqjit_try_execute_current_loop
                          |          
                          |--2.55%--SQObjectPtr::operator= (inlined)
                          |          
                           --2.34%--SQArray::Get (inlined)
                                     |          
                                      --2.02%--SQArray::Get (inlined)

    46.28%    28.25%  sqgi     sqgi                          [.] SQVM::Execute
            |          
            |--28.25%--__libc_start_call_main
            |          __libc_start_call_main
            |          main
            |          sq_call
            |          SQVM::Execute
            |          |          
            |          |--2.55%--SQObjectPtr::operator= (inlined)
            |          |          
            |           --2.34%--SQArray::Get (inlined)
            |                     |          
            |                      --2.02%--SQArray::Get (inlined)
            |          
             --18.03%--SQVM::Execute
                       |          
                       |--9.07%--sqjit_try_execute_current
                       |          |          
                       |           --3.20%--SQVM::Return
                       |          
                        --3.13%--sqjit_try_execute_current_loop

    46.28%     0.00%  sqgi     sqgi                          [.] sq_call
            |
            ---sq_call
               SQVM::Execute
               |          
               |--9.07%--sqjit_try_execute_current
               |          |          
               |           --3.20%--SQVM::Return
               |          
               |--3.13%--sqjit_try_execute_current_loop
               |          
               |--2.55%--SQObjectPtr::operator= (inlined)
               |          
                --2.34%--SQArray::Get (inlined)
                          |          
                           --2.02%--SQArray::Get (inlined)

    35.40%    19.44%  sqgi     sqgi                          [.] sqjit_a64_precise_step
            |          
             --15.96%--sqjit_a64_precise_step
                       |          
                       |--8.69%--SQJitWriteLog::CanRelease
                       |          |          
                       |           --3.38%--sqjit_unobservable_scalar_array (inlined)
                       |          
                        --6.55%--sqjit_a64_precise_member
                                  |          
                                   --5.47%--sq_member_raw_slot (inlined)
                                             |          
                                             |--2.52%--sq_member_raw_slot (inlined)
                                             |          SQTable::GetRawSlot (inlined)
                                             |          
                                              --2.34%--SQTable::GetRawSlot (inlined)

    11.29%    11.29%  sqgi     sqgi                          [.] SQJitWriteLog::CanRelease
    10.58%     5.76%  sqgi     sqgi                          [.] sqjit_a64_precise_step
            |          
             --4.82%--sqjit_a64_precise_step
                       |          
                       |--2.59%--SQJitWriteLog::CanRelease
                       |          
                        --2.23%--sqjit_a64_precise_member

     9.35%     3.49%  sqgi     sqgi                          [.] sqjit_try_execute_current
            |          
            |--5.87%--sqjit_try_execute_current
            |          |          
            |           --3.20%--SQVM::Return
            |          
             --3.49%--__libc_start_call_main
                       __libc_start_call_main
                       main
                       sq_call
                       SQVM::Execute
                       sqjit_try_execute_current

     7.45%     0.00%  sqgi     sqgi                          [.] sq_member_raw_slot (inlined)
            |
            ---sq_member_raw_slot (inlined)
               |          
               |--3.85%--SQTable::GetRawSlot (inlined)
               |          |          
               |           --2.84%--SQTable::_Get (inlined)
               |          
                --2.74%--sq_member_raw_slot (inlined)
                          SQTable::GetRawSlot (inlined)

     6.59%     0.00%  sqgi     sqgi                          [.] SQTable::GetRawSlot (inlined)
            |
            ---SQTable::GetRawSlot (inlined)
               |          
                --4.53%--SQTable::_Get (inlined)

     6.55%     6.55%  sqgi     sqgi                          [.] sqjit_a64_precise_member
     4.53%     0.00%  sqgi     sqgi                          [.] SQTable::_Get (inlined)
            |
            ---SQTable::_Get (inlined)

     4.36%     0.00%  sqgi     sqgi                          [.] SQObjectPtr::operator= (inlined)
            |
            ---SQObjectPtr::operator= (inlined)

     4.14%     0.00%  sqgi     sqgi                          [.] sqjit_unobservable_scalar_array (inlined)
            |
            ---sqjit_unobservable_scalar_array (inlined)

     3.89%     0.00%  sqgi     [JIT] tid 486818              [.] 0x0000ffffb2a8a25b
            |
            ---0xffffb2a8a25b
               |          
                --3.81%--0xffffb2a8a25b
                          sqjit_a64_precise_step

     3.52%     0.00%  sqgi     sqgi                          [.] SQObjectPtr::operator= (inlined)
            |
            ---SQObjectPtr::operator= (inlined)

     3.26%     3.26%  sqgi     sqgi                          [.] SQJitWriteLog::~SQJitWriteLog
     3.20%     1.76%  sqgi     sqgi                          [.] SQVM::Return
     3.13%     2.20%  sqgi     sqgi                          [.] sqjit_try_execute_current_loop
            |          
             --2.20%--__libc_start_call_main
                       __libc_start_call_main
                       main
                       sq_call
                       SQVM::Execute
                       sqjit_try_execute_current_loop

     3.02%     0.00%  sqgi     [JIT] tid 486818              [.] 0x0000ffffb2a8a10b
            |
            ---0xffffb2a8a10b
               |          
                --2.84%--0xffffb2a8a10b
                          sqjit_a64_precise_step

     2.95%     0.00%  sqgi     [JIT] tid 486818              [.] 0x0000ffffb2a8a16b
            |
            ---0xffffb2a8a16b
               |          
                --2.88%--0xffffb2a8a16b
                          sqjit_a64_precise_step

     2.74%     0.00%  sqgi     [JIT] tid 486818              [.] 0x0000ffffb2a8a28b
            |
            ---0xffffb2a8a28b
               |          
                --2.56%--0xffffb2a8a28b
                          sqjit_a64_precise_step

     2.56%     0.00%  sqgi     [JIT] tid 486818              [.] 0x0000ffffb2a890ab
            |
            ---0xffffb2a890ab
               |          
                --2.48%--0xffffb2a890ab
                          sqjit_a64_precise_step

     2.55%     0.00%  sqgi     [JIT] tid 486818              [.] 0x0000ffffb2a891fb
            |
            ---0xffffb2a891fb
               |          
                --2.34%--0xffffb2a891fb
                          sqjit_a64_precise_step

     2.50%     0.00%  sqgi     [JIT] tid 486818              [.] 0x0000ffffb2a8a0db
            |
            ---0xffffb2a8a0db
               |          
                --2.47%--0xffffb2a8a0db
                          sqjit_a64_precise_step

     2.34%     0.00%  sqgi     sqgi                          [.] SQArray::Get (inlined)
            |
            ---SQArray::Get (inlined)
               |          
                --2.02%--SQArray::Get (inlined)

     2.29%     0.18%  sqgi     sqgi                          [.] sqjit_write_log_release
            |          
             --2.11%--sqjit_write_log_release
                       SQJitWriteLog::~SQJitWriteLog

     2.23%     2.23%  sqgi     sqgi                          [.] sqjit_a64_precise_member
     2.16%     0.00%  sqgi     [JIT] tid 486818              [.] 0x0000ffffb2a8a07b
            |
            ---0xffffb2a8a07b
               |          
                --2.12%--0xffffb2a8a07b
                          sqjit_a64_precise_step

     2.09%     0.00%  sqgi     [JIT] tid 486818              [.] 0x0000ffffb2a8919b
            |
            ---0xffffb2a8919b
               |          
                --2.05%--0xffffb2a8919b
                          sqjit_a64_precise_step

     2.05%     0.00%  sqgi     [JIT] tid 486818              [.] 0x0000ffffb2a8a1fb
            |
            ---0xffffb2a8a1fb
               |          
                --2.02%--0xffffb2a8a1fb
                          sqjit_a64_precise_step

     2.05%     0.00%  sqgi     [JIT] tid 486818              [.] 0x0000ffffb2a8910b
            |
            ---0xffffb2a8910b

     2.02%     0.00%  sqgi     [JIT] tid 486818              [.] 0x0000ffffb2a8a1cb
            |
            ---0xffffb2a8a1cb



#
# (Cannot load tips.txt file, please install perf!)
#
