BENCH	transfer_table	200000	0.708995000	141925
BENCH	transfer_class	200000	0.738325000	141925
BENCH	transfer_mixed	200000	0.747725000	141925
BENCH	publish_table	200000	0.587615000	410680
BENCH	publish_class	200000	0.605230000	410680
BENCH	publish_mixed	200000	0.605840000	410680
BENCH	transfer_table	200000	0.708885000	141925
BENCH	transfer_class	200000	0.736760000	141925
BENCH	transfer_mixed	200000	0.749775000	141925
BENCH	publish_table	200000	0.586795000	410680
BENCH	publish_class	200000	0.605755000	410680
BENCH	publish_mixed	200000	0.604510000	410680
BENCH	transfer_table	200000	0.708150000	141925
BENCH	transfer_class	200000	0.736190000	141925
BENCH	transfer_mixed	200000	0.749145000	141925
BENCH	publish_table	200000	0.583125000	410680
BENCH	publish_class	200000	0.601860000	410680
BENCH	publish_mixed	200000	0.602445000	410680
5592.15;msec;task-clock:u;0.18%;5592148013;100.00;0.996;CPUs utilized
12702951814;;cycles:u;0.12%;5592600683;100.00;2.264;GHz
37722575788;;instructions:u;0.00%;5592600683;100.00;2.96;insn per cycle
8051159;;branch-misses:u;0.20%;5592600683;100.00;;
15019451620;;cache-references:u;0.02%;5592600683;100.00;2.677;G/sec
3550979;;cache-misses:u;2.53%;5592600683;100.00;0.024;of all cache refs
794;;page-faults:u;0.04%;5592148013;100.00;141.529;/sec
0;;context-switches:u;0.00%;5592148013;100.00;0.000;/sec
