BENCH	table_owners_1	200000	0.564315000	5098276961
BENCH	table_owners_2	200000	0.563855000	5098477602
BENCH	table_owners_5	200000	0.564205000	5097878556
BENCH	table_owners_19	200000	0.564605000	5098684496
BENCH	table_owners_257	200000	0.564635000	5100408060
BENCH	class_owners_1	200000	0.596790000	5098276961
BENCH	class_owners_2	200000	0.596445000	5098477602
BENCH	class_owners_5	200000	0.596595000	5097878556
BENCH	class_owners_19	200000	0.596565000	5098684496
BENCH	class_owners_257	200000	0.597015000	5100408060
BENCH	table_owners_1	200000	0.564170000	5098276961
BENCH	table_owners_2	200000	0.564340000	5098477602
BENCH	table_owners_5	200000	0.563825000	5097878556
BENCH	table_owners_19	200000	0.563680000	5098684496
BENCH	table_owners_257	200000	0.563875000	5100408060
BENCH	class_owners_1	200000	0.596510000	5098276961
BENCH	class_owners_2	200000	0.596235000	5098477602
BENCH	class_owners_5	200000	0.596275000	5097878556
BENCH	class_owners_19	200000	0.596340000	5098684496
BENCH	class_owners_257	200000	0.596555000	5100408060
BENCH	table_owners_1	200000	0.564210000	5098276961
BENCH	table_owners_2	200000	0.564010000	5098477602
BENCH	table_owners_5	200000	0.564140000	5097878556
BENCH	table_owners_19	200000	0.563715000	5098684496
BENCH	table_owners_257	200000	0.564000000	5100408060
BENCH	class_owners_1	200000	0.596340000	5098276961
BENCH	class_owners_2	200000	0.596625000	5098477602
BENCH	class_owners_5	200000	0.596320000	5097878556
BENCH	class_owners_19	200000	0.595995000	5098684496
BENCH	class_owners_257	200000	0.596305000	5100408060
8142.89;msec;task-clock:u;0.02%;8142888229;100.00;0.999;CPUs utilized
18504184437;;cycles:u;0.01%;8143633727;100.00;2.272;GHz
62412174837;;instructions:u;0.00%;8143633727;100.00;3.37;insn per cycle
151821;;branch-misses:u;0.64%;8143633727;100.00;;
23468936413;;cache-references:u;0.00%;8143633727;100.00;2.881;G/sec
275267;;cache-misses:u;0.69%;8143633727;100.00;0.001;of all cache refs
788;;page-faults:u;0.11%;8142888229;100.00;96.736;/sec
0;;context-switches:u;0.00%;8142888229;100.00;0.000;/sec
