# To display the perf.data header info, please use --header/--header-only options.
#
#
# Total Lost Samples: 0
#
# Samples: 4K of event 'cycles:u'
# Event count (approx.): 18522204601
#
# Children      Self  Command  Shared Object          Symbol                                 
# ........  ........  .......  .....................  .......................................
#
    93.78%    53.75%  sqgi     sqgi                   [.] sqjit_a64_precise_step
            |          
            |--40.03%--sqjit_a64_precise_step
            |          |          
            |          |--18.36%--SQJitWriteLog::CanRelease
            |          |          
            |          |--15.96%--sqjit_a64_precise_member
            |          |          |          
            |          |           --13.09%--sq_member_raw_slot (inlined)
            |          |                     |          
            |          |                     |--6.31%--SQTable::GetRawSlot (inlined)
            |          |                     |          |          
            |          |                     |           --4.86%--SQTable::_Get (inlined)
            |          |                     |          
            |          |                      --5.09%--sq_member_raw_slot (inlined)
            |          |                                SQTable::GetRawSlot (inlined)
            |          |                                |          
            |          |                                 --3.26%--SQTable::_Get (inlined)
            |          |          
            |          |--2.37%--SQVM::CMP_OP
            |          |          
            |           --2.11%--sqjit_a64_precise_step
            |                     SQVM::ARITH_OP
            |          
            |--3.39%--0xffffb73a62b7
            |          0xffffb73a62b7
            |          sqjit_a64_precise_step
            |          
            |--3.38%--0xffffb73a6153
            |          0xffffb73a6153
            |          sqjit_a64_precise_step
            |          
            |--3.34%--0xffffb73a6257
            |          0xffffb73a6257
            |          sqjit_a64_precise_step
            |          
            |--3.02%--0xffffb73a679f
            |          0xffffb73a679f
            |          sqjit_a64_precise_step
            |          
            |--2.96%--0xffffb73a671f
            |          0xffffb73a671f
            |          sqjit_a64_precise_step
            |          
            |--2.82%--0xffffb73a6387
            |          0xffffb73a6387
            |          sqjit_a64_precise_step
            |          
            |--2.80%--0xffffb73a67cf
            |          0xffffb73a67cf
            |          sqjit_a64_precise_step
            |          
            |--2.80%--0xffffb73a65eb
            |          0xffffb73a65eb
            |          sqjit_a64_precise_step
            |          
            |--2.68%--0xffffb73a611b
            |          0xffffb73a611b
            |          sqjit_a64_precise_step
            |          
            |--2.63%--0xffffb73a65bb
            |          0xffffb73a65bb
            |          sqjit_a64_precise_step
            |          
            |--2.50%--0xffffb73a652b
            |          0xffffb73a652b
            |          sqjit_a64_precise_step
            |          
            |--2.40%--0xffffb73a655b
            |          0xffffb73a655b
            |          sqjit_a64_precise_step
            |          
            |--2.38%--0xffffb73a6af3
            |          0xffffb73a6af3
            |          sqjit_a64_precise_step
            |          
            |--2.23%--0xffffb73a66bf
            |          0xffffb73a66bf
            |          sqjit_a64_precise_step
            |          
            |--2.09%--0xffffb73a6183
            |          0xffffb73a6183
            |          sqjit_a64_precise_step
            |          
             --2.01%--0xffffb73a66ef
                       0xffffb73a66ef
                       sqjit_a64_precise_step

    18.36%    18.36%  sqgi     sqgi                   [.] SQJitWriteLog::CanRelease
    15.96%    15.96%  sqgi     sqgi                   [.] sqjit_a64_precise_member
            |          
             --2.02%--0xffffb73a67cf
                       0xffffb73a67cf
                       sqjit_a64_precise_step
                       sqjit_a64_precise_member

    13.09%     0.00%  sqgi     sqgi                   [.] sq_member_raw_slot (inlined)
            |
            ---sq_member_raw_slot (inlined)
               |          
               |--6.31%--SQTable::GetRawSlot (inlined)
               |          |          
               |           --4.86%--SQTable::_Get (inlined)
               |          
                --5.09%--sq_member_raw_slot (inlined)
                          SQTable::GetRawSlot (inlined)
                          |          
                           --3.26%--SQTable::_Get (inlined)

    11.40%     0.00%  sqgi     sqgi                   [.] SQTable::GetRawSlot (inlined)
            |
            ---SQTable::GetRawSlot (inlined)
               |          
                --8.12%--SQTable::_Get (inlined)

     8.12%     0.00%  sqgi     sqgi                   [.] SQTable::_Get (inlined)
            |
            ---SQTable::_Get (inlined)

     7.50%     0.00%  sqgi     [JIT] tid 486753       [.] 0x0000ffffb73a67cf
            |
            ---0xffffb73a67cf
               |          
                --5.92%--0xffffb73a67cf
                          sqjit_a64_precise_step
                          |          
                           --2.02%--sqjit_a64_precise_member

     6.40%     0.00%  sqgi     [JIT] tid 486753       [.] 0x0000ffffb73a611b
            |
            ---0xffffb73a611b
               |          
                --6.23%--0xffffb73a611b
                          sqjit_a64_precise_step
                          |          
                           --2.37%--SQVM::CMP_OP

     5.98%     0.00%  sqgi     sqgi                   [.] SQObjectPtr::operator= (inlined)
            |
            ---SQObjectPtr::operator= (inlined)

     5.63%     0.00%  sqgi     [JIT] tid 486753       [.] 0x0000ffffb73a6153
            |
            ---0xffffb73a6153
               |          
                --5.51%--0xffffb73a6153
                          sqjit_a64_precise_step

     5.45%     0.00%  sqgi     [JIT] tid 486753       [.] 0x0000ffffb73a62b7
            |
            ---0xffffb73a62b7
               |          
                --5.35%--0xffffb73a62b7
                          sqjit_a64_precise_step

     5.25%     0.00%  sqgi     [JIT] tid 486753       [.] 0x0000ffffb73a6387
            |
            ---0xffffb73a6387
               |          
                --4.22%--0xffffb73a6387
                          sqjit_a64_precise_step

     5.07%     0.00%  sqgi     [JIT] tid 486753       [.] 0x0000ffffb73a65eb
            |
            ---0xffffb73a65eb
               |          
                --4.83%--0xffffb73a65eb
                          sqjit_a64_precise_step

     5.07%     0.00%  sqgi     [JIT] tid 486753       [.] 0x0000ffffb73a671f
            |
            ---0xffffb73a671f
               |          
                --4.98%--0xffffb73a671f
                          sqjit_a64_precise_step

     4.64%     0.00%  sqgi     [JIT] tid 486753       [.] 0x0000ffffb73a65bb
            |
            ---0xffffb73a65bb
               |          
                --4.44%--0xffffb73a65bb
                          sqjit_a64_precise_step

     4.61%     0.00%  sqgi     [JIT] tid 486753       [.] 0x0000ffffb73a66bf
            |
            ---0xffffb73a66bf
               |          
                --4.49%--0xffffb73a66bf
                          sqjit_a64_precise_step

     4.59%     0.00%  sqgi     [JIT] tid 486753       [.] 0x0000ffffb73a6257
            |
            ---0xffffb73a6257
               |          
                --4.47%--0xffffb73a6257
                          sqjit_a64_precise_step

     4.49%     0.00%  sqgi     [JIT] tid 486753       [.] 0x0000ffffb73a679f
            |
            ---0xffffb73a679f
               |          
                --4.27%--0xffffb73a679f
                          sqjit_a64_precise_step

     4.19%     0.00%  sqgi     [JIT] tid 486753       [.] 0x0000ffffb73a658b
            |
            ---0xffffb73a658b
               |          
                --4.14%--0xffffb73a658b
                          sqjit_a64_precise_step

     4.17%     0.00%  sqgi     [JIT] tid 486753       [.] 0x0000ffffb73a66ef
            |
            ---0xffffb73a66ef
               |          
                --4.07%--0xffffb73a66ef
                          sqjit_a64_precise_step

     4.15%     0.00%  sqgi     [JIT] tid 486753       [.] 0x0000ffffb73a652b
            |
            ---0xffffb73a652b
               |          
                --3.98%--0xffffb73a652b
                          sqjit_a64_precise_step

     3.98%     0.00%  sqgi     [JIT] tid 486753       [.] 0x0000ffffb73a6287
            |
            ---0xffffb73a6287
               |          
                --3.78%--0xffffb73a6287
                          sqjit_a64_precise_step

     3.90%     0.00%  sqgi     [JIT] tid 486753       [.] 0x0000ffffb73a6af3
            |
            ---0xffffb73a6af3
               |          
                --3.83%--0xffffb73a6af3
                          sqjit_a64_precise_step

     3.89%     0.00%  sqgi     [JIT] tid 486753       [.] 0x0000ffffb73a6973
            |
            ---0xffffb73a6973
               |          
                --3.67%--0xffffb73a6973
                          sqjit_a64_precise_step

     3.78%     0.00%  sqgi     [JIT] tid 486753       [.] 0x0000ffffb73a69f3
            |
            ---0xffffb73a69f3
               |          
                --3.46%--0xffffb73a69f3
                          sqjit_a64_precise_step

     3.78%     0.00%  sqgi     [JIT] tid 486753       [.] 0x0000ffffb73a655b
            |
            ---0xffffb73a655b
               |          
                --3.65%--0xffffb73a655b
                          sqjit_a64_precise_step

     3.53%     0.00%  sqgi     [JIT] tid 486753       [.] 0x0000ffffb73a6a73
            |
            ---0xffffb73a6a73
               |          
                --3.44%--0xffffb73a6a73
                          sqjit_a64_precise_step

     3.22%     0.00%  sqgi     [JIT] tid 486753       [.] 0x0000ffffb73a6183
            |
            ---0xffffb73a6183
               |          
                --2.60%--0xffffb73a6183
                          sqjit_a64_precise_step

     2.67%     0.00%  sqgi     sqgi                   [.] SQObjectPtr::~SQObjectPtr (inlined)
            |
            ---SQObjectPtr::~SQObjectPtr (inlined)
               |          
                --2.48%--SQObjectPtr::~SQObjectPtr (inlined)

     2.58%     0.00%  sqgi     [JIT] tid 486753       [.] 0x0000ffffb73a6307
            |
            ---0xffffb73a6307
               |          
                --2.45%--0xffffb73a6307
                          sqjit_a64_precise_step

     2.37%     1.17%  sqgi     sqgi                   [.] SQVM::CMP_OP
     2.11%     2.11%  sqgi     sqgi                   [.] SQVM::ARITH_OP


#
# (Cannot load tips.txt file, please install perf!)
#
