# To display the perf.data header info, please use --header/--header-only options.
#
#
# Total Lost Samples: 0
#
# Samples: 421  of event 'cycles:u'
# Event count (approx.): 1777494110
#
# Children      Self  Command  Shared Object            Symbol                                                                                                                                                         
# ........  ........  .......  .......................  ...............................................................................................................................................................
#
    42.87%     0.00%  sqgi     libc.so.6                [.] __libc_start_call_main
            |
            ---__libc_start_call_main
               __libc_start_call_main
               main
               |          
                --42.79%--sq_call
                          SQVM::Execute
                          |          
                          |--9.72%--sqjit_try_execute_current
                          |          |          
                          |           --3.84%--SQVM::Return
                          |          
                          |--3.33%--sqjit_try_execute_current_loop
                          |          
                          |--2.81%--SQVM::StartCall
                          |          
                          |--2.56%--SQObjectPtr::operator= (inlined)
                          |          
                          |--2.30%--sqjit_on_function_enter
                          |          
                          |--2.30%--sqjit_try_execute_closure
                          |          
                           --2.30%--SQVM::CMP_OP

    42.87%     0.00%  sqgi     sqgi                     [.] main
            |
            ---main
               |          
                --42.79%--sq_call
                          SQVM::Execute
                          |          
                          |--9.72%--sqjit_try_execute_current
                          |          |          
                          |           --3.84%--SQVM::Return
                          |          
                          |--3.33%--sqjit_try_execute_current_loop
                          |          
                          |--2.81%--SQVM::StartCall
                          |          
                          |--2.56%--SQObjectPtr::operator= (inlined)
                          |          
                          |--2.30%--sqjit_on_function_enter
                          |          
                          |--2.30%--sqjit_try_execute_closure
                          |          
                           --2.30%--SQVM::CMP_OP

    42.79%     0.00%  sqgi     sqgi                     [.] sq_call
            |
            ---sq_call
               SQVM::Execute
               |          
               |--9.72%--sqjit_try_execute_current
               |          |          
               |           --3.84%--SQVM::Return
               |          
               |--3.33%--sqjit_try_execute_current_loop
               |          
               |--2.81%--SQVM::StartCall
               |          
               |--2.56%--SQObjectPtr::operator= (inlined)
               |          
               |--2.30%--sqjit_on_function_enter
               |          
               |--2.30%--sqjit_try_execute_closure
               |          
                --2.30%--SQVM::CMP_OP

    42.79%    19.70%  sqgi     sqgi                     [.] SQVM::Execute
            |          
            |--23.08%--SQVM::Execute
            |          |          
            |          |--9.72%--sqjit_try_execute_current
            |          |          |          
            |          |           --3.84%--SQVM::Return
            |          |          
            |          |--3.33%--sqjit_try_execute_current_loop
            |          |          
            |          |--2.81%--SQVM::StartCall
            |          |          
            |          |--2.30%--sqjit_on_function_enter
            |          |          
            |          |--2.30%--sqjit_try_execute_closure
            |          |          
            |           --2.30%--SQVM::CMP_OP
            |          
             --19.70%--__libc_start_call_main
                       __libc_start_call_main
                       main
                       sq_call
                       SQVM::Execute
                       |          
                        --2.56%--SQObjectPtr::operator= (inlined)

    10.74%     0.00%  sqgi     [JIT] tid 486634         [.] 0x0000ffffa248d207
            |
            ---0xffffa248d207
               |          
                --8.69%--0xffffa248d207
                          sqjit_a64_helper_member_set_reference_logged
                          |          
                          |--4.86%--sqjit_a64_helper_member_set_reference_logged
                          |          SQJitWriteLog::RecordMember
                          |          |          
                          |           --2.81%--SQJitWriteLog::ContainsMember<true> (inlined)
                          |          
                           --2.30%--sqjit_a64_member_store_slot (inlined)
                                     sqjit_a64_member_store_slot (inlined)

     9.95%     5.11%  sqgi     sqgi                     [.] SQJitWriteLog::RecordMember
            |          
            |--4.84%--SQJitWriteLog::RecordMember
            |          |          
            |           --3.82%--SQJitWriteLog::CanRelease
            |          
             --2.56%--0xffffa248d207
                       0xffffa248d207
                       sqjit_a64_helper_member_set_reference_logged
                       sqjit_a64_helper_member_set_reference_logged
                       SQJitWriteLog::RecordMember

     9.72%     4.09%  sqgi     sqgi                     [.] sqjit_try_execute_current
            |          
            |--5.63%--sqjit_try_execute_current
            |          |          
            |           --3.84%--SQVM::Return
            |          
             --4.09%--__libc_start_call_main
                       __libc_start_call_main
                       main
                       sq_call
                       SQVM::Execute
                       sqjit_try_execute_current

     8.96%     5.38%  sqgi     sqgi                     [.] sqjit_a64_precise_step
            |          
            |--3.58%--sqjit_a64_precise_step
            |          |          
            |           --2.30%--sqjit_a64_precise_member
            |          
             --2.05%--0xffffa248e0ab
                       0xffffa248e0ab
                       sqjit_a64_precise_step

     8.69%     2.05%  sqgi     sqgi                     [.] sqjit_a64_helper_member_set_reference_logged
            |          
            |--6.65%--sqjit_a64_helper_member_set_reference_logged
            |          |          
            |           --4.86%--sqjit_a64_helper_member_set_reference_logged
            |                     SQJitWriteLog::RecordMember
            |                     |          
            |                      --2.81%--SQJitWriteLog::ContainsMember<true> (inlined)
            |          
             --2.05%--0xffffa248d207
                       0xffffa248d207
                       sqjit_a64_helper_member_set_reference_logged

     7.41%     0.00%  sqgi     [JIT] tid 486634         [.] 0x0000ffffa248c1d7
            |
            ---0xffffa248c1d7
               |          
                --6.90%--0xffffa248c1d7
                          sqjit_a64_helper_member_set_integer_logged
                          |          
                          |--3.07%--sqjit_a64_member_store_slot (inlined)
                          |          sqjit_a64_member_store_slot (inlined)
                          |          
                           --2.55%--sqjit_a64_helper_member_set_integer_logged
                                     SQJitWriteLog::RecordMember

     7.06%     0.00%  sqgi     [JIT] tid 486634         [.] 0x0000ffffa248f21f
            |
            ---0xffffa248f21f
               |          
                --6.55%--0xffffa248f21f
                          sqjit_a64_helper_instance_field_set_integer_logged
                          |          
                           --5.16%--sqjit_a64_write_log_record_member
                                     |          
                                      --2.54%--SQJitWriteLog::RecordMember

     6.90%     2.81%  sqgi     sqgi                     [.] sqjit_a64_helper_member_set_integer_logged
            |          
            |--4.09%--sqjit_a64_helper_member_set_integer_logged
            |          |          
            |           --2.55%--sqjit_a64_helper_member_set_integer_logged
            |                     SQJitWriteLog::RecordMember
            |          
             --2.81%--0xffffa248c1d7
                       0xffffa248c1d7
                       sqjit_a64_helper_member_set_integer_logged

     6.55%     1.39%  sqgi     sqgi                     [.] sqjit_a64_helper_instance_field_set_integer_logged
            |          
             --5.16%--sqjit_a64_helper_instance_field_set_integer_logged
                       sqjit_a64_write_log_record_member
                       |          
                        --2.54%--SQJitWriteLog::RecordMember

     5.63%     0.00%  sqgi     [JIT] tid 486634         [.] 0x0000ffffa248e0ef
            |
            ---0xffffa248e0ef
               |          
                --5.12%--0xffffa248e0ef
                          sqjit_write_log_release
                          |          
                           --4.86%--SQJitWriteLog::~SQJitWriteLog
                                     |          
                                      --2.05%--SQObjectPtr::~SQObjectPtr (inlined)

     5.63%     0.00%  sqgi     [JIT] tid 486634         [.] 0x0000ffffa248e0ab
            |
            ---0xffffa248e0ab
               |          
                --5.38%--0xffffa248e0ab
                          sqjit_a64_precise_step
                          |          
                           --2.30%--sqjit_a64_precise_member

     5.25%     2.04%  sqgi     sqgi                     [.] sqjit_a64_helper_member_closure_guard
            |          
             --3.21%--sqjit_a64_helper_member_closure_guard
                       sqjit_a64_helper_member_closure_guard
                       sqjit_a64_borrow_member_ptr_value
                       |          
                        --2.72%--SQTable::GetRawSlot (inlined)

     5.16%     1.96%  sqgi     sqgi                     [.] sqjit_a64_write_log_record_member
            |          
             --3.20%--sqjit_a64_write_log_record_member
                       |          
                        --2.54%--SQJitWriteLog::RecordMember

     5.12%     0.26%  sqgi     sqgi                     [.] sqjit_write_log_release
            |          
             --4.86%--sqjit_write_log_release
                       SQJitWriteLog::~SQJitWriteLog
                       |          
                        --2.05%--SQObjectPtr::~SQObjectPtr (inlined)

     4.86%     4.86%  sqgi     sqgi                     [.] SQJitWriteLog::~SQJitWriteLog
            |
            ---0xffffa248e0ef
               0xffffa248e0ef
               sqjit_write_log_release
               SQJitWriteLog::~SQJitWriteLog
               |          
                --2.05%--SQObjectPtr::~SQObjectPtr (inlined)

     4.35%     0.00%  sqgi     [JIT] tid 486634         [.] 0x0000ffffa248d14b
            |
            ---0xffffa248d14b
               |          
                --2.30%--0xffffa248d14b
                          sqjit_a64_helper_member_closure_guard

     4.35%     0.00%  sqgi     [JIT] tid 486634         [.] 0x0000ffffa248c14b
            |
            ---0xffffa248c14b

     4.07%     4.07%  sqgi     sqgi                     [.] SQJitWriteLog::CanRelease
     3.84%     0.00%  sqgi     [JIT] tid 486634         [.] 0x0000ffffa248e043
            |
            ---0xffffa248e043
               |          
                --2.30%--0xffffa248e043
                          sqjit_write_log_init_frame
                          SQJitWriteLog::SQJitWriteLog

     3.84%     2.30%  sqgi     sqgi                     [.] SQVM::Return
            |          
             --2.30%--__libc_start_call_main
                       __libc_start_call_main
                       main
                       sq_call
                       SQVM::Execute
                       sqjit_try_execute_current
                       SQVM::Return

     3.39%     0.00%  sqgi     [JIT] tid 486634         [.] 0x0000ffffa248f167
            |
            ---0xffffa248f167

     3.33%     2.05%  sqgi     sqgi                     [.] sqjit_try_execute_current_loop
            |          
             --2.05%--__libc_start_call_main
                       __libc_start_call_main
                       main
                       sq_call
                       SQVM::Execute
                       sqjit_try_execute_current_loop

     3.32%     3.32%  sqgi     sqgi                     [.] sqjit_a64_resolve_root_store_slot
     3.21%     3.21%  sqgi     sqgi                     [.] sqjit_a64_borrow_member_ptr_value
     3.07%     0.00%  sqgi     sqgi                     [.] sqjit_a64_member_store_slot (inlined)
            |
            ---sqjit_a64_member_store_slot (inlined)
               sqjit_a64_member_store_slot (inlined)

     2.81%     2.05%  sqgi     sqgi                     [.] SQVM::StartCall
            |          
             --2.05%--__libc_start_call_main
                       __libc_start_call_main
                       main
                       sq_call
                       SQVM::Execute
                       SQVM::StartCall

     2.81%     0.00%  sqgi     sqgi                     [.] SQJitWriteLog::ContainsMember<true> (inlined)
            |
            ---SQJitWriteLog::ContainsMember<true> (inlined)

     2.72%     0.00%  sqgi     sqgi                     [.] SQTable::GetRawSlot (inlined)
            |
            ---SQTable::GetRawSlot (inlined)

     2.56%     0.00%  sqgi     [JIT] tid 486634         [.] 0x0000ffffa248e07b
            |
            ---0xffffa248e07b
               |          
                --2.05%--0xffffa248e07b
                          sqjit_a64_precise_step

     2.56%     0.00%  sqgi     sqgi                     [.] SQObjectPtr::operator= (inlined)
            |
            ---SQObjectPtr::operator= (inlined)

     2.51%     0.00%  sqgi     sqgi                     [.] sq_member_raw_slot (inlined)
            |
            ---sq_member_raw_slot (inlined)
               |          
                --2.26%--SQTable::GetRawSlot (inlined)

     2.30%     2.30%  sqgi     sqgi                     [.] SQJitWriteLog::SQJitWriteLog
            |
            ---0xffffa248e043
               0xffffa248e043
               sqjit_write_log_init_frame
               SQJitWriteLog::SQJitWriteLog

     2.30%     0.00%  sqgi     sqgi                     [.] sqjit_write_log_init_frame
            |
            ---sqjit_write_log_init_frame
               SQJitWriteLog::SQJitWriteLog

     2.30%     2.30%  sqgi     sqgi                     [.] sqjit_on_function_enter
            |
            ---__libc_start_call_main
               __libc_start_call_main
               main
               sq_call
               SQVM::Execute
               sqjit_on_function_enter

     2.30%     2.30%  sqgi     sqgi                     [.] sqjit_try_execute_closure
            |
            ---__libc_start_call_main
               __libc_start_call_main
               main
               sq_call
               SQVM::Execute
               sqjit_try_execute_closure

     2.30%     2.30%  sqgi     sqgi                     [.] sqjit_a64_precise_member
            |
            ---0xffffa248e0ab
               0xffffa248e0ab
               sqjit_a64_precise_step
               sqjit_a64_precise_member

     2.30%     0.77%  sqgi     sqgi                     [.] SQVM::CMP_OP
     2.30%     0.00%  sqgi     sqgi                     [.] sqjit_a64_member_store_slot (inlined)
            |
            ---sqjit_a64_member_store_slot (inlined)
               sqjit_a64_member_store_slot (inlined)

     2.26%     0.00%  sqgi     sqgi                     [.] SQTable::GetRawSlot (inlined)
            |
            ---SQTable::GetRawSlot (inlined)

     2.05%     0.00%  sqgi     sqgi                     [.] SQObjectPtr::~SQObjectPtr (inlined)
            |
            ---SQObjectPtr::~SQObjectPtr (inlined)

     2.05%     0.00%  sqgi     sqgi                     [.] SQTable::GetRawSlot (inlined)
            |
            ---SQTable::GetRawSlot (inlined)



#
# (Cannot load tips.txt file, please install perf!)
#
