BENCH	receiver_integer	200000	0.058075000	595177
BENCH	root_integer	200000	0.344065000	595177
BENCH	root_reference	200000	0.083085000	799457
BENCH	root_integer_result	200000	0.064870000	795177
BENCH	receiver_integer	200000	0.058175000	595177
BENCH	root_integer	200000	0.345745000	595177
BENCH	root_reference	200000	0.085195000	799457
BENCH	root_integer_result	200000	0.064725000	795177
BENCH	receiver_integer	200000	0.058045000	595177
BENCH	root_integer	200000	0.343970000	595177
BENCH	root_reference	200000	0.087200000	799457
BENCH	root_integer_result	200000	0.064885000	795177
803.43;msec;task-clock:u;0.25%;803427042;100.00;0.996;CPUs utilized
1784736688;;cycles:u;0.27%;803513374;100.00;2.229;GHz
5237671133;;instructions:u;0.04%;803513374;100.00;2.94;insn per cycle
377244;;branch-misses:u;17.82%;803513374;100.00;;
2015128113;;cache-references:u;0.15%;803513374;100.00;2.516;G/sec
194133;;cache-misses:u;0.04%;803513374;100.00;0.010;of all cache refs
782;;page-faults:u;0.00%;803427042;100.00;976.563;/sec
0;;context-switches:u;0.00%;803427042;100.00;0.000;/sec
