# To display the perf.data header info, please use --header/--header-only options.
#
#
# Total Lost Samples: 0
#
# Samples: 571  of event 'cycles:u'
# Event count (approx.): 2469126711
#
# Children      Self  Command  Shared Object                 Symbol                                                                                                                                                         
# ........  ........  .......  ............................  ...............................................................................................................................................................
#
    30.94%     0.00%  sqgi     sqgi                          [.] _start
            |
            ---_start
               __libc_start_main_impl (inlined)
               __libc_start_call_main
               main
               |          
                --30.88%--sq_call
                          SQVM::Execute
                          |          
                          |--7.79%--SQVM::DerefInc
                          |          |          
                          |           --4.16%--SQVM::Set
                          |                     |          
                          |                      --2.35%--SQTable::Set
                          |          
                           --5.98%--SQVM::Get
                                     |          
                                      --3.44%--SQTable::Get
                                                |          
                                                 --2.18%--SQTable::_Get (inlined)

    30.94%     0.00%  sqgi     libc.so.6                     [.] __libc_start_main_impl (inlined)
            |
            ---__libc_start_main_impl (inlined)
               __libc_start_call_main
               main
               |          
                --30.88%--sq_call
                          SQVM::Execute
                          |          
                          |--7.79%--SQVM::DerefInc
                          |          |          
                          |           --4.16%--SQVM::Set
                          |                     |          
                          |                      --2.35%--SQTable::Set
                          |          
                           --5.98%--SQVM::Get
                                     |          
                                      --3.44%--SQTable::Get
                                                |          
                                                 --2.18%--SQTable::_Get (inlined)

    30.94%     0.00%  sqgi     libc.so.6                     [.] __libc_start_call_main
            |
            ---__libc_start_call_main
               main
               |          
                --30.88%--sq_call
                          SQVM::Execute
                          |          
                          |--7.79%--SQVM::DerefInc
                          |          |          
                          |           --4.16%--SQVM::Set
                          |                     |          
                          |                      --2.35%--SQTable::Set
                          |          
                           --5.98%--SQVM::Get
                                     |          
                                      --3.44%--SQTable::Get
                                                |          
                                                 --2.18%--SQTable::_Get (inlined)

    30.94%     0.00%  sqgi     sqgi                          [.] main
            |
            ---main
               |          
                --30.88%--sq_call
                          SQVM::Execute
                          |          
                          |--7.79%--SQVM::DerefInc
                          |          |          
                          |           --4.16%--SQVM::Set
                          |                     |          
                          |                      --2.35%--SQTable::Set
                          |          
                           --5.98%--SQVM::Get
                                     |          
                                      --3.44%--SQTable::Get
                                                |          
                                                 --2.18%--SQTable::_Get (inlined)

    30.88%    12.97%  sqgi     sqgi                          [.] SQVM::Execute
            |          
            |--17.91%--SQVM::Execute
            |          |          
            |          |--7.79%--SQVM::DerefInc
            |          |          |          
            |          |           --4.16%--SQVM::Set
            |          |                     |          
            |          |                      --2.35%--SQTable::Set
            |          |          
            |           --5.98%--SQVM::Get
            |                     |          
            |                      --3.44%--SQTable::Get
            |                                |          
            |                                 --2.18%--SQTable::_Get (inlined)
            |          
             --12.97%--_start
                       __libc_start_main_impl (inlined)
                       __libc_start_call_main
                       main
                       sq_call
                       SQVM::Execute

    30.88%     0.00%  sqgi     sqgi                          [.] sq_call
            |
            ---sq_call
               SQVM::Execute
               |          
               |--7.79%--SQVM::DerefInc
               |          |          
               |           --4.16%--SQVM::Set
               |                     |          
               |                      --2.35%--SQTable::Set
               |          
                --5.98%--SQVM::Get
                          |          
                           --3.44%--SQTable::Get
                                     |          
                                      --2.18%--SQTable::_Get (inlined)

    24.31%     5.53%  sqgi     sqgi                          [.] sqjit_a64_helper_member_set_integer_logged
            |          
            |--18.78%--sqjit_a64_helper_member_set_integer_logged
            |          |          
            |           --18.41%--sqjit_a64_helper_member_set_integer_logged
            |                     SQJitWriteLog::RecordMember
            |                     |          
            |                     |--14.89%--SQJitWriteLog::ContainsMember<false> (inlined)
            |                     |          |          
            |                     |           --6.17%--SQJitWriteLog::ContainsMember<false>(SQObjectPtr const&, SQObjectPtr const&, SQObjectPtr const&) const::{lambda(SQJitWriteLog::Entry const&)#1}::operator() (inlined)
            |                     |          
            |                      --2.65%--SQJitWriteLog::CanRelease
            |          
            |--2.87%--0xffff804dc3d3
            |          0xffff804dc3d3
            |          sqjit_a64_helper_member_set_integer_logged
            |          
             --2.66%--0xffff804dc4e3
                       0xffff804dc4e3
                       sqjit_a64_helper_member_set_integer_logged
                       |          
                        --2.14%--sqjit_a64_member_store_slot (inlined)
                                  sqjit_a64_member_store_slot (inlined)

    17.75%     0.00%  sqgi     [JIT] tid 441531              [.] 0x0000ffff804dc4e3
            |
            ---0xffff804dc4e3
               |          
                --12.54%--0xffff804dc4e3
                          sqjit_a64_helper_member_set_integer_logged
                          |          
                          |--9.70%--sqjit_a64_helper_member_set_integer_logged
                          |          SQJitWriteLog::RecordMember
                          |          |          
                          |           --7.77%--SQJitWriteLog::ContainsMember<false> (inlined)
                          |                     |          
                          |                      --3.90%--SQJitWriteLog::ContainsMember<false>(SQObjectPtr const&, SQObjectPtr const&, SQObjectPtr const&) const::{lambda(SQJitWriteLog::Entry const&)#1}::operator() (inlined)
                          |          
                           --2.14%--sqjit_a64_member_store_slot (inlined)
                                     sqjit_a64_member_store_slot (inlined)

    14.89%     0.00%  sqgi     sqgi                          [.] SQJitWriteLog::ContainsMember<false> (inlined)
            |
            ---SQJitWriteLog::ContainsMember<false> (inlined)
               |          
                --6.17%--SQJitWriteLog::ContainsMember<false>(SQObjectPtr const&, SQObjectPtr const&, SQObjectPtr const&) const::{lambda(SQJitWriteLog::Entry const&)#1}::operator() (inlined)

    14.24%    11.77%  sqgi     sqgi                          [.] SQJitWriteLog::RecordMember
            |          
            |--6.50%--0xffff804dc4e3
            |          0xffff804dc4e3
            |          sqjit_a64_helper_member_set_integer_logged
            |          sqjit_a64_helper_member_set_integer_logged
            |          SQJitWriteLog::RecordMember
            |          |          
            |           --6.32%--SQJitWriteLog::ContainsMember<false> (inlined)
            |                     |          
            |                      --3.17%--SQJitWriteLog::ContainsMember<false>(SQObjectPtr const&, SQObjectPtr const&, SQObjectPtr const&) const::{lambda(SQJitWriteLog::Entry const&)#1}::operator() (inlined)
            |          
            |--5.28%--0xffff804dc3d3
            |          0xffff804dc3d3
            |          sqjit_a64_helper_member_set_integer_logged
            |          sqjit_a64_helper_member_set_integer_logged
            |          SQJitWriteLog::RecordMember
            |          |          
            |           --4.94%--SQJitWriteLog::ContainsMember<false> (inlined)
            |          
             --2.47%--SQJitWriteLog::RecordMember

    13.55%     0.00%  sqgi     [JIT] tid 441531              [.] 0x0000ffff804dc3d3
            |
            ---0xffff804dc3d3
               |          
                --11.76%--0xffff804dc3d3
                          sqjit_a64_helper_member_set_integer_logged
                          |          
                           --8.89%--sqjit_a64_helper_member_set_integer_logged
                                     |          
                                      --8.71%--SQJitWriteLog::RecordMember
                                                |          
                                                 --7.12%--SQJitWriteLog::ContainsMember<false> (inlined)
                                                           |          
                                                            --2.27%--SQJitWriteLog::ContainsMember<false>(SQObjectPtr const&, SQObjectPtr const&, SQObjectPtr const&) const::{lambda(SQJitWriteLog::Entry const&)#1}::operator() (inlined)

    11.96%     0.00%  sqgi     [JIT] tid 441531              [.] 0x0000ffff804dc1b3
            |
            ---0xffff804dc1b3
               |          
                --5.34%--0xffff804dc1b3
                          sqjit_a64_helper_array_get_object
                          |          
                           --2.31%--SQArray::Get (inlined)
                                     |          
                                      --2.13%--SQArray::Get (inlined)

    11.39%     0.00%  sqgi     [JIT] tid 441531              [.] 0x0000ffff804df18b
            |
            ---0xffff804df18b
               |          
                --4.91%--0xffff804df18b
                          sqjit_a64_helper_member_closure_guard
                          |          
                           --2.41%--sqjit_a64_borrow_member_value_with_root (inlined)
                                     |          
                                      --2.04%--sqjit_a64_helper_member_closure_guard
                                                sqjit_a64_borrow_member_ptr_value

    10.52%     0.69%  sqgi     sqgi                          [.] sqjit_a64_helper_member_closure_guard
            |          
             --9.83%--sqjit_a64_helper_member_closure_guard
                       |          
                       |--4.94%--sqjit_a64_borrow_member_value_with_root (inlined)
                       |          |          
                       |           --4.40%--sqjit_a64_helper_member_closure_guard
                       |                     sqjit_a64_borrow_member_ptr_value
                       |                     |          
                       |                      --3.67%--SQTable::GetRawSlot (inlined)
                       |                                |          
                       |                                 --2.59%--SQTable::_Get (inlined)
                       |          
                        --4.89%--sqjit_a64_helper_member_closure_guard
                                  sqjit_a64_root_fallback_safe
                                  |          
                                   --3.62%--SQTable::GetRawSlot (inlined)
                                             |          
                                              --2.71%--SQTable::_Get (inlined)

     7.79%     1.45%  sqgi     sqgi                          [.] SQVM::DerefInc
            |          
             --6.34%--SQVM::DerefInc
                       |          
                        --4.16%--SQVM::Set
                                  |          
                                   --2.35%--SQTable::Set

     7.42%     1.63%  sqgi     sqgi                          [.] SQVM::Get
            |          
             --5.80%--SQVM::Get
                       |          
                        --4.53%--SQTable::Get
                                  |          
                                   --2.54%--SQTable::_Get (inlined)

     6.33%     0.00%  sqgi     [JIT] tid 441531              [.] 0x0000ffff804de21b
            |
            ---0xffff804de21b
               |          
                --2.72%--0xffff804de21b
                          sqjit_a64_helper_member_closure_guard

     6.17%     0.00%  sqgi     sqgi                          [.] SQJitWriteLog::ContainsMember<false>(SQObjectPtr const&, SQObjectPtr const&, SQObjectPtr const&) const::{lambda(SQJitWriteLog::Entry const&)#1}::operator() (inlined)
            |
            ---SQJitWriteLog::ContainsMember<false>(SQObjectPtr const&, SQObjectPtr const&, SQObjectPtr const&) const::{lambda(SQJitWriteLog::Entry const&)#1}::operator() (inlined)

     6.16%     0.00%  sqgi     [JIT] tid 441531              [.] 0x0000ffff804dd1af
            |
            ---0xffff804dd1af
               |          
                --2.90%--0xffff804dd1af
                          sqjit_a64_helper_member_closure_guard

     5.34%     5.34%  sqgi     sqgi                          [.] sqjit_a64_helper_array_get_object
            |
            ---0xffff804dc1b3
               0xffff804dc1b3
               sqjit_a64_helper_array_get_object
               |          
                --2.31%--SQArray::Get (inlined)
                          |          
                           --2.13%--SQArray::Get (inlined)

     4.94%     4.94%  sqgi     sqgi                          [.] sqjit_a64_borrow_member_ptr_value
            |          
             --2.41%--0xffff804df18b
                       0xffff804df18b
                       sqjit_a64_helper_member_closure_guard
                       sqjit_a64_borrow_member_value_with_root (inlined)
                       |          
                        --2.04%--sqjit_a64_helper_member_closure_guard
                                  sqjit_a64_borrow_member_ptr_value

     4.94%     0.00%  sqgi     sqgi                          [.] sqjit_a64_borrow_member_value_with_root (inlined)
            |
            ---sqjit_a64_borrow_member_value_with_root (inlined)
               |          
                --4.40%--sqjit_a64_helper_member_closure_guard
                          sqjit_a64_borrow_member_ptr_value
                          |          
                           --3.67%--SQTable::GetRawSlot (inlined)
                                     |          
                                      --2.59%--SQTable::_Get (inlined)

     4.89%     4.89%  sqgi     sqgi                          [.] sqjit_a64_root_fallback_safe
     4.53%     4.17%  sqgi     sqgi                          [.] SQTable::Get
            |          
             --4.17%--_start
                       __libc_start_main_impl (inlined)
                       __libc_start_call_main
                       main
                       sq_call
                       SQVM::Execute
                       |          
                        --3.08%--SQVM::Get
                                  SQTable::Get

     4.17%     3.08%  sqgi     sqgi                          [.] SQJitWriteLog::RecordMember
     4.16%     1.81%  sqgi     sqgi                          [.] SQVM::Set
            |          
             --2.35%--SQVM::Set
                       SQTable::Set

     3.67%     0.00%  sqgi     sqgi                          [.] SQTable::GetRawSlot (inlined)
            |
            ---SQTable::GetRawSlot (inlined)
               |          
                --2.59%--SQTable::_Get (inlined)

     3.62%     0.00%  sqgi     sqgi                          [.] SQTable::GetRawSlot (inlined)
            |
            ---SQTable::GetRawSlot (inlined)
               |          
                --2.71%--SQTable::_Get (inlined)

     2.85%     0.00%  sqgi     sqgi                          [.] sqjit_a64_member_store_slot (inlined)
            |
            ---sqjit_a64_member_store_slot (inlined)
               |          
                --2.50%--sqjit_a64_member_store_slot (inlined)

     2.71%     0.00%  sqgi     sqgi                          [.] SQTable::_Get (inlined)
            |
            ---SQTable::_Get (inlined)

     2.65%     2.65%  sqgi     sqgi                          [.] SQJitWriteLog::CanRelease
     2.59%     0.00%  sqgi     sqgi                          [.] SQTable::_Get (inlined)
            |
            ---SQTable::_Get (inlined)

     2.54%     0.00%  sqgi     sqgi                          [.] SQTable::_Get (inlined)
            |
            ---SQTable::_Get (inlined)

     2.35%     2.35%  sqgi     sqgi                          [.] SQTable::Set
            |
            ---_start
               __libc_start_main_impl (inlined)
               __libc_start_call_main
               main
               sq_call
               SQVM::Execute
               SQVM::DerefInc
               SQVM::Set
               SQTable::Set

     2.31%     0.00%  sqgi     sqgi                          [.] SQArray::Get (inlined)
            |
            ---SQArray::Get (inlined)
               |          
                --2.13%--SQArray::Get (inlined)



#
# (Cannot load tips.txt file, please install perf!)
#
