BENCH	route_balanced	200000	0.052665000	300346
BENCH	route_skewed	200000	0.053475000	122121
BENCH	pricing_events	200000	0.058335000	636940
BENCH	filter_stream	200000	0.057105000	10704.521037291815
BENCH	records_64	200000	0.135600000	599323
BENCH	records_4096	200000	0.282150000	385702
BENCH	word_count	200000	0.267795000	116910
BENCH	graph_walk	200000	0.012655000	386354
BENCH	route_balanced	200000	0.053210000	300346
BENCH	route_skewed	200000	0.051965000	122121
BENCH	pricing_events	200000	0.059785000	636940
BENCH	filter_stream	200000	0.056845000	10704.521037291815
BENCH	records_64	200000	0.142295000	599323
BENCH	records_4096	200000	0.267820000	385702
BENCH	word_count	200000	0.268525000	116910
BENCH	graph_walk	200000	0.012535000	386354
BENCH	route_balanced	200000	0.052800000	300346
BENCH	route_skewed	200000	0.052505000	122121
BENCH	pricing_events	200000	0.059310000	636940
BENCH	filter_stream	200000	0.056070000	10704.521037291815
BENCH	records_64	200000	0.138890000	599323
BENCH	records_4096	200000	0.286615000	385702
BENCH	word_count	200000	0.268775000	116910
BENCH	graph_walk	200000	0.012560000	386354
1128.24;msec;task-clock:u;0.49%;1128242782;100.00;1.001;CPUs utilized
2490902001;;cycles:u;0.55%;1128451043;100.00;2.229;GHz
5959753630;;instructions:u;0.14%;1128451043;100.00;2.42;insn per cycle
5163863;;branch-misses:u;4.87%;1128451043;100.00;;
2243079808;;cache-references:u;0.15%;1128451043;100.00;2.008;G/sec
16389622;;cache-misses:u;5.90%;1128451043;100.00;0.729;of all cache refs
3863;;page-faults:u;0.01%;1128242782;100.00;3.457;K/sec
0;;context-switches:u;0.00%;1128242782;100.00;0.000;/sec
