BENCH	filter	200000	0.023945000	10.254364576940203
BENCH	channels_4	200000	0.080325000	20.621658757381574
BENCH	pressure_8	200000	0.155130000	30.900920683591639
BENCH	integration	200000	0.038365000	1562.9738403896752
BENCH	retained_input	200000	0.046240000	399985.55383443867
BENCH	branching	200000	0.031835000	1.6005902475563216
BENCH	helper_control	200000	0.055060000	3.7152600782050693
BENCH	filter	200000	0.023980000	10.254364576940203
BENCH	channels_4	200000	0.081250000	20.621658757381574
BENCH	pressure_8	200000	0.156375000	30.900920683591639
BENCH	integration	200000	0.038365000	1562.9738403896752
BENCH	retained_input	200000	0.045555000	399985.55383443867
BENCH	branching	200000	0.032030000	1.6005902475563216
BENCH	helper_control	200000	0.056375000	3.7152600782050693
BENCH	filter	200000	0.023315000	10.254364576940203
BENCH	channels_4	200000	0.079920000	20.621658757381574
BENCH	pressure_8	200000	0.155740000	30.900920683591639
BENCH	integration	200000	0.038015000	1562.9738403896752
BENCH	retained_input	200000	0.046465000	399985.55383443867
BENCH	branching	200000	0.031785000	1.6005902475563216
BENCH	helper_control	200000	0.055485000	3.7152600782050693
623.13;msec;task-clock:u;0.77%;623130671;100.00;0.987;CPUs utilized
1367887011;;cycles:u;0.11%;623292833;100.00;2.188;GHz
3919046032;;instructions:u;0.00%;623292833;100.00;2.86;insn per cycle
163647;;branch-misses:u;1.20%;623292833;100.00;;
1444448392;;cache-references:u;0.00%;623292833;100.00;2.310;G/sec
250203;;cache-misses:u;1.18%;623292833;100.00;0.017;of all cache refs
784;;page-faults:u;0.04%;623130671;100.00;1.254;K/sec
0;;context-switches:u;0.00%;623130671;100.00;0.000;/sec
