# To display the perf.data header info, please use --header/--header-only options.
#
#
# Total Lost Samples: 0
#
# Samples: 322  of event 'cycles:u'
# Event count (approx.): 1367630111
#
# Children      Self  Command  Shared Object          Symbol                                          
# ........  ........  .......  .....................  ................................................
#
    26.82%     9.79%  sqgi     sqgi                   [.] sqjit_a64_helper_member_closure_guard
            |          
             --17.03%--sqjit_a64_helper_member_closure_guard
                       sqjit_a64_helper_member_closure_guard
                       sqjit_a64_borrow_member_ptr_value
                       |          
                        --11.25%--SQTable::GetRawSlot (inlined)
                                  |          
                                  |--3.87%--SQTable::_Get (inlined)
                                  |          
                                   --3.13%--HashObj (inlined)

    19.33%    19.33%  sqgi     sqgi                   [.] sqjit_a64_borrow_member_ptr_value
            |          
             --2.30%--0xffffaba1c19f
                       0xffffaba1c19f
                       sqjit_a64_helper_member_native_closure_guard
                       sqjit_a64_helper_member_native_closure_guard
                       sqjit_a64_borrow_member_ptr_value

    13.22%     0.00%  sqgi     sqgi                   [.] SQTable::GetRawSlot (inlined)
            |
            ---SQTable::GetRawSlot (inlined)
               |          
               |--5.18%--SQTable::_Get (inlined)
               |          
                --3.46%--HashObj (inlined)

     8.82%     0.00%  sqgi     [JIT] tid 441857       [.] 0x0000ffffaba1f1d3
            |
            ---0xffffaba1f1d3

     7.41%     0.00%  sqgi     [JIT] tid 441857       [.] 0x0000ffffaba1d153
            |
            ---0xffffaba1d153
               |          
                --2.05%--0xffffaba1d198

     5.91%     0.00%  sqgi     [JIT] tid 441857       [.] 0x0000ffffaba1c19f
            |
            ---0xffffaba1c19f
               |          
                --2.63%--0xffffaba1c19f
                          sqjit_a64_helper_member_native_closure_guard
                          |          
                           --2.30%--sqjit_a64_helper_member_native_closure_guard
                                     sqjit_a64_borrow_member_ptr_value

     5.57%     0.00%  sqgi     [JIT] tid 441857       [.] 0x0000ffffabc23857
            |
            ---0xffffabc23857

     5.37%     0.00%  sqgi     [JIT] tid 441857       [.] 0x0000ffffabc25153
            |
            ---0xffffabc25153

     5.25%     0.00%  sqgi     [JIT] tid 441857       [.] 0x0000ffffabc2379b
            |
            ---0xffffabc2379b
               |          
                --2.95%--0xffffabc2379b
                          sqjit_a64_helper_member_closure_guard

     5.24%     0.00%  sqgi     [JIT] tid 441857       [.] 0x0000ffffaba1c207
            |
            ---0xffffaba1c207
               |          
                --2.62%--0xffffaba1c248

     5.23%     0.00%  sqgi     [JIT] tid 441857       [.] 0x0000ffffaba1e1df
            |
            ---0xffffaba1e1df

     5.18%     0.00%  sqgi     sqgi                   [.] SQTable::_Get (inlined)
            |
            ---SQTable::_Get (inlined)

     4.91%     0.00%  sqgi     [JIT] tid 441857       [.] 0x0000ffffabc234ab
            |
            ---0xffffabc234ab

     4.91%     0.00%  sqgi     [JIT] tid 441857       [.] 0x0000ffffaba1e297
            |
            ---0xffffaba1e297

     4.90%     0.00%  sqgi     [JIT] tid 441857       [.] 0x0000ffffabc24477
            |
            ---0xffffabc24477
               |          
                --2.62%--0xffffabc24477
                          sqjit_a64_helper_member_closure_guard

     4.89%     0.00%  sqgi     [JIT] tid 441857       [.] 0x0000ffffabc243b7
            |
            ---0xffffabc243b7

     4.89%     0.00%  sqgi     [JIT] tid 441857       [.] 0x0000ffffabc242f7
            |
            ---0xffffabc242f7
               |          
                --2.28%--0xffffabc242f7
                          sqjit_a64_helper_member_closure_guard

     4.58%     0.00%  sqgi     [JIT] tid 441857       [.] 0x0000ffffabc23567
            |
            ---0xffffabc23567

     4.58%     0.00%  sqgi     [JIT] tid 441857       [.] 0x0000ffffabc23313
            |
            ---0xffffabc23313

     4.26%     0.00%  sqgi     [JIT] tid 441857       [.] 0x0000ffffabc236df
            |
            ---0xffffabc236df
               |          
                --2.95%--0xffffabc236df
                          sqjit_a64_helper_member_closure_guard

     3.59%     0.00%  sqgi     [JIT] tid 441857       [.] 0x0000ffffabc23623
            |
            ---0xffffabc23623

     3.59%     0.00%  sqgi     [JIT] tid 441857       [.] 0x0000ffffabc24237
            |
            ---0xffffabc24237

     3.46%     0.00%  sqgi     sqgi                   [.] HashObj (inlined)
            |
            ---HashObj (inlined)

     2.94%     0.00%  sqgi     [JIT] tid 441857       [.] 0x0000ffffabc233ef
            |
            ---0xffffabc233ef

     2.63%     0.33%  sqgi     sqgi                   [.] sqjit_a64_helper_member_native_closure_guard
            |          
             --2.30%--sqjit_a64_helper_member_native_closure_guard
                       sqjit_a64_helper_member_native_closure_guard
                       sqjit_a64_borrow_member_ptr_value

     2.62%     2.62%  sqgi     [JIT] tid 441857       [.] 0x0000ffffaba1c248
            |
            ---0xffffaba1c207
               0xffffaba1c248

     2.05%     2.05%  sqgi     [JIT] tid 441857       [.] 0x0000ffffaba1d198
            |
            ---0xffffaba1d153
               0xffffaba1d198



#
# (Cannot load tips.txt file, please install perf!)
#
