
This GDB supports auto-downloading debuginfo from the following URLs:
  <https://debuginfod.ubuntu.com>
Debuginfod has been disabled.
To make this setting permanent, add 'set debuginfod enabled off' to .gdbinit.
[Thread debugging using libthread_db enabled]
Using host libthread_db library "/lib/aarch64-linux-gnu/libthread_db.so.1".
JIT_CAPTURE direct_call_kernel loop 0xfffff7d7f000 4096
JIT_CAPTURE float_call_kernel loop 0xfffff7d7d000 4096
JIT_CAPTURE numeric_loop_kernel frame 0xfffff7d7c000 4096
JIT_CAPTURE math_intrinsic_kernel frame 0xfffff7d2f000 4096
JIT_CAPTURE matrix_kernel loop 0xfffff7d2c000 8192
BENCH	direct_call	40060	0.040140	319543
BENCH	branch_call	40060	0.038742	925870
BENCH	float_call	40060	0.022741	8.2204724409448815
BENCH	numeric_loop	40060	0.023165	618847250
BENCH	vector	2003	0.382926	0.023138954082927925
BENCH	dynamic_member	2003	1.770844	408837
BENCH	dynamic_key_get_set	2003	0.212182	13224159
BENCH	object_member_write_fallback	2003	0.500250	974223
BENCH	array_append	2003	0.078382	1025324
BENCH	array_write	2003	0.037444	195889
BENCH	array_read	40060	0.007713	100150
BENCH	array_float	40060	0.007214	80120
BENCH	math_intrinsic	2003	0.204693	30195.302551347639
BENCH	math_variable	2003	0.223165	3870.6351656841866
BENCH	matrix	2003	0.319021	-0.18517297096992649
[Inferior 1 (process 442352) exited normally]
