# To display the perf.data header info, please use --header/--header-only options.
#
#
# Total Lost Samples: 0
#
# Samples: 2K of event 'cycles:u'
# Event count (approx.): 12931816055
#
# Children      Self  Command  Shared Object                 Symbol                                                                                                                                                                 
# ........  ........  .......  ............................  .......................................................................................................................................................................
#
    21.30%     0.00%  sqgi     libc.so.6                     [.] __libc_start_call_main
            |
            ---__libc_start_call_main
               __libc_start_call_main
               main
               |          
                --21.28%--sq_call
                          SQVM::Execute

    21.30%     0.00%  sqgi     sqgi                          [.] main
            |
            ---main
               |          
                --21.28%--sq_call
                          SQVM::Execute

    21.28%    16.73%  sqgi     sqgi                          [.] SQVM::Execute
            |          
            |--16.73%--__libc_start_call_main
            |          __libc_start_call_main
            |          main
            |          sq_call
            |          SQVM::Execute
            |          
             --4.55%--SQVM::Execute

    21.28%     0.00%  sqgi     sqgi                          [.] sq_call
            |
            ---sq_call
               SQVM::Execute

    11.57%     0.00%  sqgi     [JIT] tid 441419              [.] 0x0000ffffb0e34153
            |
            ---0xffffb0e34153
               |          
                --2.29%--0xffffb0e34258

    10.95%     0.00%  sqgi     [JIT] tid 441419              [.] 0x0000ffffb0e33153
            |
            ---0xffffb0e33153

     7.78%     0.62%  sqgi     sqgi                          [.] sqjit_a64_helper_publish_stack_write
            |          
             --7.16%--sqjit_a64_helper_publish_stack_write
                       |          
                        --6.78%--SQJitWriteLog::PublishStackWrite

     7.06%     0.00%  sqgi     [JIT] tid 441419              [.] 0x0000ffffb0e32153
            |
            ---0xffffb0e32153

     6.78%     1.42%  sqgi     sqgi                          [.] SQJitWriteLog::PublishStackWrite
            |          
             --5.36%--SQJitWriteLog::PublishStackWrite

     6.42%     0.00%  sqgi     [JIT] tid 441419              [.] 0x0000ffffb0e31043
            |
            ---0xffffb0e31043
               |          
                --2.18%--0xffffb0e31240

     5.41%     0.00%  sqgi     [JIT] tid 441419              [.] 0x0000ffffb0e20343
            |
            ---0xffffb0e20343

     4.91%     1.77%  sqgi     sqgi                          [.] sqjit_a64_helper_member_closure_guard
            |          
             --3.14%--sqjit_a64_helper_member_closure_guard
                       sqjit_a64_helper_member_closure_guard
                       sqjit_a64_borrow_member_ptr_value

     4.35%     4.35%  sqgi     sqgi                          [.] sqjit_a64_borrow_member_ptr_value
     3.19%     1.56%  sqgi     sqgi                          [.] sqjit_a64_helper_member_set_reference_logged
     2.98%     1.84%  sqgi     sqgi                          [.] SQJitWriteLog::CanRelease
     2.73%     0.00%  sqgi     sqgi                          [.] SQTable::GetRawSlot (inlined)
            |
            ---SQTable::GetRawSlot (inlined)

     2.67%     2.67%  sqgi     [JIT] tid 441419              [.] 0x0000ffffb0e31240
            |          
             --2.18%--0xffffb0e31043
                       0xffffb0e31240

     2.59%     2.14%  sqgi     sqgi                          [.] SQJitWriteLog::RecordStackSlot
     2.35%     0.00%  sqgi     [JIT] tid 441419              [.] 0x0000ffffb0e2314f
            |
            ---0xffffb0e2314f

     2.29%     2.29%  sqgi     sqgi                          [.] SQTable::Get
     2.29%     2.29%  sqgi     [JIT] tid 441419              [.] 0x0000ffffb0e34258
            |
            ---0xffffb0e34153
               0xffffb0e34258

     2.18%     1.11%  sqgi     sqgi                          [.] sqjit_number_conversion_guard
     2.03%     1.65%  sqgi     sqgi                          [.] SQJitWriteLog::RetainValue


#
# (Cannot load tips.txt file, please install perf!)
#
