BENCH	direct_call	3200000	0.034785	563347
BENCH	branch_call	3200000	0.032839	599062
BENCH	float_call	3200000	0.021121	8.2204724409448815
BENCH	numeric_loop	3200000	0.023264	612398470
BENCH	vector	160000	0.387675	0.12553851953971693
BENCH	dynamic_member	160000	1.551238	7261462
BENCH	dynamic_key_get_set	160000	0.185994	6566091
BENCH	object_member_write_fallback	160000	0.478119	595919
BENCH	array_append	160000	0.117556	3048687
BENCH	array_write	160000	0.037375	831988
BENCH	array_read	3200000	0.007618	8000000
BENCH	array_float	3200000	0.007249	6400000
BENCH	math_intrinsic	160000	0.205250	2418270.8295144332
BENCH	math_variable	160000	0.222531	313782.39947747899
BENCH	matrix	160000	0.319694	-0.024510798820940455
BENCH	direct_call	3200000	0.034803	563347
BENCH	branch_call	3200000	0.033072	599062
BENCH	float_call	3200000	0.021018	8.2204724409448815
BENCH	numeric_loop	3200000	0.023164	612398470
BENCH	vector	160000	0.380969	0.12553851953971693
BENCH	dynamic_member	160000	1.534625	7261462
BENCH	dynamic_key_get_set	160000	0.185769	6566091
BENCH	object_member_write_fallback	160000	0.477156	595919
BENCH	array_append	160000	0.122188	3048687
BENCH	array_write	160000	0.037187	831988
BENCH	array_read	3200000	0.007525	8000000
BENCH	array_float	3200000	0.007207	6400000
BENCH	math_intrinsic	160000	0.207950	2418270.8295144332
BENCH	math_variable	160000	0.224369	313782.39947747899
BENCH	matrix	160000	0.320181	-0.024510798820940455
BENCH	direct_call	3200000	0.034830	563347
BENCH	branch_call	3200000	0.032573	599062
BENCH	float_call	3200000	0.021169	8.2204724409448815
BENCH	numeric_loop	3200000	0.023203	612398470
BENCH	vector	160000	0.389319	0.12553851953971693
BENCH	dynamic_member	160000	1.539406	7261462
BENCH	dynamic_key_get_set	160000	0.186456	6566091
BENCH	object_member_write_fallback	160000	0.477712	595919
BENCH	array_append	160000	0.122044	3048687
BENCH	array_write	160000	0.037281	831988
BENCH	array_read	3200000	0.007625	8000000
BENCH	array_float	3200000	0.007249	6400000
BENCH	math_intrinsic	160000	0.208762	2418270.8295144332
BENCH	math_variable	160000	0.222387	313782.39947747899
BENCH	matrix	160000	0.320181	-0.024510798820940455
5785.08;msec;task-clock:u;0.07%;5785079674;100.00;0.995;CPUs utilized
12937400912;;cycles:u;0.09%;5786312273;100.00;2.236;GHz
34450508202;;instructions:u;0.00%;5786312273;100.00;2.66;insn per cycle
4075324;;branch-misses:u;0.04%;5786312273;100.00;;
14074052872;;cache-references:u;0.04%;5786312273;100.00;2.432;G/sec
1288906;;cache-misses:u;0.95%;5786312273;100.00;0.009;of all cache refs
10508;;page-faults:u;0.00%;5785079674;100.00;1.816;K/sec
0;;context-switches:u;0.00%;5785079674;100.00;0.000;/sec
