# To display the perf.data header info, please use --header/--header-only options.
#
#
# Total Lost Samples: 0
#
# Samples: 1K of event 'cycles:u'
# Event count (approx.): 6264954369
#
# Children      Self  Command  Shared Object            Symbol                                      
# ........  ........  .......  .......................  ............................................
#
    91.07%     0.00%  sqgi     libc.so.6                [.] __libc_start_call_main
            |
            ---__libc_start_call_main
               __libc_start_call_main
               main
               |          
                --91.05%--sq_call
                          SQVM::Execute
                          |          
                          |--6.94%--sq_member_cache_hit (inlined)
                          |          |          
                          |           --4.15%--SQTable::GetCachedSlot (inlined)
                          |          
                          |--6.37%--SQObjectPtr::operator= (inlined)
                          |          
                          |--5.66%--SQVM::Get
                          |          |          
                          |           --2.65%--SQTable::Get
                          |          
                          |--4.43%--sq_member_raw_slot (inlined)
                          |          |          
                          |           --3.86%--SQTable::GetRawSlot (inlined)
                          |                     |          
                          |                      --2.36%--SQTable::_Get (inlined)
                          |          
                          |--3.15%--sqjit_try_execute_current_loop
                          |          
                          |--2.89%--SQArray::Get (inlined)
                          |          |          
                          |           --2.46%--SQArray::Get (inlined)
                          |          
                          |--2.79%--SQVM::CMP_OP
                          |          
                          |--2.58%--sq_vm_member_cache_for (inlined)
                          |          |          
                          |           --2.15%--SQFunctionProto::MemberCacheAt (inlined)
                          |          
                          |--2.29%--SQVM::Execute
                          |          
                          |--2.21%--SQVM::Return
                          |          
                           --2.16%--sq_member_cache_fill (inlined)

    91.07%     0.00%  sqgi     sqgi                     [.] main
            |
            ---main
               |          
                --91.05%--sq_call
                          SQVM::Execute
                          |          
                          |--6.94%--sq_member_cache_hit (inlined)
                          |          |          
                          |           --4.15%--SQTable::GetCachedSlot (inlined)
                          |          
                          |--6.37%--SQObjectPtr::operator= (inlined)
                          |          
                          |--5.66%--SQVM::Get
                          |          |          
                          |           --2.65%--SQTable::Get
                          |          
                          |--4.43%--sq_member_raw_slot (inlined)
                          |          |          
                          |           --3.86%--SQTable::GetRawSlot (inlined)
                          |                     |          
                          |                      --2.36%--SQTable::_Get (inlined)
                          |          
                          |--3.15%--sqjit_try_execute_current_loop
                          |          
                          |--2.89%--SQArray::Get (inlined)
                          |          |          
                          |           --2.46%--SQArray::Get (inlined)
                          |          
                          |--2.79%--SQVM::CMP_OP
                          |          
                          |--2.58%--sq_vm_member_cache_for (inlined)
                          |          |          
                          |           --2.15%--SQFunctionProto::MemberCacheAt (inlined)
                          |          
                          |--2.29%--SQVM::Execute
                          |          
                          |--2.21%--SQVM::Return
                          |          
                           --2.16%--sq_member_cache_fill (inlined)

    91.05%     0.00%  sqgi     sqgi                     [.] sq_call
            |
            ---sq_call
               SQVM::Execute
               |          
               |--6.94%--sq_member_cache_hit (inlined)
               |          |          
               |           --4.15%--SQTable::GetCachedSlot (inlined)
               |          
               |--6.37%--SQObjectPtr::operator= (inlined)
               |          
               |--5.66%--SQVM::Get
               |          |          
               |           --2.65%--SQTable::Get
               |          
               |--4.43%--sq_member_raw_slot (inlined)
               |          |          
               |           --3.86%--SQTable::GetRawSlot (inlined)
               |                     |          
               |                      --2.36%--SQTable::_Get (inlined)
               |          
               |--3.15%--sqjit_try_execute_current_loop
               |          
               |--2.89%--SQArray::Get (inlined)
               |          |          
               |           --2.46%--SQArray::Get (inlined)
               |          
               |--2.79%--SQVM::CMP_OP
               |          
               |--2.58%--sq_vm_member_cache_for (inlined)
               |          |          
               |           --2.15%--SQFunctionProto::MemberCacheAt (inlined)
               |          
               |--2.29%--SQVM::Execute
               |          
               |--2.21%--SQVM::Return
               |          
                --2.16%--sq_member_cache_fill (inlined)

    91.05%    70.38%  sqgi     sqgi                     [.] SQVM::Execute
            |          
            |--70.38%--__libc_start_call_main
            |          __libc_start_call_main
            |          main
            |          sq_call
            |          SQVM::Execute
            |          |          
            |          |--6.94%--sq_member_cache_hit (inlined)
            |          |          |          
            |          |           --4.15%--SQTable::GetCachedSlot (inlined)
            |          |          
            |          |--6.37%--SQObjectPtr::operator= (inlined)
            |          |          
            |          |--4.29%--sq_member_raw_slot (inlined)
            |          |          |          
            |          |           --3.72%--SQTable::GetRawSlot (inlined)
            |          |                     |          
            |          |                      --2.22%--SQTable::_Get (inlined)
            |          |          
            |          |--2.89%--SQArray::Get (inlined)
            |          |          |          
            |          |           --2.46%--SQArray::Get (inlined)
            |          |          
            |          |--2.58%--sq_vm_member_cache_for (inlined)
            |          |          |          
            |          |           --2.15%--SQFunctionProto::MemberCacheAt (inlined)
            |          |          
            |           --2.29%--SQVM::Execute
            |          
             --20.67%--SQVM::Execute
                       |          
                       |--5.66%--SQVM::Get
                       |          |          
                       |           --2.65%--SQTable::Get
                       |          
                       |--3.15%--sqjit_try_execute_current_loop
                       |          
                       |--2.79%--SQVM::CMP_OP
                       |          
                        --2.21%--SQVM::Return

     7.97%     0.00%  sqgi     sqgi                     [.] SQObjectPtr::operator= (inlined)
            |
            ---SQObjectPtr::operator= (inlined)

     6.94%     0.00%  sqgi     sqgi                     [.] sq_member_cache_hit (inlined)
            |
            ---sq_member_cache_hit (inlined)
               |          
                --4.15%--SQTable::GetCachedSlot (inlined)

     5.66%     1.15%  sqgi     sqgi                     [.] SQVM::Get
            |          
             --4.51%--SQVM::Get
                       |          
                        --2.65%--SQTable::Get

     4.51%     4.44%  sqgi     sqgi                     [.] SQTable::Get
            |          
             --3.58%--__libc_start_call_main
                       __libc_start_call_main
                       main
                       sq_call
                       SQVM::Execute
                       SQVM::Get
                       |          
                        --2.58%--SQTable::Get

     4.43%     0.00%  sqgi     sqgi                     [.] sq_member_raw_slot (inlined)
            |
            ---sq_member_raw_slot (inlined)
               |          
                --3.86%--SQTable::GetRawSlot (inlined)
                          |          
                           --2.36%--SQTable::_Get (inlined)

     4.36%     0.00%  sqgi     [JIT] tid 441582         [.] 0x0000ffff9ec4643f
            |
            ---0xffff9ec4643f

     4.15%     0.00%  sqgi     sqgi                     [.] SQTable::GetCachedSlot (inlined)
            |
            ---SQTable::GetCachedSlot (inlined)

     3.86%     0.00%  sqgi     sqgi                     [.] SQTable::GetRawSlot (inlined)
            |
            ---SQTable::GetRawSlot (inlined)
               |          
                --2.36%--SQTable::_Get (inlined)

     3.15%     2.36%  sqgi     sqgi                     [.] sqjit_try_execute_current_loop
            |          
             --2.36%--__libc_start_call_main
                       __libc_start_call_main
                       main
                       sq_call
                       SQVM::Execute
                       sqjit_try_execute_current_loop

     2.89%     0.00%  sqgi     sqgi                     [.] SQArray::Get (inlined)
            |
            ---SQArray::Get (inlined)
               |          
                --2.46%--SQArray::Get (inlined)

     2.79%     1.43%  sqgi     sqgi                     [.] SQVM::CMP_OP
     2.58%     0.00%  sqgi     sqgi                     [.] sq_vm_member_cache_for (inlined)
            |
            ---sq_vm_member_cache_for (inlined)
               |          
                --2.15%--SQFunctionProto::MemberCacheAt (inlined)

     2.36%     0.00%  sqgi     sqgi                     [.] SQTable::_Get (inlined)
            |
            ---SQTable::_Get (inlined)

     2.29%     0.00%  sqgi     sqgi                     [.] SQTable::_Get (inlined)
            |
            ---SQTable::_Get (inlined)

     2.29%     1.43%  sqgi     sqgi                     [.] sqjit_number_conversion_guard
     2.21%     1.07%  sqgi     sqgi                     [.] SQVM::Return
     2.16%     0.00%  sqgi     sqgi                     [.] sq_member_cache_fill (inlined)
            |
            ---sq_member_cache_fill (inlined)

     2.15%     0.00%  sqgi     sqgi                     [.] SQFunctionProto::MemberCacheAt (inlined)
            |
            ---SQFunctionProto::MemberCacheAt (inlined)



#
# (Cannot load tips.txt file, please install perf!)
#
