BENCH	table_events_97	200000	0.499435000	10069540
BENCH	class_events_97	200000	0.447820000	10069540
BENCH	buffers_7	200000	0.435460000	65667
BENCH	buffers_31	200000	0.435570000	651677
BENCH	calibrate_17	200000	0.085345000	1040538.515625
BENCH	calibrate_67	200000	0.086560000	1040417.796875
BENCH	table_events_97	200000	0.499275000	10069540
BENCH	class_events_97	200000	0.448540000	10069540
BENCH	buffers_7	200000	0.435100000	65667
BENCH	buffers_31	200000	0.435750000	651677
BENCH	calibrate_17	200000	0.085610000	1040538.515625
BENCH	calibrate_67	200000	0.086855000	1040417.796875
BENCH	table_events_97	200000	0.500805000	10069540
BENCH	class_events_97	200000	0.448360000	10069540
BENCH	buffers_7	200000	0.435700000	65667
BENCH	buffers_31	200000	0.435250000	651677
BENCH	calibrate_17	200000	0.085745000	1040538.515625
BENCH	calibrate_67	200000	0.086990000	1040417.796875
2795.00;msec;task-clock:u;0.16%;2795002864;100.00;0.994;CPUs utilized
6267372208;;cycles:u;0.01%;2795570156;100.00;2.239;GHz
18459593960;;instructions:u;0.00%;2795570156;100.00;2.95;insn per cycle
5455907;;branch-misses:u;0.11%;2795570156;100.00;;
7734018471;;cache-references:u;0.00%;2795570156;100.00;2.763;G/sec
5716029;;cache-misses:u;1.01%;2795570156;100.00;0.074;of all cache refs
806;;page-faults:u;0.04%;2795002864;100.00;287.983;/sec
0;;context-switches:u;0.00%;2795002864;100.00;0.000;/sec
