BENCH	transfer_table	200000	1.248735000	141925
BENCH	transfer_class	200000	1.324465000	141925
BENCH	transfer_mixed	200000	1.321040000	141925
BENCH	publish_table	200000	0.861520000	410680
BENCH	publish_class	200000	0.898740000	410680
BENCH	publish_mixed	200000	0.898640000	410680
BENCH	transfer_table	200000	1.229810000	141925
BENCH	transfer_class	200000	1.304050000	141925
BENCH	transfer_mixed	200000	1.306390000	141925
BENCH	publish_table	200000	0.860735000	410680
BENCH	publish_class	200000	0.906330000	410680
BENCH	publish_mixed	200000	0.903255000	410680
BENCH	transfer_table	200000	1.234415000	141925
BENCH	transfer_class	200000	1.307775000	141925
BENCH	transfer_mixed	200000	1.303375000	141925
BENCH	publish_table	200000	0.869920000	410680
BENCH	publish_class	200000	0.893680000	410680
BENCH	publish_mixed	200000	0.893335000	410680
9089.89;msec;task-clock:u;0.21%;9089888446;100.00;0.993;CPUs utilized
20422266129;;cycles:u;0.23%;9091954620;100.00;2.241;GHz
61059562026;;instructions:u;0.00%;9091954620;100.00;2.98;insn per cycle
10259300;;branch-misses:u;6.59%;9091954620;100.00;;
23729447978;;cache-references:u;0.01%;9091954620;100.00;2.604;G/sec
21026019;;cache-misses:u;30.99%;9091954620;100.00;0.089;of all cache refs
792;;page-faults:u;0.08%;9089888446;100.00;86.911;/sec
0;;context-switches:u;0.00%;9089888446;100.00;0.000;/sec
