# To display the perf.data header info, please use --header/--header-only options.
#
#
# Total Lost Samples: 0
#
# Samples: 6K of event 'cycles:u'
# Event count (approx.): 28354286017
#
# Children      Self  Command  Shared Object            Symbol                                                                                                                                                         
# ........  ........  .......  .......................  ...............................................................................................................................................................
#
    55.48%     4.18%  sqgi     sqgi                     [.] sqjit_a64_helper_publish_stack_write
            |          
             --51.30%--sqjit_a64_helper_publish_stack_write
                       |          
                        --50.02%--SQJitWriteLog::PublishStackWrite
                                  |          
                                  |--17.26%--SQJitWriteLog::RecordStackSlot
                                  |          |          
                                  |           --13.06%--SQJitWriteLog::FindValue<true> (inlined)
                                  |          
                                  |--12.03%--SQJitWriteLog::CanRelease
                                  |          |          
                                  |           --6.86%--SQJitWriteLog::CountPins
                                  |          
                                   --11.81%--SQJitWriteLog::RetainValue
                                             |          
                                              --10.29%--SQJitWriteLog::FindValue<false> (inlined)
                                                        |          
                                                         --5.42%--SQJitWriteLog::FindValue<false>(SQObjectPtr*, SQObjectPtr const&)::{lambda(SQJitWriteLog::ValueEntry const&)#1}::operator() (inlined)

    50.02%     8.92%  sqgi     sqgi                     [.] SQJitWriteLog::PublishStackWrite
            |          
             --41.10%--SQJitWriteLog::PublishStackWrite
                       |          
                       |--17.26%--SQJitWriteLog::RecordStackSlot
                       |          |          
                       |           --13.06%--SQJitWriteLog::FindValue<true> (inlined)
                       |          
                       |--12.03%--SQJitWriteLog::CanRelease
                       |          |          
                       |           --6.86%--SQJitWriteLog::CountPins
                       |          
                        --11.81%--SQJitWriteLog::RetainValue
                                  |          
                                   --10.29%--SQJitWriteLog::FindValue<false> (inlined)
                                             |          
                                              --5.42%--SQJitWriteLog::FindValue<false>(SQObjectPtr*, SQObjectPtr const&)::{lambda(SQJitWriteLog::ValueEntry const&)#1}::operator() (inlined)

    19.58%    19.58%  sqgi     sqgi                     [.] SQJitWriteLog::RecordStackSlot
    18.08%     9.06%  sqgi     sqgi                     [.] SQJitWriteLog::CanRelease
            |          
             --9.02%--SQJitWriteLog::CanRelease
                       SQJitWriteLog::CountPins

    14.76%     0.00%  sqgi     sqgi                     [.] SQJitWriteLog::FindValue<true> (inlined)
            |
            ---SQJitWriteLog::FindValue<true> (inlined)

    12.95%    12.95%  sqgi     sqgi                     [.] SQJitWriteLog::RetainValue
    11.06%     0.00%  sqgi     sqgi                     [.] SQJitWriteLog::FindValue<false> (inlined)
            |
            ---SQJitWriteLog::FindValue<false> (inlined)
               |          
                --5.75%--SQJitWriteLog::FindValue<false>(SQObjectPtr*, SQObjectPtr const&)::{lambda(SQJitWriteLog::ValueEntry const&)#1}::operator() (inlined)

     9.02%     7.67%  sqgi     sqgi                     [.] SQJitWriteLog::CountPins
     8.61%     3.89%  sqgi     sqgi                     [.] SQJitWriteLog::RecordMember
            |          
             --4.73%--SQJitWriteLog::RecordMember
                       |          
                        --4.38%--SQJitWriteLog::CanRelease
                                  |          
                                   --2.16%--SQJitWriteLog::CountPins

     8.51%     0.00%  sqgi     [JIT] tid 441629         [.] 0x0000ffff8ffccbc7
            |
            ---0xffff8ffccbc7
               |          
                --7.07%--0xffff8ffccbc7
                          sqjit_a64_helper_publish_stack_write
                          |          
                           --6.52%--SQJitWriteLog::PublishStackWrite
                                     |          
                                      --2.60%--SQJitWriteLog::CanRelease

     7.73%     0.00%  sqgi     [JIT] tid 441629         [.] 0x0000ffff8ffcc36f
            |
            ---0xffff8ffcc36f
               |          
                --7.11%--0xffff8ffcc36f
                          sqjit_a64_helper_member_set_reference_logged
                          |          
                           --4.92%--sqjit_a64_helper_member_set_reference_logged
                                     SQJitWriteLog::RecordMember
                                     |          
                                      --2.97%--SQJitWriteLog::CanRelease
                                                |          
                                                 --2.16%--SQJitWriteLog::CountPins

     7.11%     2.08%  sqgi     sqgi                     [.] sqjit_a64_helper_member_set_reference_logged
            |          
            |--5.03%--sqjit_a64_helper_member_set_reference_logged
            |          |          
            |           --4.92%--sqjit_a64_helper_member_set_reference_logged
            |                     SQJitWriteLog::RecordMember
            |                     |          
            |                      --2.97%--SQJitWriteLog::CanRelease
            |                                |          
            |                                 --2.16%--SQJitWriteLog::CountPins
            |          
             --2.08%--0xffff8ffcc36f
                       0xffff8ffcc36f
                       sqjit_a64_helper_member_set_reference_logged

     6.82%     0.00%  sqgi     [JIT] tid 441629         [.] 0x0000ffff8ffcc65b
            |
            ---0xffff8ffcc65b
               |          
                --6.70%--0xffff8ffcc65b
                          sqjit_a64_helper_publish_stack_write
                          |          
                           --5.87%--SQJitWriteLog::PublishStackWrite
                                     |          
                                      --2.41%--SQJitWriteLog::CanRelease

     6.51%     0.00%  sqgi     [JIT] tid 441629         [.] 0x0000ffff8ffcc497
            |
            ---0xffff8ffcc497
               |          
                --5.88%--0xffff8ffcc497
                          sqjit_a64_helper_publish_stack_write
                          |          
                           --5.32%--SQJitWriteLog::PublishStackWrite
                                     |          
                                      --2.40%--SQJitWriteLog::CanRelease

     6.20%     0.00%  sqgi     [JIT] tid 441629         [.] 0x0000ffff8ffcc32b
            |
            ---0xffff8ffcc32b
               |          
                --6.18%--0xffff8ffcc32b
                          sqjit_a64_helper_publish_stack_write
                          |          
                           --5.93%--SQJitWriteLog::PublishStackWrite
                                     |          
                                      --2.32%--SQJitWriteLog::CanRelease

     5.91%     0.00%  sqgi     [JIT] tid 441629         [.] 0x0000ffff8ffccabb
            |
            ---0xffff8ffccabb
               |          
                --5.25%--0xffff8ffccabb
                          sqjit_a64_helper_publish_stack_write
                          |          
                           --4.83%--SQJitWriteLog::PublishStackWrite

     5.75%     0.00%  sqgi     sqgi                     [.] SQJitWriteLog::FindValue<false>(SQObjectPtr*, SQObjectPtr const&)::{lambda(SQJitWriteLog::ValueEntry const&)#1}::operator() (inlined)
            |
            ---SQJitWriteLog::FindValue<false>(SQObjectPtr*, SQObjectPtr const&)::{lambda(SQJitWriteLog::ValueEntry const&)#1}::operator() (inlined)

     5.24%     0.00%  sqgi     [JIT] tid 441629         [.] 0x0000ffff8ffcc9d3
            |
            ---0xffff8ffcc9d3
               |          
                --4.58%--0xffff8ffcc9d3
                          sqjit_a64_helper_publish_stack_write
                          |          
                           --4.17%--SQJitWriteLog::PublishStackWrite

     4.99%     0.76%  sqgi     sqgi                     [.] sqjit_a64_helper_finish_stack_write
            |          
             --4.23%--sqjit_a64_helper_finish_stack_write
                       |          
                        --3.92%--SQJitWriteLog::FinishStackWrite

     4.79%     0.00%  sqgi     [JIT] tid 441629         [.] 0x0000ffff8ffcc207
            |
            ---0xffff8ffcc207
               |          
                --4.66%--0xffff8ffcc207
                          sqjit_a64_helper_publish_stack_write
                          |          
                           --4.12%--SQJitWriteLog::PublishStackWrite

     4.62%     0.00%  sqgi     [JIT] tid 441629         [.] 0x0000ffff8ffcc85f
            |
            ---0xffff8ffcc85f
               |          
                --4.47%--0xffff8ffcc85f
                          sqjit_a64_helper_publish_stack_write
                          |          
                           --3.91%--SQJitWriteLog::PublishStackWrite

     4.53%     0.00%  sqgi     [JIT] tid 441629         [.] 0x0000ffff8ffcc693
            |
            ---0xffff8ffcc693
               |          
                --4.48%--0xffff8ffcc693
                          sqjit_a64_helper_member_set_integer_logged
                          |          
                           --2.07%--sqjit_a64_helper_member_set_integer_logged
                                     |          
                                      --2.04%--SQJitWriteLog::RecordMember

     4.48%     2.28%  sqgi     sqgi                     [.] sqjit_a64_helper_member_set_integer_logged
            |          
            |--2.28%--0xffff8ffcc693
            |          0xffff8ffcc693
            |          sqjit_a64_helper_member_set_integer_logged
            |          
             --2.20%--sqjit_a64_helper_member_set_integer_logged
                       |          
                        --2.04%--sqjit_a64_helper_member_set_integer_logged
                                  SQJitWriteLog::RecordMember

     4.44%     0.00%  sqgi     [JIT] tid 441629         [.] 0x0000ffff8ffcc453
            |
            ---0xffff8ffcc453
               |          
                --4.27%--0xffff8ffcc453
                          sqjit_a64_helper_publish_stack_write
                          |          
                           --3.78%--SQJitWriteLog::PublishStackWrite

     4.39%     0.00%  sqgi     [JIT] tid 441629         [.] 0x0000ffff8ffcc8ef
            |
            ---0xffff8ffcc8ef
               |          
                --3.89%--0xffff8ffcc8ef
                          sqjit_a64_helper_member_set_float_logged

     4.39%     0.00%  sqgi     [JIT] tid 441629         [.] 0x0000ffff8ffcc24b
            |
            ---0xffff8ffcc24b
               |          
                --2.94%--0xffff8ffcc24b
                          sqjit_a64_helper_publish_stack_write
                          |          
                           --2.34%--SQJitWriteLog::PublishStackWrite

     4.37%     0.22%  sqgi     sqgi                     [.] sqjit_a64_helper_begin_stack_write
            |          
             --4.15%--sqjit_a64_helper_begin_stack_write
                       |          
                        --3.80%--SQJitWriteLog::BeginStackWrite
                                  |          
                                   --2.32%--SQJitWriteLog::RecordStackSlot

     4.32%     0.00%  sqgi     [JIT] tid 441629         [.] 0x0000ffff8ffcc57f
            |
            ---0xffff8ffcc57f
               |          
                --3.49%--0xffff8ffcc57f
                          sqjit_a64_helper_publish_stack_write
                          |          
                           --3.22%--SQJitWriteLog::PublishStackWrite

     3.92%     2.72%  sqgi     sqgi                     [.] SQJitWriteLog::FinishStackWrite
     3.89%     1.94%  sqgi     sqgi                     [.] sqjit_a64_helper_member_set_float_logged
     3.80%     0.35%  sqgi     sqgi                     [.] SQJitWriteLog::BeginStackWrite
            |          
             --3.46%--SQJitWriteLog::BeginStackWrite
                       |          
                        --2.32%--SQJitWriteLog::RecordStackSlot

     3.68%     2.23%  sqgi     sqgi                     [.] sqjit_a64_helper_table_get_array_ptr
     3.44%     0.00%  sqgi     [JIT] tid 441629         [.] 0x0000ffff8ffcc617
            |
            ---0xffff8ffcc617
               |          
                --3.28%--0xffff8ffcc617
                          sqjit_a64_helper_array_ptr_set_integer_logged
                          |          
                           --2.56%--sqjit_a64_helper_array_ptr_set_integer_logged
                                     SQJitWriteLog::RecordArray

     3.28%     0.63%  sqgi     sqgi                     [.] sqjit_a64_helper_array_ptr_set_integer_logged
            |          
             --2.65%--sqjit_a64_helper_array_ptr_set_integer_logged
                       |          
                        --2.56%--sqjit_a64_helper_array_ptr_set_integer_logged
                                  SQJitWriteLog::RecordArray

     2.87%     2.87%  sqgi     sqgi                     [.] SQTable::Get
     2.86%     0.00%  sqgi     sqgi                     [.] sqjit_a64_get_member_value (inlined)
            |
            ---sqjit_a64_get_member_value (inlined)
               |          
                --2.70%--SQInstance::Get (inlined)

     2.79%     0.00%  sqgi     [JIT] tid 441629         [.] 0x0000ffff8ffcc753
            |
            ---0xffff8ffcc753
               |          
                --2.38%--0xffff8ffcc753
                          sqjit_a64_helper_finish_stack_write

     2.70%     0.00%  sqgi     sqgi                     [.] SQInstance::Get (inlined)
            |
            ---SQInstance::Get (inlined)

     2.67%     0.00%  sqgi     [JIT] tid 441629         [.] 0x0000ffff8ffcc6f3
            |
            ---0xffff8ffcc6f3
               |          
                --2.61%--0xffff8ffcc6f3
                          sqjit_a64_helper_finish_stack_write
                          |          
                           --2.16%--SQJitWriteLog::FinishStackWrite

     2.60%     0.00%  sqgi     [JIT] tid 441629         [.] 0x0000ffff8ffcc6b7
            |
            ---0xffff8ffcc6b7
               |          
                --2.50%--0xffff8ffcc6b7
                          sqjit_a64_helper_begin_stack_write
                          |          
                           --2.22%--SQJitWriteLog::BeginStackWrite

     2.59%     2.59%  sqgi     sqgi                     [.] sqjit_write_log_ensure
     2.56%     0.00%  sqgi     sqgi                     [.] sqjit_a64_get_member_value (inlined)
            |
            ---sqjit_a64_get_member_value (inlined)
               |          
                --2.46%--SQInstance::Get (inlined)

     2.56%     0.90%  sqgi     sqgi                     [.] SQJitWriteLog::RecordArray
     2.46%     0.00%  sqgi     sqgi                     [.] SQInstance::Get (inlined)
            |
            ---SQInstance::Get (inlined)

     2.18%     1.42%  sqgi     sqgi                     [.] sqjit_a64_helper_table_get_float


#
# (Cannot load tips.txt file, please install perf!)
#
