BENCH	table_owners_1	200000	0.917200000	5098276961
BENCH	table_owners_2	200000	0.878245000	5098477602
BENCH	table_owners_5	200000	0.884905000	5097878556
BENCH	table_owners_19	200000	0.842640000	5098684496
BENCH	table_owners_257	200000	0.891115000	5100408060
BENCH	class_owners_1	200000	1.005640000	5098276961
BENCH	class_owners_2	200000	0.980935000	5098477602
BENCH	class_owners_5	200000	0.993910000	5097878556
BENCH	class_owners_19	200000	0.950935000	5098684496
BENCH	class_owners_257	200000	0.975765000	5100408060
BENCH	table_owners_1	200000	0.903320000	5098276961
BENCH	table_owners_2	200000	0.847645000	5098477602
BENCH	table_owners_5	200000	0.844010000	5097878556
BENCH	table_owners_19	200000	0.854420000	5098684496
BENCH	table_owners_257	200000	0.871545000	5100408060
BENCH	class_owners_1	200000	1.022195000	5098276961
BENCH	class_owners_2	200000	0.948050000	5098477602
BENCH	class_owners_5	200000	0.982785000	5097878556
BENCH	class_owners_19	200000	0.937870000	5098684496
BENCH	class_owners_257	200000	0.971930000	5100408060
BENCH	table_owners_1	200000	0.905510000	5098276961
BENCH	table_owners_2	200000	0.829300000	5098477602
BENCH	table_owners_5	200000	0.818155000	5097878556
BENCH	table_owners_19	200000	0.868400000	5098684496
BENCH	table_owners_257	200000	0.874300000	5100408060
BENCH	class_owners_1	200000	1.010565000	5098276961
BENCH	class_owners_2	200000	0.935415000	5098477602
BENCH	class_owners_5	200000	0.963780000	5097878556
BENCH	class_owners_19	200000	0.946780000	5098684496
BENCH	class_owners_257	200000	0.973040000	5100408060
12790.49;msec;task-clock:u;0.56%;12790494297;100.00;0.989;CPUs utilized
28722308087;;cycles:u;0.57%;12792897344;100.00;2.230;GHz
90641986297;;instructions:u;0.15%;12792897344;100.00;3.13;insn per cycle
27223734;;branch-misses:u;19.22%;12792897344;100.00;;
32951466340;;cache-references:u;0.32%;12792897344;100.00;2.558;G/sec
18104430;;cache-misses:u;0.49%;12792897344;100.00;0.055;of all cache refs
1154;;page-faults:u;0.00%;12790494297;100.00;89.588;/sec
0;;context-switches:u;0.00%;12790494297;100.00;0.000;/sec
