BENCH	receiver_integer	200000	0.059080000	595177
BENCH	root_integer	200000	0.338280000	595177
BENCH	root_reference	200000	0.098380000	799457
BENCH	root_integer_result	200000	0.066305000	795177
BENCH	receiver_integer	200000	0.058945000	595177
BENCH	root_integer	200000	0.346615000	595177
BENCH	root_reference	200000	0.095850000	799457
BENCH	root_integer_result	200000	0.066240000	795177
BENCH	receiver_integer	200000	0.059450000	595177
BENCH	root_integer	200000	0.337895000	595177
BENCH	root_reference	200000	0.102570000	799457
BENCH	root_integer_result	200000	0.067280000	795177
808.69;msec;task-clock:u;0.24%;808694536;100.00;0.987;CPUs utilized
1800440028;;cycles:u;0.38%;808893168;100.00;2.216;GHz
5274042512;;instructions:u;0.13%;808893168;100.00;2.94;insn per cycle
1990218;;branch-misses:u;16.93%;808893168;100.00;;
2014261503;;cache-references:u;0.34%;808893168;100.00;2.479;G/sec
196774;;cache-misses:u;0.99%;808893168;100.00;0.010;of all cache refs
779;;page-faults:u;0.07%;808694536;100.00;958.712;/sec
0;;context-switches:u;0.00%;808694536;100.00;0.000;/sec
