Temporary breakpoint 1 at 0x2540: file /home/sam/Programming/sqgi/test/cpp/test_sqjit_side_exit.cpp, line 1466.
[Thread debugging using libthread_db enabled]
Using host libthread_db library "/lib/aarch64-linux-gnu/libthread_db.so.1".

Temporary breakpoint 1, main () at /home/sam/Programming/sqgi/test/cpp/test_sqjit_side_exit.cpp:1466
1466	{
FAIL: all exit-site warmup operations execute on the native route
FAIL: all eight late failures use precise native continuations
FAIL: comparison witness transfers its owning parameter into the VM temporary
FAIL: integer JCMP publishes its actual boolean VM temporary
FAIL: integer JCMP publishes its actual boolean VM temporary
FAIL: integer JCMP publishes its actual boolean VM temporary
FAIL: integer JCMP publishes its actual boolean VM temporary
FAIL: integer JCMP publishes its actual boolean VM temporary
FAIL: integer JCMP publishes its actual boolean VM temporary
FAIL: integer JCMP publishes its actual boolean VM temporary
FAIL: integer JCMP publishes its actual boolean VM temporary
FAIL: integer JCMP publishes its actual boolean VM temporary
FAIL: owning temporary is replaced by the exact comparison boolean
FAIL: owning temporary is replaced by the exact comparison boolean
FAIL: owning temporary is replaced by the exact comparison boolean
FAIL: owning temporary is replaced by the exact comparison boolean
FAIL: owning temporary is replaced by the exact comparison boolean
FAIL: owning temporary is replaced by the exact comparison boolean
FAIL: owning temporary is replaced by the exact comparison boolean
FAIL: owning temporary is replaced by the exact comparison boolean
FAIL: owning temporary is replaced by the exact comparison boolean
FAIL: owning temporary is replaced by the exact comparison boolean
FAIL: owning temporary is replaced by the exact comparison boolean
FAIL: owning temporary is replaced by the exact comparison boolean
FAIL: comparison witness transfers its owning parameter into the VM temporary
FAIL: integer JCMP publishes its actual boolean VM temporary
FAIL: integer JCMP publishes its actual boolean VM temporary
FAIL: integer JCMP publishes its actual boolean VM temporary
FAIL: integer JCMP publishes its actual boolean VM temporary
FAIL: integer JCMP publishes its actual boolean VM temporary
FAIL: integer JCMP publishes its actual boolean VM temporary
FAIL: integer JCMP publishes its actual boolean VM temporary
FAIL: integer JCMP publishes its actual boolean VM temporary
FAIL: integer JCMP publishes its actual boolean VM temporary
FAIL: owning temporary is replaced by the exact comparison boolean
FAIL: owning temporary is replaced by the exact comparison boolean
FAIL: owning temporary is replaced by the exact comparison boolean
FAIL: owning temporary is replaced by the exact comparison boolean
FAIL: owning temporary is replaced by the exact comparison boolean
FAIL: owning temporary is replaced by the exact comparison boolean
FAIL: owning temporary is replaced by the exact comparison boolean
FAIL: owning temporary is replaced by the exact comparison boolean
FAIL: owning temporary is replaced by the exact comparison boolean
FAIL: owning temporary is replaced by the exact comparison boolean
FAIL: owning temporary is replaced by the exact comparison boolean
FAIL: owning temporary is replaced by the exact comparison boolean
FAIL: comparison witness transfers its owning parameter into the VM temporary
FAIL: integer JCMP publishes its actual boolean VM temporary
FAIL: integer JCMP publishes its actual boolean VM temporary
FAIL: integer JCMP publishes its actual boolean VM temporary
FAIL: integer JCMP publishes its actual boolean VM temporary
FAIL: integer JCMP publishes its actual boolean VM temporary
FAIL: integer JCMP publishes its actual boolean VM temporary
FAIL: integer JCMP publishes its actual boolean VM temporary
FAIL: integer JCMP publishes its actual boolean VM temporary
FAIL: integer JCMP publishes its actual boolean VM temporary
FAIL: owning temporary is replaced by the exact comparison boolean
FAIL: owning temporary is replaced by the exact comparison boolean
FAIL: owning temporary is replaced by the exact comparison boolean
FAIL: owning temporary is replaced by the exact comparison boolean
FAIL: owning temporary is replaced by the exact comparison boolean
FAIL: owning temporary is replaced by the exact comparison boolean
FAIL: owning temporary is replaced by the exact comparison boolean
FAIL: owning temporary is replaced by the exact comparison boolean
FAIL: owning temporary is replaced by the exact comparison boolean
FAIL: owning temporary is replaced by the exact comparison boolean
FAIL: owning temporary is replaced by the exact comparison boolean
FAIL: owning temporary is replaced by the exact comparison boolean
FAIL: comparison witness transfers its owning parameter into the VM temporary
FAIL: integer JCMP publishes its actual boolean VM temporary
FAIL: integer JCMP publishes its actual boolean VM temporary
FAIL: integer JCMP publishes its actual boolean VM temporary
FAIL: integer JCMP publishes its actual boolean VM temporary
FAIL: integer JCMP publishes its actual boolean VM temporary
FAIL: integer JCMP publishes its actual boolean VM temporary
FAIL: integer JCMP publishes its actual boolean VM temporary
FAIL: integer JCMP publishes its actual boolean VM temporary
FAIL: integer JCMP publishes its actual boolean VM temporary
FAIL: owning temporary is replaced by the exact comparison boolean
FAIL: owning temporary is replaced by the exact comparison boolean
FAIL: owning temporary is replaced by the exact comparison boolean
FAIL: owning temporary is replaced by the exact comparison boolean
FAIL: owning temporary is replaced by the exact comparison boolean
FAIL: owning temporary is replaced by the exact comparison boolean
FAIL: owning temporary is replaced by the exact comparison boolean
FAIL: owning temporary is replaced by the exact comparison boolean
FAIL: owning temporary is replaced by the exact comparison boolean
FAIL: owning temporary is replaced by the exact comparison boolean
FAIL: owning temporary is replaced by the exact comparison boolean
FAIL: owning temporary is replaced by the exact comparison boolean
FAIL: DLOAD fixture writes the receiver through its second destination
FAIL: complete write facts prevent stale addresses after a multi-output parameter assignment
FAIL: multi-output receiver witness completes natively
FAIL: literal-key fixture exercises DLOAD's second-write precedence
FAIL: more than 64 member sites still execute native code
FAIL: type-changing cached slots remain on the native route with current-value reads
FAIL: copy fixture writes directly to its destination parameter
FAIL: copy fixtures compile through the actual canonical tier
script error: trying to set 'string'
[Inferior 1 (process 598466) exited with code 01]
CAPTURED ['exit_sites', 'compare_l', 'proof_double', 'cached_double', 'cached_many', 'cached_kind', 'copy_move', 'copy_literal', 'copy_integer', 'copy_float', 'copy_bool']
