BENCH	route_balanced	200000	0.053730000	300346
BENCH	route_skewed	200000	0.052475000	122121
BENCH	pricing_events	200000	0.058305000	636940
BENCH	filter_stream	200000	0.055935000	10704.521037291815
BENCH	records_64	200000	0.132925000	599323
BENCH	records_4096	200000	0.236065000	385702
BENCH	word_count	200000	0.266835000	116910
BENCH	graph_walk	200000	0.012370000	386354
BENCH	route_balanced	200000	0.053790000	300346
BENCH	route_skewed	200000	0.052710000	122121
BENCH	pricing_events	200000	0.057750000	636940
BENCH	filter_stream	200000	0.056635000	10704.521037291815
BENCH	records_64	200000	0.134425000	599323
BENCH	records_4096	200000	0.246165000	385702
BENCH	word_count	200000	0.266375000	116910
BENCH	graph_walk	200000	0.012290000	386354
BENCH	route_balanced	200000	0.053660000	300346
BENCH	route_skewed	200000	0.052345000	122121
BENCH	pricing_events	200000	0.057620000	636940
BENCH	filter_stream	200000	0.056390000	10704.521037291815
BENCH	records_64	200000	0.129950000	599323
BENCH	records_4096	200000	0.225765000	385702
BENCH	word_count	200000	0.266510000	116910
BENCH	graph_walk	200000	0.012210000	386354
1059.50;msec;task-clock:u;1.11%;1059504579;100.00;0.974;CPUs utilized
2358340054;;cycles:u;0.85%;1059578072;100.00;2.181;GHz
5964200265;;instructions:u;0.11%;1059578072;100.00;2.49;insn per cycle
4838616;;branch-misses:u;5.07%;1059578072;100.00;;
2227834138;;cache-references:u;0.23%;1059578072;100.00;2.060;G/sec
16779676;;cache-misses:u;3.36%;1059578072;100.00;0.750;of all cache refs
3866;;page-faults:u;0.02%;1059504579;100.00;3.575;K/sec
0;;context-switches:u;0.00%;1059504579;100.00;0.000;/sec
