JIT_CAPTURE_BREAKPOINT -1
[Thread debugging using libthread_db enabled]
Using host libthread_db library "/lib/aarch64-linux-gnu/libthread_db.so.1".
JIT_CAPTURE recycle frame 0xfffff7f84000 8192
BENCH	table_owners_1	1003	1.431704885	615764.25
BENCH	table_owners_2	1003	1.737786640	616780.25
BENCH	table_owners_5	1003	1.828514457	613838.25
BENCH	table_owners_19	1003	1.743768694	618610.25
BENCH	table_owners_257	1003	1.861415753	749599.25
BENCH	class_owners_1	1003	1.702891326	615764.25
BENCH	class_owners_2	1003	1.794616152	616780.25
BENCH	class_owners_5	1003	1.970089731	613838.25
BENCH	class_owners_19	1003	1.954137587	618610.25
BENCH	class_owners_257	1003	1.754735793	749599.25
[Inferior 1 (process 694374) exited normally]
[Thread debugging using libthread_db enabled]
Using host libthread_db library "/lib/aarch64-linux-gnu/libthread_db.so.1".
JIT_CAPTURE transfer frame 0xfffff7f85000 4096
JIT_CAPTURE publish frame 0xfffff7f84000 4096
BENCH	transfer_table	1003	1101.248255234	121851
BENCH	transfer_class	1003	1021.415752742	121851
BENCH	transfer_mixed	1003	1208.904287139	121851
BENCH	publish_table	1003	1098.586241276	133577
BENCH	publish_class	1003	1195.811565304	133577
BENCH	publish_mixed	1003	1404.180458624	133577
[Inferior 1 (process 694376) exited normally]
[Thread debugging using libthread_db enabled]
Using host libthread_db library "/lib/aarch64-linux-gnu/libthread_db.so.1".
JIT_CAPTURE table_apply frame 0xfffff7f85000 4096
JIT_CAPTURE apply frame 0xfffff7f84000 4096
BENCH	table_events_97	1003	1570.384845464	140378
BENCH	class_events_97	1003	1235.925224327	140378
BENCH	buffers_7	1003	4.123629113	944693
BENCH	buffers_31	1003	5.371884347	861874
BENCH	calibrate_17	1003	1.815553340	5140.09375
BENCH	calibrate_67	1003	1.710867398	5049
[Inferior 1 (process 694463) exited normally]
JIT_CAPTURE_VERIFIED five canonical-frame functions
