BENCH	filter	200000	0.013580000	10.254364576940203
BENCH	channels_4	200000	0.035130000	20.621658757381574
BENCH	pressure_8	200000	0.094010000	30.900920683591639
BENCH	integration	200000	0.022555000	1562.9738403896752
BENCH	retained_input	200000	0.024490000	399985.55383443867
BENCH	branching	200000	0.017860000	1.6005902475563216
BENCH	helper_control	200000	0.019385000	3.7152600782050693
BENCH	filter	200000	0.013475000	10.254364576940203
BENCH	channels_4	200000	0.034820000	20.621658757381574
BENCH	pressure_8	200000	0.093795000	30.900920683591639
BENCH	integration	200000	0.022600000	1562.9738403896752
BENCH	retained_input	200000	0.024560000	399985.55383443867
BENCH	branching	200000	0.017930000	1.6005902475563216
BENCH	helper_control	200000	0.019530000	3.7152600782050693
BENCH	filter	200000	0.013390000	10.254364576940203
BENCH	channels_4	200000	0.034995000	20.621658757381574
BENCH	pressure_8	200000	0.093680000	30.900920683591639
BENCH	integration	200000	0.022565000	1562.9738403896752
BENCH	retained_input	200000	0.024580000	399985.55383443867
BENCH	branching	200000	0.018000000	1.6005902475563216
BENCH	helper_control	200000	0.019375000	3.7152600782050693
342.31;msec;task-clock:u;0.66%;342308582;100.00;0.984;CPUs utilized
746390979;;cycles:u;0.12%;342413587;100.00;2.180;GHz
1233341086;;instructions:u;0.00%;342413587;100.00;1.65;insn per cycle
159786;;branch-misses:u;0.45%;342413587;100.00;;
331562402;;cache-references:u;0.00%;342413587;100.00;968.335;M/sec
249977;;cache-misses:u;0.72%;342413587;100.00;0.075;of all cache refs
790;;page-faults:u;0.04%;342308582;100.00;2.307;K/sec
0;;context-switches:u;0.00%;342308582;100.00;0.000;/sec
