# To display the perf.data header info, please use --header/--header-only options.
#
#
# Total Lost Samples: 0
#
# Samples: 195  of event 'cycles:u'
# Event count (approx.): 744364345
#
# Children      Self  Command  Shared Object               Symbol                                      
# ........  ........  .......  ..........................  ............................................
#
    40.52%     0.00%  sqgi     [JIT] tid 698778            [.] 0x0000ffffbaba8b97
            |
            ---0xffffbaba8b97
               |          
               |--7.98%--0xffffbaba8764
               |          
               |--6.75%--0xffffbaba8838
               |          
               |--4.30%--0xffffbaba8414
               |          
               |--4.30%--0xffffbaba8690
               |          
               |--3.07%--0xffffbaba85bc
               |          
               |--3.07%--0xffffbaba84e8
               |          
                --3.07%--0xffffbaba890c

    15.20%     0.00%  sqgi     [JIT] tid 698778            [.] 0x0000ffffbaba970b
            |
            ---0xffffbaba970b
               |          
                --2.42%--0xffffbaba9244

    10.42%     0.00%  sqgi     [JIT] tid 698778            [.] 0x0000ffffbaba653b
            |
            ---0xffffbaba653b
               |          
                --4.29%--0xffffbaba6198

     9.80%     0.00%  sqgi     [JIT] tid 698778            [.] 0x0000ffffbaba747f
            |
            ---0xffffbaba747f
               |          
                --5.52%--0xffffbaba71e4

     7.98%     7.98%  sqgi     [JIT] tid 698778            [.] 0x0000ffffbaba8764
            |
            ---0xffffbaba8b97
               0xffffbaba8764

     7.96%     0.00%  sqgi     [JIT] tid 698778            [.] 0x0000ffffbaba5407
            |
            ---0xffffbaba5407
               |          
                --2.45%--0xffffbaba52a0

     7.96%     0.00%  sqgi     [JIT] tid 698778            [.] 0x0000ffffbaba4207
            |
            ---0xffffbaba4207
               |          
                --6.12%--0xffffbaba4164

     6.75%     6.75%  sqgi     [JIT] tid 698778            [.] 0x0000ffffbaba8838
            |
            ---0xffffbaba8b97
               0xffffbaba8838

     6.12%     6.12%  sqgi     [JIT] tid 698778            [.] 0x0000ffffbaba4164
            |
            ---0xffffbaba4207
               0xffffbaba4164

     5.52%     5.52%  sqgi     [JIT] tid 698778            [.] 0x0000ffffbaba71e4
            |
            ---0xffffbaba747f
               0xffffbaba71e4

     5.22%     0.00%  sqgi     [JIT] tid 698778            [.] 0x0000ffffbabaa347
            |
            ---0xffffbabaa347
               |          
                --4.79%--0xffffbabaa164

     4.79%     4.79%  sqgi     [JIT] tid 698778            [.] 0x0000ffffbabaa164
            |
            ---0xffffbabaa347
               0xffffbabaa164

     4.30%     4.30%  sqgi     [JIT] tid 698778            [.] 0x0000ffffbaba8414
            |
            ---0xffffbaba8b97
               0xffffbaba8414

     4.30%     4.30%  sqgi     [JIT] tid 698778            [.] 0x0000ffffbaba8690
            |
            ---0xffffbaba8b97
               0xffffbaba8690

     4.29%     4.29%  sqgi     [JIT] tid 698778            [.] 0x0000ffffbaba6198
            |
            ---0xffffbaba653b
               0xffffbaba6198

     3.07%     3.07%  sqgi     [JIT] tid 698778            [.] 0x0000ffffbaba85bc
            |
            ---0xffffbaba8b97
               0xffffbaba85bc

     3.07%     3.07%  sqgi     [JIT] tid 698778            [.] 0x0000ffffbaba84e8
            |
            ---0xffffbaba8b97
               0xffffbaba84e8

     3.07%     3.07%  sqgi     [JIT] tid 698778            [.] 0x0000ffffbaba890c
            |
            ---0xffffbaba8b97
               0xffffbaba890c

     2.45%     2.45%  sqgi     [JIT] tid 698778            [.] 0x0000ffffbaba52a0
            |
            ---0xffffbaba5407
               0xffffbaba52a0

     2.42%     2.42%  sqgi     [JIT] tid 698778            [.] 0x0000ffffbaba9244
            |
            ---0xffffbaba970b
               0xffffbaba9244



#
# (Cannot load tips.txt file, please install perf!)
#
