BENCH	direct_call	3200000	0.025632	563347
BENCH	branch_call	3200000	0.021391	599062
BENCH	float_call	3200000	0.012398	8.2204724409448815
BENCH	numeric_loop	3200000	0.022805	612398470
BENCH	vector	160000	0.365138	0.12553851953971693
BENCH	dynamic_member	160000	0.724437	7261462
BENCH	dynamic_key_get_set	160000	0.182863	6566091
BENCH	object_member_write_fallback	160000	0.470175	595919
BENCH	array_append	160000	0.126931	3048687
BENCH	array_write	160000	0.036844	831988
BENCH	array_read	3200000	0.007149	8000000
BENCH	array_float	3200000	0.006864	6400000
BENCH	math_intrinsic	160000	0.111450	2418270.8295144332
BENCH	math_variable	160000	0.226531	313782.39947747899
BENCH	matrix	160000	0.309762	-0.024510798820940455
BENCH	direct_call	3200000	0.025667	563347
BENCH	branch_call	3200000	0.021167	599062
BENCH	float_call	3200000	0.012447	8.2204724409448815
BENCH	numeric_loop	3200000	0.022799	612398470
BENCH	vector	160000	0.375281	0.12553851953971693
BENCH	dynamic_member	160000	0.725600	7261462
BENCH	dynamic_key_get_set	160000	0.182869	6566091
BENCH	object_member_write_fallback	160000	0.470369	595919
BENCH	array_append	160000	0.127325	3048687
BENCH	array_write	160000	0.036856	831988
BENCH	array_read	3200000	0.007103	8000000
BENCH	array_float	3200000	0.006770	6400000
BENCH	math_intrinsic	160000	0.111281	2418270.8295144332
BENCH	math_variable	160000	0.226794	313782.39947747899
BENCH	matrix	160000	0.310337	-0.024510798820940455
BENCH	direct_call	3200000	0.025630	563347
BENCH	branch_call	3200000	0.021233	599062
BENCH	float_call	3200000	0.012434	8.2204724409448815
BENCH	numeric_loop	3200000	0.022828	612398470
BENCH	vector	160000	0.376850	0.12553851953971693
BENCH	dynamic_member	160000	0.725975	7261462
BENCH	dynamic_key_get_set	160000	0.182444	6566091
BENCH	object_member_write_fallback	160000	0.471406	595919
BENCH	array_append	160000	0.131519	3048687
BENCH	array_write	160000	0.037062	831988
BENCH	array_read	3200000	0.006999	8000000
BENCH	array_float	3200000	0.006776	6400000
BENCH	math_intrinsic	160000	0.111325	2418270.8295144332
BENCH	math_variable	160000	0.226031	313782.39947747899
BENCH	matrix	160000	0.311681	-0.024510798820940455
4319.81;msec;task-clock:u;0.05%;4319809658;100.00;0.998;CPUs utilized
9754137877;;cycles:u;0.06%;4320166350;100.00;2.258;GHz
22018477387;;instructions:u;0.00%;4320166350;100.00;2.26;insn per cycle
3133146;;branch-misses:u;0.14%;4320166350;100.00;;
8951888043;;cache-references:u;0.15%;4320166350;100.00;2.073;G/sec
1275767;;cache-misses:u;0.34%;4320166350;100.00;0.014;of all cache refs
10512;;page-faults:u;0.01%;4319809658;100.00;2.434;K/sec
0;;context-switches:u;0.00%;4319809658;100.00;0.000;/sec
