# To display the perf.data header info, please use --header/--header-only options.
#
#
# Total Lost Samples: 0
#
# Samples: 2K of event 'cycles:u'
# Event count (approx.): 9761258307
#
# Children      Self  Command  Shared Object          Symbol                                           
# ........  ........  .......  .....................  .................................................
#
    27.98%     0.00%  sqgi     libc.so.6              [.] __libc_start_call_main
            |
            ---__libc_start_call_main
               __libc_start_call_main
               main
               |          
                --27.90%--sq_call
                          SQVM::Execute
                          |          
                          |--2.75%--SQObjectPtr::operator= (inlined)
                          |          
                           --2.20%--SQVM::Get

    27.98%     0.00%  sqgi     sqgi                   [.] main
            |
            ---main
               |          
                --27.90%--sq_call
                          SQVM::Execute
                          |          
                          |--2.75%--SQObjectPtr::operator= (inlined)
                          |          
                           --2.20%--SQVM::Get

    27.90%     0.00%  sqgi     sqgi                   [.] sq_call
            |
            ---sq_call
               SQVM::Execute
               |          
               |--2.75%--SQObjectPtr::operator= (inlined)
               |          
                --2.20%--SQVM::Get

    27.90%    21.72%  sqgi     sqgi                   [.] SQVM::Execute
            |          
            |--21.72%--__libc_start_call_main
            |          __libc_start_call_main
            |          main
            |          sq_call
            |          SQVM::Execute
            |          |          
            |           --2.71%--SQObjectPtr::operator= (inlined)
            |          
             --6.18%--SQVM::Execute
                       |          
                        --2.20%--SQVM::Get

    11.56%     0.00%  sqgi     [JIT] tid 698461       [.] 0x0000ffffbda793af
            |
            ---0xffffbda793af
               |          
                --10.01%--0xffffbda79164

    10.01%    10.01%  sqgi     [JIT] tid 698461       [.] 0x0000ffffbda79164
            |
            ---0xffffbda793af
               0xffffbda79164

     9.60%     0.00%  sqgi     [JIT] tid 698461       [.] 0x0000ffffbda783db
            |
            ---0xffffbda783db
               |          
                --6.27%--0xffffbda78164

     8.56%     0.00%  sqgi     [JIT] tid 698461       [.] 0x0000ffffbda76043
            |
            ---0xffffbda76043
               |          
                --2.76%--0xffffbda76230

     6.68%     0.00%  sqgi     [JIT] tid 698461       [.] 0x0000ffffbd86132b
            |
            ---0xffffbd86132b

     6.27%     6.27%  sqgi     [JIT] tid 698461       [.] 0x0000ffffbda78164
            |
            ---0xffffbda783db
               0xffffbda78164

     5.57%     0.00%  sqgi     [JIT] tid 698461       [.] 0x0000ffffbda77313
            |
            ---0xffffbda77313
               |          
                --4.54%--0xffffbda77164

     4.54%     4.54%  sqgi     [JIT] tid 698461       [.] 0x0000ffffbda77164
            |
            ---0xffffbda77313
               0xffffbda77164

     3.37%     1.64%  sqgi     sqgi                   [.] sqjit_number_conversion_guard
     3.32%     3.32%  sqgi     [JIT] tid 698461       [.] 0x0000ffffbda76230
            |          
             --2.76%--0xffffbda76043
                       0xffffbda76230

     3.22%     3.22%  sqgi     sqgi                   [.] SQTable::Get
     3.09%     0.00%  sqgi     [JIT] tid 698461       [.] 0x0000ffffbd86410f
            |
            ---0xffffbd86410f

     2.85%     0.00%  sqgi     sqgi                   [.] SQObjectPtr::operator= (inlined)
            |
            ---SQObjectPtr::operator= (inlined)

     2.20%     0.47%  sqgi     sqgi                   [.] SQVM::Get
     2.15%     0.00%  sqgi     [JIT] tid 698461       [.] 0x0000ffffbda7c11b
            |
            ---0xffffbda7c11b

     2.06%     0.00%  sqgi     [JIT] tid 698461       [.] 0x0000ffffbda7b13b
            |
            ---0xffffbda7b13b



#
# (Cannot load tips.txt file, please install perf!)
#
