# To display the perf.data header info, please use --header/--header-only options.
#
#
# Total Lost Samples: 0
#
# Samples: 1K of event 'cycles:u'
# Event count (approx.): 5570056430
#
# Children      Self  Command  Shared Object                 Symbol                                                                                                                                                                 
# ........  ........  .......  ............................  .......................................................................................................................................................................
#
    34.69%     0.00%  sqgi     libc.so.6                     [.] __libc_start_call_main
            |
            ---__libc_start_call_main
               __libc_start_call_main
               main
               sq_call
               SQVM::Execute
               |          
                --7.50%--sqjit_try_execute_current
                          |          
                           --2.87%--SQVM::Return

    34.69%     0.00%  sqgi     sqgi                          [.] main
            |
            ---main
               sq_call
               SQVM::Execute
               |          
                --7.50%--sqjit_try_execute_current
                          |          
                           --2.87%--SQVM::Return

    34.69%     0.00%  sqgi     sqgi                          [.] sq_call
            |
            ---sq_call
               SQVM::Execute
               |          
                --7.50%--sqjit_try_execute_current
                          |          
                           --2.87%--SQVM::Return

    34.69%    20.05%  sqgi     sqgi                          [.] SQVM::Execute
            |          
            |--20.05%--__libc_start_call_main
            |          __libc_start_call_main
            |          main
            |          sq_call
            |          SQVM::Execute
            |          
             --14.64%--SQVM::Execute
                       |          
                        --7.50%--sqjit_try_execute_current
                                  |          
                                   --2.87%--SQVM::Return

    11.47%     9.59%  sqgi     sqgi                          [.] sqjit_a64_precise_step<(SQOpcode)9, true>
     7.83%     2.87%  sqgi     sqgi                          [.] sqjit_try_execute_current
            |          
            |--4.96%--sqjit_try_execute_current
            |          |          
            |           --2.87%--SQVM::Return
            |          
             --2.87%--__libc_start_call_main
                       __libc_start_call_main
                       main
                       sq_call
                       SQVM::Execute
                       sqjit_try_execute_current

     4.50%     0.00%  sqgi     [JIT] tid 698602              [.] 0x0000ffffb97cb45f
            |
            ---0xffffb97cb45f

     4.26%     4.26%  sqgi     sqgi                          [.] SQJitWriteLog::CanReleaseInContext
     4.02%     4.02%  sqgi     sqgi                          [.] sqjit_a64_precise_step<(SQOpcode)1, false>
     3.85%     0.00%  sqgi     [JIT] tid 698602              [.] 0x0000ffffb97cc12b
            |
            ---0xffffb97cc12b
               |          
                --3.61%--0xffffb97cc12b
                          |          
                           --3.44%--sqjit_a64_precise_step<(SQOpcode)29, false>

     3.73%     0.00%  sqgi     [JIT] tid 698602              [.] 0x0000ffffb97cf4c7
            |
            ---0xffffb97cf4c7

     3.61%     1.72%  sqgi     sqgi                          [.] sqjit_a64_precise_step<(SQOpcode)29, false>
     3.53%     0.00%  sqgi     [JIT] tid 698602              [.] 0x0000ffffb97ce4c7
            |
            ---0xffffb97ce4c7

     3.52%     0.00%  sqgi     [JIT] tid 698602              [.] 0x0000ffffb97cd117
            |
            ---0xffffb97cd117

     3.44%     0.00%  sqgi     [JIT] tid 698602              [.] 0x0000ffffb97ccb0f
            |
            ---0xffffb97ccb0f
               |          
                --3.36%--0xffffb97ccb0f
                          |          
                           --2.95%--sqjit_a64_precise_step<(SQOpcode)8> (inlined)
                                     |          
                                      --2.70%--sqjit_a64_precise_prepare_len (inlined)

     3.36%     3.20%  sqgi     sqgi                          [.] sqjit_a64_precise_step<(SQOpcode)8, false>
            |          
             --3.20%--0xffffb97ccb0f
                       0xffffb97ccb0f
                       |          
                        --2.79%--sqjit_a64_precise_step<(SQOpcode)8> (inlined)
                                  |          
                                   --2.54%--sqjit_a64_precise_prepare_len (inlined)

     3.20%     0.00%  sqgi     sqgi                          [.] sqjit_a64_precise_member<true> (inlined)
            |
            ---sqjit_a64_precise_member<true> (inlined)

     3.11%     2.21%  sqgi     sqgi                          [.] sqjit_number_conversion_guard
     2.95%     0.00%  sqgi     sqgi                          [.] sqjit_a64_precise_step<(SQOpcode)8> (inlined)
            |
            ---sqjit_a64_precise_step<(SQOpcode)8> (inlined)
               |          
                --2.70%--sqjit_a64_precise_prepare_len (inlined)

     2.87%     1.39%  sqgi     sqgi                          [.] SQVM::Return
     2.87%     0.00%  sqgi     sqgi                          [.] sqjit_a64_precise_prepare_len (inlined)
            |
            ---sqjit_a64_precise_prepare_len (inlined)

     2.86%     2.86%  sqgi     sqgi                          [.] sqjit_a64_precise_step<(SQOpcode)14, false>
     2.70%     2.21%  sqgi     sqgi                          [.] sqjit_a64_precise_step<(SQOpcode)13, true>
     2.62%     0.00%  sqgi     [JIT] tid 698602              [.] 0x0000ffffb97cce2b
            |
            ---0xffffb97cce2b

     2.54%     0.00%  sqgi     [JIT] tid 698602              [.] 0x0000ffffb97ccb43
            |
            ---0xffffb97ccb43

     2.46%     0.90%  sqgi     sqgi                          [.] SQVM::CMP_OP
     2.38%     1.97%  sqgi     sqgi                          [.] sqjit_a64_precise_step<(SQOpcode)13, false>
     2.21%     0.00%  sqgi     [JIT] tid 698602              [.] 0x0000ffffb97cc743
            |
            ---0xffffb97cc743

     2.13%     0.00%  sqgi     sqgi                          [.] sqjit_a64_precise_can_release (inlined)
            |
            ---sqjit_a64_precise_can_release (inlined)

     2.12%     0.00%  sqgi     [JIT] tid 698602              [.] 0x0000ffffb97cf157
            |
            ---0xffffb97cf157

     2.11%     0.00%  sqgi     sqgi                          [.] SQObjectPtr::operator= (inlined)
            |
            ---SQObjectPtr::operator= (inlined)

     2.05%     0.00%  sqgi     [JIT] tid 698602              [.] 0x0000ffffb97cc7ef
            |
            ---0xffffb97cc7ef

     2.05%     0.00%  sqgi     [JIT] tid 698602              [.] 0x0000ffffb97cb203
            |
            ---0xffffb97cb203



#
# (Cannot load tips.txt file, please install perf!)
#
