BENCH	table_events_97	200000	0.421080000	10069540
BENCH	class_events_97	200000	0.409900000	10069540
BENCH	buffers_7	200000	0.370110000	65667
BENCH	buffers_31	200000	0.370345000	651677
BENCH	calibrate_17	200000	0.083955000	1040538.515625
BENCH	calibrate_67	200000	0.084935000	1040417.796875
BENCH	table_events_97	200000	0.415950000	10069540
BENCH	class_events_97	200000	0.411535000	10069540
BENCH	buffers_7	200000	0.373380000	65667
BENCH	buffers_31	200000	0.373380000	651677
BENCH	calibrate_17	200000	0.083750000	1040538.515625
BENCH	calibrate_67	200000	0.084505000	1040417.796875
BENCH	table_events_97	200000	0.426255000	10069540
BENCH	class_events_97	200000	0.410930000	10069540
BENCH	buffers_7	200000	0.371110000	65667
BENCH	buffers_31	200000	0.371305000	651677
BENCH	calibrate_17	200000	0.084195000	1040538.515625
BENCH	calibrate_67	200000	0.084460000	1040417.796875
2472.64;msec;task-clock:u;0.13%;2472643657;100.00;1.000;CPUs utilized
5615105130;;cycles:u;0.15%;2472927446;100.00;2.277;GHz
16825116416;;instructions:u;0.00%;2472927446;100.00;3.01;insn per cycle
4348374;;branch-misses:u;6.97%;2472927446;100.00;;
6744374091;;cache-references:u;0.05%;2472927446;100.00;2.735;G/sec
5761069;;cache-misses:u;1.27%;2472927446;100.00;0.086;of all cache refs
812;;page-faults:u;0.08%;2472643657;100.00;329.274;/sec
0;;context-switches:u;0.00%;2472643657;100.00;0.000;/sec
