# To display the perf.data header info, please use --header/--header-only options.
#
#
# Total Lost Samples: 0
#
# Samples: 1K of event 'cycles:u'
# Event count (approx.): 7982019905
#
# Children      Self  Command  Shared Object               Symbol                                                                                            
# ........  ........  .......  ..........................  ..................................................................................................
#
    75.53%     0.00%  sqgi     libc.so.6                   [.] __libc_start_call_main
            |
            ---__libc_start_call_main
               __libc_start_call_main
               main
               sq_call
               SQVM::Execute
               |          
               |--12.55%--sqjit_try_execute_current
               |          |          
               |           --4.80%--SQVM::Return
               |                     |          
               |                      --2.34%--SQVM::LeaveFrame
               |          
               |--4.90%--SQObjectPtr::operator= (inlined)
               |          
               |--4.29%--SQArray::Get (inlined)
               |          |          
               |           --3.66%--SQArray::Get (inlined)
               |          
               |--3.95%--sqjit_try_execute_current_loop
               |          
               |--3.42%--SQVM::StartCall
               |          
               |--2.92%--sqjit_try_execute_closure
               |          
               |--2.17%--sq_member_cache_hit (inlined)
               |          
                --2.06%--SQVM::CMP_OP

    75.53%     0.00%  sqgi     sqgi                        [.] main
            |
            ---main
               sq_call
               SQVM::Execute
               |          
               |--12.55%--sqjit_try_execute_current
               |          |          
               |           --4.80%--SQVM::Return
               |                     |          
               |                      --2.34%--SQVM::LeaveFrame
               |          
               |--4.90%--SQObjectPtr::operator= (inlined)
               |          
               |--4.29%--SQArray::Get (inlined)
               |          |          
               |           --3.66%--SQArray::Get (inlined)
               |          
               |--3.95%--sqjit_try_execute_current_loop
               |          
               |--3.42%--SQVM::StartCall
               |          
               |--2.92%--sqjit_try_execute_closure
               |          
               |--2.17%--sq_member_cache_hit (inlined)
               |          
                --2.06%--SQVM::CMP_OP

    75.53%     0.00%  sqgi     sqgi                        [.] sq_call
            |
            ---sq_call
               SQVM::Execute
               |          
               |--12.55%--sqjit_try_execute_current
               |          |          
               |           --4.80%--SQVM::Return
               |                     |          
               |                      --2.34%--SQVM::LeaveFrame
               |          
               |--4.90%--SQObjectPtr::operator= (inlined)
               |          
               |--4.29%--SQArray::Get (inlined)
               |          |          
               |           --3.66%--SQArray::Get (inlined)
               |          
               |--3.95%--sqjit_try_execute_current_loop
               |          
               |--3.42%--SQVM::StartCall
               |          
               |--2.92%--sqjit_try_execute_closure
               |          
               |--2.17%--sq_member_cache_hit (inlined)
               |          
                --2.06%--SQVM::CMP_OP

    75.53%    48.66%  sqgi     sqgi                        [.] SQVM::Execute
            |          
            |--48.66%--__libc_start_call_main
            |          __libc_start_call_main
            |          main
            |          sq_call
            |          SQVM::Execute
            |          |          
            |          |--4.84%--SQObjectPtr::operator= (inlined)
            |          |          
            |          |--4.29%--SQArray::Get (inlined)
            |          |          |          
            |          |           --3.66%--SQArray::Get (inlined)
            |          |          
            |           --2.17%--sq_member_cache_hit (inlined)
            |          
             --26.87%--SQVM::Execute
                       |          
                       |--12.55%--sqjit_try_execute_current
                       |          |          
                       |           --4.80%--SQVM::Return
                       |                     |          
                       |                      --2.34%--SQVM::LeaveFrame
                       |          
                       |--3.95%--sqjit_try_execute_current_loop
                       |          
                       |--3.42%--SQVM::StartCall
                       |          
                       |--2.92%--sqjit_try_execute_closure
                       |          
                        --2.06%--SQVM::CMP_OP

    12.83%     4.69%  sqgi     sqgi                        [.] sqjit_try_execute_current
            |          
            |--8.14%--sqjit_try_execute_current
            |          |          
            |           --4.80%--SQVM::Return
            |                     |          
            |                      --2.34%--SQVM::LeaveFrame
            |          
             --4.69%--__libc_start_call_main
                       __libc_start_call_main
                       main
                       sq_call
                       SQVM::Execute
                       sqjit_try_execute_current

     8.43%     7.43%  sqgi     sqgi                        [.] sqjit_a64_precise_step<(SQOpcode)13, true>
            |          
             --2.57%--0xffff9f5ae12f
                       0xffff9f5ae12f
                       sqjit_a64_precise_step<(SQOpcode)13, true>

     6.33%     0.00%  sqgi     sqgi                        [.] SQObjectPtr::operator= (inlined)
            |
            ---SQObjectPtr::operator= (inlined)

     4.80%     2.46%  sqgi     sqgi                        [.] SQVM::Return
            |          
            |--2.46%--__libc_start_call_main
            |          __libc_start_call_main
            |          main
            |          sq_call
            |          SQVM::Execute
            |          sqjit_try_execute_current
            |          SQVM::Return
            |          
             --2.34%--SQVM::Return
                       SQVM::LeaveFrame

     4.76%     0.00%  sqgi     [JIT] tid 698710            [.] 0x0000ffff9f5af3d7
            |
            ---0xffff9f5af3d7
               |          
                --2.19%--0xffff9f5af3d7
                          sqjit_a64_precise_step<(SQOpcode)13, true>

     4.74%     0.00%  sqgi     sqgi                        [.] sqjit_a64_precise_member<true> (inlined)
            |
            ---sqjit_a64_precise_member<true> (inlined)
               |          
                --4.06%--sq_member_raw_slot (inlined)
                          |          
                           --2.69%--SQTable::GetRawSlot (inlined)
                                     |          
                                      --2.00%--SQTable::_Get (inlined)

     4.29%     0.00%  sqgi     sqgi                        [.] SQArray::Get (inlined)
            |
            ---SQArray::Get (inlined)
               |          
                --3.66%--SQArray::Get (inlined)

     4.12%     0.00%  sqgi     [JIT] tid 698710            [.] 0x0000ffff9f5af0eb
            |
            ---0xffff9f5af0eb
               |          
                --2.12%--0xffff9f5af0eb
                          sqjit_a64_precise_step<(SQOpcode)14, true>

     4.06%     0.00%  sqgi     sqgi                        [.] sq_member_raw_slot (inlined)
            |
            ---sq_member_raw_slot (inlined)
               |          
                --2.69%--SQTable::GetRawSlot (inlined)
                          |          
                           --2.00%--SQTable::_Get (inlined)

     3.95%     2.75%  sqgi     sqgi                        [.] sqjit_try_execute_current_loop
            |          
             --2.75%--__libc_start_call_main
                       __libc_start_call_main
                       main
                       sq_call
                       SQVM::Execute
                       sqjit_try_execute_current_loop

     3.77%     0.00%  sqgi     sqgi                        [.] SQTable::GetRawSlot (inlined)
            |
            ---SQTable::GetRawSlot (inlined)
               |          
                --2.68%--SQTable::_Get (inlined)

     3.42%     3.02%  sqgi     sqgi                        [.] SQVM::StartCall
            |          
             --3.02%--__libc_start_call_main
                       __libc_start_call_main
                       main
                       sq_call
                       SQVM::Execute
                       SQVM::StartCall

     3.38%     0.00%  sqgi     [JIT] tid 698710            [.] 0x0000ffff9f5ae2ef
            |
            ---0xffff9f5ae2ef

     3.15%     0.00%  sqgi     [JIT] tid 698710            [.] 0x0000ffff9f5ae12f
            |
            ---0xffff9f5ae12f
               |          
                --2.86%--0xffff9f5ae12f
                          sqjit_a64_precise_step<(SQOpcode)13, true>

     2.92%     2.52%  sqgi     sqgi                        [.] sqjit_try_execute_closure
            |          
             --2.52%--__libc_start_call_main
                       __libc_start_call_main
                       main
                       sq_call
                       SQVM::Execute
                       sqjit_try_execute_closure

     2.68%     0.00%  sqgi     sqgi                        [.] SQTable::_Get (inlined)
            |
            ---SQTable::_Get (inlined)

     2.57%     0.00%  sqgi     [JIT] tid 698710            [.] 0x0000ffff9f5af083
            |
            ---0xffff9f5af083
               |          
                --2.46%--0xffff9f5af083
                          sqjit_a64_precise_step<(SQOpcode)9, true>

     2.46%     2.46%  sqgi     sqgi                        [.] sqjit_a64_precise_step<(SQOpcode)9, true>
            |
            ---0xffff9f5af083
               0xffff9f5af083
               sqjit_a64_precise_step<(SQOpcode)9, true>

     2.34%     2.34%  sqgi     sqgi                        [.] SQVM::LeaveFrame
            |
            ---__libc_start_call_main
               __libc_start_call_main
               main
               sq_call
               SQVM::Execute
               sqjit_try_execute_current
               SQVM::Return
               SQVM::LeaveFrame

     2.17%     0.00%  sqgi     sqgi                        [.] sq_member_cache_hit (inlined)
            |
            ---sq_member_cache_hit (inlined)

     2.12%     2.12%  sqgi     sqgi                        [.] sqjit_a64_precise_step<(SQOpcode)14, true>
            |
            ---0xffff9f5af0eb
               0xffff9f5af0eb
               sqjit_a64_precise_step<(SQOpcode)14, true>

     2.06%     0.00%  sqgi     [JIT] tid 698710            [.] 0x0000ffff9f5ae20f
            |
            ---0xffff9f5ae20f

     2.06%     0.97%  sqgi     sqgi                        [.] SQVM::CMP_OP


#
# (Cannot load tips.txt file, please install perf!)
#
