BENCH	transfer_table	200000	0.431770000	141925
BENCH	transfer_class	200000	0.442240000	141925
BENCH	transfer_mixed	200000	0.442750000	141925
BENCH	publish_table	200000	0.387230000	410680
BENCH	publish_class	200000	0.397930000	410680
BENCH	publish_mixed	200000	0.399915000	410680
BENCH	transfer_table	200000	0.438630000	141925
BENCH	transfer_class	200000	0.447505000	141925
BENCH	transfer_mixed	200000	0.450625000	141925
BENCH	publish_table	200000	0.386865000	410680
BENCH	publish_class	200000	0.394750000	410680
BENCH	publish_mixed	200000	0.398065000	410680
BENCH	transfer_table	200000	0.432125000	141925
BENCH	transfer_class	200000	0.441060000	141925
BENCH	transfer_mixed	200000	0.443670000	141925
BENCH	publish_table	200000	0.388570000	410680
BENCH	publish_class	200000	0.397615000	410680
BENCH	publish_mixed	200000	0.398720000	410680
3543.63;msec;task-clock:u;0.21%;3543628359;100.00;1.000;CPUs utilized
8022098072;;cycles:u;0.21%;3543991492;100.00;2.267;GHz
23316922666;;instructions:u;0.00%;3543991492;100.00;2.90;insn per cycle
1700304;;branch-misses:u;82.23%;3543991492;100.00;;
9603978066;;cache-references:u;0.07%;3543991492;100.00;2.714;G/sec
22049770;;cache-misses:u;32.52%;3543991492;100.00;0.229;of all cache refs
795;;page-faults:u;0.04%;3543628359;100.00;224.621;/sec
0;;context-switches:u;0.00%;3543628359;100.00;0.000;/sec
