BENCH	table_owners_1	200000	0.122435000	5098276961
BENCH	table_owners_2	200000	0.122890000	5098477602
BENCH	table_owners_5	200000	0.122880000	5097878556
BENCH	table_owners_19	200000	0.122470000	5098684496
BENCH	table_owners_257	200000	0.123440000	5100408060
BENCH	class_owners_1	200000	0.123515000	5098276961
BENCH	class_owners_2	200000	0.123480000	5098477602
BENCH	class_owners_5	200000	0.123295000	5097878556
BENCH	class_owners_19	200000	0.123425000	5098684496
BENCH	class_owners_257	200000	0.123420000	5100408060
BENCH	table_owners_1	200000	0.122605000	5098276961
BENCH	table_owners_2	200000	0.123285000	5098477602
BENCH	table_owners_5	200000	0.123455000	5097878556
BENCH	table_owners_19	200000	0.123520000	5098684496
BENCH	table_owners_257	200000	0.123100000	5100408060
BENCH	class_owners_1	200000	0.123245000	5098276961
BENCH	class_owners_2	200000	0.123350000	5098477602
BENCH	class_owners_5	200000	0.123510000	5097878556
BENCH	class_owners_19	200000	0.123315000	5098684496
BENCH	class_owners_257	200000	0.123730000	5100408060
BENCH	table_owners_1	200000	0.122555000	5098276961
BENCH	table_owners_2	200000	0.122255000	5098477602
BENCH	table_owners_5	200000	0.122345000	5097878556
BENCH	table_owners_19	200000	0.122640000	5098684496
BENCH	table_owners_257	200000	0.122635000	5100408060
BENCH	class_owners_1	200000	0.122900000	5098276961
BENCH	class_owners_2	200000	0.122515000	5098477602
BENCH	class_owners_5	200000	0.122395000	5097878556
BENCH	class_owners_19	200000	0.122465000	5098684496
BENCH	class_owners_257	200000	0.122725000	5100408060
1736.75;msec;task-clock:u;0.28%;1736751619;100.00;0.992;CPUs utilized
3944322957;;cycles:u;0.15%;1736950538;100.00;2.259;GHz
12236244204;;instructions:u;0.00%;1736950538;100.00;3.09;insn per cycle
140398;;branch-misses:u;1.41%;1736950538;100.00;;
4757018330;;cache-references:u;0.00%;1736950538;100.00;2.724;G/sec
212024;;cache-misses:u;4.03%;1736950538;100.00;0.004;of all cache refs
786;;page-faults:u;0.07%;1736751619;100.00;450.068;/sec
0;;context-switches:u;0.00%;1736751619;100.00;0.000;/sec
