# To display the perf.data header info, please use --header/--header-only options.
#
#
# Total Lost Samples: 0
#
# Samples: 210  of event 'cycles:u'
# Event count (approx.): 879867797
#
# Children      Self  Command  Shared Object            Symbol                                                                                                                                                         
# ........  ........  .......  .......................  ...............................................................................................................................................................
#
    25.28%    10.88%  sqgi     sqgi                     [.] SQJitWriteLog::RecordMember
            |          
            |--14.41%--SQJitWriteLog::RecordMember
            |          SQJitWriteLog::CanRelease
            |          
            |--7.25%--0xffffacabe207
            |          0xffffacabe207
            |          sqjit_a64_helper_member_set_reference_logged
            |          sqjit_a64_helper_member_set_reference_logged
            |          SQJitWriteLog::RecordMember
            |          |          
            |           --4.66%--SQJitWriteLog::ContainsMember<true> (inlined)
            |                     |          
            |                      --2.59%--SQJitWriteLog::ContainsMember<true>(SQObjectPtr const&, SQObjectPtr const&, SQObjectPtr const&) const::{lambda(SQJitWriteLog::Entry const&)#1}::operator() (inlined)
            |          
             --2.07%--0xffffaccc3223
                       0xffffaccc3223
                       sqjit_a64_helper_instance_field_set_integer_logged
                       sqjit_a64_helper_instance_field_set_integer_logged
                       SQJitWriteLog::RecordMember

    24.26%    10.31%  sqgi     sqgi                     [.] sqjit_a64_helper_member_closure_guard
            |          
            |--13.96%--sqjit_a64_helper_member_closure_guard
            |          sqjit_a64_helper_member_closure_guard
            |          sqjit_a64_borrow_member_ptr_value
            |          |          
            |           --9.98%--SQTable::GetRawSlot (inlined)
            |                     |          
            |                      --8.02%--SQTable::_Get (inlined)
            |          
            |--3.63%--0xffffacabf16b
            |          0xffffacabf16b
            |          sqjit_a64_helper_member_closure_guard
            |          
            |--3.11%--0xffffacabd14f
            |          0xffffacabd14f
            |          sqjit_a64_helper_member_closure_guard
            |          
             --2.01%--0xffffaccc316b
                       0xffffaccc316b
                       sqjit_a64_helper_member_closure_guard

    23.85%     8.29%  sqgi     sqgi                     [.] sqjit_a64_helper_member_set_integer_logged
            |          
            |--15.56%--sqjit_a64_helper_member_set_integer_logged
            |          |          
            |          |--9.33%--sqjit_a64_helper_member_set_integer_logged
            |          |          SQJitWriteLog::RecordMember
            |          |          |          
            |          |           --7.78%--SQJitWriteLog::CanRelease
            |          |          
            |           --5.19%--sqjit_a64_member_store_slot (inlined)
            |                     sqjit_a64_member_store_slot (inlined)
            |                     sqjit_a64_helper_member_set_integer_logged
            |                     sqjit_a64_resolve_root_store_slot
            |                     |          
            |                      --4.15%--SQTable::GetRawSlot (inlined)
            |                                |          
            |                                 --3.11%--SQTable::_Get (inlined)
            |          
            |--4.15%--0xffffacabf1f7
            |          0xffffacabf1f7
            |          sqjit_a64_helper_member_set_integer_logged
            |          |          
            |           --2.08%--sqjit_a64_member_store_slot (inlined)
            |                     sqjit_a64_member_store_slot (inlined)
            |                     sqjit_a64_resolve_store_slot (inlined)
            |          
             --4.14%--0xffffacabd1db
                       0xffffacabd1db
                       sqjit_a64_helper_member_set_integer_logged
                       |          
                        --2.07%--sqjit_a64_member_store_slot (inlined)

    23.32%     0.00%  sqgi     [JIT] tid 698571         [.] 0x0000ffffacabe207
            |
            ---0xffffacabe207
               |          
                --20.21%--0xffffacabe207
                          sqjit_a64_helper_member_set_reference_logged
                          |          
                          |--9.84%--sqjit_a64_helper_member_set_reference_logged
                          |          SQJitWriteLog::RecordMember
                          |          |          
                          |          |--4.66%--SQJitWriteLog::ContainsMember<true> (inlined)
                          |          |          |          
                          |          |           --2.59%--SQJitWriteLog::ContainsMember<true>(SQObjectPtr const&, SQObjectPtr const&, SQObjectPtr const&) const::{lambda(SQJitWriteLog::Entry const&)#1}::operator() (inlined)
                          |          |          
                          |           --2.59%--SQJitWriteLog::CanRelease
                          |          
                           --8.81%--sqjit_a64_member_store_slot (inlined)
                                     sqjit_a64_member_store_slot (inlined)
                                     |          
                                      --7.25%--sqjit_a64_resolve_store_slot (inlined)
                                                sq_member_raw_slot (inlined)
                                                SQTable::GetRawSlot (inlined)
                                                |          
                                                 --6.22%--SQTable::_Get (inlined)

    20.21%     8.81%  sqgi     sqgi                     [.] sqjit_a64_helper_member_set_reference_logged
            |          
            |--11.40%--sqjit_a64_helper_member_set_reference_logged
            |          |          
            |           --9.84%--sqjit_a64_helper_member_set_reference_logged
            |                     SQJitWriteLog::RecordMember
            |                     |          
            |                     |--4.66%--SQJitWriteLog::ContainsMember<true> (inlined)
            |                     |          |          
            |                     |           --2.59%--SQJitWriteLog::ContainsMember<true>(SQObjectPtr const&, SQObjectPtr const&, SQObjectPtr const&) const::{lambda(SQJitWriteLog::Entry const&)#1}::operator() (inlined)
            |                     |          
            |                      --2.59%--SQJitWriteLog::CanRelease
            |          
             --8.81%--0xffffacabe207
                       0xffffacabe207
                       sqjit_a64_helper_member_set_reference_logged
                       |          
                        --7.77%--sqjit_a64_member_store_slot (inlined)
                                  sqjit_a64_member_store_slot (inlined)
                                  |          
                                   --7.25%--sqjit_a64_resolve_store_slot (inlined)
                                             sq_member_raw_slot (inlined)
                                             SQTable::GetRawSlot (inlined)
                                             |          
                                              --6.22%--SQTable::_Get (inlined)

    15.03%     0.00%  sqgi     [JIT] tid 698571         [.] 0x0000ffffacabf1f7
            |
            ---0xffffacabf1f7
               |          
                --13.48%--0xffffacabf1f7
                          sqjit_a64_helper_member_set_integer_logged
                          |          
                          |--5.71%--sqjit_a64_member_store_slot (inlined)
                          |          sqjit_a64_member_store_slot (inlined)
                          |          |          
                          |          |--3.63%--sqjit_a64_helper_member_set_integer_logged
                          |          |          sqjit_a64_resolve_root_store_slot
                          |          |          |          
                          |          |           --3.11%--SQTable::GetRawSlot (inlined)
                          |          |                     |          
                          |          |                      --2.59%--SQTable::_Get (inlined)
                          |          |          
                          |           --2.08%--sqjit_a64_resolve_store_slot (inlined)
                          |          
                           --4.67%--sqjit_a64_helper_member_set_integer_logged
                                     SQJitWriteLog::RecordMember
                                     |          
                                      --3.63%--SQJitWriteLog::CanRelease

    14.41%    14.41%  sqgi     sqgi                     [.] SQJitWriteLog::CanRelease
            |          
            |--4.15%--0xffffacabd1db
            |          0xffffacabd1db
            |          sqjit_a64_helper_member_set_integer_logged
            |          sqjit_a64_helper_member_set_integer_logged
            |          SQJitWriteLog::RecordMember
            |          SQJitWriteLog::CanRelease
            |          
            |--4.04%--0xffffaccc3223
            |          0xffffaccc3223
            |          sqjit_a64_helper_instance_field_set_integer_logged
            |          sqjit_a64_helper_instance_field_set_integer_logged
            |          SQJitWriteLog::RecordMember
            |          SQJitWriteLog::CanRelease
            |          
            |--3.63%--0xffffacabf1f7
            |          0xffffacabf1f7
            |          sqjit_a64_helper_member_set_integer_logged
            |          sqjit_a64_helper_member_set_integer_logged
            |          SQJitWriteLog::RecordMember
            |          SQJitWriteLog::CanRelease
            |          
             --2.59%--0xffffacabe207
                       0xffffacabe207
                       sqjit_a64_helper_member_set_reference_logged
                       sqjit_a64_helper_member_set_reference_logged
                       SQJitWriteLog::RecordMember
                       SQJitWriteLog::CanRelease

    13.96%    13.96%  sqgi     sqgi                     [.] sqjit_a64_borrow_member_ptr_value
            |          
            |--5.18%--0xffffacabd14f
            |          0xffffacabd14f
            |          sqjit_a64_helper_member_closure_guard
            |          sqjit_a64_helper_member_closure_guard
            |          sqjit_a64_borrow_member_ptr_value
            |          |          
            |           --4.66%--SQTable::GetRawSlot (inlined)
            |                     |          
            |                      --3.63%--SQTable::_Get (inlined)
            |          
            |--3.63%--0xffffacabe14b
            |          0xffffacabe14b
            |          sqjit_a64_helper_member_closure_guard
            |          sqjit_a64_helper_member_closure_guard
            |          sqjit_a64_borrow_member_ptr_value
            |          |          
            |           --2.07%--SQTable::GetRawSlot (inlined)
            |          
            |--3.07%--0xffffaccc316b
            |          0xffffaccc316b
            |          sqjit_a64_helper_member_closure_guard
            |          sqjit_a64_helper_member_closure_guard
            |          sqjit_a64_borrow_member_ptr_value
            |          |          
            |           --2.21%--SQTable::GetRawSlot (inlined)
            |          
             --2.08%--0xffffacabf16b
                       0xffffacabf16b
                       sqjit_a64_helper_member_closure_guard
                       sqjit_a64_helper_member_closure_guard
                       sqjit_a64_borrow_member_ptr_value

    12.44%     0.00%  sqgi     [JIT] tid 698571         [.] 0x0000ffffacabd14f
            |
            ---0xffffacabd14f
               |          
               |--8.29%--0xffffacabd14f
               |          sqjit_a64_helper_member_closure_guard
               |          |          
               |           --5.18%--sqjit_a64_helper_member_closure_guard
               |                     sqjit_a64_borrow_member_ptr_value
               |                     |          
               |                      --4.66%--SQTable::GetRawSlot (inlined)
               |                                |          
               |                                 --3.63%--SQTable::_Get (inlined)
               |          
                --2.08%--0xffffacabd1c0

    11.59%     0.00%  sqgi     [JIT] tid 698571         [.] 0x0000ffffaccc3223
            |
            ---0xffffaccc3223
               |          
                --10.17%--0xffffaccc3223
                          sqjit_a64_helper_instance_field_set_integer_logged
                          |          
                           --6.11%--sqjit_a64_helper_instance_field_set_integer_logged
                                     SQJitWriteLog::RecordMember
                                     |          
                                      --4.04%--SQJitWriteLog::CanRelease

    11.41%     0.00%  sqgi     [JIT] tid 698571         [.] 0x0000ffffacabd1db
            |
            ---0xffffacabd1db
               |          
                --10.37%--0xffffacabd1db
                          sqjit_a64_helper_member_set_integer_logged
                          |          
                          |--4.67%--sqjit_a64_helper_member_set_integer_logged
                          |          SQJitWriteLog::RecordMember
                          |          |          
                          |           --4.15%--SQJitWriteLog::CanRelease
                          |          
                           --3.63%--sqjit_a64_member_store_slot (inlined)
                                     |          
                                      --3.11%--sqjit_a64_member_store_slot (inlined)

    10.17%     4.07%  sqgi     sqgi                     [.] sqjit_a64_helper_instance_field_set_integer_logged
            |          
            |--6.11%--sqjit_a64_helper_instance_field_set_integer_logged
            |          sqjit_a64_helper_instance_field_set_integer_logged
            |          SQJitWriteLog::RecordMember
            |          |          
            |           --4.04%--SQJitWriteLog::CanRelease
            |          
             --4.07%--0xffffaccc3223
                       0xffffaccc3223
                       sqjit_a64_helper_instance_field_set_integer_logged

     9.98%     0.00%  sqgi     sqgi                     [.] SQTable::GetRawSlot (inlined)
            |
            ---SQTable::GetRawSlot (inlined)
               |          
                --8.02%--SQTable::_Get (inlined)

     9.34%     0.00%  sqgi     sqgi                     [.] sqjit_a64_member_store_slot (inlined)
            |
            ---sqjit_a64_member_store_slot (inlined)
               |          
                --8.82%--sqjit_a64_member_store_slot (inlined)
                          |          
                          |--5.19%--sqjit_a64_helper_member_set_integer_logged
                          |          sqjit_a64_resolve_root_store_slot
                          |          |          
                          |           --4.15%--SQTable::GetRawSlot (inlined)
                          |                     |          
                          |                      --3.11%--SQTable::_Get (inlined)
                          |          
                           --2.59%--sqjit_a64_resolve_store_slot (inlined)
                                     |          
                                      --2.08%--sq_member_raw_slot (inlined)
                                                SQTable::GetRawSlot (inlined)

     8.81%     0.00%  sqgi     sqgi                     [.] sqjit_a64_member_store_slot (inlined)
            |
            ---sqjit_a64_member_store_slot (inlined)
               sqjit_a64_member_store_slot (inlined)
               |          
                --7.25%--sqjit_a64_resolve_store_slot (inlined)
                          sq_member_raw_slot (inlined)
                          SQTable::GetRawSlot (inlined)
                          |          
                           --6.22%--SQTable::_Get (inlined)

     8.29%     0.00%  sqgi     [JIT] tid 698571         [.] 0x0000ffffacabf16b
            |
            ---0xffffacabf16b
               |          
                --5.71%--0xffffacabf16b
                          sqjit_a64_helper_member_closure_guard
                          |          
                           --2.08%--sqjit_a64_helper_member_closure_guard
                                     sqjit_a64_borrow_member_ptr_value

     8.02%     0.00%  sqgi     sqgi                     [.] SQTable::_Get (inlined)
            |
            ---SQTable::_Get (inlined)

     8.01%     0.00%  sqgi     [JIT] tid 698571         [.] 0x0000ffffaccc316b
            |
            ---0xffffaccc316b
               |          
               |--5.08%--0xffffaccc316b
               |          sqjit_a64_helper_member_closure_guard
               |          |          
               |           --3.07%--sqjit_a64_helper_member_closure_guard
               |                     sqjit_a64_borrow_member_ptr_value
               |                     |          
               |                      --2.21%--SQTable::GetRawSlot (inlined)
               |          
                --2.93%--0xffffaccc3214

     7.78%     0.00%  sqgi     [JIT] tid 698571         [.] 0x0000ffffacabe14b
            |
            ---0xffffacabe14b
               |          
                --5.19%--0xffffacabe14b
                          sqjit_a64_helper_member_closure_guard
                          |          
                           --3.63%--sqjit_a64_helper_member_closure_guard
                                     sqjit_a64_borrow_member_ptr_value
                                     |          
                                      --2.07%--SQTable::GetRawSlot (inlined)

     7.25%     0.00%  sqgi     sqgi                     [.] sqjit_a64_resolve_store_slot (inlined)
            |
            ---sqjit_a64_resolve_store_slot (inlined)
               sq_member_raw_slot (inlined)
               SQTable::GetRawSlot (inlined)
               |          
                --6.22%--SQTable::_Get (inlined)

     7.25%     0.00%  sqgi     sqgi                     [.] sq_member_raw_slot (inlined)
            |
            ---sq_member_raw_slot (inlined)
               SQTable::GetRawSlot (inlined)
               |          
                --6.22%--SQTable::_Get (inlined)

     7.25%     0.00%  sqgi     sqgi                     [.] SQTable::GetRawSlot (inlined)
            |
            ---SQTable::GetRawSlot (inlined)
               |          
                --6.22%--SQTable::_Get (inlined)

     6.22%     6.22%  sqgi     sqgi                     [.] sqjit_a64_resolve_root_store_slot
            |          
             --3.63%--0xffffacabf1f7
                       0xffffacabf1f7
                       sqjit_a64_helper_member_set_integer_logged
                       sqjit_a64_member_store_slot (inlined)
                       sqjit_a64_member_store_slot (inlined)
                       sqjit_a64_helper_member_set_integer_logged
                       sqjit_a64_resolve_root_store_slot
                       |          
                        --3.11%--SQTable::GetRawSlot (inlined)
                                  |          
                                   --2.59%--SQTable::_Get (inlined)

     6.22%     0.00%  sqgi     sqgi                     [.] SQTable::_Get (inlined)
            |
            ---SQTable::_Get (inlined)

     4.67%     0.00%  sqgi     sqgi                     [.] SQTable::GetRawSlot (inlined)
            |
            ---SQTable::GetRawSlot (inlined)
               |          
                --3.63%--SQTable::_Get (inlined)

     4.66%     0.00%  sqgi     sqgi                     [.] SQJitWriteLog::ContainsMember<true> (inlined)
            |
            ---SQJitWriteLog::ContainsMember<true> (inlined)
               |          
                --2.59%--SQJitWriteLog::ContainsMember<true>(SQObjectPtr const&, SQObjectPtr const&, SQObjectPtr const&) const::{lambda(SQJitWriteLog::Entry const&)#1}::operator() (inlined)

     3.63%     0.00%  sqgi     sqgi                     [.] SQTable::_Get (inlined)
            |
            ---SQTable::_Get (inlined)

     2.93%     2.93%  sqgi     [JIT] tid 698571         [.] 0x0000ffffaccc3214
            |
            ---0xffffaccc316b
               0xffffaccc3214

     2.59%     0.00%  sqgi     sqgi                     [.] sqjit_a64_resolve_store_slot (inlined)
            |
            ---sqjit_a64_resolve_store_slot (inlined)
               |          
                --2.08%--sq_member_raw_slot (inlined)
                          SQTable::GetRawSlot (inlined)

     2.59%     0.00%  sqgi     sqgi                     [.] SQJitWriteLog::ContainsMember<true>(SQObjectPtr const&, SQObjectPtr const&, SQObjectPtr const&) const::{lambda(SQJitWriteLog::Entry const&)#1}::operator() (inlined)
            |
            ---SQJitWriteLog::ContainsMember<true>(SQObjectPtr const&, SQObjectPtr const&, SQObjectPtr const&) const::{lambda(SQJitWriteLog::Entry const&)#1}::operator() (inlined)

     2.08%     2.08%  sqgi     [JIT] tid 698571         [.] 0x0000ffffacabd1c0
            |
            ---0xffffacabd14f
               0xffffacabd1c0

     2.08%     0.00%  sqgi     sqgi                     [.] sq_member_raw_slot (inlined)
            |
            ---sq_member_raw_slot (inlined)
               SQTable::GetRawSlot (inlined)

     2.08%     0.00%  sqgi     sqgi                     [.] SQTable::GetRawSlot (inlined)
            |
            ---SQTable::GetRawSlot (inlined)

     2.07%     0.00%  sqgi     sqgi                     [.] sqjit_a64_store_resolved_member (inlined)
            |
            ---sqjit_a64_store_resolved_member (inlined)

     2.07%     0.00%  sqgi     sqgi                     [.] SQObjectPtr::operator= (inlined)
            |
            ---SQObjectPtr::operator= (inlined)

     2.07%     0.00%  sqgi     sqgi                     [.] sqjit_a64_borrow_member_value_with_root (inlined)
            |
            ---sqjit_a64_borrow_member_value_with_root (inlined)



#
# (Cannot load tips.txt file, please install perf!)
#
