BENCH	receiver_integer	200000	0.054340000	595177
BENCH	root_integer	200000	0.063400000	595177
BENCH	root_reference	200000	0.085885000	799457
BENCH	root_integer_result	200000	0.065350000	795177
BENCH	receiver_integer	200000	0.054425000	595177
BENCH	root_integer	200000	0.063510000	595177
BENCH	root_reference	200000	0.087915000	799457
BENCH	root_integer_result	200000	0.065245000	795177
BENCH	receiver_integer	200000	0.054375000	595177
BENCH	root_integer	200000	0.063405000	595177
BENCH	root_reference	200000	0.085360000	799457
BENCH	root_integer_result	200000	0.065480000	795177
406.48;msec;task-clock:u;0.71%;406480248;100.00;0.972;CPUs utilized
881062134;;cycles:u;0.28%;406579416;100.00;2.142;GHz
2935615620;;instructions:u;0.09%;406579416;100.00;3.32;insn per cycle
291255;;branch-misses:u;20.36%;406579416;100.00;;
1011482508;;cache-references:u;0.28%;406579416;100.00;2.459;G/sec
195793;;cache-misses:u;0.31%;406579416;100.00;0.019;of all cache refs
782;;page-faults:u;0.11%;406480248;100.00;1.901;K/sec
0;;context-switches:u;0.00%;406480248;100.00;0.000;/sec
