{
  "full56_speedup": 1.8822260946515523,
  "ratios": {
    "node": {
      "geomean": 8.119330195806423,
      "p90": 23.761644940592344
    },
    "gjs": {
      "geomean": 5.370797575115023,
      "p90": 12.629266012155213
    }
  },
  "node_top6": [
    {
      "suite": "kernels-seed17",
      "name": "object_member_write_fallback",
      "sqgi_ns": 472.813,
      "engine_ns": 12.616256,
      "ratio": 37.47649064825571
    },
    {
      "suite": "methods",
      "name": "publish_class",
      "sqgi_ns": 369.5,
      "engine_ns": 13.66879,
      "ratio": 27.03238545621083
    },
    {
      "suite": "members",
      "name": "buffers_31",
      "sqgi_ns": 333.57,
      "engine_ns": 12.34756,
      "ratio": 27.015053986374635
    },
    {
      "suite": "members",
      "name": "buffers_7",
      "sqgi_ns": 333.74,
      "engine_ns": 12.414645,
      "ratio": 26.88276628127506
    },
    {
      "suite": "methods",
      "name": "publish_table",
      "sqgi_ns": 359.86,
      "engine_ns": 13.404835,
      "ratio": 26.845537449733623
    },
    {
      "suite": "methods",
      "name": "transfer_class",
      "sqgi_ns": 419.185,
      "engine_ns": 17.641245,
      "ratio": 23.761644940592344
    }
  ],
  "gjs_top6": [
    {
      "suite": "members",
      "name": "buffers_31",
      "sqgi_ns": 333.57,
      "engine_ns": 18.38,
      "ratio": 18.14853101196953
    },
    {
      "suite": "members",
      "name": "buffers_7",
      "sqgi_ns": 333.74,
      "engine_ns": 20.495,
      "ratio": 16.283971700414735
    },
    {
      "suite": "methods",
      "name": "transfer_class",
      "sqgi_ns": 419.185,
      "engine_ns": 31.34,
      "ratio": 13.375398851308232
    },
    {
      "suite": "methods",
      "name": "publish_class",
      "sqgi_ns": 369.5,
      "engine_ns": 28.209999999999997,
      "ratio": 13.098192130450196
    },
    {
      "suite": "methods",
      "name": "publish_table",
      "sqgi_ns": 359.86,
      "engine_ns": 28.2,
      "ratio": 12.76099290780142
    },
    {
      "suite": "methods",
      "name": "transfer_table",
      "sqgi_ns": 405.21000000000004,
      "engine_ns": 32.085,
      "ratio": 12.629266012155213
    }
  ]
}
