{
  "aggregation": "56 equally weighted components; application seed17; nearest-rank p90",
  "speedup": 1.8822260946515523,
  "groups": {
    "kernels-seed17": {
      "count": 15,
      "speedup": 1.190678376853144
    },
    "applications-seed17": {
      "count": 8,
      "speedup": 0.9854507912057315
    },
    "roots-seed17": {
      "count": 4,
      "speedup": 1.5875683883132483
    },
    "members": {
      "count": 6,
      "speedup": 1.132058408092436
    },
    "owners": {
      "count": 10,
      "speedup": 7.281685315317123
    },
    "methods": {
      "count": 6,
      "speedup": 2.6790984957421444
    },
    "floats": {
      "count": 7,
      "speedup": 1.917551826370104
    }
  },
  "totals": {
    "sqgi_baseline": {
      "node": {
        "geomean": 15.282415165639147,
        "p90": 100.71711868135789
      },
      "gjs": {
        "geomean": 10.109055344972779,
        "p90": 50.87596456130322
      }
    },
    "sqgi": {
      "node": {
        "geomean": 8.119330195806423,
        "p90": 23.761644940592344
      },
      "gjs": {
        "geomean": 5.370797575115023,
        "p90": 12.629266012155213
      }
    }
  },
  "regressions_over_5pct": []
}
