{
  "kernel-w4": {
    "geomean_v29_over_v28": 0.9982201475614046,
    "regressions_over_5pct_against_v28": [],
    "repeat_regressions_over_5pct_against_v28": []
  },
  "floats-w4": {
    "geomean_v29_over_v28": 1.000360360579601,
    "regressions_over_5pct_against_v28": [],
    "repeat_regressions_over_5pct_against_v28": []
  },
  "application-w4": {
    "geomean_v29_over_v28": 1.000663172489228,
    "regressions_over_5pct_against_v28": [],
    "repeat_regressions_over_5pct_against_v28": []
  },
  "application-seed17-w4": {
    "geomean_v29_over_v28": 1.000586714798258,
    "regressions_over_5pct_against_v28": [],
    "repeat_regressions_over_5pct_against_v28": []
  },
  "owners-w4": {
    "geomean_v29_over_v28": 1.0018906004343555,
    "regressions_over_5pct_against_v28": [],
    "repeat_regressions_over_5pct_against_v28": []
  },
  "members-w4": {
    "geomean_v29_over_v28": 0.985838895729588,
    "regressions_over_5pct_against_v28": [],
    "repeat_regressions_over_5pct_against_v28": []
  },
  "methods-w4": {
    "geomean_v29_over_v28": 0.9994301647087686,
    "regressions_over_5pct_against_v28": [],
    "repeat_regressions_over_5pct_against_v28": []
  },
  "kernel-w5": {
    "geomean_v29_over_v28": 1.0017233344470862,
    "regressions_over_5pct_against_v28": [],
    "repeat_regressions_over_5pct_against_v28": []
  },
  "floats-w5": {
    "geomean_v29_over_v28": 0.9997580511431501,
    "regressions_over_5pct_against_v28": [],
    "repeat_regressions_over_5pct_against_v28": []
  },
  "application-w5": {
    "geomean_v29_over_v28": 0.9990892458451088,
    "regressions_over_5pct_against_v28": [],
    "repeat_regressions_over_5pct_against_v28": []
  },
  "application-seed17-w5": {
    "geomean_v29_over_v28": 0.9990300280286764,
    "regressions_over_5pct_against_v28": [],
    "repeat_regressions_over_5pct_against_v28": []
  },
  "owners-w5": {
    "geomean_v29_over_v28": 0.9989815085683171,
    "regressions_over_5pct_against_v28": [],
    "repeat_regressions_over_5pct_against_v28": []
  },
  "members-w5": {
    "geomean_v29_over_v28": 0.9867149855420935,
    "regressions_over_5pct_against_v28": [],
    "repeat_regressions_over_5pct_against_v28": []
  },
  "methods-w5": {
    "geomean_v29_over_v28": 1.0013304549313122,
    "regressions_over_5pct_against_v28": [],
    "repeat_regressions_over_5pct_against_v28": []
  }
}
