{
  "methods-pilot-w5": {
    "geomean": {
      "v29": 1.0013304549313122,
      "v29_repeat": 1.0007906890796612
    },
    "copy_diagnostics": {
      "transfer_table": {
        "baseline_repeat_over_primary": 0.9992436547593955,
        "paired_copies_ratio": 0.9996713709442955
      },
      "transfer_class": {
        "baseline_repeat_over_primary": 1.000396453542853,
        "paired_copies_ratio": 1.0018612041446915
      },
      "transfer_mixed": {
        "baseline_repeat_over_primary": 1.0007873076464273,
        "paired_copies_ratio": 0.9995169996373163
      },
      "publish_table": {
        "baseline_repeat_over_primary": 1.0007113764436757,
        "paired_copies_ratio": 1.0019311643551705
      },
      "publish_class": {
        "baseline_repeat_over_primary": 1.0009776763891152,
        "paired_copies_ratio": 1.0000951214895344
      },
      "publish_mixed": {
        "baseline_repeat_over_primary": 1.0005006969159775,
        "paired_copies_ratio": 1.0019818924466772
      }
    },
    "regressions_over_5pct": {},
    "result_sha256": "c650ac8056914fe0bf8a81798a59b3cd8c13fd3af5d1c4cbc6d6d293c7372bd3"
  },
  "members-pilot-w5": {
    "geomean": {
      "v29": 0.9867149855420935,
      "v29_repeat": 0.9835943755457258
    },
    "copy_diagnostics": {
      "table_events_97": {
        "baseline_repeat_over_primary": 0.9970303933827065,
        "paired_copies_ratio": 1.0001153633546533
      },
      "class_events_97": {
        "baseline_repeat_over_primary": 0.9945595638085444,
        "paired_copies_ratio": 1.0073979352686646
      },
      "buffers_7": {
        "baseline_repeat_over_primary": 0.9994550877595504,
        "paired_copies_ratio": 0.9554475601639391
      },
      "buffers_31": {
        "baseline_repeat_over_primary": 1.000774904571937,
        "paired_copies_ratio": 0.9552737124409276
      },
      "calibrate_17": {
        "baseline_repeat_over_primary": 1.0022055317119696,
        "paired_copies_ratio": 0.9990473059975638
      },
      "calibrate_67": {
        "baseline_repeat_over_primary": 1.0002949330501978,
        "paired_copies_ratio": 0.99790573026152
      }
    },
    "regressions_over_5pct": {},
    "result_sha256": "1d092d684a5b3d91163a5b395af85c4c4f932fed875aeba1d56ef4436d203ae1"
  },
  "owners-pilot-w5": {
    "geomean": {
      "v29": 0.9989815085683171,
      "v29_repeat": 0.9987653222150782
    },
    "copy_diagnostics": {
      "table_owners_1": {
        "baseline_repeat_over_primary": 0.9941794203842396,
        "paired_copies_ratio": 1.0004520708334814
      },
      "table_owners_2": {
        "baseline_repeat_over_primary": 1.0006534079307388,
        "paired_copies_ratio": 1.0022861669625782
      },
      "table_owners_5": {
        "baseline_repeat_over_primary": 0.9961782403642868,
        "paired_copies_ratio": 1.0000832196365539
      },
      "table_owners_19": {
        "baseline_repeat_over_primary": 0.9965836993655443,
        "paired_copies_ratio": 1.0013660993355546
      },
      "table_owners_257": {
        "baseline_repeat_over_primary": 1.0008552577991365,
        "paired_copies_ratio": 1.000020177466993
      },
      "class_owners_1": {
        "baseline_repeat_over_primary": 0.99931009293454,
        "paired_copies_ratio": 0.9968131300337579
      },
      "class_owners_2": {
        "baseline_repeat_over_primary": 0.9994298281339089,
        "paired_copies_ratio": 1.0008758764459464
      },
      "class_owners_5": {
        "baseline_repeat_over_primary": 0.9992288335092134,
        "paired_copies_ratio": 0.997299947047252
      },
      "class_owners_19": {
        "baseline_repeat_over_primary": 0.9985768308055137,
        "paired_copies_ratio": 1.000061260148903
      },
      "class_owners_257": {
        "baseline_repeat_over_primary": 0.996236646163807,
        "paired_copies_ratio": 0.9988868442971346
      }
    },
    "regressions_over_5pct": {},
    "result_sha256": "ce4f48a7fb775cf6901c67268dda279e9662922272ebc9ce18a125beef7ce1bc"
  },
  "methods-pilot-w4": {
    "geomean": {
      "v29": 0.9994301647087686,
      "v29_repeat": 0.9996783626151827
    },
    "copy_diagnostics": {
      "transfer_table": {
        "baseline_repeat_over_primary": 1.0024841943136793,
        "paired_copies_ratio": 1.0009000410689048
      },
      "transfer_class": {
        "baseline_repeat_over_primary": 0.9997366341848828,
        "paired_copies_ratio": 0.9992037962394217
      },
      "transfer_mixed": {
        "baseline_repeat_over_primary": 0.9991193621325716,
        "paired_copies_ratio": 0.9989761790915482
      },
      "publish_table": {
        "baseline_repeat_over_primary": 0.9996661659155399,
        "paired_copies_ratio": 0.9997843360816356
      },
      "publish_class": {
        "baseline_repeat_over_primary": 1.0013405733320695,
        "paired_copies_ratio": 0.9990185173608932
      },
      "publish_mixed": {
        "baseline_repeat_over_primary": 0.9989619143916413,
        "paired_copies_ratio": 0.9987926265533843
      }
    },
    "regressions_over_5pct": {},
    "result_sha256": "9690805a71eb116754b522d600ae64cc75359459f814639d7a6797cd5564f8c6"
  },
  "members-pilot-w4": {
    "geomean": {
      "v29": 0.985838895729588,
      "v29_repeat": 0.9853052978023308
    },
    "copy_diagnostics": {
      "table_events_97": {
        "baseline_repeat_over_primary": 0.9990136524929332,
        "paired_copies_ratio": 1.003465742680526
      },
      "class_events_97": {
        "baseline_repeat_over_primary": 1.0,
        "paired_copies_ratio": 1.0012198703694923
      },
      "buffers_7": {
        "baseline_repeat_over_primary": 0.9983093344795473,
        "paired_copies_ratio": 0.9563785517661091
      },
      "buffers_31": {
        "baseline_repeat_over_primary": 1.0002152142098768,
        "paired_copies_ratio": 0.9564452226061184
      },
      "calibrate_17": {
        "baseline_repeat_over_primary": 1.0005344418052258,
        "paired_copies_ratio": 0.9988126828531754
      },
      "calibrate_67": {
        "baseline_repeat_over_primary": 0.9991177508528408,
        "paired_copies_ratio": 0.9998502205804755
      }
    },
    "regressions_over_5pct": {},
    "result_sha256": "41c69eddb565c295bcecda1e9210575553dab86e934eee40c1a5f16ac31497eb"
  },
  "owners-pilot-w4": {
    "geomean": {
      "v29": 1.0018906004343555,
      "v29_repeat": 0.9994720943408263
    },
    "copy_diagnostics": {
      "table_owners_1": {
        "baseline_repeat_over_primary": 1.0010183714204244,
        "paired_copies_ratio": 0.9999797517167078
      },
      "table_owners_2": {
        "baseline_repeat_over_primary": 1.001467889908257,
        "paired_copies_ratio": 1.0025658012157388
      },
      "table_owners_5": {
        "baseline_repeat_over_primary": 0.9977662253269434,
        "paired_copies_ratio": 1.0010958888820032
      },
      "table_owners_19": {
        "baseline_repeat_over_primary": 0.9978082636577645,
        "paired_copies_ratio": 1.0010949937771418
      },
      "table_owners_257": {
        "baseline_repeat_over_primary": 1.0004477915733767,
        "paired_copies_ratio": 1.0001424052249588
      },
      "class_owners_1": {
        "baseline_repeat_over_primary": 0.9966314935064935,
        "paired_copies_ratio": 0.9989647598609389
      },
      "class_owners_2": {
        "baseline_repeat_over_primary": 0.9972744284435766,
        "paired_copies_ratio": 1.0019961070029573
      },
      "class_owners_5": {
        "baseline_repeat_over_primary": 1.0005698933485305,
        "paired_copies_ratio": 1.0012605747750536
      },
      "class_owners_19": {
        "baseline_repeat_over_primary": 0.9997151344972123,
        "paired_copies_ratio": 1.0018104042949927
      },
      "class_owners_257": {
        "baseline_repeat_over_primary": 1.0001217779581895,
        "paired_copies_ratio": 1.0015012165113277
      }
    },
    "regressions_over_5pct": {},
    "result_sha256": "d37ee5cc37f3ca9050b0fceed8165717df8f79e505af1a4b24b4f213fa5f9aea"
  }
}
