Round 1/5: sqgi; all 8 checksums match
Round 1/5: sqgi_baseline; all 8 checksums match
Round 1/5: node; all 8 checksums match
Round 1/5: gjs; all 8 checksums match
Round 1/5: python; all 8 checksums match
Round 2/5: sqgi_baseline; all 8 checksums match
Round 2/5: node; all 8 checksums match
Round 2/5: gjs; all 8 checksums match
Round 2/5: python; all 8 checksums match
Round 2/5: sqgi; all 8 checksums match
Round 3/5: node; all 8 checksums match
Round 3/5: gjs; all 8 checksums match
Round 3/5: python; all 8 checksums match
Round 3/5: sqgi; all 8 checksums match
Round 3/5: sqgi_baseline; all 8 checksums match
Round 4/5: gjs; all 8 checksums match
Round 4/5: python; all 8 checksums match
Round 4/5: sqgi; all 8 checksums match
Round 4/5: sqgi_baseline; all 8 checksums match
Round 4/5: node; all 8 checksums match
Round 5/5: python; all 8 checksums match
Round 5/5: sqgi; all 8 checksums match
Round 5/5: sqgi_baseline; all 8 checksums match
Round 5/5: node; all 8 checksums match
Round 5/5: gjs; all 8 checksums match
Microseconds per iteration; lower is faster
kernel	sqgi	sqgi_baseline	node	gjs	python
route_balanced	0.053384600	0.051999610	0.005976855	0.006359952	0.261166881
route_skewed	0.052329608	0.051109617	0.005761029	0.006654950	0.258824109
pricing_events	0.057977065	0.057517069	0.011080919	0.017354870	0.431824116
filter_stream	0.058082064	0.054817089	0.005022397	0.008494936	0.239871271
records_64	0.133938995	0.135026487	0.015402605	0.038464712	0.569487979
records_4096	0.261068042	0.250298123	0.019897823	0.042622180	0.671900993
word_count	0.266075504	0.266118004	0.074461714	0.122769079	0.365731635
graph_walk	0.012367407	0.012387407	0.004777402	0.007084947	0.128647895
