Round 1/5: sqgi; all 8 checksums match
Round 1/5: sqgi_baseline; all 8 checksums match
Round 1/5: node; all 8 checksums match
Round 1/5: gjs; all 8 checksums match
Round 1/5: python; all 8 checksums match
Round 2/5: sqgi_baseline; all 8 checksums match
Round 2/5: node; all 8 checksums match
Round 2/5: gjs; all 8 checksums match
Round 2/5: python; all 8 checksums match
Round 2/5: sqgi; all 8 checksums match
Round 3/5: node; all 8 checksums match
Round 3/5: gjs; all 8 checksums match
Round 3/5: python; all 8 checksums match
Round 3/5: sqgi; all 8 checksums match
Round 3/5: sqgi_baseline; all 8 checksums match
Round 4/5: gjs; all 8 checksums match
Round 4/5: python; all 8 checksums match
Round 4/5: sqgi; all 8 checksums match
Round 4/5: sqgi_baseline; all 8 checksums match
Round 4/5: node; all 8 checksums match
Round 5/5: python; all 8 checksums match
Round 5/5: sqgi; all 8 checksums match
Round 5/5: sqgi_baseline; all 8 checksums match
Round 5/5: node; all 8 checksums match
Round 5/5: gjs; all 8 checksums match
Microseconds per iteration; lower is faster
kernel	sqgi	sqgi_baseline	node	gjs	python
route_balanced	0.053880000	0.052140000	0.005967425	0.006395000	0.260497315
route_skewed	0.052550000	0.051110000	0.005766175	0.006685000	0.258562120
pricing_events	0.057880000	0.057625000	0.011094860	0.017335000	0.431720955
filter_stream	0.057780000	0.054945000	0.005035560	0.010480000	0.239710490
records_64	0.133080000	0.135785000	0.015720630	0.038535000	0.563371780
records_4096	0.247100000	0.289505000	0.020750360	0.043380000	0.653451870
word_count	0.266080000	0.266290000	0.074710925	0.123565000	0.357763980
graph_walk	0.012365000	0.012365000	0.004789105	0.007650000	0.128142115
