Round 1/5: audit; 7 checksums match
Round 1/5: v21; 7 checksums match
Round 1/5: v22; 7 checksums match
Round 1/5: v22_repeat; 7 checksums match
Round 1/5: node; 7 checksums match
Round 2/5: v21; 7 checksums match
Round 2/5: v22; 7 checksums match
Round 2/5: v22_repeat; 7 checksums match
Round 2/5: node; 7 checksums match
Round 2/5: audit; 7 checksums match
Round 3/5: v22; 7 checksums match
Round 3/5: v22_repeat; 7 checksums match
Round 3/5: node; 7 checksums match
Round 3/5: audit; 7 checksums match
Round 3/5: v21; 7 checksums match
Round 4/5: v22_repeat; 7 checksums match
Round 4/5: node; 7 checksums match
Round 4/5: audit; 7 checksums match
Round 4/5: v21; 7 checksums match
Round 4/5: v22; 7 checksums match
Round 5/5: node; 7 checksums match
Round 5/5: audit; 7 checksums match
Round 5/5: v21; 7 checksums match
Round 5/5: v22; 7 checksums match
Round 5/5: v22_repeat; 7 checksums match
filter: audit 23.46 ns, v21 13.63 ns, v22 13.62 ns, v22_repeat 13.44 ns, node 2.45 ns
channels_4: audit 78.12 ns, v21 60.80 ns, v22 34.97 ns, v22_repeat 35.05 ns, node 5.42 ns
pressure_8: audit 153.05 ns, v21 139.42 ns, v22 93.59 ns, v22_repeat 93.62 ns, node 10.31 ns
integration: audit 37.34 ns, v21 23.09 ns, v22 22.58 ns, v22_repeat 22.46 ns, node 7.82 ns
retained_input: audit 44.43 ns, v21 26.38 ns, v22 24.54 ns, v22_repeat 24.34 ns, node 4.29 ns
branching: audit 31.36 ns, v21 17.50 ns, v22 17.93 ns, v22_repeat 17.91 ns, node 6.44 ns
helper_control: audit 54.91 ns, v21 22.28 ns, v22 19.29 ns, v22_repeat 19.33 ns, node 3.65 ns
