Round 1/5: audit; 7 checksums match
Round 1/5: v21; 7 checksums match
Round 1/5: v22; 7 checksums match
Round 1/5: v22_repeat; 7 checksums match
Round 1/5: node; 7 checksums match
Round 2/5: v21; 7 checksums match
Round 2/5: v22; 7 checksums match
Round 2/5: v22_repeat; 7 checksums match
Round 2/5: node; 7 checksums match
Round 2/5: audit; 7 checksums match
Round 3/5: v22; 7 checksums match
Round 3/5: v22_repeat; 7 checksums match
Round 3/5: node; 7 checksums match
Round 3/5: audit; 7 checksums match
Round 3/5: v21; 7 checksums match
Round 4/5: v22_repeat; 7 checksums match
Round 4/5: node; 7 checksums match
Round 4/5: audit; 7 checksums match
Round 4/5: v21; 7 checksums match
Round 4/5: v22; 7 checksums match
Round 5/5: node; 7 checksums match
Round 5/5: audit; 7 checksums match
Round 5/5: v21; 7 checksums match
Round 5/5: v22; 7 checksums match
Round 5/5: v22_repeat; 7 checksums match
filter: audit 23.54 ns, v21 13.67 ns, v22 13.76 ns, v22_repeat 13.42 ns, node 2.44 ns
channels_4: audit 78.87 ns, v21 59.77 ns, v22 35.02 ns, v22_repeat 35.02 ns, node 5.42 ns
pressure_8: audit 152.97 ns, v21 139.53 ns, v22 93.65 ns, v22_repeat 93.66 ns, node 10.31 ns
integration: audit 37.28 ns, v21 23.00 ns, v22 22.50 ns, v22_repeat 22.51 ns, node 7.64 ns
retained_input: audit 44.55 ns, v21 26.42 ns, v22 24.36 ns, v22_repeat 24.34 ns, node 4.24 ns
branching: audit 31.25 ns, v21 17.52 ns, v22 17.98 ns, v22_repeat 17.98 ns, node 6.45 ns
helper_control: audit 54.48 ns, v21 22.25 ns, v22 19.31 ns, v22_repeat 19.30 ns, node 3.62 ns
