Round 1/5: sqgi; all 15 checksums match
Round 1/5: sqgi_baseline; all 15 checksums match
Round 1/5: node; all 15 checksums match
Round 1/5: gjs; all 15 checksums match
Round 1/5: python; all 15 checksums match
Round 2/5: sqgi_baseline; all 15 checksums match
Round 2/5: node; all 15 checksums match
Round 2/5: gjs; all 15 checksums match
Round 2/5: python; all 15 checksums match
Round 2/5: sqgi; all 15 checksums match
Round 3/5: node; all 15 checksums match
Round 3/5: gjs; all 15 checksums match
Round 3/5: python; all 15 checksums match
Round 3/5: sqgi; all 15 checksums match
Round 3/5: sqgi_baseline; all 15 checksums match
Round 4/5: gjs; all 15 checksums match
Round 4/5: python; all 15 checksums match
Round 4/5: sqgi; all 15 checksums match
Round 4/5: sqgi_baseline; all 15 checksums match
Round 4/5: node; all 15 checksums match
Round 5/5: python; all 15 checksums match
Round 5/5: sqgi; all 15 checksums match
Round 5/5: sqgi_baseline; all 15 checksums match
Round 5/5: node; all 15 checksums match
Round 5/5: gjs; all 15 checksums match
Microseconds per iteration; lower is faster
kernel	sqgi	sqgi_baseline	node	gjs	python
direct_call	0.025642000	0.034139000	0.006765216	0.010645000	0.335382267
branch_call	0.021347000	0.032156000	0.004807609	0.007020312	0.236891323
float_call	0.012405000	0.021409000	0.002637180	0.009479062	0.133584888
numeric_loop	0.022769000	0.022790000	0.007425193	0.012711563	0.238526573
vector	0.365262000	0.377806000	0.571626663	0.513900000	5.123351906
dynamic_member	0.723756000	1.511250000	0.108682806	0.078937500	0.898905406
dynamic_key_get_set	0.182581000	0.182444000	0.062071369	0.027631250	0.416720875
object_member_write_fallback	0.470888000	0.472687000	0.012616244	0.046806250	0.687005019
array_append	0.129100000	0.127037000	0.039983375	0.017693750	0.221439644
array_write	0.036887000	0.036681000	0.004599156	0.006162500	0.187136525
array_read	0.007064000	0.007398000	0.002622597	0.003506250	0.083652506
array_float	0.006788000	0.007047000	0.002186014	0.003064062	0.073537915
math_intrinsic	0.204263000	0.201181000	0.041355994	0.009831250	0.554582563
math_variable	0.219994000	0.217469000	0.153633562	0.106331250	0.505492294
matrix	0.309837000	0.313025000	0.022620287	0.065987500	1.136255275
