Round 1/5: v21; 6 checksums match
Round 1/5: v22; 6 checksums match
Round 1/5: node; 6 checksums match
Round 2/5: v22; 6 checksums match
Round 2/5: node; 6 checksums match
Round 2/5: v21; 6 checksums match
Round 3/5: node; 6 checksums match
Round 3/5: v21; 6 checksums match
Round 3/5: v22; 6 checksums match
Round 4/5: v21; 6 checksums match
Round 4/5: v22; 6 checksums match
Round 4/5: node; 6 checksums match
Round 5/5: v22; 6 checksums match
Round 5/5: node; 6 checksums match
Round 5/5: v21; 6 checksums match
table_events_97: v21 414.31 ns, v22 412.90 ns, node 75.07 ns
class_events_97: v21 408.97 ns, v22 409.21 ns, node 74.02 ns
buffers_7: v21 431.18 ns, v22 431.28 ns, node 12.39 ns
buffers_31: v21 431.01 ns, v22 430.90 ns, node 12.31 ns
calibrate_17: v21 83.00 ns, v22 83.06 ns, node 8.64 ns
calibrate_67: v21 83.97 ns, v22 83.59 ns, node 8.28 ns
