Round 1/5: v21; 6 checksums match
Round 1/5: v22; 6 checksums match
Round 1/5: node; 6 checksums match
Round 2/5: v22; 6 checksums match
Round 2/5: node; 6 checksums match
Round 2/5: v21; 6 checksums match
Round 3/5: node; 6 checksums match
Round 3/5: v21; 6 checksums match
Round 3/5: v22; 6 checksums match
Round 4/5: v21; 6 checksums match
Round 4/5: v22; 6 checksums match
Round 4/5: node; 6 checksums match
Round 5/5: v22; 6 checksums match
Round 5/5: node; 6 checksums match
Round 5/5: v21; 6 checksums match
table_events_97: v21 416.94 ns, v22 414.91 ns, node 75.33 ns
class_events_97: v21 411.24 ns, v22 409.94 ns, node 74.24 ns
buffers_7: v21 432.06 ns, v22 432.11 ns, node 12.39 ns
buffers_31: v21 431.35 ns, v22 432.34 ns, node 12.32 ns
calibrate_17: v21 83.33 ns, v22 83.11 ns, node 8.67 ns
calibrate_67: v21 83.88 ns, v22 84.13 ns, node 8.34 ns
