Round 1/5: v21; 6 checksums match
Round 1/5: v22; 6 checksums match
Round 1/5: node; 6 checksums match
Round 2/5: v22; 6 checksums match
Round 2/5: node; 6 checksums match
Round 2/5: v21; 6 checksums match
Round 3/5: node; 6 checksums match
Round 3/5: v21; 6 checksums match
Round 3/5: v22; 6 checksums match
Round 4/5: v21; 6 checksums match
Round 4/5: v22; 6 checksums match
Round 4/5: node; 6 checksums match
Round 5/5: v22; 6 checksums match
Round 5/5: node; 6 checksums match
Round 5/5: v21; 6 checksums match
transfer_table: v21 431.52 ns, v22 432.44 ns, node 17.96 ns
transfer_class: v21 442.22 ns, v22 441.13 ns, node 17.62 ns
transfer_mixed: v21 443.89 ns, v22 445.07 ns, node 29.09 ns
publish_table: v21 388.84 ns, v22 388.09 ns, node 13.39 ns
publish_class: v21 398.01 ns, v22 397.32 ns, node 13.60 ns
publish_mixed: v21 400.15 ns, v22 399.15 ns, node 20.86 ns
