Round 1/5: v21; 6 checksums match
Round 1/5: v22; 6 checksums match
Round 1/5: node; 6 checksums match
Round 2/5: v22; 6 checksums match
Round 2/5: node; 6 checksums match
Round 2/5: v21; 6 checksums match
Round 3/5: node; 6 checksums match
Round 3/5: v21; 6 checksums match
Round 3/5: v22; 6 checksums match
Round 4/5: v21; 6 checksums match
Round 4/5: v22; 6 checksums match
Round 4/5: node; 6 checksums match
Round 5/5: v22; 6 checksums match
Round 5/5: node; 6 checksums match
Round 5/5: v21; 6 checksums match
transfer_table: v21 427.88 ns, v22 428.14 ns, node 17.80 ns
transfer_class: v21 439.05 ns, v22 438.81 ns, node 18.06 ns
transfer_mixed: v21 442.16 ns, v22 440.16 ns, node 29.06 ns
publish_table: v21 387.38 ns, v22 386.22 ns, node 13.45 ns
publish_class: v21 395.68 ns, v22 394.35 ns, node 13.64 ns
publish_mixed: v21 398.24 ns, v22 396.57 ns, node 20.80 ns
