{
  "aggregation": "56 equally weighted components; application seed17; nearest-rank p90",
  "speedup": 1.7945652158650949,
  "groups": {
    "kernels-seed17": {
      "count": 15,
      "speedup": 1.1472885695090216
    },
    "applications-seed17": {
      "count": 8,
      "speedup": 1.0080262141399225
    },
    "roots-seed17": {
      "count": 4,
      "speedup": 1.5961437752186458
    },
    "members": {
      "count": 6,
      "speedup": 1.0448769797791209
    },
    "owners": {
      "count": 10,
      "speedup": 6.29244389401954
    },
    "methods": {
      "count": 6,
      "speedup": 2.5200854074817176
    },
    "floats": {
      "count": 7,
      "speedup": 1.9151937827760377
    }
  },
  "totals": {
    "sqgi_baseline": {
      "node": {
        "geomean": 15.271534079220412,
        "p90": 100.35745405635895
      },
      "gjs": {
        "geomean": 10.123295806373175,
        "p90": 50.15694561848407
      }
    },
    "sqgi": {
      "node": {
        "geomean": 8.509879687965848,
        "p90": 24.23382140555669
      },
      "gjs": {
        "geomean": 5.641085493509412,
        "p90": 13.762369214399715
      }
    }
  },
  "regressions_over_5pct": [
    {
      "suite": "applications-seed17",
      "name": "filter_stream",
      "ns": {
        "sqgi": 57.78,
        "sqgi_baseline": 54.945,
        "node": 5.035559999999999,
        "gjs": 10.48,
        "python": 239.71049
      },
      "speedup": 0.9509345794392524,
      "ranges_ns": {
        "sqgi": [
          57.45,
          58.02
        ],
        "sqgi_baseline": [
          54.915,
          55.28
        ],
        "node": [
          5.01806,
          5.2076400000000005
        ],
        "gjs": [
          9.115,
          14.51
        ],
        "python": [
          238.952155,
          239.93944
        ]
      }
    }
  ]
}
