[1/29] Linking C executable sqgi_test_c_signal_crossthread_sync
[2/29] Linking C executable sqgi_test_c_signal_crossthread
[3/29] Linking C executable sqgi_test_c_signal_vm_closing
[4/29] Linking C executable sqgi_test_c_gvalue_branches
[5/29] Linking CXX executable sqgicheck
[6/29] Linking CXX executable sqgi_test_cpp_sqgicheck
[7/29] Linking C executable sqgi_test_c_gi_call_plan
[8/29] Linking C executable sqgi_test_c_list_ownership
[9/29] Linking C executable sqgi_test_c_squirrel_core_hardening
[10/29] Linking C executable sqgi_test_c_numeric64
[11/29] Linking CXX executable sqgi_test_cpp_sqvm_hotpaths
[12/29] Linking CXX executable sqgi_test_cpp_sqvector
[13/29] Linking CXX executable sqgi_test_cpp_sqbytecode
[14/29] Linking CXX executable sqgi_test_cpp_sqoptimizer
[15/29] Linking CXX executable sqgi_test_cpp_sqmembercache
[16/29] Linking C executable sqgi_test_c_vm_lifecycle
[17/29] Linking CXX executable sqgi_test_cpp_sqjit_side_exit
[18/29] Linking CXX executable sqgi_test_cpp_sqjit_values
[19/29] Linking CXX executable sqgi_test_cpp_sqjit_arithmetic
[20/29] Linking CXX executable sqgi_test_cpp_sqjit_leaf
[21/29] Linking CXX executable sqgi_test_cpp_sqjit_virtual_array
[22/29] Linking CXX executable sqgi_test_cpp_sqjit_objects
[23/29] Linking CXX executable sqgi_test_cpp_sqjit_object_plan
[24/29] Linking CXX executable sqgi_test_cpp_sqjit_write_log
[25/29] Linking CXX executable sqgi_test_cpp_sqjit_member_plan
[26/29] Linking CXX executable sqgi_test_cpp_sqjit_float_cache
[27/29] Linking CXX executable sqgi_test_cpp_sqjit_aarch64_backend_invalid
[28/29] Building CXX object CMakeFiles/sqgi_test_cpp_sqjit_memory.dir/test/cpp/test_sqjit_memory.cpp.o
[29/29] Linking CXX executable sqgi_test_cpp_sqjit_memory
