{
  "stack_load_store_samples": 442,
  "total_samples": 1606,
  "native_samples": 1576,
  "native_sample_fraction": 0.9813200498132005,
  "lost_samples": 0,
  "loads": 7,
  "unloads": 7,
  "reused_load_addresses": 0,
  "instruction_sample_categories": {
    "register_move": 969,
    "store": 377,
    "load": 65,
    "other": 103,
    "branch": 31,
    "floating": 31
  },
  "limitations": [
    "Diagnostic preload adds snapshot I/O; this is not accepted timing.",
    "Instruction categories count sampled IPs, not instruction latency; PMU skid applies.",
    "Function labels are structural matches to separately captured code, not an address join; missing matches remain unnamed.",
    "Mapping bytes, PID, address and lifetime for sample attribution come from the sampled process itself."
  ]
}
[
  {
    "mapping": "649130-4.bin",
    "offset": 484,
    "samples": 92,
    "instruction": "fmov\td16, d0",
    "matching_gdb_functions": [
      "integration-loop"
    ]
  },
  {
    "mapping": "649130-7.bin",
    "offset": 356,
    "samples": 92,
    "instruction": "str\td0, [sp, #48]",
    "matching_gdb_functions": [
      "helper_control-loop"
    ]
  },
  {
    "mapping": "649130-3.bin",
    "offset": 1680,
    "samples": 87,
    "instruction": "fmov\td17, d0",
    "matching_gdb_functions": [
      "pressure-loop"
    ]
  },
  {
    "mapping": "649130-3.bin",
    "offset": 1256,
    "samples": 85,
    "instruction": "fmov\td17, d0",
    "matching_gdb_functions": [
      "pressure-loop"
    ]
  },
  {
    "mapping": "649130-3.bin",
    "offset": 2104,
    "samples": 78,
    "instruction": "fmov\td17, d0",
    "matching_gdb_functions": [
      "pressure-loop"
    ]
  },
  {
    "mapping": "649130-3.bin",
    "offset": 2316,
    "samples": 77,
    "instruction": "fmov\td17, d0",
    "matching_gdb_functions": [
      "pressure-loop"
    ]
  },
  {
    "mapping": "649130-3.bin",
    "offset": 1044,
    "samples": 76,
    "instruction": "fmov\td17, d0",
    "matching_gdb_functions": [
      "pressure-loop"
    ]
  },
  {
    "mapping": "649130-3.bin",
    "offset": 1468,
    "samples": 75,
    "instruction": "fmov\td17, d0",
    "matching_gdb_functions": [
      "pressure-loop"
    ]
  },
  {
    "mapping": "649130-3.bin",
    "offset": 1892,
    "samples": 71,
    "instruction": "fmov\td17, d0",
    "matching_gdb_functions": [
      "pressure-loop"
    ]
  },
  {
    "mapping": "649130-1.bin",
    "offset": 356,
    "samples": 68,
    "instruction": "fmov\td16, d0",
    "matching_gdb_functions": [
      "filter-loop"
    ]
  },
  {
    "mapping": "649130-6.bin",
    "offset": 672,
    "samples": 60,
    "instruction": "str\td0, [sp, #16]",
    "matching_gdb_functions": [
      "branching-loop"
    ]
  },
  {
    "mapping": "649130-5.bin",
    "offset": 408,
    "samples": 57,
    "instruction": "str\td0, [sp, #48]",
    "matching_gdb_functions": [
      "retained-loop"
    ]
  },
  {
    "mapping": "649130-2.bin",
    "offset": 580,
    "samples": 38,
    "instruction": "fmov\td17, x9",
    "matching_gdb_functions": [
      "channels-loop"
    ]
  },
  {
    "mapping": "649130-5.bin",
    "offset": 492,
    "samples": 36,
    "instruction": "fmov\td17, d0",
    "matching_gdb_functions": [
      "retained-loop"
    ]
  },
  {
    "mapping": "649130-4.bin",
    "offset": 728,
    "samples": 19,
    "instruction": "fmov\td1, d20",
    "matching_gdb_functions": [
      "integration-loop"
    ]
  },
  {
    "mapping": "649130-2.bin",
    "offset": 1340,
    "samples": 16,
    "instruction": "ldr\tx9, [sp, #48]",
    "matching_gdb_functions": [
      "channels-loop"
    ]
  },
  {
    "mapping": "649130-5.bin",
    "offset": 808,
    "samples": 16,
    "instruction": "ldr\tx9, [sp, #32]",
    "matching_gdb_functions": [
      "retained-loop"
    ]
  },
  {
    "mapping": "649130-2.bin",
    "offset": 1124,
    "samples": 15,
    "instruction": "str\td16, [sp, #80]",
    "matching_gdb_functions": [
      "channels-loop"
    ]
  },
  {
    "mapping": "649130-6.bin",
    "offset": 356,
    "samples": 14,
    "instruction": "str\td0, [sp, #48]",
    "matching_gdb_functions": [
      "branching-loop"
    ]
  },
  {
    "mapping": "649130-6.bin",
    "offset": 480,
    "samples": 14,
    "instruction": "str\td0, [sp, #88]",
    "matching_gdb_functions": [
      "branching-loop"
    ]
  }
]
