{
  "warmups4_speedup": {
    "owners": {
      "geomean_v21_v22": 1.0000206287024407,
      "per_case": {
        "table_owners_1": 0.9973973903562761,
        "table_owners_2": 0.9999648135116115,
        "table_owners_5": 1.0006334459459458,
        "table_owners_19": 1.0003866296439492,
        "table_owners_257": 0.9983852850322943,
        "class_owners_1": 0.999401955955815,
        "class_owners_2": 1.0002110817941952,
        "class_owners_5": 1.0020413909615655,
        "class_owners_19": 1.00158238976018,
        "class_owners_257": 1.000210430330025
      }
    },
    "methods": {
      "geomean_v21_v22": 1.0006464351121966,
      "per_case": {
        "transfer_table": 0.9978840750633043,
        "transfer_class": 1.0024595645323995,
        "transfer_mixed": 0.9973487614447003,
        "publish_table": 1.0019583338701572,
        "publish_class": 1.0017366354575656,
        "publish_mixed": 1.0025053238131028
      }
    },
    "members": {
      "geomean_v21_v22": 1.0008607953246142,
      "per_case": {
        "table_events_97": 1.0049046781229665,
        "class_events_97": 1.0031467635902378,
        "buffers_7": 0.9998842887227789,
        "buffers_31": 0.9976985971851184,
        "calibrate_17": 1.0025867773566746,
        "calibrate_67": 0.9969689765838584
      }
    }
  },
  "warmups5_speedup": {
    "owners": {
      "geomean_v21_v22": 0.9986727376080167,
      "per_case": {
        "table_owners_1": 0.9984153813648848,
        "table_owners_2": 0.9988378644879561,
        "table_owners_5": 0.9972542945649113,
        "table_owners_19": 0.9978521126760563,
        "table_owners_257": 0.9980689558317534,
        "class_owners_1": 0.997359619785249,
        "class_owners_2": 0.9993665317613936,
        "class_owners_5": 0.9998239374625867,
        "class_owners_19": 0.9997183792727146,
        "class_owners_257": 1.0000351172917545
      }
    },
    "methods": {
      "geomean_v21_v22": 1.0025155325408484,
      "per_case": {
        "transfer_table": 0.999404400429766,
        "transfer_class": 1.0005697291507616,
        "transfer_mixed": 1.0045551617593602,
        "publish_table": 1.003003469525141,
        "publish_class": 1.0033726812816188,
        "publish_mixed": 1.0041984492214586
      }
    },
    "members": {
      "geomean_v21_v22": 1.0011364685747433,
      "per_case": {
        "table_events_97": 1.0034391310139381,
        "class_events_97": 0.9993890742030473,
        "buffers_7": 0.9997565414980814,
        "buffers_31": 1.000243673199429,
        "calibrate_17": 0.9993378280760896,
        "calibrate_67": 1.0046659089549559
      }
    }
  },
  "profitability": {
    "owners": {
      "geomean_on_off": 0.4578882880007965,
      "per_case": {
        "table_owners_1": 0.46134037315366677,
        "table_owners_2": 0.46074875315758795,
        "table_owners_5": 0.4604966871324661,
        "table_owners_19": 0.46024291497975706,
        "table_owners_257": 0.46098866447825876,
        "class_owners_1": 0.45460649369334805,
        "class_owners_2": 0.45477234185518195,
        "class_owners_5": 0.4555566209607824,
        "class_owners_19": 0.4544873433904372,
        "class_owners_257": 0.45573461532318593
      }
    },
    "methods": {
      "geomean_on_off": 1.0476022637009477,
      "per_case": {
        "transfer_table": 1.043184189382038,
        "transfer_class": 1.034468199889758,
        "transfer_mixed": 0.9419493852718746,
        "publish_table": 1.09994761210302,
        "publish_class": 1.1282959296868333,
        "publish_mixed": 1.0477986594821922
      }
    },
    "roots": {
      "geomean_on_off": 0.28759497497493774,
      "per_case": {
        "receiver_integer": 0.2835894635566997,
        "root_integer": 0.2643884142529694,
        "root_reference": 0.3483851059452788,
        "root_integer_result": 0.2618985434455048
      }
    }
  },
  "profiles": {
    "kernels": {
      "lost_samples": 0,
      "top_self_lines": [
        "22.39%  sqgi     sqgi                          [.] SQVM::Execute",
        "9.71%  sqgi     [JIT] tid 648187              [.] 0x0000ffff97c26164",
        "6.18%  sqgi     [JIT] tid 648187              [.] 0x0000ffff97c25164",
        "4.49%  sqgi     [JIT] tid 648187              [.] 0x0000ffff97c24164",
        "3.80%  sqgi     [JIT] tid 648187              [.] 0x0000ffff97c23230",
        "2.88%  sqgi     sqgi                          [.] SQTable::Get",
        "1.74%  sqgi     sqgi                          [.] sqjit_a64_borrow_member_ptr_value",
        "1.70%  sqgi     [JIT] tid 648187              [.] 0x0000ffff97c23244",
        "1.47%  sqgi     [JIT] tid 648187              [.] 0x0000ffff97c231c0",
        "1.24%  sqgi     [JIT] tid 648187              [.] 0x0000ffff97c23258",
        "1.05%  sqgi     sqgi                          [.] sqjit_number_conversion_guard",
        "1.01%  sqgi     [JIT] tid 648187              [.] 0x0000ffff97c23274",
        "1.01%  sqgi     [JIT] tid 648187              [.] 0x0000ffff97c2523c",
        "0.96%  sqgi     libm.so.6                     [.] pow@@GLIBC_2.29",
        "0.87%  sqgi     sqgi                          [.] SQVM::ObjCmp"
      ]
    },
    "applications": {
      "lost_samples": 0,
      "top_self_lines": [
        "15.97%  sqgi     sqgi                   [.] SQVM::Execute",
        "11.69%  sqgi     sqgi                   [.] SQJitWriteLog::RecordMember",
        "6.18%  sqgi     sqgi                   [.] sqjit_a64_helper_array_get_object",
        "6.07%  sqgi     sqgi                   [.] sqjit_a64_root_fallback_safe",
        "5.07%  sqgi     sqgi                   [.] SQTable::Get",
        "4.37%  sqgi     sqgi                   [.] sqjit_a64_borrow_member_ptr_value",
        "4.11%  sqgi     sqgi                   [.] sqjit_a64_helper_member_set_integer_logged",
        "3.87%  sqgi     [JIT] tid 648223       [.] 0x0000ffff7fcf6214",
        "2.52%  sqgi     sqgi                   [.] SQJitWriteLog::CanRelease",
        "1.97%  sqgi     [JIT] tid 648223       [.] 0x0000ffff7fcf63b0",
        "1.81%  sqgi     sqgi                   [.] SQTable::Set",
        "1.09%  sqgi     sqgi                   [.] SQVM::DerefInc",
        "1.04%  sqgi     [JIT] tid 648223       [.] 0x0000ffff7fcf62f0",
        "0.91%  sqgi     sqgi                   [.] SQVM::Set",
        "0.90%  sqgi     [JIT] tid 648223       [.] 0x0000ffff7fcf665c"
      ]
    },
    "roots": {
      "lost_samples": 0,
      "top_self_lines": [
        "15.16%  sqgi     sqgi                          [.] sqjit_a64_borrow_member_ptr_value",
        "10.33%  sqgi     sqgi                          [.] SQJitWriteLog::RecordMember",
        "9.58%  sqgi     sqgi                          [.] SQJitWriteLog::CanRelease",
        "8.26%  sqgi     sqgi                          [.] sqjit_a64_resolve_root_store_slot",
        "7.74%  sqgi     sqgi                          [.] sqjit_a64_helper_member_set_reference_logged",
        "7.22%  sqgi     sqgi                          [.] sqjit_a64_helper_member_set_integer_logged",
        "5.92%  sqgi     sqgi                          [.] sqjit_a64_helper_instance_field_set_integer_logged",
        "4.11%  sqgi     sqgi                          [.] sqjit_a64_helper_member_closure_guard",
        "3.10%  sqgi     [JIT] tid 648245              [.] 0x0000ffff80da51c0",
        "3.10%  sqgi     [JIT] tid 648245              [.] 0x0000ffff80da71dc",
        "2.50%  sqgi     [JIT] tid 648245              [.] 0x0000ffff80da8214",
        "2.07%  sqgi     [JIT] tid 648245              [.] 0x0000ffff80da618c",
        "1.55%  sqgi     [JIT] tid 648245              [.] 0x0000ffff80da71b0",
        "1.54%  sqgi     [JIT] tid 648245              [.] 0x0000ffff80da7228",
        "1.03%  sqgi     [JIT] tid 648245              [.] 0x0000ffff80da5224"
      ]
    },
    "members": {
      "lost_samples": 0,
      "top_self_lines": [
        "58.80%  sqgi     sqgi                          [.] SQVM::Execute",
        "3.22%  sqgi     sqgi                          [.] sqjit_a64_precise_step<(SQOpcode)14, false>",
        "2.92%  sqgi     sqgi                          [.] SQTable::Get",
        "2.68%  sqgi     sqgi                          [.] sqjit_a64_precise_step<(SQOpcode)9, true>",
        "2.59%  sqgi     sqgi                          [.] sqjit_try_execute_current_loop",
        "2.29%  sqgi     sqgi                          [.] sqjit_try_execute_current",
        "1.77%  sqgi     sqgi                          [.] SQVM::ObjCmp",
        "1.54%  sqgi     sqgi                          [.] SQVM::Return",
        "1.30%  sqgi     sqgi                          [.] sqjit_number_conversion_guard",
        "1.15%  sqgi     sqgi                          [.] sqjit_try_execute_closure",
        "1.00%  sqgi     sqgi                          [.] SQVM::IsFalse",
        "0.92%  sqgi     sqgi                          [.] SQVM::LeaveFrame",
        "0.77%  sqgi     sqgi                          [.] SQVM::CMP_OP",
        "0.69%  sqgi     sqgi                          [.] SQVM::Get",
        "0.69%  sqgi     sqgi                          [.] sqjit_a64_helper_array_set_float_logged"
      ]
    },
    "owners": {
      "lost_samples": 0,
      "top_self_lines": [
        "12.60%  sqgi     sqgi                          [.] sqjit_a64_precise_step<(SQOpcode)39, false>",
        "10.73%  sqgi     sqgi                          [.] sqjit_a64_precise_step<(SQOpcode)4, false>",
        "4.48%  sqgi     sqgi                          [.] SQJitWriteLog::CanReleaseInContext",
        "1.60%  sqgi     [JIT] tid 648302              [.] 0x0000ffffb80b96c0",
        "1.60%  sqgi     [JIT] tid 648302              [.] 0x0000ffffb80b911c",
        "1.50%  sqgi     [JIT] tid 648302              [.] 0x0000ffffb80b82b0",
        "1.50%  sqgi     [JIT] tid 648302              [.] 0x0000ffffb80b8498",
        "1.40%  sqgi     [JIT] tid 648302              [.] 0x0000ffffb80b91cc",
        "1.19%  sqgi     [JIT] tid 648302              [.] 0x0000ffffb80b8494",
        "1.10%  sqgi     [JIT] tid 648302              [.] 0x0000ffffb80b8c7c",
        "1.10%  sqgi     [JIT] tid 648302              [.] 0x0000ffffb80b853c",
        "1.10%  sqgi     [JIT] tid 648302              [.] 0x0000ffffb80b84e4",
        "1.00%  sqgi     [JIT] tid 648302              [.] 0x0000ffffb80b8268",
        "1.00%  sqgi     [JIT] tid 648302              [.] 0x0000ffffb80b8c80",
        "0.90%  sqgi     [JIT] tid 648302              [.] 0x0000ffffb80b91e8"
      ]
    },
    "methods": {
      "lost_samples": 0,
      "top_self_lines": [
        "45.47%  sqgi     sqgi                          [.] SQVM::Execute",
        "7.71%  sqgi     sqgi                          [.] sqjit_a64_precise_step<(SQOpcode)13, true>",
        "5.36%  sqgi     sqgi                          [.] sqjit_try_execute_current",
        "3.02%  sqgi     sqgi                          [.] SQVM::Return",
        "2.80%  sqgi     sqgi                          [.] SQVM::LeaveFrame",
        "2.74%  sqgi     sqgi                          [.] sqjit_try_execute_current_loop",
        "2.57%  sqgi     sqgi                          [.] sqjit_try_execute_closure",
        "2.57%  sqgi     sqgi                          [.] SQVM::StartCall",
        "2.50%  sqgi     sqgi                          [.] sqjit_a64_precise_step<(SQOpcode)9, true>",
        "2.42%  sqgi     sqgi                          [.] sqjit_a64_precise_step<(SQOpcode)14, true>",
        "1.71%  sqgi     sqgi                          [.] SQVM::ObjCmp",
        "1.43%  sqgi     sqgi                          [.] sqjit_on_function_enter",
        "1.36%  sqgi     sqgi                          [.] sqjit_a64_precise_step<(SQOpcode)4, false>",
        "1.31%  sqgi     sqgi                          [.] SQVM::CMP_OP",
        "1.31%  sqgi     sqgi                          [.] SQVM::IsFalse"
      ]
    },
    "floats": {
      "lost_samples": 0,
      "top_self_lines": [
        "6.76%  sqgi     [JIT] tid 648433       [.] 0x0000ffffa7df9690",
        "6.73%  sqgi     [JIT] tid 648433       [.] 0x0000ffffa7df5164",
        "5.53%  sqgi     [JIT] tid 648433       [.] 0x0000ffffa7df9838",
        "5.06%  sqgi     [JIT] tid 648433       [.] 0x0000ffffa7dfb164",
        "4.92%  sqgi     [JIT] tid 648433       [.] 0x0000ffffa7df94e8",
        "4.91%  sqgi     [JIT] tid 648433       [.] 0x0000ffffa7df9764",
        "4.91%  sqgi     [JIT] tid 648433       [.] 0x0000ffffa7df62a0",
        "4.90%  sqgi     [JIT] tid 648433       [.] 0x0000ffffa7df7198",
        "4.30%  sqgi     [JIT] tid 648433       [.] 0x0000ffffa7df95bc",
        "3.68%  sqgi     [JIT] tid 648433       [.] 0x0000ffffa7df990c",
        "3.06%  sqgi     [JIT] tid 648433       [.] 0x0000ffffa7df81e4",
        "2.46%  sqgi     [JIT] tid 648433       [.] 0x0000ffffa7df9414",
        "2.45%  sqgi     [JIT] tid 648433       [.] 0x0000ffffa7df8280",
        "2.37%  sqgi     [JIT] tid 648433       [.] 0x0000ffffa7dfa244",
        "1.23%  sqgi     [JIT] tid 648433       [.] 0x0000ffffa7df9878"
      ]
    }
  },
  "applications_seed83": {
    "speedup": 0.9816746523976263,
    "per_case": {
      "route_balanced": 0.9740563758087539,
      "route_skewed": 0.9766864104925075,
      "pricing_events": 0.992065897092238,
      "filter_stream": 0.9437868633594012,
      "records_64": 1.008119308346311,
      "records_4096": 0.9587466971541464,
      "word_count": 1.000159729097046,
      "graph_walk": 1.001617153862568
    },
    "regressions_over_5pct": [
      "filter_stream"
    ]
  }
}
