{
  "w4": {
    "records_64": {
      "medians_ns": {
        "audit": 138.39896199999998,
        "v21": 132.00151,
        "v22": 134.013995,
        "v22_repeat": 129.986525
      },
      "v22_over_audit": 0.9683164748013068,
      "v22_over_v21": 1.015245924080717,
      "repeat_over_audit": 0.9392160397850383,
      "repeat_over_candidate": 0.9699473924346483,
      "ranges_ns": {
        "audit": [
          132.129009,
          143.663923
        ],
        "v21": [
          131.569013,
          135.168986
        ],
        "v22": [
          130.596521,
          134.586491
        ],
        "v22_repeat": [
          127.054047,
          138.988958
        ]
      }
    },
    "records_4096": {
      "medians_ns": {
        "audit": 272.152959,
        "v21": 262.780529,
        "v22": 242.535681,
        "v22_repeat": 277.06042199999996
      },
      "v22_over_audit": 0.8911741466680139,
      "v22_over_v21": 0.9229591017377091,
      "repeat_over_audit": 1.018032003098669,
      "repeat_over_candidate": 1.1423491209938712,
      "ranges_ns": {
        "audit": [
          257.00557200000003,
          283.152876
        ],
        "v21": [
          245.31565999999998,
          283.08537700000005
        ],
        "v22": [
          236.99072299999997,
          280.0654
        ],
        "v22_repeat": [
          238.60071,
          305.207711
        ]
      }
    }
  },
  "w5": {
    "records_64": {
      "medians_ns": {
        "audit": 132.646505,
        "v21": 134.113994,
        "v22": 133.506499,
        "v22_repeat": 132.119009
      },
      "v22_over_audit": 1.0064833521245056,
      "v22_over_v21": 0.9954703086390821,
      "repeat_over_audit": 0.9960232951482589,
      "repeat_over_candidate": 0.9896073224120723,
      "ranges_ns": {
        "audit": [
          130.854019,
          136.83397399999998
        ],
        "v21": [
          131.649013,
          135.46898399999998
        ],
        "v22": [
          132.784004,
          139.833951
        ],
        "v22_repeat": [
          131.199016,
          135.438984
        ]
      }
    },
    "records_4096": {
      "medians_ns": {
        "audit": 270.550471,
        "v21": 264.350517,
        "v22": 250.65062,
        "v22_repeat": 265.523009
      },
      "v22_over_audit": 0.9264468070358671,
      "v22_over_v21": 0.9481752592903004,
      "repeat_over_audit": 0.9814176557097917,
      "repeat_over_candidate": 1.0593351374913813,
      "ranges_ns": {
        "audit": [
          253.23560099999997,
          286.780349
        ],
        "v21": [
          257.133072,
          284.772864
        ],
        "v22": [
          237.97321499999998,
          268.87298300000003
        ],
        "v22_repeat": [
          253.573098,
          291.145316
        ]
      }
    }
  }
}
