{
  "w4": {
    "filter_stream": {
      "medians_ns": {
        "audit": 55.155,
        "v21": 56.345,
        "v22": 58.105,
        "v22_repeat": 57.75
      },
      "v22_over_audit": 1.0534856314024112,
      "v22_over_v21": 1.031236134528352,
      "repeat_over_audit": 1.0470492249116128,
      "repeat_over_candidate": 0.993890370880303,
      "ranges_ns": {
        "audit": [
          54.83,
          55.585
        ],
        "v21": [
          56.025,
          56.415
        ],
        "v22": [
          57.9,
          58.585
        ],
        "v22_repeat": [
          57.58,
          58.485
        ]
      }
    },
    "records_4096": {
      "medians_ns": {
        "audit": 265.675,
        "v21": 231.78,
        "v22": 234.525,
        "v22_repeat": 242.865
      },
      "v22_over_audit": 0.8827514820739626,
      "v22_over_v21": 1.0118431271032875,
      "repeat_over_audit": 0.9141432200997459,
      "repeat_over_candidate": 1.035561240805884,
      "ranges_ns": {
        "audit": [
          244.34,
          314.625
        ],
        "v21": [
          221.01999999999998,
          280.53499999999997
        ],
        "v22": [
          224.88,
          292.95500000000004
        ],
        "v22_repeat": [
          227.995,
          308.77
        ]
      }
    }
  },
  "w5": {
    "filter_stream": {
      "medians_ns": {
        "audit": 55.03,
        "v21": 56.230000000000004,
        "v22": 57.865,
        "v22_repeat": 57.975
      },
      "v22_over_audit": 1.0515173541704523,
      "v22_over_v21": 1.0290770051573892,
      "repeat_over_audit": 1.0535162638560784,
      "repeat_over_candidate": 1.0019009764106108,
      "ranges_ns": {
        "audit": [
          54.82,
          55.165
        ],
        "v21": [
          55.550000000000004,
          56.315
        ],
        "v22": [
          57.480000000000004,
          58.245
        ],
        "v22_repeat": [
          57.55,
          58.355
        ]
      }
    },
    "records_4096": {
      "medians_ns": {
        "audit": 280.63500000000005,
        "v21": 278.34,
        "v22": 272.75500000000005,
        "v22_repeat": 253.745
      },
      "v22_over_audit": 0.9719208224205819,
      "v22_over_v21": 0.9799346123446147,
      "repeat_over_audit": 0.9041815881839399,
      "repeat_over_candidate": 0.9303037524518339,
      "ranges_ns": {
        "audit": [
          248.67000000000002,
          297.53000000000003
        ],
        "v21": [
          232.05,
          295.145
        ],
        "v22": [
          256.035,
          294.23
        ],
        "v22_repeat": [
          236.955,
          298.68
        ]
      }
    }
  }
}
