{
  "kernel-w4": {
    "geomean_v26_over_v25": 1.0009933787435803,
    "regressions_over_5pct_against_v25": [],
    "repeat_regressions_over_5pct_against_v25": []
  },
  "floats-w4": {
    "geomean_v26_over_v25": 0.9995279397436351,
    "regressions_over_5pct_against_v25": [],
    "repeat_regressions_over_5pct_against_v25": []
  },
  "application-w4": {
    "geomean_v26_over_v25": 1.004223252123994,
    "regressions_over_5pct_against_v25": [],
    "repeat_regressions_over_5pct_against_v25": []
  },
  "application-seed17-w4": {
    "geomean_v26_over_v25": 1.002598484704953,
    "regressions_over_5pct_against_v25": [],
    "repeat_regressions_over_5pct_against_v25": []
  },
  "owners-w4": {
    "geomean_v26_over_v25": 0.8693147123489471,
    "regressions_over_5pct_against_v25": [],
    "repeat_regressions_over_5pct_against_v25": []
  },
  "members-w4": {
    "geomean_v26_over_v25": 1.00286312135271,
    "regressions_over_5pct_against_v25": [],
    "repeat_regressions_over_5pct_against_v25": []
  },
  "methods-w4": {
    "geomean_v26_over_v25": 1.001970562539918,
    "regressions_over_5pct_against_v25": [],
    "repeat_regressions_over_5pct_against_v25": []
  },
  "kernel-w5": {
    "geomean_v26_over_v25": 1.0008283602151142,
    "regressions_over_5pct_against_v25": [],
    "repeat_regressions_over_5pct_against_v25": []
  },
  "floats-w5": {
    "geomean_v26_over_v25": 1.000313533811151,
    "regressions_over_5pct_against_v25": [],
    "repeat_regressions_over_5pct_against_v25": []
  },
  "application-w5": {
    "geomean_v26_over_v25": 1.0086538863152013,
    "regressions_over_5pct_against_v25": [],
    "repeat_regressions_over_5pct_against_v25": []
  },
  "application-seed17-w5": {
    "geomean_v26_over_v25": 1.0009399635209584,
    "regressions_over_5pct_against_v25": [],
    "repeat_regressions_over_5pct_against_v25": []
  },
  "owners-w5": {
    "geomean_v26_over_v25": 0.8701766695461216,
    "regressions_over_5pct_against_v25": [],
    "repeat_regressions_over_5pct_against_v25": []
  },
  "members-w5": {
    "geomean_v26_over_v25": 0.9970969436948982,
    "regressions_over_5pct_against_v25": [],
    "repeat_regressions_over_5pct_against_v25": []
  },
  "methods-w5": {
    "geomean_v26_over_v25": 1.0049640657825232,
    "regressions_over_5pct_against_v25": [],
    "repeat_regressions_over_5pct_against_v25": []
  }
}
