{
  "binary_sha256": "80926f469e88e85b0311f03ad81e570b75bb4d7fd4222feb402380f96e970855",
  "full56_speedup_over_audit": 1.8664763776717164,
  "runtime_ratios": {
    "node": {
      "geomean": 8.186694992005595,
      "p90": 24.98721292194166
    },
    "gjs": {
      "geomean": 5.425420387343182,
      "p90": 13.449750312109863
    }
  },
  "full56_regressions_over_5pct": [],
  "control_regressions_over_5pct": {},
  "profitability": {
    "owners": {
      "geomean_on_over_off": 0.3959688483971421,
      "per_case_on_over_off": {
        "table_owners_1": 0.3973414503829153,
        "table_owners_2": 0.39809566991611883,
        "table_owners_5": 0.39835489564274035,
        "table_owners_19": 0.3983159258359647,
        "table_owners_257": 0.3977373737373737,
        "class_owners_1": 0.39338652680727226,
        "class_owners_2": 0.3945208109967836,
        "class_owners_5": 0.3936207612899102,
        "class_owners_19": 0.3934331889316943,
        "class_owners_257": 0.3949355770919483
      }
    },
    "methods": {
      "geomean_on_over_off": 1.0409159188500146,
      "per_case_on_over_off": {
        "transfer_table": 1.0274788485966972,
        "transfer_class": 1.0300707823559743,
        "transfer_mixed": 0.9335231060646144,
        "publish_table": 1.0954344541256549,
        "publish_class": 1.1242685074711662,
        "publish_mixed": 1.0453757680794076
      }
    },
    "roots": {
      "geomean_on_over_off": 0.2883889352884212,
      "per_case_on_over_off": {
        "receiver_integer": 0.28485941256402214,
        "root_integer": 0.26505219206680586,
        "root_reference": 0.35164452813197156,
        "root_integer_result": 0.2605244790108685
      }
    }
  },
  "profiles": {
    "kernels": {
      "lost_samples": 0,
      "data_bytes": 18607772
    },
    "applications": {
      "lost_samples": 0,
      "data_bytes": 4782956
    },
    "roots": {
      "lost_samples": 0,
      "data_bytes": 1836720
    },
    "members": {
      "lost_samples": 0,
      "data_bytes": 10714580
    },
    "owners": {
      "lost_samples": 0,
      "data_bytes": 7586488
    },
    "methods": {
      "lost_samples": 0,
      "data_bytes": 15208324
    },
    "floats": {
      "lost_samples": 0,
      "data_bytes": 1709396
    }
  },
  "performance_acceptance_checks_pass": true,
  "goal_targets_met": false,
  "first_milestone_met": false
}
