{
  "aggregation": "56 equally weighted components; application seed17; nearest-rank p90",
  "speedup": 1.8664763776717164,
  "groups": {
    "kernels-seed17": {
      "count": 15,
      "speedup": 1.195088603102579
    },
    "applications-seed17": {
      "count": 8,
      "speedup": 0.993357298044339
    },
    "roots-seed17": {
      "count": 4,
      "speedup": 1.5901981623628798
    },
    "members": {
      "count": 6,
      "speedup": 1.0928962703927516
    },
    "owners": {
      "count": 10,
      "speedup": 7.2888257700758725
    },
    "methods": {
      "count": 6,
      "speedup": 2.509790862761501
    },
    "floats": {
      "count": 7,
      "speedup": 1.916609127721418
    }
  },
  "totals": {
    "sqgi_baseline": {
      "node": {
        "geomean": 15.280272813781785,
        "p90": 101.28023390005707
      },
      "gjs": {
        "geomean": 10.126418991914585,
        "p90": 50.7698684962836
      }
    },
    "sqgi": {
      "node": {
        "geomean": 8.186694992005595,
        "p90": 24.98721292194166
      },
      "gjs": {
        "geomean": 5.425420387343182,
        "p90": 13.449750312109863
      }
    }
  },
  "regressions_over_5pct": []
}
