Completed pair 1/5
Completed pair 2/5
Completed pair 3/5
Completed pair 4/5
Completed pair 5/5
direct_call: 0.034119 -> 0.033543 us; 1.017x
branch_call: 0.031641 -> 0.031741 us; 0.997x
float_call: 0.021030 -> 0.020963 us; 1.003x
numeric_loop: 0.022914 -> 0.022937 us; 0.999x
vector: 0.376581 -> 0.367406 us; 1.025x
dynamic_member: 1.027225 -> 1.019912 us; 1.007x
dynamic_key_get_set: 0.183294 -> 0.183312 us; 1.000x
object_member_write_fallback: 0.475800 -> 0.475300 us; 1.001x
array_append: 0.113731 -> 0.133219 us; 0.854x
array_write: 0.036994 -> 0.037038 us; 0.999x
array_read: 0.007105 -> 0.007068 us; 1.005x
array_float: 0.006794 -> 0.006815 us; 0.997x
math_intrinsic: 0.208687 -> 0.206444 us; 1.011x
math_variable: 0.218750 -> 0.218869 us; 0.999x
matrix: 0.312975 -> 0.313219 us; 0.999x
