Round 1/5: v3; 6 checksums match
Round 1/5: v4; 6 checksums match
Round 1/5: node; 6 checksums match
Round 2/5: v4; 6 checksums match
Round 2/5: node; 6 checksums match
Round 2/5: v3; 6 checksums match
Round 3/5: node; 6 checksums match
Round 3/5: v3; 6 checksums match
Round 3/5: v4; 6 checksums match
Round 4/5: v3; 6 checksums match
Round 4/5: v4; 6 checksums match
Round 4/5: node; 6 checksums match
Round 5/5: v4; 6 checksums match
Round 5/5: node; 6 checksums match
Round 5/5: v3; 6 checksums match
table_events_97: v3 662.54 ns, v4 634.91 ns, node 75.62 ns
class_events_97: v3 670.10 ns, v4 639.54 ns, node 74.73 ns
buffers_7: v3 435.76 ns, v4 435.45 ns, node 12.45 ns
buffers_31: v3 433.95 ns, v4 435.07 ns, node 12.40 ns
calibrate_17: v3 83.79 ns, v4 83.53 ns, node 9.01 ns
calibrate_67: v3 84.81 ns, v4 84.39 ns, node 8.34 ns
