Round 1/5: v3; 6 checksums match
Round 1/5: v4; 6 checksums match
Round 1/5: node; 6 checksums match
Round 2/5: v4; 6 checksums match
Round 2/5: node; 6 checksums match
Round 2/5: v3; 6 checksums match
Round 3/5: node; 6 checksums match
Round 3/5: v3; 6 checksums match
Round 3/5: v4; 6 checksums match
Round 4/5: v3; 6 checksums match
Round 4/5: v4; 6 checksums match
Round 4/5: node; 6 checksums match
Round 5/5: v4; 6 checksums match
Round 5/5: node; 6 checksums match
Round 5/5: v3; 6 checksums match
transfer_table: v3 709.49 ns, v4 702.63 ns, node 18.08 ns
transfer_class: v3 739.27 ns, v4 730.62 ns, node 18.19 ns
transfer_mixed: v3 751.36 ns, v4 737.25 ns, node 29.20 ns
publish_table: v3 579.57 ns, v4 578.98 ns, node 13.45 ns
publish_class: v3 597.89 ns, v4 597.23 ns, node 13.77 ns
publish_mixed: v3 596.52 ns, v4 596.78 ns, node 20.98 ns
