Temporary breakpoint 1 at 0xe574
[Thread debugging using libthread_db enabled]
Using host libthread_db library "/lib/aarch64-linux-gnu/libthread_db.so.1".

Temporary breakpoint 1, 0x0000aaaaaaaae574 in main ()
[sqjit:stats] proto enters=15 hot=6 compile=6 success=1 fail=5
[sqjit:stats] proto exec attempts=15 success=7 guard_fail=0
[sqjit:stats] proto side_exits=0
[sqjit:stats] direct calls attempts=5 success=5 miss=0 guard_fail=0
[sqjit:stats] loops try=12 find_fail=2 compile=2 success=2 fail=0 exec=6 exec_success=6 guard_fail=0
[sqjit:stats] rejects=5 unique_reasons=3
[sqjit:stats] backoff proto=0 proto_skips=0 loop=0 loop_skips=0
[sqjit:stats] reject category count=3 category=call
[sqjit:stats] reject category count=2 category=other
[sqjit:stats] reject reason count=2 reason=unsupported function shape or instruction limit
[sqjit:stats] reject reason count=1 reason=deferred CALL direct closure
[sqjit:stats] reject reason count=2 reason=unsupported CALL direct closure
[sqjit:stats] reject_site rank=1 proto=(nil) name=main source=<sqgi async bootstrap> line=-1 ip=-1 count=1 reason=unsupported function shape or instruction limit
[sqjit:stats] reject_site rank=2 proto=(nil) name=main source=/tmp/sqgi-scalar-entry-guard-study/route/entry-guards.nut line=-1 ip=-1 count=1 reason=unsupported function shape or instruction limit
[sqjit:stats] reject_site rank=3 proto=(nil) name=entry_root source=/tmp/sqgi-scalar-entry-guard-study/route/entry-guards.nut line=3 ip=2 count=1 reason=deferred CALL direct closure
[sqjit:stats] reject_site rank=4 proto=(nil) name=entry_parameter source=/tmp/sqgi-scalar-entry-guard-study/route/entry-guards.nut line=4 ip=2 count=1 reason=unsupported CALL direct closure
[sqjit:stats] reject_site rank=5 proto=(nil) name=entry_root source=/tmp/sqgi-scalar-entry-guard-study/route/entry-guards.nut line=3 ip=2 count=1 reason=unsupported CALL direct closure
[Inferior 1 (process 623434) exited normally]
ENTRY_GUARD_ROUTE_CAPTURED {'entry_root': 3, 'entry_parameter': 3} {'entry_root': 3, 'entry_parameter': 3}
