Temporary breakpoint 1 at 0xe574
[Thread debugging using libthread_db enabled]
Using host libthread_db library "/lib/aarch64-linux-gnu/libthread_db.so.1".

Temporary breakpoint 1, 0x0000aaaaaaaae574 in main ()
[sqjit:stats] proto enters=16 hot=7 compile=7 success=2 fail=5
[sqjit:stats] proto exec attempts=16 success=8 guard_fail=0
[sqjit:stats] proto side_exits=0
[sqjit:stats] direct calls attempts=67 success=67 miss=0 guard_fail=0
[sqjit:stats] loops try=75 find_fail=2 compile=3 success=3 fail=0 exec=15 exec_success=4 guard_fail=11
[sqjit:stats] rejects=5 unique_reasons=3
[sqjit:stats] backoff proto=0 proto_skips=0 loop=1 loop_skips=56
[sqjit:stats] reject category count=3 category=call
[sqjit:stats] reject category count=2 category=other
[sqjit:stats] reject reason count=2 reason=unsupported function shape or instruction limit
[sqjit:stats] reject reason count=1 reason=deferred CALL direct closure
[sqjit:stats] reject reason count=2 reason=unsupported CALL direct closure
[sqjit:stats] loop_guard rank=1 proto=(nil) name=entry_parameter source=/tmp/sqgi-scalar-entry-guard-study/route/entry-guards.nut line=4 ip=5 guard_fail=11 exec=12 exec_ok=1 compile=2 compile_ok=2 backoffs=1 skips=56
[sqjit:stats] reject_site rank=1 proto=(nil) name=main source=<sqgi async bootstrap> line=-1 ip=-1 count=1 reason=unsupported function shape or instruction limit
[sqjit:stats] reject_site rank=2 proto=(nil) name=main source=/tmp/sqgi-scalar-entry-guard-study/route/entry-guards.nut line=-1 ip=-1 count=1 reason=unsupported function shape or instruction limit
[sqjit:stats] reject_site rank=3 proto=(nil) name=entry_root source=/tmp/sqgi-scalar-entry-guard-study/route/entry-guards.nut line=3 ip=2 count=1 reason=deferred CALL direct closure
[sqjit:stats] reject_site rank=4 proto=(nil) name=entry_parameter source=/tmp/sqgi-scalar-entry-guard-study/route/entry-guards.nut line=4 ip=2 count=1 reason=unsupported CALL direct closure
[sqjit:stats] reject_site rank=5 proto=(nil) name=entry_root source=/tmp/sqgi-scalar-entry-guard-study/route/entry-guards.nut line=3 ip=2 count=1 reason=unsupported CALL direct closure
[Inferior 1 (process 623406) exited normally]
ENTRY_GUARD_ROUTE_CAPTURED {'entry_root': 3, 'entry_parameter': 10} {'entry_root': 126}
