[Thread debugging using libthread_db enabled]
Using host libthread_db library "/lib/aarch64-linux-gnu/libthread_db.so.1".
BENCH	transfer_table	7	1931.857142857	1731
BENCH	transfer_class	7	2640.285714286	1731
BENCH	transfer_mixed	7	1604.571428571	1731
BENCH	publish_table	7	2244.428571429	6996
BENCH	publish_class	7	2325.714285714	6996
BENCH	publish_mixed	7	2895.285714286	6996
[sqjit:stats] proto enters=98 hot=6 compile=6 success=2 fail=4
[sqjit:stats] proto exec attempts=98 success=84 guard_fail=0
[sqjit:stats] proto side_exits=0
[sqjit:stats] direct calls attempts=82 success=0 miss=82 guard_fail=0
[sqjit:stats] loops try=3769 find_fail=18 compile=13 success=0 fail=13 exec=0 exec_success=0 guard_fail=0
[sqjit:stats] rejects=17 unique_reasons=5
[sqjit:stats] backoff proto=0 proto_skips=0 loop=0 loop_skips=0
[sqjit:stats] reject category count=10 category=loop
[sqjit:stats] reject category count=3 category=array-append
[sqjit:stats] reject category count=1 category=member
[sqjit:stats] reject category count=1 category=call
[sqjit:stats] reject category count=2 category=other
[sqjit:stats] reject reason count=2 reason=unsupported function shape or instruction limit
[sqjit:stats] reject reason count=1 reason=deferred CALL direct closure
[sqjit:stats] reject reason count=10 reason=unsupported loop branch shape
[sqjit:stats] reject reason count=3 reason=unsupported loop array append PREPCALLK
[sqjit:stats] reject reason count=1 reason=unsupported SET object member
[sqjit:stats] reject_site rank=1 proto=(nil) name=members source=test/bench_member_methods.nut line=24 ip=14 count=3 reason=unsupported loop branch shape
[sqjit:stats] reject_site rank=2 proto=(nil) name=members source=test/bench_member_methods.nut line=24 ip=15 count=3 reason=unsupported loop array append PREPCALLK
[sqjit:stats] reject_site rank=3 proto=(nil) name=members source=test/bench_member_methods.nut line=29 ip=34 count=3 reason=unsupported loop branch shape
[sqjit:stats] reject_site rank=4 proto=(nil) name=members source=test/bench_member_methods.nut line=39 ip=105 count=3 reason=unsupported loop branch shape
[sqjit:stats] reject_site rank=5 proto=(nil) name=main source=<sqgi async bootstrap> line=-1 ip=-1 count=1 reason=unsupported function shape or instruction limit
[sqjit:stats] reject_site rank=6 proto=(nil) name=main source=test/bench_member_methods.nut line=-1 ip=-1 count=1 reason=unsupported function shape or instruction limit
[sqjit:stats] reject_site rank=7 proto=(nil) name=members source=test/bench_member_methods.nut line=40 ip=117 count=1 reason=deferred CALL direct closure
[sqjit:stats] reject_site rank=8 proto=(nil) name=main source=test/bench_member_methods.nut line=51 ip=118 count=1 reason=unsupported loop branch shape
[sqjit:stats] reject_site rank=9 proto=(nil) name=members source=test/bench_member_methods.nut line=34 ip=87 count=1 reason=unsupported SET object member
[Inferior 1 (process 694833) exited normally]
METHOD_HELPER_PROBE {'transfer': 42, 'publish': 42} {'transfer:0:9': 42, 'transfer:7:13': 42, 'publish:1:13': 42, 'publish:3:13': 42, 'publish:5:13': 42}
