BENCH	route_balanced	200000	0.053665000	300346
BENCH	route_skewed	200000	0.052150000	122121
BENCH	pricing_events	200000	0.057885000	636940
BENCH	filter_stream	200000	0.056795000	10704.521037291815
BENCH	records_64	200000	0.132900000	599323
BENCH	records_4096	200000	0.278190000	385702
BENCH	word_count	200000	0.265425000	116910
BENCH	graph_walk	200000	0.012255000	386354
BENCH	route_balanced	200000	0.054200000	300346
BENCH	route_skewed	200000	0.052720000	122121
BENCH	pricing_events	200000	0.057530000	636940
BENCH	filter_stream	200000	0.056460000	10704.521037291815
BENCH	records_64	200000	0.134750000	599323
BENCH	records_4096	200000	0.306575000	385702
BENCH	word_count	200000	0.266210000	116910
BENCH	graph_walk	200000	0.012340000	386354
BENCH	route_balanced	200000	0.053685000	300346
BENCH	route_skewed	200000	0.052460000	122121
BENCH	pricing_events	200000	0.057640000	636940
BENCH	filter_stream	200000	0.056225000	10704.521037291815
BENCH	records_64	200000	0.132115000	599323
BENCH	records_4096	200000	0.243570000	385702
BENCH	word_count	200000	0.264450000	116910
BENCH	graph_walk	200000	0.012505000	386354
1109.87;msec;task-clock:u;0.74%;1109865457;100.00;0.979;CPUs utilized
2480697242;;cycles:u;0.58%;1109861956;100.00;2.204;GHz
5980372444;;instructions:u;0.03%;1109861956;100.00;2.38;insn per cycle
5212158;;branch-misses:u;1.21%;1109861956;100.00;;
2234176353;;cache-references:u;0.03%;1109861956;100.00;1.985;G/sec
16326835;;cache-misses:u;1.04%;1109861956;100.00;0.730;of all cache refs
3863;;page-faults:u;0.02%;1109865457;100.00;3.432;K/sec
0;;context-switches:u;0.00%;1109865457;100.00;0.000;/sec
