# To display the perf.data header info, please use --header/--header-only options.
#
#
# Total Lost Samples: 0
#
# Samples: 589  of event 'cycles:u'
# Event count (approx.): 2508962420
#
# Children      Self  Command  Shared Object          Symbol                                                                                                                                                         
# ........  ........  .......  .....................  ...............................................................................................................................................................
#
    30.56%     0.00%  sqgi     libc.so.6              [.] __libc_start_call_main
            |
            ---__libc_start_call_main
               __libc_start_call_main
               main
               |          
                --30.24%--sq_call
                          SQVM::Execute
                          |          
                          |--8.00%--SQVM::Get
                          |          |          
                          |           --5.45%--SQTable::Get
                          |                     |          
                          |                      --3.09%--SQTable::_Get (inlined)
                          |          
                           --4.72%--SQVM::DerefInc

    30.56%     0.00%  sqgi     sqgi                   [.] main
            |
            ---main
               |          
                --30.24%--sq_call
                          SQVM::Execute
                          |          
                          |--8.00%--SQVM::Get
                          |          |          
                          |           --5.45%--SQTable::Get
                          |                     |          
                          |                      --3.09%--SQTable::_Get (inlined)
                          |          
                           --4.72%--SQVM::DerefInc

    30.24%     0.00%  sqgi     sqgi                   [.] sq_call
            |
            ---sq_call
               SQVM::Execute
               |          
               |--8.00%--SQVM::Get
               |          |          
               |           --5.45%--SQTable::Get
               |                     |          
               |                      --3.09%--SQTable::_Get (inlined)
               |          
                --4.72%--SQVM::DerefInc

    30.24%    13.90%  sqgi     sqgi                   [.] SQVM::Execute
            |          
            |--16.33%--SQVM::Execute
            |          |          
            |          |--8.00%--SQVM::Get
            |          |          |          
            |          |           --5.45%--SQTable::Get
            |          |                     |          
            |          |                      --3.09%--SQTable::_Get (inlined)
            |          |          
            |           --4.72%--SQVM::DerefInc
            |          
             --13.90%--__libc_start_call_main
                       __libc_start_call_main
                       main
                       sq_call
                       SQVM::Execute

    21.78%     4.29%  sqgi     sqgi                   [.] sqjit_a64_helper_member_set_integer_logged
            |          
            |--17.49%--sqjit_a64_helper_member_set_integer_logged
            |          |          
            |           --17.31%--sqjit_a64_helper_member_set_integer_logged
            |                     SQJitWriteLog::RecordMember
            |                     |          
            |                     |--13.19%--SQJitWriteLog::ContainsMember<false> (inlined)
            |                     |          |          
            |                     |           --5.17%--SQJitWriteLog::ContainsMember<false>(SQObjectPtr const&, SQObjectPtr const&, SQObjectPtr const&) const::{lambda(SQJitWriteLog::Entry const&)#1}::operator() (inlined)
            |                     |          
            |                      --2.51%--SQJitWriteLog::CanRelease
            |          
            |--2.15%--0xffffa4cde3c3
            |          0xffffa4cde3c3
            |          sqjit_a64_helper_member_set_integer_logged
            |          
             --2.14%--0xffffa4cde4d3
                       0xffffa4cde4d3
                       sqjit_a64_helper_member_set_integer_logged

    17.31%    13.54%  sqgi     sqgi                   [.] SQJitWriteLog::RecordMember
            |          
            |--7.28%--0xffffa4cde3c3
            |          0xffffa4cde3c3
            |          sqjit_a64_helper_member_set_integer_logged
            |          sqjit_a64_helper_member_set_integer_logged
            |          SQJitWriteLog::RecordMember
            |          |          
            |           --6.57%--SQJitWriteLog::ContainsMember<false> (inlined)
            |                     |          
            |                      --2.85%--SQJitWriteLog::ContainsMember<false>(SQObjectPtr const&, SQObjectPtr const&, SQObjectPtr const&) const::{lambda(SQJitWriteLog::Entry const&)#1}::operator() (inlined)
            |          
            |--6.26%--0xffffa4cde4d3
            |          0xffffa4cde4d3
            |          sqjit_a64_helper_member_set_integer_logged
            |          sqjit_a64_helper_member_set_integer_logged
            |          SQJitWriteLog::RecordMember
            |          |          
            |           --5.72%--SQJitWriteLog::ContainsMember<false> (inlined)
            |                     |          
            |                      --2.32%--SQJitWriteLog::ContainsMember<false>(SQObjectPtr const&, SQObjectPtr const&, SQObjectPtr const&) const::{lambda(SQJitWriteLog::Entry const&)#1}::operator() (inlined)
            |          
             --3.77%--SQJitWriteLog::RecordMember
                       |          
                        --2.51%--SQJitWriteLog::CanRelease

    16.07%     0.00%  sqgi     [JIT] tid 627715       [.] 0x0000ffffa4cde4d3
            |
            ---0xffffa4cde4d3
               |          
                --10.37%--0xffffa4cde4d3
                          sqjit_a64_helper_member_set_integer_logged
                          |          
                           --8.23%--sqjit_a64_helper_member_set_integer_logged
                                     SQJitWriteLog::RecordMember
                                     |          
                                      --6.44%--SQJitWriteLog::ContainsMember<false> (inlined)
                                                |          
                                                 --2.32%--SQJitWriteLog::ContainsMember<false>(SQObjectPtr const&, SQObjectPtr const&, SQObjectPtr const&) const::{lambda(SQJitWriteLog::Entry const&)#1}::operator() (inlined)

    14.43%     0.00%  sqgi     [JIT] tid 627715       [.] 0x0000ffffa4cde1b3
            |
            ---0xffffa4cde1b3
               |          
               |--4.76%--0xffffa4cde1b3
               |          sqjit_a64_helper_array_get_object
               |          |          
               |           --2.65%--SQObjectPtr::operator= (inlined)
               |          
                --3.30%--0xffffa4cde214

    13.19%     0.00%  sqgi     sqgi                   [.] SQJitWriteLog::ContainsMember<false> (inlined)
            |
            ---SQJitWriteLog::ContainsMember<false> (inlined)
               |          
                --5.17%--SQJitWriteLog::ContainsMember<false>(SQObjectPtr const&, SQObjectPtr const&, SQObjectPtr const&) const::{lambda(SQJitWriteLog::Entry const&)#1}::operator() (inlined)

    12.47%     0.00%  sqgi     [JIT] tid 627715       [.] 0x0000ffffa4cde3c3
            |
            ---0xffffa4cde3c3
               |          
                --11.41%--0xffffa4cde3c3
                          sqjit_a64_helper_member_set_integer_logged
                          |          
                           --9.08%--sqjit_a64_helper_member_set_integer_logged
                                     SQJitWriteLog::RecordMember
                                     |          
                                      --6.75%--SQJitWriteLog::ContainsMember<false> (inlined)
                                                |          
                                                 --2.85%--SQJitWriteLog::ContainsMember<false>(SQObjectPtr const&, SQObjectPtr const&, SQObjectPtr const&) const::{lambda(SQJitWriteLog::Entry const&)#1}::operator() (inlined)

    11.59%     0.00%  sqgi     [JIT] tid 627715       [.] 0x0000ffffa4ee418b
            |
            ---0xffffa4ee418b
               |          
                --5.78%--0xffffa4ee418b
                          sqjit_a64_helper_member_closure_guard
                          |          
                          |--2.84%--sqjit_a64_borrow_member_value_with_root (inlined)
                          |          |          
                          |           --2.31%--sqjit_a64_helper_member_closure_guard
                          |                     sqjit_a64_borrow_member_ptr_value
                          |          
                           --2.40%--sqjit_a64_helper_member_closure_guard
                                     sqjit_a64_root_fallback_safe

    10.50%     1.09%  sqgi     sqgi                   [.] sqjit_a64_helper_member_closure_guard
            |          
             --9.42%--sqjit_a64_helper_member_closure_guard
                       |          
                       |--4.76%--sqjit_a64_helper_member_closure_guard
                       |          sqjit_a64_root_fallback_safe
                       |          |          
                       |           --3.49%--SQTable::GetRawSlot (inlined)
                       |                     |          
                       |                      --2.95%--SQTable::_Get (inlined)
                       |          
                        --4.66%--sqjit_a64_borrow_member_value_with_root (inlined)
                                  |          
                                   --4.12%--sqjit_a64_helper_member_closure_guard
                                             sqjit_a64_borrow_member_ptr_value
                                             |          
                                              --3.21%--SQTable::GetRawSlot (inlined)
                                                        |          
                                                         --2.31%--SQTable::_Get (inlined)

     9.09%     1.27%  sqgi     sqgi                   [.] SQVM::Get
            |          
             --7.82%--SQVM::Get
                       |          
                        --6.18%--SQTable::Get
                                  |          
                                   --3.45%--SQTable::_Get (inlined)

     6.36%     0.00%  sqgi     [JIT] tid 627715       [.] 0x0000ffffa4ee3213
            |
            ---0xffffa4ee3213
               |          
                --3.09%--0xffffa4ee3213
                          sqjit_a64_helper_member_closure_guard

     6.18%     5.63%  sqgi     sqgi                   [.] SQTable::Get
            |          
             --5.63%--__libc_start_call_main
                       __libc_start_call_main
                       main
                       sq_call
                       SQVM::Execute
                       |          
                        --4.91%--SQVM::Get
                                  SQTable::Get
                                  |          
                                   --2.54%--SQTable::_Get (inlined)

     6.16%     0.00%  sqgi     [JIT] tid 627715       [.] 0x0000ffffa4cdf1af
            |
            ---0xffffa4cdf1af

     5.20%     0.00%  sqgi     sqgi                   [.] sqjit_a64_borrow_member_value_with_root (inlined)
            |
            ---sqjit_a64_borrow_member_value_with_root (inlined)
               |          
                --4.12%--sqjit_a64_helper_member_closure_guard
                          sqjit_a64_borrow_member_ptr_value
                          |          
                           --3.21%--SQTable::GetRawSlot (inlined)
                                     |          
                                      --2.31%--SQTable::_Get (inlined)

     5.17%     0.00%  sqgi     sqgi                   [.] SQJitWriteLog::ContainsMember<false>(SQObjectPtr const&, SQObjectPtr const&, SQObjectPtr const&) const::{lambda(SQJitWriteLog::Entry const&)#1}::operator() (inlined)
            |
            ---SQJitWriteLog::ContainsMember<false>(SQObjectPtr const&, SQObjectPtr const&, SQObjectPtr const&) const::{lambda(SQJitWriteLog::Entry const&)#1}::operator() (inlined)

     4.76%     4.76%  sqgi     sqgi                   [.] sqjit_a64_helper_array_get_object
            |
            ---0xffffa4cde1b3
               0xffffa4cde1b3
               sqjit_a64_helper_array_get_object
               |          
                --2.65%--SQObjectPtr::operator= (inlined)

     4.76%     4.76%  sqgi     sqgi                   [.] sqjit_a64_root_fallback_safe
            |          
             --2.40%--0xffffa4ee418b
                       0xffffa4ee418b
                       sqjit_a64_helper_member_closure_guard
                       sqjit_a64_helper_member_closure_guard
                       sqjit_a64_root_fallback_safe

     4.72%     1.27%  sqgi     sqgi                   [.] SQVM::DerefInc
            |          
             --3.45%--SQVM::DerefInc

     4.66%     4.66%  sqgi     sqgi                   [.] sqjit_a64_borrow_member_ptr_value
            |          
             --2.48%--0xffffa4ee418b
                       0xffffa4ee418b
                       sqjit_a64_helper_member_closure_guard
                       sqjit_a64_borrow_member_value_with_root (inlined)
                       |          
                        --2.31%--sqjit_a64_helper_member_closure_guard
                                  sqjit_a64_borrow_member_ptr_value

     3.49%     0.00%  sqgi     sqgi                   [.] SQTable::GetRawSlot (inlined)
            |
            ---SQTable::GetRawSlot (inlined)
               |          
                --2.95%--SQTable::_Get (inlined)

     3.45%     0.00%  sqgi     sqgi                   [.] SQTable::_Get (inlined)
            |
            ---SQTable::_Get (inlined)

     3.30%     3.30%  sqgi     [JIT] tid 627715       [.] 0x0000ffffa4cde214
            |
            ---0xffffa4cde1b3
               0xffffa4cde214

     3.21%     0.00%  sqgi     sqgi                   [.] SQTable::GetRawSlot (inlined)
            |
            ---SQTable::GetRawSlot (inlined)
               |          
                --2.31%--SQTable::_Get (inlined)

     2.99%     0.00%  sqgi     sqgi                   [.] SQObjectPtr::operator= (inlined)
            |
            ---SQObjectPtr::operator= (inlined)

     2.95%     0.00%  sqgi     sqgi                   [.] SQTable::_Get (inlined)
            |
            ---SQTable::_Get (inlined)

     2.51%     2.51%  sqgi     sqgi                   [.] SQJitWriteLog::CanRelease
     2.31%     0.00%  sqgi     sqgi                   [.] SQTable::_Get (inlined)
            |
            ---SQTable::_Get (inlined)

     2.16%     0.00%  sqgi     sqgi                   [.] sqjit_a64_member_store_slot (inlined)
            |
            ---sqjit_a64_member_store_slot (inlined)



#
# (Cannot load tips.txt file, please install perf!)
#
