JIT_CAPTURE_BREAKPOINT -1
[Thread debugging using libthread_db enabled]
Using host libthread_db library "/lib/aarch64-linux-gnu/libthread_db.so.1".
JIT_CAPTURE recycle frame 0xfffff7f84000 8192
BENCH	table_owners_1	1003	2.219341974	615764.25
BENCH	table_owners_2	1003	2.624127617	616780.25
BENCH	table_owners_5	1003	2.366899302	613838.25
BENCH	table_owners_19	1003	1.378863410	618610.25
BENCH	table_owners_257	1003	1.438683948	749599.25
BENCH	class_owners_1	1003	1.378863410	615764.25
BENCH	class_owners_2	1003	2.155533400	616780.25
BENCH	class_owners_5	1003	1.920239282	613838.25
BENCH	class_owners_19	1003	1.750747757	618610.25
BENCH	class_owners_257	1003	2.595214357	749599.25
[Inferior 1 (process 627947) exited normally]
[Thread debugging using libthread_db enabled]
Using host libthread_db library "/lib/aarch64-linux-gnu/libthread_db.so.1".
JIT_CAPTURE transfer frame 0xfffff7f85000 4096
JIT_CAPTURE publish frame 0xfffff7f84000 4096
BENCH	transfer_table	1003	1410.612163509	121851
BENCH	transfer_class	1003	1365.693918245	121851
BENCH	transfer_mixed	1003	1390.329012961	121851
BENCH	publish_table	1003	1167.164506481	133577
BENCH	publish_class	1003	1248.644067797	133577
BENCH	publish_mixed	1003	1308.222333001	133577
[Inferior 1 (process 627949) exited normally]
[Thread debugging using libthread_db enabled]
Using host libthread_db library "/lib/aarch64-linux-gnu/libthread_db.so.1".
JIT_CAPTURE table_apply frame 0xfffff7f85000 4096
JIT_CAPTURE apply frame 0xfffff7f84000 4096
BENCH	table_events_97	1003	1314.704885344	140378
BENCH	class_events_97	1003	1419.973080758	140378
BENCH	buffers_7	1003	1.540378863	944693
BENCH	buffers_31	1003	1.520438684	861874
BENCH	calibrate_17	1003	1.353938185	5140.09375
BENCH	calibrate_67	1003	1.853439681	5049
[Inferior 1 (process 627966) exited normally]
JIT_CAPTURE_VERIFIED five canonical-frame functions
