BENCH	filter	200000	0.013565000	10.254364576940203
BENCH	channels_4	200000	0.059675000	20.621658757381574
BENCH	pressure_8	200000	0.139535000	30.900920683591639
BENCH	integration	200000	0.023110000	1562.9738403896752
BENCH	retained_input	200000	0.026405000	399985.55383443867
BENCH	branching	200000	0.017390000	1.6005902475563216
BENCH	helper_control	200000	0.022160000	3.7152600782050693
BENCH	filter	200000	0.013735000	10.254364576940203
BENCH	channels_4	200000	0.059725000	20.621658757381574
BENCH	pressure_8	200000	0.139660000	30.900920683591639
BENCH	integration	200000	0.023045000	1562.9738403896752
BENCH	retained_input	200000	0.026805000	399985.55383443867
BENCH	branching	200000	0.017430000	1.6005902475563216
BENCH	helper_control	200000	0.022145000	3.7152600782050693
BENCH	filter	200000	0.014325000	10.254364576940203
BENCH	channels_4	200000	0.060835000	20.621658757381574
BENCH	pressure_8	200000	0.139505000	30.900920683591639
BENCH	integration	200000	0.022965000	1562.9738403896752
BENCH	retained_input	200000	0.026310000	399985.55383443867
BENCH	branching	200000	0.017650000	1.6005902475563216
BENCH	helper_control	200000	0.022230000	3.7152600782050693
452.58;msec;task-clock:u;0.75%;452582457;100.00;0.994;CPUs utilized
989960807;;cycles:u;0.07%;452715744;100.00;2.201;GHz
1094515374;;instructions:u;0.00%;452715744;100.00;1.11;insn per cycle
148562;;branch-misses:u;0.26%;452715744;100.00;;
886150612;;cache-references:u;0.09%;452715744;100.00;1.970;G/sec
239540;;cache-misses:u;0.33%;452715744;100.00;0.027;of all cache refs
788;;page-faults:u;0.07%;452582457;100.00;1.752;K/sec
0;;context-switches:u;0.00%;452582457;100.00;0.000;/sec
