# To display the perf.data header info, please use --header/--header-only options.
#
#
# Total Lost Samples: 0
#
# Samples: 233  of event 'cycles:u'
# Event count (approx.): 991352494
#
# Children      Self  Command  Shared Object                 Symbol                               
# ........  ........  .......  ............................  .....................................
#
    45.11%     0.00%  sqgi     [JIT] tid 627919              [.] 0x0000ffff90fe4adf
            |
            ---0xffff90fe4adf
               |          
               |--2.76%--0xffff90fe480c
               |          
               |--2.76%--0xffff90fe4744
               |          
                --2.30%--0xffff90fe4460

    19.19%     0.00%  sqgi     [JIT] tid 627919              [.] 0x0000ffff90fe56af
            |
            ---0xffff90fe56af

     8.71%     0.00%  sqgi     [JIT] tid 627919              [.] 0x0000ffff90ddf50f
            |
            ---0xffff90ddf50f

     7.35%     0.00%  sqgi     [JIT] tid 627919              [.] 0x0000ffff90ddd203
            |
            ---0xffff90ddd203
               |          
                --2.30%--0xffff90ddd244

     7.35%     0.00%  sqgi     [JIT] tid 627919              [.] 0x0000ffff90fe3467
            |
            ---0xffff90fe3467
               |          
                --2.29%--0xffff90fe32e0

     5.51%     0.00%  sqgi     [JIT] tid 627919              [.] 0x0000ffff90dde3f3
            |
            ---0xffff90dde3f3

     4.34%     0.00%  sqgi     [JIT] tid 627919              [.] 0x0000ffff90fe6337
            |
            ---0xffff90fe6337

     2.76%     2.76%  sqgi     [JIT] tid 627919              [.] 0x0000ffff90fe480c
            |
            ---0xffff90fe4adf
               0xffff90fe480c

     2.76%     2.76%  sqgi     [JIT] tid 627919              [.] 0x0000ffff90fe4744
            |
            ---0xffff90fe4adf
               0xffff90fe4744

     2.30%     2.30%  sqgi     [JIT] tid 627919              [.] 0x0000ffff90fe4460
            |
            ---0xffff90fe4adf
               0xffff90fe4460

     2.30%     2.30%  sqgi     [JIT] tid 627919              [.] 0x0000ffff90ddd244
            |
            ---0xffff90ddd203
               0xffff90ddd244

     2.29%     2.29%  sqgi     [JIT] tid 627919              [.] 0x0000ffff90fe32e0
            |
            ---0xffff90fe3467
               0xffff90fe32e0



#
# (Cannot load tips.txt file, please install perf!)
#
