BENCH	direct_call	3200000	0.025088	563347
BENCH	branch_call	3200000	0.020624	599062
BENCH	float_call	3200000	0.012976	8.2204724409448815
BENCH	numeric_loop	3200000	0.022809	612398470
BENCH	vector	160000	0.376250	0.12553851953971693
BENCH	dynamic_member	160000	0.724969	7261462
BENCH	dynamic_key_get_set	160000	0.182119	6566091
BENCH	object_member_write_fallback	160000	0.471381	595919
BENCH	array_append	160000	0.109863	3048687
BENCH	array_write	160000	0.036913	831988
BENCH	array_read	3200000	0.007018	8000000
BENCH	array_float	3200000	0.006787	6400000
BENCH	math_intrinsic	160000	0.208381	2418270.8295144332
BENCH	math_variable	160000	0.220925	313782.39947747899
BENCH	matrix	160000	0.311550	-0.024510798820940455
BENCH	direct_call	3200000	0.025147	563347
BENCH	branch_call	3200000	0.020656	599062
BENCH	float_call	3200000	0.013024	8.2204724409448815
BENCH	numeric_loop	3200000	0.022853	612398470
BENCH	vector	160000	0.377575	0.12553851953971693
BENCH	dynamic_member	160000	0.726888	7261462
BENCH	dynamic_key_get_set	160000	0.182344	6566091
BENCH	object_member_write_fallback	160000	0.472406	595919
BENCH	array_append	160000	0.134144	3048687
BENCH	array_write	160000	0.036788	831988
BENCH	array_read	3200000	0.006988	8000000
BENCH	array_float	3200000	0.006783	6400000
BENCH	math_intrinsic	160000	0.212781	2418270.8295144332
BENCH	math_variable	160000	0.231550	313782.39947747899
BENCH	matrix	160000	0.310437	-0.024510798820940455
BENCH	direct_call	3200000	0.024971	563347
BENCH	branch_call	3200000	0.020472	599062
BENCH	float_call	3200000	0.012955	8.2204724409448815
BENCH	numeric_loop	3200000	0.022873	612398470
BENCH	vector	160000	0.375606	0.12553851953971693
BENCH	dynamic_member	160000	0.724100	7261462
BENCH	dynamic_key_get_set	160000	0.182456	6566091
BENCH	object_member_write_fallback	160000	0.471537	595919
BENCH	array_append	160000	0.125087	3048687
BENCH	array_write	160000	0.037394	831988
BENCH	array_read	3200000	0.007064	8000000
BENCH	array_float	3200000	0.006773	6400000
BENCH	math_intrinsic	160000	0.208469	2418270.8295144332
BENCH	math_variable	160000	0.219306	313782.39947747899
BENCH	matrix	160000	0.309325	-0.024510798820940455
4399.82;msec;task-clock:u;0.28%;4399815567;100.00;0.995;CPUs utilized
9953082443;;cycles:u;0.26%;4400146611;100.00;2.256;GHz
22726247881;;instructions:u;0.00%;4400146611;100.00;2.28;insn per cycle
3656277;;branch-misses:u;20.69%;4400146611;100.00;;
10213094605;;cache-references:u;0.06%;4400146611;100.00;2.314;G/sec
1255811;;cache-misses:u;1.01%;4400146611;100.00;0.012;of all cache refs
10509;;page-faults:u;0.01%;4399815567;100.00;2.381;K/sec
0;;context-switches:u;0.00%;4399815567;100.00;0.000;/sec
