# To display the perf.data header info, please use --header/--header-only options.
#
#
# Total Lost Samples: 0
#
# Samples: 2K of event 'cycles:u'
# Event count (approx.): 9935962822
#
# Children      Self  Command  Shared Object                 Symbol                                                                                                  
# ........  ........  .......  ............................  ........................................................................................................
#
    28.39%     0.00%  sqgi     libc.so.6                     [.] __libc_start_call_main
            |
            ---__libc_start_call_main
               __libc_start_call_main
               main
               |          
                --28.33%--sq_call
                          SQVM::Execute
                          |          
                          |--2.48%--SQVM::Get
                          |          
                           --2.02%--sq_member_cache_hit (inlined)

    28.39%     0.00%  sqgi     sqgi                          [.] main
            |
            ---main
               |          
                --28.33%--sq_call
                          SQVM::Execute
                          |          
                          |--2.48%--SQVM::Get
                          |          
                           --2.02%--sq_member_cache_hit (inlined)

    28.33%     0.00%  sqgi     sqgi                          [.] sq_call
            |
            ---sq_call
               SQVM::Execute
               |          
               |--2.48%--SQVM::Get
               |          
                --2.02%--sq_member_cache_hit (inlined)

    28.33%    21.88%  sqgi     sqgi                          [.] SQVM::Execute
            |          
            |--21.88%--__libc_start_call_main
            |          __libc_start_call_main
            |          main
            |          sq_call
            |          SQVM::Execute
            |          |          
            |           --2.02%--sq_member_cache_hit (inlined)
            |          
             --6.45%--SQVM::Execute
                       |          
                        --2.48%--SQVM::Get

    10.99%     0.00%  sqgi     [JIT] tid 627626              [.] 0x0000ffffa79b53b3
            |
            ---0xffffa79b53b3
               |          
                --3.50%--0xffffa79b5244

     9.15%     0.00%  sqgi     [JIT] tid 627626              [.] 0x0000ffffa79b43bf
            |
            ---0xffffa79b43bf

     8.37%     0.00%  sqgi     [JIT] tid 627626              [.] 0x0000ffffa77af043
            |
            ---0xffffa77af043
               |          
                --2.62%--0xffffa77af230

     6.75%     0.00%  sqgi     [JIT] tid 627626              [.] 0x0000ffffa775c32b
            |
            ---0xffffa775c32b

     5.79%     0.00%  sqgi     [JIT] tid 627626              [.] 0x0000ffffa79b330b
            |
            ---0xffffa79b330b
               |          
                --2.39%--0xffffa79b31a4

     3.50%     3.50%  sqgi     [JIT] tid 627626              [.] 0x0000ffffa79b5244
            |
            ---0xffffa79b53b3
               0xffffa79b5244

     3.08%     1.93%  sqgi     sqgi                          [.] sqjit_number_conversion_guard
     2.94%     2.94%  sqgi     [JIT] tid 627626              [.] 0x0000ffffa77af230
            |          
             --2.62%--0xffffa77af043
                       0xffffa77af230

     2.85%     0.00%  sqgi     [JIT] tid 627626              [.] 0x0000ffffa775f10f
            |
            ---0xffffa775f10f

     2.76%     2.76%  sqgi     sqgi                          [.] SQTable::Get
     2.71%     1.06%  sqgi     sqgi                          [.] sqjit_a64_helper_member_native_closure_guard
     2.48%     0.69%  sqgi     sqgi                          [.] SQVM::Get
     2.39%     2.39%  sqgi     [JIT] tid 627626              [.] 0x0000ffffa79b31a4
            |
            ---0xffffa79b330b
               0xffffa79b31a4

     2.30%     2.30%  sqgi     [JIT] tid 627626              [.] 0x0000ffffa77af1c0
     2.14%     0.00%  sqgi     sqgi                          [.] SQObjectPtr::operator= (inlined)
            |
            ---SQObjectPtr::operator= (inlined)

     2.11%     0.00%  sqgi     [JIT] tid 627626              [.] 0x0000ffffa79b811b
            |
            ---0xffffa79b811b

     2.02%     0.00%  sqgi     sqgi                          [.] sq_member_cache_hit (inlined)
            |
            ---sq_member_cache_hit (inlined)

     2.02%     0.00%  sqgi     [JIT] tid 627626              [.] 0x0000ffffa79b713b
            |
            ---0xffffa79b713b



#
# (Cannot load tips.txt file, please install perf!)
#
