BENCH	table_events_97	200000	0.419330000	10069540
BENCH	class_events_97	200000	0.414420000	10069540
BENCH	buffers_7	200000	0.432680000	65667
BENCH	buffers_31	200000	0.432770000	651677
BENCH	calibrate_17	200000	0.089030000	1040538.515625
BENCH	calibrate_67	200000	0.089830000	1040417.796875
BENCH	table_events_97	200000	0.414005000	10069540
BENCH	class_events_97	200000	0.408675000	10069540
BENCH	buffers_7	200000	0.432285000	65667
BENCH	buffers_31	200000	0.432730000	651677
BENCH	calibrate_17	200000	0.083110000	1040538.515625
BENCH	calibrate_67	200000	0.083610000	1040417.796875
BENCH	table_events_97	200000	0.419500000	10069540
BENCH	class_events_97	200000	0.408845000	10069540
BENCH	buffers_7	200000	0.432985000	65667
BENCH	buffers_31	200000	0.433200000	651677
BENCH	calibrate_17	200000	0.083245000	1040538.515625
BENCH	calibrate_67	200000	0.084025000	1040417.796875
2633.82;msec;task-clock:u;0.43%;2633818828;100.00;0.996;CPUs utilized
5987985307;;cycles:u;0.40%;2633971655;100.00;2.269;GHz
17364731552;;instructions:u;0.00%;2633971655;100.00;2.90;insn per cycle
3355039;;branch-misses:u;0.12%;2633971655;100.00;;
7148147112;;cache-references:u;0.01%;2633971655;100.00;2.708;G/sec
5625603;;cache-misses:u;1.30%;2633971655;100.00;0.079;of all cache refs
811;;page-faults:u;0.04%;2633818828;100.00;307.293;/sec
0;;context-switches:u;0.00%;2633818828;100.00;0.000;/sec
