# To display the perf.data header info, please use --header/--header-only options.
#
#
# Total Lost Samples: 0
#
# Samples: 1K of event 'cycles:u'
# Event count (approx.): 5972319152
#
# Children      Self  Command  Shared Object               Symbol                                         
# ........  ........  .......  ..........................  ...............................................
#
    79.51%     0.00%  sqgi     sqgi                        [.] _start
            |
            ---_start
               __libc_start_main_impl (inlined)
               __libc_start_call_main
               main
               |          
                --79.43%--sq_call
                          SQVM::Execute
                          |          
                          |--6.24%--SQObjectPtr::operator= (inlined)
                          |          
                          |--6.15%--sqjit_try_execute_current
                          |          |          
                          |           --2.79%--SQVM::Return
                          |          
                          |--6.12%--sq_member_cache_hit (inlined)
                          |          |          
                          |           --4.28%--SQTable::GetCachedSlot (inlined)
                          |          
                          |--3.90%--SQVM::Get
                          |          |          
                          |           --2.68%--SQTable::Get
                          |          
                          |--3.29%--sq_member_raw_slot (inlined)
                          |          |          
                          |           --3.21%--SQTable::GetRawSlot (inlined)
                          |                     |          
                          |                      --2.22%--SQTable::_Get (inlined)
                          |          
                          |--3.06%--sq_vm_member_cache_for (inlined)
                          |          |          
                          |           --2.68%--SQFunctionProto::MemberCacheAt (inlined)
                          |          
                          |--3.05%--SQArray::Get (inlined)
                          |          |          
                          |           --2.82%--SQArray::Get (inlined)
                          |          
                          |--2.52%--SQVM::CMP_OP
                          |          
                           --2.52%--sqjit_try_execute_current_loop

    79.51%     0.00%  sqgi     libc.so.6                   [.] __libc_start_main_impl (inlined)
            |
            ---__libc_start_main_impl (inlined)
               __libc_start_call_main
               main
               |          
                --79.43%--sq_call
                          SQVM::Execute
                          |          
                          |--6.24%--SQObjectPtr::operator= (inlined)
                          |          
                          |--6.15%--sqjit_try_execute_current
                          |          |          
                          |           --2.79%--SQVM::Return
                          |          
                          |--6.12%--sq_member_cache_hit (inlined)
                          |          |          
                          |           --4.28%--SQTable::GetCachedSlot (inlined)
                          |          
                          |--3.90%--SQVM::Get
                          |          |          
                          |           --2.68%--SQTable::Get
                          |          
                          |--3.29%--sq_member_raw_slot (inlined)
                          |          |          
                          |           --3.21%--SQTable::GetRawSlot (inlined)
                          |                     |          
                          |                      --2.22%--SQTable::_Get (inlined)
                          |          
                          |--3.06%--sq_vm_member_cache_for (inlined)
                          |          |          
                          |           --2.68%--SQFunctionProto::MemberCacheAt (inlined)
                          |          
                          |--3.05%--SQArray::Get (inlined)
                          |          |          
                          |           --2.82%--SQArray::Get (inlined)
                          |          
                          |--2.52%--SQVM::CMP_OP
                          |          
                           --2.52%--sqjit_try_execute_current_loop

    79.51%     0.00%  sqgi     libc.so.6                   [.] __libc_start_call_main
            |
            ---__libc_start_call_main
               main
               |          
                --79.43%--sq_call
                          SQVM::Execute
                          |          
                          |--6.24%--SQObjectPtr::operator= (inlined)
                          |          
                          |--6.15%--sqjit_try_execute_current
                          |          |          
                          |           --2.79%--SQVM::Return
                          |          
                          |--6.12%--sq_member_cache_hit (inlined)
                          |          |          
                          |           --4.28%--SQTable::GetCachedSlot (inlined)
                          |          
                          |--3.90%--SQVM::Get
                          |          |          
                          |           --2.68%--SQTable::Get
                          |          
                          |--3.29%--sq_member_raw_slot (inlined)
                          |          |          
                          |           --3.21%--SQTable::GetRawSlot (inlined)
                          |                     |          
                          |                      --2.22%--SQTable::_Get (inlined)
                          |          
                          |--3.06%--sq_vm_member_cache_for (inlined)
                          |          |          
                          |           --2.68%--SQFunctionProto::MemberCacheAt (inlined)
                          |          
                          |--3.05%--SQArray::Get (inlined)
                          |          |          
                          |           --2.82%--SQArray::Get (inlined)
                          |          
                          |--2.52%--SQVM::CMP_OP
                          |          
                           --2.52%--sqjit_try_execute_current_loop

    79.51%     0.00%  sqgi     sqgi                        [.] main
            |
            ---main
               |          
                --79.43%--sq_call
                          SQVM::Execute
                          |          
                          |--6.24%--SQObjectPtr::operator= (inlined)
                          |          
                          |--6.15%--sqjit_try_execute_current
                          |          |          
                          |           --2.79%--SQVM::Return
                          |          
                          |--6.12%--sq_member_cache_hit (inlined)
                          |          |          
                          |           --4.28%--SQTable::GetCachedSlot (inlined)
                          |          
                          |--3.90%--SQVM::Get
                          |          |          
                          |           --2.68%--SQTable::Get
                          |          
                          |--3.29%--sq_member_raw_slot (inlined)
                          |          |          
                          |           --3.21%--SQTable::GetRawSlot (inlined)
                          |                     |          
                          |                      --2.22%--SQTable::_Get (inlined)
                          |          
                          |--3.06%--sq_vm_member_cache_for (inlined)
                          |          |          
                          |           --2.68%--SQFunctionProto::MemberCacheAt (inlined)
                          |          
                          |--3.05%--SQArray::Get (inlined)
                          |          |          
                          |           --2.82%--SQArray::Get (inlined)
                          |          
                          |--2.52%--SQVM::CMP_OP
                          |          
                           --2.52%--sqjit_try_execute_current_loop

    79.43%    59.86%  sqgi     sqgi                        [.] SQVM::Execute
            |          
            |--59.86%--_start
            |          __libc_start_main_impl (inlined)
            |          __libc_start_call_main
            |          main
            |          sq_call
            |          SQVM::Execute
            |          |          
            |          |--6.24%--SQObjectPtr::operator= (inlined)
            |          |          
            |          |--6.04%--sq_member_cache_hit (inlined)
            |          |          |          
            |          |           --4.28%--SQTable::GetCachedSlot (inlined)
            |          |          
            |          |--3.29%--sq_member_raw_slot (inlined)
            |          |          |          
            |          |           --3.21%--SQTable::GetRawSlot (inlined)
            |          |                     |          
            |          |                      --2.22%--SQTable::_Get (inlined)
            |          |          
            |          |--3.06%--sq_vm_member_cache_for (inlined)
            |          |          |          
            |          |           --2.68%--SQFunctionProto::MemberCacheAt (inlined)
            |          |          
            |           --3.05%--SQArray::Get (inlined)
            |                     |          
            |                      --2.82%--SQArray::Get (inlined)
            |          
             --19.57%--SQVM::Execute
                       |          
                       |--6.15%--sqjit_try_execute_current
                       |          |          
                       |           --2.79%--SQVM::Return
                       |          
                       |--3.90%--SQVM::Get
                       |          |          
                       |           --2.68%--SQTable::Get
                       |          
                       |--2.52%--SQVM::CMP_OP
                       |          
                        --2.52%--sqjit_try_execute_current_loop

    79.43%     0.00%  sqgi     sqgi                        [.] sq_call
            |
            ---sq_call
               SQVM::Execute
               |          
               |--6.24%--SQObjectPtr::operator= (inlined)
               |          
               |--6.15%--sqjit_try_execute_current
               |          |          
               |           --2.79%--SQVM::Return
               |          
               |--6.12%--sq_member_cache_hit (inlined)
               |          |          
               |           --4.28%--SQTable::GetCachedSlot (inlined)
               |          
               |--3.90%--SQVM::Get
               |          |          
               |           --2.68%--SQTable::Get
               |          
               |--3.29%--sq_member_raw_slot (inlined)
               |          |          
               |           --3.21%--SQTable::GetRawSlot (inlined)
               |                     |          
               |                      --2.22%--SQTable::_Get (inlined)
               |          
               |--3.06%--sq_vm_member_cache_for (inlined)
               |          |          
               |           --2.68%--SQFunctionProto::MemberCacheAt (inlined)
               |          
               |--3.05%--SQArray::Get (inlined)
               |          |          
               |           --2.82%--SQArray::Get (inlined)
               |          
               |--2.52%--SQVM::CMP_OP
               |          
                --2.52%--sqjit_try_execute_current_loop

     7.61%     0.00%  sqgi     sqgi                        [.] SQObjectPtr::operator= (inlined)
            |
            ---SQObjectPtr::operator= (inlined)

     6.15%     2.29%  sqgi     sqgi                        [.] sqjit_try_execute_current
            |          
            |--3.86%--sqjit_try_execute_current
            |          |          
            |           --2.79%--SQVM::Return
            |          
             --2.29%--_start
                       __libc_start_main_impl (inlined)
                       __libc_start_call_main
                       main
                       sq_call
                       SQVM::Execute
                       sqjit_try_execute_current

     5.81%     0.00%  sqgi     sqgi                        [.] sq_member_cache_hit (inlined)
            |
            ---sq_member_cache_hit (inlined)
               |          
                --3.98%--SQTable::GetCachedSlot (inlined)

     4.28%     0.00%  sqgi     sqgi                        [.] SQTable::GetCachedSlot (inlined)
            |
            ---SQTable::GetCachedSlot (inlined)

     4.05%     0.00%  sqgi     [JIT] tid 627758            [.] 0x0000ffff9bab642f
            |
            ---0xffff9bab642f

     3.90%     0.54%  sqgi     sqgi                        [.] SQVM::Get
            |          
             --3.36%--SQVM::Get
                       |          
                        --2.68%--SQTable::Get

     3.67%     3.67%  sqgi     sqgi                        [.] SQTable::Get
            |          
             --2.68%--_start
                       __libc_start_main_impl (inlined)
                       __libc_start_call_main
                       main
                       sq_call
                       SQVM::Execute
                       SQVM::Get
                       SQTable::Get

     3.36%     0.00%  sqgi     [JIT] tid 627758            [.] 0x0000ffff9bab84c7
            |
            ---0xffff9bab84c7

     3.29%     0.00%  sqgi     sqgi                        [.] sq_member_raw_slot (inlined)
            |
            ---sq_member_raw_slot (inlined)
               |          
                --3.21%--SQTable::GetRawSlot (inlined)
                          |          
                           --2.22%--SQTable::_Get (inlined)

     3.21%     0.00%  sqgi     sqgi                        [.] SQTable::GetRawSlot (inlined)
            |
            ---SQTable::GetRawSlot (inlined)
               |          
                --2.22%--SQTable::_Get (inlined)

     3.06%     0.00%  sqgi     sqgi                        [.] sq_vm_member_cache_for (inlined)
            |
            ---sq_vm_member_cache_for (inlined)
               |          
                --2.68%--SQFunctionProto::MemberCacheAt (inlined)

     3.05%     0.00%  sqgi     sqgi                        [.] SQArray::Get (inlined)
            |
            ---SQArray::Get (inlined)
               |          
                --2.82%--SQArray::Get (inlined)

     2.98%     0.00%  sqgi     [JIT] tid 627758            [.] 0x0000ffff9bab74c7
            |
            ---0xffff9bab74c7

     2.90%     1.91%  sqgi     sqgi                        [.] sqjit_number_conversion_guard
     2.90%     2.90%  sqgi     sqgi                        [.] sqjit_a64_precise_step<(SQOpcode)9, true>
     2.79%     1.43%  sqgi     sqgi                        [.] SQVM::Return
     2.75%     2.75%  sqgi     sqgi                        [.] sqjit_a64_precise_step<(SQOpcode)14, false>
     2.68%     0.00%  sqgi     sqgi                        [.] SQFunctionProto::MemberCacheAt (inlined)
            |
            ---SQFunctionProto::MemberCacheAt (inlined)

     2.52%     0.76%  sqgi     sqgi                        [.] SQVM::CMP_OP
     2.52%     2.29%  sqgi     sqgi                        [.] sqjit_try_execute_current_loop
            |          
             --2.29%--_start
                       __libc_start_main_impl (inlined)
                       __libc_start_call_main
                       main
                       sq_call
                       SQVM::Execute
                       sqjit_try_execute_current_loop

     2.22%     0.00%  sqgi     sqgi                        [.] SQTable::_Get (inlined)
            |
            ---SQTable::_Get (inlined)

     2.06%     0.00%  sqgi     [JIT] tid 627758            [.] 0x0000ffff9bab8157
            |
            ---0xffff9bab8157



#
# (Cannot load tips.txt file, please install perf!)
#
