BENCH	transfer_table	200000	0.429480000	141925
BENCH	transfer_class	200000	0.437855000	141925
BENCH	transfer_mixed	200000	0.440385000	141925
BENCH	publish_table	200000	0.391540000	410680
BENCH	publish_class	200000	0.393960000	410680
BENCH	publish_mixed	200000	0.398930000	410680
BENCH	transfer_table	200000	0.429540000	141925
BENCH	transfer_class	200000	0.438000000	141925
BENCH	transfer_mixed	200000	0.440340000	141925
BENCH	publish_table	200000	0.392165000	410680
BENCH	publish_class	200000	0.395000000	410680
BENCH	publish_mixed	200000	0.398790000	410680
BENCH	transfer_table	200000	0.428740000	141925
BENCH	transfer_class	200000	0.438680000	141925
BENCH	transfer_mixed	200000	0.441180000	141925
BENCH	publish_table	200000	0.391175000	410680
BENCH	publish_class	200000	0.394065000	410680
BENCH	publish_mixed	200000	0.398425000	410680
3510.55;msec;task-clock:u;0.11%;3510550447;100.00;0.996;CPUs utilized
7994881660;;cycles:u;0.03%;3510865450;100.00;2.273;GHz
23316787167;;instructions:u;0.00%;3510865450;100.00;2.92;insn per cycle
1639998;;branch-misses:u;0.85%;3510865450;100.00;;
9601742525;;cache-references:u;0.00%;3510865450;100.00;2.730;G/sec
372317;;cache-misses:u;25.87%;3510865450;100.00;0.004;of all cache refs
794;;page-faults:u;0.04%;3510550447;100.00;225.727;/sec
0;;context-switches:u;0.00%;3510550447;100.00;0.000;/sec
