# To display the perf.data header info, please use --header/--header-only options.
#
#
# Total Lost Samples: 0
#
# Samples: 1K of event 'cycles:u'
# Event count (approx.): 8049613816
#
# Children      Self  Command  Shared Object                 Symbol                                         
# ........  ........  .......  ............................  ...............................................
#
    73.78%     0.00%  sqgi     libc.so.6                     [.] __libc_start_call_main
            |
            ---__libc_start_call_main
               __libc_start_call_main
               main
               |          
                --73.71%--sq_call
                          SQVM::Execute
                          |          
                          |--13.71%--sqjit_try_execute_current
                          |          |          
                          |           --4.81%--SQVM::Return
                          |          
                          |--4.82%--sqjit_try_execute_current_loop
                          |          
                          |--4.42%--SQObjectPtr::operator= (inlined)
                          |          
                          |--3.12%--SQArray::Get (inlined)
                          |          |          
                          |           --2.84%--SQArray::Get (inlined)
                          |          
                          |--3.02%--SQVM::StartCall
                          |          
                          |--2.32%--SQVM::CMP_OP
                          |          
                           --2.04%--sqjit_try_execute_closure

    73.78%     0.00%  sqgi     sqgi                          [.] main
            |
            ---main
               |          
                --73.71%--sq_call
                          SQVM::Execute
                          |          
                          |--13.71%--sqjit_try_execute_current
                          |          |          
                          |           --4.81%--SQVM::Return
                          |          
                          |--4.82%--sqjit_try_execute_current_loop
                          |          
                          |--4.42%--SQObjectPtr::operator= (inlined)
                          |          
                          |--3.12%--SQArray::Get (inlined)
                          |          |          
                          |           --2.84%--SQArray::Get (inlined)
                          |          
                          |--3.02%--SQVM::StartCall
                          |          
                          |--2.32%--SQVM::CMP_OP
                          |          
                           --2.04%--sqjit_try_execute_closure

    73.71%     0.00%  sqgi     sqgi                          [.] sq_call
            |
            ---sq_call
               SQVM::Execute
               |          
               |--13.71%--sqjit_try_execute_current
               |          |          
               |           --4.81%--SQVM::Return
               |          
               |--4.82%--sqjit_try_execute_current_loop
               |          
               |--4.42%--SQObjectPtr::operator= (inlined)
               |          
               |--3.12%--SQArray::Get (inlined)
               |          |          
               |           --2.84%--SQArray::Get (inlined)
               |          
               |--3.02%--SQVM::StartCall
               |          
               |--2.32%--SQVM::CMP_OP
               |          
                --2.04%--sqjit_try_execute_closure

    73.71%    45.55%  sqgi     sqgi                          [.] SQVM::Execute
            |          
            |--45.55%--__libc_start_call_main
            |          __libc_start_call_main
            |          main
            |          sq_call
            |          SQVM::Execute
            |          |          
            |          |--4.42%--SQObjectPtr::operator= (inlined)
            |          |          
            |           --3.12%--SQArray::Get (inlined)
            |                     |          
            |                      --2.84%--SQArray::Get (inlined)
            |          
             --28.16%--SQVM::Execute
                       |          
                       |--13.71%--sqjit_try_execute_current
                       |          |          
                       |           --4.81%--SQVM::Return
                       |          
                       |--4.82%--sqjit_try_execute_current_loop
                       |          
                       |--3.02%--SQVM::StartCall
                       |          
                       |--2.32%--SQVM::CMP_OP
                       |          
                        --2.04%--sqjit_try_execute_closure

    13.94%     6.12%  sqgi     sqgi                          [.] sqjit_try_execute_current
            |          
            |--7.82%--sqjit_try_execute_current
            |          |          
            |           --4.81%--SQVM::Return
            |          
             --6.12%--__libc_start_call_main
                       __libc_start_call_main
                       main
                       sq_call
                       SQVM::Execute
                       sqjit_try_execute_current

     9.21%     8.58%  sqgi     sqgi                          [.] sqjit_a64_precise_step<(SQOpcode)13, true>
            |          
            |--2.78%--0xffffb8d9612f
            |          0xffffb8d9612f
            |          sqjit_a64_precise_step<(SQOpcode)13, true>
            |          
             --2.23%--0xffffb8d973d7
                       0xffffb8d973d7
                       sqjit_a64_precise_step<(SQOpcode)13, true>

     5.33%     0.00%  sqgi     sqgi                          [.] sqjit_a64_precise_member<true> (inlined)
            |
            ---sqjit_a64_precise_member<true> (inlined)
               |          
                --4.31%--sq_member_raw_slot (inlined)

     5.27%     0.00%  sqgi     sqgi                          [.] SQObjectPtr::operator= (inlined)
            |
            ---SQObjectPtr::operator= (inlined)

     5.01%     0.00%  sqgi     [JIT] tid 627872              [.] 0x0000ffffb8d973d7
            |
            ---0xffffb8d973d7
               |          
                --2.40%--0xffffb8d973d7
                          sqjit_a64_precise_step<(SQOpcode)13, true>

     4.82%     3.46%  sqgi     sqgi                          [.] sqjit_try_execute_current_loop
            |          
             --3.46%--__libc_start_call_main
                       __libc_start_call_main
                       main
                       sq_call
                       SQVM::Execute
                       sqjit_try_execute_current_loop

     4.81%     2.89%  sqgi     sqgi                          [.] SQVM::Return
            |          
             --2.89%--__libc_start_call_main
                       __libc_start_call_main
                       main
                       sq_call
                       SQVM::Execute
                       sqjit_try_execute_current
                       SQVM::Return

     4.31%     0.00%  sqgi     sqgi                          [.] sq_member_raw_slot (inlined)
            |
            ---sq_member_raw_slot (inlined)

     4.31%     0.00%  sqgi     [JIT] tid 627872              [.] 0x0000ffffb8d970eb
            |
            ---0xffffb8d970eb
               |          
                --2.78%--0xffffb8d970eb
                          sqjit_a64_precise_step<(SQOpcode)14, true>

     3.80%     0.00%  sqgi     sqgi                          [.] SQTable::GetRawSlot (inlined)
            |
            ---SQTable::GetRawSlot (inlined)
               |          
                --2.04%--SQTable::_Get (inlined)

     3.74%     0.00%  sqgi     [JIT] tid 627872              [.] 0x0000ffffb8d962ef
            |
            ---0xffffb8d962ef

     3.40%     0.00%  sqgi     [JIT] tid 627872              [.] 0x0000ffffb8d9612f
            |
            ---0xffffb8d9612f
               |          
                --2.84%--0xffffb8d9612f
                          sqjit_a64_precise_step<(SQOpcode)13, true>

     3.12%     0.00%  sqgi     sqgi                          [.] SQArray::Get (inlined)
            |
            ---SQArray::Get (inlined)
               |          
                --2.84%--SQArray::Get (inlined)

     3.02%     2.03%  sqgi     sqgi                          [.] SQVM::StartCall
            |          
             --2.03%--__libc_start_call_main
                       __libc_start_call_main
                       main
                       sq_call
                       SQVM::Execute
                       SQVM::StartCall

     2.95%     0.00%  sqgi     [JIT] tid 627872              [.] 0x0000ffffb8d97083
            |
            ---0xffffb8d97083
               |          
                --2.89%--0xffffb8d97083
                          |          
                           --2.83%--sqjit_a64_precise_step<(SQOpcode)9, true>

     2.89%     2.89%  sqgi     sqgi                          [.] sqjit_a64_precise_step<(SQOpcode)9, true>
            |
            ---0xffffb8d97083
               0xffffb8d97083
               |          
                --2.83%--sqjit_a64_precise_step<(SQOpcode)9, true>

     2.78%     2.78%  sqgi     sqgi                          [.] sqjit_a64_precise_step<(SQOpcode)14, true>
            |
            ---0xffffb8d970eb
               0xffffb8d970eb
               sqjit_a64_precise_step<(SQOpcode)14, true>

     2.55%     0.00%  sqgi     [JIT] tid 627872              [.] 0x0000ffffb8d9620f
            |
            ---0xffffb8d9620f
               |          
                --2.15%--0xffffb8d9620f
                          sqjit_a64_precise_step<(SQOpcode)13, true>

     2.32%     0.79%  sqgi     sqgi                          [.] SQVM::CMP_OP
     2.04%     0.00%  sqgi     sqgi                          [.] SQTable::_Get (inlined)
            |
            ---SQTable::_Get (inlined)

     2.04%     1.93%  sqgi     sqgi                          [.] sqjit_try_execute_closure


#
# (Cannot load tips.txt file, please install perf!)
#
