BENCH	table_owners_1	200000	0.142900000	5098276961
BENCH	table_owners_2	200000	0.142720000	5098477602
BENCH	table_owners_5	200000	0.142620000	5097878556
BENCH	table_owners_19	200000	0.142530000	5098684496
BENCH	table_owners_257	200000	0.143085000	5100408060
BENCH	class_owners_1	200000	0.142610000	5098276961
BENCH	class_owners_2	200000	0.143045000	5098477602
BENCH	class_owners_5	200000	0.143100000	5097878556
BENCH	class_owners_19	200000	0.143080000	5098684496
BENCH	class_owners_257	200000	0.143460000	5100408060
BENCH	table_owners_1	200000	0.143300000	5098276961
BENCH	table_owners_2	200000	0.142915000	5098477602
BENCH	table_owners_5	200000	0.142950000	5097878556
BENCH	table_owners_19	200000	0.142915000	5098684496
BENCH	table_owners_257	200000	0.143505000	5100408060
BENCH	class_owners_1	200000	0.143005000	5098276961
BENCH	class_owners_2	200000	0.142955000	5098477602
BENCH	class_owners_5	200000	0.143020000	5097878556
BENCH	class_owners_19	200000	0.142910000	5098684496
BENCH	class_owners_257	200000	0.143405000	5100408060
BENCH	table_owners_1	200000	0.143060000	5098276961
BENCH	table_owners_2	200000	0.142920000	5098477602
BENCH	table_owners_5	200000	0.142800000	5097878556
BENCH	table_owners_19	200000	0.142715000	5098684496
BENCH	table_owners_257	200000	0.143090000	5100408060
BENCH	class_owners_1	200000	0.142555000	5098276961
BENCH	class_owners_2	200000	0.142580000	5098477602
BENCH	class_owners_5	200000	0.142705000	5097878556
BENCH	class_owners_19	200000	0.142705000	5098684496
BENCH	class_owners_257	200000	0.142975000	5100408060
2026.09;msec;task-clock:u;0.12%;2026094734;100.00;0.995;CPUs utilized
4585252214;;cycles:u;0.08%;2026310867;100.00;2.258;GHz
13468198106;;instructions:u;0.00%;2026310867;100.00;2.93;insn per cycle
143401;;branch-misses:u;0.18%;2026310867;100.00;;
5274903568;;cache-references:u;0.00%;2026310867;100.00;2.598;G/sec
252489;;cache-misses:u;3.58%;2026310867;100.00;0.005;of all cache refs
786;;page-faults:u;0.11%;2026094734;100.00;387.067;/sec
0;;context-switches:u;0.00%;2026094734;100.00;0.000;/sec
