BENCH	receiver_integer	200000	0.054245000	595177
BENCH	root_integer	200000	0.063730000	595177
BENCH	root_reference	200000	0.087130000	799457
BENCH	root_integer_result	200000	0.065505000	795177
BENCH	receiver_integer	200000	0.054490000	595177
BENCH	root_integer	200000	0.063505000	595177
BENCH	root_reference	200000	0.083775000	799457
BENCH	root_integer_result	200000	0.065450000	795177
BENCH	receiver_integer	200000	0.054435000	595177
BENCH	root_integer	200000	0.063575000	595177
BENCH	root_reference	200000	0.085970000	799457
BENCH	root_integer_result	200000	0.065250000	795177
402.02;msec;task-clock:u;1.03%;402019546;100.00;0.990;CPUs utilized
879226254;;cycles:u;0.20%;402197165;100.00;2.193;GHz
2935172742;;instructions:u;0.07%;402197165;100.00;3.34;insn per cycle
277415;;branch-misses:u;22.64%;402197165;100.00;;
1010178759;;cache-references:u;0.26%;402197165;100.00;2.519;G/sec
204272;;cache-misses:u;0.99%;402197165;100.00;0.020;of all cache refs
782;;page-faults:u;0.04%;402019546;100.00;1.950;K/sec
0;;context-switches:u;0.00%;402019546;100.00;0.000;/sec
