# To display the perf.data header info, please use --header/--header-only options.
#
#
# Total Lost Samples: 0
#
# Samples: 222  of event 'cycles:u'
# Event count (approx.): 888924430
#
# Children      Self  Command  Shared Object               Symbol                                                                                                                                                         
# ........  ........  .......  ..........................  ...............................................................................................................................................................
#
    29.76%     9.75%  sqgi     sqgi                        [.] sqjit_a64_helper_member_set_integer_logged
            |          
            |--20.01%--sqjit_a64_helper_member_set_integer_logged
            |          |          
            |          |--14.88%--sqjit_a64_helper_member_set_integer_logged
            |          |          SQJitWriteLog::RecordMember
            |          |          |          
            |          |          |--7.19%--SQJitWriteLog::CanRelease
            |          |          |          
            |          |           --4.61%--SQJitWriteLog::ContainsMember<false> (inlined)
            |          |                     |          
            |          |                      --2.56%--SQJitWriteLog::ContainsMember<false>(SQObjectPtr const&, SQObjectPtr const&, SQObjectPtr const&) const::{lambda(SQJitWriteLog::Entry const&)#1}::operator() (inlined)
            |          |          
            |           --5.13%--sqjit_a64_member_store_slot (inlined)
            |                     sqjit_a64_member_store_slot (inlined)
            |                     sqjit_a64_helper_member_set_integer_logged
            |                     sqjit_a64_resolve_root_store_slot
            |                     |          
            |                      --3.59%--SQTable::GetRawSlot (inlined)
            |                                |          
            |                                 --2.57%--SQTable::_Get (inlined)
            |          
            |--5.14%--0xffff8aec61f7
            |          0xffff8aec61f7
            |          sqjit_a64_helper_member_set_integer_logged
            |          |          
            |           --2.57%--sqjit_a64_member_store_slot (inlined)
            |                     sqjit_a64_member_store_slot (inlined)
            |                     sqjit_a64_resolve_store_slot (inlined)
            |                     |          
            |                      --2.06%--sq_member_raw_slot (inlined)
            |                                SQTable::GetRawSlot (inlined)
            |                                SQTable::_Get (inlined)
            |          
             --4.62%--0xffff8aec41db
                       0xffff8aec41db
                       sqjit_a64_helper_member_set_integer_logged
                       |          
                        --2.56%--sqjit_a64_member_store_slot (inlined)
                                  sqjit_a64_member_store_slot (inlined)
                                  sqjit_a64_resolve_store_slot (inlined)
                                  sq_member_raw_slot (inlined)
                                  SQTable::GetRawSlot (inlined)
                                  SQTable::_Get (inlined)

    28.74%    15.52%  sqgi     sqgi                        [.] SQJitWriteLog::RecordMember
            |          
            |--13.22%--SQJitWriteLog::RecordMember
            |          |          
            |           --12.71%--SQJitWriteLog::CanRelease
            |          
            |--6.16%--0xffff8aec5207
            |          0xffff8aec5207
            |          sqjit_a64_helper_member_set_reference_logged
            |          sqjit_a64_helper_member_set_reference_logged
            |          SQJitWriteLog::RecordMember
            |          |          
            |           --5.14%--SQJitWriteLog::ContainsMember<true> (inlined)
            |          
            |--4.10%--0xffff8aec61f7
            |          0xffff8aec61f7
            |          sqjit_a64_helper_member_set_integer_logged
            |          sqjit_a64_helper_member_set_integer_logged
            |          SQJitWriteLog::RecordMember
            |          |          
            |           --3.07%--SQJitWriteLog::ContainsMember<false> (inlined)
            |          
             --3.59%--0xffff8aec41db
                       0xffff8aec41db
                       sqjit_a64_helper_member_set_integer_logged
                       sqjit_a64_helper_member_set_integer_logged
                       SQJitWriteLog::RecordMember

    23.11%     0.00%  sqgi     [JIT] tid 627736            [.] 0x0000ffff8aec5207
            |
            ---0xffff8aec5207
               |          
               |--19.00%--0xffff8aec5207
               |          sqjit_a64_helper_member_set_reference_logged
               |          |          
               |          |--8.73%--sqjit_a64_helper_member_set_reference_logged
               |          |          SQJitWriteLog::RecordMember
               |          |          |          
               |          |          |--5.65%--SQJitWriteLog::ContainsMember<true> (inlined)
               |          |          |          
               |          |           --2.05%--SQJitWriteLog::CanRelease
               |          |          
               |           --8.22%--sqjit_a64_member_store_slot (inlined)
               |                     sqjit_a64_member_store_slot (inlined)
               |                     |          
               |                      --6.68%--sqjit_a64_resolve_store_slot (inlined)
               |                                |          
               |                                 --6.16%--sq_member_raw_slot (inlined)
               |                                           |          
               |                                            --5.65%--SQTable::GetRawSlot (inlined)
               |                                                      |          
               |                                                       --3.08%--SQTable::_Get (inlined)
               |          
                --2.06%--0xffff8aec5280

    19.00%     8.22%  sqgi     sqgi                        [.] sqjit_a64_helper_member_set_reference_logged
            |          
            |--10.78%--sqjit_a64_helper_member_set_reference_logged
            |          |          
            |           --8.73%--sqjit_a64_helper_member_set_reference_logged
            |                     SQJitWriteLog::RecordMember
            |                     |          
            |                     |--5.65%--SQJitWriteLog::ContainsMember<true> (inlined)
            |                     |          
            |                      --2.05%--SQJitWriteLog::CanRelease
            |          
             --8.22%--0xffff8aec5207
                       0xffff8aec5207
                       sqjit_a64_helper_member_set_reference_logged
                       |          
                        --7.19%--sqjit_a64_member_store_slot (inlined)
                                  sqjit_a64_member_store_slot (inlined)
                                  |          
                                   --6.68%--sqjit_a64_resolve_store_slot (inlined)
                                             |          
                                              --6.16%--sq_member_raw_slot (inlined)
                                                        |          
                                                         --5.65%--SQTable::GetRawSlot (inlined)
                                                                   |          
                                                                    --3.08%--SQTable::_Get (inlined)

    18.48%     0.00%  sqgi     [JIT] tid 627736            [.] 0x0000ffff8aec61f7
            |
            ---0xffff8aec61f7
               |          
                --16.42%--0xffff8aec61f7
                          sqjit_a64_helper_member_set_integer_logged
                          |          
                          |--8.72%--sqjit_a64_helper_member_set_integer_logged
                          |          SQJitWriteLog::RecordMember
                          |          |          
                          |          |--4.62%--SQJitWriteLog::CanRelease
                          |          |          
                          |           --3.07%--SQJitWriteLog::ContainsMember<false> (inlined)
                          |          
                           --5.14%--sqjit_a64_member_store_slot (inlined)
                                     sqjit_a64_member_store_slot (inlined)
                                     |          
                                     |--2.57%--sqjit_a64_resolve_store_slot (inlined)
                                     |          |          
                                     |           --2.06%--sq_member_raw_slot (inlined)
                                     |                     SQTable::GetRawSlot (inlined)
                                     |                     SQTable::_Get (inlined)
                                     |          
                                      --2.57%--sqjit_a64_helper_member_set_integer_logged
                                                sqjit_a64_resolve_root_store_slot

    16.42%     0.00%  sqgi     [JIT] tid 627736            [.] 0x0000ffff8aec41db
            |
            ---0xffff8aec41db
               |          
                --13.34%--0xffff8aec41db
                          sqjit_a64_helper_member_set_integer_logged
                          |          
                          |--6.16%--sqjit_a64_helper_member_set_integer_logged
                          |          SQJitWriteLog::RecordMember
                          |          |          
                          |           --2.57%--SQJitWriteLog::CanRelease
                          |          
                           --5.13%--sqjit_a64_member_store_slot (inlined)
                                     sqjit_a64_member_store_slot (inlined)
                                     |          
                                     |--2.57%--sqjit_a64_helper_member_set_integer_logged
                                     |          sqjit_a64_resolve_root_store_slot
                                     |          |          
                                     |           --2.05%--SQTable::GetRawSlot (inlined)
                                     |                     SQTable::_Get (inlined)
                                     |          
                                      --2.56%--sqjit_a64_resolve_store_slot (inlined)
                                                sq_member_raw_slot (inlined)
                                                SQTable::GetRawSlot (inlined)
                                                SQTable::_Get (inlined)

    16.06%     5.09%  sqgi     sqgi                        [.] sqjit_a64_helper_member_closure_guard
            |          
            |--10.97%--sqjit_a64_helper_member_closure_guard
            |          sqjit_a64_helper_member_closure_guard
            |          sqjit_a64_borrow_member_ptr_value
            |          |          
            |           --8.91%--SQTable::GetRawSlot (inlined)
            |                     |          
            |                      --7.13%--SQTable::_Get (inlined)
            |          
             --2.05%--0xffff8aec514b
                       0xffff8aec514b
                       sqjit_a64_helper_member_closure_guard

    12.71%    12.71%  sqgi     sqgi                        [.] SQJitWriteLog::CanRelease
            |          
            |--4.62%--0xffff8aec61f7
            |          0xffff8aec61f7
            |          sqjit_a64_helper_member_set_integer_logged
            |          sqjit_a64_helper_member_set_integer_logged
            |          SQJitWriteLog::RecordMember
            |          SQJitWriteLog::CanRelease
            |          
            |--3.47%--0xffff8aec7223
            |          0xffff8aec7223
            |          sqjit_a64_helper_instance_field_set_integer_logged
            |          sqjit_a64_helper_instance_field_set_integer_logged
            |          SQJitWriteLog::RecordMember
            |          SQJitWriteLog::CanRelease
            |          
            |--2.57%--0xffff8aec41db
            |          0xffff8aec41db
            |          sqjit_a64_helper_member_set_integer_logged
            |          sqjit_a64_helper_member_set_integer_logged
            |          SQJitWriteLog::RecordMember
            |          SQJitWriteLog::CanRelease
            |          
             --2.05%--0xffff8aec5207
                       0xffff8aec5207
                       sqjit_a64_helper_member_set_reference_logged
                       sqjit_a64_helper_member_set_reference_logged
                       SQJitWriteLog::RecordMember
                       SQJitWriteLog::CanRelease

    12.08%     0.00%  sqgi     [JIT] tid 627736            [.] 0x0000ffff8aec7223
            |
            ---0xffff8aec7223
               |          
                --9.53%--0xffff8aec7223
                          sqjit_a64_helper_instance_field_set_integer_logged
                          |          
                           --5.13%--sqjit_a64_helper_instance_field_set_integer_logged
                                     SQJitWriteLog::RecordMember
                                     |          
                                      --3.47%--SQJitWriteLog::CanRelease

    10.97%    10.97%  sqgi     sqgi                        [.] sqjit_a64_borrow_member_ptr_value
            |          
            |--4.62%--0xffff8aec414f
            |          0xffff8aec414f
            |          sqjit_a64_helper_member_closure_guard
            |          sqjit_a64_helper_member_closure_guard
            |          sqjit_a64_borrow_member_ptr_value
            |          |          
            |           --2.56%--SQTable::GetRawSlot (inlined)
            |          
            |--2.56%--0xffff8aec616b
            |          0xffff8aec616b
            |          sqjit_a64_helper_member_closure_guard
            |          sqjit_a64_helper_member_closure_guard
            |          sqjit_a64_borrow_member_ptr_value
            |          SQTable::GetRawSlot (inlined)
            |          |          
            |           --2.05%--SQTable::_Get (inlined)
            |          
             --2.24%--0xffff8aec716b
                       0xffff8aec716b
                       sqjit_a64_helper_member_closure_guard
                       sqjit_a64_helper_member_closure_guard
                       sqjit_a64_borrow_member_ptr_value
                       SQTable::GetRawSlot (inlined)
                       |          
                        --2.00%--SQTable::_Get (inlined)

    10.26%     0.00%  sqgi     sqgi                        [.] sqjit_a64_member_store_slot (inlined)
            |
            ---sqjit_a64_member_store_slot (inlined)
               sqjit_a64_member_store_slot (inlined)
               |          
               |--5.13%--sqjit_a64_helper_member_set_integer_logged
               |          sqjit_a64_resolve_root_store_slot
               |          |          
               |           --3.59%--SQTable::GetRawSlot (inlined)
               |                     |          
               |                      --2.57%--SQTable::_Get (inlined)
               |          
                --5.13%--sqjit_a64_resolve_store_slot (inlined)
                          |          
                           --4.62%--sq_member_raw_slot (inlined)
                                     SQTable::GetRawSlot (inlined)
                                     SQTable::_Get (inlined)

     9.53%     4.39%  sqgi     sqgi                        [.] sqjit_a64_helper_instance_field_set_integer_logged
            |          
            |--5.13%--sqjit_a64_helper_instance_field_set_integer_logged
            |          sqjit_a64_helper_instance_field_set_integer_logged
            |          SQJitWriteLog::RecordMember
            |          |          
            |           --3.47%--SQJitWriteLog::CanRelease
            |          
             --4.39%--0xffff8aec7223
                       0xffff8aec7223
                       sqjit_a64_helper_instance_field_set_integer_logged

     8.91%     0.00%  sqgi     sqgi                        [.] SQTable::GetRawSlot (inlined)
            |
            ---SQTable::GetRawSlot (inlined)
               |          
                --7.13%--SQTable::_Get (inlined)

     8.72%     0.00%  sqgi     [JIT] tid 627736            [.] 0x0000ffff8aec514b
            |
            ---0xffff8aec514b
               |          
               |--3.59%--0xffff8aec514b
               |          sqjit_a64_helper_member_closure_guard
               |          
                --2.05%--0xffff8aec518c

     8.22%     0.00%  sqgi     sqgi                        [.] sqjit_a64_member_store_slot (inlined)
            |
            ---sqjit_a64_member_store_slot (inlined)
               sqjit_a64_member_store_slot (inlined)
               |          
                --6.68%--sqjit_a64_resolve_store_slot (inlined)
                          |          
                           --6.16%--sq_member_raw_slot (inlined)
                                     |          
                                      --5.65%--SQTable::GetRawSlot (inlined)
                                                |          
                                                 --3.08%--SQTable::_Get (inlined)

     7.34%     0.00%  sqgi     [JIT] tid 627736            [.] 0x0000ffff8aec716b
            |
            ---0xffff8aec716b
               |          
               |--3.23%--0xffff8aec716b
               |          sqjit_a64_helper_member_closure_guard
               |          |          
               |           --2.24%--sqjit_a64_helper_member_closure_guard
               |                     sqjit_a64_borrow_member_ptr_value
               |                     SQTable::GetRawSlot (inlined)
               |                     |          
               |                      --2.00%--SQTable::_Get (inlined)
               |          
                --3.08%--0xffff8aec7214

     7.18%     0.00%  sqgi     [JIT] tid 627736            [.] 0x0000ffff8aec414f
            |
            ---0xffff8aec414f
               |          
                --5.64%--0xffff8aec414f
                          sqjit_a64_helper_member_closure_guard
                          |          
                           --4.62%--sqjit_a64_helper_member_closure_guard
                                     sqjit_a64_borrow_member_ptr_value
                                     |          
                                      --2.56%--SQTable::GetRawSlot (inlined)

     7.13%     0.00%  sqgi     sqgi                        [.] SQTable::_Get (inlined)
            |
            ---SQTable::_Get (inlined)

     6.68%     0.00%  sqgi     sqgi                        [.] sqjit_a64_resolve_store_slot (inlined)
            |
            ---sqjit_a64_resolve_store_slot (inlined)
               |          
                --6.16%--sq_member_raw_slot (inlined)
                          |          
                           --5.65%--SQTable::GetRawSlot (inlined)
                                     |          
                                      --3.08%--SQTable::_Get (inlined)

     6.16%     0.00%  sqgi     sqgi                        [.] sq_member_raw_slot (inlined)
            |
            ---sq_member_raw_slot (inlined)
               |          
                --5.65%--SQTable::GetRawSlot (inlined)
                          |          
                           --3.08%--SQTable::_Get (inlined)

     6.16%     6.16%  sqgi     sqgi                        [.] sqjit_a64_resolve_root_store_slot
            |          
            |--2.57%--0xffff8aec41db
            |          0xffff8aec41db
            |          sqjit_a64_helper_member_set_integer_logged
            |          sqjit_a64_member_store_slot (inlined)
            |          sqjit_a64_member_store_slot (inlined)
            |          sqjit_a64_helper_member_set_integer_logged
            |          sqjit_a64_resolve_root_store_slot
            |          |          
            |           --2.05%--SQTable::GetRawSlot (inlined)
            |                     SQTable::_Get (inlined)
            |          
             --2.57%--0xffff8aec61f7
                       0xffff8aec61f7
                       sqjit_a64_helper_member_set_integer_logged
                       sqjit_a64_member_store_slot (inlined)
                       sqjit_a64_member_store_slot (inlined)
                       sqjit_a64_helper_member_set_integer_logged
                       sqjit_a64_resolve_root_store_slot

     5.89%     0.00%  sqgi     sqgi                        [.] SQJitWriteLog::ContainsMember<false> (inlined)
            |
            ---SQJitWriteLog::ContainsMember<false> (inlined)
               |          
                --3.84%--SQJitWriteLog::ContainsMember<false>(SQObjectPtr const&, SQObjectPtr const&, SQObjectPtr const&) const::{lambda(SQJitWriteLog::Entry const&)#1}::operator() (inlined)

     5.65%     0.00%  sqgi     sqgi                        [.] SQJitWriteLog::ContainsMember<true> (inlined)
            |
            ---SQJitWriteLog::ContainsMember<true> (inlined)

     5.65%     0.00%  sqgi     sqgi                        [.] SQTable::GetRawSlot (inlined)
            |
            ---SQTable::GetRawSlot (inlined)
               |          
                --3.08%--SQTable::_Get (inlined)

     5.13%     0.00%  sqgi     sqgi                        [.] sqjit_a64_resolve_store_slot (inlined)
            |
            ---sqjit_a64_resolve_store_slot (inlined)
               |          
                --4.62%--sq_member_raw_slot (inlined)
                          SQTable::GetRawSlot (inlined)
                          SQTable::_Get (inlined)

     4.62%     0.00%  sqgi     sqgi                        [.] SQTable::GetRawSlot (inlined)
            |
            ---SQTable::GetRawSlot (inlined)
               |          
                --3.08%--SQTable::_Get (inlined)

     4.62%     0.00%  sqgi     sqgi                        [.] sq_member_raw_slot (inlined)
            |
            ---sq_member_raw_slot (inlined)
               SQTable::GetRawSlot (inlined)
               SQTable::_Get (inlined)

     4.62%     0.00%  sqgi     sqgi                        [.] SQTable::GetRawSlot (inlined)
            |
            ---SQTable::GetRawSlot (inlined)
               SQTable::_Get (inlined)

     4.62%     0.00%  sqgi     sqgi                        [.] SQTable::_Get (inlined)
            |
            ---SQTable::_Get (inlined)

     4.61%     0.00%  sqgi     [JIT] tid 627736            [.] 0x0000ffff8aec616b
            |
            ---0xffff8aec616b
               |          
                --3.59%--0xffff8aec616b
                          sqjit_a64_helper_member_closure_guard
                          |          
                           --2.56%--sqjit_a64_helper_member_closure_guard
                                     sqjit_a64_borrow_member_ptr_value
                                     SQTable::GetRawSlot (inlined)
                                     |          
                                      --2.05%--SQTable::_Get (inlined)

     3.84%     0.00%  sqgi     sqgi                        [.] SQJitWriteLog::ContainsMember<false>(SQObjectPtr const&, SQObjectPtr const&, SQObjectPtr const&) const::{lambda(SQJitWriteLog::Entry const&)#1}::operator() (inlined)
            |
            ---SQJitWriteLog::ContainsMember<false>(SQObjectPtr const&, SQObjectPtr const&, SQObjectPtr const&) const::{lambda(SQJitWriteLog::Entry const&)#1}::operator() (inlined)

     3.08%     0.00%  sqgi     sqgi                        [.] SQTable::_Get (inlined)
            |
            ---SQTable::_Get (inlined)

     3.08%     0.00%  sqgi     sqgi                        [.] SQTable::_Get (inlined)
            |
            ---SQTable::_Get (inlined)

     3.08%     3.08%  sqgi     [JIT] tid 627736            [.] 0x0000ffff8aec7214
            |
            ---0xffff8aec716b
               0xffff8aec7214

     2.06%     2.06%  sqgi     [JIT] tid 627736            [.] 0x0000ffff8aec5280
            |
            ---0xffff8aec5207
               0xffff8aec5280

     2.05%     2.05%  sqgi     [JIT] tid 627736            [.] 0x0000ffff8aec518c
            |
            ---0xffff8aec514b
               0xffff8aec518c



#
# (Cannot load tips.txt file, please install perf!)
#
