{
  "functions": 40,
  "same_tier_fallback_candidates": [],
  "rich_layout_code_growth_bytes": [
    752
  ],
  "rows": {
    "budget_1": {
      "before_bytes": 1440,
      "after_bytes": 2192,
      "cold_probe_compares_before": 0,
      "cold_probe_compares_after": 6,
      "normalized_equal": false,
      "owning_heap_store_before": true
    },
    "budget_2": {
      "before_bytes": 2296,
      "after_bytes": 3048,
      "cold_probe_compares_before": 0,
      "cold_probe_compares_after": 6,
      "normalized_equal": false,
      "owning_heap_store_before": true
    },
    "budget_3": {
      "before_bytes": 3152,
      "after_bytes": 3904,
      "cold_probe_compares_before": 0,
      "cold_probe_compares_after": 6,
      "normalized_equal": false,
      "owning_heap_store_before": true
    },
    "budget_4": {
      "before_bytes": 4008,
      "after_bytes": 4760,
      "cold_probe_compares_before": 0,
      "cold_probe_compares_after": 6,
      "normalized_equal": false,
      "owning_heap_store_before": true
    },
    "budget_5": {
      "before_bytes": 4864,
      "after_bytes": 5616,
      "cold_probe_compares_before": 0,
      "cold_probe_compares_after": 6,
      "normalized_equal": false,
      "owning_heap_store_before": true
    },
    "budget_6": {
      "before_bytes": 5720,
      "after_bytes": 6472,
      "cold_probe_compares_before": 0,
      "cold_probe_compares_after": 6,
      "normalized_equal": false,
      "owning_heap_store_before": true
    },
    "budget_7": {
      "before_bytes": 6576,
      "after_bytes": 7328,
      "cold_probe_compares_before": 0,
      "cold_probe_compares_after": 6,
      "normalized_equal": false,
      "owning_heap_store_before": true
    },
    "budget_8": {
      "before_bytes": 7432,
      "after_bytes": 8184,
      "cold_probe_compares_before": 0,
      "cold_probe_compares_after": 6,
      "normalized_equal": false,
      "owning_heap_store_before": true
    },
    "budget_9": {
      "before_bytes": 7172,
      "after_bytes": 7172,
      "cold_probe_compares_before": 0,
      "cold_probe_compares_after": 0,
      "normalized_equal": true,
      "owning_heap_store_before": false
    },
    "budget_10": {
      "before_bytes": 7904,
      "after_bytes": 7904,
      "cold_probe_compares_before": 0,
      "cold_probe_compares_after": 0,
      "normalized_equal": true,
      "owning_heap_store_before": false
    },
    "budget_11": {
      "before_bytes": 7076,
      "after_bytes": 7076,
      "cold_probe_compares_before": 0,
      "cold_probe_compares_after": 0,
      "normalized_equal": true,
      "owning_heap_store_before": false
    },
    "budget_12": {
      "before_bytes": 7688,
      "after_bytes": 7688,
      "cold_probe_compares_before": 0,
      "cold_probe_compares_after": 0,
      "normalized_equal": true,
      "owning_heap_store_before": false
    },
    "budget_13": {
      "before_bytes": 7868,
      "after_bytes": 7868,
      "cold_probe_compares_before": 0,
      "cold_probe_compares_after": 0,
      "normalized_equal": true,
      "owning_heap_store_before": false
    },
    "budget_14": {
      "before_bytes": 6884,
      "after_bytes": 6884,
      "cold_probe_compares_before": 0,
      "cold_probe_compares_after": 0,
      "normalized_equal": true,
      "owning_heap_store_before": false
    },
    "budget_15": {
      "before_bytes": 7340,
      "after_bytes": 7340,
      "cold_probe_compares_before": 0,
      "cold_probe_compares_after": 0,
      "normalized_equal": true,
      "owning_heap_store_before": false
    },
    "budget_16": {
      "before_bytes": 7796,
      "after_bytes": 7796,
      "cold_probe_compares_before": 0,
      "cold_probe_compares_after": 0,
      "normalized_equal": true,
      "owning_heap_store_before": false
    },
    "budget_17": {
      "before_bytes": 5940,
      "after_bytes": 5940,
      "cold_probe_compares_before": 0,
      "cold_probe_compares_after": 0,
      "normalized_equal": true,
      "owning_heap_store_before": false
    },
    "budget_18": {
      "before_bytes": 6260,
      "after_bytes": 6260,
      "cold_probe_compares_before": 0,
      "cold_probe_compares_after": 0,
      "normalized_equal": true,
      "owning_heap_store_before": false
    },
    "budget_19": {
      "before_bytes": 6580,
      "after_bytes": 6580,
      "cold_probe_compares_before": 0,
      "cold_probe_compares_after": 0,
      "normalized_equal": true,
      "owning_heap_store_before": false
    },
    "budget_20": {
      "before_bytes": 6900,
      "after_bytes": 6900,
      "cold_probe_compares_before": 0,
      "cold_probe_compares_after": 0,
      "normalized_equal": true,
      "owning_heap_store_before": false
    },
    "budget_21": {
      "before_bytes": 7220,
      "after_bytes": 7220,
      "cold_probe_compares_before": 0,
      "cold_probe_compares_after": 0,
      "normalized_equal": true,
      "owning_heap_store_before": false
    },
    "budget_22": {
      "before_bytes": 7540,
      "after_bytes": 7540,
      "cold_probe_compares_before": 0,
      "cold_probe_compares_after": 0,
      "normalized_equal": true,
      "owning_heap_store_before": false
    },
    "budget_23": {
      "before_bytes": 7860,
      "after_bytes": 7860,
      "cold_probe_compares_before": 0,
      "cold_probe_compares_after": 0,
      "normalized_equal": true,
      "owning_heap_store_before": false
    },
    "budget_24": {
      "before_bytes": 8180,
      "after_bytes": 8180,
      "cold_probe_compares_before": 0,
      "cold_probe_compares_after": 0,
      "normalized_equal": true,
      "owning_heap_store_before": false
    },
    "budget_25": {
      "before_bytes": 4376,
      "after_bytes": 4376,
      "cold_probe_compares_before": 0,
      "cold_probe_compares_after": 0,
      "normalized_equal": true,
      "owning_heap_store_before": false
    },
    "budget_26": {
      "before_bytes": 4536,
      "after_bytes": 4536,
      "cold_probe_compares_before": 0,
      "cold_probe_compares_after": 0,
      "normalized_equal": true,
      "owning_heap_store_before": false
    },
    "budget_27": {
      "before_bytes": 4696,
      "after_bytes": 4696,
      "cold_probe_compares_before": 0,
      "cold_probe_compares_after": 0,
      "normalized_equal": true,
      "owning_heap_store_before": false
    },
    "budget_28": {
      "before_bytes": 4856,
      "after_bytes": 4856,
      "cold_probe_compares_before": 0,
      "cold_probe_compares_after": 0,
      "normalized_equal": true,
      "owning_heap_store_before": false
    },
    "budget_29": {
      "before_bytes": 5016,
      "after_bytes": 5016,
      "cold_probe_compares_before": 0,
      "cold_probe_compares_after": 0,
      "normalized_equal": true,
      "owning_heap_store_before": false
    },
    "budget_30": {
      "before_bytes": 5176,
      "after_bytes": 5176,
      "cold_probe_compares_before": 0,
      "cold_probe_compares_after": 0,
      "normalized_equal": true,
      "owning_heap_store_before": false
    },
    "budget_31": {
      "before_bytes": 5336,
      "after_bytes": 5336,
      "cold_probe_compares_before": 0,
      "cold_probe_compares_after": 0,
      "normalized_equal": true,
      "owning_heap_store_before": false
    },
    "budget_32": {
      "before_bytes": 5496,
      "after_bytes": 5496,
      "cold_probe_compares_before": 0,
      "cold_probe_compares_after": 0,
      "normalized_equal": true,
      "owning_heap_store_before": false
    },
    "budget_33": {
      "before_bytes": 5656,
      "after_bytes": 5656,
      "cold_probe_compares_before": 0,
      "cold_probe_compares_after": 0,
      "normalized_equal": true,
      "owning_heap_store_before": false
    },
    "budget_34": {
      "before_bytes": 5816,
      "after_bytes": 5816,
      "cold_probe_compares_before": 0,
      "cold_probe_compares_after": 0,
      "normalized_equal": true,
      "owning_heap_store_before": false
    },
    "budget_35": {
      "before_bytes": 5976,
      "after_bytes": 5976,
      "cold_probe_compares_before": 0,
      "cold_probe_compares_after": 0,
      "normalized_equal": true,
      "owning_heap_store_before": false
    },
    "budget_36": {
      "before_bytes": 6136,
      "after_bytes": 6136,
      "cold_probe_compares_before": 0,
      "cold_probe_compares_after": 0,
      "normalized_equal": true,
      "owning_heap_store_before": false
    },
    "budget_37": {
      "before_bytes": 6296,
      "after_bytes": 6296,
      "cold_probe_compares_before": 0,
      "cold_probe_compares_after": 0,
      "normalized_equal": true,
      "owning_heap_store_before": false
    },
    "budget_38": {
      "before_bytes": 6456,
      "after_bytes": 6456,
      "cold_probe_compares_before": 0,
      "cold_probe_compares_after": 0,
      "normalized_equal": true,
      "owning_heap_store_before": false
    },
    "budget_39": {
      "before_bytes": 6616,
      "after_bytes": 6616,
      "cold_probe_compares_before": 0,
      "cold_probe_compares_after": 0,
      "normalized_equal": true,
      "owning_heap_store_before": false
    },
    "budget_40": {
      "before_bytes": 6776,
      "after_bytes": 6776,
      "cold_probe_compares_before": 0,
      "cold_probe_compares_after": 0,
      "normalized_equal": true,
      "owning_heap_store_before": false
    }
  }
}
