Temporary breakpoint 1 at 0xe574
[Thread debugging using libthread_db enabled]
Using host libthread_db library "/lib/aarch64-linux-gnu/libthread_db.so.1".

Temporary breakpoint 1, 0x0000aaaaaaaae574 in main ()
SQGI interactive console (Squirrel 320)
Type 'quit()' to exit.
>> [sqjit:stats] proto enters=1 hot=1 compile=1 success=0 fail=1
[sqjit:stats] proto exec attempts=1 success=0 guard_fail=0
[sqjit:stats] proto side_exits=0
[sqjit:stats] direct calls attempts=0 success=0 miss=0 guard_fail=0
[sqjit:stats] loops try=0 find_fail=0 compile=0 success=0 fail=0 exec=0 exec_success=0 guard_fail=0
[sqjit:stats] rejects=1 unique_reasons=1
[sqjit:stats] backoff proto=0 proto_skips=0 loop=0 loop_skips=0
[sqjit:stats] reject category count=1 category=other
[sqjit:stats] reject reason count=1 reason=unsupported function shape or instruction limit
[sqjit:stats] reject_site rank=1 proto=(nil) name=main source=<sqgi async bootstrap> line=-1 ip=-1 count=1 reason=unsupported function shape or instruction limit
[Inferior 1 (process 653525) exited normally]
Python Exception <class 'AssertionError'>: Counter()
/tmp/sqgi-transactional-float-copies-study/route/control-entry.gdb:49: Error in sourced command file:
Error occurred in Python: Counter()
