# To display the perf.data header info, please use --header/--header-only options.
#
#
# Total Lost Samples: 0
#
# Samples: 550  of event 'cycles:u'
# Event count (approx.): 2392538052
#
# Children      Self  Command  Shared Object          Symbol                                                                                                                                                         
# ........  ........  .......  .....................  ...............................................................................................................................................................
#
    32.80%     0.00%  sqgi     sqgi                   [.] _start
            |
            ---_start
               __libc_start_main_impl (inlined)
               __libc_start_call_main
               main
               |          
                --32.61%--sq_call
                          SQVM::Execute
                          |          
                          |--5.53%--SQVM::Get
                          |          |          
                          |           --3.81%--SQTable::Get
                          |                     |          
                          |                      --2.10%--SQTable::_Get (inlined)
                          |          
                          |--5.14%--SQVM::DerefInc
                          |          |          
                          |           --2.10%--SQVM::Set
                          |          
                           --2.10%--SQObjectPtr::operator= (inlined)

    32.80%     0.00%  sqgi     libc.so.6              [.] __libc_start_main_impl (inlined)
            |
            ---__libc_start_main_impl (inlined)
               __libc_start_call_main
               main
               |          
                --32.61%--sq_call
                          SQVM::Execute
                          |          
                          |--5.53%--SQVM::Get
                          |          |          
                          |           --3.81%--SQTable::Get
                          |                     |          
                          |                      --2.10%--SQTable::_Get (inlined)
                          |          
                          |--5.14%--SQVM::DerefInc
                          |          |          
                          |           --2.10%--SQVM::Set
                          |          
                           --2.10%--SQObjectPtr::operator= (inlined)

    32.80%     0.00%  sqgi     libc.so.6              [.] __libc_start_call_main
            |
            ---__libc_start_call_main
               main
               |          
                --32.61%--sq_call
                          SQVM::Execute
                          |          
                          |--5.53%--SQVM::Get
                          |          |          
                          |           --3.81%--SQTable::Get
                          |                     |          
                          |                      --2.10%--SQTable::_Get (inlined)
                          |          
                          |--5.14%--SQVM::DerefInc
                          |          |          
                          |           --2.10%--SQVM::Set
                          |          
                           --2.10%--SQObjectPtr::operator= (inlined)

    32.80%     0.00%  sqgi     sqgi                   [.] main
            |
            ---main
               |          
                --32.61%--sq_call
                          SQVM::Execute
                          |          
                          |--5.53%--SQVM::Get
                          |          |          
                          |           --3.81%--SQTable::Get
                          |                     |          
                          |                      --2.10%--SQTable::_Get (inlined)
                          |          
                          |--5.14%--SQVM::DerefInc
                          |          |          
                          |           --2.10%--SQVM::Set
                          |          
                           --2.10%--SQObjectPtr::operator= (inlined)

    32.61%     0.00%  sqgi     sqgi                   [.] sq_call
            |
            ---sq_call
               SQVM::Execute
               |          
               |--5.53%--SQVM::Get
               |          |          
               |           --3.81%--SQTable::Get
               |                     |          
               |                      --2.10%--SQTable::_Get (inlined)
               |          
               |--5.14%--SQVM::DerefInc
               |          |          
               |           --2.10%--SQVM::Set
               |          
                --2.10%--SQObjectPtr::operator= (inlined)

    32.61%    17.18%  sqgi     sqgi                   [.] SQVM::Execute
            |          
            |--17.18%--_start
            |          __libc_start_main_impl (inlined)
            |          __libc_start_call_main
            |          main
            |          sq_call
            |          SQVM::Execute
            |          
             --15.43%--SQVM::Execute
                       |          
                       |--5.53%--SQVM::Get
                       |          |          
                       |           --3.81%--SQTable::Get
                       |                     |          
                       |                      --2.10%--SQTable::_Get (inlined)
                       |          
                        --5.14%--SQVM::DerefInc
                                  |          
                                   --2.10%--SQVM::Set

    22.00%     4.85%  sqgi     sqgi                   [.] sqjit_a64_helper_member_set_integer_logged
            |          
            |--17.15%--sqjit_a64_helper_member_set_integer_logged
            |          sqjit_a64_helper_member_set_integer_logged
            |          SQJitWriteLog::RecordMember
            |          |          
            |          |--12.98%--SQJitWriteLog::ContainsMember<false> (inlined)
            |          |          |          
            |          |           --7.78%--SQJitWriteLog::ContainsMember<false>(SQObjectPtr const&, SQObjectPtr const&, SQObjectPtr const&) const::{lambda(SQJitWriteLog::Entry const&)#1}::operator() (inlined)
            |          |          
            |           --2.46%--SQJitWriteLog::CanRelease
            |          
             --3.02%--0xffff7fd844d3
                       0xffff7fd844d3
                       sqjit_a64_helper_member_set_integer_logged

    17.15%    14.30%  sqgi     sqgi                   [.] SQJitWriteLog::RecordMember
            |          
            |--7.27%--0xffff7fd844d3
            |          0xffff7fd844d3
            |          sqjit_a64_helper_member_set_integer_logged
            |          sqjit_a64_helper_member_set_integer_logged
            |          SQJitWriteLog::RecordMember
            |          |          
            |           --6.32%--SQJitWriteLog::ContainsMember<false> (inlined)
            |                     |          
            |                      --3.89%--SQJitWriteLog::ContainsMember<false>(SQObjectPtr const&, SQObjectPtr const&, SQObjectPtr const&) const::{lambda(SQJitWriteLog::Entry const&)#1}::operator() (inlined)
            |          
            |--7.03%--0xffff7fd843c3
            |          0xffff7fd843c3
            |          sqjit_a64_helper_member_set_integer_logged
            |          sqjit_a64_helper_member_set_integer_logged
            |          SQJitWriteLog::RecordMember
            |          |          
            |           --6.47%--SQJitWriteLog::ContainsMember<false> (inlined)
            |                     |          
            |                      --3.89%--SQJitWriteLog::ContainsMember<false>(SQObjectPtr const&, SQObjectPtr const&, SQObjectPtr const&) const::{lambda(SQJitWriteLog::Entry const&)#1}::operator() (inlined)
            |          
             --2.84%--SQJitWriteLog::RecordMember
                       |          
                        --2.46%--SQJitWriteLog::CanRelease

    16.87%     0.00%  sqgi     [JIT] tid 686286       [.] 0x0000ffff7fd844d3
            |
            ---0xffff7fd844d3
               |          
                --11.43%--0xffff7fd844d3
                          sqjit_a64_helper_member_set_integer_logged
                          |          
                           --8.60%--sqjit_a64_helper_member_set_integer_logged
                                     |          
                                      --8.41%--SQJitWriteLog::RecordMember
                                                |          
                                                 --6.51%--SQJitWriteLog::ContainsMember<false> (inlined)
                                                           |          
                                                            --3.89%--SQJitWriteLog::ContainsMember<false>(SQObjectPtr const&, SQObjectPtr const&, SQObjectPtr const&) const::{lambda(SQJitWriteLog::Entry const&)#1}::operator() (inlined)

    13.00%     0.00%  sqgi     [JIT] tid 686286       [.] 0x0000ffff7fd843c3
            |
            ---0xffff7fd843c3
               |          
                --10.57%--0xffff7fd843c3
                          sqjit_a64_helper_member_set_integer_logged
                          |          
                           --8.92%--sqjit_a64_helper_member_set_integer_logged
                                     |          
                                      --8.73%--SQJitWriteLog::RecordMember
                                                |          
                                                 --6.47%--SQJitWriteLog::ContainsMember<false> (inlined)
                                                           |          
                                                            --3.89%--SQJitWriteLog::ContainsMember<false>(SQObjectPtr const&, SQObjectPtr const&, SQObjectPtr const&) const::{lambda(SQJitWriteLog::Entry const&)#1}::operator() (inlined)

    12.98%     0.00%  sqgi     sqgi                   [.] SQJitWriteLog::ContainsMember<false> (inlined)
            |
            ---SQJitWriteLog::ContainsMember<false> (inlined)
               |          
                --7.78%--SQJitWriteLog::ContainsMember<false>(SQObjectPtr const&, SQObjectPtr const&, SQObjectPtr const&) const::{lambda(SQJitWriteLog::Entry const&)#1}::operator() (inlined)

    12.22%     0.00%  sqgi     [JIT] tid 686286       [.] 0x0000ffff7fd8718b
            |
            ---0xffff7fd8718b
               |          
                --5.41%--0xffff7fd8718b
                          sqjit_a64_helper_member_closure_guard
                          |          
                           --3.21%--sqjit_a64_helper_member_closure_guard
                                     sqjit_a64_root_fallback_safe
                                     |          
                                      --2.08%--SQTable::GetRawSlot (inlined)

    10.46%     0.00%  sqgi     [JIT] tid 686286       [.] 0x0000ffff7fd841b3
            |
            ---0xffff7fd841b3
               |          
                --5.06%--0xffff7fd841b3
                          sqjit_a64_helper_array_get_object
                          |          
                           --2.63%--SQObjectPtr::operator= (inlined)

     9.80%     0.76%  sqgi     sqgi                   [.] sqjit_a64_helper_member_closure_guard
            |          
             --9.04%--sqjit_a64_helper_member_closure_guard
                       |          
                       |--5.49%--sqjit_a64_helper_member_closure_guard
                       |          sqjit_a64_root_fallback_safe
                       |          |          
                       |           --3.42%--SQTable::GetRawSlot (inlined)
                       |                     |          
                       |                      --2.85%--SQTable::_Get (inlined)
                       |          
                        --3.55%--sqjit_a64_borrow_member_value_with_root (inlined)
                                  |          
                                   --2.98%--sqjit_a64_helper_member_closure_guard
                                             sqjit_a64_borrow_member_ptr_value
                                             |          
                                              --2.23%--SQTable::GetRawSlot (inlined)

     7.78%     0.00%  sqgi     sqgi                   [.] SQJitWriteLog::ContainsMember<false>(SQObjectPtr const&, SQObjectPtr const&, SQObjectPtr const&) const::{lambda(SQJitWriteLog::Entry const&)#1}::operator() (inlined)
            |
            ---SQJitWriteLog::ContainsMember<false>(SQObjectPtr const&, SQObjectPtr const&, SQObjectPtr const&) const::{lambda(SQJitWriteLog::Entry const&)#1}::operator() (inlined)

     7.25%     1.14%  sqgi     sqgi                   [.] SQVM::Get
            |          
             --6.10%--SQVM::Get
                       |          
                        --5.15%--SQTable::Get
                                  |          
                                   --2.67%--SQTable::_Get (inlined)

     6.48%     0.00%  sqgi     [JIT] tid 686286       [.] 0x0000ffff7fd851af
            |
            ---0xffff7fd851af

     6.48%     0.00%  sqgi     [JIT] tid 686286       [.] 0x0000ffff7fd86213
            |
            ---0xffff7fd86213
               |          
                --3.05%--0xffff7fd86213
                          sqjit_a64_helper_member_closure_guard

     5.49%     5.49%  sqgi     sqgi                   [.] sqjit_a64_root_fallback_safe
            |          
             --3.21%--0xffff7fd8718b
                       0xffff7fd8718b
                       sqjit_a64_helper_member_closure_guard
                       sqjit_a64_helper_member_closure_guard
                       sqjit_a64_root_fallback_safe
                       |          
                        --2.08%--SQTable::GetRawSlot (inlined)

     5.15%     4.77%  sqgi     sqgi                   [.] SQTable::Get
            |          
             --4.77%--_start
                       __libc_start_main_impl (inlined)
                       __libc_start_call_main
                       main
                       sq_call
                       SQVM::Execute
                       |          
                        --3.62%--SQVM::Get
                                  SQTable::Get

     5.14%     0.76%  sqgi     sqgi                   [.] SQVM::DerefInc
            |          
             --4.38%--SQVM::DerefInc
                       |          
                        --2.10%--SQVM::Set

     5.06%     5.06%  sqgi     sqgi                   [.] sqjit_a64_helper_array_get_object
            |
            ---0xffff7fd841b3
               0xffff7fd841b3
               sqjit_a64_helper_array_get_object
               |          
                --2.63%--SQObjectPtr::operator= (inlined)

     3.74%     0.00%  sqgi     sqgi                   [.] sqjit_a64_borrow_member_value_with_root (inlined)
            |
            ---sqjit_a64_borrow_member_value_with_root (inlined)
               |          
                --2.98%--sqjit_a64_helper_member_closure_guard
                          sqjit_a64_borrow_member_ptr_value
                          |          
                           --2.23%--SQTable::GetRawSlot (inlined)

     3.55%     3.55%  sqgi     sqgi                   [.] sqjit_a64_borrow_member_ptr_value
     3.42%     0.00%  sqgi     sqgi                   [.] SQTable::GetRawSlot (inlined)
            |
            ---SQTable::GetRawSlot (inlined)
               |          
                --2.85%--SQTable::_Get (inlined)

     2.85%     0.00%  sqgi     sqgi                   [.] SQTable::_Get (inlined)
            |
            ---SQTable::_Get (inlined)

     2.67%     0.00%  sqgi     sqgi                   [.] SQTable::_Get (inlined)
            |
            ---SQTable::_Get (inlined)

     2.63%     0.00%  sqgi     sqgi                   [.] SQObjectPtr::operator= (inlined)
            |
            ---SQObjectPtr::operator= (inlined)

     2.46%     2.46%  sqgi     sqgi                   [.] SQJitWriteLog::CanRelease
     2.42%     0.00%  sqgi     sqgi                   [.] sqjit_a64_member_store_slot (inlined)
            |
            ---sqjit_a64_member_store_slot (inlined)
               |          
                --2.04%--sqjit_a64_member_store_slot (inlined)
                          sqjit_a64_resolve_store_slot (inlined)
                          sq_member_raw_slot (inlined)
                          sq_member_raw_slot (inlined)
                          SQTable::GetRawSlot (inlined)

     2.23%     0.00%  sqgi     sqgi                   [.] SQTable::GetRawSlot (inlined)
            |
            ---SQTable::GetRawSlot (inlined)

     2.10%     0.00%  sqgi     sqgi                   [.] SQObjectPtr::operator= (inlined)
            |
            ---SQObjectPtr::operator= (inlined)

     2.10%     0.95%  sqgi     sqgi                   [.] SQVM::Set
     2.04%     0.00%  sqgi     sqgi                   [.] sqjit_a64_resolve_store_slot (inlined)
            |
            ---sqjit_a64_resolve_store_slot (inlined)
               sq_member_raw_slot (inlined)
               sq_member_raw_slot (inlined)
               SQTable::GetRawSlot (inlined)

     2.04%     0.00%  sqgi     sqgi                   [.] sq_member_raw_slot (inlined)
            |
            ---sq_member_raw_slot (inlined)
               sq_member_raw_slot (inlined)
               SQTable::GetRawSlot (inlined)

     2.04%     0.00%  sqgi     sqgi                   [.] SQTable::GetRawSlot (inlined)
            |
            ---SQTable::GetRawSlot (inlined)



#
# (Cannot load tips.txt file, please install perf!)
#
