BENCH	route_balanced	200000	0.053610000	300346
BENCH	route_skewed	200000	0.052680000	122121
BENCH	pricing_events	200000	0.058030000	636940
BENCH	filter_stream	200000	0.056020000	10704.521037291815
BENCH	records_64	200000	0.137770000	599323
BENCH	records_4096	200000	0.229575000	385702
BENCH	word_count	200000	0.266730000	116910
BENCH	graph_walk	200000	0.012380000	386354
BENCH	route_balanced	200000	0.053295000	300346
BENCH	route_skewed	200000	0.052600000	122121
BENCH	pricing_events	200000	0.057605000	636940
BENCH	filter_stream	200000	0.056115000	10704.521037291815
BENCH	records_64	200000	0.139615000	599323
BENCH	records_4096	200000	0.229060000	385702
BENCH	word_count	200000	0.266160000	116910
BENCH	graph_walk	200000	0.012250000	386354
BENCH	route_balanced	200000	0.053495000	300346
BENCH	route_skewed	200000	0.051985000	122121
BENCH	pricing_events	200000	0.057695000	636940
BENCH	filter_stream	200000	0.056100000	10704.521037291815
BENCH	records_64	200000	0.134410000	599323
BENCH	records_4096	200000	0.234170000	385702
BENCH	word_count	200000	0.267880000	116910
BENCH	graph_walk	200000	0.012255000	386354
1085.37;msec;task-clock:u;0.43%;1085370828;100.00;1.002;CPUs utilized
2417457925;;cycles:u;0.45%;1085502077;100.00;2.243;GHz
5980631354;;instructions:u;0.11%;1085502077;100.00;2.50;insn per cycle
5302991;;branch-misses:u;1.74%;1085502077;100.00;;
2235311231;;cache-references:u;0.09%;1085502077;100.00;2.074;G/sec
17391295;;cache-misses:u;1.63%;1085502077;100.00;0.777;of all cache refs
3866;;page-faults:u;0.02%;1085370828;100.00;3.587;K/sec
0;;context-switches:u;0.00%;1085370828;100.00;0.000;/sec
