JIT_CAPTURE_BREAKPOINT -1
[Thread debugging using libthread_db enabled]
Using host libthread_db library "/lib/aarch64-linux-gnu/libthread_db.so.1".
JIT_CAPTURE recycle frame 0xfffff7f84000 8192
BENCH	table_owners_1	1003	1.699900299	615764.25
BENCH	table_owners_2	1003	1.734795613	616780.25
BENCH	table_owners_5	1003	1.659022931	613838.25
BENCH	table_owners_19	1003	1.567298106	618610.25
BENCH	table_owners_257	1003	1.855433699	749599.25
BENCH	class_owners_1	1003	6.284147557	615764.25
BENCH	class_owners_2	1003	1.695912263	616780.25
BENCH	class_owners_5	1003	1.295114656	613838.25
BENCH	class_owners_19	1003	1.273180459	618610.25
BENCH	class_owners_257	1003	1.176470588	749599.25
[Inferior 1 (process 683062) exited normally]
[Thread debugging using libthread_db enabled]
Using host libthread_db library "/lib/aarch64-linux-gnu/libthread_db.so.1".
JIT_CAPTURE transfer frame 0xfffff7f85000 4096
JIT_CAPTURE publish frame 0xfffff7f84000 4096
BENCH	transfer_table	1003	1135.868394816	121851
BENCH	transfer_class	1003	1203.151545364	121851
BENCH	transfer_mixed	1003	1210.083748754	121851
BENCH	publish_table	1003	1311.752741775	133577
BENCH	publish_class	1003	1182.779661017	133577
BENCH	publish_mixed	1003	1297.103688933	133577
[Inferior 1 (process 683064) exited normally]
[Thread debugging using libthread_db enabled]
Using host libthread_db library "/lib/aarch64-linux-gnu/libthread_db.so.1".
JIT_CAPTURE table_apply frame 0xfffff7f85000 4096
JIT_CAPTURE apply frame 0xfffff7f84000 4096
BENCH	table_events_97	1003	1223.429710867	140378
BENCH	class_events_97	1003	1204.702891326	140378
BENCH	buffers_7	1003	2.580259222	944693
BENCH	buffers_31	1003	1.932203390	861874
BENCH	calibrate_17	1003	1.710867398	5140.09375
BENCH	calibrate_67	1003	1.703888335	5049
[Inferior 1 (process 683128) exited normally]
JIT_CAPTURE_VERIFIED five canonical-frame functions
