# To display the perf.data header info, please use --header/--header-only options.
#
#
# Total Lost Samples: 0
#
# Samples: 186  of event 'cycles:u'
# Event count (approx.): 746636997
#
# Children      Self  Command  Shared Object                 Symbol                                                                                                    
# ........  ........  .......  ............................  ..........................................................................................................
#
    40.38%     0.00%  sqgi     [JIT] tid 686433              [.] 0x0000ffffa6c43b97
            |
            ---0xffffa6c43b97
               |          
               |--6.73%--0xffffa6c434e8
               |          
               |--6.12%--0xffffa6c43414
               |          
               |--4.89%--0xffffa6c435bc
               |          
               |--3.67%--0xffffa6c43764
               |          
               |--3.06%--0xffffa6c43838
               |          
                --2.44%--0xffffa6c4390c

    15.09%     0.00%  sqgi     [JIT] tid 686433              [.] 0x0000ffffa6c4470b
            |
            ---0xffffa6c4470b

    10.38%     0.00%  sqgi     [JIT] tid 686433              [.] 0x0000ffffa6a3e53b
            |
            ---0xffffa6a3e53b
               |          
               |--5.50%--0xffffa6a3e198
               |          
                --3.05%--0xffffa6a3e1ec

     9.16%     0.00%  sqgi     [JIT] tid 686433              [.] 0x0000ffffa6a3f47f
            |
            ---0xffffa6a3f47f
               |          
                --3.67%--0xffffa6a3f1e4

     8.55%     0.00%  sqgi     [JIT] tid 686433              [.] 0x0000ffffa6a3c207
            |
            ---0xffffa6a3c207
               |          
                --5.49%--0xffffa6a3c164

     6.73%     6.73%  sqgi     [JIT] tid 686433              [.] 0x0000ffffa6c434e8
            |
            ---0xffffa6c43b97
               0xffffa6c434e8

     6.71%     0.00%  sqgi     [JIT] tid 686433              [.] 0x0000ffffa6a3d407
            |
            ---0xffffa6a3d407
               |          
                --2.44%--0xffffa6a3d2a0

     6.12%     6.12%  sqgi     [JIT] tid 686433              [.] 0x0000ffffa6c43414
            |
            ---0xffffa6c43b97
               0xffffa6c43414

     5.67%     0.00%  sqgi     [JIT] tid 686433              [.] 0x0000ffffa6c45347
            |
            ---0xffffa6c45347
               |          
                --5.25%--0xffffa6c45164

     5.50%     5.50%  sqgi     [JIT] tid 686433              [.] 0x0000ffffa6a3e198
            |
            ---0xffffa6a3e53b
               0xffffa6a3e198

     5.49%     5.49%  sqgi     [JIT] tid 686433              [.] 0x0000ffffa6a3c164
            |
            ---0xffffa6a3c207
               0xffffa6a3c164

     5.25%     5.25%  sqgi     [JIT] tid 686433              [.] 0x0000ffffa6c45164
            |
            ---0xffffa6c45347
               0xffffa6c45164

     4.89%     4.89%  sqgi     [JIT] tid 686433              [.] 0x0000ffffa6c435bc
            |
            ---0xffffa6c43b97
               0xffffa6c435bc

     3.67%     3.67%  sqgi     [JIT] tid 686433              [.] 0x0000ffffa6c43764
            |
            ---0xffffa6c43b97
               0xffffa6c43764

     3.67%     3.67%  sqgi     [JIT] tid 686433              [.] 0x0000ffffa6a3f1e4
            |
            ---0xffffa6a3f47f
               0xffffa6a3f1e4

     3.06%     3.06%  sqgi     [JIT] tid 686433              [.] 0x0000ffffa6c43838
            |
            ---0xffffa6c43b97
               0xffffa6c43838

     3.05%     3.05%  sqgi     [JIT] tid 686433              [.] 0x0000ffffa6a3e1ec
            |
            ---0xffffa6a3e53b
               0xffffa6a3e1ec

     2.44%     2.44%  sqgi     [JIT] tid 686433              [.] 0x0000ffffa6a3d2a0
            |
            ---0xffffa6a3d407
               0xffffa6a3d2a0

     2.44%     2.44%  sqgi     [JIT] tid 686433              [.] 0x0000ffffa6c4390c
            |
            ---0xffffa6c43b97
               0xffffa6c4390c



#
# (Cannot load tips.txt file, please install perf!)
#
