BENCH	filter	200000	0.013500000	10.254364576940203
BENCH	channels_4	200000	0.035110000	20.621658757381574
BENCH	pressure_8	200000	0.093775000	30.900920683591639
BENCH	integration	200000	0.022560000	1562.9738403896752
BENCH	retained_input	200000	0.024335000	399985.55383443867
BENCH	branching	200000	0.018000000	1.6005902475563216
BENCH	helper_control	200000	0.019340000	3.7152600782050693
BENCH	filter	200000	0.013485000	10.254364576940203
BENCH	channels_4	200000	0.035265000	20.621658757381574
BENCH	pressure_8	200000	0.093795000	30.900920683591639
BENCH	integration	200000	0.022575000	1562.9738403896752
BENCH	retained_input	200000	0.024445000	399985.55383443867
BENCH	branching	200000	0.018065000	1.6005902475563216
BENCH	helper_control	200000	0.019315000	3.7152600782050693
BENCH	filter	200000	0.013380000	10.254364576940203
BENCH	channels_4	200000	0.035160000	20.621658757381574
BENCH	pressure_8	200000	0.093660000	30.900920683591639
BENCH	integration	200000	0.022545000	1562.9738403896752
BENCH	retained_input	200000	0.024335000	399985.55383443867
BENCH	branching	200000	0.017920000	1.6005902475563216
BENCH	helper_control	200000	0.019310000	3.7152600782050693
337.79;msec;task-clock:u;0.57%;337787912;100.00;0.974;CPUs utilized
747446759;;cycles:u;0.07%;337833707;100.00;2.188;GHz
1233341688;;instructions:u;0.00%;337833707;100.00;1.65;insn per cycle
156040;;branch-misses:u;0.83%;337833707;100.00;;
331611761;;cache-references:u;0.00%;337833707;100.00;970.734;M/sec
240703;;cache-misses:u;0.88%;337833707;100.00;0.073;of all cache refs
790;;page-faults:u;0.11%;337787912;100.00;2.313;K/sec
0;;context-switches:u;0.00%;337787912;100.00;0.000;/sec
