BENCH	direct_call	3200000	0.025665	563347
BENCH	branch_call	3200000	0.021338	599062
BENCH	float_call	3200000	0.012428	8.2204724409448815
BENCH	numeric_loop	3200000	0.022814	612398470
BENCH	vector	160000	0.365381	0.12553851953971693
BENCH	dynamic_member	160000	0.725031	7261462
BENCH	dynamic_key_get_set	160000	0.182675	6566091
BENCH	object_member_write_fallback	160000	0.472813	595919
BENCH	array_append	160000	0.125894	3048687
BENCH	array_write	160000	0.036831	831988
BENCH	array_read	3200000	0.007153	8000000
BENCH	array_float	3200000	0.006851	6400000
BENCH	math_intrinsic	160000	0.111350	2418270.8295144332
BENCH	math_variable	160000	0.227094	313782.39947747899
BENCH	matrix	160000	0.310294	-0.024510798820940455
BENCH	direct_call	3200000	0.025677	563347
BENCH	branch_call	3200000	0.021428	599062
BENCH	float_call	3200000	0.012459	8.2204724409448815
BENCH	numeric_loop	3200000	0.022934	612398470
BENCH	vector	160000	0.364294	0.12553851953971693
BENCH	dynamic_member	160000	0.724463	7261462
BENCH	dynamic_key_get_set	160000	0.182756	6566091
BENCH	object_member_write_fallback	160000	0.473187	595919
BENCH	array_append	160000	0.127919	3048687
BENCH	array_write	160000	0.037506	831988
BENCH	array_read	3200000	0.007095	8000000
BENCH	array_float	3200000	0.006812	6400000
BENCH	math_intrinsic	160000	0.110687	2418270.8295144332
BENCH	math_variable	160000	0.226387	313782.39947747899
BENCH	matrix	160000	0.309013	-0.024510798820940455
BENCH	direct_call	3200000	0.025662	563347
BENCH	branch_call	3200000	0.021280	599062
BENCH	float_call	3200000	0.012479	8.2204724409448815
BENCH	numeric_loop	3200000	0.022848	612398470
BENCH	vector	160000	0.377150	0.12553851953971693
BENCH	dynamic_member	160000	0.724156	7261462
BENCH	dynamic_key_get_set	160000	0.182594	6566091
BENCH	object_member_write_fallback	160000	0.472506	595919
BENCH	array_append	160000	0.125238	3048687
BENCH	array_write	160000	0.036725	831988
BENCH	array_read	3200000	0.007074	8000000
BENCH	array_float	3200000	0.006764	6400000
BENCH	math_intrinsic	160000	0.110850	2418270.8295144332
BENCH	math_variable	160000	0.226819	313782.39947747899
BENCH	matrix	160000	0.309450	-0.024510798820940455
4314.90;msec;task-clock:u;0.12%;4314902448;100.00;0.998;CPUs utilized
9757871234;;cycles:u;0.07%;4315320673;100.00;2.262;GHz
22018475299;;instructions:u;0.00%;4315320673;100.00;2.26;insn per cycle
3366779;;branch-misses:u;3.23%;4315320673;100.00;;
8949481361;;cache-references:u;0.15%;4315320673;100.00;2.074;G/sec
1216785;;cache-misses:u;0.97%;4315320673;100.00;0.014;of all cache refs
10513;;page-faults:u;0.01%;4314902448;100.00;2.437;K/sec
0;;context-switches:u;0.00%;4314902448;100.00;0.000;/sec
