# To display the perf.data header info, please use --header/--header-only options.
#
#
# Total Lost Samples: 0
#
# Samples: 2K of event 'cycles:u'
# Event count (approx.): 9801633187
#
# Children      Self  Command  Shared Object            Symbol                                           
# ........  ........  .......  .......................  .................................................
#
    28.55%     0.00%  sqgi     sqgi                     [.] _start
            |
            ---_start
               __libc_start_main_impl (inlined)
               __libc_start_call_main
               main
               |          
                --28.48%--sq_call
                          SQVM::Execute

    28.55%     0.00%  sqgi     libc.so.6                [.] __libc_start_main_impl (inlined)
            |
            ---__libc_start_main_impl (inlined)
               __libc_start_call_main
               main
               |          
                --28.48%--sq_call
                          SQVM::Execute

    28.55%     0.00%  sqgi     libc.so.6                [.] __libc_start_call_main
            |
            ---__libc_start_call_main
               main
               |          
                --28.48%--sq_call
                          SQVM::Execute

    28.55%     0.00%  sqgi     sqgi                     [.] main
            |
            ---main
               |          
                --28.48%--sq_call
                          SQVM::Execute

    28.48%    23.43%  sqgi     sqgi                     [.] SQVM::Execute
            |          
            |--23.43%--_start
            |          __libc_start_main_impl (inlined)
            |          __libc_start_call_main
            |          main
            |          sq_call
            |          SQVM::Execute
            |          
             --5.05%--SQVM::Execute

    28.48%     0.00%  sqgi     sqgi                     [.] sq_call
            |
            ---sq_call
               SQVM::Execute

    11.49%     0.00%  sqgi     [JIT] tid 686160         [.] 0x0000ffff9fb273af
            |
            ---0xffff9fb273af
               |          
                --9.77%--0xffff9fb27164

     9.77%     9.77%  sqgi     [JIT] tid 686160         [.] 0x0000ffff9fb27164
            |
            ---0xffff9fb273af
               0xffff9fb27164

     9.60%     0.00%  sqgi     [JIT] tid 686160         [.] 0x0000ffff9fb263db
            |
            ---0xffff9fb263db
               |          
                --6.34%--0xffff9fb26164

     8.53%     0.00%  sqgi     [JIT] tid 686160         [.] 0x0000ffff9fb24043
            |
            ---0xffff9fb24043
               |          
                --2.75%--0xffff9fb24230

     7.08%     0.00%  sqgi     [JIT] tid 686160         [.] 0x0000ffff9f8ce32b
            |
            ---0xffff9f8ce32b

     6.34%     6.34%  sqgi     [JIT] tid 686160         [.] 0x0000ffff9fb26164
            |
            ---0xffff9fb263db
               0xffff9fb26164

     5.55%     0.00%  sqgi     [JIT] tid 686160         [.] 0x0000ffff9fb25313
            |
            ---0xffff9fb25313
               |          
                --4.71%--0xffff9fb25164

     4.71%     4.71%  sqgi     [JIT] tid 686160         [.] 0x0000ffff9fb25164
            |
            ---0xffff9fb25313
               0xffff9fb25164

     3.40%     3.40%  sqgi     [JIT] tid 686160         [.] 0x0000ffff9fb24230
            |          
             --2.75%--0xffff9fb24043
                       0xffff9fb24230

     3.07%     1.58%  sqgi     sqgi                     [.] sqjit_number_conversion_guard
     2.61%     2.61%  sqgi     sqgi                     [.] SQTable::Get
     2.42%     0.00%  sqgi     [JIT] tid 686160         [.] 0x0000ffff9f91210f
            |
            ---0xffff9f91210f

     2.10%     0.00%  sqgi     [JIT] tid 686160         [.] 0x0000ffff9fb2a11b
            |
            ---0xffff9fb2a11b

     2.00%     0.00%  sqgi     [JIT] tid 686160         [.] 0x0000ffff9fb2913b
            |
            ---0xffff9fb2913b



#
# (Cannot load tips.txt file, please install perf!)
#
