# To display the perf.data header info, please use --header/--header-only options.
#
#
# Total Lost Samples: 0
#
# Samples: 1K of event 'cycles:u'
# Event count (approx.): 5555054650
#
# Children      Self  Command  Shared Object          Symbol                                         
# ........  ........  .......  .....................  ...............................................
#
    35.49%     0.00%  sqgi     sqgi                   [.] _start
            |
            ---_start
               __libc_start_main_impl (inlined)
               __libc_start_call_main
               main
               |          
                --35.41%--sq_call
                          SQVM::Execute
                          |          
                           --6.78%--sqjit_try_execute_current
                                     |          
                                      --2.42%--SQVM::Return

    35.49%     0.00%  sqgi     libc.so.6              [.] __libc_start_main_impl (inlined)
            |
            ---__libc_start_main_impl (inlined)
               __libc_start_call_main
               main
               |          
                --35.41%--sq_call
                          SQVM::Execute
                          |          
                           --6.78%--sqjit_try_execute_current
                                     |          
                                      --2.42%--SQVM::Return

    35.49%     0.00%  sqgi     libc.so.6              [.] __libc_start_call_main
            |
            ---__libc_start_call_main
               main
               |          
                --35.41%--sq_call
                          SQVM::Execute
                          |          
                           --6.78%--sqjit_try_execute_current
                                     |          
                                      --2.42%--SQVM::Return

    35.49%     0.00%  sqgi     sqgi                   [.] main
            |
            ---main
               |          
                --35.41%--sq_call
                          SQVM::Execute
                          |          
                           --6.78%--sqjit_try_execute_current
                                     |          
                                      --2.42%--SQVM::Return

    35.41%    21.72%  sqgi     sqgi                   [.] SQVM::Execute
            |          
            |--21.72%--_start
            |          __libc_start_main_impl (inlined)
            |          __libc_start_call_main
            |          main
            |          sq_call
            |          SQVM::Execute
            |          
             --13.69%--SQVM::Execute
                       |          
                        --6.78%--sqjit_try_execute_current
                                  |          
                                   --2.42%--SQVM::Return

    35.41%     0.00%  sqgi     sqgi                   [.] sq_call
            |
            ---sq_call
               SQVM::Execute
               |          
                --6.78%--sqjit_try_execute_current
                          |          
                           --2.42%--SQVM::Return

    10.40%     9.33%  sqgi     sqgi                   [.] sqjit_a64_precise_step<(SQOpcode)9, true>
     6.86%     2.63%  sqgi     sqgi                   [.] sqjit_try_execute_current
            |          
            |--4.23%--sqjit_try_execute_current
            |          |          
            |           --2.42%--SQVM::Return
            |          
             --2.63%--_start
                       __libc_start_main_impl (inlined)
                       __libc_start_call_main
                       main
                       sq_call
                       SQVM::Execute
                       sqjit_try_execute_current

     6.17%     5.92%  sqgi     sqgi                   [.] sqjit_a64_precise_step<(SQOpcode)1, false>
     5.75%     0.00%  sqgi     [JIT] tid 686330       [.] 0x0000ffffacadc45f
            |
            ---0xffffacadc45f

     3.95%     3.95%  sqgi     sqgi                   [.] SQJitWriteLog::CanReleaseInContext
     3.91%     0.00%  sqgi     sqgi                   [.] sqjit_a64_precise_member<true> (inlined)
            |
            ---sqjit_a64_precise_member<true> (inlined)

     3.78%     3.78%  sqgi     sqgi                   [.] sqjit_a64_precise_step<(SQOpcode)14, false>
            |          
             --2.14%--0xffffacadf157
                       0xffffacadf157
                       sqjit_a64_precise_step<(SQOpcode)14, false>

     3.41%     0.00%  sqgi     [JIT] tid 686330       [.] 0x0000ffffacce34c7
            |
            ---0xffffacce34c7

     3.29%     0.00%  sqgi     [JIT] tid 686330       [.] 0x0000ffffacade117
            |
            ---0xffffacade117

     3.29%     0.00%  sqgi     [JIT] tid 686330       [.] 0x0000ffffacadd12b
            |
            ---0xffffacadd12b
               |          
                --3.20%--0xffffacadd12b
                          sqjit_a64_precise_step<(SQOpcode)29, false>

     3.20%     1.15%  sqgi     sqgi                   [.] sqjit_a64_precise_step<(SQOpcode)29, false>
            |          
             --2.05%--sqjit_a64_precise_step<(SQOpcode)29, false>

     2.71%     0.00%  sqgi     [JIT] tid 686330       [.] 0x0000ffffacadf157
            |
            ---0xffffacadf157
               |          
                --2.14%--0xffffacadf157
                          sqjit_a64_precise_step<(SQOpcode)14, false>

     2.71%     1.07%  sqgi     sqgi                   [.] SQVM::CMP_OP
     2.63%     0.00%  sqgi     [JIT] tid 686330       [.] 0x0000ffffacadde2b
            |
            ---0xffffacadde2b

     2.55%     1.81%  sqgi     sqgi                   [.] sqjit_a64_precise_step<(SQOpcode)13, true>
     2.55%     0.00%  sqgi     [JIT] tid 686330       [.] 0x0000ffffacadd7ef
            |
            ---0xffffacadd7ef

     2.55%     0.00%  sqgi     sqgi                   [.] sqjit_a64_precise_member<false> (inlined)
            |
            ---sqjit_a64_precise_member<false> (inlined)
               |          
                --2.05%--sq_member_raw_slot (inlined)

     2.47%     0.00%  sqgi     [JIT] tid 686330       [.] 0x0000ffffacadd697
            |
            ---0xffffacadd697
               |          
                --2.30%--0xffffacadd697
                          |          
                           --2.05%--sqjit_a64_precise_step<(SQOpcode)21, false>

     2.46%     1.31%  sqgi     sqgi                   [.] sqjit_number_conversion_guard
     2.42%     0.97%  sqgi     sqgi                   [.] SQVM::Return
     2.38%     0.00%  sqgi     [JIT] tid 686330       [.] 0x0000ffffacaddb0f
            |
            ---0xffffacaddb0f
               |          
                --2.22%--0xffffacaddb0f

     2.38%     0.00%  sqgi     [JIT] tid 686330       [.] 0x0000ffffacadf4c7
            |
            ---0xffffacadf4c7

     2.38%     0.00%  sqgi     sqgi                   [.] SQObjectPtr::operator= (inlined)
            |
            ---SQObjectPtr::operator= (inlined)

     2.30%     2.05%  sqgi     sqgi                   [.] sqjit_a64_precise_step<(SQOpcode)21, false>
            |          
             --2.05%--0xffffacadd697
                       0xffffacadd697
                       sqjit_a64_precise_step<(SQOpcode)21, false>

     2.30%     0.00%  sqgi     sqgi                   [.] SQObjectPtr::operator= (inlined)
            |
            ---SQObjectPtr::operator= (inlined)

     2.22%     2.14%  sqgi     sqgi                   [.] sqjit_a64_precise_step<(SQOpcode)8, false>
            |          
             --2.14%--0xffffacaddb0f
                       0xffffacaddb0f

     2.22%     0.00%  sqgi     [JIT] tid 686330       [.] 0x0000ffffacadd327
            |
            ---0xffffacadd327
               0xffffacadd327
               sqjit_a64_precise_step<(SQOpcode)1, false>

     2.14%     2.14%  sqgi     sqgi                   [.] sqjit_a64_precise_step<(SQOpcode)13, false>
     2.05%     0.00%  sqgi     sqgi                   [.] sq_member_raw_slot (inlined)
            |
            ---sq_member_raw_slot (inlined)



#
# (Cannot load tips.txt file, please install perf!)
#
