BENCH	table_events_97	200000	0.414420000	10069540
BENCH	class_events_97	200000	0.411865000	10069540
BENCH	buffers_7	200000	0.369325000	65667
BENCH	buffers_31	200000	0.371480000	651677
BENCH	calibrate_17	200000	0.083910000	1040538.515625
BENCH	calibrate_67	200000	0.084835000	1040417.796875
BENCH	table_events_97	200000	0.412945000	10069540
BENCH	class_events_97	200000	0.408595000	10069540
BENCH	buffers_7	200000	0.383400000	65667
BENCH	buffers_31	200000	0.383675000	651677
BENCH	calibrate_17	200000	0.084425000	1040538.515625
BENCH	calibrate_67	200000	0.085060000	1040417.796875
BENCH	table_events_97	200000	0.412515000	10069540
BENCH	class_events_97	200000	0.416745000	10069540
BENCH	buffers_7	200000	0.369010000	65667
BENCH	buffers_31	200000	0.368565000	651677
BENCH	calibrate_17	200000	0.084010000	1040538.515625
BENCH	calibrate_67	200000	0.084975000	1040417.796875
2451.16;msec;task-clock:u;0.43%;2451155866;100.00;0.992;CPUs utilized
5576004351;;cycles:u;0.42%;2451403783;100.00;2.262;GHz
16824066250;;instructions:u;0.00%;2451403783;100.00;3.01;insn per cycle
3367759;;branch-misses:u;27.75%;2451403783;100.00;;
6734869859;;cache-references:u;0.10%;2451403783;100.00;2.732;G/sec
5530311;;cache-misses:u;2.37%;2451403783;100.00;0.082;of all cache refs
814;;page-faults:u;0.08%;2451155866;100.00;330.181;/sec
0;;context-switches:u;0.00%;2451155866;100.00;0.000;/sec
