# To display the perf.data header info, please use --header/--header-only options.
#
#
# Total Lost Samples: 0
#
# Samples: 1K of event 'cycles:u'
# Event count (approx.): 7975283096
#
# Children      Self  Command  Shared Object            Symbol                                                                                          
# ........  ........  .......  .......................  ................................................................................................
#
    72.64%     0.00%  sqgi     sqgi                     [.] _start
            |
            ---_start
               __libc_start_main_impl (inlined)
               __libc_start_call_main
               main
               |          
                --72.56%--sq_call
                          SQVM::Execute
                          |          
                          |--11.20%--sqjit_try_execute_current
                          |          |          
                          |           --4.64%--SQVM::Return
                          |                     |          
                          |                      --2.06%--SQVM::LeaveFrame
                          |          
                          |--4.44%--SQObjectPtr::operator= (inlined)
                          |          
                          |--4.18%--sqjit_try_execute_current_loop
                          |          
                          |--3.66%--SQArray::Get (inlined)
                          |          |          
                          |           --2.58%--SQArray::Get (inlined)
                          |          
                          |--3.66%--SQVM::StartCall
                          |          
                           --2.23%--sqjit_try_execute_closure

    72.64%     0.00%  sqgi     libc.so.6                [.] __libc_start_main_impl (inlined)
            |
            ---__libc_start_main_impl (inlined)
               __libc_start_call_main
               main
               |          
                --72.56%--sq_call
                          SQVM::Execute
                          |          
                          |--11.20%--sqjit_try_execute_current
                          |          |          
                          |           --4.64%--SQVM::Return
                          |                     |          
                          |                      --2.06%--SQVM::LeaveFrame
                          |          
                          |--4.44%--SQObjectPtr::operator= (inlined)
                          |          
                          |--4.18%--sqjit_try_execute_current_loop
                          |          
                          |--3.66%--SQArray::Get (inlined)
                          |          |          
                          |           --2.58%--SQArray::Get (inlined)
                          |          
                          |--3.66%--SQVM::StartCall
                          |          
                           --2.23%--sqjit_try_execute_closure

    72.64%     0.00%  sqgi     libc.so.6                [.] __libc_start_call_main
            |
            ---__libc_start_call_main
               main
               |          
                --72.56%--sq_call
                          SQVM::Execute
                          |          
                          |--11.20%--sqjit_try_execute_current
                          |          |          
                          |           --4.64%--SQVM::Return
                          |                     |          
                          |                      --2.06%--SQVM::LeaveFrame
                          |          
                          |--4.44%--SQObjectPtr::operator= (inlined)
                          |          
                          |--4.18%--sqjit_try_execute_current_loop
                          |          
                          |--3.66%--SQArray::Get (inlined)
                          |          |          
                          |           --2.58%--SQArray::Get (inlined)
                          |          
                          |--3.66%--SQVM::StartCall
                          |          
                           --2.23%--sqjit_try_execute_closure

    72.64%     0.00%  sqgi     sqgi                     [.] main
            |
            ---main
               |          
                --72.56%--sq_call
                          SQVM::Execute
                          |          
                          |--11.20%--sqjit_try_execute_current
                          |          |          
                          |           --4.64%--SQVM::Return
                          |                     |          
                          |                      --2.06%--SQVM::LeaveFrame
                          |          
                          |--4.44%--SQObjectPtr::operator= (inlined)
                          |          
                          |--4.18%--sqjit_try_execute_current_loop
                          |          
                          |--3.66%--SQArray::Get (inlined)
                          |          |          
                          |           --2.58%--SQArray::Get (inlined)
                          |          
                          |--3.66%--SQVM::StartCall
                          |          
                           --2.23%--sqjit_try_execute_closure

    72.56%     0.00%  sqgi     sqgi                     [.] sq_call
            |
            ---sq_call
               SQVM::Execute
               |          
               |--11.20%--sqjit_try_execute_current
               |          |          
               |           --4.64%--SQVM::Return
               |                     |          
               |                      --2.06%--SQVM::LeaveFrame
               |          
               |--4.44%--SQObjectPtr::operator= (inlined)
               |          
               |--4.18%--sqjit_try_execute_current_loop
               |          
               |--3.66%--SQArray::Get (inlined)
               |          |          
               |           --2.58%--SQArray::Get (inlined)
               |          
               |--3.66%--SQVM::StartCall
               |          
                --2.23%--sqjit_try_execute_closure

    72.56%    47.33%  sqgi     sqgi                     [.] SQVM::Execute
            |          
            |--47.33%--_start
            |          __libc_start_main_impl (inlined)
            |          __libc_start_call_main
            |          main
            |          sq_call
            |          SQVM::Execute
            |          |          
            |          |--4.38%--SQObjectPtr::operator= (inlined)
            |          |          
            |           --3.66%--SQArray::Get (inlined)
            |                     |          
            |                      --2.58%--SQArray::Get (inlined)
            |          
             --25.23%--SQVM::Execute
                       |          
                       |--11.20%--sqjit_try_execute_current
                       |          |          
                       |           --4.64%--SQVM::Return
                       |                     |          
                       |                      --2.06%--SQVM::LeaveFrame
                       |          
                       |--4.18%--sqjit_try_execute_current_loop
                       |          
                       |--3.66%--SQVM::StartCall
                       |          
                        --2.23%--sqjit_try_execute_closure

    11.54%     4.22%  sqgi     sqgi                     [.] sqjit_try_execute_current
            |          
            |--7.32%--sqjit_try_execute_current
            |          |          
            |           --4.64%--SQVM::Return
            |                     |          
            |                      --2.06%--SQVM::LeaveFrame
            |          
             --4.22%--_start
                       __libc_start_main_impl (inlined)
                       __libc_start_call_main
                       main
                       sq_call
                       SQVM::Execute
                       sqjit_try_execute_current

    10.18%     9.04%  sqgi     sqgi                     [.] sqjit_a64_precise_step<(SQOpcode)13, true>
            |          
            |--2.75%--0xffff81d5812f
            |          0xffff81d5812f
            |          sqjit_a64_precise_step<(SQOpcode)13, true>
            |          
             --2.57%--0xffff81d593d7
                       0xffff81d593d7
                       sqjit_a64_precise_step<(SQOpcode)13, true>

     5.89%     0.00%  sqgi     [JIT] tid 686403         [.] 0x0000ffff81d593d7
            |
            ---0xffff81d593d7
               |          
                --3.03%--0xffff81d593d7
                          sqjit_a64_precise_step<(SQOpcode)13, true>

     5.58%     0.00%  sqgi     sqgi                     [.] SQObjectPtr::operator= (inlined)
            |
            ---SQObjectPtr::operator= (inlined)

     5.43%     0.00%  sqgi     sqgi                     [.] sqjit_a64_precise_member<true> (inlined)
            |
            ---sqjit_a64_precise_member<true> (inlined)
               |          
                --4.81%--sq_member_raw_slot (inlined)
                          |          
                          |--2.12%--SQTable::GetRawSlot (inlined)
                          |          
                           --2.06%--sq_member_raw_slot (inlined)
                                     SQTable::GetRawSlot (inlined)

     4.81%     0.00%  sqgi     sqgi                     [.] sq_member_raw_slot (inlined)
            |
            ---sq_member_raw_slot (inlined)
               |          
               |--2.12%--SQTable::GetRawSlot (inlined)
               |          
                --2.06%--sq_member_raw_slot (inlined)
                          SQTable::GetRawSlot (inlined)

     4.64%     2.57%  sqgi     sqgi                     [.] SQVM::Return
            |          
            |--2.57%--_start
            |          __libc_start_main_impl (inlined)
            |          __libc_start_call_main
            |          main
            |          sq_call
            |          SQVM::Execute
            |          sqjit_try_execute_current
            |          SQVM::Return
            |          
             --2.06%--SQVM::Return
                       SQVM::LeaveFrame

     4.44%     0.00%  sqgi     [JIT] tid 686403         [.] 0x0000ffff81d590eb
            |
            ---0xffff81d590eb
               |          
                --2.92%--0xffff81d590eb
                          sqjit_a64_precise_step<(SQOpcode)14, true>

     4.18%     2.75%  sqgi     sqgi                     [.] sqjit_try_execute_current_loop
            |          
             --2.75%--_start
                       __libc_start_main_impl (inlined)
                       __libc_start_call_main
                       main
                       sq_call
                       SQVM::Execute
                       sqjit_try_execute_current_loop

     4.18%     0.00%  sqgi     sqgi                     [.] SQTable::GetRawSlot (inlined)
            |
            ---SQTable::GetRawSlot (inlined)
               |          
                --2.35%--SQTable::_Get (inlined)

     3.78%     0.00%  sqgi     [JIT] tid 686403         [.] 0x0000ffff81d5812f
            |
            ---0xffff81d5812f
               |          
                --3.15%--0xffff81d5812f
                          sqjit_a64_precise_step<(SQOpcode)13, true>

     3.66%     0.00%  sqgi     sqgi                     [.] SQArray::Get (inlined)
            |
            ---SQArray::Get (inlined)
               |          
                --2.58%--SQArray::Get (inlined)

     3.66%     2.92%  sqgi     sqgi                     [.] SQVM::StartCall
            |          
             --2.92%--_start
                       __libc_start_main_impl (inlined)
                       __libc_start_call_main
                       main
                       sq_call
                       SQVM::Execute
                       SQVM::StartCall

     3.60%     0.00%  sqgi     [JIT] tid 686403         [.] 0x0000ffff81d582ef
            |
            ---0xffff81d582ef

     2.92%     2.92%  sqgi     sqgi                     [.] sqjit_a64_precise_step<(SQOpcode)14, true>
            |
            ---0xffff81d590eb
               0xffff81d590eb
               sqjit_a64_precise_step<(SQOpcode)14, true>

     2.52%     0.00%  sqgi     [JIT] tid 686403         [.] 0x0000ffff81d5820f
            |
            ---0xffff81d5820f
               |          
                --2.12%--0xffff81d5820f
                          sqjit_a64_precise_step<(SQOpcode)13, true>

     2.35%     0.00%  sqgi     sqgi                     [.] SQTable::_Get (inlined)
            |
            ---SQTable::_Get (inlined)

     2.34%     0.00%  sqgi     [JIT] tid 686403         [.] 0x0000ffff81d59083
            |
            ---0xffff81d59083
               |          
                --2.23%--0xffff81d59083

     2.23%     2.06%  sqgi     sqgi                     [.] sqjit_try_execute_closure
            |          
             --2.06%--_start
                       __libc_start_main_impl (inlined)
                       __libc_start_call_main
                       main
                       sq_call
                       SQVM::Execute
                       sqjit_try_execute_closure

     2.23%     2.23%  sqgi     sqgi                     [.] sqjit_a64_precise_step<(SQOpcode)9, true>
            |
            ---0xffff81d59083
               0xffff81d59083

     2.06%     2.06%  sqgi     sqgi                     [.] SQVM::LeaveFrame
            |
            ---_start
               __libc_start_main_impl (inlined)
               __libc_start_call_main
               main
               sq_call
               SQVM::Execute
               sqjit_try_execute_current
               SQVM::Return
               SQVM::LeaveFrame



#
# (Cannot load tips.txt file, please install perf!)
#
