BENCH	transfer_table	200000	0.432315000	141925
BENCH	transfer_class	200000	0.442115000	141925
BENCH	transfer_mixed	200000	0.443535000	141925
BENCH	publish_table	200000	0.388725000	410680
BENCH	publish_class	200000	0.396400000	410680
BENCH	publish_mixed	200000	0.399610000	410680
BENCH	transfer_table	200000	0.427605000	141925
BENCH	transfer_class	200000	0.438355000	141925
BENCH	transfer_mixed	200000	0.440060000	141925
BENCH	publish_table	200000	0.386765000	410680
BENCH	publish_class	200000	0.395125000	410680
BENCH	publish_mixed	200000	0.397785000	410680
BENCH	transfer_table	200000	0.429835000	141925
BENCH	transfer_class	200000	0.438815000	141925
BENCH	transfer_mixed	200000	0.441535000	141925
BENCH	publish_table	200000	0.387370000	410680
BENCH	publish_class	200000	0.395035000	410680
BENCH	publish_mixed	200000	0.397395000	410680
3514.83;msec;task-clock:u;0.22%;3514834436;100.00;0.997;CPUs utilized
7987318228;;cycles:u;0.20%;3515239851;100.00;2.270;GHz
23316922187;;instructions:u;0.00%;3515239851;100.00;2.92;insn per cycle
1697879;;branch-misses:u;1.10%;3515239851;100.00;;
9601731365;;cache-references:u;0.01%;3515239851;100.00;2.729;G/sec
315874;;cache-misses:u;18.28%;3515239851;100.00;0.003;of all cache refs
795;;page-faults:u;0.04%;3514834436;100.00;225.924;/sec
0;;context-switches:u;0.00%;3514834436;100.00;0.000;/sec
