BENCH	table_owners_1	200000	0.141055000	5098276961
BENCH	table_owners_2	200000	0.141535000	5098477602
BENCH	table_owners_5	200000	0.141565000	5097878556
BENCH	table_owners_19	200000	0.141530000	5098684496
BENCH	table_owners_257	200000	0.141530000	5100408060
BENCH	class_owners_1	200000	0.141490000	5098276961
BENCH	class_owners_2	200000	0.141515000	5098477602
BENCH	class_owners_5	200000	0.141545000	5097878556
BENCH	class_owners_19	200000	0.141595000	5098684496
BENCH	class_owners_257	200000	0.141830000	5100408060
BENCH	table_owners_1	200000	0.141510000	5098276961
BENCH	table_owners_2	200000	0.141165000	5098477602
BENCH	table_owners_5	200000	0.141095000	5097878556
BENCH	table_owners_19	200000	0.141165000	5098684496
BENCH	table_owners_257	200000	0.141655000	5100408060
BENCH	class_owners_1	200000	0.141060000	5098276961
BENCH	class_owners_2	200000	0.141005000	5098477602
BENCH	class_owners_5	200000	0.141205000	5097878556
BENCH	class_owners_19	200000	0.141140000	5098684496
BENCH	class_owners_257	200000	0.141390000	5100408060
BENCH	table_owners_1	200000	0.141125000	5098276961
BENCH	table_owners_2	200000	0.141160000	5098477602
BENCH	table_owners_5	200000	0.141055000	5097878556
BENCH	table_owners_19	200000	0.141110000	5098684496
BENCH	table_owners_257	200000	0.141410000	5100408060
BENCH	class_owners_1	200000	0.141020000	5098276961
BENCH	class_owners_2	200000	0.141015000	5098477602
BENCH	class_owners_5	200000	0.141075000	5097878556
BENCH	class_owners_19	200000	0.140830000	5098684496
BENCH	class_owners_257	200000	0.141440000	5100408060
2011.07;msec;task-clock:u;0.15%;2011073913;100.00;0.999;CPUs utilized
4528303869;;cycles:u;0.11%;2011263494;100.00;2.258;GHz
13468241560;;instructions:u;0.00%;2011263494;100.00;2.97;insn per cycle
141568;;branch-misses:u;1.46%;2011263494;100.00;;
5274971426;;cache-references:u;0.00%;2011263494;100.00;2.630;G/sec
270342;;cache-misses:u;4.74%;2011263494;100.00;0.005;of all cache refs
787;;page-faults:u;0.07%;2011073913;100.00;392.424;/sec
0;;context-switches:u;0.00%;2011073913;100.00;0.000;/sec
