BENCH	table_owners_1	20003	0.141428786	59838313.25
BENCH	table_owners_2	20003	0.141178823	59859213.25
BENCH	table_owners_5	20003	0.141128831	59801923.25
BENCH	table_owners_19	20003	0.141428786	59886265.25
BENCH	table_owners_257	20003	0.144778283	60163116.25
BENCH	class_owners_1	20003	0.141528771	59838313.25
BENCH	class_owners_2	20003	0.141378793	59859213.25
BENCH	class_owners_5	20003	0.141178823	59801923.25
BENCH	class_owners_19	20003	0.141328801	59886265.25
BENCH	class_owners_257	20003	0.144478328	60163116.25
[sqjit:stats] proto enters=142 hot=5 compile=5 success=1 fail=4
[sqjit:stats] proto exec attempts=142 success=70 guard_fail=0
[sqjit:stats] proto side_exits=0
[sqjit:stats] direct calls attempts=69 success=0 miss=69 guard_fail=0
[sqjit:stats] loops try=151 find_fail=7 compile=2 success=0 fail=2 exec=0 exec_success=0 guard_fail=0
[sqjit:stats] rejects=6 unique_reasons=5
[sqjit:stats] backoff proto=0 proto_skips=0 loop=0 loop_skips=0
[sqjit:stats] reject category count=1 category=loop
[sqjit:stats] reject category count=1 category=array-append
[sqjit:stats] reject category count=2 category=call
[sqjit:stats] reject category count=2 category=other
[sqjit:stats] reject reason count=2 reason=unsupported function shape or instruction limit
[sqjit:stats] reject reason count=1 reason=deferred CALL direct closure
[sqjit:stats] reject reason count=1 reason=unsupported loop array append PREPCALLK
[sqjit:stats] reject reason count=1 reason=unsupported loop branch shape
[sqjit:stats] reject reason count=1 reason=unsupported CALL direct closure
[sqjit:stats] reject_site rank=1 proto=(nil) name=main source=<sqgi async bootstrap> line=-1 ip=-1 count=1 reason=unsupported function shape or instruction limit
[sqjit:stats] reject_site rank=2 proto=(nil) name=main source=/home/sam/Programming/sqgi/test/bench_member_owners.nut line=-1 ip=-1 count=1 reason=unsupported function shape or instruction limit
[sqjit:stats] reject_site rank=3 proto=(nil) name=owners source=/home/sam/Programming/sqgi/test/bench_member_owners.nut line=26 ip=34 count=1 reason=deferred CALL direct closure
[sqjit:stats] reject_site rank=4 proto=(nil) name=owners source=/home/sam/Programming/sqgi/test/bench_member_owners.nut line=23 ip=3 count=1 reason=unsupported loop array append PREPCALLK
[sqjit:stats] reject_site rank=5 proto=(nil) name=main source=/home/sam/Programming/sqgi/test/bench_member_owners.nut line=32 ip=92 count=1 reason=unsupported loop branch shape
[sqjit:stats] reject_site rank=6 proto=(nil) name=owners source=/home/sam/Programming/sqgi/test/bench_member_owners.nut line=26 ip=34 count=1 reason=unsupported CALL direct closure
