BENCH	receiver_integer	200000	0.054310000	595177
BENCH	root_integer	200000	0.063130000	595177
BENCH	root_reference	200000	0.091705000	799457
BENCH	root_integer_result	200000	0.065210000	795177
BENCH	receiver_integer	200000	0.054375000	595177
BENCH	root_integer	200000	0.063405000	595177
BENCH	root_reference	200000	0.089260000	799457
BENCH	root_integer_result	200000	0.065085000	795177
BENCH	receiver_integer	200000	0.054590000	595177
BENCH	root_integer	200000	0.063460000	595177
BENCH	root_reference	200000	0.089200000	799457
BENCH	root_integer_result	200000	0.065510000	795177
419.73;msec;task-clock:u;1.11%;419726121;100.00;1.008;CPUs utilized
885467747;;cycles:u;0.27%;419860868;100.00;2.156;GHz
2942603041;;instructions:u;0.11%;419860868;100.00;3.31;insn per cycle
477943;;branch-misses:u;12.43%;419860868;100.00;;
1018804286;;cache-references:u;0.27%;419860868;100.00;2.481;G/sec
200199;;cache-misses:u;1.07%;419860868;100.00;0.020;of all cache refs
781;;page-faults:u;0.04%;419726121;100.00;1.902;K/sec
0;;context-switches:u;0.00%;419726121;100.00;0.000;/sec
