# To display the perf.data header info, please use --header/--header-only options.
#
#
# Total Lost Samples: 0
#
# Samples: 216  of event 'cycles:u'
# Event count (approx.): 896233582
#
# Children      Self  Command  Shared Object          Symbol                                                                                                                                                         
# ........  ........  .......  .....................  ...............................................................................................................................................................
#
    25.95%    13.04%  sqgi     sqgi                   [.] SQJitWriteLog::RecordMember
            |          
            |--12.91%--SQJitWriteLog::RecordMember
            |          |          
            |          |--10.88%--SQJitWriteLog::CanRelease
            |          |          
            |           --2.03%--SQJitWriteLog::ContainsMember<true> (inlined)
            |                     SQJitWriteLog::OwnerBucket
            |          
            |--6.62%--0xffff8c3fd207
            |          0xffff8c3fd207
            |          sqjit_a64_helper_member_set_reference_logged
            |          sqjit_a64_helper_member_set_reference_logged
            |          SQJitWriteLog::RecordMember
            |          SQJitWriteLog::ContainsMember<true> (inlined)
            |          |          
            |           --2.55%--SQJitWriteLog::ContainsMember<true>(SQObjectPtr const&, SQObjectPtr const&, SQObjectPtr const&) const::{lambda(SQJitWriteLog::Entry const&)#1}::operator() (inlined)
            |          
             --3.57%--0xffff8c3fe1f7
                       0xffff8c3fe1f7
                       sqjit_a64_helper_member_set_integer_logged
                       sqjit_a64_helper_member_set_integer_logged
                       SQJitWriteLog::RecordMember
                       |          
                        --2.04%--SQJitWriteLog::ContainsMember<false> (inlined)
                                  SQJitWriteLog::ContainsMember<false>(SQObjectPtr const&, SQObjectPtr const&, SQObjectPtr const&) const::{lambda(SQJitWriteLog::Entry const&)#1}::operator() (inlined)

    25.45%     0.00%  sqgi     [JIT] tid 686307       [.] 0x0000ffff8c3fd207
            |
            ---0xffff8c3fd207
               |          
                --21.89%--0xffff8c3fd207
                          sqjit_a64_helper_member_set_reference_logged
                          |          
                          |--12.22%--sqjit_a64_helper_member_set_reference_logged
                          |          SQJitWriteLog::RecordMember
                          |          |          
                          |          |--8.66%--SQJitWriteLog::ContainsMember<true> (inlined)
                          |          |          |          
                          |          |          |--2.55%--SQJitWriteLog::ContainsMember<true>(SQObjectPtr const&, SQObjectPtr const&, SQObjectPtr const&) const::{lambda(SQJitWriteLog::Entry const&)#1}::operator() (inlined)
                          |          |          |          
                          |          |           --2.03%--SQJitWriteLog::OwnerBucket
                          |          |          
                          |           --3.57%--SQJitWriteLog::CanRelease
                          |          
                          |--6.11%--sqjit_a64_member_store_slot (inlined)
                          |          sqjit_a64_member_store_slot (inlined)
                          |          |          
                          |           --4.07%--sqjit_a64_resolve_store_slot (inlined)
                          |                     |          
                          |                      --3.56%--sq_member_raw_slot (inlined)
                          |                                SQTable::GetRawSlot (inlined)
                          |          
                           --2.03%--sqjit_a64_store_resolved_member (inlined)

    23.70%     7.61%  sqgi     sqgi                   [.] sqjit_a64_helper_member_closure_guard
            |          
            |--16.09%--sqjit_a64_helper_member_closure_guard
            |          sqjit_a64_helper_member_closure_guard
            |          sqjit_a64_borrow_member_ptr_value
            |          |          
            |           --10.51%--SQTable::GetRawSlot (inlined)
            |                     SQTable::_Get (inlined)
            |          
             --3.05%--0xffff8c3fc14f
                       0xffff8c3fc14f
                       sqjit_a64_helper_member_closure_guard

    22.90%     7.64%  sqgi     sqgi                   [.] sqjit_a64_helper_member_set_integer_logged
            |          
            |--15.26%--sqjit_a64_helper_member_set_integer_logged
            |          |          
            |          |--10.69%--sqjit_a64_helper_member_set_integer_logged
            |          |          SQJitWriteLog::RecordMember
            |          |          |          
            |          |          |--5.60%--SQJitWriteLog::CanRelease
            |          |          |          
            |          |           --2.55%--SQJitWriteLog::ContainsMember<false> (inlined)
            |          |                     SQJitWriteLog::ContainsMember<false>(SQObjectPtr const&, SQObjectPtr const&, SQObjectPtr const&) const::{lambda(SQJitWriteLog::Entry const&)#1}::operator() (inlined)
            |          |          
            |           --4.58%--sqjit_a64_member_store_slot (inlined)
            |                     sqjit_a64_member_store_slot (inlined)
            |                     sqjit_a64_helper_member_set_integer_logged
            |                     sqjit_a64_resolve_root_store_slot
            |          
            |--4.07%--0xffff8c3fe1f7
            |          0xffff8c3fe1f7
            |          sqjit_a64_helper_member_set_integer_logged
            |          |          
            |           --2.55%--sqjit_a64_member_store_slot (inlined)
            |                     sqjit_a64_member_store_slot (inlined)
            |                     sqjit_a64_resolve_store_slot (inlined)
            |                     |          
            |                      --2.04%--sq_member_raw_slot (inlined)
            |          
             --3.56%--0xffff8c3fc1db
                       0xffff8c3fc1db
                       sqjit_a64_helper_member_set_integer_logged
                       |          
                        --2.04%--sqjit_a64_member_store_slot (inlined)
                                  sqjit_a64_member_store_slot (inlined)

    21.89%     7.64%  sqgi     sqgi                   [.] sqjit_a64_helper_member_set_reference_logged
            |          
            |--14.25%--sqjit_a64_helper_member_set_reference_logged
            |          |          
            |           --12.22%--sqjit_a64_helper_member_set_reference_logged
            |                     SQJitWriteLog::RecordMember
            |                     |          
            |                     |--8.66%--SQJitWriteLog::ContainsMember<true> (inlined)
            |                     |          |          
            |                     |          |--2.55%--SQJitWriteLog::ContainsMember<true>(SQObjectPtr const&, SQObjectPtr const&, SQObjectPtr const&) const::{lambda(SQJitWriteLog::Entry const&)#1}::operator() (inlined)
            |                     |          |          
            |                     |           --2.03%--SQJitWriteLog::OwnerBucket
            |                     |          
            |                      --3.57%--SQJitWriteLog::CanRelease
            |          
             --7.64%--0xffff8c3fd207
                       0xffff8c3fd207
                       sqjit_a64_helper_member_set_reference_logged
                       |          
                        --4.58%--sqjit_a64_member_store_slot (inlined)
                                  sqjit_a64_member_store_slot (inlined)
                                  |          
                                   --4.07%--sqjit_a64_resolve_store_slot (inlined)
                                             |          
                                              --3.56%--sq_member_raw_slot (inlined)
                                                        SQTable::GetRawSlot (inlined)

    16.09%    16.09%  sqgi     sqgi                   [.] sqjit_a64_borrow_member_ptr_value
            |          
            |--4.88%--0xffff8c3ff16b
            |          0xffff8c3ff16b
            |          sqjit_a64_helper_member_closure_guard
            |          sqjit_a64_helper_member_closure_guard
            |          sqjit_a64_borrow_member_ptr_value
            |          |          
            |           --2.87%--SQTable::GetRawSlot (inlined)
            |                     SQTable::_Get (inlined)
            |          
            |--4.58%--0xffff8c3fc14f
            |          0xffff8c3fc14f
            |          sqjit_a64_helper_member_closure_guard
            |          sqjit_a64_helper_member_closure_guard
            |          sqjit_a64_borrow_member_ptr_value
            |          |          
            |           --4.07%--SQTable::GetRawSlot (inlined)
            |                     SQTable::_Get (inlined)
            |          
            |--4.08%--0xffff8c3fd14b
            |          0xffff8c3fd14b
            |          sqjit_a64_helper_member_closure_guard
            |          sqjit_a64_helper_member_closure_guard
            |          sqjit_a64_borrow_member_ptr_value
            |          
             --2.55%--0xffff8c3fe16b
                       0xffff8c3fe16b
                       sqjit_a64_helper_member_closure_guard
                       sqjit_a64_helper_member_closure_guard
                       sqjit_a64_borrow_member_ptr_value
                       |          
                        --2.04%--SQTable::GetRawSlot (inlined)
                                  SQTable::_Get (inlined)

    15.78%     0.00%  sqgi     [JIT] tid 686307       [.] 0x0000ffff8c3fe1f7
            |
            ---0xffff8c3fe1f7
               |          
                --12.73%--0xffff8c3fe1f7
                          sqjit_a64_helper_member_set_integer_logged
                          |          
                          |--7.13%--sqjit_a64_helper_member_set_integer_logged
                          |          SQJitWriteLog::RecordMember
                          |          |          
                          |          |--3.56%--SQJitWriteLog::CanRelease
                          |          |          
                          |           --2.04%--SQJitWriteLog::ContainsMember<false> (inlined)
                          |                     SQJitWriteLog::ContainsMember<false>(SQObjectPtr const&, SQObjectPtr const&, SQObjectPtr const&) const::{lambda(SQJitWriteLog::Entry const&)#1}::operator() (inlined)
                          |          
                           --4.07%--sqjit_a64_member_store_slot (inlined)
                                     sqjit_a64_member_store_slot (inlined)
                                     |          
                                      --2.55%--sqjit_a64_resolve_store_slot (inlined)
                                                |          
                                                 --2.04%--sq_member_raw_slot (inlined)

    12.21%     0.00%  sqgi     [JIT] tid 686307       [.] 0x0000ffff8c3fc1db
            |
            ---0xffff8c3fc1db
               |          
                --10.17%--0xffff8c3fc1db
                          sqjit_a64_helper_member_set_integer_logged
                          |          
                          |--5.09%--sqjit_a64_member_store_slot (inlined)
                          |          sqjit_a64_member_store_slot (inlined)
                          |          |          
                          |           --3.05%--sqjit_a64_helper_member_set_integer_logged
                          |                     sqjit_a64_resolve_root_store_slot
                          |          
                           --3.56%--sqjit_a64_helper_member_set_integer_logged
                                     SQJitWriteLog::RecordMember
                                     |          
                                      --2.03%--SQJitWriteLog::CanRelease

    10.88%    10.88%  sqgi     sqgi                   [.] SQJitWriteLog::CanRelease
            |          
            |--3.57%--0xffff8c3fd207
            |          0xffff8c3fd207
            |          sqjit_a64_helper_member_set_reference_logged
            |          sqjit_a64_helper_member_set_reference_logged
            |          SQJitWriteLog::RecordMember
            |          SQJitWriteLog::CanRelease
            |          
            |--3.56%--0xffff8c3fe1f7
            |          0xffff8c3fe1f7
            |          sqjit_a64_helper_member_set_integer_logged
            |          sqjit_a64_helper_member_set_integer_logged
            |          SQJitWriteLog::RecordMember
            |          SQJitWriteLog::CanRelease
            |          
             --2.03%--0xffff8c3fc1db
                       0xffff8c3fc1db
                       sqjit_a64_helper_member_set_integer_logged
                       sqjit_a64_helper_member_set_integer_logged
                       SQJitWriteLog::RecordMember
                       SQJitWriteLog::CanRelease

    10.69%     0.00%  sqgi     [JIT] tid 686307       [.] 0x0000ffff8c3fc14f
            |
            ---0xffff8c3fc14f
               |          
                --7.63%--0xffff8c3fc14f
                          sqjit_a64_helper_member_closure_guard
                          |          
                           --4.58%--sqjit_a64_helper_member_closure_guard
                                     sqjit_a64_borrow_member_ptr_value
                                     |          
                                      --4.07%--SQTable::GetRawSlot (inlined)
                                                SQTable::_Get (inlined)

    10.51%     0.00%  sqgi     sqgi                   [.] SQTable::GetRawSlot (inlined)
            |
            ---SQTable::GetRawSlot (inlined)
               SQTable::_Get (inlined)

    10.51%     0.00%  sqgi     sqgi                   [.] SQTable::_Get (inlined)
            |
            ---SQTable::_Get (inlined)

    10.12%     0.00%  sqgi     [JIT] tid 686307       [.] 0x0000ffff8c3ff16b
            |
            ---0xffff8c3ff16b
               |          
               |--6.39%--0xffff8c3ff16b
               |          sqjit_a64_helper_member_closure_guard
               |          |          
               |           --4.88%--sqjit_a64_helper_member_closure_guard
               |                     sqjit_a64_borrow_member_ptr_value
               |                     |          
               |                      --2.87%--SQTable::GetRawSlot (inlined)
               |                                SQTable::_Get (inlined)
               |          
                --2.92%--0xffff8c3ff214

     9.34%     0.00%  sqgi     [JIT] tid 686307       [.] 0x0000ffff8c3ff223
            |
            ---0xffff8c3ff223
               |          
                --7.82%--0xffff8c3ff223
                          sqjit_a64_helper_instance_field_set_integer_logged
                          |          
                           --3.05%--sqjit_a64_helper_instance_field_set_integer_logged
                                     SQJitWriteLog::RecordMember

     9.16%     0.00%  sqgi     sqgi                   [.] sqjit_a64_member_store_slot (inlined)
            |
            ---sqjit_a64_member_store_slot (inlined)
               sqjit_a64_member_store_slot (inlined)
               |          
               |--4.58%--sqjit_a64_helper_member_set_integer_logged
               |          sqjit_a64_resolve_root_store_slot
               |          
                --4.07%--sqjit_a64_resolve_store_slot (inlined)
                          |          
                           --3.57%--sq_member_raw_slot (inlined)
                                     |          
                                      --2.55%--SQTable::GetRawSlot (inlined)

     8.66%     0.00%  sqgi     sqgi                   [.] SQJitWriteLog::ContainsMember<true> (inlined)
            |
            ---SQJitWriteLog::ContainsMember<true> (inlined)
               |          
               |--2.55%--SQJitWriteLog::ContainsMember<true>(SQObjectPtr const&, SQObjectPtr const&, SQObjectPtr const&) const::{lambda(SQJitWriteLog::Entry const&)#1}::operator() (inlined)
               |          
                --2.03%--SQJitWriteLog::OwnerBucket

     7.82%     4.26%  sqgi     sqgi                   [.] sqjit_a64_helper_instance_field_set_integer_logged
            |          
            |--4.26%--0xffff8c3ff223
            |          0xffff8c3ff223
            |          sqjit_a64_helper_instance_field_set_integer_logged
            |          
             --3.56%--sqjit_a64_helper_instance_field_set_integer_logged
                       |          
                        --3.05%--sqjit_a64_helper_instance_field_set_integer_logged
                                  SQJitWriteLog::RecordMember

     6.62%     0.00%  sqgi     [JIT] tid 686307       [.] 0x0000ffff8c3fd14b
            |
            ---0xffff8c3fd14b
               |          
                --5.60%--0xffff8c3fd14b
                          sqjit_a64_helper_member_closure_guard
                          |          
                           --4.08%--sqjit_a64_helper_member_closure_guard
                                     sqjit_a64_borrow_member_ptr_value

     6.62%     0.00%  sqgi     [JIT] tid 686307       [.] 0x0000ffff8c3fe16b
            |
            ---0xffff8c3fe16b
               |          
                --4.07%--0xffff8c3fe16b
                          sqjit_a64_helper_member_closure_guard
                          |          
                           --2.55%--sqjit_a64_helper_member_closure_guard
                                     sqjit_a64_borrow_member_ptr_value
                                     |          
                                      --2.04%--SQTable::GetRawSlot (inlined)
                                                SQTable::_Get (inlined)

     6.11%     0.00%  sqgi     sqgi                   [.] sqjit_a64_member_store_slot (inlined)
            |
            ---sqjit_a64_member_store_slot (inlined)
               sqjit_a64_member_store_slot (inlined)
               |          
                --4.07%--sqjit_a64_resolve_store_slot (inlined)
                          |          
                           --3.56%--sq_member_raw_slot (inlined)
                                     SQTable::GetRawSlot (inlined)

     6.11%     6.11%  sqgi     sqgi                   [.] sqjit_a64_resolve_root_store_slot
            |          
             --3.05%--0xffff8c3fc1db
                       0xffff8c3fc1db
                       sqjit_a64_helper_member_set_integer_logged
                       sqjit_a64_member_store_slot (inlined)
                       sqjit_a64_member_store_slot (inlined)
                       sqjit_a64_helper_member_set_integer_logged
                       sqjit_a64_resolve_root_store_slot

     4.07%     0.00%  sqgi     sqgi                   [.] sqjit_a64_resolve_store_slot (inlined)
            |
            ---sqjit_a64_resolve_store_slot (inlined)
               |          
                --3.57%--sq_member_raw_slot (inlined)
                          |          
                           --2.55%--SQTable::GetRawSlot (inlined)

     4.07%     0.00%  sqgi     sqgi                   [.] sqjit_a64_resolve_store_slot (inlined)
            |
            ---sqjit_a64_resolve_store_slot (inlined)
               |          
                --3.56%--sq_member_raw_slot (inlined)
                          SQTable::GetRawSlot (inlined)

     3.57%     0.00%  sqgi     sqgi                   [.] sq_member_raw_slot (inlined)
            |
            ---sq_member_raw_slot (inlined)
               |          
                --2.55%--SQTable::GetRawSlot (inlined)

     3.56%     0.00%  sqgi     sqgi                   [.] sq_member_raw_slot (inlined)
            |
            ---sq_member_raw_slot (inlined)
               SQTable::GetRawSlot (inlined)

     3.56%     0.00%  sqgi     sqgi                   [.] SQTable::GetRawSlot (inlined)
            |
            ---SQTable::GetRawSlot (inlined)

     3.06%     0.00%  sqgi     sqgi                   [.] SQTable::GetRawSlot (inlined)
            |
            ---SQTable::GetRawSlot (inlined)

     3.05%     0.00%  sqgi     sqgi                   [.] SQJitWriteLog::ContainsMember<false> (inlined)
            |
            ---SQJitWriteLog::ContainsMember<false> (inlined)
               SQJitWriteLog::ContainsMember<false>(SQObjectPtr const&, SQObjectPtr const&, SQObjectPtr const&) const::{lambda(SQJitWriteLog::Entry const&)#1}::operator() (inlined)

     3.05%     0.00%  sqgi     sqgi                   [.] SQJitWriteLog::ContainsMember<false>(SQObjectPtr const&, SQObjectPtr const&, SQObjectPtr const&) const::{lambda(SQJitWriteLog::Entry const&)#1}::operator() (inlined)
            |
            ---SQJitWriteLog::ContainsMember<false>(SQObjectPtr const&, SQObjectPtr const&, SQObjectPtr const&) const::{lambda(SQJitWriteLog::Entry const&)#1}::operator() (inlined)

     2.92%     2.92%  sqgi     [JIT] tid 686307       [.] 0x0000ffff8c3ff214
            |
            ---0xffff8c3ff16b
               0xffff8c3ff214

     2.55%     0.00%  sqgi     sqgi                   [.] SQJitWriteLog::ContainsMember<true>(SQObjectPtr const&, SQObjectPtr const&, SQObjectPtr const&) const::{lambda(SQJitWriteLog::Entry const&)#1}::operator() (inlined)
            |
            ---SQJitWriteLog::ContainsMember<true>(SQObjectPtr const&, SQObjectPtr const&, SQObjectPtr const&) const::{lambda(SQJitWriteLog::Entry const&)#1}::operator() (inlined)

     2.54%     0.00%  sqgi     sqgi                   [.] SQTable::GetRawSlot (inlined)
            |
            ---SQTable::GetRawSlot (inlined)
               |          
                --2.03%--SQTable::_Get (inlined)

     2.04%     0.00%  sqgi     sqgi                   [.] SQObjectPtr::~SQObjectPtr (inlined)
            |
            ---SQObjectPtr::~SQObjectPtr (inlined)

     2.03%     0.00%  sqgi     sqgi                   [.] sqjit_a64_store_resolved_member (inlined)
            |
            ---sqjit_a64_store_resolved_member (inlined)

     2.03%     0.00%  sqgi     sqgi                   [.] SQTable::_Get (inlined)
            |
            ---SQTable::_Get (inlined)

     2.03%     2.03%  sqgi     sqgi                   [.] SQJitWriteLog::OwnerBucket
            |
            ---0xffff8c3fd207
               0xffff8c3fd207
               sqjit_a64_helper_member_set_reference_logged
               sqjit_a64_helper_member_set_reference_logged
               SQJitWriteLog::RecordMember
               SQJitWriteLog::ContainsMember<true> (inlined)
               SQJitWriteLog::OwnerBucket



#
# (Cannot load tips.txt file, please install perf!)
#
