PREP_ROUTE legacy=1 entry=0xaaab06aaa5a0 precise=0 ip=-1 reason=none
PREP_OP 0 2 5 1 0 0
PREP_OP 1 17 4 5 4 0
PREP_OP 2 1 5 0 0 0
PREP_OP 3 13 255 2 5 4
PREP_OP 4 8 5 1 3 1
PREP_OP 5 6 5 5 1 1
PREP_OP 6 9 6 2 2 0
PREP_OP 7 17 5 6 5 0
PREP_OP 8 4 6 3 7 1
PREP_OP 9 7 6 7 6 7
PREP_OP 10 6 6 6 7 1
PREP_OP 11 17 6 6 5 0
PREP_OP 12 2 7 1 0 0
PREP_OP 13 18 6 7 6 0
PREP_OP 14 23 1 6 6 0
PREP_ROUTE legacy=0 entry=(nil) precise=-1 ip=5 reason=unsupported CALL array len
FAIL: prepare receiver alias uses its intended native compiler
FAIL: observable final/ancestor-sensitive prepared drops take exactly one exit
FAIL: a real survivor permits the complete prepared-length native path
FAIL: a real survivor permits the complete prepared-length native path
FAIL: observable final/ancestor-sensitive prepared drops take exactly one exit
FAIL: observable final/ancestor-sensitive prepared drops take exactly one exit
FAIL: a real survivor permits the complete prepared-length native path
FAIL: a real survivor permits the complete prepared-length native path
FAIL: observable final/ancestor-sensitive prepared drops take exactly one exit
FAIL: wrong prepared receiver takes a real native continuation
FAIL: wrong length callee exits before executing CALL effects
FAIL: live weak default method remains on the native route
FAIL: dead weak method takes an exact native continuation
FAIL: array-special method publication completes natively
[coverage] executed AArch64 precise length and equality contracts
[coverage] executed 11 AArch64 generated-code groups
