FAIL: expanded precise tier actually runs effectful equality/default-length code
FAIL: expanded precise tier actually runs effectful equality/default-length code
FAIL: equality samples complete through actual native code
FAIL: equality samples complete through actual native code
FAIL: equality samples complete through actual native code
FAIL: equality samples complete through actual native code
FAIL: equality samples complete through actual native code
FAIL: equality samples complete through actual native code
FAIL: changed native callee takes an exact exit without replaying the store prefix
FAIL: CALL-result witness uses expanded precise code
FAIL: final and ancestor-sensitive CALL results take one exact exit
FAIL: a real surviving owner permits native CALL-result publication
FAIL: a real surviving owner permits native CALL-result publication
FAIL: final and ancestor-sensitive CALL results take one exact exit
FAIL: prepare receiver alias uses actual precise code
FAIL: observable final/ancestor-sensitive prepared drops take exactly one exit
FAIL: a real survivor permits the complete prepared-length native path
FAIL: a real survivor permits the complete prepared-length native path
FAIL: observable final/ancestor-sensitive prepared drops take exactly one exit
PREP_MISMATCH receiver=134217792 mode=0 value=3/4 seen=1/1 releases=1/1 precise=0
FAIL: string/array preparation matches interpreter callback and temporary ordering
FAIL: observable final/ancestor-sensitive prepared drops take exactly one exit
FAIL: observable final/ancestor-sensitive prepared drops take exactly one exit
FAIL: wrong prepared receiver takes a real native continuation
FAIL: wrong length callee exits before executing CALL effects
FAIL: live weak default method remains on the native route
FAIL: dead weak method takes an exact native continuation
FAIL: discarded calls and literal equality execute actual precise native code
FAIL: discarded calls and literal equality execute actual precise native code
[coverage] executed AArch64 precise length and equality contracts
[coverage] executed 11 AArch64 generated-code groups
