BENCH	route_balanced	200000	0.053635000	300346
BENCH	route_skewed	200000	0.051170000	122121
BENCH	pricing_events	200000	0.056890000	636940
BENCH	filter_stream	200000	0.056060000	10704.521037291815
BENCH	records_64	200000	0.136475000	599323
BENCH	records_4096	200000	0.239035000	385702
BENCH	word_count	200000	0.266585000	116910
BENCH	graph_walk	200000	0.013160000	386354
BENCH	route_balanced	200000	0.052700000	300346
BENCH	route_skewed	200000	0.051400000	122121
BENCH	pricing_events	200000	0.056785000	636940
BENCH	filter_stream	200000	0.056035000	10704.521037291815
BENCH	records_64	200000	0.131740000	599323
BENCH	records_4096	200000	0.255095000	385702
BENCH	word_count	200000	0.266010000	116910
BENCH	graph_walk	200000	0.012340000	386354
BENCH	route_balanced	200000	0.052280000	300346
BENCH	route_skewed	200000	0.051150000	122121
BENCH	pricing_events	200000	0.057085000	636940
BENCH	filter_stream	200000	0.056530000	10704.521037291815
BENCH	records_64	200000	0.130970000	599323
BENCH	records_4096	200000	0.271785000	385702
BENCH	word_count	200000	0.265605000	116910
BENCH	graph_walk	200000	0.012345000	386354
1114.24;msec;task-clock:u;0.89%;1114244245;100.00;0.995;CPUs utilized
2485334974;;cycles:u;0.60%;1114319204;100.00;2.233;GHz
5954074066;;instructions:u;0.14%;1114319204;100.00;2.41;insn per cycle
5248198;;branch-misses:u;4.78%;1114319204;100.00;;
2219441081;;cache-references:u;0.24%;1114319204;100.00;1.994;G/sec
19249065;;cache-misses:u;4.16%;1114319204;100.00;0.866;of all cache refs
3866;;page-faults:u;0.02%;1114244245;100.00;3.473;K/sec
0;;context-switches:u;0.00%;1114244245;100.00;0.000;/sec
