# To display the perf.data header info, please use --header/--header-only options.
#
#
# Total Lost Samples: 0
#
# Samples: 571  of event 'cycles:u'
# Event count (approx.): 2490402577
#
# Children      Self  Command  Shared Object          Symbol                                                                                                                                                                 
# ........  ........  .......  .....................  .......................................................................................................................................................................
#
    30.96%     0.00%  sqgi     sqgi                   [.] _start
            |
            ---_start
               __libc_start_main_impl (inlined)
               __libc_start_call_main
               main
               |          
                --30.78%--sq_call
                          SQVM::Execute
                          |          
                          |--6.03%--SQVM::Get
                          |          |          
                          |           --4.02%--SQTable::Get
                          |          
                          |--5.11%--SQVM::DerefInc
                          |          |          
                          |           --2.01%--SQVM::Set
                          |          
                           --2.01%--SQObjectPtr::operator= (inlined)

    30.96%     0.00%  sqgi     libc.so.6              [.] __libc_start_main_impl (inlined)
            |
            ---__libc_start_main_impl (inlined)
               __libc_start_call_main
               main
               |          
                --30.78%--sq_call
                          SQVM::Execute
                          |          
                          |--6.03%--SQVM::Get
                          |          |          
                          |           --4.02%--SQTable::Get
                          |          
                          |--5.11%--SQVM::DerefInc
                          |          |          
                          |           --2.01%--SQVM::Set
                          |          
                           --2.01%--SQObjectPtr::operator= (inlined)

    30.96%     0.00%  sqgi     libc.so.6              [.] __libc_start_call_main
            |
            ---__libc_start_call_main
               main
               |          
                --30.78%--sq_call
                          SQVM::Execute
                          |          
                          |--6.03%--SQVM::Get
                          |          |          
                          |           --4.02%--SQTable::Get
                          |          
                          |--5.11%--SQVM::DerefInc
                          |          |          
                          |           --2.01%--SQVM::Set
                          |          
                           --2.01%--SQObjectPtr::operator= (inlined)

    30.96%     0.00%  sqgi     sqgi                   [.] main
            |
            ---main
               |          
                --30.78%--sq_call
                          SQVM::Execute
                          |          
                          |--6.03%--SQVM::Get
                          |          |          
                          |           --4.02%--SQTable::Get
                          |          
                          |--5.11%--SQVM::DerefInc
                          |          |          
                          |           --2.01%--SQVM::Set
                          |          
                           --2.01%--SQObjectPtr::operator= (inlined)

    30.78%     0.00%  sqgi     sqgi                   [.] sq_call
            |
            ---sq_call
               SQVM::Execute
               |          
               |--6.03%--SQVM::Get
               |          |          
               |           --4.02%--SQTable::Get
               |          
               |--5.11%--SQVM::DerefInc
               |          |          
               |           --2.01%--SQVM::Set
               |          
                --2.01%--SQObjectPtr::operator= (inlined)

    30.78%    15.52%  sqgi     sqgi                   [.] SQVM::Execute
            |          
            |--15.52%--_start
            |          __libc_start_main_impl (inlined)
            |          __libc_start_call_main
            |          main
            |          sq_call
            |          SQVM::Execute
            |          
             --15.26%--SQVM::Execute
                       |          
                       |--6.03%--SQVM::Get
                       |          |          
                       |           --4.02%--SQTable::Get
                       |          
                        --5.11%--SQVM::DerefInc
                                  |          
                                   --2.01%--SQVM::Set

    20.21%     3.95%  sqgi     sqgi                   [.] sqjit_a64_helper_member_set_integer_logged
            |          
            |--16.25%--sqjit_a64_helper_member_set_integer_logged
            |          |          
            |           --15.89%--sqjit_a64_helper_member_set_integer_logged
            |                     SQJitWriteLog::RecordMember
            |                     |          
            |                     |--12.07%--SQJitWriteLog::ContainsMember<false> (inlined)
            |                     |          |          
            |                     |           --6.21%--SQJitWriteLog::ContainsMember<false>(SQObjectPtr const&, SQObjectPtr const&, SQObjectPtr const&) const::{lambda(SQJitWriteLog::Entry const&)#1}::operator() (inlined)
            |                     |          
            |                      --2.18%--SQJitWriteLog::CanRelease
            |          
             --2.15%--0xffff8cf364d3
                       0xffff8cf364d3
                       sqjit_a64_helper_member_set_integer_logged

    16.09%     0.00%  sqgi     [JIT] tid 586082       [.] 0x0000ffff8cf361b3
            |
            ---0xffff8cf361b3
               |          
               |--6.99%--0xffff8cf361b3
               |          sqjit_a64_helper_array_get_object
               |          |          
               |          |--3.24%--SQObjectPtr::operator= (inlined)
               |          |          
               |           --3.02%--SQArray::Get (inlined)
               |                     |          
               |                      --2.85%--SQArray::Get (inlined)
               |          
                --2.86%--0xffff8cf36214

    15.89%    13.18%  sqgi     sqgi                   [.] SQJitWriteLog::RecordMember
            |          
            |--6.77%--0xffff8cf364d3
            |          0xffff8cf364d3
            |          sqjit_a64_helper_member_set_integer_logged
            |          sqjit_a64_helper_member_set_integer_logged
            |          SQJitWriteLog::RecordMember
            |          |          
            |           --5.86%--SQJitWriteLog::ContainsMember<false> (inlined)
            |                     |          
            |                      --3.18%--SQJitWriteLog::ContainsMember<false>(SQObjectPtr const&, SQObjectPtr const&, SQObjectPtr const&) const::{lambda(SQJitWriteLog::Entry const&)#1}::operator() (inlined)
            |          
            |--6.41%--0xffff8cf363c3
            |          0xffff8cf363c3
            |          sqjit_a64_helper_member_set_integer_logged
            |          sqjit_a64_helper_member_set_integer_logged
            |          SQJitWriteLog::RecordMember
            |          |          
            |           --5.87%--SQJitWriteLog::ContainsMember<false> (inlined)
            |                     |          
            |                      --3.02%--SQJitWriteLog::ContainsMember<false>(SQObjectPtr const&, SQObjectPtr const&, SQObjectPtr const&) const::{lambda(SQJitWriteLog::Entry const&)#1}::operator() (inlined)
            |          
             --2.71%--SQJitWriteLog::RecordMember
                       |          
                        --2.18%--SQJitWriteLog::CanRelease

    15.79%     0.00%  sqgi     [JIT] tid 586082       [.] 0x0000ffff8cf364d3
            |
            ---0xffff8cf364d3
               |          
                --10.53%--0xffff8cf364d3
                          sqjit_a64_helper_member_set_integer_logged
                          |          
                           --8.39%--sqjit_a64_helper_member_set_integer_logged
                                     |          
                                      --8.20%--SQJitWriteLog::RecordMember
                                                |          
                                                 --6.02%--SQJitWriteLog::ContainsMember<false> (inlined)
                                                           |          
                                                            --3.18%--SQJitWriteLog::ContainsMember<false>(SQObjectPtr const&, SQObjectPtr const&, SQObjectPtr const&) const::{lambda(SQJitWriteLog::Entry const&)#1}::operator() (inlined)

    12.07%     0.00%  sqgi     sqgi                   [.] SQJitWriteLog::ContainsMember<false> (inlined)
            |
            ---SQJitWriteLog::ContainsMember<false> (inlined)
               |          
                --6.21%--SQJitWriteLog::ContainsMember<false>(SQObjectPtr const&, SQObjectPtr const&, SQObjectPtr const&) const::{lambda(SQJitWriteLog::Entry const&)#1}::operator() (inlined)

    11.48%     0.00%  sqgi     [JIT] tid 586082       [.] 0x0000ffff8cf3918b
            |
            ---0xffff8cf3918b
               |          
                --5.09%--0xffff8cf3918b
                          sqjit_a64_helper_member_closure_guard
                          |          
                           --2.92%--sqjit_a64_helper_member_closure_guard
                                     sqjit_a64_root_fallback_safe
                                     |          
                                      --2.37%--SQTable::GetRawSlot (inlined)
                                                SQTable::_Get (inlined)

    11.48%     2.01%  sqgi     sqgi                   [.] sqjit_a64_helper_member_closure_guard
            |          
             --9.47%--sqjit_a64_helper_member_closure_guard
                       |          
                       |--5.48%--sqjit_a64_helper_member_closure_guard
                       |          sqjit_a64_root_fallback_safe
                       |          |          
                       |           --4.38%--SQTable::GetRawSlot (inlined)
                       |                     |          
                       |                      --3.47%--SQTable::_Get (inlined)
                       |          
                        --3.99%--sqjit_a64_borrow_member_value_with_root (inlined)
                                  |          
                                   --3.08%--sqjit_a64_helper_member_closure_guard
                                             sqjit_a64_borrow_member_ptr_value
                                             |          
                                              --2.35%--SQTable::GetRawSlot (inlined)

    11.47%     0.00%  sqgi     [JIT] tid 586082       [.] 0x0000ffff8cf363c3
            |
            ---0xffff8cf363c3
               |          
                --9.67%--0xffff8cf363c3
                          sqjit_a64_helper_member_set_integer_logged
                          |          
                           --8.22%--sqjit_a64_helper_member_set_integer_logged
                                     |          
                                      --7.69%--SQJitWriteLog::RecordMember
                                                |          
                                                 --6.05%--SQJitWriteLog::ContainsMember<false> (inlined)
                                                           |          
                                                            --3.02%--SQJitWriteLog::ContainsMember<false>(SQObjectPtr const&, SQObjectPtr const&, SQObjectPtr const&) const::{lambda(SQJitWriteLog::Entry const&)#1}::operator() (inlined)

     6.99%     6.99%  sqgi     sqgi                   [.] sqjit_a64_helper_array_get_object
            |
            ---0xffff8cf361b3
               0xffff8cf361b3
               sqjit_a64_helper_array_get_object
               |          
               |--3.24%--SQObjectPtr::operator= (inlined)
               |          
                --3.02%--SQArray::Get (inlined)
                          |          
                           --2.85%--SQArray::Get (inlined)

     6.94%     1.10%  sqgi     sqgi                   [.] SQVM::Get
            |          
             --5.84%--SQVM::Get
                       |          
                        --4.75%--SQTable::Get
                                  |          
                                   --2.01%--SQTable::_Get (inlined)

     6.39%     0.00%  sqgi     [JIT] tid 586082       [.] 0x0000ffff8cf38213
            |
            ---0xffff8cf38213
               |          
                --3.28%--0xffff8cf38213
                          sqjit_a64_helper_member_closure_guard

     6.21%     0.00%  sqgi     sqgi                   [.] SQJitWriteLog::ContainsMember<false>(SQObjectPtr const&, SQObjectPtr const&, SQObjectPtr const&) const::{lambda(SQJitWriteLog::Entry const&)#1}::operator() (inlined)
            |
            ---SQJitWriteLog::ContainsMember<false>(SQObjectPtr const&, SQObjectPtr const&, SQObjectPtr const&) const::{lambda(SQJitWriteLog::Entry const&)#1}::operator() (inlined)

     6.03%     0.00%  sqgi     [JIT] tid 586082       [.] 0x0000ffff8cf371af
            |
            ---0xffff8cf371af
               |          
                --3.11%--0xffff8cf371af
                          sqjit_a64_helper_member_closure_guard

     5.48%     5.48%  sqgi     sqgi                   [.] sqjit_a64_root_fallback_safe
            |          
             --2.92%--0xffff8cf3918b
                       0xffff8cf3918b
                       sqjit_a64_helper_member_closure_guard
                       sqjit_a64_helper_member_closure_guard
                       sqjit_a64_root_fallback_safe
                       |          
                        --2.37%--SQTable::GetRawSlot (inlined)
                                  SQTable::_Get (inlined)

     5.11%     1.64%  sqgi     sqgi                   [.] SQVM::DerefInc
            |          
             --3.47%--SQVM::DerefInc
                       |          
                        --2.01%--SQVM::Set

     4.57%     4.57%  sqgi     sqgi                   [.] SQTable::Get
            |
            ---_start
               __libc_start_main_impl (inlined)
               __libc_start_call_main
               main
               sq_call
               SQVM::Execute
               |          
                --3.84%--SQVM::Get
                          SQTable::Get

     4.38%     0.00%  sqgi     sqgi                   [.] SQTable::GetRawSlot (inlined)
            |
            ---SQTable::GetRawSlot (inlined)
               |          
                --3.47%--SQTable::_Get (inlined)

     4.36%     0.00%  sqgi     sqgi                   [.] sqjit_a64_borrow_member_value_with_root (inlined)
            |
            ---sqjit_a64_borrow_member_value_with_root (inlined)
               |          
                --3.08%--sqjit_a64_helper_member_closure_guard
                          sqjit_a64_borrow_member_ptr_value
                          |          
                           --2.35%--SQTable::GetRawSlot (inlined)

     3.99%     3.99%  sqgi     sqgi                   [.] sqjit_a64_borrow_member_ptr_value
     3.47%     0.00%  sqgi     sqgi                   [.] SQTable::_Get (inlined)
            |
            ---SQTable::_Get (inlined)

     3.42%     0.00%  sqgi     sqgi                   [.] SQObjectPtr::operator= (inlined)
            |
            ---SQObjectPtr::operator= (inlined)

     3.02%     0.00%  sqgi     sqgi                   [.] SQArray::Get (inlined)
            |
            ---SQArray::Get (inlined)
               |          
                --2.85%--SQArray::Get (inlined)

     2.86%     2.86%  sqgi     [JIT] tid 586082       [.] 0x0000ffff8cf36214
            |
            ---0xffff8cf361b3
               0xffff8cf36214

     2.35%     0.00%  sqgi     sqgi                   [.] SQTable::GetRawSlot (inlined)
            |
            ---SQTable::GetRawSlot (inlined)

     2.18%     2.18%  sqgi     sqgi                   [.] SQJitWriteLog::CanRelease
     2.01%     0.00%  sqgi     sqgi                   [.] SQTable::_Get (inlined)
            |
            ---SQTable::_Get (inlined)

     2.01%     0.00%  sqgi     sqgi                   [.] SQObjectPtr::operator= (inlined)
            |
            ---SQObjectPtr::operator= (inlined)

     2.01%     1.09%  sqgi     sqgi                   [.] SQVM::Set


#
# (Cannot load tips.txt file, please install perf!)
#
