JIT_CAPTURE_BREAKPOINT -1
[Thread debugging using libthread_db enabled]
Using host libthread_db library "/lib/aarch64-linux-gnu/libthread_db.so.1".
JIT_CAPTURE recycle frame 0xfffff7f84000 8192
BENCH	table_owners_1	1003	1.356929212	615764.25
BENCH	table_owners_2	1003	1.178464606	616780.25
BENCH	table_owners_5	1003	1.157527418	613838.25
BENCH	table_owners_19	1003	1.138584247	618610.25
BENCH	table_owners_257	1003	1.352941176	749599.25
BENCH	class_owners_1	1003	1.331006979	615764.25
BENCH	class_owners_2	1003	1.249252243	616780.25
BENCH	class_owners_5	1003	1.231306082	613838.25
BENCH	class_owners_19	1003	1.213359920	618610.25
BENCH	class_owners_257	1003	1.290129611	749599.25
[Inferior 1 (process 580857) exited normally]
[Thread debugging using libthread_db enabled]
Using host libthread_db library "/lib/aarch64-linux-gnu/libthread_db.so.1".
JIT_CAPTURE transfer frame 0xfffff7f85000 4096
JIT_CAPTURE publish frame 0xfffff7f84000 4096
BENCH	transfer_table	1003	1248.419740778	121851
BENCH	transfer_class	1003	1277.854436690	121851
BENCH	transfer_mixed	1003	1461.168494516	121851
BENCH	publish_table	1003	1199.791625125	133577
BENCH	publish_class	1003	1204.266201396	133577
BENCH	publish_mixed	1003	1277.282153539	133577
[Inferior 1 (process 580876) exited normally]
[Thread debugging using libthread_db enabled]
Using host libthread_db library "/lib/aarch64-linux-gnu/libthread_db.so.1".
JIT_CAPTURE table_apply frame 0xfffff7f84000 8192
JIT_CAPTURE apply frame 0xfffff7d7e000 8192
BENCH	table_events_97	1003	1081.575274177	140378
BENCH	class_events_97	1003	1303.508474576	140378
BENCH	buffers_7	1003	0.920239282	944693
BENCH	buffers_31	1003	0.905284148	861874
BENCH	calibrate_17	1003	1.527417747	5140.09375
BENCH	calibrate_67	1003	1.334995015	5049
[Inferior 1 (process 580934) exited normally]
JIT_CAPTURE_VERIFIED five canonical-frame functions
