# To display the perf.data header info, please use --header/--header-only options.
#
#
# Total Lost Samples: 0
#
# Samples: 330  of event 'cycles:u'
# Event count (approx.): 1356369025
#
# Children      Self  Command  Shared Object            Symbol                                          
# ........  ........  .......  .......................  ................................................
#
    21.47%     9.73%  sqgi     sqgi                     [.] sqjit_a64_helper_member_closure_guard
            |          
             --11.74%--sqjit_a64_helper_member_closure_guard
                       sqjit_a64_helper_member_closure_guard
                       sqjit_a64_borrow_member_ptr_value
                       |          
                        --7.72%--SQTable::GetRawSlot (inlined)
                                  |          
                                  |--3.36%--HashObj (inlined)
                                  |          
                                   --2.35%--SQTable::_Get (inlined)

    14.42%    14.42%  sqgi     sqgi                     [.] sqjit_a64_borrow_member_ptr_value
            |          
             --2.68%--0xffff9aecb19f
                       0xffff9aecb19f
                       sqjit_a64_helper_member_native_closure_guard
                       sqjit_a64_helper_member_native_closure_guard
                       sqjit_a64_borrow_member_ptr_value

     9.39%     0.00%  sqgi     sqgi                     [.] SQTable::GetRawSlot (inlined)
            |
            ---SQTable::GetRawSlot (inlined)
               |          
               |--3.68%--SQTable::_Get (inlined)
               |          
                --3.36%--HashObj (inlined)

     8.72%     0.00%  sqgi     [JIT] tid 586373         [.] 0x0000ffff9aece1d3
            |
            ---0xffff9aece1d3
               |          
                --2.02%--0xffff9aece284

     7.04%     0.00%  sqgi     [JIT] tid 586373         [.] 0x0000ffff9aecc153
            |
            ---0xffff9aecc153

     6.03%     0.00%  sqgi     [JIT] tid 586373         [.] 0x0000ffff9aecb19f
            |
            ---0xffff9aecb19f
               |          
                --2.68%--0xffff9aecb19f
                          sqjit_a64_helper_member_native_closure_guard
                          sqjit_a64_helper_member_native_closure_guard
                          sqjit_a64_borrow_member_ptr_value

     5.71%     0.00%  sqgi     [JIT] tid 586373         [.] 0x0000ffff9aecf84f
            |
            ---0xffff9aecf84f

     5.70%     0.00%  sqgi     [JIT] tid 586373         [.] 0x0000ffff9aecd28f
            |
            ---0xffff9aecd28f
               |          
                --2.35%--0xffff9aecd28f
                          sqjit_a64_helper_member_closure_guard

     5.39%     0.00%  sqgi     [JIT] tid 586373         [.] 0x0000ffff9b0d4153
            |
            ---0xffff9b0d4153

     5.38%     0.00%  sqgi     [JIT] tid 586373         [.] 0x0000ffff9aecf55f
            |
            ---0xffff9aecf55f

     5.36%     0.00%  sqgi     [JIT] tid 586373         [.] 0x0000ffff9b0d33af
            |
            ---0xffff9b0d33af
               |          
                --2.00%--0xffff9b0d341c

     5.04%     0.00%  sqgi     [JIT] tid 586373         [.] 0x0000ffff9aecf3e7
            |
            ---0xffff9aecf3e7

     5.03%     0.00%  sqgi     [JIT] tid 586373         [.] 0x0000ffff9aecf61b
            |
            ---0xffff9aecf61b

     4.70%     0.00%  sqgi     [JIT] tid 586373         [.] 0x0000ffff9aecf313
            |
            ---0xffff9aecf313
               |          
                --2.35%--0xffff9aecf394

     4.70%     0.00%  sqgi     [JIT] tid 586373         [.] 0x0000ffff9aecb1ff
            |
            ---0xffff9aecb1ff

     4.69%     0.00%  sqgi     [JIT] tid 586373         [.] 0x0000ffff9aecd1d7
            |
            ---0xffff9aecd1d7
               |          
                --2.35%--0xffff9aecd1d7
                          sqjit_a64_helper_member_closure_guard

     4.69%     0.00%  sqgi     [JIT] tid 586373         [.] 0x0000ffff9b0d346f
            |
            ---0xffff9b0d346f

     4.67%     0.00%  sqgi     [JIT] tid 586373         [.] 0x0000ffff9b0d322f
            |
            ---0xffff9b0d322f

     3.70%     0.00%  sqgi     [JIT] tid 586373         [.] 0x0000ffff9aecf6d7
            |
            ---0xffff9aecf6d7

     3.69%     0.00%  sqgi     [JIT] tid 586373         [.] 0x0000ffff9b0d32ef
            |
            ---0xffff9b0d32ef

     3.68%     0.00%  sqgi     sqgi                     [.] SQTable::_Get (inlined)
            |
            ---SQTable::_Get (inlined)

     3.36%     0.00%  sqgi     [JIT] tid 586373         [.] 0x0000ffff9aecf793
            |
            ---0xffff9aecf793

     3.36%     0.00%  sqgi     sqgi                     [.] HashObj (inlined)
            |
            ---HashObj (inlined)

     2.69%     0.00%  sqgi     [JIT] tid 586373         [.] 0x0000ffff9aecf4a3
            |
            ---0xffff9aecf4a3

     2.68%     0.00%  sqgi     sqgi                     [.] sqjit_a64_helper_member_native_closure_guard
            |
            ---sqjit_a64_helper_member_native_closure_guard
               sqjit_a64_helper_member_native_closure_guard
               sqjit_a64_borrow_member_ptr_value

     2.35%     2.35%  sqgi     [JIT] tid 586373         [.] 0x0000ffff9aecf394
            |
            ---0xffff9aecf313
               0xffff9aecf394

     2.02%     2.02%  sqgi     [JIT] tid 586373         [.] 0x0000ffff9aece284
            |
            ---0xffff9aece1d3
               0xffff9aece284

     2.01%     0.00%  sqgi     sqgi                     [.] sqjit_a64_borrow_member_value_with_root (inlined)
            |
            ---sqjit_a64_borrow_member_value_with_root (inlined)

     2.01%     0.00%  sqgi     [JIT] tid 586373         [.] 0x0000ffff9aecb153
            |
            ---0xffff9aecb153
               0xffff9aecb153
               sqjit_a64_helper_member_closure_guard

     2.00%     2.00%  sqgi     [JIT] tid 586373         [.] 0x0000ffff9b0d341c
            |
            ---0xffff9b0d33af
               0xffff9b0d341c



#
# (Cannot load tips.txt file, please install perf!)
#
