BENCH	filter	200000	0.023640000	10.254364576940203
BENCH	channels_4	200000	0.077750000	20.621658757381574
BENCH	pressure_8	200000	0.152280000	30.900920683591639
BENCH	integration	200000	0.037725000	1562.9738403896752
BENCH	retained_input	200000	0.044505000	399985.55383443867
BENCH	branching	200000	0.030815000	1.6005902475563216
BENCH	helper_control	200000	0.054810000	3.7152600782050693
BENCH	filter	200000	0.023245000	10.254364576940203
BENCH	channels_4	200000	0.077915000	20.621658757381574
BENCH	pressure_8	200000	0.151630000	30.900920683591639
BENCH	integration	200000	0.038455000	1562.9738403896752
BENCH	retained_input	200000	0.043890000	399985.55383443867
BENCH	branching	200000	0.030545000	1.6005902475563216
BENCH	helper_control	200000	0.054855000	3.7152600782050693
BENCH	filter	200000	0.023215000	10.254364576940203
BENCH	channels_4	200000	0.078240000	20.621658757381574
BENCH	pressure_8	200000	0.151370000	30.900920683591639
BENCH	integration	200000	0.036790000	1562.9738403896752
BENCH	retained_input	200000	0.044720000	399985.55383443867
BENCH	branching	200000	0.030425000	1.6005902475563216
BENCH	helper_control	200000	0.054765000	3.7152600782050693
608.69;msec;task-clock:u;0.67%;608690542;100.00;0.979;CPUs utilized
1363522667;;cycles:u;0.15%;608750334;100.00;2.211;GHz
3897253360;;instructions:u;0.00%;608750334;100.00;2.86;insn per cycle
150188;;branch-misses:u;1.07%;608750334;100.00;;
1434269266;;cache-references:u;0.01%;608750334;100.00;2.326;G/sec
243268;;cache-misses:u;1.47%;608750334;100.00;0.017;of all cache refs
786;;page-faults:u;0.00%;608690542;100.00;1.274;K/sec
0;;context-switches:u;0.00%;608690542;100.00;0.000;/sec
