BENCH	direct_call	3200000	0.033959	563347
BENCH	branch_call	3200000	0.031580	599062
BENCH	float_call	3200000	0.020892	8.2204724409448815
BENCH	numeric_loop	3200000	0.022861	612398470
BENCH	vector	160000	0.377144	0.12553851953971693
BENCH	dynamic_member	160000	0.731406	7261462
BENCH	dynamic_key_get_set	160000	0.183188	6566091
BENCH	object_member_write_fallback	160000	0.471500	595919
BENCH	array_append	160000	0.124800	3048687
BENCH	array_write	160000	0.036900	831988
BENCH	array_read	3200000	0.007013	8000000
BENCH	array_float	3200000	0.006794	6400000
BENCH	math_intrinsic	160000	0.202937	2418270.8295144332
BENCH	math_variable	160000	0.217644	313782.39947747899
BENCH	matrix	160000	0.312544	-0.024510798820940455
BENCH	direct_call	3200000	0.033882	563347
BENCH	branch_call	3200000	0.031428	599062
BENCH	float_call	3200000	0.020824	8.2204724409448815
BENCH	numeric_loop	3200000	0.022824	612398470
BENCH	vector	160000	0.364700	0.12553851953971693
BENCH	dynamic_member	160000	0.730981	7261462
BENCH	dynamic_key_get_set	160000	0.183275	6566091
BENCH	object_member_write_fallback	160000	0.472556	595919
BENCH	array_append	160000	0.107719	3048687
BENCH	array_write	160000	0.037144	831988
BENCH	array_read	3200000	0.007073	8000000
BENCH	array_float	3200000	0.006802	6400000
BENCH	math_intrinsic	160000	0.203269	2418270.8295144332
BENCH	math_variable	160000	0.218319	313782.39947747899
BENCH	matrix	160000	0.311119	-0.024510798820940455
BENCH	direct_call	3200000	0.034000	563347
BENCH	branch_call	3200000	0.031433	599062
BENCH	float_call	3200000	0.020841	8.2204724409448815
BENCH	numeric_loop	3200000	0.022850	612398470
BENCH	vector	160000	0.364931	0.12553851953971693
BENCH	dynamic_member	160000	0.730437	7261462
BENCH	dynamic_key_get_set	160000	0.182525	6566091
BENCH	object_member_write_fallback	160000	0.470500	595919
BENCH	array_append	160000	0.138112	3048687
BENCH	array_write	160000	0.037094	831988
BENCH	array_read	3200000	0.007127	8000000
BENCH	array_float	3200000	0.006803	6400000
BENCH	math_intrinsic	160000	0.208044	2418270.8295144332
BENCH	math_variable	160000	0.237469	313782.39947747899
BENCH	matrix	160000	0.310831	-0.024510798820940455
4948.30;msec;task-clock:u;0.28%;4948295893;100.00;1.002;CPUs utilized
11186552334;;cycles:u;0.19%;4948722035;100.00;2.268;GHz
28695641047;;instructions:u;0.00%;4948722035;100.00;2.57;insn per cycle
4905987;;branch-misses:u;12.58%;4948722035;100.00;;
11746729105;;cache-references:u;0.11%;4948722035;100.00;2.382;G/sec
1215542;;cache-misses:u;1.90%;4948722035;100.00;0.010;of all cache refs
10510;;page-faults:u;0.00%;4948295893;100.00;2.131;K/sec
0;;context-switches:u;0.00%;4948295893;100.00;0.000;/sec
