# To display the perf.data header info, please use --header/--header-only options.
#
#
# Total Lost Samples: 0
#
# Samples: 2K of event 'cycles:u'
# Event count (approx.): 11176017789
#
# Children      Self  Command  Shared Object               Symbol                                           
# ........  ........  .......  ..........................  .................................................
#
    24.81%     0.00%  sqgi     sqgi                        [.] _start
            |
            ---_start
               __libc_start_main_impl (inlined)
               __libc_start_call_main
               main
               |          
                --24.75%--sq_call
                          SQVM::Execute

    24.81%     0.00%  sqgi     libc.so.6                   [.] __libc_start_main_impl (inlined)
            |
            ---__libc_start_main_impl (inlined)
               __libc_start_call_main
               main
               |          
                --24.75%--sq_call
                          SQVM::Execute

    24.81%     0.00%  sqgi     libc.so.6                   [.] __libc_start_call_main
            |
            ---__libc_start_call_main
               main
               |          
                --24.75%--sq_call
                          SQVM::Execute

    24.81%     0.00%  sqgi     sqgi                        [.] main
            |
            ---main
               |          
                --24.75%--sq_call
                          SQVM::Execute

    24.75%    20.48%  sqgi     sqgi                        [.] SQVM::Execute
            |          
            |--20.48%--_start
            |          __libc_start_main_impl (inlined)
            |          __libc_start_call_main
            |          main
            |          sq_call
            |          SQVM::Execute
            |          
             --4.28%--SQVM::Execute

    24.75%     0.00%  sqgi     sqgi                        [.] sq_call
            |
            ---sq_call
               SQVM::Execute

    13.31%     0.00%  sqgi     [JIT] tid 585947            [.] 0x0000ffff9efb3153
            |
            ---0xffff9efb3153
               |          
                --2.68%--0xffff9efb3240

    12.41%     0.00%  sqgi     [JIT] tid 585947            [.] 0x0000ffff9efb2153
            |
            ---0xffff9efb2153
               |          
                --2.08%--0xffff9efb2268

     8.20%     0.00%  sqgi     [JIT] tid 585947            [.] 0x0000ffff9efb1153
            |
            ---0xffff9efb1153
               |          
                --2.41%--0xffff9efb11b4

     7.43%     0.00%  sqgi     [JIT] tid 585947            [.] 0x0000ffff9efb0043
            |
            ---0xffff9efb0043
               |          
                --2.20%--0xffff9efb0230

     6.36%     0.00%  sqgi     [JIT] tid 585947            [.] 0x0000ffff9ef9f32b
            |
            ---0xffff9ef9f32b

     5.38%     2.08%  sqgi     sqgi                        [.] sqjit_a64_helper_member_closure_guard
            |          
             --3.30%--sqjit_a64_helper_member_closure_guard
                       sqjit_a64_helper_member_closure_guard
                       sqjit_a64_borrow_member_ptr_value

     5.30%     5.30%  sqgi     sqgi                        [.] sqjit_a64_borrow_member_ptr_value
     3.26%     0.00%  sqgi     sqgi                        [.] SQTable::GetRawSlot (inlined)
            |
            ---SQTable::GetRawSlot (inlined)

     2.69%     2.69%  sqgi     [JIT] tid 585947            [.] 0x0000ffff9efb0230
            |          
             --2.20%--0xffff9efb0043
                       0xffff9efb0230

     2.68%     2.68%  sqgi     [JIT] tid 585947            [.] 0x0000ffff9efb3240
            |
            ---0xffff9efb3153
               0xffff9efb3240

     2.61%     0.00%  sqgi     sqgi                        [.] sqjit_a64_borrow_member_value_with_root (inlined)
            |
            ---sqjit_a64_borrow_member_value_with_root (inlined)

     2.49%     0.49%  sqgi     sqgi                        [.] sqjit_a64_helper_member_native_closure_guard
     2.49%     0.00%  sqgi     [JIT] tid 585947            [.] 0x0000ffff9efa210f
            |
            ---0xffff9efa210f

     2.41%     2.41%  sqgi     [JIT] tid 585947            [.] 0x0000ffff9efb11b4
            |
            ---0xffff9efb1153
               0xffff9efb11b4

     2.12%     0.00%  sqgi     sqgi                        [.] SQObjectPtr::operator= (inlined)
            |
            ---SQObjectPtr::operator= (inlined)

     2.08%     2.08%  sqgi     [JIT] tid 585947            [.] 0x0000ffff9efb2268
            |
            ---0xffff9efb2153
               0xffff9efb2268

     2.04%     2.04%  sqgi     sqgi                        [.] SQTable::Get


#
# (Cannot load tips.txt file, please install perf!)
#
