# To display the perf.data header info, please use --header/--header-only options.
#
#
# Total Lost Samples: 0
#
# Samples: 1K of event 'cycles:u'
# Event count (approx.): 6004530753
#
# Children      Self  Command  Shared Object          Symbol                                          
# ........  ........  .......  .....................  ................................................
#
    78.71%     0.00%  sqgi     libc.so.6              [.] __libc_start_call_main
            |
            ---__libc_start_call_main
               __libc_start_call_main
               main
               |          
                --78.69%--sq_call
                          SQVM::Execute
                          |          
                          |--6.93%--sqjit_try_execute_current
                          |          |          
                          |           --2.28%--SQVM::Return
                          |          
                          |--6.07%--SQObjectPtr::operator= (inlined)
                          |          
                          |--5.77%--sq_member_cache_hit (inlined)
                          |          |          
                          |           --3.80%--SQTable::GetCachedSlot (inlined)
                          |          
                          |--3.68%--sqjit_try_execute_current_loop
                          |          
                          |--3.11%--sq_member_raw_slot (inlined)
                          |          |          
                          |           --2.96%--SQTable::GetRawSlot (inlined)
                          |                     |          
                          |                      --2.05%--SQTable::_Get (inlined)
                          |          
                          |--3.04%--SQVM::Get
                          |          
                          |--2.95%--SQArray::Get (inlined)
                          |          |          
                          |           --2.65%--SQArray::Get (inlined)
                          |          
                          |--2.28%--sq_vm_member_cache_for (inlined)
                          |          |          
                          |           --2.05%--SQFunctionProto::MemberCacheAt (inlined)
                          |          
                           --2.05%--SQVM::CMP_OP

    78.71%     0.00%  sqgi     sqgi                   [.] main
            |
            ---main
               |          
                --78.69%--sq_call
                          SQVM::Execute
                          |          
                          |--6.93%--sqjit_try_execute_current
                          |          |          
                          |           --2.28%--SQVM::Return
                          |          
                          |--6.07%--SQObjectPtr::operator= (inlined)
                          |          
                          |--5.77%--sq_member_cache_hit (inlined)
                          |          |          
                          |           --3.80%--SQTable::GetCachedSlot (inlined)
                          |          
                          |--3.68%--sqjit_try_execute_current_loop
                          |          
                          |--3.11%--sq_member_raw_slot (inlined)
                          |          |          
                          |           --2.96%--SQTable::GetRawSlot (inlined)
                          |                     |          
                          |                      --2.05%--SQTable::_Get (inlined)
                          |          
                          |--3.04%--SQVM::Get
                          |          
                          |--2.95%--SQArray::Get (inlined)
                          |          |          
                          |           --2.65%--SQArray::Get (inlined)
                          |          
                          |--2.28%--sq_vm_member_cache_for (inlined)
                          |          |          
                          |           --2.05%--SQFunctionProto::MemberCacheAt (inlined)
                          |          
                           --2.05%--SQVM::CMP_OP

    78.69%    58.44%  sqgi     sqgi                   [.] SQVM::Execute
            |          
            |--58.44%--__libc_start_call_main
            |          __libc_start_call_main
            |          main
            |          sq_call
            |          SQVM::Execute
            |          |          
            |          |--6.07%--SQObjectPtr::operator= (inlined)
            |          |          
            |          |--5.70%--sq_member_cache_hit (inlined)
            |          |          |          
            |          |           --3.80%--SQTable::GetCachedSlot (inlined)
            |          |          
            |          |--3.11%--sq_member_raw_slot (inlined)
            |          |          |          
            |          |           --2.96%--SQTable::GetRawSlot (inlined)
            |          |                     |          
            |          |                      --2.05%--SQTable::_Get (inlined)
            |          |          
            |          |--2.95%--SQArray::Get (inlined)
            |          |          |          
            |          |           --2.65%--SQArray::Get (inlined)
            |          |          
            |           --2.28%--sq_vm_member_cache_for (inlined)
            |                     |          
            |                      --2.05%--SQFunctionProto::MemberCacheAt (inlined)
            |          
             --20.24%--SQVM::Execute
                       |          
                       |--6.93%--sqjit_try_execute_current
                       |          |          
                       |           --2.28%--SQVM::Return
                       |          
                       |--3.68%--sqjit_try_execute_current_loop
                       |          
                       |--3.04%--SQVM::Get
                       |          
                        --2.05%--SQVM::CMP_OP

    78.69%     0.00%  sqgi     sqgi                   [.] sq_call
            |
            ---sq_call
               SQVM::Execute
               |          
               |--6.93%--sqjit_try_execute_current
               |          |          
               |           --2.28%--SQVM::Return
               |          
               |--6.07%--SQObjectPtr::operator= (inlined)
               |          
               |--5.77%--sq_member_cache_hit (inlined)
               |          |          
               |           --3.80%--SQTable::GetCachedSlot (inlined)
               |          
               |--3.68%--sqjit_try_execute_current_loop
               |          
               |--3.11%--sq_member_raw_slot (inlined)
               |          |          
               |           --2.96%--SQTable::GetRawSlot (inlined)
               |                     |          
               |                      --2.05%--SQTable::_Get (inlined)
               |          
               |--3.04%--SQVM::Get
               |          
               |--2.95%--SQArray::Get (inlined)
               |          |          
               |           --2.65%--SQArray::Get (inlined)
               |          
               |--2.28%--sq_vm_member_cache_for (inlined)
               |          |          
               |           --2.05%--SQFunctionProto::MemberCacheAt (inlined)
               |          
                --2.05%--SQVM::CMP_OP

     7.50%     0.00%  sqgi     sqgi                   [.] SQObjectPtr::operator= (inlined)
            |
            ---SQObjectPtr::operator= (inlined)

     7.31%     2.99%  sqgi     sqgi                   [.] sqjit_try_execute_current
            |          
            |--4.31%--sqjit_try_execute_current
            |          |          
            |           --2.28%--SQVM::Return
            |          
             --2.99%--__libc_start_call_main
                       __libc_start_call_main
                       main
                       sq_call
                       SQVM::Execute
                       sqjit_try_execute_current

     5.77%     0.00%  sqgi     sqgi                   [.] sq_member_cache_hit (inlined)
            |
            ---sq_member_cache_hit (inlined)
               |          
                --3.80%--SQTable::GetCachedSlot (inlined)

     4.48%     0.00%  sqgi     [JIT] tid 586141       [.] 0x0000ffffbc70542f
            |
            ---0xffffbc70542f

     3.80%     0.00%  sqgi     sqgi                   [.] SQTable::GetCachedSlot (inlined)
            |
            ---SQTable::GetCachedSlot (inlined)

     3.68%     2.66%  sqgi     sqgi                   [.] sqjit_try_execute_current_loop
            |          
             --2.66%--__libc_start_call_main
                       __libc_start_call_main
                       main
                       sq_call
                       SQVM::Execute
                       sqjit_try_execute_current_loop

     3.56%     3.49%  sqgi     sqgi                   [.] sqjit_a64_precise_step<(SQOpcode)14, false>
            |          
             --2.13%--0xffffbc7061a7
                       0xffffbc7061a7
                       sqjit_a64_precise_step<(SQOpcode)14, false>

     3.19%     0.00%  sqgi     [JIT] tid 586141       [.] 0x0000ffffbc706613
            |
            ---0xffffbc706613

     3.11%     0.00%  sqgi     sqgi                   [.] sq_member_raw_slot (inlined)
            |
            ---sq_member_raw_slot (inlined)
               |          
                --2.96%--SQTable::GetRawSlot (inlined)
                          |          
                           --2.05%--SQTable::_Get (inlined)

     3.04%     0.53%  sqgi     sqgi                   [.] SQVM::Get
            |          
             --2.50%--SQVM::Get

     3.04%     1.97%  sqgi     sqgi                   [.] sqjit_number_conversion_guard
     2.96%     0.00%  sqgi     sqgi                   [.] SQTable::GetRawSlot (inlined)
            |
            ---SQTable::GetRawSlot (inlined)
               |          
                --2.05%--SQTable::_Get (inlined)

     2.95%     0.00%  sqgi     sqgi                   [.] SQArray::Get (inlined)
            |
            ---SQArray::Get (inlined)
               |          
                --2.65%--SQArray::Get (inlined)

     2.73%     2.73%  sqgi     sqgi                   [.] sqjit_a64_precise_step<(SQOpcode)9, true>
     2.70%     0.00%  sqgi     [JIT] tid 586141       [.] 0x0000ffffbc708613
            |
            ---0xffffbc708613

     2.66%     2.66%  sqgi     sqgi                   [.] SQTable::Get
     2.58%     0.00%  sqgi     [JIT] tid 586141       [.] 0x0000ffffbc7061a7
            |
            ---0xffffbc7061a7
               |          
                --2.13%--0xffffbc7061a7
                          sqjit_a64_precise_step<(SQOpcode)14, false>

     2.50%     0.00%  sqgi     sqgi                   [.] sqjit_a64_precise_member<false> (inlined)
            |
            ---sqjit_a64_precise_member<false> (inlined)
               |          
                --2.12%--sq_member_raw_slot (inlined)

     2.28%     0.99%  sqgi     sqgi                   [.] SQVM::Return
     2.28%     0.00%  sqgi     sqgi                   [.] sq_vm_member_cache_for (inlined)
            |
            ---sq_vm_member_cache_for (inlined)
               |          
                --2.05%--SQFunctionProto::MemberCacheAt (inlined)

     2.12%     0.00%  sqgi     sqgi                   [.] sq_member_raw_slot (inlined)
            |
            ---sq_member_raw_slot (inlined)

     2.05%     0.00%  sqgi     sqgi                   [.] sqjit_a64_precise_member<true> (inlined)
            |
            ---sqjit_a64_precise_member<true> (inlined)

     2.05%     0.00%  sqgi     sqgi                   [.] SQTable::_Get (inlined)
            |
            ---SQTable::_Get (inlined)

     2.05%     0.00%  sqgi     sqgi                   [.] SQFunctionProto::MemberCacheAt (inlined)
            |
            ---SQFunctionProto::MemberCacheAt (inlined)

     2.05%     0.99%  sqgi     sqgi                   [.] SQVM::CMP_OP
     2.05%     0.00%  sqgi     sqgi                   [.] SQTable::GetRawSlot (inlined)
            |
            ---SQTable::GetRawSlot (inlined)

     2.03%     0.00%  sqgi     [JIT] tid 586141       [.] 0x0000ffffbc7081a7
            |
            ---0xffffbc7081a7



#
# (Cannot load tips.txt file, please install perf!)
#
