BENCH	table_events_97	200000	0.424300000	10069540
BENCH	class_events_97	200000	0.418810000	10069540
BENCH	buffers_7	200000	0.433395000	65667
BENCH	buffers_31	200000	0.434755000	651677
BENCH	calibrate_17	200000	0.083375000	1040538.515625
BENCH	calibrate_67	200000	0.084055000	1040417.796875
BENCH	table_events_97	200000	0.422325000	10069540
BENCH	class_events_97	200000	0.417700000	10069540
BENCH	buffers_7	200000	0.431650000	65667
BENCH	buffers_31	200000	0.432040000	651677
BENCH	calibrate_17	200000	0.083600000	1040538.515625
BENCH	calibrate_67	200000	0.084370000	1040417.796875
BENCH	table_events_97	200000	0.422865000	10069540
BENCH	class_events_97	200000	0.416570000	10069540
BENCH	buffers_7	200000	0.433305000	65667
BENCH	buffers_31	200000	0.434110000	651677
BENCH	calibrate_17	200000	0.083440000	1040538.515625
BENCH	calibrate_67	200000	0.083925000	1040417.796875
2643.31;msec;task-clock:u;0.17%;2643306155;100.00;0.997;CPUs utilized
6010035444;;cycles:u;0.09%;2643524613;100.00;2.271;GHz
17520753715;;instructions:u;0.00%;2643524613;100.00;2.91;insn per cycle
3357459;;branch-misses:u;0.19%;2643524613;100.00;;
7223909758;;cache-references:u;0.00%;2643524613;100.00;2.730;G/sec
5517489;;cache-misses:u;1.00%;2643524613;100.00;0.076;of all cache refs
811;;page-faults:u;0.07%;2643306155;100.00;306.453;/sec
0;;context-switches:u;0.00%;2643306155;100.00;0.000;/sec
