BENCH	transfer_table	200000	0.451840000	141925
BENCH	transfer_class	200000	0.455790000	141925
BENCH	transfer_mixed	200000	0.460960000	141925
BENCH	publish_table	200000	0.400185000	410680
BENCH	publish_class	200000	0.400870000	410680
BENCH	publish_mixed	200000	0.405105000	410680
BENCH	transfer_table	200000	0.443735000	141925
BENCH	transfer_class	200000	0.445790000	141925
BENCH	transfer_mixed	200000	0.450225000	141925
BENCH	publish_table	200000	0.399730000	410680
BENCH	publish_class	200000	0.400905000	410680
BENCH	publish_mixed	200000	0.405245000	410680
BENCH	transfer_table	200000	0.442490000	141925
BENCH	transfer_class	200000	0.444260000	141925
BENCH	transfer_mixed	200000	0.449215000	141925
BENCH	publish_table	200000	0.402545000	410680
BENCH	publish_class	200000	0.400030000	410680
BENCH	publish_mixed	200000	0.409110000	410680
3593.38;msec;task-clock:u;0.38%;3593380571;100.00;0.996;CPUs utilized
8170888175;;cycles:u;0.35%;3593748073;100.00;2.269;GHz
23606608947;;instructions:u;0.00%;3593748073;100.00;2.88;insn per cycle
1663568;;branch-misses:u;0.29%;3593748073;100.00;;
9724108356;;cache-references:u;0.01%;3593748073;100.00;2.700;G/sec
324460;;cache-misses:u;1.18%;3593748073;100.00;0.003;of all cache refs
795;;page-faults:u;0.04%;3593380571;100.00;220.719;/sec
0;;context-switches:u;0.00%;3593380571;100.00;0.000;/sec
