BENCH	table_owners_1	200000	0.164105000	5098276961
BENCH	table_owners_2	200000	0.163960000	5098477602
BENCH	table_owners_5	200000	0.163825000	5097878556
BENCH	table_owners_19	200000	0.164315000	5098684496
BENCH	table_owners_257	200000	0.164285000	5100408060
BENCH	class_owners_1	200000	0.163825000	5098276961
BENCH	class_owners_2	200000	0.163900000	5098477602
BENCH	class_owners_5	200000	0.163940000	5097878556
BENCH	class_owners_19	200000	0.163930000	5098684496
BENCH	class_owners_257	200000	0.164775000	5100408060
BENCH	table_owners_1	200000	0.164000000	5098276961
BENCH	table_owners_2	200000	0.163930000	5098477602
BENCH	table_owners_5	200000	0.163900000	5097878556
BENCH	table_owners_19	200000	0.164080000	5098684496
BENCH	table_owners_257	200000	0.164345000	5100408060
BENCH	class_owners_1	200000	0.163790000	5098276961
BENCH	class_owners_2	200000	0.163940000	5098477602
BENCH	class_owners_5	200000	0.164115000	5097878556
BENCH	class_owners_19	200000	0.163850000	5098684496
BENCH	class_owners_257	200000	0.164160000	5100408060
BENCH	table_owners_1	200000	0.164190000	5098276961
BENCH	table_owners_2	200000	0.163900000	5098477602
BENCH	table_owners_5	200000	0.163915000	5097878556
BENCH	table_owners_19	200000	0.163965000	5098684496
BENCH	table_owners_257	200000	0.164515000	5100408060
BENCH	class_owners_1	200000	0.163890000	5098276961
BENCH	class_owners_2	200000	0.163850000	5098477602
BENCH	class_owners_5	200000	0.164450000	5097878556
BENCH	class_owners_19	200000	0.164485000	5098684496
BENCH	class_owners_257	200000	0.164905000	5100408060
2322.89;msec;task-clock:u;0.09%;2322889527;100.00;0.999;CPUs utilized
5265008774;;cycles:u;0.03%;2323160497;100.00;2.269;GHz
16702210345;;instructions:u;0.00%;2323160497;100.00;3.17;insn per cycle
147598;;branch-misses:u;1.13%;2323160497;100.00;;
6548951786;;cache-references:u;0.00%;2323160497;100.00;2.822;G/sec
425520;;cache-misses:u;14.91%;2323160497;100.00;0.006;of all cache refs
786;;page-faults:u;0.08%;2322889527;100.00;338.716;/sec
0;;context-switches:u;0.00%;2322889527;100.00;0.000;/sec
