# To display the perf.data header info, please use --header/--header-only options.
#
#
# Total Lost Samples: 0
#
# Samples: 1K of event 'cycles:u'
# Event count (approx.): 5264539307
#
# Children      Self  Command  Shared Object          Symbol                                                                                                          
# ........  ........  .......  .....................  ................................................................................................................
#
    46.90%     0.00%  sqgi     [JIT] tid 586167       [.] 0x0000ffffa63151a3
            |
            ---0xffffa63151a3
               |          
               |--13.94%--0xffffa63151a3
               |          sqjit_a64_precise_step<(SQOpcode)29, false>
               |          |          
               |           --7.27%--SQVM::CMP_OP
               |                     |          
               |                      --4.85%--SQVM::ObjCmp
               |          
                --2.77%--0xffffa6315424

    39.61%     0.00%  sqgi     [JIT] tid 586167       [.] 0x0000ffffa6315eab
            |
            ---0xffffa6315eab
               |          
                --11.17%--0xffffa6315eab
                          |          
                           --9.18%--sqjit_a64_precise_step<(SQOpcode)4, false>

    13.94%     5.36%  sqgi     sqgi                   [.] sqjit_a64_precise_step<(SQOpcode)29, false>
            |          
            |--8.57%--sqjit_a64_precise_step<(SQOpcode)29, false>
            |          |          
            |           --7.27%--SQVM::CMP_OP
            |                     |          
            |                      --4.85%--SQVM::ObjCmp
            |          
             --5.36%--0xffffa63151a3
                       0xffffa63151a3
                       sqjit_a64_precise_step<(SQOpcode)29, false>

    13.07%     0.00%  sqgi     [JIT] tid 586167       [.] 0x0000ffffa6316ba3
            |
            ---0xffffa6316ba3
               |          
                --12.55%--0xffffa6316ba3
                          sqjit_a64_precise_step<(SQOpcode)39, false>
                          |          
                           --2.60%--sqjit_a64_precise_step<(SQOpcode)39, false>
                                     |          
                                      --2.43%--SQJitWriteLog::CanReleaseInContext

    12.55%    10.12%  sqgi     sqgi                   [.] sqjit_a64_precise_step<(SQOpcode)39, false>
            |          
            |--10.12%--0xffffa6316ba3
            |          0xffffa6316ba3
            |          sqjit_a64_precise_step<(SQOpcode)39, false>
            |          
             --2.43%--sqjit_a64_precise_step<(SQOpcode)39, false>
                       sqjit_a64_precise_step<(SQOpcode)39, false>
                       SQJitWriteLog::CanReleaseInContext

    11.17%     9.78%  sqgi     sqgi                   [.] sqjit_a64_precise_step<(SQOpcode)4, false>
            |          
             --9.78%--0xffffa6315eab
                       0xffffa6315eab
                       |          
                        --7.79%--sqjit_a64_precise_step<(SQOpcode)4, false>

     7.27%     2.42%  sqgi     sqgi                   [.] SQVM::CMP_OP
            |          
            |--4.85%--SQVM::CMP_OP
            |          SQVM::ObjCmp
            |          
             --2.42%--0xffffa63151a3
                       0xffffa63151a3
                       sqjit_a64_precise_step<(SQOpcode)29, false>
                       SQVM::CMP_OP

     4.85%     4.85%  sqgi     sqgi                   [.] SQVM::ObjCmp
            |
            ---0xffffa63151a3
               0xffffa63151a3
               sqjit_a64_precise_step<(SQOpcode)29, false>
               SQVM::CMP_OP
               SQVM::ObjCmp

     3.81%     3.81%  sqgi     sqgi                   [.] SQJitWriteLog::CanReleaseInContext
            |          
             --2.43%--0xffffa6316ba3
                       0xffffa6316ba3
                       sqjit_a64_precise_step<(SQOpcode)39, false>
                       sqjit_a64_precise_step<(SQOpcode)39, false>
                       SQJitWriteLog::CanReleaseInContext

     3.72%     0.00%  sqgi     sqgi                   [.] SQObjectPtr::operator= (inlined)
            |
            ---SQObjectPtr::operator= (inlined)

     2.77%     2.77%  sqgi     [JIT] tid 586167       [.] 0x0000ffffa6315424
            |
            ---0xffffa63151a3
               0xffffa6315424



#
# (Cannot load tips.txt file, please install perf!)
#
