# To display the perf.data header info, please use --header/--header-only options.
#
#
# Total Lost Samples: 0
#
# Samples: 225  of event 'cycles:u'
# Event count (approx.): 880773681
#
# Children      Self  Command  Shared Object            Symbol                                                                                                                                                         
# ........  ........  .......  .......................  ...............................................................................................................................................................
#
    26.90%    12.93%  sqgi     sqgi                     [.] sqjit_a64_helper_member_set_integer_logged
            |          
            |--13.97%--sqjit_a64_helper_member_set_integer_logged
            |          |          
            |          |--8.27%--sqjit_a64_helper_member_set_integer_logged
            |          |          SQJitWriteLog::RecordMember
            |          |          |          
            |          |          |--2.58%--SQJitWriteLog::CanRelease
            |          |          |          
            |          |           --2.07%--SQJitWriteLog::ContainsMember<false> (inlined)
            |          |          
            |           --5.69%--sqjit_a64_member_store_slot (inlined)
            |                     sqjit_a64_member_store_slot (inlined)
            |                     sqjit_a64_helper_member_set_integer_logged
            |                     sqjit_a64_resolve_root_store_slot
            |                     |          
            |                      --5.18%--SQTable::GetRawSlot (inlined)
            |                                |          
            |                                 --4.14%--SQTable::_Get (inlined)
            |          
            |--6.73%--0xffffbd2661f3
            |          0xffffbd2661f3
            |          sqjit_a64_helper_member_set_integer_logged
            |          |          
            |           --3.62%--sqjit_a64_member_store_slot (inlined)
            |                     |          
            |                      --3.11%--sqjit_a64_member_store_slot (inlined)
            |                                sqjit_a64_resolve_store_slot (inlined)
            |                                |          
            |                                 --2.07%--sq_member_raw_slot (inlined)
            |                                           SQTable::GetRawSlot (inlined)
            |                                           SQTable::_Get (inlined)
            |          
             --6.20%--0xffffbd2641d7
                       0xffffbd2641d7
                       sqjit_a64_helper_member_set_integer_logged
                       |          
                        --2.07%--sqjit_a64_member_store_slot (inlined)
                                  sqjit_a64_member_store_slot (inlined)
                                  sqjit_a64_resolve_store_slot (inlined)
                                  sq_member_raw_slot (inlined)
                                  SQTable::GetRawSlot (inlined)
                                  SQTable::_Get (inlined)

    25.34%     0.00%  sqgi     [JIT] tid 586102         [.] 0x0000ffffbd265207
            |
            ---0xffffbd265207
               |          
                --21.72%--0xffffbd265207
                          sqjit_a64_helper_member_set_reference_logged
                          |          
                          |--10.86%--sqjit_a64_helper_member_set_reference_logged
                          |          SQJitWriteLog::RecordMember
                          |          |          
                          |          |--6.71%--SQJitWriteLog::ContainsMember<true> (inlined)
                          |          |          |          
                          |          |           --2.07%--SQJitWriteLog::ContainsMember<true>(SQObjectPtr const&, SQObjectPtr const&, SQObjectPtr const&) const::{lambda(SQJitWriteLog::Entry const&)#1}::operator() (inlined)
                          |          |          
                          |           --2.59%--SQJitWriteLog::CanRelease
                          |          
                           --7.76%--sqjit_a64_member_store_slot (inlined)
                                     sqjit_a64_member_store_slot (inlined)
                                     |          
                                     |--4.66%--sqjit_a64_resolve_store_slot (inlined)
                                     |          |          
                                     |           --4.14%--sq_member_raw_slot (inlined)
                                     |                     |          
                                     |                      --3.62%--SQTable::GetRawSlot (inlined)
                                     |          
                                      --3.10%--sqjit_a64_helper_member_set_reference_logged
                                                sqjit_a64_resolve_root_store_slot
                                                |          
                                                 --2.06%--SQTable::GetRawSlot (inlined)

    24.59%    16.46%  sqgi     sqgi                     [.] SQJitWriteLog::RecordMember
            |          
            |--8.27%--0xffffbd265207
            |          0xffffbd265207
            |          sqjit_a64_helper_member_set_reference_logged
            |          sqjit_a64_helper_member_set_reference_logged
            |          SQJitWriteLog::RecordMember
            |          |          
            |           --6.71%--SQJitWriteLog::ContainsMember<true> (inlined)
            |                     |          
            |                      --2.07%--SQJitWriteLog::ContainsMember<true>(SQObjectPtr const&, SQObjectPtr const&, SQObjectPtr const&) const::{lambda(SQJitWriteLog::Entry const&)#1}::operator() (inlined)
            |          
            |--8.14%--SQJitWriteLog::RecordMember
            |          SQJitWriteLog::CanRelease
            |          
            |--3.10%--0xffffbd2641d7
            |          0xffffbd2641d7
            |          sqjit_a64_helper_member_set_integer_logged
            |          sqjit_a64_helper_member_set_integer_logged
            |          SQJitWriteLog::RecordMember
            |          
            |--2.59%--0xffffbd2661f3
            |          0xffffbd2661f3
            |          sqjit_a64_helper_member_set_integer_logged
            |          sqjit_a64_helper_member_set_integer_logged
            |          SQJitWriteLog::RecordMember
            |          
             --2.50%--0xffffbd26721f
                       0xffffbd26721f
                       sqjit_a64_helper_instance_field_set_integer_logged
                       sqjit_a64_helper_instance_field_set_integer_logged
                       SQJitWriteLog::RecordMember

    21.72%     7.77%  sqgi     sqgi                     [.] sqjit_a64_helper_member_set_reference_logged
            |          
            |--13.96%--sqjit_a64_helper_member_set_reference_logged
            |          |          
            |          |--10.86%--sqjit_a64_helper_member_set_reference_logged
            |          |          SQJitWriteLog::RecordMember
            |          |          |          
            |          |          |--6.71%--SQJitWriteLog::ContainsMember<true> (inlined)
            |          |          |          |          
            |          |          |           --2.07%--SQJitWriteLog::ContainsMember<true>(SQObjectPtr const&, SQObjectPtr const&, SQObjectPtr const&) const::{lambda(SQJitWriteLog::Entry const&)#1}::operator() (inlined)
            |          |          |          
            |          |           --2.59%--SQJitWriteLog::CanRelease
            |          |          
            |           --3.10%--sqjit_a64_member_store_slot (inlined)
            |                     sqjit_a64_member_store_slot (inlined)
            |                     sqjit_a64_helper_member_set_reference_logged
            |                     sqjit_a64_resolve_root_store_slot
            |                     |          
            |                      --2.06%--SQTable::GetRawSlot (inlined)
            |          
             --7.77%--0xffffbd265207
                       0xffffbd265207
                       sqjit_a64_helper_member_set_reference_logged
                       |          
                        --4.66%--sqjit_a64_member_store_slot (inlined)
                                  sqjit_a64_member_store_slot (inlined)
                                  sqjit_a64_resolve_store_slot (inlined)
                                  |          
                                   --4.14%--sq_member_raw_slot (inlined)
                                             |          
                                              --3.62%--SQTable::GetRawSlot (inlined)

    16.03%     0.00%  sqgi     [JIT] tid 586102         [.] 0x0000ffffbd2641d7
            |
            ---0xffffbd2641d7
               |          
                --13.45%--0xffffbd2641d7
                          sqjit_a64_helper_member_set_integer_logged
                          |          
                          |--4.66%--sqjit_a64_member_store_slot (inlined)
                          |          sqjit_a64_member_store_slot (inlined)
                          |          |          
                          |          |--2.59%--sqjit_a64_helper_member_set_integer_logged
                          |          |          sqjit_a64_resolve_root_store_slot
                          |          |          |          
                          |          |           --2.07%--SQTable::GetRawSlot (inlined)
                          |          |          
                          |           --2.07%--sqjit_a64_resolve_store_slot (inlined)
                          |                     sq_member_raw_slot (inlined)
                          |                     SQTable::GetRawSlot (inlined)
                          |                     SQTable::_Get (inlined)
                          |          
                           --4.65%--sqjit_a64_helper_member_set_integer_logged
                                     SQJitWriteLog::RecordMember

    15.23%     4.06%  sqgi     sqgi                     [.] sqjit_a64_helper_member_closure_guard
            |          
             --11.17%--sqjit_a64_helper_member_closure_guard
                       sqjit_a64_helper_member_closure_guard
                       sqjit_a64_borrow_member_ptr_value
                       |          
                        --9.10%--SQTable::GetRawSlot (inlined)
                                  |          
                                  |--6.66%--SQTable::_Get (inlined)
                                  |          
                                   --2.44%--HashObj (inlined)

    14.49%     0.00%  sqgi     [JIT] tid 586102         [.] 0x0000ffffbd2661f3
            |
            ---0xffffbd2661f3
               |          
                --13.45%--0xffffbd2661f3
                          sqjit_a64_helper_member_set_integer_logged
                          |          
                          |--6.73%--sqjit_a64_member_store_slot (inlined)
                          |          |          
                          |           --6.21%--sqjit_a64_member_store_slot (inlined)
                          |                     |          
                          |                     |--3.11%--sqjit_a64_resolve_store_slot (inlined)
                          |                     |          |          
                          |                     |           --2.07%--sq_member_raw_slot (inlined)
                          |                     |                     SQTable::GetRawSlot (inlined)
                          |                     |                     SQTable::_Get (inlined)
                          |                     |          
                          |                      --3.11%--sqjit_a64_helper_member_set_integer_logged
                          |                                sqjit_a64_resolve_root_store_slot
                          |                                SQTable::GetRawSlot (inlined)
                          |                                SQTable::_Get (inlined)
                          |          
                           --3.62%--sqjit_a64_helper_member_set_integer_logged
                                     SQJitWriteLog::RecordMember

    12.87%     0.00%  sqgi     [JIT] tid 586102         [.] 0x0000ffffbd26721f
            |
            ---0xffffbd26721f
               |          
                --10.52%--0xffffbd26721f
                          sqjit_a64_helper_instance_field_set_integer_logged
                          |          
                           --5.46%--sqjit_a64_helper_instance_field_set_integer_logged
                                     SQJitWriteLog::RecordMember
                                     |          
                                      --2.96%--SQJitWriteLog::CanRelease

    11.38%     0.00%  sqgi     sqgi                     [.] sqjit_a64_member_store_slot (inlined)
            |
            ---sqjit_a64_member_store_slot (inlined)
               |          
                --10.87%--sqjit_a64_member_store_slot (inlined)
                          |          
                          |--5.69%--sqjit_a64_helper_member_set_integer_logged
                          |          sqjit_a64_resolve_root_store_slot
                          |          |          
                          |           --5.18%--SQTable::GetRawSlot (inlined)
                          |                     |          
                          |                      --4.14%--SQTable::_Get (inlined)
                          |          
                           --5.17%--sqjit_a64_resolve_store_slot (inlined)
                                     |          
                                      --4.14%--sq_member_raw_slot (inlined)
                                                SQTable::GetRawSlot (inlined)
                                                SQTable::_Get (inlined)

    11.17%    11.17%  sqgi     sqgi                     [.] sqjit_a64_borrow_member_ptr_value
            |          
            |--3.62%--0xffffbd26514b
            |          0xffffbd26514b
            |          sqjit_a64_helper_member_closure_guard
            |          sqjit_a64_helper_member_closure_guard
            |          sqjit_a64_borrow_member_ptr_value
            |          |          
            |           --2.07%--SQTable::GetRawSlot (inlined)
            |          
            |--3.10%--0xffffbd26414b
            |          0xffffbd26414b
            |          sqjit_a64_helper_member_closure_guard
            |          sqjit_a64_helper_member_closure_guard
            |          sqjit_a64_borrow_member_ptr_value
            |          |          
            |           --2.59%--SQTable::GetRawSlot (inlined)
            |                     SQTable::_Get (inlined)
            |          
             --2.90%--0xffffbd267167
                       0xffffbd267167
                       sqjit_a64_helper_member_closure_guard
                       sqjit_a64_helper_member_closure_guard
                       sqjit_a64_borrow_member_ptr_value
                       SQTable::GetRawSlot (inlined)
                       |          
                        --2.00%--SQTable::_Get (inlined)

    10.52%     5.06%  sqgi     sqgi                     [.] sqjit_a64_helper_instance_field_set_integer_logged
            |          
            |--5.46%--sqjit_a64_helper_instance_field_set_integer_logged
            |          sqjit_a64_helper_instance_field_set_integer_logged
            |          SQJitWriteLog::RecordMember
            |          |          
            |           --2.96%--SQJitWriteLog::CanRelease
            |          
             --5.06%--0xffffbd26721f
                       0xffffbd26721f
                       sqjit_a64_helper_instance_field_set_integer_logged

     9.10%     0.00%  sqgi     sqgi                     [.] SQTable::GetRawSlot (inlined)
            |
            ---SQTable::GetRawSlot (inlined)
               |          
               |--6.66%--SQTable::_Get (inlined)
               |          
                --2.44%--HashObj (inlined)

     8.80%     8.80%  sqgi     sqgi                     [.] sqjit_a64_resolve_root_store_slot
            |          
            |--3.11%--0xffffbd2661f3
            |          0xffffbd2661f3
            |          sqjit_a64_helper_member_set_integer_logged
            |          sqjit_a64_member_store_slot (inlined)
            |          sqjit_a64_member_store_slot (inlined)
            |          sqjit_a64_helper_member_set_integer_logged
            |          sqjit_a64_resolve_root_store_slot
            |          SQTable::GetRawSlot (inlined)
            |          SQTable::_Get (inlined)
            |          
            |--3.10%--0xffffbd265207
            |          0xffffbd265207
            |          sqjit_a64_helper_member_set_reference_logged
            |          sqjit_a64_member_store_slot (inlined)
            |          sqjit_a64_member_store_slot (inlined)
            |          sqjit_a64_helper_member_set_reference_logged
            |          sqjit_a64_resolve_root_store_slot
            |          |          
            |           --2.06%--SQTable::GetRawSlot (inlined)
            |          
             --2.59%--0xffffbd2641d7
                       0xffffbd2641d7
                       sqjit_a64_helper_member_set_integer_logged
                       sqjit_a64_member_store_slot (inlined)
                       sqjit_a64_member_store_slot (inlined)
                       sqjit_a64_helper_member_set_integer_logged
                       sqjit_a64_resolve_root_store_slot
                       |          
                        --2.07%--SQTable::GetRawSlot (inlined)

     8.27%     0.00%  sqgi     [JIT] tid 586102         [.] 0x0000ffffbd266167
            |
            ---0xffffbd266167
               |          
               |--4.14%--0xffffbd2661d8
               |          
                --2.58%--0xffffbd266167
                          sqjit_a64_helper_member_closure_guard

     8.14%     8.14%  sqgi     sqgi                     [.] SQJitWriteLog::CanRelease
            |          
            |--2.96%--0xffffbd26721f
            |          0xffffbd26721f
            |          sqjit_a64_helper_instance_field_set_integer_logged
            |          sqjit_a64_helper_instance_field_set_integer_logged
            |          SQJitWriteLog::RecordMember
            |          SQJitWriteLog::CanRelease
            |          
             --2.59%--0xffffbd265207
                       0xffffbd265207
                       sqjit_a64_helper_member_set_reference_logged
                       sqjit_a64_helper_member_set_reference_logged
                       SQJitWriteLog::RecordMember
                       SQJitWriteLog::CanRelease

     7.76%     0.00%  sqgi     sqgi                     [.] sqjit_a64_member_store_slot (inlined)
            |
            ---sqjit_a64_member_store_slot (inlined)
               sqjit_a64_member_store_slot (inlined)
               |          
               |--4.66%--sqjit_a64_resolve_store_slot (inlined)
               |          |          
               |           --4.14%--sq_member_raw_slot (inlined)
               |                     |          
               |                      --3.62%--SQTable::GetRawSlot (inlined)
               |          
                --3.10%--sqjit_a64_helper_member_set_reference_logged
                          sqjit_a64_resolve_root_store_slot
                          |          
                           --2.06%--SQTable::GetRawSlot (inlined)

     7.24%     0.00%  sqgi     [JIT] tid 586102         [.] 0x0000ffffbd26414b
            |
            ---0xffffbd26414b
               |          
               |--4.14%--0xffffbd26414b
               |          sqjit_a64_helper_member_closure_guard
               |          |          
               |           --3.10%--sqjit_a64_helper_member_closure_guard
               |                     sqjit_a64_borrow_member_ptr_value
               |                     |          
               |                      --2.59%--SQTable::GetRawSlot (inlined)
               |                                SQTable::_Get (inlined)
               |          
                --2.07%--0xffffbd2641bc

     7.24%     0.00%  sqgi     sqgi                     [.] SQTable::GetRawSlot (inlined)
            |
            ---SQTable::GetRawSlot (inlined)
               |          
                --5.69%--SQTable::_Get (inlined)

     6.72%     0.00%  sqgi     [JIT] tid 586102         [.] 0x0000ffffbd26514b
            |
            ---0xffffbd26514b
               |          
                --4.13%--0xffffbd26514b
                          sqjit_a64_helper_member_closure_guard
                          |          
                           --3.62%--sqjit_a64_helper_member_closure_guard
                                     sqjit_a64_borrow_member_ptr_value
                                     |          
                                      --2.07%--SQTable::GetRawSlot (inlined)

     6.71%     0.00%  sqgi     sqgi                     [.] SQJitWriteLog::ContainsMember<true> (inlined)
            |
            ---SQJitWriteLog::ContainsMember<true> (inlined)
               |          
                --2.07%--SQJitWriteLog::ContainsMember<true>(SQObjectPtr const&, SQObjectPtr const&, SQObjectPtr const&) const::{lambda(SQJitWriteLog::Entry const&)#1}::operator() (inlined)

     6.66%     0.00%  sqgi     sqgi                     [.] SQTable::_Get (inlined)
            |
            ---SQTable::_Get (inlined)

     6.46%     0.00%  sqgi     [JIT] tid 586102         [.] 0x0000ffffbd267167
            |
            ---0xffffbd267167
               |          
                --4.37%--0xffffbd267167
                          sqjit_a64_helper_member_closure_guard
                          |          
                           --2.90%--sqjit_a64_helper_member_closure_guard
                                     sqjit_a64_borrow_member_ptr_value
                                     SQTable::GetRawSlot (inlined)
                                     |          
                                      --2.00%--SQTable::_Get (inlined)

     5.69%     0.00%  sqgi     sqgi                     [.] SQTable::_Get (inlined)
            |
            ---SQTable::_Get (inlined)

     5.17%     0.00%  sqgi     sqgi                     [.] sqjit_a64_resolve_store_slot (inlined)
            |
            ---sqjit_a64_resolve_store_slot (inlined)
               |          
                --4.14%--sq_member_raw_slot (inlined)
                          SQTable::GetRawSlot (inlined)
                          SQTable::_Get (inlined)

     4.66%     0.00%  sqgi     sqgi                     [.] sqjit_a64_resolve_store_slot (inlined)
            |
            ---sqjit_a64_resolve_store_slot (inlined)
               |          
                --4.14%--sq_member_raw_slot (inlined)
                          |          
                           --3.62%--SQTable::GetRawSlot (inlined)

     4.14%     0.00%  sqgi     sqgi                     [.] sq_member_raw_slot (inlined)
            |
            ---sq_member_raw_slot (inlined)
               |          
                --3.62%--SQTable::GetRawSlot (inlined)

     4.14%     0.00%  sqgi     sqgi                     [.] sq_member_raw_slot (inlined)
            |
            ---sq_member_raw_slot (inlined)
               SQTable::GetRawSlot (inlined)
               SQTable::_Get (inlined)

     4.14%     0.00%  sqgi     sqgi                     [.] SQTable::GetRawSlot (inlined)
            |
            ---SQTable::GetRawSlot (inlined)
               SQTable::_Get (inlined)

     4.14%     0.00%  sqgi     sqgi                     [.] SQTable::_Get (inlined)
            |
            ---SQTable::_Get (inlined)

     4.14%     4.14%  sqgi     [JIT] tid 586102         [.] 0x0000ffffbd2661d8
            |
            ---0xffffbd266167
               0xffffbd2661d8

     3.62%     0.00%  sqgi     sqgi                     [.] SQTable::GetRawSlot (inlined)
            |
            ---SQTable::GetRawSlot (inlined)

     2.58%     0.00%  sqgi     sqgi                     [.] sqjit_a64_borrow_member_value_with_root (inlined)
            |
            ---sqjit_a64_borrow_member_value_with_root (inlined)

     2.58%     0.00%  sqgi     sqgi                     [.] SQJitWriteLog::ContainsMember<false> (inlined)
            |
            ---SQJitWriteLog::ContainsMember<false> (inlined)

     2.44%     0.00%  sqgi     sqgi                     [.] HashObj (inlined)
            |
            ---HashObj (inlined)

     2.07%     0.00%  sqgi     sqgi                     [.] SQObjectPtr::~SQObjectPtr (inlined)
            |
            ---SQObjectPtr::~SQObjectPtr (inlined)
               SQObjectPtr::~SQObjectPtr (inlined)

     2.07%     2.07%  sqgi     [JIT] tid 586102         [.] 0x0000ffffbd2641bc
            |
            ---0xffffbd26414b
               0xffffbd2641bc

     2.07%     0.00%  sqgi     sqgi                     [.] SQJitWriteLog::ContainsMember<true>(SQObjectPtr const&, SQObjectPtr const&, SQObjectPtr const&) const::{lambda(SQJitWriteLog::Entry const&)#1}::operator() (inlined)
            |
            ---SQJitWriteLog::ContainsMember<true>(SQObjectPtr const&, SQObjectPtr const&, SQObjectPtr const&) const::{lambda(SQJitWriteLog::Entry const&)#1}::operator() (inlined)

     2.07%     0.00%  sqgi     sqgi                     [.] sqjit_a64_store_resolved_member (inlined)
            |
            ---sqjit_a64_store_resolved_member (inlined)



#
# (Cannot load tips.txt file, please install perf!)
#
