BENCH	receiver_integer	200000	0.053980000	595177
BENCH	root_integer	200000	0.062640000	595177
BENCH	root_reference	200000	0.083535000	799457
BENCH	root_integer_result	200000	0.064230000	795177
BENCH	receiver_integer	200000	0.053975000	595177
BENCH	root_integer	200000	0.062670000	595177
BENCH	root_reference	200000	0.084430000	799457
BENCH	root_integer_result	200000	0.064480000	795177
BENCH	receiver_integer	200000	0.053825000	595177
BENCH	root_integer	200000	0.062825000	595177
BENCH	root_reference	200000	0.085515000	799457
BENCH	root_integer_result	200000	0.064605000	795177
408.93;msec;task-clock:u;1.13%;408929792;100.00;1.001;CPUs utilized
875128691;;cycles:u;0.32%;408950499;100.00;2.174;GHz
2910664132;;instructions:u;0.07%;408950499;100.00;3.35;insn per cycle
303238;;branch-misses:u;10.95%;408950499;100.00;;
1006387357;;cache-references:u;0.18%;408950499;100.00;2.500;G/sec
192528;;cache-misses:u;1.43%;408950499;100.00;0.019;of all cache refs
783;;page-faults:u;0.11%;408929792;100.00;1.945;K/sec
0;;context-switches:u;0.00%;408929792;100.00;0.000;/sec
