Round 1/5: v5; 6 checksums match
Round 1/5: v6; 6 checksums match
Round 1/5: node; 6 checksums match
Round 2/5: v6; 6 checksums match
Round 2/5: node; 6 checksums match
Round 2/5: v5; 6 checksums match
Round 3/5: node; 6 checksums match
Round 3/5: v5; 6 checksums match
Round 3/5: v6; 6 checksums match
Round 4/5: v5; 6 checksums match
Round 4/5: v6; 6 checksums match
Round 4/5: node; 6 checksums match
Round 5/5: v6; 6 checksums match
Round 5/5: node; 6 checksums match
Round 5/5: v5; 6 checksums match
table_events_97: v5 547.96 ns, v6 535.77 ns, node 75.58 ns
class_events_97: v5 554.50 ns, v6 528.88 ns, node 74.63 ns
buffers_7: v5 436.60 ns, v6 434.83 ns, node 12.44 ns
buffers_31: v5 436.14 ns, v6 435.00 ns, node 12.37 ns
calibrate_17: v5 83.62 ns, v6 83.64 ns, node 8.70 ns
calibrate_67: v5 84.80 ns, v6 84.38 ns, node 8.33 ns
