Round 1/5: v5; 6 checksums match
Round 1/5: v6; 6 checksums match
Round 1/5: node; 6 checksums match
Round 2/5: v6; 6 checksums match
Round 2/5: node; 6 checksums match
Round 2/5: v5; 6 checksums match
Round 3/5: node; 6 checksums match
Round 3/5: v5; 6 checksums match
Round 3/5: v6; 6 checksums match
Round 4/5: v5; 6 checksums match
Round 4/5: v6; 6 checksums match
Round 4/5: node; 6 checksums match
Round 5/5: v6; 6 checksums match
Round 5/5: node; 6 checksums match
Round 5/5: v5; 6 checksums match
transfer_table: v5 616.29 ns, v6 623.29 ns, node 17.97 ns
transfer_class: v5 646.97 ns, v6 646.00 ns, node 18.17 ns
transfer_mixed: v5 649.00 ns, v6 652.53 ns, node 29.28 ns
publish_table: v5 516.31 ns, v6 528.07 ns, node 13.45 ns
publish_class: v5 534.34 ns, v6 541.36 ns, node 13.68 ns
publish_mixed: v5 535.25 ns, v6 542.78 ns, node 20.98 ns
