BENCH	route_balanced	200000	0.053355000	300346
BENCH	route_skewed	200000	0.051490000	122121
BENCH	pricing_events	200000	0.057035000	636940
BENCH	filter_stream	200000	0.055550000	10704.521037291815
BENCH	records_64	200000	0.129150000	599323
BENCH	records_4096	200000	0.243520000	385702
BENCH	word_count	200000	0.265735000	116910
BENCH	graph_walk	200000	0.012365000	386354
BENCH	route_balanced	200000	0.052865000	300346
BENCH	route_skewed	200000	0.050885000	122121
BENCH	pricing_events	200000	0.056745000	636940
BENCH	filter_stream	200000	0.056085000	10704.521037291815
BENCH	records_64	200000	0.134525000	599323
BENCH	records_4096	200000	0.317710000	385702
BENCH	word_count	200000	0.264980000	116910
BENCH	graph_walk	200000	0.012190000	386354
BENCH	route_balanced	200000	0.052415000	300346
BENCH	route_skewed	200000	0.051985000	122121
BENCH	pricing_events	200000	0.056850000	636940
BENCH	filter_stream	200000	0.054835000	10704.521037291815
BENCH	records_64	200000	0.137370000	599323
BENCH	records_4096	200000	0.337535000	385702
BENCH	word_count	200000	0.264905000	116910
BENCH	graph_walk	200000	0.012310000	386354
1168.15;msec;task-clock:u;1.06%;1168152702;100.00;1.017;CPUs utilized
2589957205;;cycles:u;0.77%;1168117122;100.00;2.265;GHz
5960194102;;instructions:u;0.11%;1168117122;100.00;2.34;insn per cycle
5701176;;branch-misses:u;2.91%;1168117122;100.00;;
2229108406;;cache-references:u;0.21%;1168117122;100.00;1.949;G/sec
18102822;;cache-misses:u;1.04%;1168117122;100.00;0.814;of all cache refs
3866;;page-faults:u;0.02%;1168152702;100.00;3.380;K/sec
0;;context-switches:u;0.00%;1168152702;100.00;0.000;/sec
