# To display the perf.data header info, please use --header/--header-only options.
#
#
# Total Lost Samples: 0
#
# Samples: 581  of event 'cycles:u'
# Event count (approx.): 2535399368
#
# Children      Self  Command  Shared Object                 Symbol                                                                                                                                                                       
# ........  ........  .......  ............................  .............................................................................................................................................................................
#
    30.62%     0.00%  sqgi     sqgi                          [.] _start
            |
            ---_start
               __libc_start_main_impl (inlined)
               __libc_start_call_main
               main
               |          
                --30.33%--sq_call
                          SQVM::Execute
                          |          
                          |--4.50%--SQVM::DerefInc
                          |          
                          |--4.32%--SQVM::Get
                          |          |          
                          |           --2.88%--SQTable::Get
                          |          
                           --2.16%--sqjit_try_execute_current_loop

    30.62%     0.00%  sqgi     libc.so.6                     [.] __libc_start_main_impl (inlined)
            |
            ---__libc_start_main_impl (inlined)
               __libc_start_call_main
               main
               |          
                --30.33%--sq_call
                          SQVM::Execute
                          |          
                          |--4.50%--SQVM::DerefInc
                          |          
                          |--4.32%--SQVM::Get
                          |          |          
                          |           --2.88%--SQTable::Get
                          |          
                           --2.16%--sqjit_try_execute_current_loop

    30.62%     0.00%  sqgi     libc.so.6                     [.] __libc_start_call_main
            |
            ---__libc_start_call_main
               main
               |          
                --30.33%--sq_call
                          SQVM::Execute
                          |          
                          |--4.50%--SQVM::DerefInc
                          |          
                          |--4.32%--SQVM::Get
                          |          |          
                          |           --2.88%--SQTable::Get
                          |          
                           --2.16%--sqjit_try_execute_current_loop

    30.62%     0.00%  sqgi     sqgi                          [.] main
            |
            ---main
               |          
                --30.33%--sq_call
                          SQVM::Execute
                          |          
                          |--4.50%--SQVM::DerefInc
                          |          
                          |--4.32%--SQVM::Get
                          |          |          
                          |           --2.88%--SQTable::Get
                          |          
                           --2.16%--sqjit_try_execute_current_loop

    30.33%     0.00%  sqgi     sqgi                          [.] sq_call
            |
            ---sq_call
               SQVM::Execute
               |          
               |--4.50%--SQVM::DerefInc
               |          
               |--4.32%--SQVM::Get
               |          |          
               |           --2.88%--SQTable::Get
               |          
                --2.16%--sqjit_try_execute_current_loop

    30.33%    15.70%  sqgi     sqgi                          [.] SQVM::Execute
            |          
            |--15.70%--_start
            |          __libc_start_main_impl (inlined)
            |          __libc_start_call_main
            |          main
            |          sq_call
            |          SQVM::Execute
            |          
             --14.63%--SQVM::Execute
                       |          
                       |--4.50%--SQVM::DerefInc
                       |          
                       |--4.32%--SQVM::Get
                       |          |          
                       |           --2.88%--SQTable::Get
                       |          
                        --2.16%--sqjit_try_execute_current_loop

    24.24%     6.22%  sqgi     sqgi                          [.] sqjit_a64_helper_member_set_integer_logged
            |          
            |--18.02%--sqjit_a64_helper_member_set_integer_logged
            |          sqjit_a64_store_resolved_member (inlined)
            |          |          
            |           --17.66%--SQJitWriteLog::RecordMember
            |                     |          
            |                     |--14.14%--SQJitWriteLog::ContainsMember<false> (inlined)
            |                     |          |          
            |                     |           --7.00%--SQJitWriteLog::ContainsMember<false>(SQObjectPtr const&, SQObjectPtr const&, SQObjectPtr const&) const::{lambda(SQJitWriteLog::Entry const&)#1}::operator() (inlined)
            |                     |          
            |                      --2.12%--SQJitWriteLog::CanRelease
            |          
            |--3.55%--0xffff833063c3
            |          0xffff833063c3
            |          sqjit_a64_helper_member_set_integer_logged
            |          
             --2.67%--0xffff833064d3
                       0xffff833064d3
                       sqjit_a64_helper_member_set_integer_logged

    18.38%     0.00%  sqgi     sqgi                          [.] sqjit_a64_store_resolved_member (inlined)
            |
            ---sqjit_a64_store_resolved_member (inlined)
               |          
                --17.66%--SQJitWriteLog::RecordMember
                          |          
                          |--14.14%--SQJitWriteLog::ContainsMember<false> (inlined)
                          |          |          
                          |           --7.00%--SQJitWriteLog::ContainsMember<false>(SQObjectPtr const&, SQObjectPtr const&, SQObjectPtr const&) const::{lambda(SQJitWriteLog::Entry const&)#1}::operator() (inlined)
                          |          
                           --2.12%--SQJitWriteLog::CanRelease

    17.66%    14.85%  sqgi     sqgi                          [.] SQJitWriteLog::RecordMember
            |          
            |--7.65%--0xffff833064d3
            |          0xffff833064d3
            |          sqjit_a64_helper_member_set_integer_logged
            |          sqjit_a64_store_resolved_member (inlined)
            |          SQJitWriteLog::RecordMember
            |          |          
            |           --7.11%--SQJitWriteLog::ContainsMember<false> (inlined)
            |                     |          
            |                      --3.66%--SQJitWriteLog::ContainsMember<false>(SQObjectPtr const&, SQObjectPtr const&, SQObjectPtr const&) const::{lambda(SQJitWriteLog::Entry const&)#1}::operator() (inlined)
            |          
            |--7.20%--0xffff833063c3
            |          0xffff833063c3
            |          sqjit_a64_helper_member_set_integer_logged
            |          sqjit_a64_store_resolved_member (inlined)
            |          SQJitWriteLog::RecordMember
            |          |          
            |           --6.84%--SQJitWriteLog::ContainsMember<false> (inlined)
            |                     |          
            |                      --3.34%--SQJitWriteLog::ContainsMember<false>(SQObjectPtr const&, SQObjectPtr const&, SQObjectPtr const&) const::{lambda(SQJitWriteLog::Entry const&)#1}::operator() (inlined)
            |          
             --2.81%--SQJitWriteLog::RecordMember
                       |          
                        --2.12%--SQJitWriteLog::CanRelease

    15.41%     0.00%  sqgi     [JIT] tid 534284              [.] 0x0000ffff833064d3
            |
            ---0xffff833064d3
               |          
                --11.04%--0xffff833064d3
                          sqjit_a64_helper_member_set_integer_logged
                          |          
                           --8.55%--sqjit_a64_store_resolved_member (inlined)
                                     |          
                                      --8.19%--SQJitWriteLog::RecordMember
                                                |          
                                                 --7.29%--SQJitWriteLog::ContainsMember<false> (inlined)
                                                           |          
                                                            --3.66%--SQJitWriteLog::ContainsMember<false>(SQObjectPtr const&, SQObjectPtr const&, SQObjectPtr const&) const::{lambda(SQJitWriteLog::Entry const&)#1}::operator() (inlined)

    14.61%     0.00%  sqgi     [JIT] tid 534284              [.] 0x0000ffff833061b3
            |
            ---0xffff833061b3
               |          
               |--6.16%--0xffff833061b3
               |          sqjit_a64_helper_array_get_object
               |          |          
               |           --2.28%--SQObjectPtr::operator= (inlined)
               |          
                --2.45%--0xffff83306214

    14.25%     0.00%  sqgi     [JIT] tid 534284              [.] 0x0000ffff833063c3
            |
            ---0xffff833063c3
               |          
                --13.20%--0xffff833063c3
                          sqjit_a64_helper_member_set_integer_logged
                          |          
                           --9.83%--sqjit_a64_store_resolved_member (inlined)
                                     |          
                                      --9.48%--SQJitWriteLog::RecordMember
                                                |          
                                                 --6.84%--SQJitWriteLog::ContainsMember<false> (inlined)
                                                           |          
                                                            --3.34%--SQJitWriteLog::ContainsMember<false>(SQObjectPtr const&, SQObjectPtr const&, SQObjectPtr const&) const::{lambda(SQJitWriteLog::Entry const&)#1}::operator() (inlined)

    14.14%     0.00%  sqgi     sqgi                          [.] SQJitWriteLog::ContainsMember<false> (inlined)
            |
            ---SQJitWriteLog::ContainsMember<false> (inlined)
               |          
                --7.00%--SQJitWriteLog::ContainsMember<false>(SQObjectPtr const&, SQObjectPtr const&, SQObjectPtr const&) const::{lambda(SQJitWriteLog::Entry const&)#1}::operator() (inlined)

    11.03%     0.00%  sqgi     [JIT] tid 534284              [.] 0x0000ffff8330918b
            |
            ---0xffff8330918b
               |          
                --4.79%--0xffff8330918b
                          sqjit_a64_helper_member_closure_guard
                          |          
                           --2.64%--sqjit_a64_helper_member_closure_guard
                                     sqjit_a64_root_fallback_safe

     9.28%     1.61%  sqgi     sqgi                          [.] sqjit_a64_helper_member_closure_guard
            |          
             --7.67%--sqjit_a64_helper_member_closure_guard
                       |          
                       |--4.07%--sqjit_a64_helper_member_closure_guard
                       |          sqjit_a64_root_fallback_safe
                       |          |          
                       |           --3.00%--SQTable::GetRawSlot (inlined)
                       |                     |          
                       |                      --2.64%--SQTable::_Get (inlined)
                       |          
                        --3.60%--sqjit_a64_borrow_member_value_with_root (inlined)
                                  |          
                                   --2.70%--sqjit_a64_helper_member_closure_guard
                                             sqjit_a64_borrow_member_ptr_value
                                             |          
                                              --2.34%--SQTable::GetRawSlot (inlined)

     7.00%     0.00%  sqgi     sqgi                          [.] SQJitWriteLog::ContainsMember<false>(SQObjectPtr const&, SQObjectPtr const&, SQObjectPtr const&) const::{lambda(SQJitWriteLog::Entry const&)#1}::operator() (inlined)
            |
            ---SQJitWriteLog::ContainsMember<false>(SQObjectPtr const&, SQObjectPtr const&, SQObjectPtr const&) const::{lambda(SQJitWriteLog::Entry const&)#1}::operator() (inlined)

     6.16%     6.16%  sqgi     sqgi                          [.] sqjit_a64_helper_array_get_object
            |
            ---0xffff833061b3
               0xffff833061b3
               sqjit_a64_helper_array_get_object
               |          
                --2.28%--SQObjectPtr::operator= (inlined)

     6.12%     0.00%  sqgi     [JIT] tid 534284              [.] 0x0000ffff83308213
            |
            ---0xffff83308213

     5.93%     0.00%  sqgi     [JIT] tid 534284              [.] 0x0000ffff833071af
            |
            ---0xffff833071af
               |          
                --2.51%--0xffff833071af
                          sqjit_a64_helper_member_closure_guard

     5.22%     0.36%  sqgi     sqgi                          [.] SQVM::Get
            |          
             --4.86%--SQVM::Get
                       |          
                        --3.78%--SQTable::Get
                                  |          
                                   --2.34%--SQTable::_Get (inlined)

     4.50%     1.80%  sqgi     sqgi                          [.] SQVM::DerefInc
            |          
             --2.70%--SQVM::DerefInc

     4.07%     4.07%  sqgi     sqgi                          [.] sqjit_a64_root_fallback_safe
            |          
             --2.64%--0xffff8330918b
                       0xffff8330918b
                       sqjit_a64_helper_member_closure_guard
                       sqjit_a64_helper_member_closure_guard
                       sqjit_a64_root_fallback_safe

     3.78%     3.60%  sqgi     sqgi                          [.] SQTable::Get
            |          
             --3.60%--_start
                       __libc_start_main_impl (inlined)
                       __libc_start_call_main
                       main
                       sq_call
                       SQVM::Execute
                       |          
                        --2.88%--SQVM::Get
                                  SQTable::Get

     3.60%     3.60%  sqgi     sqgi                          [.] sqjit_a64_borrow_member_ptr_value
     3.60%     0.00%  sqgi     sqgi                          [.] sqjit_a64_borrow_member_value_with_root (inlined)
            |
            ---sqjit_a64_borrow_member_value_with_root (inlined)
               |          
                --2.70%--sqjit_a64_helper_member_closure_guard
                          sqjit_a64_borrow_member_ptr_value
                          |          
                           --2.34%--SQTable::GetRawSlot (inlined)

     3.00%     0.00%  sqgi     sqgi                          [.] SQTable::GetRawSlot (inlined)
            |
            ---SQTable::GetRawSlot (inlined)
               |          
                --2.64%--SQTable::_Get (inlined)

     2.85%     0.00%  sqgi     sqgi                          [.] sqjit_a64_member_store_slot (inlined)
            |
            ---sqjit_a64_member_store_slot (inlined)
               |          
                --2.49%--sqjit_a64_member_store_slot (inlined)
                          |          
                           --2.13%--sqjit_a64_resolve_store_slot (inlined)

     2.64%     0.00%  sqgi     sqgi                          [.] SQTable::_Get (inlined)
            |
            ---SQTable::_Get (inlined)

     2.46%     0.00%  sqgi     sqgi                          [.] SQObjectPtr::operator= (inlined)
            |
            ---SQObjectPtr::operator= (inlined)

     2.45%     2.45%  sqgi     [JIT] tid 534284              [.] 0x0000ffff83306214
            |
            ---0xffff833061b3
               0xffff83306214

     2.34%     0.00%  sqgi     sqgi                          [.] SQTable::_Get (inlined)
            |
            ---SQTable::_Get (inlined)

     2.34%     0.00%  sqgi     sqgi                          [.] SQTable::GetRawSlot (inlined)
            |
            ---SQTable::GetRawSlot (inlined)

     2.16%     1.98%  sqgi     sqgi                          [.] sqjit_try_execute_current_loop
     2.13%     0.00%  sqgi     sqgi                          [.] sqjit_a64_resolve_store_slot (inlined)
            |
            ---sqjit_a64_resolve_store_slot (inlined)

     2.12%     2.12%  sqgi     sqgi                          [.] SQJitWriteLog::CanRelease


#
# (Cannot load tips.txt file, please install perf!)
#
