# To display the perf.data header info, please use --header/--header-only options.
#
#
# Total Lost Samples: 0
#
# Samples: 317  of event 'cycles:u'
# Event count (approx.): 1364568587
#
# Children      Self  Command  Shared Object               Symbol                                          
# ........  ........  .......  ..........................  ................................................
#
    19.57%     8.01%  sqgi     sqgi                        [.] sqjit_a64_helper_member_closure_guard
            |          
             --11.56%--sqjit_a64_helper_member_closure_guard
                       sqjit_a64_helper_member_closure_guard
                       sqjit_a64_borrow_member_ptr_value
                       |          
                        --9.23%--SQTable::GetRawSlot (inlined)
                                  |          
                                  |--4.23%--SQTable::_Get (inlined)
                                  |          
                                   --2.33%--HashObj (inlined)

    13.90%    13.90%  sqgi     sqgi                        [.] sqjit_a64_borrow_member_ptr_value
            |          
             --2.33%--0xffff997ef19f
                       0xffff997ef19f
                       sqjit_a64_helper_member_native_closure_guard
                       sqjit_a64_helper_member_native_closure_guard
                       sqjit_a64_borrow_member_ptr_value

    10.56%     0.00%  sqgi     sqgi                        [.] SQTable::GetRawSlot (inlined)
            |
            ---SQTable::GetRawSlot (inlined)
               |          
               |--4.89%--SQTable::_Get (inlined)
               |          
                --3.00%--HashObj (inlined)

     8.67%     0.00%  sqgi     [JIT] tid 534502            [.] 0x0000ffff997f21d3
            |
            ---0xffff997f21d3
               |          
                --2.34%--0xffff997f2284

     7.00%     0.00%  sqgi     [JIT] tid 534502            [.] 0x0000ffff997f0153
            |
            ---0xffff997f0153

     6.67%     0.00%  sqgi     [JIT] tid 534502            [.] 0x0000ffff997ef19f
            |
            ---0xffff997ef19f
               |          
                --3.67%--0xffff997ef19f
                          sqjit_a64_helper_member_native_closure_guard
                          |          
                           --2.33%--sqjit_a64_helper_member_native_closure_guard
                                     sqjit_a64_borrow_member_ptr_value

     6.02%     0.00%  sqgi     [JIT] tid 534502            [.] 0x0000ffff997f3313
            |
            ---0xffff997f3313

     6.01%     0.00%  sqgi     [JIT] tid 534502            [.] 0x0000ffff997f355f
            |
            ---0xffff997f355f
               |          
                --3.01%--0xffff997f355f
                          sqjit_a64_helper_member_closure_guard

     5.66%     0.00%  sqgi     [JIT] tid 534502            [.] 0x0000ffff997f42ef
            |
            ---0xffff997f42ef
               |          
                --2.00%--0xffff997f435c

     5.34%     0.00%  sqgi     [JIT] tid 534502            [.] 0x0000ffff997f128f
            |
            ---0xffff997f128f
               |          
                --2.34%--0xffff997f12f8

     5.34%     0.00%  sqgi     [JIT] tid 534502            [.] 0x0000ffff997f422f
            |
            ---0xffff997f422f

     5.25%     0.00%  sqgi     [JIT] tid 534502            [.] 0x0000ffff997f5153
            |
            ---0xffff997f5153

     5.01%     0.00%  sqgi     [JIT] tid 534502            [.] 0x0000ffff997f11d7
            |
            ---0xffff997f11d7

     5.01%     0.00%  sqgi     [JIT] tid 534502            [.] 0x0000ffff997ef1ff
            |
            ---0xffff997ef1ff
               |          
                --2.34%--0xffff997ef240

     4.89%     0.00%  sqgi     sqgi                        [.] SQTable::_Get (inlined)
            |
            ---SQTable::_Get (inlined)

     4.68%     0.00%  sqgi     [JIT] tid 534502            [.] 0x0000ffff997f34a3
            |
            ---0xffff997f34a3

     4.34%     0.00%  sqgi     [JIT] tid 534502            [.] 0x0000ffff997f361b
            |
            ---0xffff997f361b

     4.01%     0.00%  sqgi     [JIT] tid 534502            [.] 0x0000ffff997f36d7
            |
            ---0xffff997f36d7

     4.00%     0.00%  sqgi     [JIT] tid 534502            [.] 0x0000ffff997f446f
            |
            ---0xffff997f446f

     3.68%     0.00%  sqgi     [JIT] tid 534502            [.] 0x0000ffff997f384f
            |
            ---0xffff997f384f

     3.67%     0.00%  sqgi     [JIT] tid 534502            [.] 0x0000ffff997f33e7
            |
            ---0xffff997f33e7

     3.67%     1.34%  sqgi     sqgi                        [.] sqjit_a64_helper_member_native_closure_guard
            |          
             --2.33%--sqjit_a64_helper_member_native_closure_guard
                       sqjit_a64_helper_member_native_closure_guard
                       sqjit_a64_borrow_member_ptr_value

     3.34%     0.00%  sqgi     [JIT] tid 534502            [.] 0x0000ffff997f3793
            |
            ---0xffff997f3793

     3.34%     0.00%  sqgi     [JIT] tid 534502            [.] 0x0000ffff997f43af
            |
            ---0xffff997f43af

     3.00%     0.00%  sqgi     sqgi                        [.] HashObj (inlined)
            |
            ---HashObj (inlined)

     2.34%     0.00%  sqgi     sqgi                        [.] sqjit_a64_borrow_member_value_with_root (inlined)
            |
            ---sqjit_a64_borrow_member_value_with_root (inlined)

     2.34%     2.34%  sqgi     [JIT] tid 534502            [.] 0x0000ffff997f2284
            |
            ---0xffff997f21d3
               0xffff997f2284

     2.34%     2.34%  sqgi     [JIT] tid 534502            [.] 0x0000ffff997ef240
            |
            ---0xffff997ef1ff
               0xffff997ef240

     2.34%     2.34%  sqgi     [JIT] tid 534502            [.] 0x0000ffff997f12f8
            |
            ---0xffff997f128f
               0xffff997f12f8

     2.00%     2.00%  sqgi     [JIT] tid 534502            [.] 0x0000ffff997f435c
            |
            ---0xffff997f42ef
               0xffff997f435c



#
# (Cannot load tips.txt file, please install perf!)
#
