BENCH	filter	200000	0.023170000	10.254364576940203
BENCH	channels_4	200000	0.078065000	20.621658757381574
BENCH	pressure_8	200000	0.151920000	30.900920683591639
BENCH	integration	200000	0.036385000	1562.9738403896752
BENCH	retained_input	200000	0.046080000	399985.55383443867
BENCH	branching	200000	0.030490000	1.6005902475563216
BENCH	helper_control	200000	0.054615000	3.7152600782050693
BENCH	filter	200000	0.023070000	10.254364576940203
BENCH	channels_4	200000	0.076355000	20.621658757381574
BENCH	pressure_8	200000	0.152210000	30.900920683591639
BENCH	integration	200000	0.035805000	1562.9738403896752
BENCH	retained_input	200000	0.044285000	399985.55383443867
BENCH	branching	200000	0.030660000	1.6005902475563216
BENCH	helper_control	200000	0.054690000	3.7152600782050693
BENCH	filter	200000	0.023395000	10.254364576940203
BENCH	channels_4	200000	0.078020000	20.621658757381574
BENCH	pressure_8	200000	0.151495000	30.900920683591639
BENCH	integration	200000	0.036095000	1562.9738403896752
BENCH	retained_input	200000	0.044900000	399985.55383443867
BENCH	branching	200000	0.030590000	1.6005902475563216
BENCH	helper_control	200000	0.054695000	3.7152600782050693
609.68;msec;task-clock:u;0.17%;609676959;100.00;0.998;CPUs utilized
1365623191;;cycles:u;0.13%;609702329;100.00;2.248;GHz
3897262824;;instructions:u;0.00%;609702329;100.00;2.86;insn per cycle
153410;;branch-misses:u;0.47%;609702329;100.00;;
1434325843;;cache-references:u;0.00%;609702329;100.00;2.361;G/sec
238780;;cache-misses:u;0.46%;609702329;100.00;0.017;of all cache refs
786;;page-faults:u;0.15%;609676959;100.00;1.294;K/sec
0;;context-switches:u;0.00%;609676959;100.00;0.000;/sec
