BENCH	direct_call	3200000	0.034010	563347
BENCH	branch_call	3200000	0.031350	599062
BENCH	float_call	3200000	0.020762	8.2204724409448815
BENCH	numeric_loop	3200000	0.022732	612398470
BENCH	vector	160000	0.363400	0.12553851953971693
BENCH	dynamic_member	160000	0.804594	7261462
BENCH	dynamic_key_get_set	160000	0.181906	6566091
BENCH	object_member_write_fallback	160000	0.469637	595919
BENCH	array_append	160000	0.150062	3048687
BENCH	array_write	160000	0.037725	831988
BENCH	array_read	3200000	0.007029	8000000
BENCH	array_float	3200000	0.006797	6400000
BENCH	math_intrinsic	160000	0.205781	2418270.8295144332
BENCH	math_variable	160000	0.218444	313782.39947747899
BENCH	matrix	160000	0.309400	-0.024510798820940455
BENCH	direct_call	3200000	0.033914	563347
BENCH	branch_call	3200000	0.031336	599062
BENCH	float_call	3200000	0.020863	8.2204724409448815
BENCH	numeric_loop	3200000	0.022793	612398470
BENCH	vector	160000	0.364419	0.12553851953971693
BENCH	dynamic_member	160000	0.802538	7261462
BENCH	dynamic_key_get_set	160000	0.182181	6566091
BENCH	object_member_write_fallback	160000	0.471019	595919
BENCH	array_append	160000	0.132656	3048687
BENCH	array_write	160000	0.037081	831988
BENCH	array_read	3200000	0.007083	8000000
BENCH	array_float	3200000	0.006799	6400000
BENCH	math_intrinsic	160000	0.202631	2418270.8295144332
BENCH	math_variable	160000	0.217925	313782.39947747899
BENCH	matrix	160000	0.310244	-0.024510798820940455
BENCH	direct_call	3200000	0.033932	563347
BENCH	branch_call	3200000	0.031564	599062
BENCH	float_call	3200000	0.021004	8.2204724409448815
BENCH	numeric_loop	3200000	0.022833	612398470
BENCH	vector	160000	0.377431	0.12553851953971693
BENCH	dynamic_member	160000	0.801238	7261462
BENCH	dynamic_key_get_set	160000	0.182425	6566091
BENCH	object_member_write_fallback	160000	0.471444	595919
BENCH	array_append	160000	0.128100	3048687
BENCH	array_write	160000	0.036538	831988
BENCH	array_read	3200000	0.007015	8000000
BENCH	array_float	3200000	0.006779	6400000
BENCH	math_intrinsic	160000	0.222438	2418270.8295144332
BENCH	math_variable	160000	0.217781	313782.39947747899
BENCH	matrix	160000	0.309450	-0.024510798820940455
5030.06;msec;task-clock:u;0.24%;5030058690;100.00;1.003;CPUs utilized
11385138412;;cycles:u;0.22%;5030518073;100.00;2.274;GHz
29171871516;;instructions:u;0.00%;5030518073;100.00;2.57;insn per cycle
5197366;;branch-misses:u;14.14%;5030518073;100.00;;
11972303431;;cache-references:u;0.15%;5030518073;100.00;2.392;G/sec
1319564;;cache-misses:u;0.97%;5030518073;100.00;0.011;of all cache refs
10510;;page-faults:u;0.00%;5030058690;100.00;2.099;K/sec
0;;context-switches:u;0.00%;5030058690;100.00;0.000;/sec
