# To display the perf.data header info, please use --header/--header-only options.
#
#
# Total Lost Samples: 0
#
# Samples: 2K of event 'cycles:u'
# Event count (approx.): 11390058300
#
# Children      Self  Command  Shared Object            Symbol                                           
# ........  ........  .......  .......................  .................................................
#
    24.02%     0.00%  sqgi     libc.so.6                [.] __libc_start_call_main
            |
            ---__libc_start_call_main
               __libc_start_call_main
               main
               |          
                --23.97%--sq_call
                          SQVM::Execute

    24.02%     0.00%  sqgi     sqgi                     [.] main
            |
            ---main
               |          
                --23.97%--sq_call
                          SQVM::Execute

    23.97%     0.00%  sqgi     sqgi                     [.] sq_call
            |
            ---sq_call
               SQVM::Execute

    23.97%    19.23%  sqgi     sqgi                     [.] SQVM::Execute
            |          
            |--19.23%--__libc_start_call_main
            |          __libc_start_call_main
            |          main
            |          sq_call
            |          SQVM::Execute
            |          
             --4.74%--SQVM::Execute

    13.00%     0.00%  sqgi     [JIT] tid 534190         [.] 0x0000ffffbe6b8153
            |
            ---0xffffbe6b8153
               |          
                --2.55%--0xffffbe6b8240

    12.09%     0.00%  sqgi     [JIT] tid 534190         [.] 0x0000ffffbe6b7153
            |
            ---0xffffbe6b7153
               |          
                --2.29%--0xffffbe6b7268

     8.03%     0.00%  sqgi     [JIT] tid 534190         [.] 0x0000ffffbe6b6153
            |
            ---0xffffbe6b6153
               |          
                --2.21%--0xffffbe6b61b4

     7.31%     0.00%  sqgi     [JIT] tid 534190         [.] 0x0000ffffbe6b5043
            |
            ---0xffffbe6b5043
               |          
                --2.05%--0xffffbe6b5230

     5.54%     0.00%  sqgi     [JIT] tid 534190         [.] 0x0000ffffbe4a132b
            |
            ---0xffffbe4a132b

     5.16%     2.39%  sqgi     sqgi                     [.] sqjit_a64_helper_member_closure_guard
            |          
             --2.77%--sqjit_a64_helper_member_closure_guard
                       sqjit_a64_borrow_member_value_with_root (inlined)
                       sqjit_a64_borrow_member_ptr_value

     4.26%     0.00%  sqgi     sqgi                     [.] sqjit_a64_borrow_member_value_with_root (inlined)
            |
            ---sqjit_a64_borrow_member_value_with_root (inlined)
               |          
                --4.22%--sqjit_a64_borrow_member_ptr_value
                          |          
                           --2.65%--SQTable::GetRawSlot (inlined)

     4.22%     4.18%  sqgi     sqgi                     [.] sqjit_a64_borrow_member_ptr_value
     2.77%     0.00%  sqgi     [JIT] tid 534190         [.] 0x0000ffffbe4a410f
            |
            ---0xffffbe4a410f

     2.65%     0.00%  sqgi     sqgi                     [.] SQTable::GetRawSlot (inlined)
            |
            ---SQTable::GetRawSlot (inlined)

     2.61%     2.61%  sqgi     [JIT] tid 534190         [.] 0x0000ffffbe6b5230
            |          
             --2.05%--0xffffbe6b5043
                       0xffffbe6b5230

     2.55%     2.55%  sqgi     [JIT] tid 534190         [.] 0x0000ffffbe6b8240
            |
            ---0xffffbe6b8153
               0xffffbe6b8240

     2.33%     1.41%  sqgi     sqgi                     [.] sqjit_number_conversion_guard
     2.29%     2.29%  sqgi     [JIT] tid 534190         [.] 0x0000ffffbe6b7268
            |
            ---0xffffbe6b7153
               0xffffbe6b7268

     2.21%     2.21%  sqgi     [JIT] tid 534190         [.] 0x0000ffffbe6b61b4
            |
            ---0xffffbe6b6153
               0xffffbe6b61b4

     2.13%     0.68%  sqgi     sqgi                     [.] sqjit_a64_helper_member_native_closure_guard
     2.09%     2.09%  sqgi     sqgi                     [.] SQTable::Get


#
# (Cannot load tips.txt file, please install perf!)
#
