# To display the perf.data header info, please use --header/--header-only options.
#
#
# Total Lost Samples: 0
#
# Samples: 1K of event 'cycles:u'
# Event count (approx.): 6293663123
#
# Children      Self  Command  Shared Object                 Symbol                                                                                          
# ........  ........  .......  ............................  ................................................................................................
#
    75.63%     0.00%  sqgi     libc.so.6                     [.] __libc_start_call_main
            |
            ---__libc_start_call_main
               __libc_start_call_main
               main
               |          
                --75.54%--sq_call
                          SQVM::Execute
                          |          
                          |--7.10%--sqjit_try_execute_current
                          |          |          
                          |           --2.68%--SQVM::Return
                          |          
                          |--6.15%--sq_member_cache_hit (inlined)
                          |          |          
                          |           --3.75%--SQTable::GetCachedSlot (inlined)
                          |          
                          |--5.66%--SQObjectPtr::operator= (inlined)
                          |          
                          |--3.05%--SQVM::Get
                          |          
                          |--3.05%--sqjit_try_execute_current_loop
                          |          
                          |--2.98%--sq_member_raw_slot (inlined)
                          |          |          
                          |           --2.90%--SQTable::GetRawSlot (inlined)
                          |                     |          
                          |                      --2.03%--SQTable::_Get (inlined)
                          |          
                          |--2.69%--sq_vm_member_cache_for (inlined)
                          |          |          
                          |           --2.47%--SQFunctionProto::MemberCacheAt (inlined)
                          |          
                          |--2.44%--SQVM::CMP_OP
                          |          
                           --2.03%--SQArray::Get (inlined)

    75.63%     0.00%  sqgi     sqgi                          [.] main
            |
            ---main
               |          
                --75.54%--sq_call
                          SQVM::Execute
                          |          
                          |--7.10%--sqjit_try_execute_current
                          |          |          
                          |           --2.68%--SQVM::Return
                          |          
                          |--6.15%--sq_member_cache_hit (inlined)
                          |          |          
                          |           --3.75%--SQTable::GetCachedSlot (inlined)
                          |          
                          |--5.66%--SQObjectPtr::operator= (inlined)
                          |          
                          |--3.05%--SQVM::Get
                          |          
                          |--3.05%--sqjit_try_execute_current_loop
                          |          
                          |--2.98%--sq_member_raw_slot (inlined)
                          |          |          
                          |           --2.90%--SQTable::GetRawSlot (inlined)
                          |                     |          
                          |                      --2.03%--SQTable::_Get (inlined)
                          |          
                          |--2.69%--sq_vm_member_cache_for (inlined)
                          |          |          
                          |           --2.47%--SQFunctionProto::MemberCacheAt (inlined)
                          |          
                          |--2.44%--SQVM::CMP_OP
                          |          
                           --2.03%--SQArray::Get (inlined)

    75.54%     0.00%  sqgi     sqgi                          [.] sq_call
            |
            ---sq_call
               SQVM::Execute
               |          
               |--7.10%--sqjit_try_execute_current
               |          |          
               |           --2.68%--SQVM::Return
               |          
               |--6.15%--sq_member_cache_hit (inlined)
               |          |          
               |           --3.75%--SQTable::GetCachedSlot (inlined)
               |          
               |--5.66%--SQObjectPtr::operator= (inlined)
               |          
               |--3.05%--SQVM::Get
               |          
               |--3.05%--sqjit_try_execute_current_loop
               |          
               |--2.98%--sq_member_raw_slot (inlined)
               |          |          
               |           --2.90%--SQTable::GetRawSlot (inlined)
               |                     |          
               |                      --2.03%--SQTable::_Get (inlined)
               |          
               |--2.69%--sq_vm_member_cache_for (inlined)
               |          |          
               |           --2.47%--SQFunctionProto::MemberCacheAt (inlined)
               |          
               |--2.44%--SQVM::CMP_OP
               |          
                --2.03%--SQArray::Get (inlined)

    75.54%    55.33%  sqgi     sqgi                          [.] SQVM::Execute
            |          
            |--55.33%--__libc_start_call_main
            |          __libc_start_call_main
            |          main
            |          sq_call
            |          SQVM::Execute
            |          |          
            |          |--6.07%--sq_member_cache_hit (inlined)
            |          |          |          
            |          |           --3.75%--SQTable::GetCachedSlot (inlined)
            |          |          
            |          |--5.66%--SQObjectPtr::operator= (inlined)
            |          |          
            |          |--2.98%--sq_member_raw_slot (inlined)
            |          |          |          
            |          |           --2.90%--SQTable::GetRawSlot (inlined)
            |          |                     |          
            |          |                      --2.03%--SQTable::_Get (inlined)
            |          |          
            |          |--2.69%--sq_vm_member_cache_for (inlined)
            |          |          |          
            |          |           --2.47%--SQFunctionProto::MemberCacheAt (inlined)
            |          |          
            |           --2.03%--SQArray::Get (inlined)
            |          
             --20.21%--SQVM::Execute
                       |          
                       |--7.10%--sqjit_try_execute_current
                       |          |          
                       |           --2.68%--SQVM::Return
                       |          
                       |--3.05%--SQVM::Get
                       |          
                       |--3.05%--sqjit_try_execute_current_loop
                       |          
                        --2.44%--SQVM::CMP_OP

     7.10%     2.83%  sqgi     sqgi                          [.] sqjit_try_execute_current
            |          
            |--4.28%--sqjit_try_execute_current
            |          |          
            |           --2.68%--SQVM::Return
            |          
             --2.83%--__libc_start_call_main
                       __libc_start_call_main
                       main
                       sq_call
                       SQVM::Execute
                       sqjit_try_execute_current

     6.60%     0.00%  sqgi     sqgi                          [.] SQObjectPtr::operator= (inlined)
            |
            ---SQObjectPtr::operator= (inlined)

     6.15%     0.00%  sqgi     sqgi                          [.] sq_member_cache_hit (inlined)
            |
            ---sq_member_cache_hit (inlined)
               |          
                --3.75%--SQTable::GetCachedSlot (inlined)

     5.57%     4.91%  sqgi     sqgi                          [.] sqjit_a64_precise_step<(SQOpcode)14, false>
     4.68%     4.54%  sqgi     sqgi                          [.] sqjit_a64_precise_step<(SQOpcode)9, true>
     3.84%     0.00%  sqgi     [JIT] tid 534333              [.] 0x0000ffffb398442f
            |
            ---0xffffb398442f

     3.75%     0.00%  sqgi     sqgi                          [.] SQTable::GetCachedSlot (inlined)
            |
            ---SQTable::GetCachedSlot (inlined)

     3.19%     1.88%  sqgi     sqgi                          [.] sqjit_number_conversion_guard
     3.05%     0.80%  sqgi     sqgi                          [.] SQVM::Get
            |          
             --2.25%--SQVM::Get

     3.05%     2.47%  sqgi     sqgi                          [.] sqjit_try_execute_current_loop
            |          
             --2.47%--__libc_start_call_main
                       __libc_start_call_main
                       main
                       sq_call
                       SQVM::Execute
                       sqjit_try_execute_current_loop

     3.05%     3.05%  sqgi     sqgi                          [.] SQTable::Get
     2.98%     0.00%  sqgi     sqgi                          [.] sq_member_raw_slot (inlined)
            |
            ---sq_member_raw_slot (inlined)
               |          
                --2.90%--SQTable::GetRawSlot (inlined)
                          |          
                           --2.03%--SQTable::_Get (inlined)

     2.90%     0.00%  sqgi     sqgi                          [.] SQTable::GetRawSlot (inlined)
            |
            ---SQTable::GetRawSlot (inlined)
               |          
                --2.03%--SQTable::_Get (inlined)

     2.69%     0.00%  sqgi     sqgi                          [.] sq_vm_member_cache_for (inlined)
            |
            ---sq_vm_member_cache_for (inlined)
               |          
                --2.47%--SQFunctionProto::MemberCacheAt (inlined)

     2.68%     1.74%  sqgi     sqgi                          [.] SQVM::Return
     2.47%     0.00%  sqgi     sqgi                          [.] SQFunctionProto::MemberCacheAt (inlined)
            |
            ---SQFunctionProto::MemberCacheAt (inlined)

     2.44%     0.62%  sqgi     sqgi                          [.] SQVM::CMP_OP
     2.36%     0.00%  sqgi     sqgi                          [.] sqjit_a64_precise_member<true> (inlined)
            |
            ---sqjit_a64_precise_member<true> (inlined)

     2.10%     0.00%  sqgi     sqgi                          [.] sqjit_a64_precise_member<false> (inlined)
            |
            ---sqjit_a64_precise_member<false> (inlined)

     2.03%     0.00%  sqgi     sqgi                          [.] SQTable::_Get (inlined)
            |
            ---SQTable::_Get (inlined)

     2.03%     0.00%  sqgi     sqgi                          [.] SQArray::Get (inlined)
            |
            ---SQArray::Get (inlined)



#
# (Cannot load tips.txt file, please install perf!)
#
