BENCH	table_events_97	200000	0.468600000	10069540
BENCH	class_events_97	200000	0.465310000	10069540
BENCH	buffers_7	200000	0.432335000	65667
BENCH	buffers_31	200000	0.431865000	651677
BENCH	calibrate_17	200000	0.082980000	1040538.515625
BENCH	calibrate_67	200000	0.083975000	1040417.796875
BENCH	table_events_97	200000	0.469895000	10069540
BENCH	class_events_97	200000	0.463205000	10069540
BENCH	buffers_7	200000	0.433955000	65667
BENCH	buffers_31	200000	0.432275000	651677
BENCH	calibrate_17	200000	0.083375000	1040538.515625
BENCH	calibrate_67	200000	0.084625000	1040417.796875
BENCH	table_events_97	200000	0.472045000	10069540
BENCH	class_events_97	200000	0.464840000	10069540
BENCH	buffers_7	200000	0.432915000	65667
BENCH	buffers_31	200000	0.432930000	651677
BENCH	calibrate_17	200000	0.083080000	1040538.515625
BENCH	calibrate_67	200000	0.084000000	1040417.796875
2773.68;msec;task-clock:u;0.09%;2773675616;100.00;0.996;CPUs utilized
6310517033;;cycles:u;0.05%;2773914183;100.00;2.271;GHz
18456321471;;instructions:u;0.00%;2773914183;100.00;2.92;insn per cycle
3366485;;branch-misses:u;0.29%;2773914183;100.00;;
7600203537;;cache-references:u;0.01%;2773914183;100.00;2.735;G/sec
5497243;;cache-misses:u;0.60%;2773914183;100.00;0.072;of all cache refs
811;;page-faults:u;0.04%;2773675616;100.00;291.893;/sec
0;;context-switches:u;0.00%;2773675616;100.00;0.000;/sec
