BENCH	transfer_table	200000	0.522240000	141925
BENCH	transfer_class	200000	0.526545000	141925
BENCH	transfer_mixed	200000	0.537005000	141925
BENCH	publish_table	200000	0.446590000	410680
BENCH	publish_class	200000	0.456285000	410680
BENCH	publish_mixed	200000	0.458890000	410680
BENCH	transfer_table	200000	0.518425000	141925
BENCH	transfer_class	200000	0.524295000	141925
BENCH	transfer_mixed	200000	0.535540000	141925
BENCH	publish_table	200000	0.446170000	410680
BENCH	publish_class	200000	0.456335000	410680
BENCH	publish_mixed	200000	0.458845000	410680
BENCH	transfer_table	200000	0.516430000	141925
BENCH	transfer_class	200000	0.522105000	141925
BENCH	transfer_mixed	200000	0.534160000	141925
BENCH	publish_table	200000	0.444145000	410680
BENCH	publish_class	200000	0.453400000	410680
BENCH	publish_mixed	200000	0.456990000	410680
4120.43;msec;task-clock:u;0.28%;4120427190;100.00;0.994;CPUs utilized
9379090297;;cycles:u;0.23%;4120769322;100.00;2.266;GHz
27487385585;;instructions:u;0.00%;4120769322;100.00;2.92;insn per cycle
2161559;;branch-misses:u;0.50%;4120769322;100.00;;
11330259483;;cache-references:u;0.01%;4120769322;100.00;2.737;G/sec
322589;;cache-misses:u;1834.88%;4120769322;100.00;0.003;of all cache refs
794;;page-faults:u;0.04%;4120427190;100.00;191.802;/sec
0;;context-switches:u;0.00%;4120427190;100.00;0.000;/sec
