# To display the perf.data header info, please use --header/--header-only options.
#
#
# Total Lost Samples: 0
#
# Samples: 2K of event 'cycles:u'
# Event count (approx.): 9437578037
#
# Children      Self  Command  Shared Object          Symbol                                         
# ........  ........  .......  .....................  ...............................................
#
    65.43%     0.00%  sqgi     libc.so.6              [.] __libc_start_call_main
            |
            ---__libc_start_call_main
               __libc_start_call_main
               main
               |          
                --65.35%--sq_call
                          SQVM::Execute
                          |          
                          |--11.06%--sqjit_try_execute_current
                          |          |          
                          |           --4.39%--SQVM::Return
                          |                     |          
                          |                      --2.08%--SQVM::LeaveFrame
                          |          
                          |--3.76%--sqjit_try_execute_current_loop
                          |          
                          |--3.63%--SQArray::Get (inlined)
                          |          |          
                          |           --3.05%--SQArray::Get (inlined)
                          |          
                          |--3.48%--SQObjectPtr::operator= (inlined)
                          |          
                          |--2.50%--SQVM::CMP_OP
                          |          
                          |--2.37%--SQVM::StartCall
                          |          
                           --2.22%--sqjit_try_execute_closure

    65.43%     0.00%  sqgi     sqgi                   [.] main
            |
            ---main
               |          
                --65.35%--sq_call
                          SQVM::Execute
                          |          
                          |--11.06%--sqjit_try_execute_current
                          |          |          
                          |           --4.39%--SQVM::Return
                          |                     |          
                          |                      --2.08%--SQVM::LeaveFrame
                          |          
                          |--3.76%--sqjit_try_execute_current_loop
                          |          
                          |--3.63%--SQArray::Get (inlined)
                          |          |          
                          |           --3.05%--SQArray::Get (inlined)
                          |          
                          |--3.48%--SQObjectPtr::operator= (inlined)
                          |          
                          |--2.50%--SQVM::CMP_OP
                          |          
                          |--2.37%--SQVM::StartCall
                          |          
                           --2.22%--sqjit_try_execute_closure

    65.35%     0.00%  sqgi     sqgi                   [.] sq_call
            |
            ---sq_call
               SQVM::Execute
               |          
               |--11.06%--sqjit_try_execute_current
               |          |          
               |           --4.39%--SQVM::Return
               |                     |          
               |                      --2.08%--SQVM::LeaveFrame
               |          
               |--3.76%--sqjit_try_execute_current_loop
               |          
               |--3.63%--SQArray::Get (inlined)
               |          |          
               |           --3.05%--SQArray::Get (inlined)
               |          
               |--3.48%--SQObjectPtr::operator= (inlined)
               |          
               |--2.50%--SQVM::CMP_OP
               |          
               |--2.37%--SQVM::StartCall
               |          
                --2.22%--sqjit_try_execute_closure

    65.35%    41.01%  sqgi     sqgi                   [.] SQVM::Execute
            |          
            |--41.01%--__libc_start_call_main
            |          __libc_start_call_main
            |          main
            |          sq_call
            |          SQVM::Execute
            |          |          
            |          |--3.63%--SQArray::Get (inlined)
            |          |          |          
            |          |           --3.05%--SQArray::Get (inlined)
            |          |          
            |           --3.48%--SQObjectPtr::operator= (inlined)
            |          
             --24.34%--SQVM::Execute
                       |          
                       |--11.06%--sqjit_try_execute_current
                       |          |          
                       |           --4.39%--SQVM::Return
                       |                     |          
                       |                      --2.08%--SQVM::LeaveFrame
                       |          
                       |--3.76%--sqjit_try_execute_current_loop
                       |          
                       |--2.50%--SQVM::CMP_OP
                       |          
                       |--2.37%--SQVM::StartCall
                       |          
                        --2.22%--sqjit_try_execute_closure

    11.30%     4.40%  sqgi     sqgi                   [.] sqjit_try_execute_current
            |          
            |--6.90%--sqjit_try_execute_current
            |          |          
            |           --4.39%--SQVM::Return
            |                     |          
            |                      --2.08%--SQVM::LeaveFrame
            |          
             --4.40%--__libc_start_call_main
                       __libc_start_call_main
                       main
                       sq_call
                       SQVM::Execute
                       sqjit_try_execute_current

    10.80%     9.25%  sqgi     sqgi                   [.] sqjit_a64_precise_step<(SQOpcode)13, true>
            |          
            |--2.18%--0xffffa20b411f
            |          0xffffa20b411f
            |          sqjit_a64_precise_step<(SQOpcode)13, true>
            |          
             --2.06%--0xffffa20b51ef
                       0xffffa20b51ef
                       sqjit_a64_precise_step<(SQOpcode)13, true>

     6.53%     5.99%  sqgi     sqgi                   [.] sqjit_a64_precise_step<(SQOpcode)1, false>
     5.61%     4.79%  sqgi     sqgi                   [.] sqjit_a64_precise_step<(SQOpcode)9, true>
            |          
             --2.08%--0xffffa20b5083
                       0xffffa20b5083
                       sqjit_a64_precise_step<(SQOpcode)9, true>

     4.93%     0.00%  sqgi     sqgi                   [.] sqjit_a64_precise_member<true> (inlined)
            |
            ---sqjit_a64_precise_member<true> (inlined)
               |          
                --3.96%--sq_member_raw_slot (inlined)
                          |          
                           --2.27%--SQTable::GetRawSlot (inlined)

     4.39%     2.31%  sqgi     sqgi                   [.] SQVM::Return
            |          
            |--2.31%--__libc_start_call_main
            |          __libc_start_call_main
            |          main
            |          sq_call
            |          SQVM::Execute
            |          sqjit_try_execute_current
            |          SQVM::Return
            |          
             --2.08%--SQVM::Return
                       SQVM::LeaveFrame

     4.30%     0.00%  sqgi     sqgi                   [.] SQObjectPtr::operator= (inlined)
            |
            ---SQObjectPtr::operator= (inlined)

     3.96%     0.00%  sqgi     sqgi                   [.] sq_member_raw_slot (inlined)
            |
            ---sq_member_raw_slot (inlined)
               |          
                --2.27%--SQTable::GetRawSlot (inlined)

     3.76%     2.66%  sqgi     sqgi                   [.] sqjit_try_execute_current_loop
            |          
             --2.66%--__libc_start_call_main
                       __libc_start_call_main
                       main
                       sq_call
                       SQVM::Execute
                       sqjit_try_execute_current_loop

     3.63%     0.00%  sqgi     sqgi                   [.] SQArray::Get (inlined)
            |
            ---SQArray::Get (inlined)
               |          
                --3.05%--SQArray::Get (inlined)

     3.58%     0.00%  sqgi     sqgi                   [.] SQTable::GetRawSlot (inlined)
            |
            ---SQTable::GetRawSlot (inlined)
               |          
                --2.51%--SQTable::_Get (inlined)

     3.29%     3.29%  sqgi     sqgi                   [.] SQJitWriteLog::CanReleaseInContext
     2.95%     2.56%  sqgi     sqgi                   [.] sqjit_a64_precise_step<(SQOpcode)14, false>
     2.51%     0.00%  sqgi     [JIT] tid 534475       [.] 0x0000ffffa20b411f
            |
            ---0xffffa20b411f
               |          
                --2.47%--0xffffa20b411f
                          sqjit_a64_precise_step<(SQOpcode)13, true>

     2.51%     0.00%  sqgi     sqgi                   [.] SQTable::_Get (inlined)
            |
            ---SQTable::_Get (inlined)

     2.50%     0.92%  sqgi     sqgi                   [.] SQVM::CMP_OP
     2.49%     0.00%  sqgi     [JIT] tid 534475       [.] 0x0000ffffa20b51ef
            |
            ---0xffffa20b51ef
               |          
                --2.40%--0xffffa20b51ef
                          sqjit_a64_precise_step<(SQOpcode)13, true>

     2.37%     1.74%  sqgi     sqgi                   [.] SQVM::StartCall
     2.27%     0.00%  sqgi     [JIT] tid 534475       [.] 0x0000ffffa20b40b7
            |
            ---0xffffa20b40b7
               0xffffa20b40b7
               sqjit_a64_precise_step<(SQOpcode)13, true>

     2.22%     2.03%  sqgi     sqgi                   [.] sqjit_try_execute_closure
            |          
             --2.03%--__libc_start_call_main
                       __libc_start_call_main
                       main
                       sq_call
                       SQVM::Execute
                       sqjit_try_execute_closure

     2.18%     0.00%  sqgi     sqgi                   [.] SQObjectPtr::operator= (inlined)
            |
            ---SQObjectPtr::operator= (inlined)

     2.17%     0.00%  sqgi     [JIT] tid 534475       [.] 0x0000ffffa20b50eb
            |
            ---0xffffa20b50eb
               |          
                --2.12%--0xffffa20b50eb
                          sqjit_a64_precise_step<(SQOpcode)14, true>

     2.13%     0.00%  sqgi     [JIT] tid 534475       [.] 0x0000ffffa20b5083
            |
            ---0xffffa20b5083
               |          
                --2.08%--0xffffa20b5083
                          sqjit_a64_precise_step<(SQOpcode)9, true>

     2.12%     2.12%  sqgi     sqgi                   [.] sqjit_a64_precise_step<(SQOpcode)14, true>
            |
            ---0xffffa20b50eb
               0xffffa20b50eb
               sqjit_a64_precise_step<(SQOpcode)14, true>

     2.08%     2.08%  sqgi     sqgi                   [.] SQVM::LeaveFrame
            |
            ---__libc_start_call_main
               __libc_start_call_main
               main
               sq_call
               SQVM::Execute
               sqjit_try_execute_current
               SQVM::Return
               SQVM::LeaveFrame



#
# (Cannot load tips.txt file, please install perf!)
#
