BENCH	table_owners_1	200000	0.291345000	5098276961
BENCH	table_owners_2	200000	0.291440000	5098477602
BENCH	table_owners_5	200000	0.291305000	5097878556
BENCH	table_owners_19	200000	0.291180000	5098684496
BENCH	table_owners_257	200000	0.291505000	5100408060
BENCH	class_owners_1	200000	0.290595000	5098276961
BENCH	class_owners_2	200000	0.291190000	5098477602
BENCH	class_owners_5	200000	0.291440000	5097878556
BENCH	class_owners_19	200000	0.291535000	5098684496
BENCH	class_owners_257	200000	0.291715000	5100408060
BENCH	table_owners_1	200000	0.291490000	5098276961
BENCH	table_owners_2	200000	0.291420000	5098477602
BENCH	table_owners_5	200000	0.290905000	5097878556
BENCH	table_owners_19	200000	0.290935000	5098684496
BENCH	table_owners_257	200000	0.291075000	5100408060
BENCH	class_owners_1	200000	0.290445000	5098276961
BENCH	class_owners_2	200000	0.290465000	5098477602
BENCH	class_owners_5	200000	0.290575000	5097878556
BENCH	class_owners_19	200000	0.290860000	5098684496
BENCH	class_owners_257	200000	0.290990000	5100408060
BENCH	table_owners_1	200000	0.291585000	5098276961
BENCH	table_owners_2	200000	0.291020000	5098477602
BENCH	table_owners_5	200000	0.291415000	5097878556
BENCH	table_owners_19	200000	0.291020000	5098684496
BENCH	table_owners_257	200000	0.291110000	5100408060
BENCH	class_owners_1	200000	0.291565000	5098276961
BENCH	class_owners_2	200000	0.291095000	5098477602
BENCH	class_owners_5	200000	0.290945000	5097878556
BENCH	class_owners_19	200000	0.290910000	5098684496
BENCH	class_owners_257	200000	0.291655000	5100408060
4094.72;msec;task-clock:u;0.10%;4094718235;100.00;0.996;CPUs utilized
9330613379;;cycles:u;0.06%;4095110514;100.00;2.274;GHz
29988179215;;instructions:u;0.00%;4095110514;100.00;3.21;insn per cycle
144371;;branch-misses:u;6.09%;4095110514;100.00;;
11841645060;;cache-references:u;0.00%;4095110514;100.00;2.886;G/sec
291454;;cache-misses:u;6.31%;4095110514;100.00;0.002;of all cache refs
786;;page-faults:u;0.00%;4094718235;100.00;191.567;/sec
0;;context-switches:u;0.00%;4094718235;100.00;0.000;/sec
