# To display the perf.data header info, please use --header/--header-only options.
#
#
# Total Lost Samples: 0
#
# Samples: 2K of event 'cycles:u'
# Event count (approx.): 9334923687
#
# Children      Self  Command  Shared Object            Symbol                                         
# ........  ........  .......  .......................  ...............................................
#
    18.52%    16.86%  sqgi     sqgi                     [.] sqjit_a64_precise_step<(SQOpcode)9, true>
            |          
            |--4.06%--0xffff89293ac3
            |          0xffff89293ac3
            |          |          
            |           --3.62%--sqjit_a64_precise_step<(SQOpcode)9, true>
            |          
            |--3.66%--0xffff89293167
            |          0xffff89293167
            |          |          
            |           --3.47%--sqjit_a64_precise_step<(SQOpcode)9, true>
            |          
            |--3.28%--0xffff8929398b
            |          0xffff8929398b
            |          sqjit_a64_precise_step<(SQOpcode)9, true>
            |          
            |--3.13%--0xffff89293cff
            |          0xffff89293cff
            |          sqjit_a64_precise_step<(SQOpcode)9, true>
            |          
             --2.74%--0xffff8929335b
                       0xffff8929335b
                       sqjit_a64_precise_step<(SQOpcode)9, true>

    11.32%    10.58%  sqgi     sqgi                     [.] sqjit_a64_precise_step<(SQOpcode)14, false>
            |          
            |--4.10%--0xffff89293a8f
            |          0xffff89293a8f
            |          sqjit_a64_precise_step<(SQOpcode)14, false>
            |          
            |--3.26%--0xffff892934b3
            |          0xffff892934b3
            |          sqjit_a64_precise_step<(SQOpcode)14, false>
            |          
             --3.23%--0xffff892932f3
                       0xffff892932f3
                       sqjit_a64_precise_step<(SQOpcode)14, false>

    10.60%    10.16%  sqgi     sqgi                     [.] sqjit_a64_precise_step<(SQOpcode)13, true>
            |          
            |--3.86%--0xffff89293957
            |          0xffff89293957
            |          sqjit_a64_precise_step<(SQOpcode)13, true>
            |          
            |--3.57%--0xffff89293327
            |          0xffff89293327
            |          sqjit_a64_precise_step<(SQOpcode)13, true>
            |          
             --2.74%--0xffff89293757
                       0xffff89293757
                       sqjit_a64_precise_step<(SQOpcode)13, true>

     9.26%     8.72%  sqgi     sqgi                     [.] sqjit_a64_precise_step<(SQOpcode)1, false>
            |          
            |--4.39%--0xffff8929319b
            |          0xffff8929319b
            |          sqjit_a64_precise_step<(SQOpcode)1, false>
            |          
             --4.34%--0xffff89293723
                       0xffff89293723
                       sqjit_a64_precise_step<(SQOpcode)1, false>

     8.79%     0.00%  sqgi     [JIT] tid 534367         [.] 0x0000ffff8929312b
            |
            ---0xffff8929312b
               |          
                --8.59%--0xffff8929312b
                          sqjit_a64_precise_step<(SQOpcode)29, false>
                          |          
                           --4.00%--SQVM::CMP_OP
                                     |          
                                      --2.73%--SQVM::ObjCmp

     8.59%     4.40%  sqgi     sqgi                     [.] sqjit_a64_precise_step<(SQOpcode)29, false>
            |          
            |--4.40%--0xffff8929312b
            |          0xffff8929312b
            |          sqjit_a64_precise_step<(SQOpcode)29, false>
            |          
             --4.20%--sqjit_a64_precise_step<(SQOpcode)29, false>
                       |          
                        --4.00%--SQVM::CMP_OP
                                  |          
                                   --2.73%--SQVM::ObjCmp

     8.26%     0.00%  sqgi     [JIT] tid 534367         [.] 0x0000ffff89293ac3
            |
            ---0xffff89293ac3
               |          
                --4.55%--0xffff89293ac3
                          |          
                           --4.11%--sqjit_a64_precise_step<(SQOpcode)9, true>

     7.08%     0.00%  sqgi     [JIT] tid 534367         [.] 0x0000ffff89293f9b
            |
            ---0xffff89293f9b
               |          
                --6.79%--0xffff89293f9b
                          sqjit_a64_precise_step<(SQOpcode)39, false>

     6.79%     5.56%  sqgi     sqgi                     [.] sqjit_a64_precise_step<(SQOpcode)39, false>
            |          
             --5.56%--0xffff89293f9b
                       0xffff89293f9b
                       sqjit_a64_precise_step<(SQOpcode)39, false>

     6.73%     0.00%  sqgi     [JIT] tid 534367         [.] 0x0000ffff8929319b
            |
            ---0xffff8929319b
               |          
                --4.39%--0xffff8929319b
                          sqjit_a64_precise_step<(SQOpcode)1, false>

     6.60%     6.60%  sqgi     sqgi                     [.] SQJitWriteLog::CanReleaseInContext
     6.50%     0.00%  sqgi     [JIT] tid 534367         [.] 0x0000ffff89293cff
            |
            ---0xffff89293cff
               |          
                --3.13%--0xffff89293cff
                          sqjit_a64_precise_step<(SQOpcode)9, true>

     6.45%     0.00%  sqgi     [JIT] tid 534367         [.] 0x0000ffff8929398b
            |
            ---0xffff8929398b
               |          
                --4.45%--0xffff8929398b
                          sqjit_a64_precise_step<(SQOpcode)9, true>

     5.44%     0.00%  sqgi     [JIT] tid 534367         [.] 0x0000ffff892934b3
            |
            ---0xffff892934b3
               |          
                --3.45%--0xffff892934b3
                          sqjit_a64_precise_step<(SQOpcode)14, false>

     5.17%     0.00%  sqgi     [JIT] tid 534367         [.] 0x0000ffff89293723
            |
            ---0xffff89293723
               |          
                --4.87%--0xffff89293723
                          sqjit_a64_precise_step<(SQOpcode)1, false>

     5.07%     0.00%  sqgi     [JIT] tid 534367         [.] 0x0000ffff8929378b
            |
            ---0xffff8929378b
               |          
                --5.02%--0xffff8929378b
                          sqjit_a64_precise_step<(SQOpcode)4, false>

     5.03%     0.00%  sqgi     [JIT] tid 534367         [.] 0x0000ffff892936ef
            |
            ---0xffff892936ef
               |          
                --4.64%--0xffff892936ef
                          |          
                           --4.11%--sqjit_a64_precise_step<(SQOpcode)13, false>

     5.02%     4.19%  sqgi     sqgi                     [.] sqjit_a64_precise_step<(SQOpcode)4, false>
            |          
             --4.19%--0xffff8929378b
                       0xffff8929378b
                       sqjit_a64_precise_step<(SQOpcode)4, false>

     4.93%     0.00%  sqgi     [JIT] tid 534367         [.] 0x0000ffff89293a8f
            |
            ---0xffff89293a8f
               |          
                --4.64%--0xffff89293a8f
                          sqjit_a64_precise_step<(SQOpcode)14, false>

     4.89%     0.00%  sqgi     sqgi                     [.] sqjit_a64_precise_member<true> (inlined)
            |
            ---sqjit_a64_precise_member<true> (inlined)

     4.64%     4.64%  sqgi     sqgi                     [.] sqjit_a64_precise_step<(SQOpcode)13, false>
            |
            ---0xffff892936ef
               0xffff892936ef
               |          
                --4.11%--sqjit_a64_precise_step<(SQOpcode)13, false>

     4.30%     0.00%  sqgi     [JIT] tid 534367         [.] 0x0000ffff892937bf
            |
            ---0xffff892937bf
               |          
                --3.23%--0xffff892937bf
                          sqjit_a64_precise_step<(SQOpcode)14, true>

     4.15%     0.00%  sqgi     [JIT] tid 534367         [.] 0x0000ffff892933af
            |
            ---0xffff892933af
               |          
                --2.63%--0xffff892933af
                          sqjit_a64_precise_step<(SQOpcode)2, false>

     4.11%     0.00%  sqgi     [JIT] tid 534367         [.] 0x0000ffff89293327
            |
            ---0xffff89293327
               |          
                --4.01%--0xffff89293327
                          sqjit_a64_precise_step<(SQOpcode)13, true>

     4.10%     0.00%  sqgi     [JIT] tid 534367         [.] 0x0000ffff89293957
            |
            ---0xffff89293957
               |          
                --3.86%--0xffff89293957
                          sqjit_a64_precise_step<(SQOpcode)13, true>

     4.00%     1.27%  sqgi     sqgi                     [.] SQVM::CMP_OP
            |          
             --2.73%--SQVM::CMP_OP
                       SQVM::ObjCmp

     3.81%     0.00%  sqgi     [JIT] tid 534367         [.] 0x0000ffff89293167
            |
            ---0xffff89293167
               |          
                --3.66%--0xffff89293167
                          |          
                           --3.47%--sqjit_a64_precise_step<(SQOpcode)9, true>

     3.57%     0.00%  sqgi     [JIT] tid 534367         [.] 0x0000ffff892932f3
            |
            ---0xffff892932f3
               |          
                --3.23%--0xffff892932f3
                          sqjit_a64_precise_step<(SQOpcode)14, false>

     3.23%     3.23%  sqgi     sqgi                     [.] sqjit_a64_precise_step<(SQOpcode)14, true>
            |
            ---0xffff892937bf
               0xffff892937bf
               sqjit_a64_precise_step<(SQOpcode)14, true>

     3.13%     0.00%  sqgi     [JIT] tid 534367         [.] 0x0000ffff8929335b
            |
            ---0xffff8929335b
               |          
                --2.74%--0xffff8929335b
                          sqjit_a64_precise_step<(SQOpcode)9, true>

     3.08%     0.00%  sqgi     [JIT] tid 534367         [.] 0x0000ffff89293757
            |
            ---0xffff89293757
               |          
                --2.74%--0xffff89293757
                          sqjit_a64_precise_step<(SQOpcode)13, true>

     2.79%     0.00%  sqgi     sqgi                     [.] SQObjectPtr::operator= (inlined)
            |
            ---SQObjectPtr::operator= (inlined)

     2.73%     2.73%  sqgi     sqgi                     [.] SQVM::ObjCmp
            |
            ---0xffff8929312b
               0xffff8929312b
               sqjit_a64_precise_step<(SQOpcode)29, false>
               SQVM::CMP_OP
               SQVM::ObjCmp

     2.63%     1.46%  sqgi     sqgi                     [.] sqjit_a64_precise_step<(SQOpcode)2, false>
     2.05%     0.00%  sqgi     sqgi                     [.] SQObjectPtr::operator= (inlined)
            |
            ---SQObjectPtr::operator= (inlined)



#
# (Cannot load tips.txt file, please install perf!)
#
