BENCH	receiver_integer	200000	0.053900000	595177
BENCH	root_integer	200000	0.062685000	595177
BENCH	root_reference	200000	0.087440000	799457
BENCH	root_integer_result	200000	0.064290000	795177
BENCH	receiver_integer	200000	0.053810000	595177
BENCH	root_integer	200000	0.062765000	595177
BENCH	root_reference	200000	0.087185000	799457
BENCH	root_integer_result	200000	0.064250000	795177
BENCH	receiver_integer	200000	0.053940000	595177
BENCH	root_integer	200000	0.062645000	595177
BENCH	root_reference	200000	0.085105000	799457
BENCH	root_integer_result	200000	0.064385000	795177
393.00;msec;task-clock:u;1.01%;393001577;100.00;0.977;CPUs utilized
873415968;;cycles:u;0.18%;393073624;100.00;2.193;GHz
2907955242;;instructions:u;0.08%;393073624;100.00;3.32;insn per cycle
289578;;branch-misses:u;11.84%;393073624;100.00;;
1005318134;;cache-references:u;0.13%;393073624;100.00;2.525;G/sec
193520;;cache-misses:u;1.00%;393073624;100.00;0.019;of all cache refs
781;;page-faults:u;0.11%;393001577;100.00;1.961;K/sec
0;;context-switches:u;0.00%;393001577;100.00;0.000;/sec
