# To display the perf.data header info, please use --header/--header-only options.
#
#
# Total Lost Samples: 0
#
# Samples: 211  of event 'cycles:u'
# Event count (approx.): 870125860
#
# Children      Self  Command  Shared Object                 Symbol                                                                                                                                                         
# ........  ........  .......  ............................  ...............................................................................................................................................................
#
    27.75%    11.00%  sqgi     sqgi                          [.] sqjit_a64_helper_member_set_integer_logged
            |          
            |--16.75%--sqjit_a64_helper_member_set_integer_logged
            |          |          
            |          |--10.47%--sqjit_a64_helper_member_set_integer_logged
            |          |          SQJitWriteLog::RecordMember
            |          |          |          
            |          |          |--5.23%--SQJitWriteLog::CanRelease
            |          |          |          
            |          |           --3.66%--SQJitWriteLog::ContainsMember<false> (inlined)
            |          |          
            |           --6.28%--sqjit_a64_member_store_slot (inlined)
            |                     sqjit_a64_member_store_slot (inlined)
            |                     sqjit_a64_helper_member_set_integer_logged
            |                     sqjit_a64_resolve_root_store_slot
            |                     |          
            |                      --4.19%--SQTable::GetRawSlot (inlined)
            |                                SQTable::_Get (inlined)
            |          
            |--5.76%--0xffff81e171f3
            |          0xffff81e171f3
            |          sqjit_a64_helper_member_set_integer_logged
            |          |          
            |           --3.14%--sqjit_a64_member_store_slot (inlined)
            |                     |          
            |                      --2.62%--sqjit_a64_member_store_slot (inlined)
            |                                |          
            |                                 --2.09%--sqjit_a64_resolve_store_slot (inlined)
            |          
             --5.24%--0xffff81e151d7
                       0xffff81e151d7
                       sqjit_a64_helper_member_set_integer_logged
                       |          
                        --3.14%--sqjit_a64_member_store_slot (inlined)
                                  sqjit_a64_member_store_slot (inlined)
                                  sqjit_a64_resolve_store_slot (inlined)
                                  sq_member_raw_slot (inlined)
                                  SQTable::GetRawSlot (inlined)
                                  SQTable::_Get (inlined)

    21.65%    12.51%  sqgi     sqgi                          [.] SQJitWriteLog::RecordMember
            |          
            |--9.15%--SQJitWriteLog::RecordMember
            |          |          
            |           --8.62%--SQJitWriteLog::CanRelease
            |          
            |--5.76%--0xffff81e16207
            |          0xffff81e16207
            |          sqjit_a64_helper_member_set_reference_logged
            |          sqjit_a64_helper_member_set_reference_logged
            |          SQJitWriteLog::RecordMember
            |          SQJitWriteLog::ContainsMember<true> (inlined)
            |          |          
            |           --2.10%--SQJitWriteLog::ContainsMember<true>(SQObjectPtr const&, SQObjectPtr const&, SQObjectPtr const&) const::{lambda(SQJitWriteLog::Entry const&)#1}::operator() (inlined)
            |          
            |--3.14%--0xffff81e151d7
            |          0xffff81e151d7
            |          sqjit_a64_helper_member_set_integer_logged
            |          sqjit_a64_helper_member_set_integer_logged
            |          SQJitWriteLog::RecordMember
            |          |          
            |           --2.09%--SQJitWriteLog::ContainsMember<false> (inlined)
            |          
             --2.09%--0xffff81e171f3
                       0xffff81e171f3
                       sqjit_a64_helper_member_set_integer_logged
                       sqjit_a64_helper_member_set_integer_logged
                       SQJitWriteLog::RecordMember

    20.44%     0.00%  sqgi     [JIT] tid 534310              [.] 0x0000ffff81e16207
            |
            ---0xffff81e16207
               |          
                --16.25%--0xffff81e16207
                          sqjit_a64_helper_member_set_reference_logged
                          |          
                          |--7.34%--sqjit_a64_helper_member_set_reference_logged
                          |          SQJitWriteLog::RecordMember
                          |          |          
                          |           --6.29%--SQJitWriteLog::ContainsMember<true> (inlined)
                          |                     |          
                          |                      --2.10%--SQJitWriteLog::ContainsMember<true>(SQObjectPtr const&, SQObjectPtr const&, SQObjectPtr const&) const::{lambda(SQJitWriteLog::Entry const&)#1}::operator() (inlined)
                          |          
                           --6.29%--sqjit_a64_member_store_slot (inlined)
                                     sqjit_a64_member_store_slot (inlined)
                                     |          
                                     |--3.67%--sqjit_a64_resolve_store_slot (inlined)
                                     |          sq_member_raw_slot (inlined)
                                     |          SQTable::GetRawSlot (inlined)
                                     |          |          
                                     |           --2.62%--SQTable::_Get (inlined)
                                     |          
                                      --2.62%--sqjit_a64_helper_member_set_reference_logged
                                                sqjit_a64_resolve_root_store_slot

    16.77%     0.00%  sqgi     [JIT] tid 534310              [.] 0x0000ffff81e151d7
            |
            ---0xffff81e151d7
               |          
                --14.67%--0xffff81e151d7
                          sqjit_a64_helper_member_set_integer_logged
                          |          
                          |--7.33%--sqjit_a64_member_store_slot (inlined)
                          |          sqjit_a64_member_store_slot (inlined)
                          |          |          
                          |          |--4.18%--sqjit_a64_helper_member_set_integer_logged
                          |          |          sqjit_a64_resolve_root_store_slot
                          |          |          |          
                          |          |           --2.61%--SQTable::GetRawSlot (inlined)
                          |          |                     SQTable::_Get (inlined)
                          |          |          
                          |           --3.14%--sqjit_a64_resolve_store_slot (inlined)
                          |                     sq_member_raw_slot (inlined)
                          |                     SQTable::GetRawSlot (inlined)
                          |                     SQTable::_Get (inlined)
                          |          
                           --5.24%--sqjit_a64_helper_member_set_integer_logged
                                     SQJitWriteLog::RecordMember
                                     |          
                                     |--2.10%--SQJitWriteLog::CanRelease
                                     |          
                                      --2.09%--SQJitWriteLog::ContainsMember<false> (inlined)

    16.75%     0.00%  sqgi     [JIT] tid 534310              [.] 0x0000ffff81e171f3
            |
            ---0xffff81e171f3
               |          
                --13.08%--0xffff81e171f3
                          sqjit_a64_helper_member_set_integer_logged
                          |          
                          |--5.24%--sqjit_a64_member_store_slot (inlined)
                          |          |          
                          |           --4.72%--sqjit_a64_member_store_slot (inlined)
                          |                     |          
                          |                     |--2.10%--sqjit_a64_helper_member_set_integer_logged
                          |                     |          sqjit_a64_resolve_root_store_slot
                          |                     |          
                          |                      --2.09%--sqjit_a64_resolve_store_slot (inlined)
                          |          
                           --5.22%--sqjit_a64_helper_member_set_integer_logged
                                     SQJitWriteLog::RecordMember
                                     |          
                                      --3.13%--SQJitWriteLog::CanRelease

    16.25%     6.29%  sqgi     sqgi                          [.] sqjit_a64_helper_member_set_reference_logged
            |          
            |--9.96%--sqjit_a64_helper_member_set_reference_logged
            |          |          
            |          |--7.34%--sqjit_a64_helper_member_set_reference_logged
            |          |          SQJitWriteLog::RecordMember
            |          |          |          
            |          |           --6.29%--SQJitWriteLog::ContainsMember<true> (inlined)
            |          |                     |          
            |          |                      --2.10%--SQJitWriteLog::ContainsMember<true>(SQObjectPtr const&, SQObjectPtr const&, SQObjectPtr const&) const::{lambda(SQJitWriteLog::Entry const&)#1}::operator() (inlined)
            |          |          
            |           --2.62%--sqjit_a64_member_store_slot (inlined)
            |                     sqjit_a64_member_store_slot (inlined)
            |                     sqjit_a64_helper_member_set_reference_logged
            |                     sqjit_a64_resolve_root_store_slot
            |          
             --6.29%--0xffff81e16207
                       0xffff81e16207
                       sqjit_a64_helper_member_set_reference_logged
                       |          
                        --3.67%--sqjit_a64_member_store_slot (inlined)
                                  sqjit_a64_member_store_slot (inlined)
                                  sqjit_a64_resolve_store_slot (inlined)
                                  sq_member_raw_slot (inlined)
                                  SQTable::GetRawSlot (inlined)
                                  |          
                                   --2.62%--SQTable::_Get (inlined)

    15.49%     6.22%  sqgi     sqgi                          [.] sqjit_a64_helper_member_closure_guard
            |          
            |--9.27%--sqjit_a64_helper_member_closure_guard
            |          sqjit_a64_helper_member_closure_guard
            |          sqjit_a64_borrow_member_ptr_value
            |          |          
            |           --7.17%--SQTable::GetRawSlot (inlined)
            |                     |          
            |                      --4.55%--SQTable::_Get (inlined)
            |          
            |--2.10%--0xffff81e1614b
            |          0xffff81e1614b
            |          sqjit_a64_helper_member_closure_guard
            |          
             --2.03%--0xffff81e18167
                       0xffff81e18167
                       sqjit_a64_helper_member_closure_guard

    12.57%     0.00%  sqgi     sqgi                          [.] sqjit_a64_member_store_slot (inlined)
            |
            ---sqjit_a64_member_store_slot (inlined)
               |          
                --12.04%--sqjit_a64_member_store_slot (inlined)
                          |          
                          |--6.28%--sqjit_a64_helper_member_set_integer_logged
                          |          sqjit_a64_resolve_root_store_slot
                          |          |          
                          |           --4.19%--SQTable::GetRawSlot (inlined)
                          |                     SQTable::_Get (inlined)
                          |          
                           --5.23%--sqjit_a64_resolve_store_slot (inlined)
                                     |          
                                      --4.71%--sq_member_raw_slot (inlined)
                                                |          
                                                 --4.18%--SQTable::GetRawSlot (inlined)
                                                           SQTable::_Get (inlined)

    10.29%     0.00%  sqgi     [JIT] tid 534310              [.] 0x0000ffff81e1821f
            |
            ---0xffff81e1821f
               |          
                --7.68%--0xffff81e1821f
                          sqjit_a64_helper_instance_field_set_integer_logged
                          |          
                           --3.85%--sqjit_a64_helper_instance_field_set_integer_logged
                                     SQJitWriteLog::RecordMember
                                     |          
                                      --2.34%--SQJitWriteLog::CanRelease

     9.97%     0.00%  sqgi     [JIT] tid 534310              [.] 0x0000ffff81e1614b
            |
            ---0xffff81e1614b
               |          
               |--4.72%--0xffff81e1614b
               |          sqjit_a64_helper_member_closure_guard
               |          |          
               |           --2.62%--sqjit_a64_helper_member_closure_guard
               |                     sqjit_a64_borrow_member_ptr_value
               |                     SQTable::GetRawSlot (inlined)
               |                     |          
               |                      --2.09%--SQTable::_Get (inlined)
               |          
                --2.10%--0xffff81e1618c

     9.49%     0.00%  sqgi     [JIT] tid 534310              [.] 0x0000ffff81e18167
            |
            ---0xffff81e18167
               |          
               |--5.01%--0xffff81e18167
               |          sqjit_a64_helper_member_closure_guard
               |          |          
               |           --2.98%--sqjit_a64_helper_member_closure_guard
               |                     sqjit_a64_borrow_member_ptr_value
               |                     |          
               |                      --2.46%--SQTable::GetRawSlot (inlined)
               |          
                --3.02%--0xffff81e18210

     9.27%     9.27%  sqgi     sqgi                          [.] sqjit_a64_borrow_member_ptr_value
            |          
            |--2.98%--0xffff81e18167
            |          0xffff81e18167
            |          sqjit_a64_helper_member_closure_guard
            |          sqjit_a64_helper_member_closure_guard
            |          sqjit_a64_borrow_member_ptr_value
            |          |          
            |           --2.46%--SQTable::GetRawSlot (inlined)
            |          
            |--2.62%--0xffff81e1614b
            |          0xffff81e1614b
            |          sqjit_a64_helper_member_closure_guard
            |          sqjit_a64_helper_member_closure_guard
            |          sqjit_a64_borrow_member_ptr_value
            |          SQTable::GetRawSlot (inlined)
            |          |          
            |           --2.09%--SQTable::_Get (inlined)
            |          
             --2.09%--0xffff81e17167
                       0xffff81e17167
                       sqjit_a64_helper_member_closure_guard
                       sqjit_a64_helper_member_closure_guard
                       sqjit_a64_borrow_member_ptr_value

     8.91%     8.91%  sqgi     sqgi                          [.] sqjit_a64_resolve_root_store_slot
            |          
            |--4.18%--0xffff81e151d7
            |          0xffff81e151d7
            |          sqjit_a64_helper_member_set_integer_logged
            |          sqjit_a64_member_store_slot (inlined)
            |          sqjit_a64_member_store_slot (inlined)
            |          sqjit_a64_helper_member_set_integer_logged
            |          sqjit_a64_resolve_root_store_slot
            |          |          
            |           --2.61%--SQTable::GetRawSlot (inlined)
            |                     SQTable::_Get (inlined)
            |          
            |--2.62%--0xffff81e16207
            |          0xffff81e16207
            |          sqjit_a64_helper_member_set_reference_logged
            |          sqjit_a64_member_store_slot (inlined)
            |          sqjit_a64_member_store_slot (inlined)
            |          sqjit_a64_helper_member_set_reference_logged
            |          sqjit_a64_resolve_root_store_slot
            |          
             --2.10%--0xffff81e171f3
                       0xffff81e171f3
                       sqjit_a64_helper_member_set_integer_logged
                       sqjit_a64_member_store_slot (inlined)
                       sqjit_a64_member_store_slot (inlined)
                       sqjit_a64_helper_member_set_integer_logged
                       sqjit_a64_resolve_root_store_slot

     8.62%     8.62%  sqgi     sqgi                          [.] SQJitWriteLog::CanRelease
            |          
            |--3.13%--0xffff81e171f3
            |          0xffff81e171f3
            |          sqjit_a64_helper_member_set_integer_logged
            |          sqjit_a64_helper_member_set_integer_logged
            |          SQJitWriteLog::RecordMember
            |          SQJitWriteLog::CanRelease
            |          
            |--2.34%--0xffff81e1821f
            |          0xffff81e1821f
            |          sqjit_a64_helper_instance_field_set_integer_logged
            |          sqjit_a64_helper_instance_field_set_integer_logged
            |          SQJitWriteLog::RecordMember
            |          SQJitWriteLog::CanRelease
            |          
             --2.10%--0xffff81e151d7
                       0xffff81e151d7
                       sqjit_a64_helper_member_set_integer_logged
                       sqjit_a64_helper_member_set_integer_logged
                       SQJitWriteLog::RecordMember
                       SQJitWriteLog::CanRelease

     7.68%     3.83%  sqgi     sqgi                          [.] sqjit_a64_helper_instance_field_set_integer_logged
            |          
            |--3.85%--sqjit_a64_helper_instance_field_set_integer_logged
            |          sqjit_a64_helper_instance_field_set_integer_logged
            |          SQJitWriteLog::RecordMember
            |          |          
            |           --2.34%--SQJitWriteLog::CanRelease
            |          
             --3.83%--0xffff81e1821f
                       0xffff81e1821f
                       sqjit_a64_helper_instance_field_set_integer_logged

     7.34%     0.00%  sqgi     [JIT] tid 534310              [.] 0x0000ffff81e1514b
            |
            ---0xffff81e1514b
               |          
               |--2.63%--0xffff81e151bc
               |          
                --2.62%--0xffff81e1514b
                          sqjit_a64_helper_member_closure_guard

     7.17%     0.00%  sqgi     sqgi                          [.] SQTable::GetRawSlot (inlined)
            |
            ---SQTable::GetRawSlot (inlined)
               |          
                --4.55%--SQTable::_Get (inlined)

     6.29%     0.00%  sqgi     sqgi                          [.] sqjit_a64_member_store_slot (inlined)
            |
            ---sqjit_a64_member_store_slot (inlined)
               sqjit_a64_member_store_slot (inlined)
               |          
               |--3.67%--sqjit_a64_resolve_store_slot (inlined)
               |          sq_member_raw_slot (inlined)
               |          SQTable::GetRawSlot (inlined)
               |          |          
               |           --2.62%--SQTable::_Get (inlined)
               |          
                --2.62%--sqjit_a64_helper_member_set_reference_logged
                          sqjit_a64_resolve_root_store_slot

     6.29%     0.00%  sqgi     sqgi                          [.] SQJitWriteLog::ContainsMember<true> (inlined)
            |
            ---SQJitWriteLog::ContainsMember<true> (inlined)
               |          
                --2.10%--SQJitWriteLog::ContainsMember<true>(SQObjectPtr const&, SQObjectPtr const&, SQObjectPtr const&) const::{lambda(SQJitWriteLog::Entry const&)#1}::operator() (inlined)

     6.28%     0.00%  sqgi     [JIT] tid 534310              [.] 0x0000ffff81e17167
            |
            ---0xffff81e17167
               |          
               |--3.14%--0xffff81e171d8
               |          
                --3.14%--0xffff81e17167
                          sqjit_a64_helper_member_closure_guard
                          |          
                           --2.09%--sqjit_a64_helper_member_closure_guard
                                     sqjit_a64_borrow_member_ptr_value

     5.23%     0.00%  sqgi     sqgi                          [.] sqjit_a64_resolve_store_slot (inlined)
            |
            ---sqjit_a64_resolve_store_slot (inlined)
               |          
                --4.71%--sq_member_raw_slot (inlined)
                          |          
                           --4.18%--SQTable::GetRawSlot (inlined)
                                     SQTable::_Get (inlined)

     5.17%     0.00%  sqgi     sqgi                          [.] SQJitWriteLog::ContainsMember<false> (inlined)
            |
            ---SQJitWriteLog::ContainsMember<false> (inlined)
               |          
                --2.55%--SQJitWriteLog::ContainsMember<false>(SQObjectPtr const&, SQObjectPtr const&, SQObjectPtr const&) const::{lambda(SQJitWriteLog::Entry const&)#1}::operator() (inlined)

     4.71%     0.00%  sqgi     sqgi                          [.] SQTable::GetRawSlot (inlined)
            |
            ---SQTable::GetRawSlot (inlined)
               SQTable::_Get (inlined)

     4.71%     0.00%  sqgi     sqgi                          [.] SQTable::_Get (inlined)
            |
            ---SQTable::_Get (inlined)

     4.71%     0.00%  sqgi     sqgi                          [.] sq_member_raw_slot (inlined)
            |
            ---sq_member_raw_slot (inlined)
               |          
                --4.18%--SQTable::GetRawSlot (inlined)
                          SQTable::_Get (inlined)

     4.71%     0.00%  sqgi     sqgi                          [.] SQTable::GetRawSlot (inlined)
            |
            ---SQTable::GetRawSlot (inlined)
               |          
                --4.18%--SQTable::_Get (inlined)

     4.55%     0.00%  sqgi     sqgi                          [.] SQTable::_Get (inlined)
            |
            ---SQTable::_Get (inlined)

     4.18%     0.00%  sqgi     sqgi                          [.] SQTable::_Get (inlined)
            |
            ---SQTable::_Get (inlined)

     3.67%     0.00%  sqgi     sqgi                          [.] sqjit_a64_resolve_store_slot (inlined)
            |
            ---sqjit_a64_resolve_store_slot (inlined)
               sq_member_raw_slot (inlined)
               SQTable::GetRawSlot (inlined)
               |          
                --2.62%--SQTable::_Get (inlined)

     3.67%     0.00%  sqgi     sqgi                          [.] sq_member_raw_slot (inlined)
            |
            ---sq_member_raw_slot (inlined)
               SQTable::GetRawSlot (inlined)
               |          
                --2.62%--SQTable::_Get (inlined)

     3.67%     0.00%  sqgi     sqgi                          [.] SQTable::GetRawSlot (inlined)
            |
            ---SQTable::GetRawSlot (inlined)
               |          
                --2.62%--SQTable::_Get (inlined)

     3.14%     3.14%  sqgi     [JIT] tid 534310              [.] 0x0000ffff81e171d8
            |
            ---0xffff81e17167
               0xffff81e171d8

     3.02%     3.02%  sqgi     [JIT] tid 534310              [.] 0x0000ffff81e18210
            |
            ---0xffff81e18167
               0xffff81e18210

     2.63%     2.63%  sqgi     [JIT] tid 534310              [.] 0x0000ffff81e151bc
            |
            ---0xffff81e1514b
               0xffff81e151bc

     2.62%     0.00%  sqgi     sqgi                          [.] SQTable::_Get (inlined)
            |
            ---SQTable::_Get (inlined)

     2.55%     0.00%  sqgi     sqgi                          [.] SQJitWriteLog::ContainsMember<false>(SQObjectPtr const&, SQObjectPtr const&, SQObjectPtr const&) const::{lambda(SQJitWriteLog::Entry const&)#1}::operator() (inlined)
            |
            ---SQJitWriteLog::ContainsMember<false>(SQObjectPtr const&, SQObjectPtr const&, SQObjectPtr const&) const::{lambda(SQJitWriteLog::Entry const&)#1}::operator() (inlined)

     2.10%     0.00%  sqgi     sqgi                          [.] SQJitWriteLog::ContainsMember<true>(SQObjectPtr const&, SQObjectPtr const&, SQObjectPtr const&) const::{lambda(SQJitWriteLog::Entry const&)#1}::operator() (inlined)
            |
            ---SQJitWriteLog::ContainsMember<true>(SQObjectPtr const&, SQObjectPtr const&, SQObjectPtr const&) const::{lambda(SQJitWriteLog::Entry const&)#1}::operator() (inlined)

     2.10%     2.10%  sqgi     [JIT] tid 534310              [.] 0x0000ffff81e1618c
            |
            ---0xffff81e1614b
               0xffff81e1618c

     2.10%     0.00%  sqgi     sqgi                          [.] SQObjectPtr::operator= (inlined)
            |
            ---SQObjectPtr::operator= (inlined)



#
# (Cannot load tips.txt file, please install perf!)
#
