[Thread debugging using libthread_db enabled]
Using host libthread_db library "/lib/aarch64-linux-gnu/libthread_db.so.1".
EMIT_ATTEMPT table_apply {'tier': 6, 'owning_postincrement': 0, 'cold_lookups': 1, 'shared_helpers': 0}
EMIT_ATTEMPT apply {'tier': 6, 'owning_postincrement': 0, 'cold_lookups': 1, 'shared_helpers': 0}
EMIT_ATTEMPT rotate_buffers {'tier': 6, 'owning_postincrement': 1, 'cold_lookups': 0, 'shared_helpers': 0}
EMIT_ATTEMPT rotate_buffers {'tier': 6, 'owning_postincrement': 1, 'cold_lookups': 0, 'shared_helpers': 0}
EMIT_ATTEMPT rotate_buffers {'tier': 6, 'owning_postincrement': 0, 'cold_lookups': 0, 'shared_helpers': 0}
EMIT_ATTEMPT rotate_buffers {'tier': 6, 'owning_postincrement': 0, 'cold_lookups': 0, 'shared_helpers': 0}
EMIT_ATTEMPT rotate_buffers {'tier': 6, 'owning_postincrement': 1, 'cold_lookups': 0, 'shared_helpers': 1}
EMIT_ATTEMPT rotate_buffers {'tier': 6, 'owning_postincrement': 1, 'cold_lookups': 0, 'shared_helpers': 1}
EMIT_ATTEMPT rotate_buffers {'tier': 6, 'owning_postincrement': 0, 'cold_lookups': 0, 'shared_helpers': 1}
EMIT_ATTEMPT rotate_buffers {'tier': 6, 'owning_postincrement': 0, 'cold_lookups': 0, 'shared_helpers': 1}
EMIT_ATTEMPT rotate_buffers {'tier': 5, 'owning_postincrement': 1, 'cold_lookups': 0, 'shared_helpers': 0}
EMIT_ATTEMPT rotate_buffers {'tier': 5, 'owning_postincrement': 1, 'cold_lookups': 0, 'shared_helpers': 0}
EMIT_ATTEMPT rotate_buffers {'tier': 5, 'owning_postincrement': 0, 'cold_lookups': 0, 'shared_helpers': 0}
EMIT_ATTEMPT rotate_buffers {'tier': 5, 'owning_postincrement': 0, 'cold_lookups': 0, 'shared_helpers': 0}
EMIT_ATTEMPT rotate_buffers {'tier': 5, 'owning_postincrement': 1, 'cold_lookups': 0, 'shared_helpers': 1}
EMIT_ATTEMPT rotate_buffers {'tier': 5, 'owning_postincrement': 1, 'cold_lookups': 0, 'shared_helpers': 1}
EMIT_ATTEMPT rotate_buffers {'tier': 5, 'owning_postincrement': 0, 'cold_lookups': 0, 'shared_helpers': 1}
EMIT_ATTEMPT rotate_buffers {'tier': 5, 'owning_postincrement': 0, 'cold_lookups': 0, 'shared_helpers': 1}
EMIT_ATTEMPT rotate_buffers {'tier': 4, 'owning_postincrement': 1, 'cold_lookups': 0, 'shared_helpers': 0}
EMIT_ATTEMPT rotate_buffers {'tier': 4, 'owning_postincrement': 1, 'cold_lookups': 0, 'shared_helpers': 0}
EMIT_ATTEMPT rotate_buffers {'tier': 4, 'owning_postincrement': 0, 'cold_lookups': 0, 'shared_helpers': 0}
EMIT_ATTEMPT rotate_buffers {'tier': 4, 'owning_postincrement': 0, 'cold_lookups': 0, 'shared_helpers': 0}
EMIT_ATTEMPT rotate_buffers {'tier': 4, 'owning_postincrement': 1, 'cold_lookups': 0, 'shared_helpers': 1}
EMIT_ATTEMPT rotate_buffers {'tier': 4, 'owning_postincrement': 1, 'cold_lookups': 0, 'shared_helpers': 1}
EMIT_ATTEMPT rotate_buffers {'tier': 4, 'owning_postincrement': 0, 'cold_lookups': 0, 'shared_helpers': 1}
EMIT_ATTEMPT rotate_buffers {'tier': 4, 'owning_postincrement': 0, 'cold_lookups': 0, 'shared_helpers': 1}
EMIT_ATTEMPT rotate_buffers {'tier': 3, 'owning_postincrement': 0, 'cold_lookups': 0, 'shared_helpers': 0}
EMIT_ATTEMPT rotate_buffers {'tier': 3, 'owning_postincrement': 0, 'cold_lookups': 0, 'shared_helpers': 0}
EMIT_ATTEMPT rotate_buffers {'tier': 3, 'owning_postincrement': 0, 'cold_lookups': 0, 'shared_helpers': 1}
BENCH	table_events_97	19	710.789473684	342
BENCH	class_events_97	19	701.526315789	342
BENCH	buffers_7	19	53.263157895	574
BENCH	buffers_31	19	43.157894737	411
BENCH	calibrate_17	19	24.105263158	16.171875
BENCH	calibrate_67	19	32.947368421	16.03125
[Inferior 1 (process 743813) exited normally]
[Thread debugging using libthread_db enabled]
Using host libthread_db library "/lib/aarch64-linux-gnu/libthread_db.so.1".
EMIT_ATTEMPT recycle {'tier': 6, 'owning_postincrement': 1, 'cold_lookups': 0, 'shared_helpers': 0}
BENCH	table_owners_1	19	109.736842105	1538.25
BENCH	table_owners_2	19	95.263157895	1713.25
BENCH	table_owners_5	19	91.894736842	2152.25
BENCH	table_owners_19	19	95.789473684	3209.25
BENCH	table_owners_257	19	44.947368421	45216.25
BENCH	class_owners_1	19	36.526315789	1538.25
BENCH	class_owners_2	19	39.842105263	1713.25
BENCH	class_owners_5	19	38.894736842	2152.25
BENCH	class_owners_19	19	36.157894737	3209.25
BENCH	class_owners_257	19	32.000000000	45216.25
[Inferior 1 (process 743815) exited normally]
[Thread debugging using libthread_db enabled]
Using host libthread_db library "/lib/aarch64-linux-gnu/libthread_db.so.1".
EMIT_ATTEMPT transfer {'tier': 6, 'owning_postincrement': 0, 'cold_lookups': 1, 'shared_helpers': 0}
EMIT_ATTEMPT publish {'tier': 6, 'owning_postincrement': 0, 'cold_lookups': 1, 'shared_helpers': 0}
BENCH	transfer_table	19	661.000000000	3147
BENCH	transfer_class	19	772.368421053	3147
BENCH	transfer_mixed	19	810.210526316	3147
BENCH	publish_table	19	763.000000000	8162
BENCH	publish_class	19	809.473684211	8162
BENCH	publish_mixed	19	708.947368421	8162
[Inferior 1 (process 743816) exited normally]
EMISSION_TIERS_VERIFIED {"table_apply": {"tier": 6, "owning_postincrement": 0, "cold_lookups": 1, "shared_helpers": 0}, "apply": {"tier": 6, "owning_postincrement": 0, "cold_lookups": 1, "shared_helpers": 0}, "rotate_buffers": {"tier": 3, "owning_postincrement": 0, "cold_lookups": 0, "shared_helpers": 1}, "recycle": {"tier": 6, "owning_postincrement": 1, "cold_lookups": 0, "shared_helpers": 0}, "transfer": {"tier": 6, "owning_postincrement": 0, "cold_lookups": 1, "shared_helpers": 0}, "publish": {"tier": 6, "owning_postincrement": 0, "cold_lookups": 1, "shared_helpers": 0}}
