[Thread debugging using libthread_db enabled]
Using host libthread_db library "/lib/aarch64-linux-gnu/libthread_db.so.1".
BENCH	table_events_97	19	317.473684211	342
BENCH	class_events_97	19	263.526315789	342
BENCH	buffers_7	19	12399.842105263	574
BENCH	buffers_31	19	8492.736842105	411
BENCH	calibrate_17	19	56.421052632	16.171875
BENCH	calibrate_67	19	54.052631579	16.03125
[sqjit:stats] proto enters=106 hot=16 compile=16 success=4 fail=12
[sqjit:stats] proto exec attempts=106 success=84 guard_fail=0
[sqjit:stats] proto side_exits=0
[sqjit:stats] direct calls attempts=74 success=0 miss=74 guard_fail=0
[sqjit:stats] loops try=2789 find_fail=6 compile=5 success=0 fail=5 exec=0 exec_success=0 guard_fail=0
[sqjit:stats] rejects=17 unique_reasons=8
[sqjit:stats] backoff proto=0 proto_skips=0 loop=0 loop_skips=0
[sqjit:stats] reject category count=2 category=opcode
[sqjit:stats] reject category count=3 category=loop
[sqjit:stats] reject category count=3 category=member
[sqjit:stats] reject category count=6 category=call
[sqjit:stats] reject category count=1 category=constructor
[sqjit:stats] reject category count=2 category=other
[sqjit:stats] reject reason count=2 reason=unsupported function shape or instruction limit
[sqjit:stats] reject reason count=2 reason=deferred CALL direct closure
[sqjit:stats] reject reason count=1 reason=unsupported CALL class
[sqjit:stats] reject reason count=3 reason=unsupported loop branch shape
[sqjit:stats] reject reason count=2 reason=unsupported loop opcode _OP_NEWSLOT
[sqjit:stats] reject reason count=4 reason=unsupported CALL direct closure
[sqjit:stats] reject reason count=1 reason=unsupported PREPCALL member
[sqjit:stats] reject reason count=2 reason=unsupported PREPCALLK member
[sqjit:stats] reject_site rank=1 proto=(nil) name=main source=<sqgi async bootstrap> line=-1 ip=-1 count=1 reason=unsupported function shape or instruction limit
[sqjit:stats] reject_site rank=2 proto=(nil) name=main source=test/bench_member_workloads.nut line=-1 ip=-1 count=1 reason=unsupported function shape or instruction limit
[sqjit:stats] reject_site rank=3 proto=(nil) name=<anonymous> source=test/bench_member_workloads.nut line=71 ip=3 count=1 reason=deferred CALL direct closure
[sqjit:stats] reject_site rank=4 proto=(nil) name=event_records source=test/bench_member_workloads.nut line=28 ip=12 count=1 reason=unsupported CALL class
[sqjit:stats] reject_site rank=5 proto=(nil) name=event_records source=test/bench_member_workloads.nut line=27 ip=9 count=1 reason=unsupported loop branch shape
[sqjit:stats] reject_site rank=6 proto=(nil) name=event_records source=test/bench_member_workloads.nut line=33 ip=30 count=1 reason=unsupported loop opcode _OP_NEWSLOT
[sqjit:stats] reject_site rank=7 proto=(nil) name=event_records source=test/bench_member_workloads.nut line=34 ip=37 count=1 reason=unsupported loop opcode _OP_NEWSLOT
[sqjit:stats] reject_site rank=8 proto=(nil) name=event_records source=test/bench_member_workloads.nut line=40 ip=56 count=1 reason=unsupported loop branch shape
[sqjit:stats] reject_site rank=9 proto=(nil) name=main source=test/bench_member_workloads.nut line=80 ip=126 count=1 reason=unsupported loop branch shape
[sqjit:stats] reject_site rank=10 proto=(nil) name=<anonymous> source=test/bench_member_workloads.nut line=71 ip=3 count=1 reason=unsupported CALL direct closure
[sqjit:stats] reject_site rank=11 proto=(nil) name=<anonymous> source=test/bench_member_workloads.nut line=72 ip=3 count=1 reason=unsupported CALL direct closure
[sqjit:stats] reject_site rank=12 proto=(nil) name=<anonymous> source=test/bench_member_workloads.nut line=73 ip=3 count=1 reason=deferred CALL direct closure
[Inferior 1 (process 719779) exited normally]
BUFFER_HELPER_PROBE {'rotate_buffers': 4} {'rotate_buffers:0:2': 4, 'rotate_buffers:1:2': 4, 'rotate_buffers:2:29': 80, 'rotate_buffers:3:9': 4, 'rotate_buffers:4:4': 76, 'rotate_buffers:5:14': 4, 'rotate_buffers:6:13': 76, 'rotate_buffers:7:1': 76, 'rotate_buffers:8:13': 76, 'rotate_buffers:9:1': 76, 'rotate_buffers:10:2': 76, 'rotate_buffers:13:15': 76, 'rotate_buffers:14:30': 76, 'rotate_buffers:15:1': 40, 'rotate_buffers:18:13': 76, 'rotate_buffers:19:21': 76, 'rotate_buffers:24:9': 4, 'rotate_buffers:25:8': 76, 'rotate_buffers:26:6': 76, 'rotate_buffers:30:13': 76, 'rotate_buffers:42:39': 76, 'rotate_buffers:17:1': 36, 'rotate_buffers:52:23': 4}
