[Thread debugging using libthread_db enabled]
Using host libthread_db library "/lib/aarch64-linux-gnu/libthread_db.so.1".
CALL_CAPTURE direct_call_kernel-loop 4096 [{'address': 187649985859280, 'type': 'OT_TABLE', 'type_bits': 167772192, 'tag_offset': 24, 'referent': 187649985791904}]
CALL_CAPTURE float_call_kernel-loop 4096 [{'address': 187649985859280, 'type': 'OT_TABLE', 'type_bits': 167772192, 'tag_offset': 24, 'referent': 187649985791904}]
BENCH	direct_call	20060	0.047458	310943
BENCH	branch_call	20060	0.044865	965890
BENCH	float_call	20060	0.092173	6.4409448818897639
BENCH	numeric_loop	20060	0.043769	309396979
BENCH	vector	1003	0.716849	0.029401438368664899
BENCH	dynamic_member	1003	430.505484	351634
BENCH	dynamic_key_get_set	1003	0.634098	9864523
BENCH	object_member_write_fallback	1003	2.335992	975549
BENCH	array_append	1003	0.251246	513287
BENCH	array_write	1003	0.123629	348036
BENCH	array_read	20060	0.031505	50150
BENCH	array_float	20060	0.033649	40120
BENCH	math_intrinsic	1003	0.778664	15070.888124440078
BENCH	math_variable	1003	0.832502	1898.5082300017814
BENCH	matrix	1003	2.887338	-0.23190831387140035
[sqjit:stats] proto enters=3226 hot=39 compile=39 success=18 fail=21
[sqjit:stats] proto exec attempts=3226 success=3019 guard_fail=123
[sqjit:stats] proto side_exits=0
[sqjit:stats] direct calls attempts=2904 success=617 miss=2287 guard_fail=2
[sqjit:stats] loops try=2252 find_fail=8 compile=9 success=4 fail=5 exec=12 exec_success=12 guard_fail=0
[sqjit:stats] rejects=26 unique_reasons=12
[sqjit:stats] backoff proto=0 proto_skips=0 loop=0 loop_skips=0
[sqjit:stats] reject category count=2 category=opcode
[sqjit:stats] reject category count=5 category=loop
[sqjit:stats] reject category count=3 category=member
[sqjit:stats] reject category count=12 category=call
[sqjit:stats] reject category count=4 category=other
[sqjit:stats] reject reason count=2 reason=unsupported function shape or instruction limit
[sqjit:stats] reject reason count=11 reason=deferred CALL direct closure
[sqjit:stats] reject reason count=1 reason=unsupported PREPCALLK member
[sqjit:stats] reject reason count=1 reason=unsupported instruction or operand combination
[sqjit:stats] reject reason count=1 reason=unsupported loop object preload
[sqjit:stats] reject reason count=2 reason=unsupported SET dynamic member
[sqjit:stats] reject reason count=2 reason=unsupported loop dynamic member SET
[sqjit:stats] reject reason count=1 reason=unsupported loop branch shape
[sqjit:stats] reject reason count=1 reason=unsupported float arithmetic operands
[sqjit:stats] reject reason count=2 reason=unsupported opcode _OP_FOREACH
[sqjit:stats] reject reason count=1 reason=unsupported CALL direct closure
[sqjit:stats] reject reason count=1 reason=unsupported loop direct CALL
[sqjit:stats] proto_guard rank=1 proto=(nil) name=cross source=test/test_jit_perf_correctness.nut guard_fail=120 exec=121 exec_ok=1 direct=239 direct_ok=119 backoffs=0 skips=0 rejects=0 last_reject_ip=-1 reason=none
[sqjit:stats] proto_guard rank=2 proto=(nil) name=object_member_write_fallback_kernel source=test/test_jit_perf_correctness.nut guard_fail=5 exec=3 exec_ok=0 direct=2 direct_ok=0 backoffs=0 skips=0 rejects=1 last_reject_ip=29 reason=unsupported loop branch shape
[sqjit:stats] reject_site rank=1 proto=(nil) name=direct_call_kernel source=test/test_jit_perf_correctness.nut line=48 ip=9 count=3 reason=deferred CALL direct closure
[sqjit:stats] reject_site rank=2 proto=(nil) name=branch_call_kernel source=test/test_jit_perf_correctness.nut line=62 ip=5 count=3 reason=deferred CALL direct closure
[sqjit:stats] reject_site rank=3 proto=(nil) name=float_call_kernel source=test/test_jit_perf_correctness.nut line=72 ip=7 count=3 reason=deferred CALL direct closure
[sqjit:stats] reject_site rank=4 proto=(nil) name=main source=<sqgi async bootstrap> line=-1 ip=-1 count=1 reason=unsupported function shape or instruction limit
[sqjit:stats] reject_site rank=5 proto=(nil) name=main source=test/test_jit_perf_correctness.nut line=-1 ip=-1 count=1 reason=unsupported function shape or instruction limit
[sqjit:stats] reject_site rank=6 proto=(nil) name=run_correctness source=test/test_jit_perf_correctness.nut line=334 ip=3 count=1 reason=deferred CALL direct closure
[sqjit:stats] reject_site rank=7 proto=(nil) name=check_eq source=test/test_jit_perf_correctness.nut line=11 ip=2 count=1 reason=unsupported PREPCALLK member
[sqjit:stats] reject_site rank=8 proto=(nil) name=approx source=test/test_jit_perf_correctness.nut line=21 ip=0 count=1 reason=unsupported instruction or operand combination
[sqjit:stats] reject_site rank=9 proto=(nil) name=vector_kernel source=test/test_jit_perf_correctness.nut line=141 ip=43 count=1 reason=deferred CALL direct closure
[sqjit:stats] reject_site rank=10 proto=(nil) name=vector_kernel source=test/test_jit_perf_correctness.nut line=137 ip=14 count=1 reason=unsupported loop object preload
[sqjit:stats] reject_site rank=11 proto=(nil) name=dynamic_member_kernel source=test/test_jit_perf_correctness.nut line=190 ip=46 count=1 reason=unsupported SET dynamic member
[sqjit:stats] reject_site rank=12 proto=(nil) name=dynamic_member_kernel source=test/test_jit_perf_correctness.nut line=190 ip=46 count=1 reason=unsupported loop dynamic member SET
[Inferior 1 (process 607577) exited normally]
[Thread debugging using libthread_db enabled]
Using host libthread_db library "/lib/aarch64-linux-gnu/libthread_db.so.1".
CALL_CAPTURE channels-loop 4096 [{'address': 187649985859280, 'type': 'OT_TABLE', 'type_bits': 167772192, 'tag_offset': 24, 'referent': 187649985791904}]
CALL_CAPTURE pressure-loop 4096 [{'address': 187649985859280, 'type': 'OT_TABLE', 'type_bits': 167772192, 'tag_offset': 24, 'referent': 187649985791904}]
CALL_CAPTURE retained-loop 4096 [{'address': 187649985859280, 'type': 'OT_TABLE', 'type_bits': 167772192, 'tag_offset': 24, 'referent': 187649985791904}]
BENCH	filter	1003	0.657028913	9.7192738022173746
BENCH	channels_4	1003	1.661016949	19.265943405250148
BENCH	pressure_8	1003	1.013958126	30.326879825563445
BENCH	integration	1003	0.541375872	8.4074635834385916
BENCH	retained_input	1003	0.751744766	1994.7542912992169
BENCH	branching	1003	0.617148554	1.5416555783476631
BENCH	helper_control	1003	1.131605184	3.1454861003119747
[sqjit:stats] proto enters=23 hot=23 compile=23 success=0 fail=23
[sqjit:stats] proto exec attempts=23 success=0 guard_fail=0
[sqjit:stats] proto side_exits=0
[sqjit:stats] direct calls attempts=0 success=0 miss=0 guard_fail=0
[sqjit:stats] loops try=41 find_fail=5 compile=8 success=7 fail=1 exec=21 exec_success=21 guard_fail=0
[sqjit:stats] rejects=24 unique_reasons=3
[sqjit:stats] backoff proto=0 proto_skips=0 loop=0 loop_skips=0
[sqjit:stats] reject category count=1 category=loop
[sqjit:stats] reject category count=21 category=call
[sqjit:stats] reject category count=2 category=other
[sqjit:stats] reject reason count=2 reason=unsupported function shape or instruction limit
[sqjit:stats] reject reason count=21 reason=deferred CALL direct closure
[sqjit:stats] reject reason count=1 reason=unsupported loop branch shape
[sqjit:stats] reject_site rank=1 proto=(nil) name=filter source=test/bench_float_workloads.nut line=16 ip=8 count=3 reason=deferred CALL direct closure
[sqjit:stats] reject_site rank=2 proto=(nil) name=channels source=test/bench_float_workloads.nut line=23 ip=9 count=3 reason=deferred CALL direct closure
[sqjit:stats] reject_site rank=3 proto=(nil) name=pressure source=test/bench_float_workloads.nut line=31 ip=11 count=3 reason=deferred CALL direct closure
[sqjit:stats] reject_site rank=4 proto=(nil) name=integration source=test/bench_float_workloads.nut line=41 ip=6 count=3 reason=deferred CALL direct closure
[sqjit:stats] reject_site rank=5 proto=(nil) name=retained source=test/bench_float_workloads.nut line=49 ip=10 count=3 reason=deferred CALL direct closure
[sqjit:stats] reject_site rank=6 proto=(nil) name=branching source=test/bench_float_workloads.nut line=57 ip=13 count=3 reason=deferred CALL direct closure
[sqjit:stats] reject_site rank=7 proto=(nil) name=helper_control source=test/bench_float_workloads.nut line=62 ip=12 count=3 reason=deferred CALL direct closure
[sqjit:stats] reject_site rank=8 proto=(nil) name=main source=<sqgi async bootstrap> line=-1 ip=-1 count=1 reason=unsupported function shape or instruction limit
[sqjit:stats] reject_site rank=9 proto=(nil) name=main source=test/bench_float_workloads.nut line=-1 ip=-1 count=1 reason=unsupported function shape or instruction limit
[sqjit:stats] reject_site rank=10 proto=(nil) name=main source=test/bench_float_workloads.nut line=72 ip=125 count=1 reason=unsupported loop branch shape
[Inferior 1 (process 607595) exited normally]
CALL_CAPTURE_VERIFIED ['channels-loop', 'direct_call_kernel-loop', 'float_call_kernel-loop', 'pressure-loop', 'retained-loop']
