BENCH	route_balanced	200000	0.053745000	300346
BENCH	route_skewed	200000	0.052405000	122121
BENCH	pricing_events	200000	0.057375000	636940
BENCH	filter_stream	200000	0.055725000	10704.521037291815
BENCH	records_64	200000	0.135820000	599323
BENCH	records_4096	200000	0.239700000	385702
BENCH	word_count	200000	0.266415000	116910
BENCH	graph_walk	200000	0.012410000	386354
BENCH	route_balanced	200000	0.053600000	300346
BENCH	route_skewed	200000	0.052575000	122121
BENCH	pricing_events	200000	0.058175000	636940
BENCH	filter_stream	200000	0.056035000	10704.521037291815
BENCH	records_64	200000	0.128805000	599323
BENCH	records_4096	200000	0.229510000	385702
BENCH	word_count	200000	0.266935000	116910
BENCH	graph_walk	200000	0.012365000	386354
BENCH	route_balanced	200000	0.054190000	300346
BENCH	route_skewed	200000	0.052500000	122121
BENCH	pricing_events	200000	0.058145000	636940
BENCH	filter_stream	200000	0.056460000	10704.521037291815
BENCH	records_64	200000	0.132730000	599323
BENCH	records_4096	200000	0.239120000	385702
BENCH	word_count	200000	0.267300000	116910
BENCH	graph_walk	200000	0.012475000	386354
1078.27;msec;task-clock:u;0.50%;1078267915;100.00;0.992;CPUs utilized
2398597348;;cycles:u;0.49%;1078374080;100.00;2.218;GHz
5975480633;;instructions:u;0.09%;1078374080;100.00;2.49;insn per cycle
5276929;;branch-misses:u;3.31%;1078374080;100.00;;
2234078543;;cache-references:u;0.18%;1078374080;100.00;2.066;G/sec
17330392;;cache-misses:u;0.68%;1078374080;100.00;0.776;of all cache refs
3865;;page-faults:u;0.00%;1078267915;100.00;3.574;K/sec
0;;context-switches:u;0.00%;1078267915;100.00;0.000;/sec
