JIT_CAPTURE_BREAKPOINT -1
[Thread debugging using libthread_db enabled]
Using host libthread_db library "/lib/aarch64-linux-gnu/libthread_db.so.1".
JIT_CAPTURE recycle frame 0xfffff7f84000 8192
BENCH	table_owners_1	1003	3.522432702	615764.25
BENCH	table_owners_2	1003	3.986041874	616780.25
BENCH	table_owners_5	1003	3.864406780	613838.25
BENCH	table_owners_19	1003	1.691924227	618610.25
BENCH	table_owners_257	1003	1.672981057	749599.25
BENCH	class_owners_1	1003	1.515453639	615764.25
BENCH	class_owners_2	1003	1.653040877	616780.25
BENCH	class_owners_5	1003	1.803589232	613838.25
BENCH	class_owners_19	1003	2.343968096	618610.25
BENCH	class_owners_257	1003	4.692921236	749599.25
[Inferior 1 (process 711679) exited normally]
[Thread debugging using libthread_db enabled]
Using host libthread_db library "/lib/aarch64-linux-gnu/libthread_db.so.1".
JIT_CAPTURE transfer frame 0xfffff7f85000 4096
JIT_CAPTURE publish frame 0xfffff7f84000 4096
BENCH	transfer_table	1003	1045.196410768	121851
BENCH	transfer_class	1003	1160.845463609	121851
BENCH	transfer_mixed	1003	1266.798604187	121851
BENCH	publish_table	1003	1195.960119641	133577
BENCH	publish_class	1003	1200.382851446	133577
BENCH	publish_mixed	1003	1213.005982054	133577
[Inferior 1 (process 711681) exited normally]
[Thread debugging using libthread_db enabled]
Using host libthread_db library "/lib/aarch64-linux-gnu/libthread_db.so.1".
JIT_CAPTURE table_apply frame 0xfffff7f85000 4096
JIT_CAPTURE apply frame 0xfffff7f84000 4096
BENCH	table_events_97	1003	1000.825523430	140378
BENCH	class_events_97	1003	1174.725822532	140378
BENCH	buffers_7	1003	1.343968096	944693
BENCH	buffers_31	1003	1.414755733	861874
BENCH	calibrate_17	1003	1.606181456	5140.09375
BENCH	calibrate_67	1003	1.395812562	5049
[Inferior 1 (process 711729) exited normally]
JIT_CAPTURE_VERIFIED five canonical-frame functions
