BENCH	filter	200000	0.013380000	10.254364576940203
BENCH	channels_4	200000	0.035005000	20.621658757381574
BENCH	pressure_8	200000	0.093780000	30.900920683591639
BENCH	integration	200000	0.022575000	1562.9738403896752
BENCH	retained_input	200000	0.024630000	399985.55383443867
BENCH	branching	200000	0.017905000	1.6005902475563216
BENCH	helper_control	200000	0.019400000	3.7152600782050693
BENCH	filter	200000	0.013445000	10.254364576940203
BENCH	channels_4	200000	0.035045000	20.621658757381574
BENCH	pressure_8	200000	0.093795000	30.900920683591639
BENCH	integration	200000	0.022475000	1562.9738403896752
BENCH	retained_input	200000	0.024620000	399985.55383443867
BENCH	branching	200000	0.017930000	1.6005902475563216
BENCH	helper_control	200000	0.019370000	3.7152600782050693
BENCH	filter	200000	0.013390000	10.254364576940203
BENCH	channels_4	200000	0.035055000	20.621658757381574
BENCH	pressure_8	200000	0.093635000	30.900920683591639
BENCH	integration	200000	0.022530000	1562.9738403896752
BENCH	retained_input	200000	0.024380000	399985.55383443867
BENCH	branching	200000	0.017840000	1.6005902475563216
BENCH	helper_control	200000	0.019295000	3.7152600782050693
341.25;msec;task-clock:u;0.74%;341245836;100.00;0.990;CPUs utilized
744146756;;cycles:u;0.08%;341311166;100.00;2.186;GHz
1233360695;;instructions:u;0.00%;341311166;100.00;1.65;insn per cycle
157874;;branch-misses:u;1.17%;341311166;100.00;;
331553732;;cache-references:u;0.01%;341311166;100.00;973.914;M/sec
244281;;cache-misses:u;0.70%;341311166;100.00;0.074;of all cache refs
790;;page-faults:u;0.07%;341245836;100.00;2.321;K/sec
0;;context-switches:u;0.00%;341245836;100.00;0.000;/sec
