# To display the perf.data header info, please use --header/--header-only options.
#
#
# Total Lost Samples: 0
#
# Samples: 195  of event 'cycles:u'
# Event count (approx.): 743414557
#
# Children      Self  Command  Shared Object                 Symbol                               
# ........  ........  .......  ............................  .....................................
#
    40.55%     0.00%  sqgi     [JIT] tid 711353              [.] 0x0000ffff8f629b97
            |
            ---0xffff8f629b97
               |          
               |--8.60%--0xffff8f62990c
               |          
               |--6.76%--0xffff8f629838
               |          
               |--6.13%--0xffff8f629414
               |          
               |--4.92%--0xffff8f629764
               |          
               |--4.30%--0xffff8f629690
               |          
               |--2.46%--0xffff8f6295bc
               |          
                --2.46%--0xffff8f6294e8

    15.17%     0.00%  sqgi     [JIT] tid 711353              [.] 0x0000ffff8f62a70b
            |
            ---0xffff8f62a70b
               |          
                --4.24%--0xffff8f62a244

    10.43%     0.00%  sqgi     [JIT] tid 711353              [.] 0x0000ffff8f62753b
            |
            ---0xffff8f62753b
               |          
               |--3.68%--0xffff8f627198
               |          
                --2.45%--0xffff8f6271ec

     9.20%     0.00%  sqgi     [JIT] tid 711353              [.] 0x0000ffff8f62847f
            |
            ---0xffff8f62847f
               |          
                --4.91%--0xffff8f6281e4

     8.60%     8.60%  sqgi     [JIT] tid 711353              [.] 0x0000ffff8f62990c
            |
            ---0xffff8f629b97
               0xffff8f62990c

     7.96%     0.00%  sqgi     [JIT] tid 711353              [.] 0x0000ffff8f625207
            |
            ---0xffff8f625207
               |          
                --6.74%--0xffff8f625164

     7.36%     0.00%  sqgi     [JIT] tid 711353              [.] 0x0000ffff8f626407
            |
            ---0xffff8f626407
               |          
                --5.52%--0xffff8f6262a0

     6.76%     6.76%  sqgi     [JIT] tid 711353              [.] 0x0000ffff8f629838
            |
            ---0xffff8f629b97
               0xffff8f629838

     6.74%     6.74%  sqgi     [JIT] tid 711353              [.] 0x0000ffff8f625164
            |
            ---0xffff8f625207
               0xffff8f625164

     6.13%     6.13%  sqgi     [JIT] tid 711353              [.] 0x0000ffff8f629414
            |
            ---0xffff8f629b97
               0xffff8f629414

     5.52%     5.52%  sqgi     [JIT] tid 711353              [.] 0x0000ffff8f6262a0
            |
            ---0xffff8f626407
               0xffff8f6262a0

     5.25%     0.00%  sqgi     [JIT] tid 711353              [.] 0x0000ffff8f62b347
            |
            ---0xffff8f62b347
               |          
                --4.22%--0xffff8f62b164

     4.92%     4.92%  sqgi     [JIT] tid 711353              [.] 0x0000ffff8f629764
            |
            ---0xffff8f629b97
               0xffff8f629764

     4.91%     4.91%  sqgi     [JIT] tid 711353              [.] 0x0000ffff8f6281e4
            |
            ---0xffff8f62847f
               0xffff8f6281e4

     4.30%     4.30%  sqgi     [JIT] tid 711353              [.] 0x0000ffff8f629690
            |
            ---0xffff8f629b97
               0xffff8f629690

     4.24%     4.24%  sqgi     [JIT] tid 711353              [.] 0x0000ffff8f62a244
            |
            ---0xffff8f62a70b
               0xffff8f62a244

     4.22%     4.22%  sqgi     [JIT] tid 711353              [.] 0x0000ffff8f62b164
            |
            ---0xffff8f62b347
               0xffff8f62b164

     3.68%     3.68%  sqgi     [JIT] tid 711353              [.] 0x0000ffff8f627198
            |
            ---0xffff8f62753b
               0xffff8f627198

     2.46%     2.46%  sqgi     [JIT] tid 711353              [.] 0x0000ffff8f6295bc
            |
            ---0xffff8f629b97
               0xffff8f6295bc

     2.46%     2.46%  sqgi     [JIT] tid 711353              [.] 0x0000ffff8f6294e8
            |
            ---0xffff8f629b97
               0xffff8f6294e8

     2.45%     2.45%  sqgi     [JIT] tid 711353              [.] 0x0000ffff8f6271ec
            |
            ---0xffff8f62753b
               0xffff8f6271ec



#
# (Cannot load tips.txt file, please install perf!)
#
