BENCH	direct_call	3200000	0.025660	563347
BENCH	branch_call	3200000	0.021440	599062
BENCH	float_call	3200000	0.012396	8.2204724409448815
BENCH	numeric_loop	3200000	0.022749	612398470
BENCH	vector	160000	0.365131	0.12553851953971693
BENCH	dynamic_member	160000	0.725044	7261462
BENCH	dynamic_key_get_set	160000	0.182169	6566091
BENCH	object_member_write_fallback	160000	0.473913	595919
BENCH	array_append	160000	0.120481	3048687
BENCH	array_write	160000	0.036756	831988
BENCH	array_read	3200000	0.007133	8000000
BENCH	array_float	3200000	0.006855	6400000
BENCH	math_intrinsic	160000	0.111656	2418270.8295144332
BENCH	math_variable	160000	0.226513	313782.39947747899
BENCH	matrix	160000	0.311050	-0.024510798820940455
BENCH	direct_call	3200000	0.025685	563347
BENCH	branch_call	3200000	0.021313	599062
BENCH	float_call	3200000	0.012447	8.2204724409448815
BENCH	numeric_loop	3200000	0.022896	612398470
BENCH	vector	160000	0.376356	0.12553851953971693
BENCH	dynamic_member	160000	0.724450	7261462
BENCH	dynamic_key_get_set	160000	0.182462	6566091
BENCH	object_member_write_fallback	160000	0.472825	595919
BENCH	array_append	160000	0.120856	3048687
BENCH	array_write	160000	0.036644	831988
BENCH	array_read	3200000	0.007066	8000000
BENCH	array_float	3200000	0.006800	6400000
BENCH	math_intrinsic	160000	0.111350	2418270.8295144332
BENCH	math_variable	160000	0.226587	313782.39947747899
BENCH	matrix	160000	0.309962	-0.024510798820940455
BENCH	direct_call	3200000	0.025683	563347
BENCH	branch_call	3200000	0.021370	599062
BENCH	float_call	3200000	0.012542	8.2204724409448815
BENCH	numeric_loop	3200000	0.022793	612398470
BENCH	vector	160000	0.376031	0.12553851953971693
BENCH	dynamic_member	160000	0.726487	7261462
BENCH	dynamic_key_get_set	160000	0.182544	6566091
BENCH	object_member_write_fallback	160000	0.473625	595919
BENCH	array_append	160000	0.126512	3048687
BENCH	array_write	160000	0.036612	831988
BENCH	array_read	3200000	0.007021	8000000
BENCH	array_float	3200000	0.006786	6400000
BENCH	math_intrinsic	160000	0.111338	2418270.8295144332
BENCH	math_variable	160000	0.225750	313782.39947747899
BENCH	matrix	160000	0.309956	-0.024510798820940455
4311.18;msec;task-clock:u;0.03%;4311184195;100.00;0.998;CPUs utilized
9755068888;;cycles:u;0.06%;4311593690;100.00;2.261;GHz
22025234773;;instructions:u;0.00%;4311593690;100.00;2.26;insn per cycle
3292371;;branch-misses:u;1.79%;4311593690;100.00;;
8943382056;;cache-references:u;0.16%;4311593690;100.00;2.073;G/sec
1235834;;cache-misses:u;1.50%;4311593690;100.00;0.014;of all cache refs
10512;;page-faults:u;0.01%;4311184195;100.00;2.437;K/sec
0;;context-switches:u;0.00%;4311184195;100.00;0.000;/sec
