# To display the perf.data header info, please use --header/--header-only options.
#
#
# Total Lost Samples: 0
#
# Samples: 2K of event 'cycles:u'
# Event count (approx.): 9757890399
#
# Children      Self  Command  Shared Object          Symbol                                                                                                                                                                 
# ........  ........  .......  .....................  .......................................................................................................................................................................
#
    28.10%     0.00%  sqgi     libc.so.6              [.] __libc_start_call_main
            |
            ---__libc_start_call_main
               __libc_start_call_main
               main
               sq_call
               SQVM::Execute
               |          
               |--2.15%--SQObjectPtr::operator= (inlined)
               |          
               |--2.11%--sq_member_cache_hit (inlined)
               |          
                --2.06%--SQVM::Get

    28.10%     0.00%  sqgi     sqgi                   [.] main
            |
            ---main
               sq_call
               SQVM::Execute
               |          
               |--2.15%--SQObjectPtr::operator= (inlined)
               |          
               |--2.11%--sq_member_cache_hit (inlined)
               |          
                --2.06%--SQVM::Get

    28.10%     0.00%  sqgi     sqgi                   [.] sq_call
            |
            ---sq_call
               SQVM::Execute
               |          
               |--2.15%--SQObjectPtr::operator= (inlined)
               |          
               |--2.11%--sq_member_cache_hit (inlined)
               |          
                --2.06%--SQVM::Get

    28.10%    23.07%  sqgi     sqgi                   [.] SQVM::Execute
            |          
            |--23.07%--__libc_start_call_main
            |          __libc_start_call_main
            |          main
            |          sq_call
            |          SQVM::Execute
            |          |          
            |           --2.15%--SQObjectPtr::operator= (inlined)
            |          
             --5.03%--SQVM::Execute
                       |          
                        --2.06%--SQVM::Get

    11.53%     0.00%  sqgi     [JIT] tid 711019       [.] 0x0000ffffab5643af
            |
            ---0xffffab5643af
               |          
                --10.19%--0xffffab564164

    10.19%    10.19%  sqgi     [JIT] tid 711019       [.] 0x0000ffffab564164
            |
            ---0xffffab5643af
               0xffffab564164

     9.60%     0.00%  sqgi     [JIT] tid 711019       [.] 0x0000ffffab5633db
            |
            ---0xffffab5633db
               |          
                --6.56%--0xffffab563164

     8.56%     0.00%  sqgi     [JIT] tid 711019       [.] 0x0000ffffab561043
            |
            ---0xffffab561043
               |          
                --3.00%--0xffffab561230

     7.20%     0.00%  sqgi     [JIT] tid 711019       [.] 0x0000ffffab54f32b
            |
            ---0xffffab54f32b

     6.56%     6.56%  sqgi     [JIT] tid 711019       [.] 0x0000ffffab563164
            |
            ---0xffffab5633db
               0xffffab563164

     5.62%     0.00%  sqgi     [JIT] tid 711019       [.] 0x0000ffffab562313
            |
            ---0xffffab562313
               |          
                --4.82%--0xffffab562164

     4.82%     4.82%  sqgi     [JIT] tid 711019       [.] 0x0000ffffab562164
            |
            ---0xffffab562313
               0xffffab562164

     3.65%     3.65%  sqgi     [JIT] tid 711019       [.] 0x0000ffffab561230
            |          
             --3.00%--0xffffab561043
                       0xffffab561230

     3.18%     0.00%  sqgi     [JIT] tid 711019       [.] 0x0000ffffab55210f
            |
            ---0xffffab55210f

     2.99%     2.99%  sqgi     sqgi                   [.] SQTable::Get
     2.81%     1.45%  sqgi     sqgi                   [.] sqjit_number_conversion_guard
     2.57%     0.00%  sqgi     sqgi                   [.] SQObjectPtr::operator= (inlined)
            |
            ---SQObjectPtr::operator= (inlined)

     2.11%     0.00%  sqgi     sqgi                   [.] sq_member_cache_hit (inlined)
            |
            ---sq_member_cache_hit (inlined)

     2.10%     0.00%  sqgi     [JIT] tid 711019       [.] 0x0000ffffab56711b
            |
            ---0xffffab56711b

     2.06%     0.28%  sqgi     sqgi                   [.] SQVM::Get
     2.01%     0.00%  sqgi     [JIT] tid 711019       [.] 0x0000ffffab56613b
            |
            ---0xffffab56613b



#
# (Cannot load tips.txt file, please install perf!)
#
