BENCH	table_events_97	200000	0.414585000	10069540
BENCH	class_events_97	200000	0.416000000	10069540
BENCH	buffers_7	200000	0.369960000	65667
BENCH	buffers_31	200000	0.369690000	651677
BENCH	calibrate_17	200000	0.084115000	1040538.515625
BENCH	calibrate_67	200000	0.084950000	1040417.796875
BENCH	table_events_97	200000	0.417845000	10069540
BENCH	class_events_97	200000	0.424355000	10069540
BENCH	buffers_7	200000	0.371830000	65667
BENCH	buffers_31	200000	0.372005000	651677
BENCH	calibrate_17	200000	0.084245000	1040538.515625
BENCH	calibrate_67	200000	0.084805000	1040417.796875
BENCH	table_events_97	200000	0.414660000	10069540
BENCH	class_events_97	200000	0.415090000	10069540
BENCH	buffers_7	200000	0.383245000	65667
BENCH	buffers_31	200000	0.382765000	651677
BENCH	calibrate_17	200000	0.084860000	1040538.515625
BENCH	calibrate_67	200000	0.085155000	1040417.796875
2497.69;msec;task-clock:u;0.38%;2497687693;100.00;1.005;CPUs utilized
5660529283;;cycles:u;0.40%;2497976441;100.00;2.282;GHz
16842857992;;instructions:u;0.00%;2497976441;100.00;3.00;insn per cycle
3389792;;branch-misses:u;0.55%;2497976441;100.00;;
6736843764;;cache-references:u;0.02%;2497976441;100.00;2.716;G/sec
5596689;;cache-misses:u;0.39%;2497976441;100.00;0.083;of all cache refs
813;;page-faults:u;0.07%;2497687693;100.00;327.813;/sec
0;;context-switches:u;0.00%;2497687693;100.00;0.000;/sec
