BENCH	transfer_table	200000	0.403820000	141925
BENCH	transfer_class	200000	0.418320000	141925
BENCH	transfer_mixed	200000	0.419715000	141925
BENCH	publish_table	200000	0.359290000	410680
BENCH	publish_class	200000	0.371095000	410680
BENCH	publish_mixed	200000	0.371065000	410680
BENCH	transfer_table	200000	0.403795000	141925
BENCH	transfer_class	200000	0.417875000	141925
BENCH	transfer_mixed	200000	0.420100000	141925
BENCH	publish_table	200000	0.359025000	410680
BENCH	publish_class	200000	0.369145000	410680
BENCH	publish_mixed	200000	0.370945000	410680
BENCH	transfer_table	200000	0.403085000	141925
BENCH	transfer_class	200000	0.417765000	141925
BENCH	transfer_mixed	200000	0.420620000	141925
BENCH	publish_table	200000	0.360455000	410680
BENCH	publish_class	200000	0.368470000	410680
BENCH	publish_mixed	200000	0.370530000	410680
3304.49;msec;task-clock:u;0.09%;3304487860;100.00;0.998;CPUs utilized
7510604001;;cycles:u;0.02%;3304840770;100.00;2.274;GHz
21781421539;;instructions:u;0.00%;3304840770;100.00;2.90;insn per cycle
2230329;;branch-misses:u;1.72%;3304840770;100.00;;
8973618993;;cache-references:u;0.01%;3304840770;100.00;2.717;G/sec
517984;;cache-misses:u;12.91%;3304840770;100.00;0.006;of all cache refs
795;;page-faults:u;0.04%;3304487860;100.00;240.677;/sec
0;;context-switches:u;0.00%;3304487860;100.00;0.000;/sec
