# To display the perf.data header info, please use --header/--header-only options.
#
#
# Total Lost Samples: 0
#
# Samples: 1K of event 'cycles:u'
# Event count (approx.): 7504761334
#
# Children      Self  Command  Shared Object          Symbol                                         
# ........  ........  .......  .....................  ...............................................
#
    78.95%     0.00%  sqgi     libc.so.6              [.] __libc_start_call_main
            |
            ---__libc_start_call_main
               __libc_start_call_main
               main
               |          
                --78.92%--sq_call
                          SQVM::Execute
                          |          
                          |--13.41%--sqjit_try_execute_current
                          |          |          
                          |           --5.39%--SQVM::Return
                          |                     |          
                          |                      --3.08%--SQVM::LeaveFrame
                          |          
                          |--4.80%--sqjit_try_execute_current_loop
                          |          
                          |--4.71%--SQArray::Get (inlined)
                          |          |          
                          |           --3.98%--SQArray::Get (inlined)
                          |          
                          |--4.26%--SQObjectPtr::operator= (inlined)
                          |          
                          |--3.28%--SQVM::StartCall
                          |          
                          |--3.10%--sqjit_try_execute_closure
                          |          
                           --2.86%--SQVM::CMP_OP

    78.95%     0.00%  sqgi     sqgi                   [.] main
            |
            ---main
               |          
                --78.92%--sq_call
                          SQVM::Execute
                          |          
                          |--13.41%--sqjit_try_execute_current
                          |          |          
                          |           --5.39%--SQVM::Return
                          |                     |          
                          |                      --3.08%--SQVM::LeaveFrame
                          |          
                          |--4.80%--sqjit_try_execute_current_loop
                          |          
                          |--4.71%--SQArray::Get (inlined)
                          |          |          
                          |           --3.98%--SQArray::Get (inlined)
                          |          
                          |--4.26%--SQObjectPtr::operator= (inlined)
                          |          
                          |--3.28%--SQVM::StartCall
                          |          
                          |--3.10%--sqjit_try_execute_closure
                          |          
                           --2.86%--SQVM::CMP_OP

    78.92%     0.00%  sqgi     sqgi                   [.] sq_call
            |
            ---sq_call
               SQVM::Execute
               |          
               |--13.41%--sqjit_try_execute_current
               |          |          
               |           --5.39%--SQVM::Return
               |                     |          
               |                      --3.08%--SQVM::LeaveFrame
               |          
               |--4.80%--sqjit_try_execute_current_loop
               |          
               |--4.71%--SQArray::Get (inlined)
               |          |          
               |           --3.98%--SQArray::Get (inlined)
               |          
               |--4.26%--SQObjectPtr::operator= (inlined)
               |          
               |--3.28%--SQVM::StartCall
               |          
               |--3.10%--sqjit_try_execute_closure
               |          
                --2.86%--SQVM::CMP_OP

    78.92%    48.88%  sqgi     sqgi                   [.] SQVM::Execute
            |          
            |--48.88%--__libc_start_call_main
            |          __libc_start_call_main
            |          main
            |          sq_call
            |          SQVM::Execute
            |          |          
            |          |--4.71%--SQArray::Get (inlined)
            |          |          |          
            |          |           --3.98%--SQArray::Get (inlined)
            |          |          
            |           --4.26%--SQObjectPtr::operator= (inlined)
            |          
             --30.04%--SQVM::Execute
                       |          
                       |--13.41%--sqjit_try_execute_current
                       |          |          
                       |           --5.39%--SQVM::Return
                       |                     |          
                       |                      --3.08%--SQVM::LeaveFrame
                       |          
                       |--4.80%--sqjit_try_execute_current_loop
                       |          
                       |--3.28%--SQVM::StartCall
                       |          
                       |--3.10%--sqjit_try_execute_closure
                       |          
                        --2.86%--SQVM::CMP_OP

    14.08%     5.23%  sqgi     sqgi                   [.] sqjit_try_execute_current
            |          
            |--8.85%--sqjit_try_execute_current
            |          |          
            |           --5.39%--SQVM::Return
            |                     |          
            |                      --3.08%--SQVM::LeaveFrame
            |          
             --5.23%--__libc_start_call_main
                       __libc_start_call_main
                       main
                       sq_call
                       SQVM::Execute
                       sqjit_try_execute_current

     9.90%     0.00%  sqgi     [JIT] tid 711329       [.] 0x0000ffffbbdd8243
            |
            ---0xffffbbdd8243

     7.48%     0.00%  sqgi     [JIT] tid 711329       [.] 0x0000ffffbbdd7047
            |
            ---0xffffbbdd7047

     5.93%     0.00%  sqgi     sqgi                   [.] SQObjectPtr::operator= (inlined)
            |
            ---SQObjectPtr::operator= (inlined)

     5.39%     2.31%  sqgi     sqgi                   [.] SQVM::Return
            |          
            |--3.08%--SQVM::Return
            |          SQVM::LeaveFrame
            |          
             --2.31%--__libc_start_call_main
                       __libc_start_call_main
                       main
                       sq_call
                       SQVM::Execute
                       sqjit_try_execute_current
                       SQVM::Return

     4.80%     3.53%  sqgi     sqgi                   [.] sqjit_try_execute_current_loop
            |          
             --3.53%--__libc_start_call_main
                       __libc_start_call_main
                       main
                       sq_call
                       SQVM::Execute
                       sqjit_try_execute_current_loop

     4.71%     0.00%  sqgi     sqgi                   [.] SQArray::Get (inlined)
            |
            ---SQArray::Get (inlined)
               |          
                --3.98%--SQArray::Get (inlined)

     3.28%     2.61%  sqgi     sqgi                   [.] SQVM::StartCall
            |          
             --2.61%--__libc_start_call_main
                       __libc_start_call_main
                       main
                       sq_call
                       SQVM::Execute
                       SQVM::StartCall

     3.10%     3.04%  sqgi     sqgi                   [.] sqjit_try_execute_closure
            |          
             --3.04%--__libc_start_call_main
                       __libc_start_call_main
                       main
                       sq_call
                       SQVM::Execute
                       sqjit_try_execute_closure

     3.08%     3.08%  sqgi     sqgi                   [.] SQVM::LeaveFrame
            |
            ---__libc_start_call_main
               __libc_start_call_main
               main
               sq_call
               SQVM::Execute
               sqjit_try_execute_current
               SQVM::Return
               SQVM::LeaveFrame

     2.86%     0.97%  sqgi     sqgi                   [.] SQVM::CMP_OP
     2.07%     0.00%  sqgi     [JIT] tid 711329       [.] 0x0000ffffbbdd8047
            |
            ---0xffffbbdd8047



#
# (Cannot load tips.txt file, please install perf!)
#
