BENCH	table_owners_1	200000	0.122860000	5098276961
BENCH	table_owners_2	200000	0.123215000	5098477602
BENCH	table_owners_5	200000	0.123300000	5097878556
BENCH	table_owners_19	200000	0.123270000	5098684496
BENCH	table_owners_257	200000	0.123215000	5100408060
BENCH	class_owners_1	200000	0.122815000	5098276961
BENCH	class_owners_2	200000	0.122815000	5098477602
BENCH	class_owners_5	200000	0.123185000	5097878556
BENCH	class_owners_19	200000	0.122895000	5098684496
BENCH	class_owners_257	200000	0.123190000	5100408060
BENCH	table_owners_1	200000	0.122800000	5098276961
BENCH	table_owners_2	200000	0.122835000	5098477602
BENCH	table_owners_5	200000	0.122415000	5097878556
BENCH	table_owners_19	200000	0.122435000	5098684496
BENCH	table_owners_257	200000	0.122835000	5100408060
BENCH	class_owners_1	200000	0.123135000	5098276961
BENCH	class_owners_2	200000	0.123100000	5098477602
BENCH	class_owners_5	200000	0.123130000	5097878556
BENCH	class_owners_19	200000	0.123075000	5098684496
BENCH	class_owners_257	200000	0.123270000	5100408060
BENCH	table_owners_1	200000	0.122395000	5098276961
BENCH	table_owners_2	200000	0.122805000	5098477602
BENCH	table_owners_5	200000	0.122825000	5097878556
BENCH	table_owners_19	200000	0.123165000	5098684496
BENCH	table_owners_257	200000	0.123640000	5100408060
BENCH	class_owners_1	200000	0.123460000	5098276961
BENCH	class_owners_2	200000	0.123515000	5098477602
BENCH	class_owners_5	200000	0.123510000	5097878556
BENCH	class_owners_19	200000	0.123495000	5098684496
BENCH	class_owners_257	200000	0.124650000	5100408060
1750.56;msec;task-clock:u;0.10%;1750556246;100.00;0.999;CPUs utilized
3962071976;;cycles:u;0.09%;1750676706;100.00;2.268;GHz
12236265463;;instructions:u;0.00%;1750676706;100.00;3.09;insn per cycle
143780;;branch-misses:u;1.20%;1750676706;100.00;;
4756980921;;cache-references:u;0.00%;1750676706;100.00;2.723;G/sec
218502;;cache-misses:u;6.15%;1750676706;100.00;0.005;of all cache refs
785;;page-faults:u;0.07%;1750556246;100.00;449.309;/sec
0;;context-switches:u;0.00%;1750556246;100.00;0.000;/sec
