BENCH	receiver_integer	20003	0.054491826	956736
BENCH	root_integer	20003	0.064240364	956736
BENCH	root_reference	20003	0.096485527	780034
BENCH	root_integer_result	20003	0.064990251	976739
[sqjit:stats] proto enters=44 hot=8 compile=8 success=0 fail=8
[sqjit:stats] proto exec attempts=44 success=0 guard_fail=0
[sqjit:stats] proto side_exits=0
[sqjit:stats] direct calls attempts=0 success=0 miss=0 guard_fail=0
[sqjit:stats] loops try=64 find_fail=6 compile=6 success=4 fail=2 exec=29 exec_success=28 guard_fail=1
[sqjit:stats] rejects=10 unique_reasons=6
[sqjit:stats] backoff proto=0 proto_skips=0 loop=0 loop_skips=0
[sqjit:stats] reject category count=1 category=loop
[sqjit:stats] reject category count=1 category=array-append
[sqjit:stats] reject category count=3 category=member
[sqjit:stats] reject category count=3 category=call
[sqjit:stats] reject category count=2 category=other
[sqjit:stats] reject reason count=2 reason=unsupported function shape or instruction limit
[sqjit:stats] reject reason count=1 reason=deferred CALL direct closure
[sqjit:stats] reject reason count=3 reason=unsupported PREPCALLK member
[sqjit:stats] reject reason count=1 reason=unsupported loop branch shape
[sqjit:stats] reject reason count=2 reason=unsupported CALL direct closure
[sqjit:stats] reject reason count=1 reason=unsupported loop array append PREPCALLK
[sqjit:stats] loop_guard rank=1 proto=(nil) name=counter_work source=/home/sam/Programming/sqgi/test/bench_root_workloads.nut line=26 ip=13 guard_fail=1 exec=15 exec_ok=14 compile=2 compile_ok=2 backoffs=0 skips=0
[sqjit:stats] reject_site rank=1 proto=(nil) name=main source=<sqgi async bootstrap> line=-1 ip=-1 count=1 reason=unsupported function shape or instruction limit
[sqjit:stats] reject_site rank=2 proto=(nil) name=main source=/home/sam/Programming/sqgi/test/bench_root_workloads.nut line=-1 ip=-1 count=1 reason=unsupported function shape or instruction limit
[sqjit:stats] reject_site rank=3 proto=(nil) name=<anonymous> source=/home/sam/Programming/sqgi/test/bench_root_workloads.nut line=43 ip=3 count=1 reason=deferred CALL direct closure
[sqjit:stats] reject_site rank=4 proto=(nil) name=counter_work source=/home/sam/Programming/sqgi/test/bench_root_workloads.nut line=26 ip=14 count=1 reason=unsupported PREPCALLK member
[sqjit:stats] reject_site rank=5 proto=(nil) name=main source=/home/sam/Programming/sqgi/test/bench_root_workloads.nut line=50 ip=119 count=1 reason=unsupported loop branch shape
[sqjit:stats] reject_site rank=6 proto=(nil) name=<anonymous> source=/home/sam/Programming/sqgi/test/bench_root_workloads.nut line=43 ip=3 count=1 reason=unsupported CALL direct closure
[sqjit:stats] reject_site rank=7 proto=(nil) name=<anonymous> source=/home/sam/Programming/sqgi/test/bench_root_workloads.nut line=44 ip=3 count=1 reason=unsupported CALL direct closure
[sqjit:stats] reject_site rank=8 proto=(nil) name=reference_work source=/home/sam/Programming/sqgi/test/bench_root_workloads.nut line=33 ip=22 count=1 reason=unsupported PREPCALLK member
[sqjit:stats] reject_site rank=9 proto=(nil) name=reference_work source=/home/sam/Programming/sqgi/test/bench_root_workloads.nut line=32 ip=10 count=1 reason=unsupported loop array append PREPCALLK
[sqjit:stats] reject_site rank=10 proto=(nil) name=transformed_work source=/home/sam/Programming/sqgi/test/bench_root_workloads.nut line=39 ip=8 count=1 reason=unsupported PREPCALLK member
