BENCH	receiver_integer	200000	0.054290000	595177
BENCH	root_integer	200000	0.063500000	595177
BENCH	root_reference	200000	0.083610000	799457
BENCH	root_integer_result	200000	0.065555000	795177
BENCH	receiver_integer	200000	0.054275000	595177
BENCH	root_integer	200000	0.063485000	595177
BENCH	root_reference	200000	0.086905000	799457
BENCH	root_integer_result	200000	0.065505000	795177
BENCH	receiver_integer	200000	0.054475000	595177
BENCH	root_integer	200000	0.063485000	595177
BENCH	root_reference	200000	0.086750000	799457
BENCH	root_integer_result	200000	0.065330000	795177
397.18;msec;task-clock:u;0.85%;397184662;100.00;0.977;CPUs utilized
881967916;;cycles:u;0.51%;397232210;100.00;2.195;GHz
2935247351;;instructions:u;0.10%;397232210;100.00;3.32;insn per cycle
277561;;branch-misses:u;29.80%;397232210;100.00;;
1010081929;;cache-references:u;0.37%;397232210;100.00;2.514;G/sec
192898;;cache-misses:u;0.34%;397232210;100.00;0.019;of all cache refs
783;;page-faults:u;0.07%;397184662;100.00;1.949;K/sec
0;;context-switches:u;0.00%;397184662;100.00;0.000;/sec
