# To display the perf.data header info, please use --header/--header-only options.
#
#
# Total Lost Samples: 0
#
# Samples: 221  of event 'cycles:u'
# Event count (approx.): 876669889
#
# Children      Self  Command  Shared Object          Symbol                                                                                                                                                         
# ........  ........  .......  .....................  ...............................................................................................................................................................
#
    27.56%    13.00%  sqgi     sqgi                   [.] sqjit_a64_helper_member_set_integer_logged
            |          
            |--14.56%--sqjit_a64_helper_member_set_integer_logged
            |          |          
            |          |--9.36%--sqjit_a64_helper_member_set_integer_logged
            |          |          SQJitWriteLog::RecordMember
            |          |          |          
            |          |           --7.27%--SQJitWriteLog::CanRelease
            |          |          
            |           --5.20%--sqjit_a64_member_store_slot (inlined)
            |                     sqjit_a64_member_store_slot (inlined)
            |                     sqjit_a64_helper_member_set_integer_logged
            |                     sqjit_a64_resolve_root_store_slot
            |                     |          
            |                      --3.12%--SQTable::GetRawSlot (inlined)
            |                                |          
            |                                 --2.08%--SQTable::_Get (inlined)
            |          
            |--7.28%--0xffff97b5c1db
            |          0xffff97b5c1db
            |          sqjit_a64_helper_member_set_integer_logged
            |          |          
            |          |--2.60%--sqjit_a64_store_resolved_member (inlined)
            |          |          
            |           --2.08%--sqjit_a64_member_store_slot (inlined)
            |                     sqjit_a64_member_store_slot (inlined)
            |                     sqjit_a64_resolve_store_slot (inlined)
            |                     sq_member_raw_slot (inlined)
            |          
             --5.72%--0xffff97b5e1f7
                       0xffff97b5e1f7
                       sqjit_a64_helper_member_set_integer_logged
                       |          
                        --2.08%--sqjit_a64_member_store_slot (inlined)
                                  sqjit_a64_member_store_slot (inlined)

    22.36%     0.00%  sqgi     [JIT] tid 711158       [.] 0x0000ffff97b5d207
            |
            ---0xffff97b5d207
               |          
                --17.17%--0xffff97b5d207
                          sqjit_a64_helper_member_set_reference_logged
                          |          
                          |--8.85%--sqjit_a64_helper_member_set_reference_logged
                          |          SQJitWriteLog::RecordMember
                          |          |          
                          |          |--5.20%--SQJitWriteLog::CanRelease
                          |          |          
                          |           --3.64%--SQJitWriteLog::ContainsMember<true> (inlined)
                          |          
                           --5.72%--sqjit_a64_member_store_slot (inlined)
                                     sqjit_a64_member_store_slot (inlined)
                                     |          
                                      --4.16%--sqjit_a64_resolve_store_slot (inlined)
                                                |          
                                                 --2.60%--sq_member_raw_slot (inlined)
                                                           SQTable::GetRawSlot (inlined)

    21.60%     6.57%  sqgi     sqgi                   [.] SQJitWriteLog::RecordMember
            |          
            |--15.04%--SQJitWriteLog::RecordMember
            |          |          
            |           --14.52%--SQJitWriteLog::CanRelease
            |          
             --3.12%--0xffff97b5d207
                       0xffff97b5d207
                       sqjit_a64_helper_member_set_reference_logged
                       sqjit_a64_helper_member_set_reference_logged
                       SQJitWriteLog::RecordMember
                       SQJitWriteLog::ContainsMember<true> (inlined)

    18.43%     5.65%  sqgi     sqgi                   [.] sqjit_a64_helper_member_closure_guard
            |          
            |--12.78%--sqjit_a64_helper_member_closure_guard
            |          sqjit_a64_helper_member_closure_guard
            |          sqjit_a64_borrow_member_ptr_value
            |          |          
            |           --10.71%--SQTable::GetRawSlot (inlined)
            |                     |          
            |                      --10.19%--SQTable::_Get (inlined)
            |          
             --3.05%--0xffff97b5f16b
                       0xffff97b5f16b
                       sqjit_a64_helper_member_closure_guard

    17.17%     5.20%  sqgi     sqgi                   [.] sqjit_a64_helper_member_set_reference_logged
            |          
            |--11.97%--sqjit_a64_helper_member_set_reference_logged
            |          |          
            |           --8.85%--sqjit_a64_helper_member_set_reference_logged
            |                     SQJitWriteLog::RecordMember
            |                     |          
            |                     |--5.20%--SQJitWriteLog::CanRelease
            |                     |          
            |                      --3.64%--SQJitWriteLog::ContainsMember<true> (inlined)
            |          
             --5.20%--0xffff97b5d207
                       0xffff97b5d207
                       sqjit_a64_helper_member_set_reference_logged
                       |          
                        --4.16%--sqjit_a64_member_store_slot (inlined)
                                  sqjit_a64_member_store_slot (inlined)
                                  sqjit_a64_resolve_store_slot (inlined)
                                  |          
                                   --2.60%--sq_member_raw_slot (inlined)
                                             SQTable::GetRawSlot (inlined)

    16.12%     0.00%  sqgi     [JIT] tid 711158       [.] 0x0000ffff97b5e1f7
            |
            ---0xffff97b5e1f7
               |          
                --14.04%--0xffff97b5e1f7
                          sqjit_a64_helper_member_set_integer_logged
                          |          
                          |--5.20%--sqjit_a64_member_store_slot (inlined)
                          |          sqjit_a64_member_store_slot (inlined)
                          |          |          
                          |           --3.12%--sqjit_a64_helper_member_set_integer_logged
                          |                     sqjit_a64_resolve_root_store_slot
                          |                     |          
                          |                      --2.08%--SQTable::GetRawSlot (inlined)
                          |          
                           --5.20%--sqjit_a64_helper_member_set_integer_logged
                                     SQJitWriteLog::RecordMember
                                     |          
                                      --4.16%--SQJitWriteLog::CanRelease

    14.55%     0.00%  sqgi     [JIT] tid 711158       [.] 0x0000ffff97b5c1db
            |
            ---0xffff97b5c1db
               |          
                --13.52%--0xffff97b5c1db
                          sqjit_a64_helper_member_set_integer_logged
                          |          
                          |--4.16%--sqjit_a64_helper_member_set_integer_logged
                          |          SQJitWriteLog::RecordMember
                          |          |          
                          |           --3.12%--SQJitWriteLog::CanRelease
                          |          
                          |--4.16%--sqjit_a64_member_store_slot (inlined)
                          |          sqjit_a64_member_store_slot (inlined)
                          |          |          
                          |          |--2.08%--sqjit_a64_helper_member_set_integer_logged
                          |          |          sqjit_a64_resolve_root_store_slot
                          |          |          
                          |           --2.08%--sqjit_a64_resolve_store_slot (inlined)
                          |                     sq_member_raw_slot (inlined)
                          |          
                           --2.60%--sqjit_a64_store_resolved_member (inlined)

    14.52%    14.52%  sqgi     sqgi                   [.] SQJitWriteLog::CanRelease
            |          
            |--5.20%--0xffff97b5d207
            |          0xffff97b5d207
            |          sqjit_a64_helper_member_set_reference_logged
            |          sqjit_a64_helper_member_set_reference_logged
            |          SQJitWriteLog::RecordMember
            |          SQJitWriteLog::CanRelease
            |          
            |--4.16%--0xffff97b5e1f7
            |          0xffff97b5e1f7
            |          sqjit_a64_helper_member_set_integer_logged
            |          sqjit_a64_helper_member_set_integer_logged
            |          SQJitWriteLog::RecordMember
            |          SQJitWriteLog::CanRelease
            |          
            |--3.12%--0xffff97b5c1db
            |          0xffff97b5c1db
            |          sqjit_a64_helper_member_set_integer_logged
            |          sqjit_a64_helper_member_set_integer_logged
            |          SQJitWriteLog::RecordMember
            |          SQJitWriteLog::CanRelease
            |          
             --2.04%--0xffff97b5f223
                       0xffff97b5f223
                       sqjit_a64_helper_instance_field_set_integer_logged
                       sqjit_a64_write_log_record_member (inlined)
                       SQJitWriteLog::RecordMember
                       SQJitWriteLog::CanRelease

    12.78%    12.78%  sqgi     sqgi                   [.] sqjit_a64_borrow_member_ptr_value
            |          
            |--4.16%--0xffff97b5e16b
            |          0xffff97b5e16b
            |          sqjit_a64_helper_member_closure_guard
            |          sqjit_a64_helper_member_closure_guard
            |          sqjit_a64_borrow_member_ptr_value
            |          SQTable::GetRawSlot (inlined)
            |          SQTable::_Get (inlined)
            |          
            |--3.64%--0xffff97b5c14f
            |          0xffff97b5c14f
            |          sqjit_a64_helper_member_closure_guard
            |          sqjit_a64_helper_member_closure_guard
            |          sqjit_a64_borrow_member_ptr_value
            |          |          
            |           --2.60%--SQTable::GetRawSlot (inlined)
            |                     SQTable::_Get (inlined)
            |          
            |--2.91%--0xffff97b5f16b
            |          0xffff97b5f16b
            |          sqjit_a64_helper_member_closure_guard
            |          sqjit_a64_helper_member_closure_guard
            |          sqjit_a64_borrow_member_ptr_value
            |          |          
            |           --2.40%--SQTable::GetRawSlot (inlined)
            |                     SQTable::_Get (inlined)
            |          
             --2.08%--0xffff97b5d14b
                       0xffff97b5d14b
                       sqjit_a64_helper_member_closure_guard
                       sqjit_a64_helper_member_closure_guard
                       sqjit_a64_borrow_member_ptr_value

    11.00%     0.00%  sqgi     [JIT] tid 711158       [.] 0x0000ffff97b5f223
            |
            ---0xffff97b5f223
               |          
                --9.06%--0xffff97b5f223
                          sqjit_a64_helper_instance_field_set_integer_logged
                          |          
                           --6.18%--sqjit_a64_write_log_record_member (inlined)
                                     |          
                                      --3.40%--SQJitWriteLog::RecordMember
                                                |          
                                                 --2.04%--SQJitWriteLog::CanRelease

    10.71%     0.00%  sqgi     sqgi                   [.] SQTable::GetRawSlot (inlined)
            |
            ---SQTable::GetRawSlot (inlined)
               |          
                --10.19%--SQTable::_Get (inlined)

    10.19%     0.00%  sqgi     sqgi                   [.] SQTable::_Get (inlined)
            |
            ---SQTable::_Get (inlined)

     9.37%     0.00%  sqgi     [JIT] tid 711158       [.] 0x0000ffff97b5c14f
            |
            ---0xffff97b5c14f
               |          
               |--4.16%--0xffff97b5c14f
               |          sqjit_a64_helper_member_closure_guard
               |          |          
               |           --3.64%--sqjit_a64_helper_member_closure_guard
               |                     sqjit_a64_borrow_member_ptr_value
               |                     |          
               |                      --2.60%--SQTable::GetRawSlot (inlined)
               |                                SQTable::_Get (inlined)
               |          
                --3.64%--0xffff97b5c1c0

     9.36%     0.00%  sqgi     sqgi                   [.] sqjit_a64_member_store_slot (inlined)
            |
            ---sqjit_a64_member_store_slot (inlined)
               sqjit_a64_member_store_slot (inlined)
               |          
               |--5.20%--sqjit_a64_helper_member_set_integer_logged
               |          sqjit_a64_resolve_root_store_slot
               |          |          
               |           --3.12%--SQTable::GetRawSlot (inlined)
               |                     |          
               |                      --2.08%--SQTable::_Get (inlined)
               |          
                --3.64%--sqjit_a64_resolve_store_slot (inlined)
                          sq_member_raw_slot (inlined)
                          |          
                           --3.12%--SQTable::GetRawSlot (inlined)
                                     SQTable::_Get (inlined)

     9.06%     5.36%  sqgi     sqgi                   [.] sqjit_a64_helper_instance_field_set_integer_logged
            |          
            |--5.36%--0xffff97b5f223
            |          0xffff97b5f223
            |          sqjit_a64_helper_instance_field_set_integer_logged
            |          |          
            |           --2.78%--sqjit_a64_write_log_record_member (inlined)
            |          
             --3.70%--sqjit_a64_helper_instance_field_set_integer_logged
                       |          
                        --3.40%--sqjit_a64_write_log_record_member (inlined)
                                  SQJitWriteLog::RecordMember
                                  |          
                                   --2.04%--SQJitWriteLog::CanRelease

     8.88%     0.00%  sqgi     [JIT] tid 711158       [.] 0x0000ffff97b5f16b
            |
            ---0xffff97b5f16b
               |          
                --5.96%--0xffff97b5f16b
                          sqjit_a64_helper_member_closure_guard
                          |          
                           --2.91%--sqjit_a64_helper_member_closure_guard
                                     sqjit_a64_borrow_member_ptr_value
                                     |          
                                      --2.40%--SQTable::GetRawSlot (inlined)
                                                SQTable::_Get (inlined)

     8.32%     0.00%  sqgi     [JIT] tid 711158       [.] 0x0000ffff97b5d14b
            |
            ---0xffff97b5d14b
               |          
                --3.64%--0xffff97b5d14b
                          sqjit_a64_helper_member_closure_guard
                          |          
                           --2.08%--sqjit_a64_helper_member_closure_guard
                                     sqjit_a64_borrow_member_ptr_value

     7.28%     0.00%  sqgi     [JIT] tid 711158       [.] 0x0000ffff97b5e16b
            |
            ---0xffff97b5e16b
               |          
               |--4.68%--0xffff97b5e16b
               |          sqjit_a64_helper_member_closure_guard
               |          |          
               |           --4.16%--sqjit_a64_helper_member_closure_guard
               |                     sqjit_a64_borrow_member_ptr_value
               |                     SQTable::GetRawSlot (inlined)
               |                     SQTable::_Get (inlined)
               |          
                --2.08%--0xffff97b5e1dc

     6.76%     6.76%  sqgi     sqgi                   [.] sqjit_a64_resolve_root_store_slot
            |          
            |--3.12%--0xffff97b5e1f7
            |          0xffff97b5e1f7
            |          sqjit_a64_helper_member_set_integer_logged
            |          sqjit_a64_member_store_slot (inlined)
            |          sqjit_a64_member_store_slot (inlined)
            |          sqjit_a64_helper_member_set_integer_logged
            |          sqjit_a64_resolve_root_store_slot
            |          |          
            |           --2.08%--SQTable::GetRawSlot (inlined)
            |          
             --2.08%--0xffff97b5c1db
                       0xffff97b5c1db
                       sqjit_a64_helper_member_set_integer_logged
                       sqjit_a64_member_store_slot (inlined)
                       sqjit_a64_member_store_slot (inlined)
                       sqjit_a64_helper_member_set_integer_logged
                       sqjit_a64_resolve_root_store_slot

     6.18%     0.00%  sqgi     sqgi                   [.] sqjit_a64_write_log_record_member (inlined)
            |
            ---sqjit_a64_write_log_record_member (inlined)
               |          
                --3.40%--SQJitWriteLog::RecordMember
                          |          
                           --2.04%--SQJitWriteLog::CanRelease

     5.72%     0.00%  sqgi     sqgi                   [.] sqjit_a64_member_store_slot (inlined)
            |
            ---sqjit_a64_member_store_slot (inlined)
               sqjit_a64_member_store_slot (inlined)
               |          
                --4.16%--sqjit_a64_resolve_store_slot (inlined)
                          |          
                           --2.60%--sq_member_raw_slot (inlined)
                                     SQTable::GetRawSlot (inlined)

     4.16%     0.00%  sqgi     sqgi                   [.] sqjit_a64_resolve_store_slot (inlined)
            |
            ---sqjit_a64_resolve_store_slot (inlined)
               |          
                --2.60%--sq_member_raw_slot (inlined)
                          SQTable::GetRawSlot (inlined)

     3.64%     0.00%  sqgi     sqgi                   [.] SQJitWriteLog::ContainsMember<true> (inlined)
            |
            ---SQJitWriteLog::ContainsMember<true> (inlined)

     3.64%     3.64%  sqgi     [JIT] tid 711158       [.] 0x0000ffff97b5c1c0
            |
            ---0xffff97b5c14f
               0xffff97b5c1c0

     3.64%     0.00%  sqgi     sqgi                   [.] SQTable::GetRawSlot (inlined)
            |
            ---SQTable::GetRawSlot (inlined)
               |          
                --2.60%--SQTable::_Get (inlined)

     3.64%     0.00%  sqgi     sqgi                   [.] sqjit_a64_resolve_store_slot (inlined)
            |
            ---sqjit_a64_resolve_store_slot (inlined)
               sq_member_raw_slot (inlined)
               |          
                --3.12%--SQTable::GetRawSlot (inlined)
                          SQTable::_Get (inlined)

     3.64%     0.00%  sqgi     sqgi                   [.] sq_member_raw_slot (inlined)
            |
            ---sq_member_raw_slot (inlined)
               |          
                --3.12%--SQTable::GetRawSlot (inlined)
                          SQTable::_Get (inlined)

     3.64%     0.00%  sqgi     sqgi                   [.] SQTable::GetRawSlot (inlined)
            |
            ---SQTable::GetRawSlot (inlined)
               |          
                --3.12%--SQTable::_Get (inlined)

     3.12%     0.00%  sqgi     sqgi                   [.] sqjit_a64_store_resolved_member (inlined)
            |
            ---sqjit_a64_store_resolved_member (inlined)

     3.12%     0.00%  sqgi     sqgi                   [.] SQTable::_Get (inlined)
            |
            ---SQTable::_Get (inlined)

     2.60%     0.00%  sqgi     sqgi                   [.] sq_member_raw_slot (inlined)
            |
            ---sq_member_raw_slot (inlined)
               SQTable::GetRawSlot (inlined)

     2.60%     0.00%  sqgi     sqgi                   [.] SQTable::GetRawSlot (inlined)
            |
            ---SQTable::GetRawSlot (inlined)

     2.60%     0.00%  sqgi     sqgi                   [.] SQTable::_Get (inlined)
            |
            ---SQTable::_Get (inlined)

     2.40%     0.00%  sqgi     sqgi                   [.] SQJitWriteLog::ContainsMember<false> (inlined)
            |
            ---SQJitWriteLog::ContainsMember<false> (inlined)

     2.08%     2.08%  sqgi     [JIT] tid 711158       [.] 0x0000ffff97b5e1dc
            |
            ---0xffff97b5e16b
               0xffff97b5e1dc

     2.08%     0.00%  sqgi     sqgi                   [.] SQObjectPtr::~SQObjectPtr (inlined)
            |
            ---SQObjectPtr::~SQObjectPtr (inlined)
               SQObjectPtr::~SQObjectPtr (inlined)



#
# (Cannot load tips.txt file, please install perf!)
#
