BENCH	route_balanced	200000	0.052465000	300346
BENCH	route_skewed	200000	0.051545000	122121
BENCH	pricing_events	200000	0.056750000	636940
BENCH	filter_stream	200000	0.056070000	10704.521037291815
BENCH	records_64	200000	0.128720000	599323
BENCH	records_4096	200000	0.293390000	385702
BENCH	word_count	200000	0.266395000	116910
BENCH	graph_walk	200000	0.012270000	386354
BENCH	route_balanced	200000	0.053120000	300346
BENCH	route_skewed	200000	0.052020000	122121
BENCH	pricing_events	200000	0.057265000	636940
BENCH	filter_stream	200000	0.056305000	10704.521037291815
BENCH	records_64	200000	0.136830000	599323
BENCH	records_4096	200000	0.232910000	385702
BENCH	word_count	200000	0.266385000	116910
BENCH	graph_walk	200000	0.012400000	386354
BENCH	route_balanced	200000	0.053615000	300346
BENCH	route_skewed	200000	0.052045000	122121
BENCH	pricing_events	200000	0.057070000	636940
BENCH	filter_stream	200000	0.056045000	10704.521037291815
BENCH	records_64	200000	0.130280000	599323
BENCH	records_4096	200000	0.233980000	385702
BENCH	word_count	200000	0.266515000	116910
BENCH	graph_walk	200000	0.012320000	386354
1093.43;msec;task-clock:u;1.19%;1093426835;100.00;0.974;CPUs utilized
2440764435;;cycles:u;1.00%;1093412246;100.00;2.184;GHz
5935668760;;instructions:u;0.20%;1093412246;100.00;2.40;insn per cycle
4887517;;branch-misses:u;6.07%;1093412246;100.00;;
2218234891;;cache-references:u;0.24%;1093412246;100.00;1.985;G/sec
16433189;;cache-misses:u;5.49%;1093412246;100.00;0.740;of all cache refs
3865;;page-faults:u;0.02%;1093426835;100.00;3.458;K/sec
0;;context-switches:u;0.00%;1093426835;100.00;0.000;/sec
