JIT_CAPTURE_BREAKPOINT -1
[Thread debugging using libthread_db enabled]
Using host libthread_db library "/lib/aarch64-linux-gnu/libthread_db.so.1".
JIT_CAPTURE recycle frame 0xfffff7f84000 8192
BENCH	table_owners_1	1003	1.906281157	615764.25
BENCH	table_owners_2	1003	1.929212363	616780.25
BENCH	table_owners_5	1003	1.785643071	613838.25
BENCH	table_owners_19	1003	4.987038883	618610.25
BENCH	table_owners_257	1003	2.574277168	749599.25
BENCH	class_owners_1	1003	2.210368893	615764.25
BENCH	class_owners_2	1003	1.898305085	616780.25
BENCH	class_owners_5	1003	1.949152542	613838.25
BENCH	class_owners_19	1003	2.014955135	618610.25
BENCH	class_owners_257	1003	5.755732802	749599.25
[Inferior 1 (process 571990) exited normally]
[Thread debugging using libthread_db enabled]
Using host libthread_db library "/lib/aarch64-linux-gnu/libthread_db.so.1".
JIT_CAPTURE transfer frame 0xfffff7f85000 4096
JIT_CAPTURE publish frame 0xfffff7f84000 4096
BENCH	transfer_table	1003	1219.744765703	121851
BENCH	transfer_class	1003	1256.363908275	121851
BENCH	transfer_mixed	1003	1382.771684945	121851
BENCH	publish_table	1003	1371.257228315	133577
BENCH	publish_class	1003	1202.559322034	133577
BENCH	publish_mixed	1003	1216.423728814	133577
[Inferior 1 (process 572008) exited normally]
[Thread debugging using libthread_db enabled]
Using host libthread_db library "/lib/aarch64-linux-gnu/libthread_db.so.1".
JIT_CAPTURE table_apply frame 0xfffff7f85000 4096
JIT_CAPTURE apply frame 0xfffff7f84000 4096
BENCH	table_events_97	1003	1219.884346959	140378
BENCH	class_events_97	1003	1254.900299103	140378
BENCH	buffers_7	1003	0.451645065	944693
BENCH	buffers_31	1003	0.435692921	861874
BENCH	calibrate_17	1003	4.441674975	5140.09375
BENCH	calibrate_67	1003	1.700897308	5049
[Inferior 1 (process 572118) exited normally]
JIT_CAPTURE_VERIFIED five canonical-frame functions
