BENCH	filter	200000	0.023370000	10.254364576940203
BENCH	channels_4	200000	0.077920000	20.621658757381574
BENCH	pressure_8	200000	0.151460000	30.900920683591639
BENCH	integration	200000	0.038350000	1562.9738403896752
BENCH	retained_input	200000	0.044675000	399985.55383443867
BENCH	branching	200000	0.030615000	1.6005902475563216
BENCH	helper_control	200000	0.054880000	3.7152600782050693
BENCH	filter	200000	0.023430000	10.254364576940203
BENCH	channels_4	200000	0.078160000	20.621658757381574
BENCH	pressure_8	200000	0.152535000	30.900920683591639
BENCH	integration	200000	0.037295000	1562.9738403896752
BENCH	retained_input	200000	0.044935000	399985.55383443867
BENCH	branching	200000	0.030590000	1.6005902475563216
BENCH	helper_control	200000	0.055135000	3.7152600782050693
BENCH	filter	200000	0.024275000	10.254364576940203
BENCH	channels_4	200000	0.077430000	20.621658757381574
BENCH	pressure_8	200000	0.152180000	30.900920683591639
BENCH	integration	200000	0.035840000	1562.9738403896752
BENCH	retained_input	200000	0.044945000	399985.55383443867
BENCH	branching	200000	0.030630000	1.6005902475563216
BENCH	helper_control	200000	0.055165000	3.7152600782050693
621.36;msec;task-clock:u;0.48%;621355875;100.00;0.997;CPUs utilized
1366355465;;cycles:u;0.22%;621584541;100.00;2.211;GHz
3897274236;;instructions:u;0.00%;621584541;100.00;2.85;insn per cycle
154518;;branch-misses:u;0.22%;621584541;100.00;;
1434407246;;cache-references:u;0.01%;621584541;100.00;2.321;G/sec
241803;;cache-misses:u;0.69%;621584541;100.00;0.017;of all cache refs
788;;page-faults:u;0.07%;621355875;100.00;1.275;K/sec
0;;context-switches:u;0.00%;621355875;100.00;0.000;/sec
