# To display the perf.data header info, please use --header/--header-only options.
#
#
# Total Lost Samples: 0
#
# Samples: 319  of event 'cycles:u'
# Event count (approx.): 1360288411
#
# Children      Self  Command  Shared Object                 Symbol                                                                                                                                       
# ........  ........  .......  ............................  .............................................................................................................................................
#
    24.69%    10.02%  sqgi     sqgi                          [.] sqjit_a64_helper_member_closure_guard
            |          
             --14.67%--sqjit_a64_helper_member_closure_guard
                       sqjit_a64_helper_member_closure_guard
                       sqjit_a64_borrow_member_ptr_value
                       |          
                        --10.00%--SQTable::GetRawSlot (inlined)
                                  |          
                                  |--5.06%--SQTable::_Get (inlined)
                                  |          
                                   --2.27%--HashObj (inlined)

    18.69%    18.69%  sqgi     sqgi                          [.] sqjit_a64_borrow_member_ptr_value
            |          
             --4.01%--0xffff9eaa419f
                       0xffff9eaa419f
                       sqjit_a64_helper_member_native_closure_guard
                       sqjit_a64_borrow_member_value_with_root (inlined)
                       sqjit_a64_borrow_member_ptr_value
                       |          
                        --2.68%--SQTable::GetRawSlot (inlined)
                                  |          
                                   --2.01%--SQTable::_Get (inlined)

    12.68%     0.00%  sqgi     sqgi                          [.] SQTable::GetRawSlot (inlined)
            |
            ---SQTable::GetRawSlot (inlined)
               |          
               |--7.06%--SQTable::_Get (inlined)
               |          
                --2.60%--HashObj (inlined)

     8.68%     0.00%  sqgi     [JIT] tid 576809              [.] 0x0000ffff9eaa71d3
            |
            ---0xffff9eaa71d3
               |          
                --2.34%--0xffff9eaa723c

     7.35%     0.00%  sqgi     [JIT] tid 576809              [.] 0x0000ffff9eaa419f
            |
            ---0xffff9eaa419f
               |          
                --4.68%--0xffff9eaa419f
                          sqjit_a64_helper_member_native_closure_guard
                          |          
                           --4.35%--sqjit_a64_borrow_member_value_with_root (inlined)
                                     |          
                                      --4.01%--sqjit_a64_borrow_member_ptr_value
                                                |          
                                                 --2.68%--SQTable::GetRawSlot (inlined)
                                                           |          
                                                            --2.01%--SQTable::_Get (inlined)

     7.06%     0.00%  sqgi     sqgi                          [.] SQTable::_Get (inlined)
            |
            ---SQTable::_Get (inlined)

     7.00%     0.00%  sqgi     [JIT] tid 576809              [.] 0x0000ffff9eaa5153
            |
            ---0xffff9eaa5153
               |          
               |--2.33%--0xffff9eaa51e4
               |          
                --2.33%--0xffff9eaa5153
                          sqjit_a64_helper_member_closure_guard

     6.35%     0.00%  sqgi     [JIT] tid 576809              [.] 0x0000ffff9eaa61d7
            |
            ---0xffff9eaa61d7
               |          
                --2.34%--0xffff9eaa61d7
                          sqjit_a64_helper_member_closure_guard

     6.02%     0.00%  sqgi     sqgi                          [.] sqjit_a64_borrow_member_value_with_root (inlined)
            |
            ---sqjit_a64_borrow_member_value_with_root (inlined)
               |          
                --4.01%--sqjit_a64_borrow_member_ptr_value
                          |          
                           --2.68%--SQTable::GetRawSlot (inlined)
                                     |          
                                      --2.01%--SQTable::_Get (inlined)

     6.00%     0.00%  sqgi     [JIT] tid 576809              [.] 0x0000ffff9eaa946f
            |
            ---0xffff9eaa946f

     5.35%     0.00%  sqgi     [JIT] tid 576809              [.] 0x0000ffff9eaa884f
            |
            ---0xffff9eaa884f

     5.02%     0.00%  sqgi     [JIT] tid 576809              [.] 0x0000ffff9eaa855f
            |
            ---0xffff9eaa855f

     5.01%     0.00%  sqgi     [JIT] tid 576809              [.] 0x0000ffff9eaa83e7
            |
            ---0xffff9eaa83e7

     5.01%     0.00%  sqgi     [JIT] tid 576809              [.] 0x0000ffff9eaa922f
            |
            ---0xffff9eaa922f

     4.93%     0.00%  sqgi     [JIT] tid 576809              [.] 0x0000ffff9eaaa153
            |
            ---0xffff9eaaa153

     4.68%     0.00%  sqgi     [JIT] tid 576809              [.] 0x0000ffff9eaa861b
            |
            ---0xffff9eaa861b
               |          
                --2.34%--0xffff9eaa861b
                          sqjit_a64_helper_member_closure_guard

     4.68%     0.67%  sqgi     sqgi                          [.] sqjit_a64_helper_member_native_closure_guard
            |          
             --4.01%--sqjit_a64_helper_member_native_closure_guard
                       sqjit_a64_borrow_member_value_with_root (inlined)
                       sqjit_a64_borrow_member_ptr_value
                       |          
                        --2.68%--SQTable::GetRawSlot (inlined)
                                  |          
                                   --2.01%--SQTable::_Get (inlined)

     4.35%     0.00%  sqgi     [JIT] tid 576809              [.] 0x0000ffff9eaa84a3
            |
            ---0xffff9eaa84a3

     4.35%     0.00%  sqgi     [JIT] tid 576809              [.] 0x0000ffff9eaa41ff
            |
            ---0xffff9eaa41ff
               |          
                --2.01%--0xffff9eaa4254

     4.34%     0.00%  sqgi     [JIT] tid 576809              [.] 0x0000ffff9eaa628f
            |
            ---0xffff9eaa628f

     4.01%     0.00%  sqgi     [JIT] tid 576809              [.] 0x0000ffff9eaa8793
            |
            ---0xffff9eaa8793
               |          
                --2.34%--0xffff9eaa8793
                          sqjit_a64_helper_member_closure_guard

     4.01%     0.00%  sqgi     [JIT] tid 576809              [.] 0x0000ffff9eaa86d7
            |
            ---0xffff9eaa86d7
               |          
                --2.01%--0xffff9eaa86d7
                          sqjit_a64_helper_member_closure_guard

     4.01%     0.00%  sqgi     [JIT] tid 576809              [.] 0x0000ffff9eaa92ef
            |
            ---0xffff9eaa92ef

     3.35%     0.00%  sqgi     [JIT] tid 576809              [.] 0x0000ffff9eaa93af
            |
            ---0xffff9eaa93af

     3.34%     0.00%  sqgi     [JIT] tid 576809              [.] 0x0000ffff9eaa8313
            |
            ---0xffff9eaa8313

     2.60%     0.00%  sqgi     sqgi                          [.] HashObj (inlined)
            |
            ---HashObj (inlined)

     2.34%     2.34%  sqgi     [JIT] tid 576809              [.] 0x0000ffff9eaa723c
            |
            ---0xffff9eaa71d3
               0xffff9eaa723c

     2.33%     2.33%  sqgi     [JIT] tid 576809              [.] 0x0000ffff9eaa51e4
            |
            ---0xffff9eaa5153
               0xffff9eaa51e4

     2.01%     2.01%  sqgi     [JIT] tid 576809              [.] 0x0000ffff9eaa4254
            |
            ---0xffff9eaa41ff
               0xffff9eaa4254



#
# (Cannot load tips.txt file, please install perf!)
#
