BENCH	direct_call	3200000	0.033887	563347
BENCH	branch_call	3200000	0.031641	599062
BENCH	float_call	3200000	0.020807	8.2204724409448815
BENCH	numeric_loop	3200000	0.022848	612398470
BENCH	vector	160000	0.369000	0.12553851953971693
BENCH	dynamic_member	160000	0.749100	7261462
BENCH	dynamic_key_get_set	160000	0.183319	6566091
BENCH	object_member_write_fallback	160000	0.473631	595919
BENCH	array_append	160000	0.127612	3048687
BENCH	array_write	160000	0.036981	831988
BENCH	array_read	3200000	0.007152	8000000
BENCH	array_float	3200000	0.006893	6400000
BENCH	math_intrinsic	160000	0.202300	2418270.8295144332
BENCH	math_variable	160000	0.218550	313782.39947747899
BENCH	matrix	160000	0.310038	-0.024510798820940455
BENCH	direct_call	3200000	0.034074	563347
BENCH	branch_call	3200000	0.031679	599062
BENCH	float_call	3200000	0.020679	8.2204724409448815
BENCH	numeric_loop	3200000	0.022869	612398470
BENCH	vector	160000	0.375894	0.12553851953971693
BENCH	dynamic_member	160000	0.760144	7261462
BENCH	dynamic_key_get_set	160000	0.182700	6566091
BENCH	object_member_write_fallback	160000	0.472181	595919
BENCH	array_append	160000	0.133450	3048687
BENCH	array_write	160000	0.037444	831988
BENCH	array_read	3200000	0.007084	8000000
BENCH	array_float	3200000	0.006759	6400000
BENCH	math_intrinsic	160000	0.201719	2418270.8295144332
BENCH	math_variable	160000	0.216906	313782.39947747899
BENCH	matrix	160000	0.310106	-0.024510798820940455
BENCH	direct_call	3200000	0.034091	563347
BENCH	branch_call	3200000	0.031566	599062
BENCH	float_call	3200000	0.020988	8.2204724409448815
BENCH	numeric_loop	3200000	0.022851	612398470
BENCH	vector	160000	0.366013	0.12553851953971693
BENCH	dynamic_member	160000	0.755344	7261462
BENCH	dynamic_key_get_set	160000	0.182919	6566091
BENCH	object_member_write_fallback	160000	0.470925	595919
BENCH	array_append	160000	0.126819	3048687
BENCH	array_write	160000	0.036887	831988
BENCH	array_read	3200000	0.007142	8000000
BENCH	array_float	3200000	0.006864	6400000
BENCH	math_intrinsic	160000	0.200994	2418270.8295144332
BENCH	math_variable	160000	0.218413	313782.39947747899
BENCH	matrix	160000	0.310556	-0.024510798820940455
4960.73;msec;task-clock:u;0.14%;4960732575;100.00;0.998;CPUs utilized
11183430585;;cycles:u;0.10%;4961232765;100.00;2.253;GHz
28813757632;;instructions:u;0.00%;4961232765;100.00;2.57;insn per cycle
3156957;;branch-misses:u;12.43%;4961232765;100.00;;
11769780876;;cache-references:u;0.12%;4961232765;100.00;2.371;G/sec
1281384;;cache-misses:u;0.72%;4961232765;100.00;0.011;of all cache refs
10512;;page-faults:u;0.00%;4960732575;100.00;2.118;K/sec
0;;context-switches:u;0.00%;4960732575;100.00;0.000;/sec
