BENCH	table_events_97	200000	0.438795000	10069540
BENCH	class_events_97	200000	0.435220000	10069540
BENCH	buffers_7	200000	0.432885000	65667
BENCH	buffers_31	200000	0.433400000	651677
BENCH	calibrate_17	200000	0.083100000	1040538.515625
BENCH	calibrate_67	200000	0.083850000	1040417.796875
BENCH	table_events_97	200000	0.444360000	10069540
BENCH	class_events_97	200000	0.439785000	10069540
BENCH	buffers_7	200000	0.434120000	65667
BENCH	buffers_31	200000	0.433860000	651677
BENCH	calibrate_17	200000	0.083140000	1040538.515625
BENCH	calibrate_67	200000	0.083935000	1040417.796875
BENCH	table_events_97	200000	0.446635000	10069540
BENCH	class_events_97	200000	0.433210000	10069540
BENCH	buffers_7	200000	0.431950000	65667
BENCH	buffers_31	200000	0.431555000	651677
BENCH	calibrate_17	200000	0.083435000	1040538.515625
BENCH	calibrate_67	200000	0.084135000	1040417.796875
2717.23;msec;task-clock:u;0.17%;2717234321;100.00;1.001;CPUs utilized
6123670764;;cycles:u;0.21%;2717608237;100.00;2.261;GHz
17798755862;;instructions:u;0.00%;2717608237;100.00;2.91;insn per cycle
3393056;;branch-misses:u;0.23%;2717608237;100.00;;
7326335180;;cache-references:u;0.01%;2717608237;100.00;2.705;G/sec
5523738;;cache-misses:u;0.14%;2717608237;100.00;0.075;of all cache refs
810;;page-faults:u;0.08%;2717234321;100.00;299.031;/sec
0;;context-switches:u;0.00%;2717234321;100.00;0.000;/sec
