# To display the perf.data header info, please use --header/--header-only options.
#
#
# Total Lost Samples: 0
#
# Samples: 1K of event 'cycles:u'
# Event count (approx.): 6107414046
#
# Children      Self  Command  Shared Object            Symbol                                         
# ........  ........  .......  .......................  ...............................................
#
    77.47%     0.00%  sqgi     sqgi                     [.] _start
            |
            ---_start
               __libc_start_main_impl (inlined)
               __libc_start_call_main
               main
               |          
                --77.39%--sq_call
                          SQVM::Execute
                          |          
                          |--7.35%--sqjit_try_execute_current
                          |          |          
                          |           --3.36%--SQVM::Return
                          |                     |          
                          |                      --2.01%--SQVM::LeaveFrame
                          |          
                          |--4.55%--SQObjectPtr::operator= (inlined)
                          |          
                          |--4.55%--sq_member_cache_hit (inlined)
                          |          |          
                          |           --3.13%--SQTable::GetCachedSlot (inlined)
                          |          
                          |--3.43%--sqjit_try_execute_current_loop
                          |          
                          |--2.61%--SQVM::Get
                          |          
                          |--2.61%--sq_member_raw_slot (inlined)
                          |          |          
                          |           --2.54%--SQTable::GetRawSlot (inlined)
                          |          
                          |--2.61%--sq_vm_member_cache_for (inlined)
                          |          |          
                          |           --2.31%--SQFunctionProto::MemberCacheAt (inlined)
                          |          
                          |--2.61%--SQArray::Get (inlined)
                          |          
                           --2.01%--SQVM::CMP_OP

    77.47%     0.00%  sqgi     libc.so.6                [.] __libc_start_main_impl (inlined)
            |
            ---__libc_start_main_impl (inlined)
               __libc_start_call_main
               main
               |          
                --77.39%--sq_call
                          SQVM::Execute
                          |          
                          |--7.35%--sqjit_try_execute_current
                          |          |          
                          |           --3.36%--SQVM::Return
                          |                     |          
                          |                      --2.01%--SQVM::LeaveFrame
                          |          
                          |--4.55%--SQObjectPtr::operator= (inlined)
                          |          
                          |--4.55%--sq_member_cache_hit (inlined)
                          |          |          
                          |           --3.13%--SQTable::GetCachedSlot (inlined)
                          |          
                          |--3.43%--sqjit_try_execute_current_loop
                          |          
                          |--2.61%--SQVM::Get
                          |          
                          |--2.61%--sq_member_raw_slot (inlined)
                          |          |          
                          |           --2.54%--SQTable::GetRawSlot (inlined)
                          |          
                          |--2.61%--sq_vm_member_cache_for (inlined)
                          |          |          
                          |           --2.31%--SQFunctionProto::MemberCacheAt (inlined)
                          |          
                          |--2.61%--SQArray::Get (inlined)
                          |          
                           --2.01%--SQVM::CMP_OP

    77.47%     0.00%  sqgi     libc.so.6                [.] __libc_start_call_main
            |
            ---__libc_start_call_main
               main
               |          
                --77.39%--sq_call
                          SQVM::Execute
                          |          
                          |--7.35%--sqjit_try_execute_current
                          |          |          
                          |           --3.36%--SQVM::Return
                          |                     |          
                          |                      --2.01%--SQVM::LeaveFrame
                          |          
                          |--4.55%--SQObjectPtr::operator= (inlined)
                          |          
                          |--4.55%--sq_member_cache_hit (inlined)
                          |          |          
                          |           --3.13%--SQTable::GetCachedSlot (inlined)
                          |          
                          |--3.43%--sqjit_try_execute_current_loop
                          |          
                          |--2.61%--SQVM::Get
                          |          
                          |--2.61%--sq_member_raw_slot (inlined)
                          |          |          
                          |           --2.54%--SQTable::GetRawSlot (inlined)
                          |          
                          |--2.61%--sq_vm_member_cache_for (inlined)
                          |          |          
                          |           --2.31%--SQFunctionProto::MemberCacheAt (inlined)
                          |          
                          |--2.61%--SQArray::Get (inlined)
                          |          
                           --2.01%--SQVM::CMP_OP

    77.47%     0.00%  sqgi     sqgi                     [.] main
            |
            ---main
               |          
                --77.39%--sq_call
                          SQVM::Execute
                          |          
                          |--7.35%--sqjit_try_execute_current
                          |          |          
                          |           --3.36%--SQVM::Return
                          |                     |          
                          |                      --2.01%--SQVM::LeaveFrame
                          |          
                          |--4.55%--SQObjectPtr::operator= (inlined)
                          |          
                          |--4.55%--sq_member_cache_hit (inlined)
                          |          |          
                          |           --3.13%--SQTable::GetCachedSlot (inlined)
                          |          
                          |--3.43%--sqjit_try_execute_current_loop
                          |          
                          |--2.61%--SQVM::Get
                          |          
                          |--2.61%--sq_member_raw_slot (inlined)
                          |          |          
                          |           --2.54%--SQTable::GetRawSlot (inlined)
                          |          
                          |--2.61%--sq_vm_member_cache_for (inlined)
                          |          |          
                          |           --2.31%--SQFunctionProto::MemberCacheAt (inlined)
                          |          
                          |--2.61%--SQArray::Get (inlined)
                          |          
                           --2.01%--SQVM::CMP_OP

    77.39%     0.00%  sqgi     sqgi                     [.] sq_call
            |
            ---sq_call
               SQVM::Execute
               |          
               |--7.35%--sqjit_try_execute_current
               |          |          
               |           --3.36%--SQVM::Return
               |                     |          
               |                      --2.01%--SQVM::LeaveFrame
               |          
               |--4.55%--SQObjectPtr::operator= (inlined)
               |          
               |--4.55%--sq_member_cache_hit (inlined)
               |          |          
               |           --3.13%--SQTable::GetCachedSlot (inlined)
               |          
               |--3.43%--sqjit_try_execute_current_loop
               |          
               |--2.61%--SQVM::Get
               |          
               |--2.61%--sq_member_raw_slot (inlined)
               |          |          
               |           --2.54%--SQTable::GetRawSlot (inlined)
               |          
               |--2.61%--sq_vm_member_cache_for (inlined)
               |          |          
               |           --2.31%--SQFunctionProto::MemberCacheAt (inlined)
               |          
               |--2.61%--SQArray::Get (inlined)
               |          
                --2.01%--SQVM::CMP_OP

    77.39%    57.11%  sqgi     sqgi                     [.] SQVM::Execute
            |          
            |--57.11%--_start
            |          __libc_start_main_impl (inlined)
            |          __libc_start_call_main
            |          main
            |          sq_call
            |          SQVM::Execute
            |          |          
            |          |--4.55%--sq_member_cache_hit (inlined)
            |          |          |          
            |          |           --3.13%--SQTable::GetCachedSlot (inlined)
            |          |          
            |          |--4.48%--SQObjectPtr::operator= (inlined)
            |          |          
            |          |--2.61%--sq_member_raw_slot (inlined)
            |          |          |          
            |          |           --2.54%--SQTable::GetRawSlot (inlined)
            |          |          
            |          |--2.61%--sq_vm_member_cache_for (inlined)
            |          |          |          
            |          |           --2.31%--SQFunctionProto::MemberCacheAt (inlined)
            |          |          
            |           --2.61%--SQArray::Get (inlined)
            |          
             --20.28%--SQVM::Execute
                       |          
                       |--7.35%--sqjit_try_execute_current
                       |          |          
                       |           --3.36%--SQVM::Return
                       |                     |          
                       |                      --2.01%--SQVM::LeaveFrame
                       |          
                       |--3.43%--sqjit_try_execute_current_loop
                       |          
                       |--2.61%--SQVM::Get
                       |          
                        --2.01%--SQVM::CMP_OP

     7.55%     2.43%  sqgi     sqgi                     [.] sqjit_try_execute_current
            |          
            |--5.12%--sqjit_try_execute_current
            |          |          
            |           --3.36%--SQVM::Return
            |                     |          
            |                      --2.01%--SQVM::LeaveFrame
            |          
             --2.43%--_start
                       __libc_start_main_impl (inlined)
                       __libc_start_call_main
                       main
                       sq_call
                       SQVM::Execute
                       sqjit_try_execute_current

     5.97%     0.00%  sqgi     sqgi                     [.] SQObjectPtr::operator= (inlined)
            |
            ---SQObjectPtr::operator= (inlined)

     4.70%     0.00%  sqgi     [JIT] tid 576552         [.] 0x0000ffffb46b442f
            |
            ---0xffffb46b442f

     4.55%     0.00%  sqgi     sqgi                     [.] sq_member_cache_hit (inlined)
            |
            ---sq_member_cache_hit (inlined)
               |          
                --3.13%--SQTable::GetCachedSlot (inlined)

     3.43%     2.61%  sqgi     sqgi                     [.] sqjit_try_execute_current_loop
            |          
             --2.61%--_start
                       __libc_start_main_impl (inlined)
                       __libc_start_call_main
                       main
                       sq_call
                       SQVM::Execute
                       sqjit_try_execute_current_loop

     3.36%     1.34%  sqgi     sqgi                     [.] SQVM::Return
            |          
             --2.01%--SQVM::Return
                       SQVM::LeaveFrame

     3.33%     3.18%  sqgi     sqgi                     [.] sqjit_a64_precise_step<(SQOpcode)9, true>
     3.13%     0.00%  sqgi     sqgi                     [.] SQTable::GetCachedSlot (inlined)
            |
            ---SQTable::GetCachedSlot (inlined)

     3.04%     2.96%  sqgi     sqgi                     [.] sqjit_a64_precise_step<(SQOpcode)14, false>
     3.01%     0.00%  sqgi     [JIT] tid 576552         [.] 0x0000ffffb46b650f
            |
            ---0xffffb46b650f

     2.91%     0.00%  sqgi     [JIT] tid 576552         [.] 0x0000ffffb46b550f
            |
            ---0xffffb46b550f

     2.91%     1.86%  sqgi     sqgi                     [.] sqjit_number_conversion_guard
     2.61%     0.15%  sqgi     sqgi                     [.] SQVM::Get
            |          
             --2.46%--SQVM::Get

     2.61%     0.00%  sqgi     sqgi                     [.] sq_member_raw_slot (inlined)
            |
            ---sq_member_raw_slot (inlined)
               |          
                --2.54%--SQTable::GetRawSlot (inlined)

     2.61%     0.00%  sqgi     sqgi                     [.] sq_vm_member_cache_for (inlined)
            |
            ---sq_vm_member_cache_for (inlined)
               |          
                --2.31%--SQFunctionProto::MemberCacheAt (inlined)

     2.61%     2.61%  sqgi     sqgi                     [.] SQTable::Get
     2.61%     0.00%  sqgi     sqgi                     [.] SQArray::Get (inlined)
            |
            ---SQArray::Get (inlined)

     2.54%     0.00%  sqgi     sqgi                     [.] SQTable::GetRawSlot (inlined)
            |
            ---SQTable::GetRawSlot (inlined)

     2.31%     0.00%  sqgi     sqgi                     [.] SQFunctionProto::MemberCacheAt (inlined)
            |
            ---SQFunctionProto::MemberCacheAt (inlined)

     2.30%     0.00%  sqgi     sqgi                     [.] sqjit_a64_precise_member<false> (inlined)
            |
            ---sqjit_a64_precise_member<false> (inlined)

     2.16%     0.00%  sqgi     sqgi                     [.] sqjit_a64_precise_member<true> (inlined)
            |
            ---sqjit_a64_precise_member<true> (inlined)

     2.01%     2.01%  sqgi     sqgi                     [.] SQVM::LeaveFrame
            |
            ---_start
               __libc_start_main_impl (inlined)
               __libc_start_call_main
               main
               sq_call
               SQVM::Execute
               sqjit_try_execute_current
               SQVM::Return
               SQVM::LeaveFrame

     2.01%     0.66%  sqgi     sqgi                     [.] SQVM::CMP_OP


#
# (Cannot load tips.txt file, please install perf!)
#
