BENCH	transfer_table	200000	0.460330000	141925
BENCH	transfer_class	200000	0.467810000	141925
BENCH	transfer_mixed	200000	0.471550000	141925
BENCH	publish_table	200000	0.389705000	410680
BENCH	publish_class	200000	0.398350000	410680
BENCH	publish_mixed	200000	0.401660000	410680
BENCH	transfer_table	200000	0.454145000	141925
BENCH	transfer_class	200000	0.463440000	141925
BENCH	transfer_mixed	200000	0.466110000	141925
BENCH	publish_table	200000	0.392530000	410680
BENCH	publish_class	200000	0.401415000	410680
BENCH	publish_mixed	200000	0.405320000	410680
BENCH	transfer_table	200000	0.454635000	141925
BENCH	transfer_class	200000	0.463130000	141925
BENCH	transfer_mixed	200000	0.468355000	141925
BENCH	publish_table	200000	0.393645000	410680
BENCH	publish_class	200000	0.401375000	410680
BENCH	publish_mixed	200000	0.403630000	410680
3641.80;msec;task-clock:u;0.10%;3641802775;100.00;0.997;CPUs utilized
8273352120;;cycles:u;0.10%;3642118648;100.00;2.269;GHz
24085418354;;instructions:u;0.00%;3642118648;100.00;2.91;insn per cycle
1659570;;branch-misses:u;0.83%;3642118648;100.00;;
9880032010;;cache-references:u;0.00%;3642118648;100.00;2.709;G/sec
302735;;cache-misses:u;2.71%;3642118648;100.00;0.003;of all cache refs
794;;page-faults:u;0.04%;3641802775;100.00;217.729;/sec
0;;context-switches:u;0.00%;3641802775;100.00;0.000;/sec
