# To display the perf.data header info, please use --header/--header-only options.
#
#
# Total Lost Samples: 0
#
# Samples: 1K of event 'cycles:u'
# Event count (approx.): 8240911458
#
# Children      Self  Command  Shared Object                 Symbol                                         
# ........  ........  .......  ............................  ...............................................
#
    72.57%     0.00%  sqgi     sqgi                          [.] _start
            |
            ---_start
               __libc_start_main_impl (inlined)
               __libc_start_call_main
               main
               sq_call
               SQVM::Execute
               |          
               |--13.57%--sqjit_try_execute_current
               |          |          
               |           --5.52%--SQVM::Return
               |                     |          
               |                      --2.05%--SQVM::LeaveFrame
               |          
               |--4.81%--SQArray::Get (inlined)
               |          |          
               |           --4.15%--SQArray::Get (inlined)
               |          
               |--3.98%--sqjit_try_execute_current_loop
               |          
               |--3.92%--SQObjectPtr::operator= (inlined)
               |          
               |--3.65%--SQVM::StartCall
               |          
               |--2.65%--sqjit_try_execute_closure
               |          
                --2.31%--SQVM::CMP_OP

    72.57%     0.00%  sqgi     libc.so.6                     [.] __libc_start_main_impl (inlined)
            |
            ---__libc_start_main_impl (inlined)
               __libc_start_call_main
               main
               sq_call
               SQVM::Execute
               |          
               |--13.57%--sqjit_try_execute_current
               |          |          
               |           --5.52%--SQVM::Return
               |                     |          
               |                      --2.05%--SQVM::LeaveFrame
               |          
               |--4.81%--SQArray::Get (inlined)
               |          |          
               |           --4.15%--SQArray::Get (inlined)
               |          
               |--3.98%--sqjit_try_execute_current_loop
               |          
               |--3.92%--SQObjectPtr::operator= (inlined)
               |          
               |--3.65%--SQVM::StartCall
               |          
               |--2.65%--sqjit_try_execute_closure
               |          
                --2.31%--SQVM::CMP_OP

    72.57%     0.00%  sqgi     libc.so.6                     [.] __libc_start_call_main
            |
            ---__libc_start_call_main
               main
               sq_call
               SQVM::Execute
               |          
               |--13.57%--sqjit_try_execute_current
               |          |          
               |           --5.52%--SQVM::Return
               |                     |          
               |                      --2.05%--SQVM::LeaveFrame
               |          
               |--4.81%--SQArray::Get (inlined)
               |          |          
               |           --4.15%--SQArray::Get (inlined)
               |          
               |--3.98%--sqjit_try_execute_current_loop
               |          
               |--3.92%--SQObjectPtr::operator= (inlined)
               |          
               |--3.65%--SQVM::StartCall
               |          
               |--2.65%--sqjit_try_execute_closure
               |          
                --2.31%--SQVM::CMP_OP

    72.57%     0.00%  sqgi     sqgi                          [.] main
            |
            ---main
               sq_call
               SQVM::Execute
               |          
               |--13.57%--sqjit_try_execute_current
               |          |          
               |           --5.52%--SQVM::Return
               |                     |          
               |                      --2.05%--SQVM::LeaveFrame
               |          
               |--4.81%--SQArray::Get (inlined)
               |          |          
               |           --4.15%--SQArray::Get (inlined)
               |          
               |--3.98%--sqjit_try_execute_current_loop
               |          
               |--3.92%--SQObjectPtr::operator= (inlined)
               |          
               |--3.65%--SQVM::StartCall
               |          
               |--2.65%--sqjit_try_execute_closure
               |          
                --2.31%--SQVM::CMP_OP

    72.57%    43.12%  sqgi     sqgi                          [.] SQVM::Execute
            |          
            |--43.12%--_start
            |          __libc_start_main_impl (inlined)
            |          __libc_start_call_main
            |          main
            |          sq_call
            |          SQVM::Execute
            |          |          
            |          |--4.81%--SQArray::Get (inlined)
            |          |          |          
            |          |           --4.15%--SQArray::Get (inlined)
            |          |          
            |           --3.87%--SQObjectPtr::operator= (inlined)
            |          
             --29.45%--SQVM::Execute
                       |          
                       |--13.57%--sqjit_try_execute_current
                       |          |          
                       |           --5.52%--SQVM::Return
                       |                     |          
                       |                      --2.05%--SQVM::LeaveFrame
                       |          
                       |--3.98%--sqjit_try_execute_current_loop
                       |          
                       |--3.65%--SQVM::StartCall
                       |          
                       |--2.65%--sqjit_try_execute_closure
                       |          
                        --2.31%--SQVM::CMP_OP

    72.57%     0.00%  sqgi     sqgi                          [.] sq_call
            |
            ---sq_call
               SQVM::Execute
               |          
               |--13.57%--sqjit_try_execute_current
               |          |          
               |           --5.52%--SQVM::Return
               |                     |          
               |                      --2.05%--SQVM::LeaveFrame
               |          
               |--4.81%--SQArray::Get (inlined)
               |          |          
               |           --4.15%--SQArray::Get (inlined)
               |          
               |--3.98%--sqjit_try_execute_current_loop
               |          
               |--3.92%--SQObjectPtr::operator= (inlined)
               |          
               |--3.65%--SQVM::StartCall
               |          
               |--2.65%--sqjit_try_execute_closure
               |          
                --2.31%--SQVM::CMP_OP

    14.01%     5.90%  sqgi     sqgi                          [.] sqjit_try_execute_current
            |          
            |--8.12%--sqjit_try_execute_current
            |          |          
            |           --5.52%--SQVM::Return
            |                     |          
            |                      --2.05%--SQVM::LeaveFrame
            |          
             --5.90%--_start
                       __libc_start_main_impl (inlined)
                       __libc_start_call_main
                       main
                       sq_call
                       SQVM::Execute
                       sqjit_try_execute_current

    11.92%    10.26%  sqgi     sqgi                          [.] sqjit_a64_precise_step<(SQOpcode)13, true>
            |          
            |--2.27%--0xffffb6be320f
            |          0xffffb6be320f
            |          sqjit_a64_precise_step<(SQOpcode)13, true>
            |          
            |--2.16%--0xffffb6be312f
            |          0xffffb6be312f
            |          sqjit_a64_precise_step<(SQOpcode)13, true>
            |          
             --2.10%--0xffffb6be4457
                       0xffffb6be4457
                       sqjit_a64_precise_step<(SQOpcode)13, true>

     5.53%     0.00%  sqgi     sqgi                          [.] SQObjectPtr::operator= (inlined)
            |
            ---SQObjectPtr::operator= (inlined)

     5.52%     3.47%  sqgi     sqgi                          [.] SQVM::Return
            |          
            |--3.47%--_start
            |          __libc_start_main_impl (inlined)
            |          __libc_start_call_main
            |          main
            |          sq_call
            |          SQVM::Execute
            |          sqjit_try_execute_current
            |          SQVM::Return
            |          
             --2.05%--SQVM::Return
                       SQVM::LeaveFrame

     5.50%     0.00%  sqgi     [JIT] tid 576714              [.] 0x0000ffffb6be4457
            |
            ---0xffffb6be4457
               |          
                --2.71%--0xffffb6be4457
                          sqjit_a64_precise_step<(SQOpcode)13, true>

     5.42%     0.00%  sqgi     sqgi                          [.] sqjit_a64_precise_member<true> (inlined)
            |
            ---sqjit_a64_precise_member<true> (inlined)
               |          
                --4.20%--sq_member_raw_slot (inlined)
                          |          
                           --2.21%--SQTable::GetRawSlot (inlined)

     4.81%     0.00%  sqgi     sqgi                          [.] SQArray::Get (inlined)
            |
            ---SQArray::Get (inlined)
               |          
                --4.15%--SQArray::Get (inlined)

     4.20%     0.00%  sqgi     sqgi                          [.] sq_member_raw_slot (inlined)
            |
            ---sq_member_raw_slot (inlined)
               |          
                --2.21%--SQTable::GetRawSlot (inlined)

     3.98%     2.60%  sqgi     sqgi                          [.] sqjit_try_execute_current_loop
            |          
             --2.60%--_start
                       __libc_start_main_impl (inlined)
                       __libc_start_call_main
                       main
                       sq_call
                       SQVM::Execute
                       sqjit_try_execute_current_loop

     3.82%     0.00%  sqgi     sqgi                          [.] SQTable::GetRawSlot (inlined)
            |
            ---SQTable::GetRawSlot (inlined)
               |          
                --2.38%--SQTable::_Get (inlined)

     3.65%     3.32%  sqgi     sqgi                          [.] SQVM::StartCall
            |          
             --3.32%--_start
                       __libc_start_main_impl (inlined)
                       __libc_start_call_main
                       main
                       sq_call
                       SQVM::Execute
                       SQVM::StartCall

     3.26%     0.00%  sqgi     [JIT] tid 576714              [.] 0x0000ffffb6be32ef
            |
            ---0xffffb6be32ef

     3.15%     0.00%  sqgi     [JIT] tid 576714              [.] 0x0000ffffb6be320f
            |
            ---0xffffb6be320f
               |          
                --2.65%--0xffffb6be320f
                          sqjit_a64_precise_step<(SQOpcode)13, true>

     3.04%     3.04%  sqgi     sqgi                          [.] sqjit_a64_precise_step<(SQOpcode)9, true>
            |
            ---0xffffb6be413f
               0xffffb6be413f
               sqjit_a64_precise_step<(SQOpcode)9, true>

     3.04%     0.00%  sqgi     [JIT] tid 576714              [.] 0x0000ffffb6be413f
            |
            ---0xffffb6be413f
               0xffffb6be413f
               sqjit_a64_precise_step<(SQOpcode)9, true>

     2.99%     0.00%  sqgi     [JIT] tid 576714              [.] 0x0000ffffb6be312f
            |
            ---0xffffb6be312f
               |          
                --2.49%--0xffffb6be312f
                          sqjit_a64_precise_step<(SQOpcode)13, true>

     2.65%     2.21%  sqgi     sqgi                          [.] sqjit_try_execute_closure
            |          
             --2.21%--_start
                       __libc_start_main_impl (inlined)
                       __libc_start_call_main
                       main
                       sq_call
                       SQVM::Execute
                       sqjit_try_execute_closure

     2.38%     0.00%  sqgi     sqgi                          [.] SQTable::_Get (inlined)
            |
            ---SQTable::_Get (inlined)

     2.31%     0.71%  sqgi     sqgi                          [.] SQVM::CMP_OP
     2.21%     0.00%  sqgi     [JIT] tid 576714              [.] 0x0000ffffb6be4263
            |
            ---0xffffb6be4263
               |          
                --2.15%--0xffffb6be4263
                          sqjit_a64_precise_step<(SQOpcode)14, true>

     2.15%     2.15%  sqgi     sqgi                          [.] sqjit_a64_precise_step<(SQOpcode)14, true>
            |
            ---0xffffb6be4263
               0xffffb6be4263
               sqjit_a64_precise_step<(SQOpcode)14, true>

     2.05%     2.05%  sqgi     sqgi                          [.] SQVM::LeaveFrame
            |
            ---_start
               __libc_start_main_impl (inlined)
               __libc_start_call_main
               main
               sq_call
               SQVM::Execute
               sqjit_try_execute_current
               SQVM::Return
               SQVM::LeaveFrame



#
# (Cannot load tips.txt file, please install perf!)
#
