# To display the perf.data header info, please use --header/--header-only options.
#
#
# Total Lost Samples: 0
#
# Samples: 1K of event 'cycles:u'
# Event count (approx.): 6471007029
#
# Children      Self  Command  Shared Object                 Symbol                                         
# ........  ........  .......  ............................  ...............................................
#
    23.22%     0.00%  sqgi     [JIT] tid 576653              [.] 0x0000ffff83c35f33
            |
            ---0xffff83c35f33
               |          
                --7.02%--0xffff83c35f33
                          sqjit_a64_precise_step<(SQOpcode)13, true>

    21.25%     0.00%  sqgi     [JIT] tid 576653              [.] 0x0000ffff83c351a3
            |
            ---0xffff83c351a3
               |          
                --11.53%--0xffff83c351a3
                          sqjit_a64_precise_step<(SQOpcode)29, false>
                          |          
                           --4.63%--SQVM::CMP_OP
                                     |          
                                      --3.22%--SQVM::ObjCmp

    18.27%    17.07%  sqgi     sqgi                          [.] sqjit_a64_precise_step<(SQOpcode)13, true>
            |          
            |--7.02%--0xffff83c35f33
            |          0xffff83c35f33
            |          sqjit_a64_precise_step<(SQOpcode)13, true>
            |          
            |--5.64%--0xffff83c3557b
            |          0xffff83c3557b
            |          sqjit_a64_precise_step<(SQOpcode)13, true>
            |          
             --4.41%--0xffff83c35c3b
                       0xffff83c35c3b
                       sqjit_a64_precise_step<(SQOpcode)13, true>

    18.07%     0.00%  sqgi     [JIT] tid 576653              [.] 0x0000ffff83c3557b
            |
            ---0xffff83c3557b
               |          
                --6.83%--0xffff83c3557b
                          sqjit_a64_precise_step<(SQOpcode)13, true>

    13.28%     0.00%  sqgi     [JIT] tid 576653              [.] 0x0000ffff83c35c6f
            |
            ---0xffff83c35c6f
               |          
                --9.55%--0xffff83c35c6f
                          |          
                           --8.31%--sqjit_a64_precise_step<(SQOpcode)4, false>

    11.53%     6.13%  sqgi     sqgi                          [.] sqjit_a64_precise_step<(SQOpcode)29, false>
            |          
            |--6.13%--0xffff83c351a3
            |          0xffff83c351a3
            |          sqjit_a64_precise_step<(SQOpcode)29, false>
            |          
             --5.40%--sqjit_a64_precise_step<(SQOpcode)29, false>
                       |          
                        --4.63%--SQVM::CMP_OP
                                  |          
                                   --3.22%--SQVM::ObjCmp

    10.92%     0.00%  sqgi     [JIT] tid 576653              [.] 0x0000ffff83c368cb
            |
            ---0xffff83c368cb
               |          
                --10.14%--0xffff83c368cb
                          |          
                          |--7.75%--sqjit_a64_precise_step<(SQOpcode)39, false>
                          |          
                           --2.40%--sqjit_a64_precise_step<(SQOpcode)39> (inlined)
                                     |          
                                      --2.04%--sqjit_a64_precise_step<(SQOpcode)39, false>
                                                SQJitWriteLog::CanReleaseInContext

    10.14%     8.10%  sqgi     sqgi                          [.] sqjit_a64_precise_step<(SQOpcode)39, false>
            |          
            |--8.10%--0xffff83c368cb
            |          0xffff83c368cb
            |          |          
            |           --7.75%--sqjit_a64_precise_step<(SQOpcode)39, false>
            |          
             --2.04%--sqjit_a64_precise_step<(SQOpcode)39, false>
                       SQJitWriteLog::CanReleaseInContext

     9.55%     7.93%  sqgi     sqgi                          [.] sqjit_a64_precise_step<(SQOpcode)4, false>
            |          
             --7.93%--0xffff83c35c6f
                       0xffff83c35c6f
                       |          
                        --6.69%--sqjit_a64_precise_step<(SQOpcode)4, false>

     7.80%     0.00%  sqgi     [JIT] tid 576653              [.] 0x0000ffff83c35b5b
            |
            ---0xffff83c35b5b
               |          
                --5.69%--0xffff83c35b5b
                          |          
                          |--3.22%--sqjit_a64_precise_step<(SQOpcode)13> (inlined)
                          |          
                           --2.47%--sqjit_a64_precise_step<(SQOpcode)13, false>

     5.69%     5.69%  sqgi     sqgi                          [.] sqjit_a64_precise_step<(SQOpcode)13, false>
            |
            ---0xffff83c35b5b
               0xffff83c35b5b
               |          
               |--3.22%--sqjit_a64_precise_step<(SQOpcode)13> (inlined)
               |          
                --2.47%--sqjit_a64_precise_step<(SQOpcode)13, false>

     5.05%     0.00%  sqgi     [JIT] tid 576653              [.] 0x0000ffff83c35c3b
            |
            ---0xffff83c35c3b
               |          
                --4.41%--0xffff83c35c3b
                          sqjit_a64_precise_step<(SQOpcode)13, true>

     4.86%     4.86%  sqgi     sqgi                          [.] SQJitWriteLog::CanReleaseInContext
            |          
             --2.04%--0xffff83c368cb
                       0xffff83c368cb
                       sqjit_a64_precise_step<(SQOpcode)39> (inlined)
                       sqjit_a64_precise_step<(SQOpcode)39, false>
                       SQJitWriteLog::CanReleaseInContext

     4.63%     1.41%  sqgi     sqgi                          [.] SQVM::CMP_OP
            |          
             --3.22%--SQVM::CMP_OP
                       SQVM::ObjCmp

     3.22%     0.00%  sqgi     sqgi                          [.] sqjit_a64_precise_step<(SQOpcode)13> (inlined)
            |
            ---sqjit_a64_precise_step<(SQOpcode)13> (inlined)

     3.22%     3.22%  sqgi     sqgi                          [.] SQVM::ObjCmp
            |
            ---0xffff83c351a3
               0xffff83c351a3
               sqjit_a64_precise_step<(SQOpcode)29, false>
               SQVM::CMP_OP
               SQVM::ObjCmp

     2.79%     0.00%  sqgi     sqgi                          [.] SQObjectPtr::operator= (inlined)
            |
            ---SQObjectPtr::operator= (inlined)

     2.40%     0.00%  sqgi     sqgi                          [.] sqjit_a64_precise_step<(SQOpcode)39> (inlined)
            |
            ---sqjit_a64_precise_step<(SQOpcode)39> (inlined)
               |          
                --2.04%--sqjit_a64_precise_step<(SQOpcode)39, false>
                          SQJitWriteLog::CanReleaseInContext

     2.29%     0.00%  sqgi     sqgi                          [.] SQObjectPtr::operator= (inlined)
            |
            ---SQObjectPtr::operator= (inlined)

     2.25%     0.00%  sqgi     sqgi                          [.] sqjit_a64_precise_member<true> (inlined)
            |
            ---sqjit_a64_precise_member<true> (inlined)

     2.18%     0.00%  sqgi     sqgi                          [.] sqjit_a64_precise_member<false> (inlined)
            |
            ---sqjit_a64_precise_member<false> (inlined)



#
# (Cannot load tips.txt file, please install perf!)
#
