BENCH	table_owners_1	200000	0.202185000	5098276961
BENCH	table_owners_2	200000	0.201785000	5098477602
BENCH	table_owners_5	200000	0.202340000	5097878556
BENCH	table_owners_19	200000	0.202400000	5098684496
BENCH	table_owners_257	200000	0.202755000	5100408060
BENCH	class_owners_1	200000	0.202300000	5098276961
BENCH	class_owners_2	200000	0.202075000	5098477602
BENCH	class_owners_5	200000	0.202750000	5097878556
BENCH	class_owners_19	200000	0.202860000	5098684496
BENCH	class_owners_257	200000	0.203425000	5100408060
BENCH	table_owners_1	200000	0.201645000	5098276961
BENCH	table_owners_2	200000	0.201670000	5098477602
BENCH	table_owners_5	200000	0.201395000	5097878556
BENCH	table_owners_19	200000	0.201705000	5098684496
BENCH	table_owners_257	200000	0.201855000	5100408060
BENCH	class_owners_1	200000	0.201610000	5098276961
BENCH	class_owners_2	200000	0.201395000	5098477602
BENCH	class_owners_5	200000	0.201510000	5097878556
BENCH	class_owners_19	200000	0.201460000	5098684496
BENCH	class_owners_257	200000	0.201870000	5100408060
BENCH	table_owners_1	200000	0.203115000	5098276961
BENCH	table_owners_2	200000	0.202820000	5098477602
BENCH	table_owners_5	200000	0.202765000	5097878556
BENCH	table_owners_19	200000	0.203340000	5098684496
BENCH	table_owners_257	200000	0.202795000	5100408060
BENCH	class_owners_1	200000	0.202570000	5098276961
BENCH	class_owners_2	200000	0.202365000	5098477602
BENCH	class_owners_5	200000	0.202445000	5097878556
BENCH	class_owners_19	200000	0.202355000	5098684496
BENCH	class_owners_257	200000	0.202730000	5100408060
2860.75;msec;task-clock:u;0.18%;2860753573;100.00;0.999;CPUs utilized
6495828579;;cycles:u;0.18%;2861038237;100.00;2.273;GHz
19796217625;;instructions:u;0.00%;2861038237;100.00;3.06;insn per cycle
141930;;branch-misses:u;3.54%;2861038237;100.00;;
7627680375;;cache-references:u;0.04%;2861038237;100.00;2.670;G/sec
355540;;cache-misses:u;7.42%;2861038237;100.00;0.005;of all cache refs
786;;page-faults:u;0.11%;2860753573;100.00;275.090;/sec
0;;context-switches:u;0.00%;2860753573;100.00;0.000;/sec
