BENCH	receiver_integer	200000	0.053940000	595177
BENCH	root_integer	200000	0.062730000	595177
BENCH	root_reference	200000	0.088630000	799457
BENCH	root_integer_result	200000	0.064490000	795177
BENCH	receiver_integer	200000	0.053825000	595177
BENCH	root_integer	200000	0.062975000	595177
BENCH	root_reference	200000	0.086640000	799457
BENCH	root_integer_result	200000	0.064620000	795177
BENCH	receiver_integer	200000	0.053860000	595177
BENCH	root_integer	200000	0.062910000	595177
BENCH	root_reference	200000	0.083610000	799457
BENCH	root_integer_result	200000	0.064720000	795177
394.04;msec;task-clock:u;0.53%;394039328;100.00;0.976;CPUs utilized
869243692;;cycles:u;0.37%;394084832;100.00;2.183;GHz
2902531310;;instructions:u;0.13%;394084832;100.00;3.32;insn per cycle
137410;;branch-misses:u;59.20%;394084832;100.00;;
998230997;;cache-references:u;0.37%;394084832;100.00;2.507;G/sec
199091;;cache-misses:u;0.68%;394084832;100.00;0.020;of all cache refs
784;;page-faults:u;0.11%;394039328;100.00;1.969;K/sec
0;;context-switches:u;0.00%;394039328;100.00;0.000;/sec
