# To display the perf.data header info, please use --header/--header-only options.
#
#
# Total Lost Samples: 0
#
# Samples: 224  of event 'cycles:u'
# Event count (approx.): 861538089
#
# Children      Self  Command  Shared Object          Symbol                                                                                                                                                         
# ........  ........  .......  .....................  ...............................................................................................................................................................
#
    24.32%    11.10%  sqgi     sqgi                   [.] sqjit_a64_helper_member_set_integer_logged
            |          
            |--13.23%--sqjit_a64_helper_member_set_integer_logged
            |          |          
            |          |--7.93%--sqjit_a64_store_resolved_member (inlined)
            |          |          |          
            |          |           --7.40%--SQJitWriteLog::RecordMember
            |          |                     |          
            |          |                      --4.76%--SQJitWriteLog::CanRelease
            |          |          
            |           --5.29%--sqjit_a64_member_store_slot (inlined)
            |                     sqjit_a64_member_store_slot (inlined)
            |                     sqjit_a64_helper_member_set_integer_logged
            |                     sqjit_a64_resolve_root_store_slot
            |                     |          
            |                      --3.18%--SQTable::GetRawSlot (inlined)
            |          
            |--7.40%--0xffffbcfb71f3
            |          0xffffbcfb71f3
            |          sqjit_a64_helper_member_set_integer_logged
            |          |          
            |           --3.18%--sqjit_a64_member_store_slot (inlined)
            |                     sqjit_a64_member_store_slot (inlined)
            |                     sqjit_a64_resolve_store_slot (inlined)
            |                     sq_member_raw_slot (inlined)
            |                     |          
            |                      --2.65%--SQTable::GetRawSlot (inlined)
            |                                SQTable::_Get (inlined)
            |          
             --3.70%--0xffffbcfb51d7
                       0xffffbcfb51d7
                       sqjit_a64_helper_member_set_integer_logged
                       |          
                        --2.64%--sqjit_a64_member_store_slot (inlined)
                                  sqjit_a64_member_store_slot (inlined)
                                  |          
                                   --2.12%--sqjit_a64_resolve_store_slot (inlined)
                                             sq_member_raw_slot (inlined)
                                             SQTable::GetRawSlot (inlined)

    22.20%     0.00%  sqgi     [JIT] tid 576529       [.] 0x0000ffffbcfb6207
            |
            ---0xffffbcfb6207
               |          
                --16.91%--0xffffbcfb6207
                          sqjit_a64_helper_member_set_reference_logged
                          |          
                          |--8.46%--sqjit_a64_helper_member_set_reference_logged
                          |          SQJitWriteLog::RecordMember
                          |          |          
                          |          |--5.82%--SQJitWriteLog::ContainsMember<true> (inlined)
                          |          |          
                          |           --2.11%--SQJitWriteLog::CanRelease
                          |          
                           --5.29%--sqjit_a64_member_store_slot (inlined)
                                     sqjit_a64_member_store_slot (inlined)
                                     |          
                                      --3.70%--sqjit_a64_resolve_store_slot (inlined)
                                                |          
                                                 --3.17%--sq_member_raw_slot (inlined)
                                                           SQTable::GetRawSlot (inlined)
                                                           |          
                                                            --2.65%--SQTable::_Get (inlined)

    21.43%    12.19%  sqgi     sqgi                   [.] SQJitWriteLog::RecordMember
            |          
            |--9.24%--SQJitWriteLog::RecordMember
            |          |          
            |           --8.71%--SQJitWriteLog::CanRelease
            |          
            |--5.82%--0xffffbcfb6207
            |          0xffffbcfb6207
            |          sqjit_a64_helper_member_set_reference_logged
            |          sqjit_a64_helper_member_set_reference_logged
            |          SQJitWriteLog::RecordMember
            |          |          
            |           --5.29%--SQJitWriteLog::ContainsMember<true> (inlined)
            |          
            |--3.72%--0xffffbcfb821f
            |          0xffffbcfb821f
            |          sqjit_a64_helper_instance_field_set_integer_logged
            |          sqjit_a64_helper_instance_field_set_integer_logged
            |          SQJitWriteLog::RecordMember
            |          
             --2.12%--0xffffbcfb51d7
                       0xffffbcfb51d7
                       sqjit_a64_helper_member_set_integer_logged
                       sqjit_a64_store_resolved_member (inlined)
                       SQJitWriteLog::RecordMember

    20.20%     6.87%  sqgi     sqgi                   [.] sqjit_a64_helper_member_closure_guard
            |          
            |--13.32%--sqjit_a64_helper_member_closure_guard
            |          sqjit_a64_helper_member_closure_guard
            |          sqjit_a64_borrow_member_ptr_value
            |          |          
            |           --9.47%--SQTable::GetRawSlot (inlined)
            |                     |          
            |                     |--4.76%--SQTable::_Get (inlined)
            |                     |          
            |                      --3.65%--HashObj (inlined)
            |          
            |--2.64%--0xffffbcfb614b
            |          0xffffbcfb614b
            |          sqjit_a64_helper_member_closure_guard
            |          
             --2.12%--0xffffbcfb7167
                       0xffffbcfb7167
                       sqjit_a64_helper_member_closure_guard

    16.91%     6.87%  sqgi     sqgi                   [.] sqjit_a64_helper_member_set_reference_logged
            |          
            |--10.05%--sqjit_a64_helper_member_set_reference_logged
            |          |          
            |           --8.46%--sqjit_a64_helper_member_set_reference_logged
            |                     SQJitWriteLog::RecordMember
            |                     |          
            |                     |--5.82%--SQJitWriteLog::ContainsMember<true> (inlined)
            |                     |          
            |                      --2.11%--SQJitWriteLog::CanRelease
            |          
             --6.87%--0xffffbcfb6207
                       0xffffbcfb6207
                       sqjit_a64_helper_member_set_reference_logged
                       |          
                        --3.70%--sqjit_a64_member_store_slot (inlined)
                                  sqjit_a64_member_store_slot (inlined)
                                  sqjit_a64_resolve_store_slot (inlined)
                                  |          
                                   --3.17%--sq_member_raw_slot (inlined)
                                             SQTable::GetRawSlot (inlined)
                                             |          
                                              --2.65%--SQTable::_Get (inlined)

    15.33%     0.00%  sqgi     [JIT] tid 576529       [.] 0x0000ffffbcfb71f3
            |
            ---0xffffbcfb71f3
               |          
                --13.21%--0xffffbcfb71f3
                          sqjit_a64_helper_member_set_integer_logged
                          |          
                          |--5.29%--sqjit_a64_store_resolved_member (inlined)
                          |          |          
                          |           --3.70%--SQJitWriteLog::RecordMember
                          |                     |          
                          |                      --3.17%--SQJitWriteLog::CanRelease
                          |          
                           --4.76%--sqjit_a64_member_store_slot (inlined)
                                     sqjit_a64_member_store_slot (inlined)
                                     |          
                                      --3.18%--sqjit_a64_resolve_store_slot (inlined)
                                                sq_member_raw_slot (inlined)
                                                |          
                                                 --2.65%--SQTable::GetRawSlot (inlined)
                                                           SQTable::_Get (inlined)

    13.75%     0.00%  sqgi     [JIT] tid 576529       [.] 0x0000ffffbcfb51d7
            |
            ---0xffffbcfb51d7
               |          
                --11.11%--0xffffbcfb51d7
                          sqjit_a64_helper_member_set_integer_logged
                          |          
                          |--6.35%--sqjit_a64_member_store_slot (inlined)
                          |          sqjit_a64_member_store_slot (inlined)
                          |          |          
                          |          |--3.71%--sqjit_a64_helper_member_set_integer_logged
                          |          |          sqjit_a64_resolve_root_store_slot
                          |          |          |          
                          |          |           --2.12%--SQTable::GetRawSlot (inlined)
                          |          |          
                          |           --2.12%--sqjit_a64_resolve_store_slot (inlined)
                          |                     sq_member_raw_slot (inlined)
                          |                     SQTable::GetRawSlot (inlined)
                          |          
                           --3.70%--sqjit_a64_store_resolved_member (inlined)
                                     SQJitWriteLog::RecordMember

    13.32%    13.32%  sqgi     sqgi                   [.] sqjit_a64_borrow_member_ptr_value
            |          
            |--5.28%--0xffffbcfb514b
            |          0xffffbcfb514b
            |          sqjit_a64_helper_member_closure_guard
            |          sqjit_a64_helper_member_closure_guard
            |          sqjit_a64_borrow_member_ptr_value
            |          |          
            |           --4.23%--SQTable::GetRawSlot (inlined)
            |          
            |--3.28%--0xffffbcfb8167
            |          0xffffbcfb8167
            |          sqjit_a64_helper_member_closure_guard
            |          sqjit_a64_helper_member_closure_guard
            |          sqjit_a64_borrow_member_ptr_value
            |          |          
            |           --2.06%--SQTable::GetRawSlot (inlined)
            |          
             --3.17%--0xffffbcfb614b
                       0xffffbcfb614b
                       sqjit_a64_helper_member_closure_guard
                       sqjit_a64_helper_member_closure_guard
                       sqjit_a64_borrow_member_ptr_value
                       |          
                        --2.11%--SQTable::GetRawSlot (inlined)

    11.46%     0.00%  sqgi     [JIT] tid 576529       [.] 0x0000ffffbcfb821f
            |
            ---0xffffbcfb821f
               |          
                --9.88%--0xffffbcfb821f
                          sqjit_a64_helper_instance_field_set_integer_logged
                          |          
                           --5.56%--sqjit_a64_helper_instance_field_set_integer_logged
                                     SQJitWriteLog::RecordMember

    11.11%     0.00%  sqgi     sqgi                   [.] sqjit_a64_member_store_slot (inlined)
            |
            ---sqjit_a64_member_store_slot (inlined)
               sqjit_a64_member_store_slot (inlined)
               |          
               |--5.29%--sqjit_a64_helper_member_set_integer_logged
               |          sqjit_a64_resolve_root_store_slot
               |          |          
               |           --3.18%--SQTable::GetRawSlot (inlined)
               |          
                --5.29%--sqjit_a64_resolve_store_slot (inlined)
                          sq_member_raw_slot (inlined)
                          |          
                           --4.76%--SQTable::GetRawSlot (inlined)
                                     |          
                                      --4.23%--SQTable::_Get (inlined)

    10.57%     0.00%  sqgi     [JIT] tid 576529       [.] 0x0000ffffbcfb514b
            |
            ---0xffffbcfb514b
               |          
               |--6.34%--0xffffbcfb514b
               |          sqjit_a64_helper_member_closure_guard
               |          |          
               |           --5.28%--sqjit_a64_helper_member_closure_guard
               |                     sqjit_a64_borrow_member_ptr_value
               |                     |          
               |                      --4.23%--SQTable::GetRawSlot (inlined)
               |          
                --3.70%--0xffffbcfb51bc

     9.88%     3.91%  sqgi     sqgi                   [.] sqjit_a64_helper_instance_field_set_integer_logged
            |          
            |--5.97%--sqjit_a64_helper_instance_field_set_integer_logged
            |          |          
            |           --5.56%--sqjit_a64_helper_instance_field_set_integer_logged
            |                     SQJitWriteLog::RecordMember
            |          
             --3.91%--0xffffbcfb821f
                       0xffffbcfb821f
                       sqjit_a64_helper_instance_field_set_integer_logged

     9.47%     0.00%  sqgi     sqgi                   [.] SQTable::GetRawSlot (inlined)
            |
            ---SQTable::GetRawSlot (inlined)
               |          
               |--4.76%--SQTable::_Get (inlined)
               |          
                --3.65%--HashObj (inlined)

     8.99%     0.00%  sqgi     sqgi                   [.] sqjit_a64_store_resolved_member (inlined)
            |
            ---sqjit_a64_store_resolved_member (inlined)
               |          
                --7.40%--SQJitWriteLog::RecordMember
                          |          
                           --4.76%--SQJitWriteLog::CanRelease

     8.99%     0.00%  sqgi     [JIT] tid 576529       [.] 0x0000ffffbcfb614b
            |
            ---0xffffbcfb614b
               |          
                --5.82%--0xffffbcfb614b
                          sqjit_a64_helper_member_closure_guard
                          |          
                           --3.17%--sqjit_a64_helper_member_closure_guard
                                     sqjit_a64_borrow_member_ptr_value
                                     |          
                                      --2.11%--SQTable::GetRawSlot (inlined)

     8.71%     8.71%  sqgi     sqgi                   [.] SQJitWriteLog::CanRelease
            |          
            |--3.17%--0xffffbcfb71f3
            |          0xffffbcfb71f3
            |          sqjit_a64_helper_member_set_integer_logged
            |          sqjit_a64_store_resolved_member (inlined)
            |          SQJitWriteLog::RecordMember
            |          SQJitWriteLog::CanRelease
            |          
             --2.11%--0xffffbcfb6207
                       0xffffbcfb6207
                       sqjit_a64_helper_member_set_reference_logged
                       sqjit_a64_helper_member_set_reference_logged
                       SQJitWriteLog::RecordMember
                       SQJitWriteLog::CanRelease

     8.40%     0.00%  sqgi     [JIT] tid 576529       [.] 0x0000ffffbcfb8167
            |
            ---0xffffbcfb8167
               |          
                --4.34%--0xffffbcfb8167
                          sqjit_a64_helper_member_closure_guard
                          |          
                           --3.28%--sqjit_a64_helper_member_closure_guard
                                     sqjit_a64_borrow_member_ptr_value
                                     |          
                                      --2.06%--SQTable::GetRawSlot (inlined)

     7.94%     0.00%  sqgi     [JIT] tid 576529       [.] 0x0000ffffbcfb7167
            |
            ---0xffffbcfb7167
               |          
               |--3.71%--0xffffbcfb7167
               |          sqjit_a64_helper_member_closure_guard
               |          
                --3.70%--0xffffbcfb71d8

     6.88%     6.88%  sqgi     sqgi                   [.] sqjit_a64_resolve_root_store_slot
            |          
             --3.71%--0xffffbcfb51d7
                       0xffffbcfb51d7
                       sqjit_a64_helper_member_set_integer_logged
                       sqjit_a64_member_store_slot (inlined)
                       sqjit_a64_member_store_slot (inlined)
                       sqjit_a64_helper_member_set_integer_logged
                       sqjit_a64_resolve_root_store_slot
                       |          
                        --2.12%--SQTable::GetRawSlot (inlined)

     5.82%     0.00%  sqgi     sqgi                   [.] SQJitWriteLog::ContainsMember<true> (inlined)
            |
            ---SQJitWriteLog::ContainsMember<true> (inlined)

     5.29%     0.00%  sqgi     sqgi                   [.] sqjit_a64_resolve_store_slot (inlined)
            |
            ---sqjit_a64_resolve_store_slot (inlined)
               sq_member_raw_slot (inlined)
               |          
                --4.76%--SQTable::GetRawSlot (inlined)
                          |          
                           --4.23%--SQTable::_Get (inlined)

     5.29%     0.00%  sqgi     sqgi                   [.] sq_member_raw_slot (inlined)
            |
            ---sq_member_raw_slot (inlined)
               |          
                --4.76%--SQTable::GetRawSlot (inlined)
                          |          
                           --4.23%--SQTable::_Get (inlined)

     5.29%     0.00%  sqgi     sqgi                   [.] SQTable::GetRawSlot (inlined)
            |
            ---SQTable::GetRawSlot (inlined)
               |          
                --4.23%--SQTable::_Get (inlined)

     5.29%     0.00%  sqgi     sqgi                   [.] sqjit_a64_member_store_slot (inlined)
            |
            ---sqjit_a64_member_store_slot (inlined)
               sqjit_a64_member_store_slot (inlined)
               |          
                --3.70%--sqjit_a64_resolve_store_slot (inlined)
                          |          
                           --3.17%--sq_member_raw_slot (inlined)
                                     SQTable::GetRawSlot (inlined)
                                     |          
                                      --2.65%--SQTable::_Get (inlined)

     4.76%     0.00%  sqgi     sqgi                   [.] SQTable::GetRawSlot (inlined)
            |
            ---SQTable::GetRawSlot (inlined)
               |          
                --3.17%--SQTable::_Get (inlined)

     4.76%     0.00%  sqgi     sqgi                   [.] SQTable::_Get (inlined)
            |
            ---SQTable::_Get (inlined)

     4.23%     0.00%  sqgi     sqgi                   [.] SQTable::_Get (inlined)
            |
            ---SQTable::_Get (inlined)

     3.70%     3.70%  sqgi     [JIT] tid 576529       [.] 0x0000ffffbcfb51bc
            |
            ---0xffffbcfb514b
               0xffffbcfb51bc

     3.70%     3.70%  sqgi     [JIT] tid 576529       [.] 0x0000ffffbcfb71d8
            |
            ---0xffffbcfb7167
               0xffffbcfb71d8

     3.70%     0.00%  sqgi     sqgi                   [.] sqjit_a64_resolve_store_slot (inlined)
            |
            ---sqjit_a64_resolve_store_slot (inlined)
               |          
                --3.17%--sq_member_raw_slot (inlined)
                          SQTable::GetRawSlot (inlined)
                          |          
                           --2.65%--SQTable::_Get (inlined)

     3.65%     0.00%  sqgi     sqgi                   [.] HashObj (inlined)
            |
            ---HashObj (inlined)

     3.48%     0.00%  sqgi     sqgi                   [.] SQJitWriteLog::ContainsMember<false> (inlined)
            |
            ---SQJitWriteLog::ContainsMember<false> (inlined)

     3.17%     0.00%  sqgi     sqgi                   [.] SQTable::_Get (inlined)
            |
            ---SQTable::_Get (inlined)

     3.17%     0.00%  sqgi     sqgi                   [.] sq_member_raw_slot (inlined)
            |
            ---sq_member_raw_slot (inlined)
               SQTable::GetRawSlot (inlined)
               |          
                --2.65%--SQTable::_Get (inlined)

     3.17%     0.00%  sqgi     sqgi                   [.] SQTable::GetRawSlot (inlined)
            |
            ---SQTable::GetRawSlot (inlined)
               |          
                --2.65%--SQTable::_Get (inlined)

     2.65%     0.00%  sqgi     sqgi                   [.] SQTable::_Get (inlined)
            |
            ---SQTable::_Get (inlined)



#
# (Cannot load tips.txt file, please install perf!)
#
