Round 1/5: sqgi; all 8 checksums match
Round 1/5: sqgi_baseline; all 8 checksums match
Round 1/5: node; all 8 checksums match
Round 1/5: gjs; all 8 checksums match
Round 1/5: python; all 8 checksums match
Round 2/5: sqgi_baseline; all 8 checksums match
Round 2/5: node; all 8 checksums match
Round 2/5: gjs; all 8 checksums match
Round 2/5: python; all 8 checksums match
Round 2/5: sqgi; all 8 checksums match
Round 3/5: node; all 8 checksums match
Round 3/5: gjs; all 8 checksums match
Round 3/5: python; all 8 checksums match
Round 3/5: sqgi; all 8 checksums match
Round 3/5: sqgi_baseline; all 8 checksums match
Round 4/5: gjs; all 8 checksums match
Round 4/5: python; all 8 checksums match
Round 4/5: sqgi; all 8 checksums match
Round 4/5: sqgi_baseline; all 8 checksums match
Round 4/5: node; all 8 checksums match
Round 5/5: python; all 8 checksums match
Round 5/5: sqgi; all 8 checksums match
Round 5/5: sqgi_baseline; all 8 checksums match
Round 5/5: node; all 8 checksums match
Round 5/5: gjs; all 8 checksums match
Microseconds per iteration; lower is faster
kernel	sqgi	sqgi_baseline	node	gjs	python
route_balanced	0.053552098	0.052129609	0.005980513	0.006354952	0.261298465
route_skewed	0.052447107	0.051382115	0.005763224	0.006659950	0.258961530
pricing_events	0.058029565	0.057459569	0.011103539	0.017339870	0.432036865
filter_stream	0.056344577	0.055074587	0.005021675	0.008469936	0.240264593
records_64	0.135973980	0.134608990	0.015446372	0.038499711	0.570998100
records_4096	0.228590786	0.229295780	0.019924101	0.043472174	0.643616590
word_count	0.267347995	0.266580501	0.074390352	0.123121577	0.367024152
graph_walk	0.012299908	0.012402407	0.004770117	0.006757449	0.128817231
