Round 1/5: sqgi; all 8 checksums match
Round 1/5: sqgi_baseline; all 8 checksums match
Round 1/5: node; all 8 checksums match
Round 1/5: gjs; all 8 checksums match
Round 1/5: python; all 8 checksums match
Round 2/5: sqgi_baseline; all 8 checksums match
Round 2/5: node; all 8 checksums match
Round 2/5: gjs; all 8 checksums match
Round 2/5: python; all 8 checksums match
Round 2/5: sqgi; all 8 checksums match
Round 3/5: node; all 8 checksums match
Round 3/5: gjs; all 8 checksums match
Round 3/5: python; all 8 checksums match
Round 3/5: sqgi; all 8 checksums match
Round 3/5: sqgi_baseline; all 8 checksums match
Round 4/5: gjs; all 8 checksums match
Round 4/5: python; all 8 checksums match
Round 4/5: sqgi; all 8 checksums match
Round 4/5: sqgi_baseline; all 8 checksums match
Round 4/5: node; all 8 checksums match
Round 5/5: python; all 8 checksums match
Round 5/5: sqgi; all 8 checksums match
Round 5/5: sqgi_baseline; all 8 checksums match
Round 5/5: node; all 8 checksums match
Round 5/5: gjs; all 8 checksums match
Microseconds per iteration; lower is faster
kernel	sqgi	sqgi_baseline	node	gjs	python
route_balanced	0.053725000	0.052245000	0.006041805	0.006425000	0.260029520
route_skewed	0.052360000	0.051395000	0.005798270	0.006675000	0.257686010
pricing_events	0.057820000	0.057830000	0.011113835	0.017370000	0.430435280
filter_stream	0.055860000	0.055280000	0.005039945	0.009710000	0.240171620
records_64	0.134395000	0.134525000	0.015666695	0.038550000	0.560770850
records_4096	0.238640000	0.238425000	0.020518515	0.043345000	0.631376710
word_count	0.267465000	0.266695000	0.074174360	0.123945000	0.360080240
graph_walk	0.012380000	0.012415000	0.004777445	0.007690000	0.128818940
