Round 1/5: audit; 7 checksums match
Round 1/5: v27; 7 checksums match
Round 1/5: v28; 7 checksums match
Round 1/5: v28_repeat; 7 checksums match
Round 1/5: node; 7 checksums match
Round 2/5: v27; 7 checksums match
Round 2/5: v28; 7 checksums match
Round 2/5: v28_repeat; 7 checksums match
Round 2/5: node; 7 checksums match
Round 2/5: audit; 7 checksums match
Round 3/5: v28; 7 checksums match
Round 3/5: v28_repeat; 7 checksums match
Round 3/5: node; 7 checksums match
Round 3/5: audit; 7 checksums match
Round 3/5: v27; 7 checksums match
Round 4/5: v28_repeat; 7 checksums match
Round 4/5: node; 7 checksums match
Round 4/5: audit; 7 checksums match
Round 4/5: v27; 7 checksums match
Round 4/5: v28; 7 checksums match
Round 5/5: node; 7 checksums match
Round 5/5: audit; 7 checksums match
Round 5/5: v27; 7 checksums match
Round 5/5: v28; 7 checksums match
Round 5/5: v28_repeat; 7 checksums match
filter: audit 23.29 ns, v27 13.48 ns, v28 13.48 ns, v28_repeat 13.56 ns, node 2.45 ns
channels_4: audit 78.13 ns, v27 35.03 ns, v28 35.03 ns, v28_repeat 35.02 ns, node 5.42 ns
pressure_8: audit 152.90 ns, v27 93.57 ns, v28 93.70 ns, v28_repeat 93.65 ns, node 10.32 ns
integration: audit 37.22 ns, v27 22.55 ns, v28 22.52 ns, v28_repeat 22.57 ns, node 7.94 ns
retained_input: audit 44.89 ns, v27 24.41 ns, v28 24.35 ns, v28_repeat 24.33 ns, node 4.25 ns
branching: audit 31.40 ns, v27 18.01 ns, v28 17.95 ns, v28_repeat 17.90 ns, node 6.46 ns
helper_control: audit 54.66 ns, v27 19.36 ns, v28 19.34 ns, v28_repeat 19.34 ns, node 3.62 ns
