Round 1/5: audit; 7 checksums match
Round 1/5: v27; 7 checksums match
Round 1/5: v28; 7 checksums match
Round 1/5: v28_repeat; 7 checksums match
Round 1/5: node; 7 checksums match
Round 2/5: v27; 7 checksums match
Round 2/5: v28; 7 checksums match
Round 2/5: v28_repeat; 7 checksums match
Round 2/5: node; 7 checksums match
Round 2/5: audit; 7 checksums match
Round 3/5: v28; 7 checksums match
Round 3/5: v28_repeat; 7 checksums match
Round 3/5: node; 7 checksums match
Round 3/5: audit; 7 checksums match
Round 3/5: v27; 7 checksums match
Round 4/5: v28_repeat; 7 checksums match
Round 4/5: node; 7 checksums match
Round 4/5: audit; 7 checksums match
Round 4/5: v27; 7 checksums match
Round 4/5: v28; 7 checksums match
Round 5/5: node; 7 checksums match
Round 5/5: audit; 7 checksums match
Round 5/5: v27; 7 checksums match
Round 5/5: v28; 7 checksums match
Round 5/5: v28_repeat; 7 checksums match
filter: audit 23.46 ns, v27 13.79 ns, v28 13.43 ns, v28_repeat 13.45 ns, node 2.47 ns
channels_4: audit 78.20 ns, v27 35.09 ns, v28 35.07 ns, v28_repeat 35.06 ns, node 5.50 ns
pressure_8: audit 153.12 ns, v27 93.89 ns, v28 93.83 ns, v28_repeat 93.84 ns, node 10.34 ns
integration: audit 37.23 ns, v27 22.59 ns, v28 22.58 ns, v28_repeat 22.56 ns, node 7.53 ns
retained_input: audit 44.33 ns, v27 24.39 ns, v28 24.50 ns, v28_repeat 24.41 ns, node 4.26 ns
branching: audit 31.47 ns, v27 17.96 ns, v28 18.02 ns, v28_repeat 18.00 ns, node 6.45 ns
helper_control: audit 54.71 ns, v27 19.39 ns, v28 19.37 ns, v28_repeat 19.37 ns, node 3.62 ns
