Round 1/5: sqgi; all 15 checksums match
Round 1/5: sqgi_baseline; all 15 checksums match
Round 1/5: node; all 15 checksums match
Round 1/5: gjs; all 15 checksums match
Round 1/5: python; all 15 checksums match
Round 2/5: sqgi_baseline; all 15 checksums match
Round 2/5: node; all 15 checksums match
Round 2/5: gjs; all 15 checksums match
Round 2/5: python; all 15 checksums match
Round 2/5: sqgi; all 15 checksums match
Round 3/5: node; all 15 checksums match
Round 3/5: gjs; all 15 checksums match
Round 3/5: python; all 15 checksums match
Round 3/5: sqgi; all 15 checksums match
Round 3/5: sqgi_baseline; all 15 checksums match
Round 4/5: gjs; all 15 checksums match
Round 4/5: python; all 15 checksums match
Round 4/5: sqgi; all 15 checksums match
Round 4/5: sqgi_baseline; all 15 checksums match
Round 4/5: node; all 15 checksums match
Round 5/5: python; all 15 checksums match
Round 5/5: sqgi; all 15 checksums match
Round 5/5: sqgi_baseline; all 15 checksums match
Round 5/5: node; all 15 checksums match
Round 5/5: gjs; all 15 checksums match
Microseconds per iteration; lower is faster
kernel	sqgi	sqgi_baseline	node	gjs	python
direct_call	0.025670000	0.034218000	0.006767867	0.010680937	0.333908047
branch_call	0.021361000	0.032223000	0.004815453	0.007024375	0.235821657
float_call	0.012429000	0.020845000	0.002637822	0.009486875	0.133853162
numeric_loop	0.022830000	0.022792000	0.007437691	0.012725937	0.237277144
vector	0.365294000	0.375831000	0.552527262	0.509256250	5.129224363
dynamic_member	0.724981000	1.514144000	0.108918031	0.079000000	0.872671300
dynamic_key_get_set	0.182744000	0.182556000	0.062197206	0.027643750	0.412966162
object_member_write_fallback	0.472481000	0.473194000	0.012608975	0.046925000	0.679223931
array_append	0.127456000	0.126369000	0.038951637	0.017568750	0.219230575
array_write	0.037056000	0.036706000	0.004555419	0.006037500	0.185687481
array_read	0.007104000	0.007399000	0.002629892	0.003511562	0.083144475
array_float	0.006789000	0.007076000	0.002191941	0.003067188	0.073386239
math_intrinsic	0.111319000	0.201619000	0.041414381	0.009850000	0.555660588
math_variable	0.226244000	0.217988000	0.153826938	0.108112500	0.509140287
matrix	0.310688000	0.314050000	0.022684119	0.066050000	1.136690419
