Round 1/5: v27; 6 checksums match
Round 1/5: v28; 6 checksums match
Round 1/5: v28_repeat; 6 checksums match
Round 1/5: node; 6 checksums match
Round 2/5: v28; 6 checksums match
Round 2/5: v28_repeat; 6 checksums match
Round 2/5: node; 6 checksums match
Round 2/5: v27; 6 checksums match
Round 3/5: v28_repeat; 6 checksums match
Round 3/5: node; 6 checksums match
Round 3/5: v27; 6 checksums match
Round 3/5: v28; 6 checksums match
Round 4/5: node; 6 checksums match
Round 4/5: v27; 6 checksums match
Round 4/5: v28; 6 checksums match
Round 4/5: v28_repeat; 6 checksums match
Round 5/5: v27; 6 checksums match
Round 5/5: v28; 6 checksums match
Round 5/5: v28_repeat; 6 checksums match
Round 5/5: node; 6 checksums match
table_events_97: v27 414.50 ns, v28 414.57 ns, v28_repeat 413.67 ns, node 75.07 ns
class_events_97: v27 422.22 ns, v28 416.71 ns, v28_repeat 416.14 ns, node 74.04 ns
buffers_7: v27 370.83 ns, v28 347.53 ns, v28_repeat 347.87 ns, node 12.36 ns
buffers_31: v27 370.93 ns, v28 347.70 ns, v28_repeat 347.90 ns, node 12.32 ns
calibrate_17: v27 83.81 ns, v28 83.77 ns, v28_repeat 83.99 ns, node 8.68 ns
calibrate_67: v27 84.32 ns, v28 84.65 ns, v28_repeat 84.64 ns, node 8.29 ns
