Round 1/5: v27; 6 checksums match
Round 1/5: v28; 6 checksums match
Round 1/5: v28_repeat; 6 checksums match
Round 1/5: node; 6 checksums match
Round 2/5: v28; 6 checksums match
Round 2/5: v28_repeat; 6 checksums match
Round 2/5: node; 6 checksums match
Round 2/5: v27; 6 checksums match
Round 3/5: v28_repeat; 6 checksums match
Round 3/5: node; 6 checksums match
Round 3/5: v27; 6 checksums match
Round 3/5: v28; 6 checksums match
Round 4/5: node; 6 checksums match
Round 4/5: v27; 6 checksums match
Round 4/5: v28; 6 checksums match
Round 4/5: v28_repeat; 6 checksums match
Round 5/5: v27; 6 checksums match
Round 5/5: v28; 6 checksums match
Round 5/5: v28_repeat; 6 checksums match
Round 5/5: node; 6 checksums match
transfer_table: v27 403.09 ns, v28 402.36 ns, v28_repeat 402.61 ns, node 17.92 ns
transfer_class: v27 417.23 ns, v28 416.99 ns, v28_repeat 416.02 ns, node 18.10 ns
transfer_mixed: v27 420.10 ns, v28 419.00 ns, v28_repeat 418.96 ns, node 29.05 ns
publish_table: v27 359.19 ns, v28 358.63 ns, v28_repeat 359.08 ns, node 13.42 ns
publish_class: v27 368.59 ns, v28 368.26 ns, v28_repeat 368.85 ns, node 13.46 ns
publish_mixed: v27 370.17 ns, v28 369.46 ns, v28_repeat 369.32 ns, node 20.88 ns
