Round 1/5: v27; 10 checksums match
Round 1/5: v28; 10 checksums match
Round 1/5: v28_repeat; 10 checksums match
Round 1/5: node; 10 checksums match
Round 2/5: v28; 10 checksums match
Round 2/5: v28_repeat; 10 checksums match
Round 2/5: node; 10 checksums match
Round 2/5: v27; 10 checksums match
Round 3/5: v28_repeat; 10 checksums match
Round 3/5: node; 10 checksums match
Round 3/5: v27; 10 checksums match
Round 3/5: v28; 10 checksums match
Round 4/5: node; 10 checksums match
Round 4/5: v27; 10 checksums match
Round 4/5: v28; 10 checksums match
Round 4/5: v28_repeat; 10 checksums match
Round 5/5: v27; 10 checksums match
Round 5/5: v28; 10 checksums match
Round 5/5: v28_repeat; 10 checksums match
Round 5/5: node; 10 checksums match
table_owners_1: v27 122.00 ns, v28 122.61 ns, v28_repeat 122.55 ns, node 8.87 ns
table_owners_2: v27 122.38 ns, v28 122.97 ns, v28_repeat 123.08 ns, node 8.77 ns
table_owners_5: v27 122.44 ns, v28 122.97 ns, v28_repeat 123.25 ns, node 8.35 ns
table_owners_19: v27 122.52 ns, v28 122.94 ns, v28_repeat 123.28 ns, node 8.34 ns
table_owners_257: v27 122.59 ns, v28 122.99 ns, v28_repeat 123.27 ns, node 8.78 ns
class_owners_1: v27 122.61 ns, v28 122.63 ns, v28_repeat 122.90 ns, node 8.38 ns
class_owners_2: v27 122.66 ns, v28 123.05 ns, v28_repeat 123.07 ns, node 8.33 ns
class_owners_5: v27 122.61 ns, v28 123.30 ns, v28_repeat 122.95 ns, node 8.20 ns
class_owners_19: v27 122.70 ns, v28 123.31 ns, v28_repeat 122.95 ns, node 8.19 ns
class_owners_257: v27 122.96 ns, v28 123.65 ns, v28_repeat 123.30 ns, node 8.49 ns
