# To display the perf.data header info, please use --header/--header-only options.
#
#
# Total Lost Samples: 0
#
# Samples: 649  of event 'cycles:u'
# Event count (approx.): 2302775246
#
# Children      Self  Command  Shared Object          Symbol                                            
# ........  ........  .......  .....................  ..................................................
#
    56.57%     0.00%  sqgi     [JIT] tid 679717       [.] 0x0000ffffaa35f2db
            |
            ---0xffffaa35f2db
               |          
               |--37.39%--0xffffaa35f2db
               |          sqjit_a64_helper_finish_stack_write
               |          |          
               |          |--27.15%--SQJitWriteLog::FinishStackWrite
               |          |          |          
               |          |          |--7.45%--SQJitWriteLog::RecordStackSlot
               |          |          |          |          
               |          |          |           --6.07%--SQJitWriteLog::FindValue<true> (inlined)
               |          |          |          
               |          |          |--4.82%--SQJitWriteLog::CanRelease
               |          |          |          
               |          |          |--1.51%--SQJitWriteLog::RetainValue
               |          |          |          
               |          |          |--1.46%--SQObjectPtr::SQObjectPtr (inlined)
               |          |          |          
               |          |           --1.35%--_Swap (inlined)
               |          |          
               |           --2.45%--sqjit_write_log_ensure
               |          
               |--5.73%--0xffffaa35f384
               |          
               |--4.65%--0xffffaa35f418
               |          
               |--3.79%--0xffffaa35f400
               |          
                --2.08%--0xffffaa35f3b4

    37.39%     7.79%  sqgi     sqgi                   [.] sqjit_a64_helper_finish_stack_write
            |          
            |--29.60%--sqjit_a64_helper_finish_stack_write
            |          |          
            |          |--27.15%--SQJitWriteLog::FinishStackWrite
            |          |          |          
            |          |          |--7.45%--SQJitWriteLog::RecordStackSlot
            |          |          |          |          
            |          |          |           --6.07%--SQJitWriteLog::FindValue<true> (inlined)
            |          |          |          
            |          |          |--4.82%--SQJitWriteLog::CanRelease
            |          |          |          
            |          |          |--1.51%--SQJitWriteLog::RetainValue
            |          |          |          
            |          |          |--1.46%--SQObjectPtr::SQObjectPtr (inlined)
            |          |          |          
            |          |           --1.35%--_Swap (inlined)
            |          |          
            |           --2.45%--sqjit_write_log_ensure
            |          
             --7.79%--0xffffaa35f2db
                       0xffffaa35f2db
                       sqjit_a64_helper_finish_stack_write

    27.15%    13.37%  sqgi     sqgi                   [.] SQJitWriteLog::FinishStackWrite
            |          
            |--13.78%--SQJitWriteLog::FinishStackWrite
            |          |          
            |          |--7.45%--SQJitWriteLog::RecordStackSlot
            |          |          |          
            |          |           --6.07%--SQJitWriteLog::FindValue<true> (inlined)
            |          |          
            |          |--4.82%--SQJitWriteLog::CanRelease
            |          |          
            |           --1.51%--SQJitWriteLog::RetainValue
            |          
             --13.37%--0xffffaa35f2db
                       0xffffaa35f2db
                       sqjit_a64_helper_finish_stack_write
                       SQJitWriteLog::FinishStackWrite
                       |          
                       |--1.46%--SQObjectPtr::SQObjectPtr (inlined)
                       |          
                        --1.35%--_Swap (inlined)

    22.50%     0.00%  sqgi     [JIT] tid 679717       [.] 0x0000ffffaa35f1bb
            |
            ---0xffffaa35f1bb
               |          
               |--12.39%--0xffffaa35f1bb
               |          sqjit_a64_helper_array_ptr_append_integer
               |          |          
               |           --10.06%--SQArray::Append (inlined)
               |                     |          
               |                      --9.10%--sqvector<SQObjectPtr>::push_back (inlined)
               |                                |          
               |                                |--7.65%--sqvector<SQObjectPtr>::_realloc (inlined)
               |                                |          |          
               |                                |          |--4.51%--SQObjectPtr::SQObjectPtr (inlined)
               |                                |          |          |          
               |                                |          |           --1.18%--0xffff8000080115e8
               |                                |          |                     0xffff80000925cde0
               |                                |          |          
               |                                |           --2.36%--SQObjectPtr::~SQObjectPtr (inlined)
               |                                |          
               |                                 --1.22%--SQObjectPtr::SQObjectPtr (inlined)
               |          
               |--5.56%--0xffffaa35f1ac
               |          
               |--1.26%--0xffffaa35f0f8
               |          
                --1.07%--0xffffaa35f108

    12.39%    10.50%  sqgi     sqgi                   [.] sqjit_a64_helper_array_ptr_append_integer
            |          
            |--10.50%--0xffffaa35f1bb
            |          0xffffaa35f1bb
            |          sqjit_a64_helper_array_ptr_append_integer
            |          |          
            |           --8.18%--SQArray::Append (inlined)
            |                     |          
            |                      --7.22%--sqvector<SQObjectPtr>::push_back (inlined)
            |                                |          
            |                                 --6.47%--sqvector<SQObjectPtr>::_realloc (inlined)
            |                                           |          
            |                                           |--3.33%--SQObjectPtr::SQObjectPtr (inlined)
            |                                           |          
            |                                            --2.36%--SQObjectPtr::~SQObjectPtr (inlined)
            |          
             --1.88%--sqjit_a64_helper_array_ptr_append_integer
                       SQArray::Append (inlined)
                       sqvector<SQObjectPtr>::push_back (inlined)
                       |          
                        --1.18%--sqvector<SQObjectPtr>::_realloc (inlined)
                                  SQObjectPtr::SQObjectPtr (inlined)
                                  0xffff8000080115e8
                                  0xffff80000925cde0

    10.44%    10.44%  sqgi     sqgi                   [.] SQJitWriteLog::RecordStackSlot
            |          
            |--7.45%--0xffffaa35f2db
            |          0xffffaa35f2db
            |          sqjit_a64_helper_finish_stack_write
            |          SQJitWriteLog::FinishStackWrite
            |          SQJitWriteLog::RecordStackSlot
            |          |          
            |           --6.07%--SQJitWriteLog::FindValue<true> (inlined)
            |          
             --2.99%--0xffffaa35f28b
                       0xffffaa35f28b
                       sqjit_a64_helper_begin_stack_write
                       SQJitWriteLog::BeginStackWrite
                       SQJitWriteLog::RecordStackSlot
                       |          
                        --2.21%--SQJitWriteLog::FindValue<true> (inlined)

    10.06%     0.00%  sqgi     sqgi                   [.] SQArray::Append (inlined)
            |
            ---SQArray::Append (inlined)
               |          
                --9.10%--sqvector<SQObjectPtr>::push_back (inlined)
                          |          
                          |--7.65%--sqvector<SQObjectPtr>::_realloc (inlined)
                          |          |          
                          |          |--4.51%--SQObjectPtr::SQObjectPtr (inlined)
                          |          |          |          
                          |          |           --1.18%--0xffff8000080115e8
                          |          |                     0xffff80000925cde0
                          |          |          
                          |           --2.36%--SQObjectPtr::~SQObjectPtr (inlined)
                          |          
                           --1.22%--SQObjectPtr::SQObjectPtr (inlined)

     9.10%     0.00%  sqgi     sqgi                   [.] sqvector<SQObjectPtr>::push_back (inlined)
            |
            ---sqvector<SQObjectPtr>::push_back (inlined)
               |          
               |--7.65%--sqvector<SQObjectPtr>::_realloc (inlined)
               |          |          
               |          |--4.51%--SQObjectPtr::SQObjectPtr (inlined)
               |          |          |          
               |          |           --1.18%--0xffff8000080115e8
               |          |                     0xffff80000925cde0
               |          |          
               |           --2.36%--SQObjectPtr::~SQObjectPtr (inlined)
               |          
                --1.22%--SQObjectPtr::SQObjectPtr (inlined)

     8.60%     8.60%  sqgi     sqgi                   [.] sqjit_a64_helper_array_ptr_get_object_raw
            |
            ---0xffffaa35f2b3
               0xffffaa35f2b3
               sqjit_a64_helper_array_ptr_get_object_raw
               |          
                --1.15%--sqvector<SQObjectPtr>::operator[] (inlined)

     8.60%     0.00%  sqgi     [JIT] tid 679717       [.] 0x0000ffffaa35f2b3
            |
            ---0xffffaa35f2b3
               0xffffaa35f2b3
               sqjit_a64_helper_array_ptr_get_object_raw
               |          
                --1.15%--sqvector<SQObjectPtr>::operator[] (inlined)

     8.43%     0.00%  sqgi     [JIT] tid 679717       [.] 0x0000ffffaa35f28b
            |
            ---0xffffaa35f28b
               |          
                --7.45%--0xffffaa35f28b
                          sqjit_a64_helper_begin_stack_write
                          |          
                           --6.03%--SQJitWriteLog::BeginStackWrite
                                     |          
                                     |--2.99%--SQJitWriteLog::RecordStackSlot
                                     |          |          
                                     |           --2.21%--SQJitWriteLog::FindValue<true> (inlined)
                                     |          
                                      --1.35%--SQObjectPtr::operator= (inlined)

     8.28%     0.00%  sqgi     sqgi                   [.] SQJitWriteLog::FindValue<true> (inlined)
            |
            ---SQJitWriteLog::FindValue<true> (inlined)

     7.65%     0.00%  sqgi     sqgi                   [.] sqvector<SQObjectPtr>::_realloc (inlined)
            |
            ---sqvector<SQObjectPtr>::_realloc (inlined)
               |          
               |--4.51%--SQObjectPtr::SQObjectPtr (inlined)
               |          |          
               |           --1.18%--0xffff8000080115e8
               |                     0xffff80000925cde0
               |          
                --2.36%--SQObjectPtr::~SQObjectPtr (inlined)

     7.45%     0.58%  sqgi     sqgi                   [.] sqjit_a64_helper_begin_stack_write
            |          
             --6.87%--sqjit_a64_helper_begin_stack_write
                       |          
                        --6.03%--SQJitWriteLog::BeginStackWrite
                                  |          
                                  |--2.99%--SQJitWriteLog::RecordStackSlot
                                  |          |          
                                  |           --2.21%--SQJitWriteLog::FindValue<true> (inlined)
                                  |          
                                   --1.35%--SQObjectPtr::operator= (inlined)

     6.69%     0.00%  sqgi     sqgi                   [.] SQObjectPtr::SQObjectPtr (inlined)
            |
            ---SQObjectPtr::SQObjectPtr (inlined)
               |          
                --1.88%--0xffff8000080115e8
                          0xffff80000925cde0
                          |          
                           --1.69%--0xffff8000080188fc

     6.03%     2.44%  sqgi     sqgi                   [.] SQJitWriteLog::BeginStackWrite
            |          
            |--3.58%--SQJitWriteLog::BeginStackWrite
            |          |          
            |           --2.99%--SQJitWriteLog::RecordStackSlot
            |                     |          
            |                      --2.21%--SQJitWriteLog::FindValue<true> (inlined)
            |          
             --2.44%--0xffffaa35f28b
                       0xffffaa35f28b
                       sqjit_a64_helper_begin_stack_write
                       SQJitWriteLog::BeginStackWrite
                       |          
                        --1.35%--SQObjectPtr::operator= (inlined)

     5.73%     5.73%  sqgi     [JIT] tid 679717       [.] 0x0000ffffaa35f384
            |
            ---0xffffaa35f2db
               0xffffaa35f384

     5.56%     5.56%  sqgi     [JIT] tid 679717       [.] 0x0000ffffaa35f1ac
            |
            ---0xffffaa35f1bb
               0xffffaa35f1ac

     4.82%     4.82%  sqgi     sqgi                   [.] SQJitWriteLog::CanRelease
            |
            ---0xffffaa35f2db
               0xffffaa35f2db
               sqjit_a64_helper_finish_stack_write
               SQJitWriteLog::FinishStackWrite
               SQJitWriteLog::CanRelease

     4.65%     4.65%  sqgi     [JIT] tid 679717       [.] 0x0000ffffaa35f418
            |
            ---0xffffaa35f2db
               0xffffaa35f418

     3.79%     3.79%  sqgi     [JIT] tid 679717       [.] 0x0000ffffaa35f400
            |
            ---0xffffaa35f2db
               0xffffaa35f400

     3.30%     3.30%  sqgi     sqgi                   [.] sqjit_write_log_ensure
            |          
             --2.45%--0xffffaa35f2db
                       0xffffaa35f2db
                       sqjit_a64_helper_finish_stack_write
                       sqjit_write_log_ensure

     2.78%     2.78%  sqgi     sqgi                   [.] SQArray::Release
            |          
             --2.19%--0xffffaa35f09b
                       0xffffaa35f09b
                       sqjit_a64_helper_new_array
                       sqjit_a64_helper_new_array
                       SQObjectPtr::operator= (inlined)
                       SQArray::Release
                       SQArray::~SQArray (inlined)
                       sqvector<SQObjectPtr>::~sqvector (inlined)
                       sqvector<SQObjectPtr>::~sqvector (inlined)
                       |          
                        --1.99%--SQObjectPtr::~SQObjectPtr (inlined)

     2.78%     0.00%  sqgi     sqgi                   [.] SQArray::~SQArray (inlined)
            |
            ---SQArray::~SQArray (inlined)
               sqvector<SQObjectPtr>::~sqvector (inlined)
               sqvector<SQObjectPtr>::~sqvector (inlined)
               |          
                --2.19%--SQObjectPtr::~SQObjectPtr (inlined)

     2.78%     0.00%  sqgi     sqgi                   [.] sqvector<SQObjectPtr>::~sqvector (inlined)
            |
            ---sqvector<SQObjectPtr>::~sqvector (inlined)
               sqvector<SQObjectPtr>::~sqvector (inlined)
               |          
                --2.19%--SQObjectPtr::~SQObjectPtr (inlined)

     2.36%     0.00%  sqgi     sqgi                   [.] SQObjectPtr::~SQObjectPtr (inlined)
            |
            ---SQObjectPtr::~SQObjectPtr (inlined)

     2.19%     0.00%  sqgi     [JIT] tid 679717       [.] 0x0000ffffaa35f09b
            |
            ---0xffffaa35f09b
               0xffffaa35f09b
               sqjit_a64_helper_new_array
               sqjit_a64_helper_new_array
               SQObjectPtr::operator= (inlined)
               SQArray::Release
               SQArray::~SQArray (inlined)
               sqvector<SQObjectPtr>::~sqvector (inlined)
               sqvector<SQObjectPtr>::~sqvector (inlined)
               |          
                --1.99%--SQObjectPtr::~SQObjectPtr (inlined)

     2.19%     0.00%  sqgi     sqgi                   [.] sqjit_a64_helper_new_array
            |
            ---sqjit_a64_helper_new_array
               sqjit_a64_helper_new_array
               SQObjectPtr::operator= (inlined)
               SQArray::Release
               SQArray::~SQArray (inlined)
               sqvector<SQObjectPtr>::~sqvector (inlined)
               sqvector<SQObjectPtr>::~sqvector (inlined)
               |          
                --1.99%--SQObjectPtr::~SQObjectPtr (inlined)

     2.19%     0.00%  sqgi     sqgi                   [.] SQObjectPtr::operator= (inlined)
            |
            ---SQObjectPtr::operator= (inlined)
               SQArray::Release
               SQArray::~SQArray (inlined)
               sqvector<SQObjectPtr>::~sqvector (inlined)
               sqvector<SQObjectPtr>::~sqvector (inlined)
               |          
                --1.99%--SQObjectPtr::~SQObjectPtr (inlined)

     2.19%     0.00%  sqgi     sqgi                   [.] SQObjectPtr::~SQObjectPtr (inlined)
            |
            ---SQObjectPtr::~SQObjectPtr (inlined)

     2.11%     2.11%  sqgi     sqgi                   [.] SQJitWriteLog::RetainValue
            |          
             --1.51%--0xffffaa35f2db
                       0xffffaa35f2db
                       sqjit_a64_helper_finish_stack_write
                       SQJitWriteLog::FinishStackWrite
                       SQJitWriteLog::RetainValue

     2.08%     2.08%  sqgi     [JIT] tid 679717       [.] 0x0000ffffaa35f3b4
            |
            ---0xffffaa35f2db
               0xffffaa35f3b4

     1.88%     0.00%  sqgi     [unknown]              [.] 0xffff8000080115e8
            |
            ---0xffff8000080115e8
               0xffff80000925cde0
               |          
                --1.69%--0xffff8000080188fc

     1.88%     0.00%  sqgi     [unknown]              [.] 0xffff80000925cde0
            |
            ---0xffff80000925cde0
               |          
                --1.69%--0xffff8000080188fc

     1.69%     1.69%  sqgi     [unknown]              [k] 0xffff8000080188fc
            |
            ---0xffffaa35f1bb
               0xffffaa35f1bb
               sqjit_a64_helper_array_ptr_append_integer
               SQArray::Append (inlined)
               sqvector<SQObjectPtr>::push_back (inlined)

     1.46%     0.00%  sqgi     sqgi                   [.] SQObjectPtr::SQObjectPtr (inlined)
            |
            ---SQObjectPtr::SQObjectPtr (inlined)

     1.35%     0.00%  sqgi     sqgi                   [.] _Swap (inlined)
            |
            ---_Swap (inlined)

     1.35%     0.00%  sqgi     sqgi                   [.] SQObjectPtr::operator= (inlined)
            |
            ---SQObjectPtr::operator= (inlined)

     1.28%     0.00%  sqgi     sqgi                   [.] _start
            |
            ---_start
               __libc_start_main_impl (inlined)
               __libc_start_call_main
               main
               |          
                --1.07%--sq_call
                          SQVM::Execute

     1.28%     0.00%  sqgi     libc.so.6              [.] __libc_start_main_impl (inlined)
            |
            ---__libc_start_main_impl (inlined)
               __libc_start_call_main
               main
               |          
                --1.07%--sq_call
                          SQVM::Execute

     1.28%     0.00%  sqgi     libc.so.6              [.] __libc_start_call_main
            |
            ---__libc_start_call_main
               main
               |          
                --1.07%--sq_call
                          SQVM::Execute

     1.28%     0.00%  sqgi     sqgi                   [.] main
            |
            ---main
               |          
                --1.07%--sq_call
                          SQVM::Execute

     1.26%     1.26%  sqgi     [JIT] tid 679717       [.] 0x0000ffffaa35f0f8
            |
            ---0xffffaa35f1bb
               0xffffaa35f0f8

     1.15%     0.00%  sqgi     sqgi                   [.] sqvector<SQObjectPtr>::operator[] (inlined)
            |
            ---sqvector<SQObjectPtr>::operator[] (inlined)

     1.07%     1.07%  sqgi     [JIT] tid 679717       [.] 0x0000ffffaa35f108
            |
            ---0xffffaa35f1bb
               0xffffaa35f108

     1.07%     0.00%  sqgi     sqgi                   [.] sq_call
            |
            ---sq_call
               SQVM::Execute

     1.07%     0.25%  sqgi     sqgi                   [.] SQVM::Execute


#
# (Cannot load tips.txt file, please install perf!)
#
