# To display the perf.data header info, please use --header/--header-only options.
#
#
# Total Lost Samples: 0
#
# Samples: 891  of event 'cycles:u'
# Event count (approx.): 3296325730
#
# Children      Self  Command  Shared Object          Symbol                                                                                                                         
# ........  ........  .......  .....................  ...............................................................................................................................
#
    38.32%     0.00%  sqgi     [JIT] tid 679690       [.] 0x0000ffff9bfe82c3
            |
            ---0xffff9bfe82c3
               |          
               |--23.47%--0xffff9bfe82c3
               |          sqjit_a64_helper_finish_stack_write
               |          |          
               |          |--17.50%--SQJitWriteLog::FinishStackWrite
               |          |          |          
               |          |          |--3.71%--SQJitWriteLog::RecordStackSlot
               |          |          |          |          
               |          |          |           --3.02%--SQJitWriteLog::FindValue<true> (inlined)
               |          |          |          
               |          |           --3.44%--SQJitWriteLog::CanRelease
               |          |          
               |           --1.59%--sqjit_write_log_ensure
               |          
               |--4.63%--0xffff9bfe836c
               |          
               |--4.24%--0xffff9bfe83e8
               |          
               |--2.76%--0xffff9bfe8400
               |          
                --1.34%--0xffff9bfe839c

    36.09%     0.00%  sqgi     [JIT] tid 679690       [.] 0x0000ffff9bfe812b
            |
            ---0xffff9bfe812b
               |          
               |--32.21%--0xffff9bfe812b
               |          sqjit_a64_helper_publish_stack_write
               |          |          
               |          |--27.43%--SQJitWriteLog::PublishStackWrite
               |          |          |          
               |          |          |--13.19%--SQJitWriteLog::CanRelease
               |          |          |          |          
               |          |          |          |--5.74%--SQJitWriteLog::CountPins
               |          |          |          |          
               |          |          |           --1.26%--sqjit_unobservable_scalar_array (inlined)
               |          |          |          
               |          |          |--3.90%--SQJitWriteLog::RecordStackSlot
               |          |          |          |          
               |          |          |           --2.97%--SQJitWriteLog::FindValue<true> (inlined)
               |          |          |          
               |          |          |--3.25%--SQJitWriteLog::RetainValue
               |          |          |          |          
               |          |          |           --2.58%--SQJitWriteLog::FindValue<false> (inlined)
               |          |          |          
               |          |          |--2.05%--SQObjectPtr::~SQObjectPtr (inlined)
               |          |          |          |          
               |          |          |           --1.65%--SQObjectPtr::~SQObjectPtr (inlined)
               |          |          |          
               |          |           --1.45%--SQObjectPtr::operator= (inlined)
               |          |          
               |           --1.52%--sqjit_write_log_ensure
               |          
                --2.50%--0xffff9bfe8194

    32.28%     3.26%  sqgi     sqgi                   [.] sqjit_a64_helper_publish_stack_write
            |          
            |--29.02%--sqjit_a64_helper_publish_stack_write
            |          |          
            |          |--27.51%--SQJitWriteLog::PublishStackWrite
            |          |          |          
            |          |          |--13.27%--SQJitWriteLog::CanRelease
            |          |          |          |          
            |          |          |          |--5.74%--SQJitWriteLog::CountPins
            |          |          |          |          
            |          |          |           --1.26%--sqjit_unobservable_scalar_array (inlined)
            |          |          |          
            |          |          |--3.90%--SQJitWriteLog::RecordStackSlot
            |          |          |          |          
            |          |          |           --2.97%--SQJitWriteLog::FindValue<true> (inlined)
            |          |          |          
            |          |          |--3.25%--SQJitWriteLog::RetainValue
            |          |          |          |          
            |          |          |           --2.58%--SQJitWriteLog::FindValue<false> (inlined)
            |          |          |          
            |          |          |--2.05%--SQObjectPtr::~SQObjectPtr (inlined)
            |          |          |          |          
            |          |          |           --1.65%--SQObjectPtr::~SQObjectPtr (inlined)
            |          |          |          
            |          |           --1.45%--SQObjectPtr::operator= (inlined)
            |          |          
            |           --1.52%--sqjit_write_log_ensure
            |          
             --3.26%--0xffff9bfe812b
                       0xffff9bfe812b
                       sqjit_a64_helper_publish_stack_write

    27.51%     7.08%  sqgi     sqgi                   [.] SQJitWriteLog::PublishStackWrite
            |          
            |--20.43%--SQJitWriteLog::PublishStackWrite
            |          |          
            |          |--13.27%--SQJitWriteLog::CanRelease
            |          |          |          
            |          |          |--5.74%--SQJitWriteLog::CountPins
            |          |          |          
            |          |           --1.26%--sqjit_unobservable_scalar_array (inlined)
            |          |          
            |          |--3.90%--SQJitWriteLog::RecordStackSlot
            |          |          |          
            |          |           --2.97%--SQJitWriteLog::FindValue<true> (inlined)
            |          |          
            |           --3.25%--SQJitWriteLog::RetainValue
            |                     |          
            |                      --2.58%--SQJitWriteLog::FindValue<false> (inlined)
            |          
             --7.08%--0xffff9bfe812b
                       0xffff9bfe812b
                       sqjit_a64_helper_publish_stack_write
                       SQJitWriteLog::PublishStackWrite
                       |          
                       |--2.05%--SQObjectPtr::~SQObjectPtr (inlined)
                       |          |          
                       |           --1.65%--SQObjectPtr::~SQObjectPtr (inlined)
                       |          
                        --1.45%--SQObjectPtr::operator= (inlined)

    23.47%     4.38%  sqgi     sqgi                   [.] sqjit_a64_helper_finish_stack_write
            |          
            |--19.09%--sqjit_a64_helper_finish_stack_write
            |          |          
            |          |--17.50%--SQJitWriteLog::FinishStackWrite
            |          |          |          
            |          |          |--3.71%--SQJitWriteLog::RecordStackSlot
            |          |          |          |          
            |          |          |           --3.02%--SQJitWriteLog::FindValue<true> (inlined)
            |          |          |          
            |          |           --3.44%--SQJitWriteLog::CanRelease
            |          |          
            |           --1.59%--sqjit_write_log_ensure
            |          
             --4.38%--0xffff9bfe82c3
                       0xffff9bfe82c3
                       sqjit_a64_helper_finish_stack_write

    17.50%     9.68%  sqgi     sqgi                   [.] SQJitWriteLog::FinishStackWrite
            |          
            |--9.68%--0xffff9bfe82c3
            |          0xffff9bfe82c3
            |          sqjit_a64_helper_finish_stack_write
            |          SQJitWriteLog::FinishStackWrite
            |          
             --7.82%--SQJitWriteLog::FinishStackWrite
                       |          
                       |--3.71%--SQJitWriteLog::RecordStackSlot
                       |          |          
                       |           --3.02%--SQJitWriteLog::FindValue<true> (inlined)
                       |          
                        --3.44%--SQJitWriteLog::CanRelease

    16.71%    10.97%  sqgi     sqgi                   [.] SQJitWriteLog::CanRelease
            |          
            |--7.46%--0xffff9bfe812b
            |          0xffff9bfe812b
            |          sqjit_a64_helper_publish_stack_write
            |          SQJitWriteLog::PublishStackWrite
            |          SQJitWriteLog::CanRelease
            |          |          
            |           --1.26%--sqjit_unobservable_scalar_array (inlined)
            |          
            |--5.74%--SQJitWriteLog::CanRelease
            |          SQJitWriteLog::CountPins
            |          
             --3.44%--0xffff9bfe82c3
                       0xffff9bfe82c3
                       sqjit_a64_helper_finish_stack_write
                       SQJitWriteLog::FinishStackWrite
                       SQJitWriteLog::CanRelease

    10.08%    10.08%  sqgi     sqgi                   [.] SQJitWriteLog::RecordStackSlot
            |          
            |--3.90%--0xffff9bfe812b
            |          0xffff9bfe812b
            |          sqjit_a64_helper_publish_stack_write
            |          SQJitWriteLog::PublishStackWrite
            |          SQJitWriteLog::RecordStackSlot
            |          |          
            |           --2.97%--SQJitWriteLog::FindValue<true> (inlined)
            |          
            |--3.71%--0xffff9bfe82c3
            |          0xffff9bfe82c3
            |          sqjit_a64_helper_finish_stack_write
            |          SQJitWriteLog::FinishStackWrite
            |          SQJitWriteLog::RecordStackSlot
            |          |          
            |           --3.02%--SQJitWriteLog::FindValue<true> (inlined)
            |          
             --2.47%--0xffff9bfe8273
                       0xffff9bfe8273
                       sqjit_a64_helper_begin_stack_write
                       SQJitWriteLog::BeginStackWrite
                       SQJitWriteLog::RecordStackSlot
                       |          
                        --1.51%--SQJitWriteLog::FindValue<true> (inlined)

     9.89%     0.00%  sqgi     [JIT] tid 679690       [.] 0x0000ffff9bfe81a3
            |
            ---0xffff9bfe81a3
               |          
                --8.16%--0xffff9bfe81a3
                          sqjit_a64_helper_array_ptr_append_integer
                          |          
                           --7.30%--SQArray::Append (inlined)
                                     |          
                                      --6.71%--sqvector<SQObjectPtr>::push_back (inlined)
                                                |          
                                                |--4.63%--sqvector<SQObjectPtr>::_realloc (inlined)
                                                |          |          
                                                |          |--2.35%--SQObjectPtr::SQObjectPtr (inlined)
                                                |          |          
                                                |           --1.88%--SQObjectPtr::~SQObjectPtr (inlined)
                                                |          
                                                 --1.69%--SQObjectPtr::SQObjectPtr (inlined)

     8.16%     7.34%  sqgi     sqgi                   [.] sqjit_a64_helper_array_ptr_append_integer
            |          
             --7.34%--0xffff9bfe81a3
                       0xffff9bfe81a3
                       sqjit_a64_helper_array_ptr_append_integer
                       |          
                        --6.48%--SQArray::Append (inlined)
                                  |          
                                   --5.89%--sqvector<SQObjectPtr>::push_back (inlined)
                                             |          
                                             |--4.23%--sqvector<SQObjectPtr>::_realloc (inlined)
                                             |          |          
                                             |          |--1.96%--SQObjectPtr::SQObjectPtr (inlined)
                                             |          |          
                                             |           --1.88%--SQObjectPtr::~SQObjectPtr (inlined)
                                             |          
                                              --1.26%--SQObjectPtr::SQObjectPtr (inlined)

     7.50%     0.00%  sqgi     sqgi                   [.] SQJitWriteLog::FindValue<true> (inlined)
            |
            ---SQJitWriteLog::FindValue<true> (inlined)

     7.30%     0.00%  sqgi     sqgi                   [.] SQArray::Append (inlined)
            |
            ---SQArray::Append (inlined)
               |          
                --6.71%--sqvector<SQObjectPtr>::push_back (inlined)
                          |          
                          |--4.63%--sqvector<SQObjectPtr>::_realloc (inlined)
                          |          |          
                          |          |--2.35%--SQObjectPtr::SQObjectPtr (inlined)
                          |          |          
                          |           --1.88%--SQObjectPtr::~SQObjectPtr (inlined)
                          |          
                           --1.69%--SQObjectPtr::SQObjectPtr (inlined)

     7.06%     0.00%  sqgi     [JIT] tid 679690       [.] 0x0000ffff9bfe8273
            |
            ---0xffff9bfe8273
               |          
                --6.36%--0xffff9bfe8273
                          sqjit_a64_helper_begin_stack_write
                          |          
                           --4.73%--SQJitWriteLog::BeginStackWrite
                                     |          
                                      --2.47%--SQJitWriteLog::RecordStackSlot
                                                |          
                                                 --1.51%--SQJitWriteLog::FindValue<true> (inlined)

     6.71%     0.00%  sqgi     sqgi                   [.] sqvector<SQObjectPtr>::push_back (inlined)
            |
            ---sqvector<SQObjectPtr>::push_back (inlined)
               |          
               |--4.63%--sqvector<SQObjectPtr>::_realloc (inlined)
               |          |          
               |          |--2.35%--SQObjectPtr::SQObjectPtr (inlined)
               |          |          
               |           --1.88%--SQObjectPtr::~SQObjectPtr (inlined)
               |          
                --1.69%--SQObjectPtr::SQObjectPtr (inlined)

     6.36%     1.11%  sqgi     sqgi                   [.] sqjit_a64_helper_begin_stack_write
            |          
            |--5.26%--sqjit_a64_helper_begin_stack_write
            |          |          
            |           --4.73%--SQJitWriteLog::BeginStackWrite
            |                     |          
            |                      --2.47%--SQJitWriteLog::RecordStackSlot
            |                                |          
            |                                 --1.51%--SQJitWriteLog::FindValue<true> (inlined)
            |          
             --1.11%--0xffff9bfe8273
                       0xffff9bfe8273
                       sqjit_a64_helper_begin_stack_write

     6.14%     0.00%  sqgi     [JIT] tid 679690       [.] 0x0000ffff9bfe829b
            |
            ---0xffff9bfe829b
               |          
                --5.86%--0xffff9bfe829b
                          sqjit_a64_helper_array_ptr_get_object_raw

     5.86%     5.86%  sqgi     sqgi                   [.] sqjit_a64_helper_array_ptr_get_object_raw
            |
            ---0xffff9bfe829b
               0xffff9bfe829b
               sqjit_a64_helper_array_ptr_get_object_raw

     5.74%     5.74%  sqgi     sqgi                   [.] SQJitWriteLog::CountPins
            |
            ---0xffff9bfe812b
               0xffff9bfe812b
               sqjit_a64_helper_publish_stack_write
               SQJitWriteLog::PublishStackWrite
               SQJitWriteLog::CanRelease
               SQJitWriteLog::CountPins

     4.73%     1.70%  sqgi     sqgi                   [.] SQJitWriteLog::BeginStackWrite
            |          
            |--3.03%--SQJitWriteLog::BeginStackWrite
            |          |          
            |           --2.47%--SQJitWriteLog::RecordStackSlot
            |                     |          
            |                      --1.51%--SQJitWriteLog::FindValue<true> (inlined)
            |          
             --1.70%--0xffff9bfe8273
                       0xffff9bfe8273
                       sqjit_a64_helper_begin_stack_write
                       SQJitWriteLog::BeginStackWrite

     4.63%     4.63%  sqgi     [JIT] tid 679690       [.] 0x0000ffff9bfe836c
            |
            ---0xffff9bfe82c3
               0xffff9bfe836c

     4.63%     0.00%  sqgi     sqgi                   [.] SQObjectPtr::SQObjectPtr (inlined)
            |
            ---SQObjectPtr::SQObjectPtr (inlined)

     4.63%     0.00%  sqgi     sqgi                   [.] sqvector<SQObjectPtr>::_realloc (inlined)
            |
            ---sqvector<SQObjectPtr>::_realloc (inlined)
               |          
               |--2.35%--SQObjectPtr::SQObjectPtr (inlined)
               |          
                --1.88%--SQObjectPtr::~SQObjectPtr (inlined)

     4.49%     4.49%  sqgi     sqgi                   [.] SQJitWriteLog::RetainValue
            |          
             --3.25%--0xffff9bfe812b
                       0xffff9bfe812b
                       sqjit_a64_helper_publish_stack_write
                       SQJitWriteLog::PublishStackWrite
                       SQJitWriteLog::RetainValue
                       |          
                        --2.58%--SQJitWriteLog::FindValue<false> (inlined)

     4.24%     4.24%  sqgi     [JIT] tid 679690       [.] 0x0000ffff9bfe83e8
            |
            ---0xffff9bfe82c3
               0xffff9bfe83e8

     3.64%     3.64%  sqgi     sqgi                   [.] sqjit_write_log_ensure
            |          
            |--1.59%--0xffff9bfe82c3
            |          0xffff9bfe82c3
            |          sqjit_a64_helper_finish_stack_write
            |          sqjit_write_log_ensure
            |          
             --1.52%--0xffff9bfe812b
                       0xffff9bfe812b
                       sqjit_a64_helper_publish_stack_write
                       sqjit_write_log_ensure

     2.76%     2.76%  sqgi     [JIT] tid 679690       [.] 0x0000ffff9bfe8400
            |
            ---0xffff9bfe82c3
               0xffff9bfe8400

     2.58%     0.00%  sqgi     sqgi                   [.] SQJitWriteLog::FindValue<false> (inlined)
            |
            ---SQJitWriteLog::FindValue<false> (inlined)

     2.50%     2.50%  sqgi     [JIT] tid 679690       [.] 0x0000ffff9bfe8194
            |
            ---0xffff9bfe812b
               0xffff9bfe8194

     2.05%     0.00%  sqgi     sqgi                   [.] SQObjectPtr::~SQObjectPtr (inlined)
            |
            ---SQObjectPtr::~SQObjectPtr (inlined)
               |          
                --1.65%--SQObjectPtr::~SQObjectPtr (inlined)

     1.88%     0.00%  sqgi     sqgi                   [.] SQObjectPtr::~SQObjectPtr (inlined)
            |
            ---SQObjectPtr::~SQObjectPtr (inlined)

     1.86%     0.00%  sqgi     sqgi                   [.] SQObjectPtr::operator= (inlined)
            |
            ---SQObjectPtr::operator= (inlined)

     1.67%     1.67%  sqgi     sqgi                   [.] SQArray::Release
            |          
             --1.11%--0xffff9bfe809b
                       0xffff9bfe809b
                       sqjit_a64_helper_new_array
                       sqjit_a64_helper_new_array
                       SQObjectPtr::operator= (inlined)
                       SQArray::Release
                       SQArray::~SQArray (inlined)
                       sqvector<SQObjectPtr>::~sqvector (inlined)
                       sqvector<SQObjectPtr>::~sqvector (inlined)

     1.67%     0.00%  sqgi     sqgi                   [.] SQArray::~SQArray (inlined)
            |
            ---SQArray::~SQArray (inlined)
               sqvector<SQObjectPtr>::~sqvector (inlined)
               sqvector<SQObjectPtr>::~sqvector (inlined)
               |          
                --1.39%--SQObjectPtr::~SQObjectPtr (inlined)

     1.67%     0.00%  sqgi     sqgi                   [.] sqvector<SQObjectPtr>::~sqvector (inlined)
            |
            ---sqvector<SQObjectPtr>::~sqvector (inlined)
               sqvector<SQObjectPtr>::~sqvector (inlined)
               |          
                --1.39%--SQObjectPtr::~SQObjectPtr (inlined)

     1.39%     0.00%  sqgi     sqgi                   [.] SQObjectPtr::~SQObjectPtr (inlined)
            |
            ---SQObjectPtr::~SQObjectPtr (inlined)

     1.34%     1.34%  sqgi     [JIT] tid 679690       [.] 0x0000ffff9bfe839c
            |
            ---0xffff9bfe82c3
               0xffff9bfe839c

     1.26%     0.00%  sqgi     sqgi                   [.] sqjit_unobservable_scalar_array (inlined)
            |
            ---sqjit_unobservable_scalar_array (inlined)

     1.11%     0.00%  sqgi     [JIT] tid 679690       [.] 0x0000ffff9bfe809b
            |
            ---0xffff9bfe809b
               0xffff9bfe809b
               sqjit_a64_helper_new_array
               sqjit_a64_helper_new_array
               SQObjectPtr::operator= (inlined)
               SQArray::Release
               SQArray::~SQArray (inlined)
               sqvector<SQObjectPtr>::~sqvector (inlined)
               sqvector<SQObjectPtr>::~sqvector (inlined)

     1.11%     0.00%  sqgi     sqgi                   [.] sqjit_a64_helper_new_array
            |
            ---sqjit_a64_helper_new_array
               sqjit_a64_helper_new_array
               SQObjectPtr::operator= (inlined)
               SQArray::Release
               SQArray::~SQArray (inlined)
               sqvector<SQObjectPtr>::~sqvector (inlined)
               sqvector<SQObjectPtr>::~sqvector (inlined)

     1.11%     0.00%  sqgi     sqgi                   [.] SQObjectPtr::operator= (inlined)
            |
            ---SQObjectPtr::operator= (inlined)
               SQArray::Release
               SQArray::~SQArray (inlined)
               sqvector<SQObjectPtr>::~sqvector (inlined)
               sqvector<SQObjectPtr>::~sqvector (inlined)

     1.03%     0.00%  sqgi     sqgi                   [.] SQObjectPtr::SQObjectPtr (inlined)
            |
            ---SQObjectPtr::SQObjectPtr (inlined)

     1.03%     0.00%  sqgi     sqgi                   [.] _start
            |
            ---_start
               __libc_start_main_impl (inlined)
               __libc_start_call_main
               main

     1.03%     0.00%  sqgi     libc.so.6              [.] __libc_start_main_impl (inlined)
            |
            ---__libc_start_main_impl (inlined)
               __libc_start_call_main
               main

     1.03%     0.00%  sqgi     libc.so.6              [.] __libc_start_call_main
            |
            ---__libc_start_call_main
               main

     1.03%     0.00%  sqgi     sqgi                   [.] main
            |
            ---main



#
# (Cannot load tips.txt file, please install perf!)
#
