BENCH	route_balanced	200000	0.053450000	300346
BENCH	route_skewed	200000	0.052475000	122121
BENCH	pricing_events	200000	0.058055000	636940
BENCH	filter_stream	200000	0.056030000	10704.521037291815
BENCH	records_64	200000	0.132285000	599323
BENCH	records_4096	200000	0.237445000	385702
BENCH	word_count	200000	0.265645000	116910
BENCH	graph_walk	200000	0.012210000	386354
BENCH	route_balanced	200000	0.054130000	300346
BENCH	route_skewed	200000	0.052580000	122121
BENCH	pricing_events	200000	0.057660000	636940
BENCH	filter_stream	200000	0.056055000	10704.521037291815
BENCH	records_64	200000	0.139110000	599323
BENCH	records_4096	200000	0.245295000	385702
BENCH	word_count	200000	0.265900000	116910
BENCH	graph_walk	200000	0.012360000	386354
BENCH	route_balanced	200000	0.053430000	300346
BENCH	route_skewed	200000	0.052115000	122121
BENCH	pricing_events	200000	0.057795000	636940
BENCH	filter_stream	200000	0.056125000	10704.521037291815
BENCH	records_64	200000	0.132910000	599323
BENCH	records_4096	200000	0.236590000	385702
BENCH	word_count	200000	0.264900000	116910
BENCH	graph_walk	200000	0.012630000	386354
1070.07;msec;task-clock:u;0.28%;1070072203;100.00;0.990;CPUs utilized
2395260898;;cycles:u;0.46%;1070152700;100.00;2.227;GHz
5978707133;;instructions:u;0.14%;1070152700;100.00;2.49;insn per cycle
5152867;;branch-misses:u;6.37%;1070152700;100.00;;
2233471805;;cache-references:u;0.26%;1070152700;100.00;2.076;G/sec
15492153;;cache-misses:u;2.89%;1070152700;100.00;0.693;of all cache refs
3866;;page-faults:u;0.01%;1070072203;100.00;3.594;K/sec
0;;context-switches:u;0.00%;1070072203;100.00;0.000;/sec
