JIT_CAPTURE_BREAKPOINT -1
[Thread debugging using libthread_db enabled]
Using host libthread_db library "/lib/aarch64-linux-gnu/libthread_db.so.1".
JIT_CAPTURE recycle frame 0xfffff7f84000 8192
BENCH	table_owners_1	1003	1.138584247	615764.25
BENCH	table_owners_2	1003	1.112662014	616780.25
BENCH	table_owners_5	1003	1.071784646	613838.25
BENCH	table_owners_19	1003	1.072781655	618610.25
BENCH	table_owners_257	1003	1.158524427	749599.25
BENCH	class_owners_1	1003	1.048853440	615764.25
BENCH	class_owners_2	1003	1.087736790	616780.25
BENCH	class_owners_5	1003	1.116650050	613838.25
BENCH	class_owners_19	1003	2.185443669	618610.25
BENCH	class_owners_257	1003	2.049850449	749599.25
[Inferior 1 (process 659663) exited normally]
[Thread debugging using libthread_db enabled]
Using host libthread_db library "/lib/aarch64-linux-gnu/libthread_db.so.1".
JIT_CAPTURE transfer frame 0xfffff7f85000 4096
JIT_CAPTURE publish frame 0xfffff7f84000 4096
BENCH	transfer_table	1003	1277.816550349	121851
BENCH	transfer_class	1003	1127.748753739	121851
BENCH	transfer_mixed	1003	1064.905284148	121851
BENCH	publish_table	1003	1121.784646062	133577
BENCH	publish_class	1003	1245.949152542	133577
BENCH	publish_mixed	1003	1277.408773679	133577
[Inferior 1 (process 659667) exited normally]
[Thread debugging using libthread_db enabled]
Using host libthread_db library "/lib/aarch64-linux-gnu/libthread_db.so.1".
JIT_CAPTURE table_apply frame 0xfffff7f85000 4096
JIT_CAPTURE apply frame 0xfffff7f84000 4096
BENCH	table_events_97	1003	1309.710867398	140378
BENCH	class_events_97	1003	1035.501495513	140378
BENCH	buffers_7	1003	1.540378863	944693
BENCH	buffers_31	1003	1.533399801	861874
BENCH	calibrate_17	1003	2.384845464	5140.09375
BENCH	calibrate_67	1003	2.156530409	5049
[Inferior 1 (process 659693) exited normally]
JIT_CAPTURE_VERIFIED five canonical-frame functions
