# To display the perf.data header info, please use --header/--header-only options.
#
#
# Total Lost Samples: 0
#
# Samples: 182  of event 'cycles:u'
# Event count (approx.): 744956466
#
# Children      Self  Command  Shared Object                 Symbol                                                                                                                                       
# ........  ........  .......  ............................  .............................................................................................................................................
#
    39.84%     0.00%  sqgi     [JIT] tid 659634              [.] 0x0000ffff99625b97
            |
            ---0xffff99625b97
               |          
               |--6.13%--0xffff99625764
               |          
               |--5.52%--0xffff99625690
               |          
               |--5.52%--0xffff99625414
               |          
               |--4.29%--0xffff996255bc
               |          
               |--3.68%--0xffff9962590c
               |          
               |--3.68%--0xffff996254e8
               |          
                --3.06%--0xffff99625838

    15.18%     0.00%  sqgi     [JIT] tid 659634              [.] 0x0000ffff9962670b
            |
            ---0xffff9962670b
               |          
                --4.84%--0xffff99626244

    10.41%     0.00%  sqgi     [JIT] tid 659634              [.] 0x0000ffff9962353b
            |
            ---0xffff9962353b
               |          
                --3.68%--0xffff99623198

     9.79%     0.00%  sqgi     [JIT] tid 659634              [.] 0x0000ffff9962447f
            |
            ---0xffff9962447f
               |          
                --6.73%--0xffff996241e4

     8.57%     0.00%  sqgi     [JIT] tid 659634              [.] 0x0000ffff99621207
            |
            ---0xffff99621207
               |          
                --7.96%--0xffff99621164

     7.96%     7.96%  sqgi     [JIT] tid 659634              [.] 0x0000ffff99621164
            |
            ---0xffff99621207
               0xffff99621164

     7.34%     0.00%  sqgi     [JIT] tid 659634              [.] 0x0000ffff99622407
            |
            ---0xffff99622407
               |          
                --2.45%--0xffff99622164

     6.73%     6.73%  sqgi     [JIT] tid 659634              [.] 0x0000ffff996241e4
            |
            ---0xffff9962447f
               0xffff996241e4

     6.13%     6.13%  sqgi     [JIT] tid 659634              [.] 0x0000ffff99625764
            |
            ---0xffff99625b97
               0xffff99625764

     5.52%     5.52%  sqgi     [JIT] tid 659634              [.] 0x0000ffff99625690
            |
            ---0xffff99625b97
               0xffff99625690

     5.52%     5.52%  sqgi     [JIT] tid 659634              [.] 0x0000ffff99625414
            |
            ---0xffff99625b97
               0xffff99625414

     5.03%     0.00%  sqgi     [JIT] tid 659634              [.] 0x0000ffff99627347
            |
            ---0xffff99627347
               |          
                --3.82%--0xffff99627164

     4.84%     4.84%  sqgi     [JIT] tid 659634              [.] 0x0000ffff99626244
            |
            ---0xffff9962670b
               0xffff99626244

     4.29%     4.29%  sqgi     [JIT] tid 659634              [.] 0x0000ffff996255bc
            |
            ---0xffff99625b97
               0xffff996255bc

     3.82%     3.82%  sqgi     [JIT] tid 659634              [.] 0x0000ffff99627164
            |
            ---0xffff99627347
               0xffff99627164

     3.68%     3.68%  sqgi     [JIT] tid 659634              [.] 0x0000ffff9962590c
            |
            ---0xffff99625b97
               0xffff9962590c

     3.68%     3.68%  sqgi     [JIT] tid 659634              [.] 0x0000ffff996254e8
            |
            ---0xffff99625b97
               0xffff996254e8

     3.68%     3.68%  sqgi     [JIT] tid 659634              [.] 0x0000ffff99623198
            |
            ---0xffff9962353b
               0xffff99623198

     3.06%     3.06%  sqgi     [JIT] tid 659634              [.] 0x0000ffff99625838
            |
            ---0xffff99625b97
               0xffff99625838

     2.71%     0.00%  sqgi     sqgi                          [.] _start
            |
            ---_start
               __libc_start_main_impl (inlined)
               __libc_start_call_main
               main

     2.71%     0.00%  sqgi     libc.so.6                     [.] __libc_start_main_impl (inlined)
            |
            ---__libc_start_main_impl (inlined)
               __libc_start_call_main
               main

     2.71%     0.00%  sqgi     libc.so.6                     [.] __libc_start_call_main
            |
            ---__libc_start_call_main
               main

     2.71%     0.00%  sqgi     sqgi                          [.] main
            |
            ---main

     2.45%     2.45%  sqgi     [JIT] tid 659634              [.] 0x0000ffff99622164
            |
            ---0xffff99622407
               0xffff99622164



#
# (Cannot load tips.txt file, please install perf!)
#
