BENCH	filter	200000	0.013180000	10.254364576940203
BENCH	channels_4	200000	0.034960000	20.621658757381574
BENCH	pressure_8	200000	0.093770000	30.900920683591639
BENCH	integration	200000	0.022540000	1562.9738403896752
BENCH	retained_input	200000	0.024670000	399985.55383443867
BENCH	branching	200000	0.017945000	1.6005902475563216
BENCH	helper_control	200000	0.019295000	3.7152600782050693
BENCH	filter	200000	0.013400000	10.254364576940203
BENCH	channels_4	200000	0.034905000	20.621658757381574
BENCH	pressure_8	200000	0.093660000	30.900920683591639
BENCH	integration	200000	0.022445000	1562.9738403896752
BENCH	retained_input	200000	0.024355000	399985.55383443867
BENCH	branching	200000	0.018120000	1.6005902475563216
BENCH	helper_control	200000	0.019325000	3.7152600782050693
BENCH	filter	200000	0.013455000	10.254364576940203
BENCH	channels_4	200000	0.035070000	20.621658757381574
BENCH	pressure_8	200000	0.093815000	30.900920683591639
BENCH	integration	200000	0.022455000	1562.9738403896752
BENCH	retained_input	200000	0.024550000	399985.55383443867
BENCH	branching	200000	0.017885000	1.6005902475563216
BENCH	helper_control	200000	0.019345000	3.7152600782050693
338.09;msec;task-clock:u;1.62%;338089501;100.00;0.973;CPUs utilized
747563681;;cycles:u;0.09%;338128582;100.00;2.176;GHz
1232770231;;instructions:u;0.00%;338128582;100.00;1.65;insn per cycle
152700;;branch-misses:u;0.90%;338128582;100.00;;
331348150;;cache-references:u;0.00%;338128582;100.00;964.686;M/sec
241197;;cache-misses:u;0.54%;338128582;100.00;0.073;of all cache refs
791;;page-faults:u;0.00%;338089501;100.00;2.303;K/sec
0;;context-switches:u;0.00%;338089501;100.00;0.000;/sec
