# To display the perf.data header info, please use --header/--header-only options.
#
#
# Total Lost Samples: 0
#
# Samples: 2K of event 'cycles:u'
# Event count (approx.): 9981074961
#
# Children      Self  Command  Shared Object          Symbol                                                                                          
# ........  ........  .......  .....................  ................................................................................................
#
    27.43%     0.00%  sqgi     sqgi                   [.] _start
            |
            ---_start
               __libc_start_main_impl (inlined)
               __libc_start_call_main
               main
               |          
                --27.35%--sq_call
                          SQVM::Execute
                          |          
                           --2.42%--SQObjectPtr::operator= (inlined)

    27.43%     0.00%  sqgi     libc.so.6              [.] __libc_start_main_impl (inlined)
            |
            ---__libc_start_main_impl (inlined)
               __libc_start_call_main
               main
               |          
                --27.35%--sq_call
                          SQVM::Execute
                          |          
                           --2.42%--SQObjectPtr::operator= (inlined)

    27.43%     0.00%  sqgi     libc.so.6              [.] __libc_start_call_main
            |
            ---__libc_start_call_main
               main
               |          
                --27.35%--sq_call
                          SQVM::Execute
                          |          
                           --2.42%--SQObjectPtr::operator= (inlined)

    27.43%     0.00%  sqgi     sqgi                   [.] main
            |
            ---main
               |          
                --27.35%--sq_call
                          SQVM::Execute
                          |          
                           --2.42%--SQObjectPtr::operator= (inlined)

    27.35%    22.23%  sqgi     sqgi                   [.] SQVM::Execute
            |          
            |--22.23%--_start
            |          __libc_start_main_impl (inlined)
            |          __libc_start_call_main
            |          main
            |          sq_call
            |          SQVM::Execute
            |          |          
            |           --2.42%--SQObjectPtr::operator= (inlined)
            |          
             --5.12%--SQVM::Execute

    27.35%     0.00%  sqgi     sqgi                   [.] sq_call
            |
            ---sq_call
               SQVM::Execute
               |          
                --2.42%--SQObjectPtr::operator= (inlined)

    11.30%     0.00%  sqgi     [JIT] tid 659267       [.] 0x0000ffff9daa73af
            |
            ---0xffff9daa73af
               |          
                --9.74%--0xffff9daa7164

     9.74%     9.74%  sqgi     [JIT] tid 659267       [.] 0x0000ffff9daa7164
            |
            ---0xffff9daa73af
               0xffff9daa7164

     9.34%     0.00%  sqgi     [JIT] tid 659267       [.] 0x0000ffff9daa63db
            |
            ---0xffff9daa63db
               |          
                --6.32%--0xffff9daa6164

     8.42%     0.00%  sqgi     [JIT] tid 659267       [.] 0x0000ffff9daa4043
            |
            ---0xffff9daa4043
               |          
                --2.65%--0xffff9daa4230

     7.09%     0.00%  sqgi     [JIT] tid 659267       [.] 0x0000ffff9d84e32b
            |
            ---0xffff9d84e32b

     6.32%     6.32%  sqgi     [JIT] tid 659267       [.] 0x0000ffff9daa6164
            |
            ---0xffff9daa63db
               0xffff9daa6164

     5.49%     0.00%  sqgi     [JIT] tid 659267       [.] 0x0000ffff9daa5313
            |
            ---0xffff9daa5313
               |          
                --4.85%--0xffff9daa5164

     4.85%     4.85%  sqgi     [JIT] tid 659267       [.] 0x0000ffff9daa5164
            |
            ---0xffff9daa5313
               0xffff9daa5164

     3.29%     3.29%  sqgi     [JIT] tid 659267       [.] 0x0000ffff9daa4230
            |          
             --2.65%--0xffff9daa4043
                       0xffff9daa4230

     2.97%     0.00%  sqgi     [JIT] tid 659267       [.] 0x0000ffff9d89310f
            |
            ---0xffff9d89310f

     2.93%     1.05%  sqgi     sqgi                   [.] sqjit_a64_helper_member_native_closure_guard
     2.88%     0.00%  sqgi     sqgi                   [.] SQObjectPtr::operator= (inlined)
            |
            ---SQObjectPtr::operator= (inlined)

     2.47%     1.46%  sqgi     sqgi                   [.] sqjit_number_conversion_guard
     2.42%     2.42%  sqgi     [JIT] tid 659267       [.] 0x0000ffff9daa4244
     2.24%     2.24%  sqgi     sqgi                   [.] SQTable::Get
     2.10%     0.00%  sqgi     [JIT] tid 659267       [.] 0x0000ffff9daaa11b
            |
            ---0xffff9daaa11b

     2.01%     0.00%  sqgi     [JIT] tid 659267       [.] 0x0000ffff9daa913b
            |
            ---0xffff9daa913b



#
# (Cannot load tips.txt file, please install perf!)
#
