BENCH	direct_call	3200000	0.025643	563347
BENCH	branch_call	3200000	0.021291	599062
BENCH	float_call	3200000	0.012439	8.2204724409448815
BENCH	numeric_loop	3200000	0.022820	612398470
BENCH	vector	160000	0.376219	0.12553851953971693
BENCH	dynamic_member	160000	0.727150	7261462
BENCH	dynamic_key_get_set	160000	0.182919	6566091
BENCH	object_member_write_fallback	160000	0.470562	595919
BENCH	array_append	160000	0.128475	3048687
BENCH	array_write	160000	0.036725	831988
BENCH	array_read	3200000	0.007064	8000000
BENCH	array_float	3200000	0.006762	6400000
BENCH	math_intrinsic	160000	0.208037	2418270.8295144332
BENCH	math_variable	160000	0.223137	313782.39947747899
BENCH	matrix	160000	0.310094	-0.024510798820940455
BENCH	direct_call	3200000	0.025665	563347
BENCH	branch_call	3200000	0.021443	599062
BENCH	float_call	3200000	0.012430	8.2204724409448815
BENCH	numeric_loop	3200000	0.022754	612398470
BENCH	vector	160000	0.367262	0.12553851953971693
BENCH	dynamic_member	160000	0.726531	7261462
BENCH	dynamic_key_get_set	160000	0.182606	6566091
BENCH	object_member_write_fallback	160000	0.471781	595919
BENCH	array_append	160000	0.130144	3048687
BENCH	array_write	160000	0.036881	831988
BENCH	array_read	3200000	0.007124	8000000
BENCH	array_float	3200000	0.006841	6400000
BENCH	math_intrinsic	160000	0.203831	2418270.8295144332
BENCH	math_variable	160000	0.220306	313782.39947747899
BENCH	matrix	160000	0.309988	-0.024510798820940455
BENCH	direct_call	3200000	0.025632	563347
BENCH	branch_call	3200000	0.021367	599062
BENCH	float_call	3200000	0.012450	8.2204724409448815
BENCH	numeric_loop	3200000	0.022848	612398470
BENCH	vector	160000	0.366144	0.12553851953971693
BENCH	dynamic_member	160000	0.724888	7261462
BENCH	dynamic_key_get_set	160000	0.182569	6566091
BENCH	object_member_write_fallback	160000	0.471944	595919
BENCH	array_append	160000	0.129850	3048687
BENCH	array_write	160000	0.037062	831988
BENCH	array_read	3200000	0.007052	8000000
BENCH	array_float	3200000	0.006783	6400000
BENCH	math_intrinsic	160000	0.204356	2418270.8295144332
BENCH	math_variable	160000	0.219775	313782.39947747899
BENCH	matrix	160000	0.310588	-0.024510798820940455
4411.15;msec;task-clock:u;0.08%;4411148352;100.00;0.997;CPUs utilized
9960900589;;cycles:u;0.09%;4411542984;100.00;2.256;GHz
22870435832;;instructions:u;0.00%;4411542984;100.00;2.29;insn per cycle
2996342;;branch-misses:u;3.84%;4411542984;100.00;;
9168336590;;cache-references:u;0.13%;4411542984;100.00;2.076;G/sec
1223280;;cache-misses:u;1.28%;4411542984;100.00;0.013;of all cache refs
10511;;page-faults:u;0.00%;4411148352;100.00;2.381;K/sec
0;;context-switches:u;0.00%;4411148352;100.00;0.000;/sec
