BENCH	table_events_97	200000	0.416260000	10069540
BENCH	class_events_97	200000	0.410085000	10069540
BENCH	buffers_7	200000	0.433170000	65667
BENCH	buffers_31	200000	0.432250000	651677
BENCH	calibrate_17	200000	0.083080000	1040538.515625
BENCH	calibrate_67	200000	0.083950000	1040417.796875
BENCH	table_events_97	200000	0.414120000	10069540
BENCH	class_events_97	200000	0.412030000	10069540
BENCH	buffers_7	200000	0.433765000	65667
BENCH	buffers_31	200000	0.433400000	651677
BENCH	calibrate_17	200000	0.083395000	1040538.515625
BENCH	calibrate_67	200000	0.084370000	1040417.796875
BENCH	table_events_97	200000	0.416040000	10069540
BENCH	class_events_97	200000	0.408785000	10069540
BENCH	buffers_7	200000	0.432385000	65667
BENCH	buffers_31	200000	0.431680000	651677
BENCH	calibrate_17	200000	0.083220000	1040538.515625
BENCH	calibrate_67	200000	0.083840000	1040417.796875
2619.71;msec;task-clock:u;0.17%;2619712363;100.00;0.995;CPUs utilized
5958530858;;cycles:u;0.04%;2619973117;100.00;2.267;GHz
17363957876;;instructions:u;0.00%;2619973117;100.00;2.91;insn per cycle
3344955;;branch-misses:u;0.31%;2619973117;100.00;;
7152131907;;cache-references:u;0.02%;2619973117;100.00;2.722;G/sec
5578549;;cache-misses:u;0.92%;2619973117;100.00;0.078;of all cache refs
814;;page-faults:u;0.12%;2619712363;100.00;309.763;/sec
0;;context-switches:u;0.00%;2619712363;100.00;0.000;/sec
