BENCH	transfer_table	200000	0.429855000	141925
BENCH	transfer_class	200000	0.441310000	141925
BENCH	transfer_mixed	200000	0.442300000	141925
BENCH	publish_table	200000	0.386665000	410680
BENCH	publish_class	200000	0.395245000	410680
BENCH	publish_mixed	200000	0.398555000	410680
BENCH	transfer_table	200000	0.429655000	141925
BENCH	transfer_class	200000	0.439725000	141925
BENCH	transfer_mixed	200000	0.441655000	141925
BENCH	publish_table	200000	0.387745000	410680
BENCH	publish_class	200000	0.395290000	410680
BENCH	publish_mixed	200000	0.399470000	410680
BENCH	transfer_table	200000	0.431010000	141925
BENCH	transfer_class	200000	0.442725000	141925
BENCH	transfer_mixed	200000	0.444885000	141925
BENCH	publish_table	200000	0.388590000	410680
BENCH	publish_class	200000	0.395990000	410680
BENCH	publish_mixed	200000	0.398960000	410680
3523.73;msec;task-clock:u;0.13%;3523732895;100.00;0.999;CPUs utilized
8027842738;;cycles:u;0.12%;3524068319;100.00;2.281;GHz
23316806959;;instructions:u;0.00%;3524068319;100.00;2.91;insn per cycle
1646199;;branch-misses:u;0.22%;3524068319;100.00;;
9605000171;;cache-references:u;0.00%;3524068319;100.00;2.729;G/sec
412171;;cache-misses:u;3.95%;3524068319;100.00;0.004;of all cache refs
794;;page-faults:u;0.08%;3523732895;100.00;225.588;/sec
0;;context-switches:u;0.00%;3523732895;100.00;0.000;/sec
