# To display the perf.data header info, please use --header/--header-only options.
#
#
# Total Lost Samples: 0
#
# Samples: 1K of event 'cycles:u'
# Event count (approx.): 8022679618
#
# Children      Self  Command  Shared Object                 Symbol                                         
# ........  ........  .......  ............................  ...............................................
#
    74.91%     0.00%  sqgi     libc.so.6                     [.] __libc_start_call_main
            |
            ---__libc_start_call_main
               __libc_start_call_main
               main
               |          
                --74.85%--sq_call
                          SQVM::Execute
                          |          
                          |--12.97%--sqjit_try_execute_current
                          |          |          
                          |           --4.55%--SQVM::Return
                          |          
                          |--4.49%--sqjit_try_execute_current_loop
                          |          
                          |--4.36%--SQObjectPtr::operator= (inlined)
                          |          
                          |--3.58%--SQVM::StartCall
                          |          
                          |--3.52%--SQArray::Get (inlined)
                          |          |          
                          |           --3.00%--SQArray::Get (inlined)
                          |          
                          |--2.73%--SQVM::CMP_OP
                          |          
                           --2.65%--sqjit_try_execute_closure

    74.91%     0.00%  sqgi     sqgi                          [.] main
            |
            ---main
               |          
                --74.85%--sq_call
                          SQVM::Execute
                          |          
                          |--12.97%--sqjit_try_execute_current
                          |          |          
                          |           --4.55%--SQVM::Return
                          |          
                          |--4.49%--sqjit_try_execute_current_loop
                          |          
                          |--4.36%--SQObjectPtr::operator= (inlined)
                          |          
                          |--3.58%--SQVM::StartCall
                          |          
                          |--3.52%--SQArray::Get (inlined)
                          |          |          
                          |           --3.00%--SQArray::Get (inlined)
                          |          
                          |--2.73%--SQVM::CMP_OP
                          |          
                           --2.65%--sqjit_try_execute_closure

    74.85%    45.90%  sqgi     sqgi                          [.] SQVM::Execute
            |          
            |--45.90%--__libc_start_call_main
            |          __libc_start_call_main
            |          main
            |          sq_call
            |          SQVM::Execute
            |          |          
            |          |--4.36%--SQObjectPtr::operator= (inlined)
            |          |          
            |           --3.52%--SQArray::Get (inlined)
            |                     |          
            |                      --3.00%--SQArray::Get (inlined)
            |          
             --28.96%--SQVM::Execute
                       |          
                       |--12.97%--sqjit_try_execute_current
                       |          |          
                       |           --4.55%--SQVM::Return
                       |          
                       |--4.49%--sqjit_try_execute_current_loop
                       |          
                       |--3.58%--SQVM::StartCall
                       |          
                       |--2.73%--SQVM::CMP_OP
                       |          
                        --2.65%--sqjit_try_execute_closure

    74.85%     0.00%  sqgi     sqgi                          [.] sq_call
            |
            ---sq_call
               SQVM::Execute
               |          
               |--12.97%--sqjit_try_execute_current
               |          |          
               |           --4.55%--SQVM::Return
               |          
               |--4.49%--sqjit_try_execute_current_loop
               |          
               |--4.36%--SQObjectPtr::operator= (inlined)
               |          
               |--3.58%--SQVM::StartCall
               |          
               |--3.52%--SQArray::Get (inlined)
               |          |          
               |           --3.00%--SQArray::Get (inlined)
               |          
               |--2.73%--SQVM::CMP_OP
               |          
                --2.65%--sqjit_try_execute_closure

    13.20%     5.75%  sqgi     sqgi                          [.] sqjit_try_execute_current
            |          
            |--7.45%--sqjit_try_execute_current
            |          |          
            |           --4.55%--SQVM::Return
            |          
             --5.75%--__libc_start_call_main
                       __libc_start_call_main
                       main
                       sq_call
                       SQVM::Execute
                       sqjit_try_execute_current

     9.27%     8.02%  sqgi     sqgi                          [.] sqjit_a64_precise_step<(SQOpcode)13, true>
            |          
            |--2.39%--0xffffae80812f
            |          0xffffae80812f
            |          sqjit_a64_precise_step<(SQOpcode)13, true>
            |          
             --2.33%--0xffffae8093d7
                       0xffffae8093d7
                       sqjit_a64_precise_step<(SQOpcode)13, true>

     5.73%     0.00%  sqgi     sqgi                          [.] SQObjectPtr::operator= (inlined)
            |
            ---SQObjectPtr::operator= (inlined)

     4.95%     0.00%  sqgi     [JIT] tid 659575              [.] 0x0000ffffae8093d7
            |
            ---0xffffae8093d7
               |          
                --2.56%--0xffffae8093d7
                          sqjit_a64_precise_step<(SQOpcode)13, true>

     4.55%     2.56%  sqgi     sqgi                          [.] SQVM::Return
            |          
             --2.56%--__libc_start_call_main
                       __libc_start_call_main
                       main
                       sq_call
                       SQVM::Execute
                       sqjit_try_execute_current
                       SQVM::Return

     4.49%     3.53%  sqgi     sqgi                          [.] sqjit_try_execute_current_loop
            |          
             --3.53%--__libc_start_call_main
                       __libc_start_call_main
                       main
                       sq_call
                       SQVM::Execute
                       sqjit_try_execute_current_loop

     4.32%     0.00%  sqgi     sqgi                          [.] sqjit_a64_precise_member<true> (inlined)
            |
            ---sqjit_a64_precise_member<true> (inlined)
               |          
                --3.70%--sq_member_raw_slot (inlined)

     3.70%     0.00%  sqgi     sqgi                          [.] sq_member_raw_slot (inlined)
            |
            ---sq_member_raw_slot (inlined)

     3.58%     3.18%  sqgi     sqgi                          [.] SQVM::StartCall
            |          
             --3.18%--__libc_start_call_main
                       __libc_start_call_main
                       main
                       sq_call
                       SQVM::Execute
                       SQVM::StartCall

     3.52%     0.00%  sqgi     sqgi                          [.] SQArray::Get (inlined)
            |
            ---SQArray::Get (inlined)
               |          
                --3.00%--SQArray::Get (inlined)

     3.47%     0.00%  sqgi     [JIT] tid 659575              [.] 0x0000ffffae8090eb
            |
            ---0xffffae8090eb
               |          
                --2.28%--0xffffae8090eb
                          sqjit_a64_precise_step<(SQOpcode)14, true>

     3.19%     0.00%  sqgi     [JIT] tid 659575              [.] 0x0000ffffae80820f
            |
            ---0xffffae80820f
               |          
                --2.73%--0xffffae80820f
                          sqjit_a64_precise_step<(SQOpcode)13, true>

     3.02%     0.00%  sqgi     [JIT] tid 659575              [.] 0x0000ffffae8082ef
            |
            ---0xffffae8082ef

     3.01%     0.00%  sqgi     [JIT] tid 659575              [.] 0x0000ffffae80812f
            |
            ---0xffffae80812f
               |          
                --2.67%--0xffffae80812f
                          sqjit_a64_precise_step<(SQOpcode)13, true>

     2.96%     0.00%  sqgi     sqgi                          [.] SQTable::GetRawSlot (inlined)
            |
            ---SQTable::GetRawSlot (inlined)

     2.73%     0.80%  sqgi     sqgi                          [.] SQVM::CMP_OP
     2.65%     2.53%  sqgi     sqgi                          [.] sqjit_try_execute_closure
            |          
             --2.53%--__libc_start_call_main
                       __libc_start_call_main
                       main
                       sq_call
                       SQVM::Execute
                       sqjit_try_execute_closure

     2.62%     0.00%  sqgi     [JIT] tid 659575              [.] 0x0000ffffae809083
            |
            ---0xffffae809083
               |          
                --2.50%--0xffffae809083
                          sqjit_a64_precise_step<(SQOpcode)9, true>

     2.50%     2.50%  sqgi     sqgi                          [.] sqjit_a64_precise_step<(SQOpcode)9, true>
            |
            ---0xffffae809083
               0xffffae809083
               sqjit_a64_precise_step<(SQOpcode)9, true>

     2.28%     2.28%  sqgi     sqgi                          [.] sqjit_a64_precise_step<(SQOpcode)14, true>
            |
            ---0xffffae8090eb
               0xffffae8090eb
               sqjit_a64_precise_step<(SQOpcode)14, true>



#
# (Cannot load tips.txt file, please install perf!)
#
