BENCH	table_owners_1	200000	0.141090000	5098276961
BENCH	table_owners_2	200000	0.140965000	5098477602
BENCH	table_owners_5	200000	0.141035000	5097878556
BENCH	table_owners_19	200000	0.141170000	5098684496
BENCH	table_owners_257	200000	0.141395000	5100408060
BENCH	class_owners_1	200000	0.141595000	5098276961
BENCH	class_owners_2	200000	0.140975000	5098477602
BENCH	class_owners_5	200000	0.140990000	5097878556
BENCH	class_owners_19	200000	0.141095000	5098684496
BENCH	class_owners_257	200000	0.141805000	5100408060
BENCH	table_owners_1	200000	0.141955000	5098276961
BENCH	table_owners_2	200000	0.141875000	5098477602
BENCH	table_owners_5	200000	0.141860000	5097878556
BENCH	table_owners_19	200000	0.141950000	5098684496
BENCH	table_owners_257	200000	0.142530000	5100408060
BENCH	class_owners_1	200000	0.141755000	5098276961
BENCH	class_owners_2	200000	0.142030000	5098477602
BENCH	class_owners_5	200000	0.141970000	5097878556
BENCH	class_owners_19	200000	0.142315000	5098684496
BENCH	class_owners_257	200000	0.142205000	5100408060
BENCH	table_owners_1	200000	0.141200000	5098276961
BENCH	table_owners_2	200000	0.141185000	5098477602
BENCH	table_owners_5	200000	0.141535000	5097878556
BENCH	table_owners_19	200000	0.141705000	5098684496
BENCH	table_owners_257	200000	0.141720000	5100408060
BENCH	class_owners_1	200000	0.141490000	5098276961
BENCH	class_owners_2	200000	0.141570000	5098477602
BENCH	class_owners_5	200000	0.141120000	5097878556
BENCH	class_owners_19	200000	0.141170000	5098684496
BENCH	class_owners_257	200000	0.141900000	5100408060
2003.77;msec;task-clock:u;0.12%;2003767325;100.00;0.994;CPUs utilized
4541573284;;cycles:u;0.16%;2004031867;100.00;2.261;GHz
13468217599;;instructions:u;0.00%;2004031867;100.00;2.96;insn per cycle
145834;;branch-misses:u;0.90%;2004031867;100.00;;
5274930391;;cache-references:u;0.00%;2004031867;100.00;2.626;G/sec
326551;;cache-misses:u;7.61%;2004031867;100.00;0.006;of all cache refs
786;;page-faults:u;0.04%;2003767325;100.00;391.338;/sec
0;;context-switches:u;0.00%;2003767325;100.00;0.000;/sec
