# To display the perf.data header info, please use --header/--header-only options.
#
#
# Total Lost Samples: 0
#
# Samples: 220  of event 'cycles:u'
# Event count (approx.): 876638440
#
# Children      Self  Command  Shared Object                 Symbol                                                                                                                                                         
# ........  ........  .......  ............................  ...............................................................................................................................................................
#
    24.98%     8.33%  sqgi     sqgi                          [.] sqjit_a64_helper_member_set_integer_logged
            |          
            |--16.65%--sqjit_a64_helper_member_set_integer_logged
            |          |          
            |          |--9.36%--sqjit_a64_helper_member_set_integer_logged
            |          |          SQJitWriteLog::RecordMember
            |          |          |          
            |          |           --5.72%--SQJitWriteLog::CanRelease
            |          |          
            |           --7.29%--sqjit_a64_member_store_slot (inlined)
            |                     sqjit_a64_member_store_slot (inlined)
            |                     sqjit_a64_helper_member_set_integer_logged
            |                     sqjit_a64_resolve_root_store_slot
            |                     |          
            |                      --3.65%--SQTable::GetRawSlot (inlined)
            |                                |          
            |                                 --2.60%--SQTable::_Get (inlined)
            |          
            |--4.69%--0xffffa19d61f7
            |          0xffffa19d61f7
            |          sqjit_a64_helper_member_set_integer_logged
            |          |          
            |           --2.60%--sqjit_a64_member_store_slot (inlined)
            |                     sqjit_a64_member_store_slot (inlined)
            |                     sqjit_a64_resolve_store_slot (inlined)
            |          
             --3.64%--0xffffa19d41db
                       0xffffa19d41db
                       sqjit_a64_helper_member_set_integer_logged
                       |          
                        --2.08%--sqjit_a64_member_store_slot (inlined)
                                  sqjit_a64_member_store_slot (inlined)
                                  sqjit_a64_resolve_store_slot (inlined)

    23.77%     8.76%  sqgi     sqgi                          [.] sqjit_a64_helper_member_closure_guard
            |          
            |--15.01%--sqjit_a64_helper_member_closure_guard
            |          sqjit_a64_helper_member_closure_guard
            |          sqjit_a64_borrow_member_ptr_value
            |          |          
            |           --7.26%--SQTable::GetRawSlot (inlined)
            |                     |          
            |                      --5.18%--SQTable::_Get (inlined)
            |          
            |--3.12%--0xffffa19d514b
            |          0xffffa19d514b
            |          sqjit_a64_helper_member_closure_guard
            |          
            |--2.08%--0xffffa19d616b
            |          0xffffa19d616b
            |          sqjit_a64_helper_member_closure_guard
            |          
             --2.08%--0xffffa19d414f
                       0xffffa19d414f
                       sqjit_a64_helper_member_closure_guard

    20.89%     8.75%  sqgi     sqgi                          [.] SQJitWriteLog::RecordMember
            |          
            |--12.14%--SQJitWriteLog::RecordMember
            |          |          
            |           --11.62%--SQJitWriteLog::CanRelease
            |          
            |--3.64%--0xffffa19d5207
            |          0xffffa19d5207
            |          sqjit_a64_helper_member_set_reference_logged
            |          sqjit_a64_helper_member_set_reference_logged
            |          SQJitWriteLog::RecordMember
            |          SQJitWriteLog::ContainsMember<true> (inlined)
            |          
             --2.08%--0xffffa19d41db
                       0xffffa19d41db
                       sqjit_a64_helper_member_set_integer_logged
                       sqjit_a64_helper_member_set_integer_logged
                       SQJitWriteLog::RecordMember

    19.25%     0.00%  sqgi     [JIT] tid 659424              [.] 0x0000ffffa19d5207
            |
            ---0xffffa19d5207
               |          
                --16.65%--0xffffa19d5207
                          sqjit_a64_helper_member_set_reference_logged
                          |          
                          |--7.81%--sqjit_a64_member_store_slot (inlined)
                          |          sqjit_a64_member_store_slot (inlined)
                          |          |          
                          |          |--4.68%--sqjit_a64_resolve_store_slot (inlined)
                          |          |          sq_member_raw_slot (inlined)
                          |          |          SQTable::GetRawSlot (inlined)
                          |          |          |          
                          |          |           --3.64%--SQTable::_Get (inlined)
                          |          |          
                          |           --2.60%--sqjit_a64_helper_member_set_reference_logged
                          |                     sqjit_a64_resolve_root_store_slot
                          |          
                           --7.29%--sqjit_a64_helper_member_set_reference_logged
                                     SQJitWriteLog::RecordMember
                                     |          
                                     |--4.16%--SQJitWriteLog::ContainsMember<true> (inlined)
                                     |          
                                      --3.12%--SQJitWriteLog::CanRelease

    16.65%     6.76%  sqgi     sqgi                          [.] sqjit_a64_helper_member_set_reference_logged
            |          
            |--9.89%--sqjit_a64_helper_member_set_reference_logged
            |          |          
            |          |--7.29%--sqjit_a64_helper_member_set_reference_logged
            |          |          SQJitWriteLog::RecordMember
            |          |          |          
            |          |          |--4.16%--SQJitWriteLog::ContainsMember<true> (inlined)
            |          |          |          
            |          |           --3.12%--SQJitWriteLog::CanRelease
            |          |          
            |           --2.60%--sqjit_a64_member_store_slot (inlined)
            |                     sqjit_a64_member_store_slot (inlined)
            |                     sqjit_a64_helper_member_set_reference_logged
            |                     sqjit_a64_resolve_root_store_slot
            |          
             --6.76%--0xffffa19d5207
                       0xffffa19d5207
                       sqjit_a64_helper_member_set_reference_logged
                       |          
                        --5.20%--sqjit_a64_member_store_slot (inlined)
                                  sqjit_a64_member_store_slot (inlined)
                                  |          
                                   --4.68%--sqjit_a64_resolve_store_slot (inlined)
                                             sq_member_raw_slot (inlined)
                                             SQTable::GetRawSlot (inlined)
                                             |          
                                              --3.64%--SQTable::_Get (inlined)

    16.13%     0.00%  sqgi     [JIT] tid 659424              [.] 0x0000ffffa19d61f7
            |
            ---0xffffa19d61f7
               |          
                --13.53%--0xffffa19d61f7
                          sqjit_a64_helper_member_set_integer_logged
                          |          
                          |--6.25%--sqjit_a64_member_store_slot (inlined)
                          |          sqjit_a64_member_store_slot (inlined)
                          |          |          
                          |          |--3.65%--sqjit_a64_helper_member_set_integer_logged
                          |          |          sqjit_a64_resolve_root_store_slot
                          |          |          |          
                          |          |           --2.60%--SQTable::GetRawSlot (inlined)
                          |          |                     |          
                          |          |                      --2.08%--SQTable::_Get (inlined)
                          |          |          
                          |           --2.60%--sqjit_a64_resolve_store_slot (inlined)
                          |          
                           --5.20%--sqjit_a64_helper_member_set_integer_logged
                                     SQJitWriteLog::RecordMember
                                     |          
                                      --3.64%--SQJitWriteLog::CanRelease

    15.01%    15.01%  sqgi     sqgi                          [.] sqjit_a64_borrow_member_ptr_value
            |          
            |--6.16%--0xffffa19d716b
            |          0xffffa19d716b
            |          sqjit_a64_helper_member_closure_guard
            |          sqjit_a64_helper_member_closure_guard
            |          sqjit_a64_borrow_member_ptr_value
            |          |          
            |           --3.61%--SQTable::GetRawSlot (inlined)
            |                     |          
            |                      --2.57%--SQTable::_Get (inlined)
            |          
            |--4.68%--0xffffa19d414f
            |          0xffffa19d414f
            |          sqjit_a64_helper_member_closure_guard
            |          sqjit_a64_helper_member_closure_guard
            |          sqjit_a64_borrow_member_ptr_value
            |          |          
            |           --2.08%--SQTable::GetRawSlot (inlined)
            |                     SQTable::_Get (inlined)
            |          
            |--2.08%--0xffffa19d616b
            |          0xffffa19d616b
            |          sqjit_a64_helper_member_closure_guard
            |          sqjit_a64_helper_member_closure_guard
            |          sqjit_a64_borrow_member_ptr_value
            |          
             --2.08%--0xffffa19d514b
                       0xffffa19d514b
                       sqjit_a64_helper_member_closure_guard
                       sqjit_a64_helper_member_closure_guard
                       sqjit_a64_borrow_member_ptr_value

    13.00%     0.00%  sqgi     [JIT] tid 659424              [.] 0x0000ffffa19d41db
            |
            ---0xffffa19d41db
               |          
                --11.44%--0xffffa19d41db
                          sqjit_a64_helper_member_set_integer_logged
                          |          
                          |--5.72%--sqjit_a64_member_store_slot (inlined)
                          |          sqjit_a64_member_store_slot (inlined)
                          |          |          
                          |          |--3.64%--sqjit_a64_helper_member_set_integer_logged
                          |          |          sqjit_a64_resolve_root_store_slot
                          |          |          
                          |           --2.08%--sqjit_a64_resolve_store_slot (inlined)
                          |          
                           --4.16%--sqjit_a64_helper_member_set_integer_logged
                                     SQJitWriteLog::RecordMember
                                     |          
                                      --2.08%--SQJitWriteLog::CanRelease

    11.97%     0.00%  sqgi     sqgi                          [.] sqjit_a64_member_store_slot (inlined)
            |
            ---sqjit_a64_member_store_slot (inlined)
               sqjit_a64_member_store_slot (inlined)
               |          
               |--7.29%--sqjit_a64_helper_member_set_integer_logged
               |          sqjit_a64_resolve_root_store_slot
               |          |          
               |           --3.65%--SQTable::GetRawSlot (inlined)
               |                     |          
               |                      --2.60%--SQTable::_Get (inlined)
               |          
                --4.69%--sqjit_a64_resolve_store_slot (inlined)
                          |          
                           --3.12%--sq_member_raw_slot (inlined)
                                     SQTable::GetRawSlot (inlined)
                                     SQTable::_Get (inlined)

    11.62%    11.62%  sqgi     sqgi                          [.] SQJitWriteLog::CanRelease
            |          
            |--3.64%--0xffffa19d61f7
            |          0xffffa19d61f7
            |          sqjit_a64_helper_member_set_integer_logged
            |          sqjit_a64_helper_member_set_integer_logged
            |          SQJitWriteLog::RecordMember
            |          SQJitWriteLog::CanRelease
            |          
            |--3.12%--0xffffa19d5207
            |          0xffffa19d5207
            |          sqjit_a64_helper_member_set_reference_logged
            |          sqjit_a64_helper_member_set_reference_logged
            |          SQJitWriteLog::RecordMember
            |          SQJitWriteLog::CanRelease
            |          
            |--2.78%--0xffffa19d7223
            |          0xffffa19d7223
            |          sqjit_a64_helper_instance_field_set_integer_logged
            |          sqjit_a64_helper_instance_field_set_integer_logged
            |          SQJitWriteLog::RecordMember
            |          SQJitWriteLog::CanRelease
            |          
             --2.08%--0xffffa19d41db
                       0xffffa19d41db
                       sqjit_a64_helper_member_set_integer_logged
                       sqjit_a64_helper_member_set_integer_logged
                       SQJitWriteLog::RecordMember
                       SQJitWriteLog::CanRelease

    11.50%     0.00%  sqgi     [JIT] tid 659424              [.] 0x0000ffffa19d716b
            |
            ---0xffffa19d716b
               |          
                --7.65%--0xffffa19d716b
                          sqjit_a64_helper_member_closure_guard
                          |          
                           --6.16%--sqjit_a64_helper_member_closure_guard
                                     sqjit_a64_borrow_member_ptr_value
                                     |          
                                      --3.61%--SQTable::GetRawSlot (inlined)
                                                |          
                                                 --2.57%--SQTable::_Get (inlined)

    11.44%     0.00%  sqgi     [JIT] tid 659424              [.] 0x0000ffffa19d514b
            |
            ---0xffffa19d514b
               |          
                --5.20%--0xffffa19d514b
                          sqjit_a64_helper_member_closure_guard
                          |          
                           --2.08%--sqjit_a64_helper_member_closure_guard
                                     sqjit_a64_borrow_member_ptr_value

    10.92%     0.00%  sqgi     [JIT] tid 659424              [.] 0x0000ffffa19d414f
            |
            ---0xffffa19d414f
               |          
               |--6.76%--0xffffa19d414f
               |          sqjit_a64_helper_member_closure_guard
               |          |          
               |           --4.68%--sqjit_a64_helper_member_closure_guard
               |                     sqjit_a64_borrow_member_ptr_value
               |                     |          
               |                      --2.08%--SQTable::GetRawSlot (inlined)
               |                                SQTable::_Get (inlined)
               |          
                --3.12%--0xffffa19d41c0

     9.89%     9.89%  sqgi     sqgi                          [.] sqjit_a64_resolve_root_store_slot
            |          
            |--3.65%--0xffffa19d61f7
            |          0xffffa19d61f7
            |          sqjit_a64_helper_member_set_integer_logged
            |          sqjit_a64_member_store_slot (inlined)
            |          sqjit_a64_member_store_slot (inlined)
            |          sqjit_a64_helper_member_set_integer_logged
            |          sqjit_a64_resolve_root_store_slot
            |          |          
            |           --2.60%--SQTable::GetRawSlot (inlined)
            |                     |          
            |                      --2.08%--SQTable::_Get (inlined)
            |          
            |--3.64%--0xffffa19d41db
            |          0xffffa19d41db
            |          sqjit_a64_helper_member_set_integer_logged
            |          sqjit_a64_member_store_slot (inlined)
            |          sqjit_a64_member_store_slot (inlined)
            |          sqjit_a64_helper_member_set_integer_logged
            |          sqjit_a64_resolve_root_store_slot
            |          
             --2.60%--0xffffa19d5207
                       0xffffa19d5207
                       sqjit_a64_helper_member_set_reference_logged
                       sqjit_a64_member_store_slot (inlined)
                       sqjit_a64_member_store_slot (inlined)
                       sqjit_a64_helper_member_set_reference_logged
                       sqjit_a64_resolve_root_store_slot

     7.81%     0.00%  sqgi     sqgi                          [.] sqjit_a64_member_store_slot (inlined)
            |
            ---sqjit_a64_member_store_slot (inlined)
               sqjit_a64_member_store_slot (inlined)
               |          
               |--4.68%--sqjit_a64_resolve_store_slot (inlined)
               |          sq_member_raw_slot (inlined)
               |          SQTable::GetRawSlot (inlined)
               |          |          
               |           --3.64%--SQTable::_Get (inlined)
               |          
                --2.60%--sqjit_a64_helper_member_set_reference_logged
                          sqjit_a64_resolve_root_store_slot

     7.68%     3.43%  sqgi     sqgi                          [.] sqjit_a64_helper_instance_field_set_integer_logged
            |          
            |--4.24%--sqjit_a64_helper_instance_field_set_integer_logged
            |          sqjit_a64_helper_instance_field_set_integer_logged
            |          SQJitWriteLog::RecordMember
            |          |          
            |           --2.78%--SQJitWriteLog::CanRelease
            |          
             --3.43%--0xffffa19d7223
                       0xffffa19d7223
                       sqjit_a64_helper_instance_field_set_integer_logged

     7.68%     0.00%  sqgi     [JIT] tid 659424              [.] 0x0000ffffa19d7223
            |
            ---0xffffa19d7223
               0xffffa19d7223
               sqjit_a64_helper_instance_field_set_integer_logged
               |          
                --4.24%--sqjit_a64_helper_instance_field_set_integer_logged
                          SQJitWriteLog::RecordMember
                          |          
                           --2.78%--SQJitWriteLog::CanRelease

     7.26%     0.00%  sqgi     sqgi                          [.] SQTable::GetRawSlot (inlined)
            |
            ---SQTable::GetRawSlot (inlined)
               |          
                --5.18%--SQTable::_Get (inlined)

     6.76%     0.00%  sqgi     [JIT] tid 659424              [.] 0x0000ffffa19d616b
            |
            ---0xffffa19d616b
               |          
               |--4.16%--0xffffa19d616b
               |          sqjit_a64_helper_member_closure_guard
               |          |          
               |           --2.08%--sqjit_a64_helper_member_closure_guard
               |                     sqjit_a64_borrow_member_ptr_value
               |          
                --2.08%--0xffffa19d61dc

     5.21%     0.00%  sqgi     sqgi                          [.] SQTable::GetRawSlot (inlined)
            |
            ---SQTable::GetRawSlot (inlined)
               |          
                --3.64%--SQTable::_Get (inlined)

     5.18%     0.00%  sqgi     sqgi                          [.] SQTable::_Get (inlined)
            |
            ---SQTable::_Get (inlined)

     4.69%     0.00%  sqgi     sqgi                          [.] sqjit_a64_resolve_store_slot (inlined)
            |
            ---sqjit_a64_resolve_store_slot (inlined)
               |          
                --3.12%--sq_member_raw_slot (inlined)
                          SQTable::GetRawSlot (inlined)
                          SQTable::_Get (inlined)

     4.68%     0.00%  sqgi     sqgi                          [.] sqjit_a64_resolve_store_slot (inlined)
            |
            ---sqjit_a64_resolve_store_slot (inlined)
               sq_member_raw_slot (inlined)
               SQTable::GetRawSlot (inlined)
               |          
                --3.64%--SQTable::_Get (inlined)

     4.68%     0.00%  sqgi     sqgi                          [.] sq_member_raw_slot (inlined)
            |
            ---sq_member_raw_slot (inlined)
               SQTable::GetRawSlot (inlined)
               |          
                --3.64%--SQTable::_Get (inlined)

     4.68%     0.00%  sqgi     sqgi                          [.] SQTable::GetRawSlot (inlined)
            |
            ---SQTable::GetRawSlot (inlined)
               |          
                --3.64%--SQTable::_Get (inlined)

     4.16%     0.00%  sqgi     sqgi                          [.] SQJitWriteLog::ContainsMember<true> (inlined)
            |
            ---SQJitWriteLog::ContainsMember<true> (inlined)

     3.64%     0.00%  sqgi     sqgi                          [.] SQTable::_Get (inlined)
            |
            ---SQTable::_Get (inlined)

     3.64%     0.00%  sqgi     sqgi                          [.] SQTable::_Get (inlined)
            |
            ---SQTable::_Get (inlined)

     3.12%     0.00%  sqgi     sqgi                          [.] sq_member_raw_slot (inlined)
            |
            ---sq_member_raw_slot (inlined)
               SQTable::GetRawSlot (inlined)
               SQTable::_Get (inlined)

     3.12%     0.00%  sqgi     sqgi                          [.] SQTable::GetRawSlot (inlined)
            |
            ---SQTable::GetRawSlot (inlined)
               SQTable::_Get (inlined)

     3.12%     0.00%  sqgi     sqgi                          [.] SQTable::_Get (inlined)
            |
            ---SQTable::_Get (inlined)

     3.12%     3.12%  sqgi     [JIT] tid 659424              [.] 0x0000ffffa19d41c0
            |
            ---0xffffa19d414f
               0xffffa19d41c0

     2.08%     2.08%  sqgi     [JIT] tid 659424              [.] 0x0000ffffa19d61dc
            |
            ---0xffffa19d616b
               0xffffa19d61dc



#
# (Cannot load tips.txt file, please install perf!)
#
