BENCH	receiver_integer	200000	0.054370000	595177
BENCH	root_integer	200000	0.063545000	595177
BENCH	root_reference	200000	0.084640000	799457
BENCH	root_integer_result	200000	0.065375000	795177
BENCH	receiver_integer	200000	0.054420000	595177
BENCH	root_integer	200000	0.063625000	595177
BENCH	root_reference	200000	0.085895000	799457
BENCH	root_integer_result	200000	0.065280000	795177
BENCH	receiver_integer	200000	0.054465000	595177
BENCH	root_integer	200000	0.063570000	595177
BENCH	root_reference	200000	0.086695000	799457
BENCH	root_integer_result	200000	0.065355000	795177
399.96;msec;task-clock:u;0.44%;399957541;100.00;0.979;CPUs utilized
889581233;;cycles:u;0.46%;400034249;100.00;2.205;GHz
2942958486;;instructions:u;0.10%;400034249;100.00;3.33;insn per cycle
442726;;branch-misses:u;14.71%;400034249;100.00;;
1016920064;;cache-references:u;0.27%;400034249;100.00;2.521;G/sec
194804;;cache-misses:u;0.67%;400034249;100.00;0.019;of all cache refs
782;;page-faults:u;0.07%;399957541;100.00;1.939;K/sec
0;;context-switches:u;0.00%;399957541;100.00;0.000;/sec
