Temporary breakpoint 1 at 0xe574
[Thread debugging using libthread_db enabled]
Using host libthread_db library "/lib/aarch64-linux-gnu/libthread_db.so.1".

Temporary breakpoint 1, 0x0000aaaaaaaae574 in main ()
STORE_HELPER_BREAKPOINTS 2
STORE_HELPER_HIT {'ip': 5, 'base': 2, 'source': 4, 'source_type': 'OT_FLOAT', 'owner_type': 'OT_TABLE'}
STORE_HELPER_HIT {'ip': 5, 'base': 2, 'source': 4, 'source_type': 'OT_ARRAY', 'owner_type': 'OT_TABLE'}
STORE_HELPER_HIT {'ip': 5, 'base': 2, 'source': 4, 'source_type': 'OT_WEAKREF', 'owner_type': 'OT_TABLE'}
STORE_HELPER_HIT {'ip': 5, 'base': 2, 'source': 4, 'source_type': 'OT_WEAKREF', 'owner_type': 'OT_TABLE'}
STORE_HELPER_HIT {'ip': 5, 'base': 2, 'source': 4, 'source_type': 'OT_FLOAT', 'owner_type': 'OT_INSTANCE'}
STORE_HELPER_HIT {'ip': 5, 'base': 2, 'source': 4, 'source_type': 'OT_ARRAY', 'owner_type': 'OT_INSTANCE'}
STORE_HELPER_HIT {'ip': 5, 'base': 2, 'source': 4, 'source_type': 'OT_WEAKREF', 'owner_type': 'OT_INSTANCE'}
STORE_HELPER_HIT {'ip': 5, 'base': 2, 'source': 4, 'source_type': 'OT_WEAKREF', 'owner_type': 'OT_INSTANCE'}
STORE_ROUTE_OK 12
[sqjit:stats] proto enters=14 hot=3 compile=3 success=1 fail=2
[sqjit:stats] proto exec attempts=14 success=12 guard_fail=0
[sqjit:stats] proto side_exits=0
[sqjit:stats] direct calls attempts=11 success=0 miss=11 guard_fail=0
[sqjit:stats] loops try=67 find_fail=24 compile=7 success=0 fail=7 exec=0 exec_success=0 guard_fail=0
[sqjit:stats] rejects=9 unique_reasons=2
[sqjit:stats] backoff proto=0 proto_skips=0 loop=0 loop_skips=0
[sqjit:stats] reject category count=7 category=loop
[sqjit:stats] reject category count=2 category=other
[sqjit:stats] reject reason count=2 reason=unsupported function shape or instruction limit
[sqjit:stats] reject reason count=7 reason=unsupported loop branch shape
[sqjit:stats] reject_site rank=1 proto=(nil) name=main source=/tmp/sqgi-precise-native-store-study/route/store.nut line=10 ip=26 count=4 reason=unsupported loop branch shape
[sqjit:stats] reject_site rank=2 proto=(nil) name=main source=/tmp/sqgi-precise-native-store-study/route/store.nut line=13 ip=55 count=3 reason=unsupported loop branch shape
[sqjit:stats] reject_site rank=3 proto=(nil) name=main source=<sqgi async bootstrap> line=-1 ip=-1 count=1 reason=unsupported function shape or instruction limit
[sqjit:stats] reject_site rank=4 proto=(nil) name=main source=/tmp/sqgi-precise-native-store-study/route/store.nut line=-1 ip=-1 count=1 reason=unsupported function shape or instruction limit
[Inferior 1 (process 578270) exited normally]
STORE_HELPER_VERIFIED candidate 8
