# To display the perf.data header info, please use --header/--header-only options.
#
#
# Total Lost Samples: 0
#
# Samples: 581  of event 'cycles:u'
# Event count (approx.): 2466663865
#
# Children      Self  Command  Shared Object                 Symbol                                                                                                                                                         
# ........  ........  .......  ............................  ...............................................................................................................................................................
#
    31.35%     0.00%  sqgi     sqgi                          [.] _start
            |
            ---_start
               __libc_start_main_impl (inlined)
               __libc_start_call_main
               main
               |          
                --31.05%--sq_call
                          SQVM::Execute
                          |          
                          |--8.12%--SQVM::Get
                          |          |          
                          |           --5.90%--SQTable::Get
                          |                     |          
                          |                      --2.58%--SQTable::_Get (inlined)
                          |          
                           --5.54%--SQVM::DerefInc
                                     |          
                                      --2.40%--SQVM::Set

    31.35%     0.00%  sqgi     libc.so.6                     [.] __libc_start_main_impl (inlined)
            |
            ---__libc_start_main_impl (inlined)
               __libc_start_call_main
               main
               |          
                --31.05%--sq_call
                          SQVM::Execute
                          |          
                          |--8.12%--SQVM::Get
                          |          |          
                          |           --5.90%--SQTable::Get
                          |                     |          
                          |                      --2.58%--SQTable::_Get (inlined)
                          |          
                           --5.54%--SQVM::DerefInc
                                     |          
                                      --2.40%--SQVM::Set

    31.35%     0.00%  sqgi     libc.so.6                     [.] __libc_start_call_main
            |
            ---__libc_start_call_main
               main
               |          
                --31.05%--sq_call
                          SQVM::Execute
                          |          
                          |--8.12%--SQVM::Get
                          |          |          
                          |           --5.90%--SQTable::Get
                          |                     |          
                          |                      --2.58%--SQTable::_Get (inlined)
                          |          
                           --5.54%--SQVM::DerefInc
                                     |          
                                      --2.40%--SQVM::Set

    31.35%     0.00%  sqgi     sqgi                          [.] main
            |
            ---main
               |          
                --31.05%--sq_call
                          SQVM::Execute
                          |          
                          |--8.12%--SQVM::Get
                          |          |          
                          |           --5.90%--SQTable::Get
                          |                     |          
                          |                      --2.58%--SQTable::_Get (inlined)
                          |          
                           --5.54%--SQVM::DerefInc
                                     |          
                                      --2.40%--SQVM::Set

    31.05%     0.00%  sqgi     sqgi                          [.] sq_call
            |
            ---sq_call
               SQVM::Execute
               |          
               |--8.12%--SQVM::Get
               |          |          
               |           --5.90%--SQTable::Get
               |                     |          
               |                      --2.58%--SQTable::_Get (inlined)
               |          
                --5.54%--SQVM::DerefInc
                          |          
                           --2.40%--SQVM::Set

    31.05%    12.27%  sqgi     sqgi                          [.] SQVM::Execute
            |          
            |--18.78%--SQVM::Execute
            |          |          
            |          |--8.12%--SQVM::Get
            |          |          |          
            |          |           --5.90%--SQTable::Get
            |          |                     |          
            |          |                      --2.58%--SQTable::_Get (inlined)
            |          |          
            |           --5.54%--SQVM::DerefInc
            |                     |          
            |                      --2.40%--SQVM::Set
            |          
             --12.27%--_start
                       __libc_start_main_impl (inlined)
                       __libc_start_call_main
                       main
                       sq_call
                       SQVM::Execute

    21.42%     4.54%  sqgi     sqgi                          [.] sqjit_a64_helper_member_set_integer_logged
            |          
            |--16.88%--sqjit_a64_helper_member_set_integer_logged
            |          sqjit_a64_helper_member_set_integer_logged
            |          SQJitWriteLog::RecordMember
            |          |          
            |          |--12.55%--SQJitWriteLog::ContainsMember<false> (inlined)
            |          |          |          
            |          |           --6.24%--SQJitWriteLog::ContainsMember<false>(SQObjectPtr const&, SQObjectPtr const&, SQObjectPtr const&) const::{lambda(SQJitWriteLog::Entry const&)#1}::operator() (inlined)
            |          |          
            |           --2.87%--SQJitWriteLog::CanRelease
            |          
             --2.72%--0xffff93a674d3
                       0xffff93a674d3
                       sqjit_a64_helper_member_set_integer_logged
                       |          
                        --2.17%--sqjit_a64_member_store_slot (inlined)

    16.88%    13.27%  sqgi     sqgi                          [.] SQJitWriteLog::RecordMember
            |          
            |--7.38%--0xffff93a673c3
            |          0xffff93a673c3
            |          sqjit_a64_helper_member_set_integer_logged
            |          sqjit_a64_helper_member_set_integer_logged
            |          SQJitWriteLog::RecordMember
            |          |          
            |           --6.65%--SQJitWriteLog::ContainsMember<false> (inlined)
            |                     |          
            |                      --3.40%--SQJitWriteLog::ContainsMember<false>(SQObjectPtr const&, SQObjectPtr const&, SQObjectPtr const&) const::{lambda(SQJitWriteLog::Entry const&)#1}::operator() (inlined)
            |          
            |--5.89%--0xffff93a674d3
            |          0xffff93a674d3
            |          sqjit_a64_helper_member_set_integer_logged
            |          sqjit_a64_helper_member_set_integer_logged
            |          SQJitWriteLog::RecordMember
            |          |          
            |           --5.34%--SQJitWriteLog::ContainsMember<false> (inlined)
            |                     |          
            |                      --2.84%--SQJitWriteLog::ContainsMember<false>(SQObjectPtr const&, SQObjectPtr const&, SQObjectPtr const&) const::{lambda(SQJitWriteLog::Entry const&)#1}::operator() (inlined)
            |          
             --3.61%--SQJitWriteLog::RecordMember
                       |          
                        --2.87%--SQJitWriteLog::CanRelease

    16.38%     0.00%  sqgi     [JIT] tid 550267              [.] 0x0000ffff93a674d3
            |
            ---0xffff93a674d3
               |          
                --11.12%--0xffff93a674d3
                          sqjit_a64_helper_member_set_integer_logged
                          |          
                          |--8.39%--sqjit_a64_helper_member_set_integer_logged
                          |          SQJitWriteLog::RecordMember
                          |          |          
                          |          |--5.53%--SQJitWriteLog::ContainsMember<false> (inlined)
                          |          |          |          
                          |          |           --2.84%--SQJitWriteLog::ContainsMember<false>(SQObjectPtr const&, SQObjectPtr const&, SQObjectPtr const&) const::{lambda(SQJitWriteLog::Entry const&)#1}::operator() (inlined)
                          |          |          
                          |           --2.14%--SQJitWriteLog::CanRelease
                          |          
                           --2.17%--sqjit_a64_member_store_slot (inlined)

    14.07%     0.00%  sqgi     [JIT] tid 550267              [.] 0x0000ffff93a671b3
            |
            ---0xffff93a671b3
               |          
               |--5.40%--0xffff93a671b3
               |          sqjit_a64_helper_array_get_object
               |          |          
               |           --2.86%--SQObjectPtr::operator= (inlined)
               |          
                --2.88%--0xffff93a67214

    12.55%     0.00%  sqgi     sqgi                          [.] SQJitWriteLog::ContainsMember<false> (inlined)
            |
            ---SQJitWriteLog::ContainsMember<false> (inlined)
               |          
                --6.24%--SQJitWriteLog::ContainsMember<false>(SQObjectPtr const&, SQObjectPtr const&, SQObjectPtr const&) const::{lambda(SQJitWriteLog::Entry const&)#1}::operator() (inlined)

    12.11%     0.00%  sqgi     [JIT] tid 550267              [.] 0x0000ffff93a673c3
            |
            ---0xffff93a673c3
               |          
                --10.31%--0xffff93a673c3
                          sqjit_a64_helper_member_set_integer_logged
                          |          
                           --8.85%--sqjit_a64_helper_member_set_integer_logged
                                     |          
                                      --8.48%--SQJitWriteLog::RecordMember
                                                |          
                                                 --7.02%--SQJitWriteLog::ContainsMember<false> (inlined)
                                                           |          
                                                            --3.40%--SQJitWriteLog::ContainsMember<false>(SQObjectPtr const&, SQObjectPtr const&, SQObjectPtr const&) const::{lambda(SQJitWriteLog::Entry const&)#1}::operator() (inlined)

    11.36%     0.00%  sqgi     [JIT] tid 550267              [.] 0x0000ffff93a6a18b
            |
            ---0xffff93a6a18b
               |          
                --4.08%--0xffff93a6a18b
                          sqjit_a64_helper_member_closure_guard
                          |          
                           --2.15%--sqjit_a64_borrow_member_value_with_root (inlined)

     9.97%     1.48%  sqgi     sqgi                          [.] SQVM::Get
            |          
             --8.49%--SQVM::Get
                       |          
                        --7.57%--SQTable::Get
                                  |          
                                  |--3.14%--SQTable::_Get (inlined)
                                  |          
                                   --2.03%--HashObj (inlined)

     8.51%     0.37%  sqgi     sqgi                          [.] sqjit_a64_helper_member_closure_guard
            |          
             --8.14%--sqjit_a64_helper_member_closure_guard
                       |          
                       |--4.51%--sqjit_a64_helper_member_closure_guard
                       |          sqjit_a64_root_fallback_safe
                       |          |          
                       |           --2.70%--SQTable::GetRawSlot (inlined)
                       |          
                        --3.63%--sqjit_a64_borrow_member_value_with_root (inlined)
                                  |          
                                   --3.08%--sqjit_a64_helper_member_closure_guard
                                             sqjit_a64_borrow_member_ptr_value
                                             |          
                                              --2.34%--SQTable::GetRawSlot (inlined)

     7.57%     7.38%  sqgi     sqgi                          [.] SQTable::Get
            |          
             --7.38%--_start
                       __libc_start_main_impl (inlined)
                       __libc_start_call_main
                       main
                       sq_call
                       SQVM::Execute
                       |          
                        --5.72%--SQVM::Get
                                  SQTable::Get
                                  |          
                                   --2.40%--SQTable::_Get (inlined)

     6.27%     0.00%  sqgi     [JIT] tid 550267              [.] 0x0000ffff93a69213
            |
            ---0xffff93a69213
               |          
                --2.03%--0xffff93a69213
                          sqjit_a64_helper_member_closure_guard

     6.26%     0.00%  sqgi     [JIT] tid 550267              [.] 0x0000ffff93a681af
            |
            ---0xffff93a681af
               |          
                --2.40%--0xffff93a681af
                          sqjit_a64_helper_member_closure_guard

     6.24%     0.00%  sqgi     sqgi                          [.] SQJitWriteLog::ContainsMember<false>(SQObjectPtr const&, SQObjectPtr const&, SQObjectPtr const&) const::{lambda(SQJitWriteLog::Entry const&)#1}::operator() (inlined)
            |
            ---SQJitWriteLog::ContainsMember<false>(SQObjectPtr const&, SQObjectPtr const&, SQObjectPtr const&) const::{lambda(SQJitWriteLog::Entry const&)#1}::operator() (inlined)

     5.54%     1.11%  sqgi     sqgi                          [.] SQVM::DerefInc
            |          
             --4.43%--SQVM::DerefInc
                       |          
                        --2.40%--SQVM::Set

     5.40%     5.40%  sqgi     sqgi                          [.] sqjit_a64_helper_array_get_object
            |
            ---0xffff93a671b3
               0xffff93a671b3
               sqjit_a64_helper_array_get_object
               |          
                --2.86%--SQObjectPtr::operator= (inlined)

     4.51%     4.51%  sqgi     sqgi                          [.] sqjit_a64_root_fallback_safe
     3.63%     3.63%  sqgi     sqgi                          [.] sqjit_a64_borrow_member_ptr_value
            |          
             --2.15%--0xffff93a6a18b
                       0xffff93a6a18b
                       sqjit_a64_helper_member_closure_guard
                       sqjit_a64_borrow_member_value_with_root (inlined)

     3.63%     0.00%  sqgi     sqgi                          [.] sqjit_a64_borrow_member_value_with_root (inlined)
            |
            ---sqjit_a64_borrow_member_value_with_root (inlined)
               |          
                --3.08%--sqjit_a64_helper_member_closure_guard
                          sqjit_a64_borrow_member_ptr_value
                          |          
                           --2.34%--SQTable::GetRawSlot (inlined)

     3.14%     0.00%  sqgi     sqgi                          [.] SQTable::_Get (inlined)
            |
            ---SQTable::_Get (inlined)

     2.88%     2.88%  sqgi     [JIT] tid 550267              [.] 0x0000ffff93a67214
            |
            ---0xffff93a671b3
               0xffff93a67214

     2.87%     2.87%  sqgi     sqgi                          [.] SQJitWriteLog::CanRelease
            |          
             --2.14%--0xffff93a674d3
                       0xffff93a674d3
                       sqjit_a64_helper_member_set_integer_logged
                       sqjit_a64_helper_member_set_integer_logged
                       SQJitWriteLog::RecordMember
                       SQJitWriteLog::CanRelease

     2.86%     0.00%  sqgi     sqgi                          [.] SQObjectPtr::operator= (inlined)
            |
            ---SQObjectPtr::operator= (inlined)

     2.72%     0.00%  sqgi     sqgi                          [.] sqjit_a64_member_store_slot (inlined)
            |
            ---sqjit_a64_member_store_slot (inlined)
               |          
                --2.53%--sqjit_a64_member_store_slot (inlined)
                          |          
                           --2.35%--sqjit_a64_resolve_store_slot (inlined)
                                     sq_member_raw_slot (inlined)
                                     sq_member_raw_slot (inlined)
                                     SQTable::GetRawSlot (inlined)

     2.70%     0.00%  sqgi     sqgi                          [.] SQTable::GetRawSlot (inlined)
            |
            ---SQTable::GetRawSlot (inlined)

     2.40%     1.29%  sqgi     sqgi                          [.] SQVM::Set
     2.35%     0.00%  sqgi     sqgi                          [.] sqjit_a64_resolve_store_slot (inlined)
            |
            ---sqjit_a64_resolve_store_slot (inlined)
               sq_member_raw_slot (inlined)
               sq_member_raw_slot (inlined)
               SQTable::GetRawSlot (inlined)

     2.35%     0.00%  sqgi     sqgi                          [.] sq_member_raw_slot (inlined)
            |
            ---sq_member_raw_slot (inlined)
               sq_member_raw_slot (inlined)
               SQTable::GetRawSlot (inlined)

     2.35%     0.00%  sqgi     sqgi                          [.] SQTable::GetRawSlot (inlined)
            |
            ---SQTable::GetRawSlot (inlined)

     2.34%     0.00%  sqgi     sqgi                          [.] SQTable::GetRawSlot (inlined)
            |
            ---SQTable::GetRawSlot (inlined)

     2.03%     0.00%  sqgi     sqgi                          [.] HashObj (inlined)
            |
            ---HashObj (inlined)



#
# (Cannot load tips.txt file, please install perf!)
#
