BENCH	route_balanced	200000	0.052970000	300346
BENCH	route_skewed	200000	0.052515000	122121
BENCH	pricing_events	200000	0.056530000	636940
BENCH	filter_stream	200000	0.056390000	10704.521037291815
BENCH	records_64	200000	0.136990000	599323
BENCH	records_4096	200000	0.242890000	385702
BENCH	word_count	200000	0.266335000	116910
BENCH	graph_walk	200000	0.012370000	386354
BENCH	route_balanced	200000	0.053035000	300346
BENCH	route_skewed	200000	0.051835000	122121
BENCH	pricing_events	200000	0.056765000	636940
BENCH	filter_stream	200000	0.056290000	10704.521037291815
BENCH	records_64	200000	0.129215000	599323
BENCH	records_4096	200000	0.274420000	385702
BENCH	word_count	200000	0.266190000	116910
BENCH	graph_walk	200000	0.012290000	386354
BENCH	route_balanced	200000	0.053390000	300346
BENCH	route_skewed	200000	0.051430000	122121
BENCH	pricing_events	200000	0.057445000	636940
BENCH	filter_stream	200000	0.055260000	10704.521037291815
BENCH	records_64	200000	0.134650000	599323
BENCH	records_4096	200000	0.278370000	385702
BENCH	word_count	200000	0.265455000	116910
BENCH	graph_walk	200000	0.012625000	386354
1128.32;msec;task-clock:u;0.48%;1128316287;100.00;1.003;CPUs utilized
2511072732;;cycles:u;0.52%;1128326497;100.00;2.243;GHz
5947124854;;instructions:u;0.11%;1128326497;100.00;2.39;insn per cycle
5046051;;branch-misses:u;3.03%;1128326497;100.00;;
2220089801;;cache-references:u;0.18%;1128326497;100.00;1.983;G/sec
16777305;;cache-misses:u;1.41%;1128326497;100.00;0.756;of all cache refs
3865;;page-faults:u;0.01%;1128316287;100.00;3.452;K/sec
0;;context-switches:u;0.00%;1128316287;100.00;0.000;/sec
