JIT_CAPTURE_BREAKPOINT -1
[Thread debugging using libthread_db enabled]
Using host libthread_db library "/lib/aarch64-linux-gnu/libthread_db.so.1".
JIT_CAPTURE recycle frame 0xfffff7f84000 8192
BENCH	table_owners_1	1003	2.031904287	615764.25
BENCH	table_owners_2	1003	2.094715852	616780.25
BENCH	table_owners_5	1003	3.087736790	613838.25
BENCH	table_owners_19	1003	6.776669990	618610.25
BENCH	table_owners_257	1003	2.849451645	749599.25
BENCH	class_owners_1	1003	2.220338983	615764.25
BENCH	class_owners_2	1003	1.906281157	616780.25
BENCH	class_owners_5	1003	2.728813559	613838.25
BENCH	class_owners_19	1003	1.580259222	618610.25
BENCH	class_owners_257	1003	1.550348953	749599.25
[Inferior 1 (process 546340) exited normally]
[Thread debugging using libthread_db enabled]
Using host libthread_db library "/lib/aarch64-linux-gnu/libthread_db.so.1".
JIT_CAPTURE transfer frame 0xfffff7f85000 4096
JIT_CAPTURE publish frame 0xfffff7f84000 4096
BENCH	transfer_table	1003	1409.469591226	121851
BENCH	transfer_class	1003	1389.231306082	121851
BENCH	transfer_mixed	1003	1182.862412762	121851
BENCH	publish_table	1003	1109.428713858	133577
BENCH	publish_class	1003	1204.229312064	133577
BENCH	publish_mixed	1003	1307.872382851	133577
[Inferior 1 (process 546342) exited normally]
[Thread debugging using libthread_db enabled]
Using host libthread_db library "/lib/aarch64-linux-gnu/libthread_db.so.1".
JIT_CAPTURE table_apply frame 0xfffff7f85000 4096
JIT_CAPTURE apply frame 0xfffff7f84000 4096
BENCH	table_events_97	1003	1353.069790628	140378
BENCH	class_events_97	1003	1343.998005982	140378
BENCH	buffers_7	1003	0.435692921	944693
BENCH	buffers_31	1003	0.435692921	861874
BENCH	calibrate_17	1003	0.994017946	5140.09375
BENCH	calibrate_67	1003	1.131605184	5049
[Inferior 1 (process 546484) exited normally]
JIT_CAPTURE_VERIFIED five canonical-frame functions
