BENCH	filter	200000	0.022980000	10.254364576940203
BENCH	channels_4	200000	0.078150000	20.621658757381574
BENCH	pressure_8	200000	0.150830000	30.900920683591639
BENCH	integration	200000	0.036195000	1562.9738403896752
BENCH	retained_input	200000	0.044550000	399985.55383443867
BENCH	branching	200000	0.030285000	1.6005902475563216
BENCH	helper_control	200000	0.054815000	3.7152600782050693
BENCH	filter	200000	0.023125000	10.254364576940203
BENCH	channels_4	200000	0.078310000	20.621658757381574
BENCH	pressure_8	200000	0.151945000	30.900920683591639
BENCH	integration	200000	0.036180000	1562.9738403896752
BENCH	retained_input	200000	0.044885000	399985.55383443867
BENCH	branching	200000	0.030605000	1.6005902475563216
BENCH	helper_control	200000	0.054735000	3.7152600782050693
BENCH	filter	200000	0.025345000	10.254364576940203
BENCH	channels_4	200000	0.077655000	20.621658757381574
BENCH	pressure_8	200000	0.151625000	30.900920683591639
BENCH	integration	200000	0.036325000	1562.9738403896752
BENCH	retained_input	200000	0.045375000	399985.55383443867
BENCH	branching	200000	0.030740000	1.6005902475563216
BENCH	helper_control	200000	0.054590000	3.7152600782050693
609.67;msec;task-clock:u;0.45%;609665580;100.00;0.984;CPUs utilized
1362110460;;cycles:u;0.11%;609779040;100.00;2.215;GHz
3897253524;;instructions:u;0.00%;609779040;100.00;2.86;insn per cycle
151036;;branch-misses:u;0.24%;609779040;100.00;;
1434250066;;cache-references:u;0.00%;609779040;100.00;2.332;G/sec
241447;;cache-misses:u;0.98%;609779040;100.00;0.017;of all cache refs
787;;page-faults:u;0.00%;609665580;100.00;1.280;K/sec
0;;context-switches:u;0.00%;609665580;100.00;0.000;/sec
