# To display the perf.data header info, please use --header/--header-only options.
#
#
# Total Lost Samples: 0
#
# Samples: 319  of event 'cycles:u'
# Event count (approx.): 1359808883
#
# Children      Self  Command  Shared Object            Symbol                                          
# ........  ........  .......  .......................  ................................................
#
    23.24%     8.63%  sqgi     sqgi                     [.] sqjit_a64_helper_member_closure_guard
            |          
             --14.61%--sqjit_a64_helper_member_closure_guard
                       sqjit_a64_helper_member_closure_guard
                       sqjit_a64_borrow_member_ptr_value
                       |          
                        --9.62%--SQTable::GetRawSlot (inlined)
                                  |          
                                  |--3.27%--HashObj (inlined)
                                  |          
                                   --2.01%--SQTable::_Get (inlined)

    17.63%    17.63%  sqgi     sqgi                     [.] sqjit_a64_borrow_member_ptr_value
            |          
            |--3.01%--0xffffbc0cb19f
            |          0xffffbc0cb19f
            |          sqjit_a64_helper_member_native_closure_guard
            |          sqjit_a64_helper_member_native_closure_guard
            |          sqjit_a64_borrow_member_ptr_value
            |          |          
            |           --2.01%--SQTable::GetRawSlot (inlined)
            |          
             --2.00%--0xffffbc2d33af
                       0xffffbc2d33af
                       sqjit_a64_helper_member_closure_guard
                       sqjit_a64_helper_member_closure_guard
                       sqjit_a64_borrow_member_ptr_value

    11.63%     0.00%  sqgi     sqgi                     [.] SQTable::GetRawSlot (inlined)
            |
            ---SQTable::GetRawSlot (inlined)
               |          
               |--3.35%--SQTable::_Get (inlined)
               |          
                --3.27%--HashObj (inlined)

     8.70%     0.00%  sqgi     [JIT] tid 550505         [.] 0x0000ffffbc0ce1d3
            |
            ---0xffffbc0ce1d3

     7.36%     0.00%  sqgi     [JIT] tid 550505         [.] 0x0000ffffbc0cf6d7
            |
            ---0xffffbc0cf6d7
               |          
                --2.01%--0xffffbc0cf6d7
                          sqjit_a64_helper_member_closure_guard

     7.36%     0.00%  sqgi     [JIT] tid 550505         [.] 0x0000ffffbc0cc153
            |
            ---0xffffbc0cc153

     7.02%     0.00%  sqgi     [JIT] tid 550505         [.] 0x0000ffffbc0cd1d7
            |
            ---0xffffbc0cd1d7
               |          
                --2.01%--0xffffbc0cd1d7
                          sqjit_a64_helper_member_closure_guard

     6.02%     0.00%  sqgi     [JIT] tid 550505         [.] 0x0000ffffbc2d322f
            |
            ---0xffffbc2d322f
               |          
                --2.34%--0xffffbc2d322f
                          sqjit_a64_helper_member_closure_guard

     5.69%     0.00%  sqgi     [JIT] tid 550505         [.] 0x0000ffffbc0cb19f
            |
            ---0xffffbc0cb19f
               |          
                --3.35%--0xffffbc0cb19f
                          sqjit_a64_helper_member_native_closure_guard
                          |          
                           --3.01%--sqjit_a64_helper_member_native_closure_guard
                                     sqjit_a64_borrow_member_ptr_value
                                     |          
                                      --2.01%--SQTable::GetRawSlot (inlined)

     5.68%     0.00%  sqgi     [JIT] tid 550505         [.] 0x0000ffffbc2d33af
            |
            ---0xffffbc2d33af
               |          
                --2.67%--0xffffbc2d33af
                          sqjit_a64_helper_member_closure_guard
                          |          
                           --2.00%--sqjit_a64_helper_member_closure_guard
                                     sqjit_a64_borrow_member_ptr_value

     5.51%     0.00%  sqgi     [JIT] tid 550505         [.] 0x0000ffffbc2d4153
            |
            ---0xffffbc2d4153

     5.35%     0.00%  sqgi     [JIT] tid 550505         [.] 0x0000ffffbc0cb1ff
            |
            ---0xffffbc0cb1ff
               |          
                --2.34%--0xffffbc0cb254

     5.35%     0.00%  sqgi     [JIT] tid 550505         [.] 0x0000ffffbc0cf4a3
            |
            ---0xffffbc0cf4a3

     5.02%     0.00%  sqgi     [JIT] tid 550505         [.] 0x0000ffffbc0cf3e7
            |
            ---0xffffbc0cf3e7

     4.69%     0.00%  sqgi     [JIT] tid 550505         [.] 0x0000ffffbc0cf61b
            |
            ---0xffffbc0cf61b
               |          
                --2.01%--0xffffbc0cf684

     4.02%     0.00%  sqgi     [JIT] tid 550505         [.] 0x0000ffffbc0cf84f
            |
            ---0xffffbc0cf84f

     4.02%     0.00%  sqgi     [JIT] tid 550505         [.] 0x0000ffffbc0cf313
            |
            ---0xffffbc0cf313
               |          
                --3.01%--0xffffbc0cf394

     3.35%     0.33%  sqgi     sqgi                     [.] sqjit_a64_helper_member_native_closure_guard
            |          
             --3.01%--sqjit_a64_helper_member_native_closure_guard
                       sqjit_a64_helper_member_native_closure_guard
                       sqjit_a64_borrow_member_ptr_value
                       |          
                        --2.01%--SQTable::GetRawSlot (inlined)

     3.35%     0.00%  sqgi     sqgi                     [.] SQTable::_Get (inlined)
            |
            ---SQTable::_Get (inlined)

     3.34%     0.00%  sqgi     [JIT] tid 550505         [.] 0x0000ffffbc0cd28f
            |
            ---0xffffbc0cd28f

     3.27%     0.00%  sqgi     sqgi                     [.] HashObj (inlined)
            |
            ---HashObj (inlined)

     3.01%     3.01%  sqgi     [JIT] tid 550505         [.] 0x0000ffffbc0cf394
            |
            ---0xffffbc0cf313
               0xffffbc0cf394

     3.00%     0.00%  sqgi     [JIT] tid 550505         [.] 0x0000ffffbc2d32ef
            |
            ---0xffffbc2d32ef

     2.68%     0.00%  sqgi     [JIT] tid 550505         [.] 0x0000ffffbc0cf793
            |
            ---0xffffbc0cf793

     2.68%     0.00%  sqgi     [JIT] tid 550505         [.] 0x0000ffffbc0cf55f
            |
            ---0xffffbc0cf55f

     2.68%     0.00%  sqgi     [JIT] tid 550505         [.] 0x0000ffffbc2d346f
            |
            ---0xffffbc2d346f

     2.34%     2.34%  sqgi     [JIT] tid 550505         [.] 0x0000ffffbc0cb254
            |
            ---0xffffbc0cb1ff
               0xffffbc0cb254

     2.01%     2.01%  sqgi     [JIT] tid 550505         [.] 0x0000ffffbc0cf684
            |
            ---0xffffbc0cf61b
               0xffffbc0cf684



#
# (Cannot load tips.txt file, please install perf!)
#
