BENCH	direct_call	3200000	0.033955	563347
BENCH	branch_call	3200000	0.031550	599062
BENCH	float_call	3200000	0.020937	8.2204724409448815
BENCH	numeric_loop	3200000	0.022802	612398470
BENCH	vector	160000	0.365706	0.12553851953971693
BENCH	dynamic_member	160000	0.803863	7261462
BENCH	dynamic_key_get_set	160000	0.183037	6566091
BENCH	object_member_write_fallback	160000	0.472488	595919
BENCH	array_append	160000	0.129694	3048687
BENCH	array_write	160000	0.037594	831988
BENCH	array_read	3200000	0.007100	8000000
BENCH	array_float	3200000	0.006860	6400000
BENCH	math_intrinsic	160000	0.205806	2418270.8295144332
BENCH	math_variable	160000	0.219294	313782.39947747899
BENCH	matrix	160000	0.309331	-0.024510798820940455
BENCH	direct_call	3200000	0.033906	563347
BENCH	branch_call	3200000	0.031612	599062
BENCH	float_call	3200000	0.020802	8.2204724409448815
BENCH	numeric_loop	3200000	0.022923	612398470
BENCH	vector	160000	0.379344	0.12553851953971693
BENCH	dynamic_member	160000	0.804238	7261462
BENCH	dynamic_key_get_set	160000	0.183169	6566091
BENCH	object_member_write_fallback	160000	0.472187	595919
BENCH	array_append	160000	0.132406	3048687
BENCH	array_write	160000	0.036881	831988
BENCH	array_read	3200000	0.007051	8000000
BENCH	array_float	3200000	0.006772	6400000
BENCH	math_intrinsic	160000	0.203588	2418270.8295144332
BENCH	math_variable	160000	0.218069	313782.39947747899
BENCH	matrix	160000	0.310531	-0.024510798820940455
BENCH	direct_call	3200000	0.034107	563347
BENCH	branch_call	3200000	0.031619	599062
BENCH	float_call	3200000	0.020849	8.2204724409448815
BENCH	numeric_loop	3200000	0.022904	612398470
BENCH	vector	160000	0.377231	0.12553851953971693
BENCH	dynamic_member	160000	0.803450	7261462
BENCH	dynamic_key_get_set	160000	0.182562	6566091
BENCH	object_member_write_fallback	160000	0.471981	595919
BENCH	array_append	160000	0.131631	3048687
BENCH	array_write	160000	0.036956	831988
BENCH	array_read	3200000	0.007012	8000000
BENCH	array_float	3200000	0.006757	6400000
BENCH	math_intrinsic	160000	0.202887	2418270.8295144332
BENCH	math_variable	160000	0.218394	313782.39947747899
BENCH	matrix	160000	0.312869	-0.024510798820940455
5020.76;msec;task-clock:u;0.04%;5020763977;100.00;0.999;CPUs utilized
11336951747;;cycles:u;0.08%;5021242014;100.00;2.259;GHz
29116183286;;instructions:u;0.00%;5021242014;100.00;2.57;insn per cycle
3174578;;branch-misses:u;2.15%;5021242014;100.00;;
11943011075;;cache-references:u;0.11%;5021242014;100.00;2.380;G/sec
1283614;;cache-misses:u;0.30%;5021242014;100.00;0.011;of all cache refs
10510;;page-faults:u;0.01%;5020763977;100.00;2.095;K/sec
0;;context-switches:u;0.00%;5020763977;100.00;0.000;/sec
