# To display the perf.data header info, please use --header/--header-only options.
#
#
# Total Lost Samples: 0
#
# Samples: 2K of event 'cycles:u'
# Event count (approx.): 11286155685
#
# Children      Self  Command  Shared Object          Symbol                                           
# ........  ........  .......  .....................  .................................................
#
    23.97%     0.00%  sqgi     libc.so.6              [.] __libc_start_call_main
            |
            ---__libc_start_call_main
               __libc_start_call_main
               main
               |          
                --23.95%--sq_call
                          SQVM::Execute

    23.97%     0.00%  sqgi     sqgi                   [.] main
            |
            ---main
               |          
                --23.95%--sq_call
                          SQVM::Execute

    23.95%    19.01%  sqgi     sqgi                   [.] SQVM::Execute
            |          
            |--19.01%--__libc_start_call_main
            |          __libc_start_call_main
            |          main
            |          sq_call
            |          SQVM::Execute
            |          
             --4.94%--SQVM::Execute

    23.95%     0.00%  sqgi     sqgi                   [.] sq_call
            |
            ---sq_call
               SQVM::Execute

    13.13%     0.00%  sqgi     [JIT] tid 550114       [.] 0x0000ffffa757c153
            |
            ---0xffffa757c153
               |          
                --2.61%--0xffffa757c240

    12.20%     0.00%  sqgi     [JIT] tid 550114       [.] 0x0000ffffa757b153
            |
            ---0xffffa757b153
               |          
               |--2.30%--0xffffa757b268
               |          
                --2.02%--0xffffa757b153
                          sqjit_a64_helper_member_closure_guard

     8.04%     0.00%  sqgi     [JIT] tid 550114       [.] 0x0000ffffa757a153
            |
            ---0xffffa757a153

     7.40%     0.00%  sqgi     [JIT] tid 550114       [.] 0x0000ffffa7579043
            |
            ---0xffffa7579043
               |          
                --2.67%--0xffffa7579230

     5.73%     0.00%  sqgi     [JIT] tid 550114       [.] 0x0000ffffa752732b
            |
            ---0xffffa752732b

     5.44%     2.09%  sqgi     sqgi                   [.] sqjit_a64_helper_member_closure_guard
            |          
             --3.35%--sqjit_a64_helper_member_closure_guard
                       sqjit_a64_borrow_member_value_with_root (inlined)
                       sqjit_a64_borrow_member_ptr_value
                       |          
                        --2.14%--SQTable::GetRawSlot (inlined)

     4.93%     4.81%  sqgi     sqgi                   [.] sqjit_a64_borrow_member_ptr_value
     3.47%     0.00%  sqgi     sqgi                   [.] sqjit_a64_borrow_member_value_with_root (inlined)
            |
            ---sqjit_a64_borrow_member_value_with_root (inlined)
               |          
                --3.35%--sqjit_a64_borrow_member_ptr_value
                          |          
                           --2.14%--SQTable::GetRawSlot (inlined)

     3.35%     0.00%  sqgi     sqgi                   [.] SQTable::GetRawSlot (inlined)
            |
            ---SQTable::GetRawSlot (inlined)

     3.15%     3.15%  sqgi     [JIT] tid 550114       [.] 0x0000ffffa7579230
            |          
             --2.67%--0xffffa7579043
                       0xffffa7579230

     2.75%     1.78%  sqgi     sqgi                   [.] sqjit_number_conversion_guard
     2.66%     0.00%  sqgi     [JIT] tid 550114       [.] 0x0000ffffa752a10f
            |
            ---0xffffa752a10f

     2.61%     2.61%  sqgi     [JIT] tid 550114       [.] 0x0000ffffa757c240
            |
            ---0xffffa757c153
               0xffffa757c240

     2.46%     2.46%  sqgi     sqgi                   [.] SQTable::Get
     2.30%     2.30%  sqgi     [JIT] tid 550114       [.] 0x0000ffffa757b268
            |
            ---0xffffa757b153
               0xffffa757b268

     2.26%     0.00%  sqgi     sqgi                   [.] SQObjectPtr::operator= (inlined)
            |
            ---SQObjectPtr::operator= (inlined)



#
# (Cannot load tips.txt file, please install perf!)
#
