BENCH	table_events_97	200000	0.444970000	10069540
BENCH	class_events_97	200000	0.440850000	10069540
BENCH	buffers_7	200000	0.432685000	65667
BENCH	buffers_31	200000	0.431770000	651677
BENCH	calibrate_17	200000	0.083285000	1040538.515625
BENCH	calibrate_67	200000	0.084080000	1040417.796875
BENCH	table_events_97	200000	0.445185000	10069540
BENCH	class_events_97	200000	0.445285000	10069540
BENCH	buffers_7	200000	0.433265000	65667
BENCH	buffers_31	200000	0.432540000	651677
BENCH	calibrate_17	200000	0.083200000	1040538.515625
BENCH	calibrate_67	200000	0.084115000	1040417.796875
BENCH	table_events_97	200000	0.446610000	10069540
BENCH	class_events_97	200000	0.442650000	10069540
BENCH	buffers_7	200000	0.432010000	65667
BENCH	buffers_31	200000	0.432405000	651677
BENCH	calibrate_17	200000	0.083120000	1040538.515625
BENCH	calibrate_67	200000	0.084580000	1040417.796875
2725.87;msec;task-clock:u;0.17%;2725868358;100.00;0.997;CPUs utilized
6158006599;;cycles:u;0.10%;2726172872;100.00;2.260;GHz
18111518140;;instructions:u;0.00%;2726172872;100.00;2.94;insn per cycle
3423424;;branch-misses:u;0.78%;2726172872;100.00;;
7478090349;;cache-references:u;0.01%;2726172872;100.00;2.745;G/sec
5669061;;cache-misses:u;1.37%;2726172872;100.00;0.076;of all cache refs
811;;page-faults:u;0.04%;2725868358;100.00;297.664;/sec
0;;context-switches:u;0.00%;2725868358;100.00;0.000;/sec
