# To display the perf.data header info, please use --header/--header-only options.
#
#
# Total Lost Samples: 0
#
# Samples: 1K of event 'cycles:u'
# Event count (approx.): 6179298740
#
# Children      Self  Command  Shared Object                 Symbol                                         
# ........  ........  .......  ............................  ...............................................
#
    78.61%     0.00%  sqgi     sqgi                          [.] _start
            |
            ---_start
               __libc_start_main_impl (inlined)
               __libc_start_call_main
               main
               |          
                --78.50%--sq_call
                          SQVM::Execute
                          |          
                          |--7.13%--sqjit_try_execute_current
                          |          |          
                          |           --3.15%--SQVM::Return
                          |          
                          |--5.90%--SQObjectPtr::operator= (inlined)
                          |          
                          |--5.90%--sq_member_cache_hit (inlined)
                          |          |          
                          |           --3.54%--SQTable::GetCachedSlot (inlined)
                          |          
                          |--4.05%--sqjit_try_execute_current_loop
                          |          
                          |--3.32%--SQVM::Get
                          |          
                          |--2.73%--sq_member_raw_slot (inlined)
                          |          SQTable::GetRawSlot (inlined)
                          |          
                          |--2.65%--SQArray::Get (inlined)
                          |          
                           --2.29%--SQVM::CMP_OP

    78.61%     0.00%  sqgi     libc.so.6                     [.] __libc_start_main_impl (inlined)
            |
            ---__libc_start_main_impl (inlined)
               __libc_start_call_main
               main
               |          
                --78.50%--sq_call
                          SQVM::Execute
                          |          
                          |--7.13%--sqjit_try_execute_current
                          |          |          
                          |           --3.15%--SQVM::Return
                          |          
                          |--5.90%--SQObjectPtr::operator= (inlined)
                          |          
                          |--5.90%--sq_member_cache_hit (inlined)
                          |          |          
                          |           --3.54%--SQTable::GetCachedSlot (inlined)
                          |          
                          |--4.05%--sqjit_try_execute_current_loop
                          |          
                          |--3.32%--SQVM::Get
                          |          
                          |--2.73%--sq_member_raw_slot (inlined)
                          |          SQTable::GetRawSlot (inlined)
                          |          
                          |--2.65%--SQArray::Get (inlined)
                          |          
                           --2.29%--SQVM::CMP_OP

    78.61%     0.00%  sqgi     libc.so.6                     [.] __libc_start_call_main
            |
            ---__libc_start_call_main
               main
               |          
                --78.50%--sq_call
                          SQVM::Execute
                          |          
                          |--7.13%--sqjit_try_execute_current
                          |          |          
                          |           --3.15%--SQVM::Return
                          |          
                          |--5.90%--SQObjectPtr::operator= (inlined)
                          |          
                          |--5.90%--sq_member_cache_hit (inlined)
                          |          |          
                          |           --3.54%--SQTable::GetCachedSlot (inlined)
                          |          
                          |--4.05%--sqjit_try_execute_current_loop
                          |          
                          |--3.32%--SQVM::Get
                          |          
                          |--2.73%--sq_member_raw_slot (inlined)
                          |          SQTable::GetRawSlot (inlined)
                          |          
                          |--2.65%--SQArray::Get (inlined)
                          |          
                           --2.29%--SQVM::CMP_OP

    78.61%     0.00%  sqgi     sqgi                          [.] main
            |
            ---main
               |          
                --78.50%--sq_call
                          SQVM::Execute
                          |          
                          |--7.13%--sqjit_try_execute_current
                          |          |          
                          |           --3.15%--SQVM::Return
                          |          
                          |--5.90%--SQObjectPtr::operator= (inlined)
                          |          
                          |--5.90%--sq_member_cache_hit (inlined)
                          |          |          
                          |           --3.54%--SQTable::GetCachedSlot (inlined)
                          |          
                          |--4.05%--sqjit_try_execute_current_loop
                          |          
                          |--3.32%--SQVM::Get
                          |          
                          |--2.73%--sq_member_raw_slot (inlined)
                          |          SQTable::GetRawSlot (inlined)
                          |          
                          |--2.65%--SQArray::Get (inlined)
                          |          
                           --2.29%--SQVM::CMP_OP

    78.50%     0.00%  sqgi     sqgi                          [.] sq_call
            |
            ---sq_call
               SQVM::Execute
               |          
               |--7.13%--sqjit_try_execute_current
               |          |          
               |           --3.15%--SQVM::Return
               |          
               |--5.90%--SQObjectPtr::operator= (inlined)
               |          
               |--5.90%--sq_member_cache_hit (inlined)
               |          |          
               |           --3.54%--SQTable::GetCachedSlot (inlined)
               |          
               |--4.05%--sqjit_try_execute_current_loop
               |          
               |--3.32%--SQVM::Get
               |          
               |--2.73%--sq_member_raw_slot (inlined)
               |          SQTable::GetRawSlot (inlined)
               |          
               |--2.65%--SQArray::Get (inlined)
               |          
                --2.29%--SQVM::CMP_OP

    78.50%    56.42%  sqgi     sqgi                          [.] SQVM::Execute
            |          
            |--56.42%--_start
            |          __libc_start_main_impl (inlined)
            |          __libc_start_call_main
            |          main
            |          sq_call
            |          SQVM::Execute
            |          |          
            |          |--5.90%--SQObjectPtr::operator= (inlined)
            |          |          
            |          |--5.90%--sq_member_cache_hit (inlined)
            |          |          |          
            |          |           --3.54%--SQTable::GetCachedSlot (inlined)
            |          |          
            |          |--2.73%--sq_member_raw_slot (inlined)
            |          |          SQTable::GetRawSlot (inlined)
            |          |          
            |           --2.65%--SQArray::Get (inlined)
            |          
             --22.08%--SQVM::Execute
                       |          
                       |--7.13%--sqjit_try_execute_current
                       |          |          
                       |           --3.15%--SQVM::Return
                       |          
                       |--4.05%--sqjit_try_execute_current_loop
                       |          
                       |--3.32%--SQVM::Get
                       |          
                        --2.29%--SQVM::CMP_OP

     7.20%     2.29%  sqgi     sqgi                          [.] sqjit_try_execute_current
            |          
            |--4.92%--sqjit_try_execute_current
            |          |          
            |           --3.15%--SQVM::Return
            |          
             --2.29%--_start
                       __libc_start_main_impl (inlined)
                       __libc_start_call_main
                       main
                       sq_call
                       SQVM::Execute
                       sqjit_try_execute_current

     6.86%     0.00%  sqgi     sqgi                          [.] SQObjectPtr::operator= (inlined)
            |
            ---SQObjectPtr::operator= (inlined)

     5.90%     0.00%  sqgi     sqgi                          [.] sq_member_cache_hit (inlined)
            |
            ---sq_member_cache_hit (inlined)
               |          
                --3.54%--SQTable::GetCachedSlot (inlined)

     4.49%     0.00%  sqgi     [JIT] tid 550329              [.] 0x0000ffff802ad42f
            |
            ---0xffff802ad42f

     4.05%     2.65%  sqgi     sqgi                          [.] sqjit_try_execute_current_loop
            |          
             --2.65%--_start
                       __libc_start_main_impl (inlined)
                       __libc_start_call_main
                       main
                       sq_call
                       SQVM::Execute
                       sqjit_try_execute_current_loop

     3.76%     3.61%  sqgi     sqgi                          [.] sqjit_a64_precise_step<(SQOpcode)9, true>
     3.54%     0.00%  sqgi     sqgi                          [.] SQTable::GetCachedSlot (inlined)
            |
            ---SQTable::GetCachedSlot (inlined)

     3.32%     0.59%  sqgi     sqgi                          [.] SQVM::Get
            |          
             --2.73%--SQVM::Get

     3.15%     1.40%  sqgi     sqgi                          [.] SQVM::Return
     2.88%     2.88%  sqgi     sqgi                          [.] SQTable::Get
     2.73%     0.00%  sqgi     sqgi                          [.] sq_member_raw_slot (inlined)
            |
            ---sq_member_raw_slot (inlined)
               SQTable::GetRawSlot (inlined)

     2.73%     0.00%  sqgi     sqgi                          [.] SQTable::GetRawSlot (inlined)
            |
            ---SQTable::GetRawSlot (inlined)

     2.65%     2.65%  sqgi     sqgi                          [.] sqjit_a64_precise_step<(SQOpcode)14, false>
     2.65%     0.00%  sqgi     sqgi                          [.] SQArray::Get (inlined)
            |
            ---SQArray::Get (inlined)

     2.43%     1.47%  sqgi     sqgi                          [.] sqjit_number_conversion_guard
     2.29%     0.74%  sqgi     sqgi                          [.] SQVM::CMP_OP


#
# (Cannot load tips.txt file, please install perf!)
#
