BENCH	transfer_table	200000	0.499140000	141925
BENCH	transfer_class	200000	0.506825000	141925
BENCH	transfer_mixed	200000	0.514065000	141925
BENCH	publish_table	200000	0.427935000	410680
BENCH	publish_class	200000	0.436845000	410680
BENCH	publish_mixed	200000	0.440545000	410680
BENCH	transfer_table	200000	0.500350000	141925
BENCH	transfer_class	200000	0.509570000	141925
BENCH	transfer_mixed	200000	0.518675000	141925
BENCH	publish_table	200000	0.430600000	410680
BENCH	publish_class	200000	0.441665000	410680
BENCH	publish_mixed	200000	0.443995000	410680
BENCH	transfer_table	200000	0.502120000	141925
BENCH	transfer_class	200000	0.508815000	141925
BENCH	transfer_mixed	200000	0.515260000	141925
BENCH	publish_table	200000	0.429300000	410680
BENCH	publish_class	200000	0.439205000	410680
BENCH	publish_mixed	200000	0.442300000	410680
4002.26;msec;task-clock:u;0.10%;4002257275;100.00;0.999;CPUs utilized
9085486977;;cycles:u;0.17%;4002571405;100.00;2.271;GHz
26273592354;;instructions:u;0.00%;4002571405;100.00;2.89;insn per cycle
2178505;;branch-misses:u;0.32%;4002571405;100.00;;
10877402961;;cache-references:u;0.00%;4002571405;100.00;2.719;G/sec
25822420;;cache-misses:u;32.93%;4002571405;100.00;0.237;of all cache refs
795;;page-faults:u;0.04%;4002257275;100.00;198.743;/sec
0;;context-switches:u;0.00%;4002257275;100.00;0.000;/sec
