# To display the perf.data header info, please use --header/--header-only options.
#
#
# Total Lost Samples: 0
#
# Samples: 2K of event 'cycles:u'
# Event count (approx.): 9097499416
#
# Children      Self  Command  Shared Object          Symbol                                         
# ........  ........  .......  .....................  ...............................................
#
    66.79%     0.00%  sqgi     sqgi                   [.] _start
            |
            ---_start
               __libc_start_main_impl (inlined)
               __libc_start_call_main
               main
               |          
                --66.74%--sq_call
                          SQVM::Execute
                          |          
                          |--13.47%--sqjit_try_execute_current
                          |          |          
                          |           --5.11%--SQVM::Return
                          |                     |          
                          |                      --2.50%--SQVM::LeaveFrame
                          |          
                          |--4.91%--SQObjectPtr::operator= (inlined)
                          |          
                          |--3.71%--sqjit_try_execute_current_loop
                          |          
                          |--2.90%--SQVM::StartCall
                          |          
                          |--2.65%--SQArray::Get (inlined)
                          |          |          
                          |           --2.20%--SQArray::Get (inlined)
                          |          
                          |--2.40%--sqjit_try_execute_closure
                          |          
                           --2.35%--SQVM::CMP_OP

    66.79%     0.00%  sqgi     libc.so.6              [.] __libc_start_main_impl (inlined)
            |
            ---__libc_start_main_impl (inlined)
               __libc_start_call_main
               main
               |          
                --66.74%--sq_call
                          SQVM::Execute
                          |          
                          |--13.47%--sqjit_try_execute_current
                          |          |          
                          |           --5.11%--SQVM::Return
                          |                     |          
                          |                      --2.50%--SQVM::LeaveFrame
                          |          
                          |--4.91%--SQObjectPtr::operator= (inlined)
                          |          
                          |--3.71%--sqjit_try_execute_current_loop
                          |          
                          |--2.90%--SQVM::StartCall
                          |          
                          |--2.65%--SQArray::Get (inlined)
                          |          |          
                          |           --2.20%--SQArray::Get (inlined)
                          |          
                          |--2.40%--sqjit_try_execute_closure
                          |          
                           --2.35%--SQVM::CMP_OP

    66.79%     0.00%  sqgi     libc.so.6              [.] __libc_start_call_main
            |
            ---__libc_start_call_main
               main
               |          
                --66.74%--sq_call
                          SQVM::Execute
                          |          
                          |--13.47%--sqjit_try_execute_current
                          |          |          
                          |           --5.11%--SQVM::Return
                          |                     |          
                          |                      --2.50%--SQVM::LeaveFrame
                          |          
                          |--4.91%--SQObjectPtr::operator= (inlined)
                          |          
                          |--3.71%--sqjit_try_execute_current_loop
                          |          
                          |--2.90%--SQVM::StartCall
                          |          
                          |--2.65%--SQArray::Get (inlined)
                          |          |          
                          |           --2.20%--SQArray::Get (inlined)
                          |          
                          |--2.40%--sqjit_try_execute_closure
                          |          
                           --2.35%--SQVM::CMP_OP

    66.79%     0.00%  sqgi     sqgi                   [.] main
            |
            ---main
               |          
                --66.74%--sq_call
                          SQVM::Execute
                          |          
                          |--13.47%--sqjit_try_execute_current
                          |          |          
                          |           --5.11%--SQVM::Return
                          |                     |          
                          |                      --2.50%--SQVM::LeaveFrame
                          |          
                          |--4.91%--SQObjectPtr::operator= (inlined)
                          |          
                          |--3.71%--sqjit_try_execute_current_loop
                          |          
                          |--2.90%--SQVM::StartCall
                          |          
                          |--2.65%--SQArray::Get (inlined)
                          |          |          
                          |           --2.20%--SQArray::Get (inlined)
                          |          
                          |--2.40%--sqjit_try_execute_closure
                          |          
                           --2.35%--SQVM::CMP_OP

    66.74%     0.00%  sqgi     sqgi                   [.] sq_call
            |
            ---sq_call
               SQVM::Execute
               |          
               |--13.47%--sqjit_try_execute_current
               |          |          
               |           --5.11%--SQVM::Return
               |                     |          
               |                      --2.50%--SQVM::LeaveFrame
               |          
               |--4.91%--SQObjectPtr::operator= (inlined)
               |          
               |--3.71%--sqjit_try_execute_current_loop
               |          
               |--2.90%--SQVM::StartCall
               |          
               |--2.65%--SQArray::Get (inlined)
               |          |          
               |           --2.20%--SQArray::Get (inlined)
               |          
               |--2.40%--sqjit_try_execute_closure
               |          
                --2.35%--SQVM::CMP_OP

    66.74%    40.07%  sqgi     sqgi                   [.] SQVM::Execute
            |          
            |--40.07%--_start
            |          __libc_start_main_impl (inlined)
            |          __libc_start_call_main
            |          main
            |          sq_call
            |          SQVM::Execute
            |          |          
            |          |--4.91%--SQObjectPtr::operator= (inlined)
            |          |          
            |           --2.65%--SQArray::Get (inlined)
            |                     |          
            |                      --2.20%--SQArray::Get (inlined)
            |          
             --26.67%--SQVM::Execute
                       |          
                       |--13.47%--sqjit_try_execute_current
                       |          |          
                       |           --5.11%--SQVM::Return
                       |                     |          
                       |                      --2.50%--SQVM::LeaveFrame
                       |          
                       |--3.71%--sqjit_try_execute_current_loop
                       |          
                       |--2.90%--SQVM::StartCall
                       |          
                       |--2.40%--sqjit_try_execute_closure
                       |          
                        --2.35%--SQVM::CMP_OP

    13.77%     5.16%  sqgi     sqgi                   [.] sqjit_try_execute_current
            |          
            |--8.61%--sqjit_try_execute_current
            |          |          
            |           --5.11%--SQVM::Return
            |                     |          
            |                      --2.50%--SQVM::LeaveFrame
            |          
             --5.16%--_start
                       __libc_start_main_impl (inlined)
                       __libc_start_call_main
                       main
                       sq_call
                       SQVM::Execute
                       sqjit_try_execute_current

    10.47%     9.11%  sqgi     sqgi                   [.] sqjit_a64_precise_step<(SQOpcode)13, true>
            |          
             --2.05%--0xffffa637331f
                       0xffffa637331f
                       sqjit_a64_precise_step<(SQOpcode)13, true>

     6.31%     5.41%  sqgi     sqgi                   [.] sqjit_a64_precise_step<(SQOpcode)1, false>
     6.29%     5.94%  sqgi     sqgi                   [.] sqjit_a64_precise_step<(SQOpcode)9, true>
            |          
             --2.73%--0xffffa637311b
                       0xffffa637311b
                       |          
                        --2.50%--sqjit_a64_precise_step<(SQOpcode)9, true>

     5.41%     0.00%  sqgi     sqgi                   [.] SQObjectPtr::operator= (inlined)
            |
            ---SQObjectPtr::operator= (inlined)

     5.11%     2.61%  sqgi     sqgi                   [.] SQVM::Return
            |          
            |--2.61%--_start
            |          __libc_start_main_impl (inlined)
            |          __libc_start_call_main
            |          main
            |          sq_call
            |          SQVM::Execute
            |          sqjit_try_execute_current
            |          SQVM::Return
            |          
             --2.50%--SQVM::Return
                       SQVM::LeaveFrame

     4.01%     0.00%  sqgi     sqgi                   [.] sqjit_a64_precise_member<true> (inlined)
            |
            ---sqjit_a64_precise_member<true> (inlined)
               |          
                --3.51%--sq_member_raw_slot (inlined)
                          |          
                           --2.00%--SQTable::GetRawSlot (inlined)

     3.71%     2.65%  sqgi     sqgi                   [.] sqjit_try_execute_current_loop
            |          
             --2.65%--_start
                       __libc_start_main_impl (inlined)
                       __libc_start_call_main
                       main
                       sq_call
                       SQVM::Execute
                       sqjit_try_execute_current_loop

     3.51%     0.00%  sqgi     sqgi                   [.] sq_member_raw_slot (inlined)
            |
            ---sq_member_raw_slot (inlined)
               |          
                --2.00%--SQTable::GetRawSlot (inlined)

     3.30%     0.00%  sqgi     sqgi                   [.] SQTable::GetRawSlot (inlined)
            |
            ---SQTable::GetRawSlot (inlined)
               |          
                --2.15%--SQTable::_Get (inlined)

     2.90%     0.00%  sqgi     [JIT] tid 550379       [.] 0x0000ffffa616f253
            |
            ---0xffffa616f253

     2.90%     2.15%  sqgi     sqgi                   [.] SQVM::StartCall
            |          
             --2.15%--_start
                       __libc_start_main_impl (inlined)
                       __libc_start_call_main
                       main
                       sq_call
                       SQVM::Execute
                       SQVM::StartCall

     2.73%     0.00%  sqgi     [JIT] tid 550379       [.] 0x0000ffffa637311b
            |
            ---0xffffa637311b
               0xffffa637311b
               |          
                --2.50%--sqjit_a64_precise_step<(SQOpcode)9, true>

     2.65%     0.00%  sqgi     sqgi                   [.] SQArray::Get (inlined)
            |
            ---SQArray::Get (inlined)
               |          
                --2.20%--SQArray::Get (inlined)

     2.60%     2.60%  sqgi     sqgi                   [.] SQJitWriteLog::CanReleaseInContext
     2.50%     0.00%  sqgi     [JIT] tid 550379       [.] 0x0000ffffa637331f
            |
            ---0xffffa637331f
               |          
                --2.30%--0xffffa637331f
                          sqjit_a64_precise_step<(SQOpcode)13, true>

     2.50%     2.50%  sqgi     sqgi                   [.] SQVM::LeaveFrame
            |
            ---_start
               __libc_start_main_impl (inlined)
               __libc_start_call_main
               main
               sq_call
               SQVM::Execute
               sqjit_try_execute_current
               SQVM::Return
               SQVM::LeaveFrame

     2.40%     2.30%  sqgi     sqgi                   [.] sqjit_try_execute_closure
            |          
             --2.30%--_start
                       __libc_start_main_impl (inlined)
                       __libc_start_call_main
                       main
                       sq_call
                       SQVM::Execute
                       sqjit_try_execute_closure

     2.35%     0.90%  sqgi     sqgi                   [.] SQVM::CMP_OP
     2.15%     0.00%  sqgi     sqgi                   [.] SQTable::_Get (inlined)
            |
            ---SQTable::_Get (inlined)

     2.10%     0.00%  sqgi     [JIT] tid 550379       [.] 0x0000ffffa6373283
            |
            ---0xffffa6373283

     2.05%     0.00%  sqgi     [JIT] tid 550379       [.] 0x0000ffffa637321b
            |
            ---0xffffa637321b
               |          
                --2.00%--0xffffa637321b
                          sqjit_a64_precise_step<(SQOpcode)14, true>

     2.05%     0.00%  sqgi     sqgi                   [.] sqjit_a64_precise_can_release (inlined)
            |
            ---sqjit_a64_precise_can_release (inlined)

     2.00%     0.00%  sqgi     [JIT] tid 550379       [.] 0x0000ffffa63735eb
            |
            ---0xffffa63735eb

     2.00%     2.00%  sqgi     sqgi                   [.] sqjit_a64_precise_step<(SQOpcode)14, true>
            |
            ---0xffffa637321b
               0xffffa637321b
               sqjit_a64_precise_step<(SQOpcode)14, true>



#
# (Cannot load tips.txt file, please install perf!)
#
