# To display the perf.data header info, please use --header/--header-only options.
#
#
# Total Lost Samples: 0
#
# Samples: 1K of event 'cycles:u'
# Event count (approx.): 8038102686
#
# Children      Self  Command  Shared Object                 Symbol                                         
# ........  ........  .......  ............................  ...............................................
#
    17.17%     0.00%  sqgi     [JIT] tid 550354              [.] 0x0000ffff88f34cf3
            |
            ---0xffff88f34cf3
               |          
                --5.27%--0xffff88f34cf3
                          sqjit_a64_precise_step<(SQOpcode)9, true>

    14.49%    13.64%  sqgi     sqgi                          [.] sqjit_a64_precise_step<(SQOpcode)9, true>
            |          
            |--4.99%--0xffff88f341ff
            |          0xffff88f341ff
            |          |          
            |           --4.76%--sqjit_a64_precise_step<(SQOpcode)9, true>
            |          
            |--4.42%--0xffff88f34cf3
            |          0xffff88f34cf3
            |          sqjit_a64_precise_step<(SQOpcode)9, true>
            |          
             --4.23%--0xffff88f3450f
                       0xffff88f3450f
                       |          
                        --4.08%--sqjit_a64_precise_step<(SQOpcode)9, true>

    11.79%    11.23%  sqgi     sqgi                          [.] sqjit_a64_precise_step<(SQOpcode)13, true>
            |          
            |--3.91%--0xffff88f34443
            |          0xffff88f34443
            |          sqjit_a64_precise_step<(SQOpcode)13, true>
            |          
            |--3.80%--0xffff88f34c27
            |          0xffff88f34c27
            |          sqjit_a64_precise_step<(SQOpcode)13, true>
            |          
             --3.52%--0xffff88f3498f
                       0xffff88f3498f
                       sqjit_a64_precise_step<(SQOpcode)13, true>

    11.38%    10.14%  sqgi     sqgi                          [.] sqjit_a64_precise_step<(SQOpcode)1, false>
            |          
            |--5.49%--0xffff88f34233
            |          0xffff88f34233
            |          sqjit_a64_precise_step<(SQOpcode)1, false>
            |          
             --4.65%--0xffff88f3495b
                       0xffff88f3495b
                       sqjit_a64_precise_step<(SQOpcode)1, false>

     9.81%     0.00%  sqgi     [JIT] tid 550354              [.] 0x0000ffff88f3412b
            |
            ---0xffff88f3412b
               |          
                --8.90%--0xffff88f3412b
                          sqjit_a64_precise_step<(SQOpcode)29, false>
                          |          
                           --3.91%--SQVM::CMP_OP
                                     |          
                                      --2.50%--SQVM::ObjCmp

     9.61%     0.00%  sqgi     [JIT] tid 550354              [.] 0x0000ffff88f349c3
            |
            ---0xffff88f349c3
               |          
                --6.44%--0xffff88f349c3
                          sqjit_a64_precise_step<(SQOpcode)4, false>
                          |          
                           --2.04%--SQObjectPtr::operator= (inlined)

     8.90%     4.59%  sqgi     sqgi                          [.] sqjit_a64_precise_step<(SQOpcode)29, false>
            |          
            |--4.59%--0xffff88f3412b
            |          0xffff88f3412b
            |          sqjit_a64_precise_step<(SQOpcode)29, false>
            |          
             --4.31%--sqjit_a64_precise_step<(SQOpcode)29, false>
                       |          
                        --3.91%--SQVM::CMP_OP
                                  |          
                                   --2.50%--SQVM::ObjCmp

     8.32%     0.00%  sqgi     [JIT] tid 550354              [.] 0x0000ffff88f34233
            |
            ---0xffff88f34233
               |          
                --5.49%--0xffff88f34233
                          sqjit_a64_precise_step<(SQOpcode)1, false>

     8.08%     0.00%  sqgi     [JIT] tid 550354              [.] 0x0000ffff88f34563
            |
            ---0xffff88f34563
               |          
                --3.49%--0xffff88f34563
                          sqjit_a64_precise_step<(SQOpcode)2, false>

     7.74%     0.00%  sqgi     [JIT] tid 550354              [.] 0x0000ffff88f354b7
            |
            ---0xffff88f354b7
               |          
                --7.57%--0xffff88f354b7
                          |          
                           --6.97%--sqjit_a64_precise_step<(SQOpcode)39, false>

     7.57%     5.75%  sqgi     sqgi                          [.] sqjit_a64_precise_step<(SQOpcode)39, false>
            |          
             --5.75%--0xffff88f354b7
                       0xffff88f354b7
                       |          
                        --5.16%--sqjit_a64_precise_step<(SQOpcode)39, false>

     6.44%     5.76%  sqgi     sqgi                          [.] sqjit_a64_precise_step<(SQOpcode)4, false>
            |          
             --5.76%--0xffff88f349c3
                       0xffff88f349c3
                       sqjit_a64_precise_step<(SQOpcode)4, false>
                       |          
                        --2.04%--SQObjectPtr::operator= (inlined)

     6.40%     0.00%  sqgi     [JIT] tid 550354              [.] 0x0000ffff88f3495b
            |
            ---0xffff88f3495b
               |          
                --5.89%--0xffff88f3495b
                          sqjit_a64_precise_step<(SQOpcode)1, false>

     6.28%     6.28%  sqgi     sqgi                          [.] SQJitWriteLog::CanReleaseInContext
     5.39%     0.00%  sqgi     [JIT] tid 550354              [.] 0x0000ffff88f34443
            |
            ---0xffff88f34443
               |          
                --4.48%--0xffff88f34443
                          sqjit_a64_precise_step<(SQOpcode)13, true>

     5.22%     0.00%  sqgi     [JIT] tid 550354              [.] 0x0000ffff88f34c27
            |
            ---0xffff88f34c27
               |          
                --3.80%--0xffff88f34c27
                          sqjit_a64_precise_step<(SQOpcode)13, true>

     5.16%     0.00%  sqgi     [JIT] tid 550354              [.] 0x0000ffff88f341ff
            |
            ---0xffff88f341ff
               |          
                --4.99%--0xffff88f341ff
                          |          
                           --4.76%--sqjit_a64_precise_step<(SQOpcode)9, true>

     4.82%     0.00%  sqgi     [JIT] tid 550354              [.] 0x0000ffff88f34927
            |
            ---0xffff88f34927
               |          
                --4.53%--0xffff88f34927
                          sqjit_a64_precise_step<(SQOpcode)13, false>

     4.80%     0.00%  sqgi     [JIT] tid 550354              [.] 0x0000ffff88f3450f
            |
            ---0xffff88f3450f
               |          
                --4.23%--0xffff88f3450f
                          |          
                           --4.08%--sqjit_a64_precise_step<(SQOpcode)9, true>

     4.53%     4.53%  sqgi     sqgi                          [.] sqjit_a64_precise_step<(SQOpcode)13, false>
            |
            ---0xffff88f34927
               0xffff88f34927
               sqjit_a64_precise_step<(SQOpcode)13, false>

     3.91%     1.42%  sqgi     sqgi                          [.] SQVM::CMP_OP
            |          
             --2.50%--SQVM::CMP_OP
                       SQVM::ObjCmp

     3.80%     0.00%  sqgi     [JIT] tid 550354              [.] 0x0000ffff88f3498f
            |
            ---0xffff88f3498f
               |          
                --3.52%--0xffff88f3498f
                          sqjit_a64_precise_step<(SQOpcode)13, true>

     3.49%     2.36%  sqgi     sqgi                          [.] sqjit_a64_precise_step<(SQOpcode)2, false>
            |          
             --2.36%--0xffff88f34563
                       0xffff88f34563
                       sqjit_a64_precise_step<(SQOpcode)2, false>

     3.46%     0.00%  sqgi     [JIT] tid 550354              [.] 0x0000ffff88f3440f
            |
            ---0xffff88f3440f
               |          
                --3.23%--0xffff88f3440f
                          |          
                           --2.15%--sqjit_a64_precise_step<(SQOpcode)14, false>

     3.23%     3.23%  sqgi     sqgi                          [.] sqjit_a64_precise_step<(SQOpcode)14, false>
            |
            ---0xffff88f3440f
               0xffff88f3440f
               |          
                --2.15%--sqjit_a64_precise_step<(SQOpcode)14, false>

     2.95%     0.00%  sqgi     sqgi                          [.] SQObjectPtr::operator= (inlined)
            |
            ---SQObjectPtr::operator= (inlined)

     2.50%     2.50%  sqgi     sqgi                          [.] SQVM::ObjCmp
            |
            ---0xffff88f3412b
               0xffff88f3412b
               sqjit_a64_precise_step<(SQOpcode)29, false>
               SQVM::CMP_OP
               SQVM::ObjCmp

     2.33%     0.00%  sqgi     sqgi                          [.] SQObjectPtr::operator= (inlined)
            |
            ---SQObjectPtr::operator= (inlined)

     2.04%     0.00%  sqgi     sqgi                          [.] SQObjectPtr::operator= (inlined)
            |
            ---SQObjectPtr::operator= (inlined)



#
# (Cannot load tips.txt file, please install perf!)
#
