BENCH	table_owners_1	200000	0.251560000	5098276961
BENCH	table_owners_2	200000	0.251975000	5098477602
BENCH	table_owners_5	200000	0.251995000	5097878556
BENCH	table_owners_19	200000	0.251835000	5098684496
BENCH	table_owners_257	200000	0.251570000	5100408060
BENCH	class_owners_1	200000	0.251340000	5098276961
BENCH	class_owners_2	200000	0.250935000	5098477602
BENCH	class_owners_5	200000	0.250910000	5097878556
BENCH	class_owners_19	200000	0.250990000	5098684496
BENCH	class_owners_257	200000	0.251820000	5100408060
BENCH	table_owners_1	200000	0.251360000	5098276961
BENCH	table_owners_2	200000	0.251875000	5098477602
BENCH	table_owners_5	200000	0.251560000	5097878556
BENCH	table_owners_19	200000	0.251080000	5098684496
BENCH	table_owners_257	200000	0.251595000	5100408060
BENCH	class_owners_1	200000	0.252270000	5098276961
BENCH	class_owners_2	200000	0.251595000	5098477602
BENCH	class_owners_5	200000	0.252060000	5097878556
BENCH	class_owners_19	200000	0.252050000	5098684496
BENCH	class_owners_257	200000	0.252000000	5100408060
BENCH	table_owners_1	200000	0.251340000	5098276961
BENCH	table_owners_2	200000	0.250995000	5098477602
BENCH	table_owners_5	200000	0.251665000	5097878556
BENCH	table_owners_19	200000	0.251575000	5098684496
BENCH	table_owners_257	200000	0.251705000	5100408060
BENCH	class_owners_1	200000	0.250735000	5098276961
BENCH	class_owners_2	200000	0.251175000	5098477602
BENCH	class_owners_5	200000	0.251015000	5097878556
BENCH	class_owners_19	200000	0.250365000	5098684496
BENCH	class_owners_257	200000	0.251170000	5100408060
3537.45;msec;task-clock:u;0.11%;3537445522;100.00;0.996;CPUs utilized
8037845472;;cycles:u;0.06%;3537789994;100.00;2.267;GHz
25536189460;;instructions:u;0.00%;3537789994;100.00;3.17;insn per cycle
144980;;branch-misses:u;0.89%;3537789994;100.00;;
10217055206;;cache-references:u;0.00%;3537789994;100.00;2.882;G/sec
327305;;cache-misses:u;0.87%;3537789994;100.00;0.003;of all cache refs
786;;page-faults:u;0.04%;3537445522;100.00;221.730;/sec
0;;context-switches:u;0.00%;3537445522;100.00;0.000;/sec
