# To display the perf.data header info, please use --header/--header-only options.
#
#
# Total Lost Samples: 0
#
# Samples: 204  of event 'cycles:u'
# Event count (approx.): 869608519
#
# Children      Self  Command  Shared Object          Symbol                                                                                                                                                         
# ........  ........  .......  .....................  ...............................................................................................................................................................
#
    28.79%    10.99%  sqgi     sqgi                   [.] sqjit_a64_helper_member_set_integer_logged
            |          
            |--17.80%--sqjit_a64_helper_member_set_integer_logged
            |          |          
            |          |--12.04%--sqjit_a64_helper_member_set_integer_logged
            |          |          SQJitWriteLog::RecordMember
            |          |          |          
            |          |          |--7.33%--SQJitWriteLog::CanRelease
            |          |          |          
            |          |           --3.66%--SQJitWriteLog::ContainsMember<false> (inlined)
            |          |          
            |           --5.76%--sqjit_a64_member_store_slot (inlined)
            |                     sqjit_a64_member_store_slot (inlined)
            |                     sqjit_a64_helper_member_set_integer_logged
            |                     sqjit_a64_resolve_root_store_slot
            |                     |          
            |                      --5.24%--SQTable::GetRawSlot (inlined)
            |                                |          
            |                                |--2.62%--HashObj (inlined)
            |                                |          
            |                                 --2.62%--SQTable::_Get (inlined)
            |          
            |--5.75%--0xffffbc18b1f3
            |          0xffffbc18b1f3
            |          sqjit_a64_helper_member_set_integer_logged
            |          |          
            |           --2.61%--sqjit_a64_member_store_slot (inlined)
            |                     sqjit_a64_member_store_slot (inlined)
            |                     sqjit_a64_resolve_store_slot (inlined)
            |                     |          
            |                      --2.09%--sq_member_raw_slot (inlined)
            |          
             --5.24%--0xffffbc1891d7
                       0xffffbc1891d7
                       sqjit_a64_helper_member_set_integer_logged
                       |          
                        --4.19%--sqjit_a64_member_store_slot (inlined)
                                  |          
                                   --3.66%--sqjit_a64_member_store_slot (inlined)
                                             sqjit_a64_resolve_store_slot (inlined)
                                             sq_member_raw_slot (inlined)
                                             SQTable::GetRawSlot (inlined)
                                             |          
                                              --2.62%--SQTable::_Get (inlined)

    25.00%    11.68%  sqgi     sqgi                   [.] SQJitWriteLog::RecordMember
            |          
            |--13.32%--SQJitWriteLog::RecordMember
            |          |          
            |           --12.27%--SQJitWriteLog::CanRelease
            |          
            |--4.35%--0xffffbc18c21f
            |          0xffffbc18c21f
            |          sqjit_a64_helper_instance_field_set_integer_logged
            |          sqjit_a64_helper_instance_field_set_integer_logged
            |          SQJitWriteLog::RecordMember
            |          
            |--2.62%--0xffffbc1891d7
            |          0xffffbc1891d7
            |          sqjit_a64_helper_member_set_integer_logged
            |          sqjit_a64_helper_member_set_integer_logged
            |          SQJitWriteLog::RecordMember
            |          
            |--2.62%--0xffffbc18a207
            |          0xffffbc18a207
            |          sqjit_a64_helper_member_set_reference_logged
            |          sqjit_a64_helper_member_set_reference_logged
            |          SQJitWriteLog::RecordMember
            |          |          
            |           --2.10%--SQJitWriteLog::ContainsMember<true> (inlined)
            |          
             --2.09%--0xffffbc18b1f3
                       0xffffbc18b1f3
                       sqjit_a64_helper_member_set_integer_logged
                       sqjit_a64_helper_member_set_integer_logged
                       SQJitWriteLog::RecordMember
                       SQJitWriteLog::ContainsMember<false> (inlined)

    22.52%     0.00%  sqgi     [JIT] tid 550308       [.] 0x0000ffffbc18a207
            |
            ---0xffffbc18a207
               |          
                --17.81%--0xffffbc18a207
                          sqjit_a64_helper_member_set_reference_logged
                          |          
                          |--7.86%--sqjit_a64_helper_member_set_reference_logged
                          |          SQJitWriteLog::RecordMember
                          |          |          
                          |          |--4.19%--SQJitWriteLog::CanRelease
                          |          |          
                          |           --3.15%--SQJitWriteLog::ContainsMember<true> (inlined)
                          |          
                          |--6.28%--sqjit_a64_member_store_slot (inlined)
                          |          sqjit_a64_member_store_slot (inlined)
                          |          |          
                          |           --5.24%--sqjit_a64_resolve_store_slot (inlined)
                          |                     |          
                          |                      --4.19%--sq_member_raw_slot (inlined)
                          |                                SQTable::GetRawSlot (inlined)
                          |                                SQTable::_Get (inlined)
                          |          
                           --3.14%--sqjit_a64_store_resolved_member (inlined)

    18.35%     5.55%  sqgi     sqgi                   [.] sqjit_a64_helper_member_closure_guard
            |          
             --12.79%--sqjit_a64_helper_member_closure_guard
                       sqjit_a64_helper_member_closure_guard
                       sqjit_a64_borrow_member_ptr_value
                       |          
                        --8.63%--SQTable::GetRawSlot (inlined)
                                  |          
                                   --6.19%--SQTable::_Get (inlined)

    17.81%     7.86%  sqgi     sqgi                   [.] sqjit_a64_helper_member_set_reference_logged
            |          
            |--9.95%--sqjit_a64_helper_member_set_reference_logged
            |          |          
            |           --7.86%--sqjit_a64_helper_member_set_reference_logged
            |                     SQJitWriteLog::RecordMember
            |                     |          
            |                     |--4.19%--SQJitWriteLog::CanRelease
            |                     |          
            |                      --3.15%--SQJitWriteLog::ContainsMember<true> (inlined)
            |          
             --7.86%--0xffffbc18a207
                       0xffffbc18a207
                       sqjit_a64_helper_member_set_reference_logged
                       |          
                       |--5.24%--sqjit_a64_member_store_slot (inlined)
                       |          sqjit_a64_member_store_slot (inlined)
                       |          sqjit_a64_resolve_store_slot (inlined)
                       |          |          
                       |           --4.19%--sq_member_raw_slot (inlined)
                       |                     SQTable::GetRawSlot (inlined)
                       |                     SQTable::_Get (inlined)
                       |          
                        --2.10%--sqjit_a64_store_resolved_member (inlined)

    16.76%     0.00%  sqgi     [JIT] tid 550308       [.] 0x0000ffffbc1891d7
            |
            ---0xffffbc1891d7
               |          
                --12.57%--0xffffbc1891d7
                          sqjit_a64_helper_member_set_integer_logged
                          |          
                          |--6.81%--sqjit_a64_member_store_slot (inlined)
                          |          |          
                          |           --6.28%--sqjit_a64_member_store_slot (inlined)
                          |                     |          
                          |                     |--3.66%--sqjit_a64_resolve_store_slot (inlined)
                          |                     |          sq_member_raw_slot (inlined)
                          |                     |          SQTable::GetRawSlot (inlined)
                          |                     |          |          
                          |                     |           --2.62%--SQTable::_Get (inlined)
                          |                     |          
                          |                      --2.62%--sqjit_a64_helper_member_set_integer_logged
                          |                                sqjit_a64_resolve_root_store_slot
                          |                                SQTable::GetRawSlot (inlined)
                          |                                |          
                          |                                 --2.10%--SQTable::_Get (inlined)
                          |          
                           --4.72%--sqjit_a64_helper_member_set_integer_logged
                                     SQJitWriteLog::RecordMember
                                     |          
                                      --2.10%--SQJitWriteLog::CanRelease

    16.74%     0.00%  sqgi     [JIT] tid 550308       [.] 0x0000ffffbc18b1f3
            |
            ---0xffffbc18b1f3
               |          
                --16.22%--0xffffbc18b1f3
                          sqjit_a64_helper_member_set_integer_logged
                          |          
                          |--7.32%--sqjit_a64_helper_member_set_integer_logged
                          |          SQJitWriteLog::RecordMember
                          |          |          
                          |          |--5.23%--SQJitWriteLog::CanRelease
                          |          |          
                          |           --2.09%--SQJitWriteLog::ContainsMember<false> (inlined)
                          |          
                           --5.76%--sqjit_a64_member_store_slot (inlined)
                                     sqjit_a64_member_store_slot (inlined)
                                     |          
                                     |--3.14%--sqjit_a64_helper_member_set_integer_logged
                                     |          sqjit_a64_resolve_root_store_slot
                                     |          |          
                                     |           --2.62%--SQTable::GetRawSlot (inlined)
                                     |                     |          
                                     |                      --2.10%--HashObj (inlined)
                                     |          
                                      --2.61%--sqjit_a64_resolve_store_slot (inlined)
                                                |          
                                                 --2.09%--sq_member_raw_slot (inlined)

    12.79%    12.79%  sqgi     sqgi                   [.] sqjit_a64_borrow_member_ptr_value
            |          
            |--3.89%--0xffffbc18c167
            |          0xffffbc18c167
            |          sqjit_a64_helper_member_closure_guard
            |          sqjit_a64_helper_member_closure_guard
            |          sqjit_a64_borrow_member_ptr_value
            |          |          
            |           --2.88%--SQTable::GetRawSlot (inlined)
            |                     |          
            |                      --2.52%--SQTable::_Get (inlined)
            |          
            |--3.67%--0xffffbc18a14b
            |          0xffffbc18a14b
            |          sqjit_a64_helper_member_closure_guard
            |          sqjit_a64_helper_member_closure_guard
            |          sqjit_a64_borrow_member_ptr_value
            |          |          
            |           --2.10%--SQTable::GetRawSlot (inlined)
            |          
            |--3.14%--0xffffbc18914b
            |          0xffffbc18914b
            |          sqjit_a64_helper_member_closure_guard
            |          sqjit_a64_helper_member_closure_guard
            |          sqjit_a64_borrow_member_ptr_value
            |          |          
            |           --2.09%--SQTable::GetRawSlot (inlined)
            |          
             --2.09%--0xffffbc18b167
                       0xffffbc18b167
                       sqjit_a64_helper_member_closure_guard
                       sqjit_a64_helper_member_closure_guard
                       sqjit_a64_borrow_member_ptr_value

    12.56%     0.00%  sqgi     sqgi                   [.] sqjit_a64_member_store_slot (inlined)
            |
            ---sqjit_a64_member_store_slot (inlined)
               |          
                --12.04%--sqjit_a64_member_store_slot (inlined)
                          |          
                          |--6.28%--sqjit_a64_resolve_store_slot (inlined)
                          |          |          
                          |           --5.75%--sq_member_raw_slot (inlined)
                          |                     |          
                          |                      --5.23%--SQTable::GetRawSlot (inlined)
                          |                                |          
                          |                                 --3.67%--SQTable::_Get (inlined)
                          |          
                           --5.76%--sqjit_a64_helper_member_set_integer_logged
                                     sqjit_a64_resolve_root_store_slot
                                     |          
                                      --5.24%--SQTable::GetRawSlot (inlined)
                                                |          
                                                |--2.62%--HashObj (inlined)
                                                |          
                                                 --2.62%--SQTable::_Get (inlined)

    12.27%    12.27%  sqgi     sqgi                   [.] SQJitWriteLog::CanRelease
            |          
            |--5.23%--0xffffbc18b1f3
            |          0xffffbc18b1f3
            |          sqjit_a64_helper_member_set_integer_logged
            |          sqjit_a64_helper_member_set_integer_logged
            |          SQJitWriteLog::RecordMember
            |          SQJitWriteLog::CanRelease
            |          
            |--4.19%--0xffffbc18a207
            |          0xffffbc18a207
            |          sqjit_a64_helper_member_set_reference_logged
            |          sqjit_a64_helper_member_set_reference_logged
            |          SQJitWriteLog::RecordMember
            |          SQJitWriteLog::CanRelease
            |          
             --2.10%--0xffffbc1891d7
                       0xffffbc1891d7
                       sqjit_a64_helper_member_set_integer_logged
                       sqjit_a64_helper_member_set_integer_logged
                       SQJitWriteLog::RecordMember
                       SQJitWriteLog::CanRelease

    12.07%     0.00%  sqgi     [JIT] tid 550308       [.] 0x0000ffffbc18c21f
            |
            ---0xffffbc18c21f
               |          
                --9.29%--0xffffbc18c21f
                          sqjit_a64_helper_instance_field_set_integer_logged
                          |          
                          |--5.10%--sqjit_a64_helper_instance_field_set_integer_logged
                          |          SQJitWriteLog::RecordMember
                          |          
                           --2.61%--sqjit_a64_write_log_record_member (inlined)
                                     |          
                                      --2.09%--sq_member_raw_slot (inlined)
                                                SQTable::GetRawSlot (inlined)

     9.29%     4.18%  sqgi     sqgi                   [.] sqjit_a64_helper_instance_field_set_integer_logged
            |          
            |--5.10%--sqjit_a64_helper_instance_field_set_integer_logged
            |          sqjit_a64_helper_instance_field_set_integer_logged
            |          SQJitWriteLog::RecordMember
            |          
             --4.18%--0xffffbc18c21f
                       0xffffbc18c21f
                       sqjit_a64_helper_instance_field_set_integer_logged
                       |          
                        --2.61%--sqjit_a64_write_log_record_member (inlined)
                                  |          
                                   --2.09%--sq_member_raw_slot (inlined)
                                             SQTable::GetRawSlot (inlined)

     8.63%     0.00%  sqgi     sqgi                   [.] SQTable::GetRawSlot (inlined)
            |
            ---SQTable::GetRawSlot (inlined)
               |          
                --6.19%--SQTable::_Get (inlined)

     8.38%     0.00%  sqgi     [JIT] tid 550308       [.] 0x0000ffffbc18a14b
            |
            ---0xffffbc18a14b
               |          
               |--5.24%--0xffffbc18a14b
               |          sqjit_a64_helper_member_closure_guard
               |          |          
               |           --3.67%--sqjit_a64_helper_member_closure_guard
               |                     sqjit_a64_borrow_member_ptr_value
               |                     |          
               |                      --2.10%--SQTable::GetRawSlot (inlined)
               |          
                --2.10%--0xffffbc18a18c

     7.60%     0.00%  sqgi     [JIT] tid 550308       [.] 0x0000ffffbc18c167
            |
            ---0xffffbc18c167
               |          
                --5.78%--0xffffbc18c167
                          sqjit_a64_helper_member_closure_guard
                          |          
                           --3.89%--sqjit_a64_helper_member_closure_guard
                                     sqjit_a64_borrow_member_ptr_value
                                     |          
                                      --2.88%--SQTable::GetRawSlot (inlined)
                                                |          
                                                 --2.52%--SQTable::_Get (inlined)

     6.81%     6.81%  sqgi     sqgi                   [.] sqjit_a64_resolve_root_store_slot
            |          
            |--3.14%--0xffffbc18b1f3
            |          0xffffbc18b1f3
            |          sqjit_a64_helper_member_set_integer_logged
            |          sqjit_a64_member_store_slot (inlined)
            |          sqjit_a64_member_store_slot (inlined)
            |          sqjit_a64_helper_member_set_integer_logged
            |          sqjit_a64_resolve_root_store_slot
            |          |          
            |           --2.62%--SQTable::GetRawSlot (inlined)
            |                     |          
            |                      --2.10%--HashObj (inlined)
            |          
             --2.62%--0xffffbc1891d7
                       0xffffbc1891d7
                       sqjit_a64_helper_member_set_integer_logged
                       sqjit_a64_member_store_slot (inlined)
                       sqjit_a64_member_store_slot (inlined)
                       sqjit_a64_helper_member_set_integer_logged
                       sqjit_a64_resolve_root_store_slot
                       SQTable::GetRawSlot (inlined)
                       |          
                        --2.10%--SQTable::_Get (inlined)

     6.80%     0.00%  sqgi     [JIT] tid 550308       [.] 0x0000ffffbc18914b
            |
            ---0xffffbc18914b
               |          
                --3.66%--0xffffbc18914b
                          sqjit_a64_helper_member_closure_guard
                          |          
                           --3.14%--sqjit_a64_helper_member_closure_guard
                                     sqjit_a64_borrow_member_ptr_value
                                     |          
                                      --2.09%--SQTable::GetRawSlot (inlined)

     6.28%     0.00%  sqgi     sqgi                   [.] sqjit_a64_member_store_slot (inlined)
            |
            ---sqjit_a64_member_store_slot (inlined)
               sqjit_a64_member_store_slot (inlined)
               |          
                --5.24%--sqjit_a64_resolve_store_slot (inlined)
                          |          
                           --4.19%--sq_member_raw_slot (inlined)
                                     SQTable::GetRawSlot (inlined)
                                     SQTable::_Get (inlined)

     6.28%     0.00%  sqgi     sqgi                   [.] sqjit_a64_resolve_store_slot (inlined)
            |
            ---sqjit_a64_resolve_store_slot (inlined)
               |          
                --5.75%--sq_member_raw_slot (inlined)
                          |          
                           --5.23%--SQTable::GetRawSlot (inlined)
                                     |          
                                      --3.67%--SQTable::_Get (inlined)

     6.27%     0.00%  sqgi     [JIT] tid 550308       [.] 0x0000ffffbc18b167
            |
            ---0xffffbc18b167
               |          
               |--3.66%--0xffffbc18b167
               |          sqjit_a64_helper_member_closure_guard
               |          |          
               |           --2.09%--sqjit_a64_helper_member_closure_guard
               |                     sqjit_a64_borrow_member_ptr_value
               |          
                --2.10%--0xffffbc18b1d8

     6.19%     0.00%  sqgi     sqgi                   [.] SQTable::_Get (inlined)
            |
            ---SQTable::_Get (inlined)

     5.76%     0.00%  sqgi     sqgi                   [.] SQTable::GetRawSlot (inlined)
            |
            ---SQTable::GetRawSlot (inlined)
               |          
               |--3.14%--SQTable::_Get (inlined)
               |          
                --2.62%--HashObj (inlined)

     5.75%     0.00%  sqgi     sqgi                   [.] sq_member_raw_slot (inlined)
            |
            ---sq_member_raw_slot (inlined)
               |          
                --5.23%--SQTable::GetRawSlot (inlined)
                          |          
                           --3.67%--SQTable::_Get (inlined)

     5.75%     0.00%  sqgi     sqgi                   [.] SQTable::GetRawSlot (inlined)
            |
            ---SQTable::GetRawSlot (inlined)
               |          
               |--3.67%--SQTable::_Get (inlined)
               |          
                --2.09%--HashObj (inlined)

     5.46%     0.00%  sqgi     sqgi                   [.] SQJitWriteLog::ContainsMember<false> (inlined)
            |
            ---SQJitWriteLog::ContainsMember<false> (inlined)
               |          
                --2.84%--SQJitWriteLog::ContainsMember<false>(SQObjectPtr const&, SQObjectPtr const&, SQObjectPtr const&) const::{lambda(SQJitWriteLog::Entry const&)#1}::operator() (inlined)

     5.24%     0.00%  sqgi     sqgi                   [.] sqjit_a64_resolve_store_slot (inlined)
            |
            ---sqjit_a64_resolve_store_slot (inlined)
               |          
                --4.19%--sq_member_raw_slot (inlined)
                          SQTable::GetRawSlot (inlined)
                          SQTable::_Get (inlined)

     4.19%     0.00%  sqgi     sqgi                   [.] sq_member_raw_slot (inlined)
            |
            ---sq_member_raw_slot (inlined)
               SQTable::GetRawSlot (inlined)
               SQTable::_Get (inlined)

     4.19%     0.00%  sqgi     sqgi                   [.] SQTable::GetRawSlot (inlined)
            |
            ---SQTable::GetRawSlot (inlined)
               SQTable::_Get (inlined)

     4.19%     0.00%  sqgi     sqgi                   [.] SQTable::_Get (inlined)
            |
            ---SQTable::_Get (inlined)

     3.67%     0.00%  sqgi     sqgi                   [.] SQTable::_Get (inlined)
            |
            ---SQTable::_Get (inlined)

     3.15%     0.00%  sqgi     sqgi                   [.] SQJitWriteLog::ContainsMember<true> (inlined)
            |
            ---SQJitWriteLog::ContainsMember<true> (inlined)

     3.14%     0.00%  sqgi     sqgi                   [.] sqjit_a64_store_resolved_member (inlined)
            |
            ---sqjit_a64_store_resolved_member (inlined)

     3.14%     0.00%  sqgi     sqgi                   [.] SQTable::_Get (inlined)
            |
            ---SQTable::_Get (inlined)

     2.84%     0.00%  sqgi     sqgi                   [.] SQJitWriteLog::ContainsMember<false>(SQObjectPtr const&, SQObjectPtr const&, SQObjectPtr const&) const::{lambda(SQJitWriteLog::Entry const&)#1}::operator() (inlined)
            |
            ---SQJitWriteLog::ContainsMember<false>(SQObjectPtr const&, SQObjectPtr const&, SQObjectPtr const&) const::{lambda(SQJitWriteLog::Entry const&)#1}::operator() (inlined)

     2.62%     0.00%  sqgi     sqgi                   [.] HashObj (inlined)
            |
            ---HashObj (inlined)

     2.61%     0.00%  sqgi     sqgi                   [.] sqjit_a64_write_log_record_member (inlined)
            |
            ---sqjit_a64_write_log_record_member (inlined)
               |          
                --2.09%--sq_member_raw_slot (inlined)
                          SQTable::GetRawSlot (inlined)

     2.10%     2.10%  sqgi     [JIT] tid 550308       [.] 0x0000ffffbc18a18c
            |
            ---0xffffbc18a14b
               0xffffbc18a18c

     2.10%     2.10%  sqgi     [JIT] tid 550308       [.] 0x0000ffffbc18b1d8
            |
            ---0xffffbc18b167
               0xffffbc18b1d8

     2.09%     0.00%  sqgi     sqgi                   [.] sq_member_raw_slot (inlined)
            |
            ---sq_member_raw_slot (inlined)
               SQTable::GetRawSlot (inlined)

     2.09%     0.00%  sqgi     sqgi                   [.] SQTable::GetRawSlot (inlined)
            |
            ---SQTable::GetRawSlot (inlined)

     2.09%     0.00%  sqgi     sqgi                   [.] HashObj (inlined)
            |
            ---HashObj (inlined)

     2.05%     0.00%  sqgi     libc.so.6              [.] __libc_start_call_main
            |
            ---__libc_start_call_main
               __libc_start_call_main
               main

     2.05%     0.00%  sqgi     sqgi                   [.] main
            |
            ---main



#
# (Cannot load tips.txt file, please install perf!)
#
