BENCH	receiver_integer	200000	0.053815000	595177
BENCH	root_integer	200000	0.062950000	595177
BENCH	root_reference	200000	0.085755000	799457
BENCH	root_integer_result	200000	0.064395000	795177
BENCH	receiver_integer	200000	0.054040000	595177
BENCH	root_integer	200000	0.062795000	595177
BENCH	root_reference	200000	0.085275000	799457
BENCH	root_integer_result	200000	0.064465000	795177
BENCH	receiver_integer	200000	0.053905000	595177
BENCH	root_integer	200000	0.062805000	595177
BENCH	root_reference	200000	0.085600000	799457
BENCH	root_integer_result	200000	0.064490000	795177
398.31;msec;task-clock:u;0.73%;398313705;100.00;0.984;CPUs utilized
880762978;;cycles:u;0.30%;398362117;100.00;2.202;GHz
2907946605;;instructions:u;0.01%;398362117;100.00;3.32;insn per cycle
300758;;branch-misses:u;3.89%;398362117;100.00;;
1005658828;;cache-references:u;0.04%;398362117;100.00;2.514;G/sec
193070;;cache-misses:u;0.46%;398362117;100.00;0.019;of all cache refs
782;;page-faults:u;0.07%;398313705;100.00;1.955;K/sec
0;;context-switches:u;0.00%;398313705;100.00;0.000;/sec
