BENCH	route_balanced	200000	0.053245000	300346
BENCH	route_skewed	200000	0.052025000	122121
BENCH	pricing_events	200000	0.056770000	636940
BENCH	filter_stream	200000	0.056540000	10704.521037291815
BENCH	records_64	200000	0.136965000	599323
BENCH	records_4096	200000	0.275775000	385702
BENCH	word_count	200000	0.266765000	116910
BENCH	graph_walk	200000	0.012290000	386354
BENCH	route_balanced	200000	0.053540000	300346
BENCH	route_skewed	200000	0.052140000	122121
BENCH	pricing_events	200000	0.056990000	636940
BENCH	filter_stream	200000	0.055500000	10704.521037291815
BENCH	records_64	200000	0.131115000	599323
BENCH	records_4096	200000	0.305880000	385702
BENCH	word_count	200000	0.266060000	116910
BENCH	graph_walk	200000	0.012360000	386354
BENCH	route_balanced	200000	0.053240000	300346
BENCH	route_skewed	200000	0.051365000	122121
BENCH	pricing_events	200000	0.056620000	636940
BENCH	filter_stream	200000	0.055195000	10704.521037291815
BENCH	records_64	200000	0.129915000	599323
BENCH	records_4096	200000	0.280655000	385702
BENCH	word_count	200000	0.265735000	116910
BENCH	graph_walk	200000	0.012270000	386354
1126.99;msec;task-clock:u;0.59%;1126991826;100.00;1.003;CPUs utilized
2493215311;;cycles:u;0.49%;1127061537;100.00;2.235;GHz
5952135542;;instructions:u;0.03%;1127061537;100.00;2.41;insn per cycle
5275700;;branch-misses:u;1.41%;1127061537;100.00;;
2217888137;;cache-references:u;0.09%;1127061537;100.00;1.988;G/sec
18700031;;cache-misses:u;4.96%;1127061537;100.00;0.842;of all cache refs
3865;;page-faults:u;0.02%;1126991826;100.00;3.465;K/sec
0;;context-switches:u;0.00%;1126991826;100.00;0.000;/sec
