JIT_CAPTURE_BREAKPOINT -1
[Thread debugging using libthread_db enabled]
Using host libthread_db library "/lib/aarch64-linux-gnu/libthread_db.so.1".
JIT_CAPTURE recycle frame 0xfffff7f84000 8192
BENCH	table_owners_1	1003	1.402791625	615764.25
BENCH	table_owners_2	1003	1.192422732	616780.25
BENCH	table_owners_5	1003	1.167497507	613838.25
BENCH	table_owners_19	1003	1.182452642	618610.25
BENCH	table_owners_257	1003	1.513459621	749599.25
BENCH	class_owners_1	1003	1.357926221	615764.25
BENCH	class_owners_2	1003	1.414755733	616780.25
BENCH	class_owners_5	1003	1.528414756	613838.25
BENCH	class_owners_19	1003	2.548354935	618610.25
BENCH	class_owners_257	1003	3.098703888	749599.25
[Inferior 1 (process 564852) exited normally]
[Thread debugging using libthread_db enabled]
Using host libthread_db library "/lib/aarch64-linux-gnu/libthread_db.so.1".
JIT_CAPTURE transfer frame 0xfffff7f85000 4096
JIT_CAPTURE publish frame 0xfffff7f84000 4096
BENCH	transfer_table	1003	1395.991026919	121851
BENCH	transfer_class	1003	1332.793619143	121851
BENCH	transfer_mixed	1003	1331.432701894	121851
BENCH	publish_table	1003	1098.744765703	133577
BENCH	publish_class	1003	1171.758723829	133577
BENCH	publish_mixed	1003	1236.998005982	133577
[Inferior 1 (process 564854) exited normally]
[Thread debugging using libthread_db enabled]
Using host libthread_db library "/lib/aarch64-linux-gnu/libthread_db.so.1".
JIT_CAPTURE table_apply frame 0xfffff7f84000 8192
JIT_CAPTURE apply frame 0xfffff7d7e000 8192
BENCH	table_events_97	1003	1160.636091725	140378
BENCH	class_events_97	1003	1226.671984048	140378
BENCH	buffers_7	1003	1.614157527	944693
BENCH	buffers_31	1003	1.512462612	861874
BENCH	calibrate_17	1003	5.384845464	5140.09375
BENCH	calibrate_67	1003	4.849451645	5049
[Inferior 1 (process 564882) exited normally]
JIT_CAPTURE_VERIFIED five canonical-frame functions
