BENCH	filter	200000	0.023400000	10.254364576940203
BENCH	channels_4	200000	0.078015000	20.621658757381574
BENCH	pressure_8	200000	0.152820000	30.900920683591639
BENCH	integration	200000	0.035935000	1562.9738403896752
BENCH	retained_input	200000	0.044220000	399985.55383443867
BENCH	branching	200000	0.030690000	1.6005902475563216
BENCH	helper_control	200000	0.054780000	3.7152600782050693
BENCH	filter	200000	0.023150000	10.254364576940203
BENCH	channels_4	200000	0.078420000	20.621658757381574
BENCH	pressure_8	200000	0.159235000	30.900920683591639
BENCH	integration	200000	0.035985000	1562.9738403896752
BENCH	retained_input	200000	0.045590000	399985.55383443867
BENCH	branching	200000	0.030470000	1.6005902475563216
BENCH	helper_control	200000	0.054625000	3.7152600782050693
BENCH	filter	200000	0.023875000	10.254364576940203
BENCH	channels_4	200000	0.078625000	20.621658757381574
BENCH	pressure_8	200000	0.152725000	30.900920683591639
BENCH	integration	200000	0.036820000	1562.9738403896752
BENCH	retained_input	200000	0.045125000	399985.55383443867
BENCH	branching	200000	0.030420000	1.6005902475563216
BENCH	helper_control	200000	0.054300000	3.7152600782050693
605.80;msec;task-clock:u;1.01%;605795455;100.00;0.973;CPUs utilized
1361174302;;cycles:u;0.37%;605862829;100.00;2.206;GHz
3897274043;;instructions:u;0.00%;605862829;100.00;2.85;insn per cycle
150561;;branch-misses:u;0.66%;605862829;100.00;;
1433843313;;cache-references:u;0.01%;605862829;100.00;2.324;G/sec
245836;;cache-misses:u;1.13%;605862829;100.00;0.017;of all cache refs
787;;page-faults:u;0.11%;605795455;100.00;1.276;K/sec
0;;context-switches:u;0.00%;605795455;100.00;0.000;/sec
