# To display the perf.data header info, please use --header/--header-only options.
#
#
# Total Lost Samples: 0
#
# Samples: 319  of event 'cycles:u'
# Event count (approx.): 1363013184
#
# Children      Self  Command  Shared Object          Symbol                                                                                                                                                                        
# ........  ........  .......  .....................  ..............................................................................................................................................................................
#
    24.60%    11.01%  sqgi     sqgi                   [.] sqjit_a64_helper_member_closure_guard
            |          
             --13.59%--sqjit_a64_helper_member_closure_guard
                       sqjit_a64_helper_member_closure_guard
                       sqjit_a64_borrow_member_ptr_value
                       |          
                        --8.58%--SQTable::GetRawSlot (inlined)
                                  |          
                                  |--3.67%--SQTable::_Get (inlined)
                                  |          
                                   --3.24%--HashObj (inlined)
                                             |          
                                              --2.01%--SQString::Hash (inlined)

    15.93%    15.93%  sqgi     sqgi                   [.] sqjit_a64_borrow_member_ptr_value
            |          
            |--2.34%--0xffff8cd5c19f
            |          0xffff8cd5c19f
            |          sqjit_a64_helper_member_native_closure_guard
            |          sqjit_a64_borrow_member_value_with_root (inlined)
            |          sqjit_a64_borrow_member_ptr_value
            |          |          
            |           --2.00%--SQTable::GetRawSlot (inlined)
            |          
             --2.00%--0xffff8cd5e1d7
                       0xffff8cd5e1d7
                       sqjit_a64_helper_member_closure_guard
                       sqjit_a64_helper_member_closure_guard
                       sqjit_a64_borrow_member_ptr_value

    10.59%     0.00%  sqgi     sqgi                   [.] SQTable::GetRawSlot (inlined)
            |
            ---SQTable::GetRawSlot (inlined)
               |          
               |--4.67%--SQTable::_Get (inlined)
               |          
                --3.24%--HashObj (inlined)
                          |          
                           --2.01%--SQString::Hash (inlined)

     8.68%     0.00%  sqgi     [JIT] tid 568063       [.] 0x0000ffff8cd5f1d3
            |
            ---0xffff8cd5f1d3

     7.01%     0.00%  sqgi     [JIT] tid 568063       [.] 0x0000ffff8cd5d153
            |
            ---0xffff8cd5d153
               |          
                --2.00%--0xffff8cd5d1c8

     6.66%     0.00%  sqgi     [JIT] tid 568063       [.] 0x0000ffff8cd5c19f
            |
            ---0xffff8cd5c19f
               |          
                --3.33%--0xffff8cd5c19f
                          sqjit_a64_helper_member_native_closure_guard
                          |          
                           --2.67%--sqjit_a64_borrow_member_value_with_root (inlined)
                                     |          
                                      --2.34%--sqjit_a64_borrow_member_ptr_value
                                                |          
                                                 --2.00%--SQTable::GetRawSlot (inlined)

     6.33%     0.00%  sqgi     [JIT] tid 568063       [.] 0x0000ffff8cd5e1d7
            |
            ---0xffff8cd5e1d7
               |          
                --3.33%--0xffff8cd5e1d7
                          sqjit_a64_helper_member_closure_guard
                          |          
                           --2.00%--sqjit_a64_helper_member_closure_guard
                                     sqjit_a64_borrow_member_ptr_value

     6.00%     0.00%  sqgi     [JIT] tid 568063       [.] 0x0000ffff8cf6446f
            |
            ---0xffff8cf6446f

     5.68%     0.00%  sqgi     [JIT] tid 568063       [.] 0x0000ffff8cf63313
            |
            ---0xffff8cf63313

     5.48%     0.00%  sqgi     [JIT] tid 568063       [.] 0x0000ffff8cf65153
            |
            ---0xffff8cf65153

     5.35%     0.00%  sqgi     [JIT] tid 568063       [.] 0x0000ffff8cf634a3
            |
            ---0xffff8cf634a3

     5.01%     0.00%  sqgi     [JIT] tid 568063       [.] 0x0000ffff8cf636d7
            |
            ---0xffff8cf636d7
               |          
                --2.34%--0xffff8cf636d7
                          sqjit_a64_helper_member_closure_guard

     5.01%     0.00%  sqgi     [JIT] tid 568063       [.] 0x0000ffff8cf6361b
            |
            ---0xffff8cf6361b

     5.00%     0.00%  sqgi     [JIT] tid 568063       [.] 0x0000ffff8cf6422f
            |
            ---0xffff8cf6422f

     4.67%     0.00%  sqgi     sqgi                   [.] SQTable::_Get (inlined)
            |
            ---SQTable::_Get (inlined)

     4.67%     0.00%  sqgi     sqgi                   [.] sqjit_a64_borrow_member_value_with_root (inlined)
            |
            ---sqjit_a64_borrow_member_value_with_root (inlined)
               |          
                --2.34%--sqjit_a64_borrow_member_ptr_value
                          |          
                           --2.00%--SQTable::GetRawSlot (inlined)

     4.34%     0.00%  sqgi     [JIT] tid 568063       [.] 0x0000ffff8cf6384f
            |
            ---0xffff8cf6384f

     4.33%     0.00%  sqgi     [JIT] tid 568063       [.] 0x0000ffff8cd5e28f
            |
            ---0xffff8cd5e28f

     4.33%     0.00%  sqgi     [JIT] tid 568063       [.] 0x0000ffff8cd5c1ff
            |
            ---0xffff8cd5c1ff

     3.66%     0.00%  sqgi     [JIT] tid 568063       [.] 0x0000ffff8cf642ef
            |
            ---0xffff8cf642ef

     3.66%     0.00%  sqgi     [JIT] tid 568063       [.] 0x0000ffff8cf643af
            |
            ---0xffff8cf643af

     3.34%     0.00%  sqgi     [JIT] tid 568063       [.] 0x0000ffff8cf6355f
            |
            ---0xffff8cf6355f

     3.34%     0.00%  sqgi     [JIT] tid 568063       [.] 0x0000ffff8cf633e7
            |
            ---0xffff8cf633e7
               |          
                --2.00%--0xffff8cf633e7
                          sqjit_a64_helper_member_closure_guard

     3.34%     0.00%  sqgi     [JIT] tid 568063       [.] 0x0000ffff8cf63793
            |
            ---0xffff8cf63793

     3.33%     0.99%  sqgi     sqgi                   [.] sqjit_a64_helper_member_native_closure_guard
            |          
             --2.34%--sqjit_a64_helper_member_native_closure_guard
                       sqjit_a64_borrow_member_value_with_root (inlined)
                       sqjit_a64_borrow_member_ptr_value
                       |          
                        --2.00%--SQTable::GetRawSlot (inlined)

     3.24%     0.00%  sqgi     sqgi                   [.] HashObj (inlined)
            |
            ---HashObj (inlined)
               |          
                --2.01%--SQString::Hash (inlined)

     2.01%     0.00%  sqgi     sqgi                   [.] SQString::Hash (inlined)
            |
            ---SQString::Hash (inlined)

     2.00%     2.00%  sqgi     [JIT] tid 568063       [.] 0x0000ffff8cd5d1c8
            |
            ---0xffff8cd5d153
               0xffff8cd5d1c8



#
# (Cannot load tips.txt file, please install perf!)
#
