BENCH	direct_call	3200000	0.034019	563347
BENCH	branch_call	3200000	0.031796	599062
BENCH	float_call	3200000	0.020975	8.2204724409448815
BENCH	numeric_loop	3200000	0.022906	612398470
BENCH	vector	160000	0.377775	0.12553851953971693
BENCH	dynamic_member	160000	0.753106	7261462
BENCH	dynamic_key_get_set	160000	0.182712	6566091
BENCH	object_member_write_fallback	160000	0.469844	595919
BENCH	array_append	160000	0.127606	3048687
BENCH	array_write	160000	0.037481	831988
BENCH	array_read	3200000	0.007015	8000000
BENCH	array_float	3200000	0.006763	6400000
BENCH	math_intrinsic	160000	0.201169	2418270.8295144332
BENCH	math_variable	160000	0.218325	313782.39947747899
BENCH	matrix	160000	0.311200	-0.024510798820940455
BENCH	direct_call	3200000	0.033829	563347
BENCH	branch_call	3200000	0.031599	599062
BENCH	float_call	3200000	0.021021	8.2204724409448815
BENCH	numeric_loop	3200000	0.022885	612398470
BENCH	vector	160000	0.375350	0.12553851953971693
BENCH	dynamic_member	160000	0.765906	7261462
BENCH	dynamic_key_get_set	160000	0.183000	6566091
BENCH	object_member_write_fallback	160000	0.472631	595919
BENCH	array_append	160000	0.111794	3048687
BENCH	array_write	160000	0.037406	831988
BENCH	array_read	3200000	0.007041	8000000
BENCH	array_float	3200000	0.006793	6400000
BENCH	math_intrinsic	160000	0.205175	2418270.8295144332
BENCH	math_variable	160000	0.219294	313782.39947747899
BENCH	matrix	160000	0.311075	-0.024510798820940455
BENCH	direct_call	3200000	0.033824	563347
BENCH	branch_call	3200000	0.031643	599062
BENCH	float_call	3200000	0.020918	8.2204724409448815
BENCH	numeric_loop	3200000	0.022894	612398470
BENCH	vector	160000	0.378219	0.12553851953971693
BENCH	dynamic_member	160000	0.757925	7261462
BENCH	dynamic_key_get_set	160000	0.183363	6566091
BENCH	object_member_write_fallback	160000	0.473600	595919
BENCH	array_append	160000	0.133344	3048687
BENCH	array_write	160000	0.037475	831988
BENCH	array_read	3200000	0.007083	8000000
BENCH	array_float	3200000	0.006766	6400000
BENCH	math_intrinsic	160000	0.205319	2418270.8295144332
BENCH	math_variable	160000	0.219344	313782.39947747899
BENCH	matrix	160000	0.311437	-0.024510798820940455
4973.93;msec;task-clock:u;0.07%;4973934573;100.00;0.999;CPUs utilized
11235268658;;cycles:u;0.09%;4974412322;100.00;2.261;GHz
28813760321;;instructions:u;0.00%;4974412322;100.00;2.57;insn per cycle
3357490;;branch-misses:u;10.57%;4974412322;100.00;;
11812600747;;cache-references:u;0.01%;4974412322;100.00;2.377;G/sec
1249587;;cache-misses:u;1.45%;4974412322;100.00;0.011;of all cache refs
10511;;page-faults:u;0.00%;4973934573;100.00;2.115;K/sec
0;;context-switches:u;0.00%;4973934573;100.00;0.000;/sec
