# To display the perf.data header info, please use --header/--header-only options.
#
#
# Total Lost Samples: 0
#
# Samples: 2K of event 'cycles:u'
# Event count (approx.): 11204039413
#
# Children      Self  Command  Shared Object          Symbol                                                                                                                                                                                
# ........  ........  .......  .....................  ......................................................................................................................................................................................
#
    25.14%     0.00%  sqgi     sqgi                   [.] _start
            |
            ---_start
               __libc_start_main_impl (inlined)
               __libc_start_call_main
               main
               |          
                --25.06%--sq_call
                          SQVM::Execute
                          |          
                           --2.12%--SQObjectPtr::operator= (inlined)

    25.14%     0.00%  sqgi     libc.so.6              [.] __libc_start_main_impl (inlined)
            |
            ---__libc_start_main_impl (inlined)
               __libc_start_call_main
               main
               |          
                --25.06%--sq_call
                          SQVM::Execute
                          |          
                           --2.12%--SQObjectPtr::operator= (inlined)

    25.14%     0.00%  sqgi     libc.so.6              [.] __libc_start_call_main
            |
            ---__libc_start_call_main
               main
               |          
                --25.06%--sq_call
                          SQVM::Execute
                          |          
                           --2.12%--SQObjectPtr::operator= (inlined)

    25.14%     0.00%  sqgi     sqgi                   [.] main
            |
            ---main
               |          
                --25.06%--sq_call
                          SQVM::Execute
                          |          
                           --2.12%--SQObjectPtr::operator= (inlined)

    25.06%     0.00%  sqgi     sqgi                   [.] sq_call
            |
            ---sq_call
               SQVM::Execute
               |          
                --2.12%--SQObjectPtr::operator= (inlined)

    25.06%    20.54%  sqgi     sqgi                   [.] SQVM::Execute
            |          
            |--20.54%--_start
            |          __libc_start_main_impl (inlined)
            |          __libc_start_call_main
            |          main
            |          sq_call
            |          SQVM::Execute
            |          |          
            |           --2.12%--SQObjectPtr::operator= (inlined)
            |          
             --4.51%--SQVM::Execute

    13.28%     0.00%  sqgi     [JIT] tid 567716       [.] 0x0000ffff889cd153
            |
            ---0xffff889cd153
               |          
                --2.43%--0xffff889cd1c0

    12.33%     0.00%  sqgi     [JIT] tid 567716       [.] 0x0000ffff889cc153
            |
            ---0xffff889cc153
               |          
               |--2.16%--0xffff889cc153
               |          sqjit_a64_helper_member_closure_guard
               |          
                --2.03%--0xffff889cc268

     8.22%     0.00%  sqgi     [JIT] tid 567716       [.] 0x0000ffff889cb153
            |
            ---0xffff889cb153
               |          
               |--2.32%--0xffff889cb153
               |          sqjit_a64_helper_member_closure_guard
               |          
                --2.20%--0xffff889cb1b4

     7.45%     0.00%  sqgi     [JIT] tid 567716       [.] 0x0000ffff889ca043
            |
            ---0xffff889ca043
               |          
                --2.52%--0xffff889ca230

     6.30%     2.48%  sqgi     sqgi                   [.] sqjit_a64_helper_member_closure_guard
            |          
             --3.82%--sqjit_a64_helper_member_closure_guard
                       sqjit_a64_helper_member_closure_guard
                       sqjit_a64_borrow_member_ptr_value
                       |          
                        --2.39%--SQTable::GetRawSlot (inlined)

     5.78%     0.00%  sqgi     [JIT] tid 567716       [.] 0x0000ffff8897832b
            |
            ---0xffff8897832b

     5.57%     5.49%  sqgi     sqgi                   [.] sqjit_a64_borrow_member_ptr_value
     3.78%     0.00%  sqgi     sqgi                   [.] SQTable::GetRawSlot (inlined)
            |
            ---SQTable::GetRawSlot (inlined)
               |          
                --2.24%--SQTable::_Get (inlined)

     3.01%     3.01%  sqgi     [JIT] tid 567716       [.] 0x0000ffff889ca230
            |          
             --2.52%--0xffff889ca043
                       0xffff889ca230

     2.97%     0.00%  sqgi     [JIT] tid 567716       [.] 0x0000ffff8897b10f
            |
            ---0xffff8897b10f

     2.43%     2.43%  sqgi     [JIT] tid 567716       [.] 0x0000ffff889cd1c0
            |
            ---0xffff889cd153
               0xffff889cd1c0

     2.32%     0.00%  sqgi     sqgi                   [.] SQObjectPtr::operator= (inlined)
            |
            ---SQObjectPtr::operator= (inlined)

     2.28%     1.46%  sqgi     sqgi                   [.] sqjit_number_conversion_guard
     2.24%     0.00%  sqgi     sqgi                   [.] SQTable::_Get (inlined)
            |
            ---SQTable::_Get (inlined)

     2.24%     0.49%  sqgi     sqgi                   [.] sqjit_a64_helper_member_native_closure_guard
     2.20%     2.20%  sqgi     [JIT] tid 567716       [.] 0x0000ffff889cb1b4
            |
            ---0xffff889cb153
               0xffff889cb1b4

     2.03%     2.03%  sqgi     [JIT] tid 567716       [.] 0x0000ffff889cc268
            |
            ---0xffff889cc153
               0xffff889cc268



#
# (Cannot load tips.txt file, please install perf!)
#
