# To display the perf.data header info, please use --header/--header-only options.
#
#
# Total Lost Samples: 0
#
# Samples: 1K of event 'cycles:u'
# Event count (approx.): 6100001150
#
# Children      Self  Command  Shared Object               Symbol                                                                                                                                                           
# ........  ........  .......  ..........................  .................................................................................................................................................................
#
    77.52%     0.00%  sqgi     sqgi                        [.] _start
            |
            ---_start
               __libc_start_main_impl (inlined)
               __libc_start_call_main
               main
               |          
                --77.42%--sq_call
                          SQVM::Execute
                          |          
                          |--6.77%--sqjit_try_execute_current
                          |          |          
                          |           --2.59%--SQVM::Return
                          |          
                          |--4.93%--sq_member_cache_hit (inlined)
                          |          |          
                          |           --3.59%--SQTable::GetCachedSlot (inlined)
                          |          
                          |--4.63%--SQObjectPtr::operator= (inlined)
                          |          
                          |--3.29%--sq_member_raw_slot (inlined)
                          |          SQTable::GetRawSlot (inlined)
                          |          |          
                          |           --2.17%--SQTable::_Get (inlined)
                          |          
                          |--3.21%--sqjit_try_execute_current_loop
                          |          
                          |--2.91%--sq_vm_member_cache_for (inlined)
                          |          |          
                          |           --2.69%--SQFunctionProto::MemberCacheAt (inlined)
                          |          
                          |--2.84%--SQVM::Get
                          |          
                           --2.47%--SQArray::Get (inlined)

    77.52%     0.00%  sqgi     libc.so.6                   [.] __libc_start_main_impl (inlined)
            |
            ---__libc_start_main_impl (inlined)
               __libc_start_call_main
               main
               |          
                --77.42%--sq_call
                          SQVM::Execute
                          |          
                          |--6.77%--sqjit_try_execute_current
                          |          |          
                          |           --2.59%--SQVM::Return
                          |          
                          |--4.93%--sq_member_cache_hit (inlined)
                          |          |          
                          |           --3.59%--SQTable::GetCachedSlot (inlined)
                          |          
                          |--4.63%--SQObjectPtr::operator= (inlined)
                          |          
                          |--3.29%--sq_member_raw_slot (inlined)
                          |          SQTable::GetRawSlot (inlined)
                          |          |          
                          |           --2.17%--SQTable::_Get (inlined)
                          |          
                          |--3.21%--sqjit_try_execute_current_loop
                          |          
                          |--2.91%--sq_vm_member_cache_for (inlined)
                          |          |          
                          |           --2.69%--SQFunctionProto::MemberCacheAt (inlined)
                          |          
                          |--2.84%--SQVM::Get
                          |          
                           --2.47%--SQArray::Get (inlined)

    77.52%     0.00%  sqgi     libc.so.6                   [.] __libc_start_call_main
            |
            ---__libc_start_call_main
               main
               |          
                --77.42%--sq_call
                          SQVM::Execute
                          |          
                          |--6.77%--sqjit_try_execute_current
                          |          |          
                          |           --2.59%--SQVM::Return
                          |          
                          |--4.93%--sq_member_cache_hit (inlined)
                          |          |          
                          |           --3.59%--SQTable::GetCachedSlot (inlined)
                          |          
                          |--4.63%--SQObjectPtr::operator= (inlined)
                          |          
                          |--3.29%--sq_member_raw_slot (inlined)
                          |          SQTable::GetRawSlot (inlined)
                          |          |          
                          |           --2.17%--SQTable::_Get (inlined)
                          |          
                          |--3.21%--sqjit_try_execute_current_loop
                          |          
                          |--2.91%--sq_vm_member_cache_for (inlined)
                          |          |          
                          |           --2.69%--SQFunctionProto::MemberCacheAt (inlined)
                          |          
                          |--2.84%--SQVM::Get
                          |          
                           --2.47%--SQArray::Get (inlined)

    77.52%     0.00%  sqgi     sqgi                        [.] main
            |
            ---main
               |          
                --77.42%--sq_call
                          SQVM::Execute
                          |          
                          |--6.77%--sqjit_try_execute_current
                          |          |          
                          |           --2.59%--SQVM::Return
                          |          
                          |--4.93%--sq_member_cache_hit (inlined)
                          |          |          
                          |           --3.59%--SQTable::GetCachedSlot (inlined)
                          |          
                          |--4.63%--SQObjectPtr::operator= (inlined)
                          |          
                          |--3.29%--sq_member_raw_slot (inlined)
                          |          SQTable::GetRawSlot (inlined)
                          |          |          
                          |           --2.17%--SQTable::_Get (inlined)
                          |          
                          |--3.21%--sqjit_try_execute_current_loop
                          |          
                          |--2.91%--sq_vm_member_cache_for (inlined)
                          |          |          
                          |           --2.69%--SQFunctionProto::MemberCacheAt (inlined)
                          |          
                          |--2.84%--SQVM::Get
                          |          
                           --2.47%--SQArray::Get (inlined)

    77.42%     0.00%  sqgi     sqgi                        [.] sq_call
            |
            ---sq_call
               SQVM::Execute
               |          
               |--6.77%--sqjit_try_execute_current
               |          |          
               |           --2.59%--SQVM::Return
               |          
               |--4.93%--sq_member_cache_hit (inlined)
               |          |          
               |           --3.59%--SQTable::GetCachedSlot (inlined)
               |          
               |--4.63%--SQObjectPtr::operator= (inlined)
               |          
               |--3.29%--sq_member_raw_slot (inlined)
               |          SQTable::GetRawSlot (inlined)
               |          |          
               |           --2.17%--SQTable::_Get (inlined)
               |          
               |--3.21%--sqjit_try_execute_current_loop
               |          
               |--2.91%--sq_vm_member_cache_for (inlined)
               |          |          
               |           --2.69%--SQFunctionProto::MemberCacheAt (inlined)
               |          
               |--2.84%--SQVM::Get
               |          
                --2.47%--SQArray::Get (inlined)

    77.42%    59.13%  sqgi     sqgi                        [.] SQVM::Execute
            |          
            |--59.13%--_start
            |          __libc_start_main_impl (inlined)
            |          __libc_start_call_main
            |          main
            |          sq_call
            |          SQVM::Execute
            |          |          
            |          |--4.93%--sq_member_cache_hit (inlined)
            |          |          |          
            |          |           --3.59%--SQTable::GetCachedSlot (inlined)
            |          |          
            |          |--4.63%--SQObjectPtr::operator= (inlined)
            |          |          
            |          |--3.29%--sq_member_raw_slot (inlined)
            |          |          SQTable::GetRawSlot (inlined)
            |          |          |          
            |          |           --2.17%--SQTable::_Get (inlined)
            |          |          
            |          |--2.91%--sq_vm_member_cache_for (inlined)
            |          |          |          
            |          |           --2.69%--SQFunctionProto::MemberCacheAt (inlined)
            |          |          
            |           --2.47%--SQArray::Get (inlined)
            |          
             --18.29%--SQVM::Execute
                       |          
                       |--6.77%--sqjit_try_execute_current
                       |          |          
                       |           --2.59%--SQVM::Return
                       |          
                       |--3.21%--sqjit_try_execute_current_loop
                       |          
                        --2.84%--SQVM::Get

     6.84%     2.46%  sqgi     sqgi                        [.] sqjit_try_execute_current
            |          
            |--4.38%--sqjit_try_execute_current
            |          |          
            |           --2.59%--SQVM::Return
            |          
             --2.46%--_start
                       __libc_start_main_impl (inlined)
                       __libc_start_call_main
                       main
                       sq_call
                       SQVM::Execute
                       sqjit_try_execute_current

     5.83%     0.00%  sqgi     sqgi                        [.] SQObjectPtr::operator= (inlined)
            |
            ---SQObjectPtr::operator= (inlined)

     4.93%     0.00%  sqgi     sqgi                        [.] sq_member_cache_hit (inlined)
            |
            ---sq_member_cache_hit (inlined)
               |          
                --3.59%--SQTable::GetCachedSlot (inlined)

     4.10%     0.00%  sqgi     [JIT] tid 567845            [.] 0x0000ffff8196342f
            |
            ---0xffff8196342f

     3.59%     0.00%  sqgi     sqgi                        [.] SQTable::GetCachedSlot (inlined)
            |
            ---SQTable::GetCachedSlot (inlined)

     3.29%     0.00%  sqgi     sqgi                        [.] sq_member_raw_slot (inlined)
            |
            ---sq_member_raw_slot (inlined)
               SQTable::GetRawSlot (inlined)
               |          
                --2.17%--SQTable::_Get (inlined)

     3.29%     0.00%  sqgi     sqgi                        [.] SQTable::GetRawSlot (inlined)
            |
            ---SQTable::GetRawSlot (inlined)
               |          
                --2.17%--SQTable::_Get (inlined)

     3.21%     2.09%  sqgi     sqgi                        [.] sqjit_try_execute_current_loop
            |          
             --2.09%--_start
                       __libc_start_main_impl (inlined)
                       __libc_start_call_main
                       main
                       sq_call
                       SQVM::Execute
                       sqjit_try_execute_current_loop

     3.06%     3.06%  sqgi     sqgi                        [.] SQTable::Get
     3.06%     1.86%  sqgi     sqgi                        [.] sqjit_number_conversion_guard
     2.91%     0.00%  sqgi     sqgi                        [.] sq_vm_member_cache_for (inlined)
            |
            ---sq_vm_member_cache_for (inlined)
               |          
                --2.69%--SQFunctionProto::MemberCacheAt (inlined)

     2.91%     2.76%  sqgi     sqgi                        [.] sqjit_a64_precise_step<(SQOpcode)14, false>
     2.84%     0.37%  sqgi     sqgi                        [.] SQVM::Get
            |          
             --2.47%--SQVM::Get

     2.84%     2.76%  sqgi     sqgi                        [.] sqjit_a64_precise_step<(SQOpcode)9, true>
     2.69%     0.00%  sqgi     sqgi                        [.] SQFunctionProto::MemberCacheAt (inlined)
            |
            ---SQFunctionProto::MemberCacheAt (inlined)

     2.59%     1.19%  sqgi     sqgi                        [.] SQVM::Return
     2.47%     0.00%  sqgi     sqgi                        [.] SQArray::Get (inlined)
            |
            ---SQArray::Get (inlined)

     2.44%     0.00%  sqgi     [JIT] tid 567845            [.] 0x0000ffff8196650f
            |
            ---0xffff8196650f

     2.38%     2.38%  sqgi     sqgi                        [.] sqjit_a64_precise_step<(SQOpcode)13, false>
     2.32%     0.00%  sqgi     [JIT] tid 567845            [.] 0x0000ffff8196450f
            |
            ---0xffff8196450f

     2.24%     0.00%  sqgi     sqgi                        [.] sqjit_a64_precise_member<false> (inlined)
            |
            ---sqjit_a64_precise_member<false> (inlined)

     2.17%     0.00%  sqgi     sqgi                        [.] SQTable::_Get (inlined)
            |
            ---SQTable::_Get (inlined)

     2.09%     0.00%  sqgi     [JIT] tid 567845            [.] 0x0000ffff819661a7
            |
            ---0xffff819661a7



#
# (Cannot load tips.txt file, please install perf!)
#
