BENCH	table_events_97	200000	0.437900000	10069540
BENCH	class_events_97	200000	0.433740000	10069540
BENCH	buffers_7	200000	0.430635000	65667
BENCH	buffers_31	200000	0.431935000	651677
BENCH	calibrate_17	200000	0.083420000	1040538.515625
BENCH	calibrate_67	200000	0.084160000	1040417.796875
BENCH	table_events_97	200000	0.436315000	10069540
BENCH	class_events_97	200000	0.433705000	10069540
BENCH	buffers_7	200000	0.433730000	65667
BENCH	buffers_31	200000	0.432835000	651677
BENCH	calibrate_17	200000	0.083250000	1040538.515625
BENCH	calibrate_67	200000	0.084375000	1040417.796875
BENCH	table_events_97	200000	0.437240000	10069540
BENCH	class_events_97	200000	0.433840000	10069540
BENCH	buffers_7	200000	0.433675000	65667
BENCH	buffers_31	200000	0.431600000	651677
BENCH	calibrate_17	200000	0.083035000	1040538.515625
BENCH	calibrate_67	200000	0.084255000	1040417.796875
2684.62;msec;task-clock:u;0.10%;2684615788;100.00;0.996;CPUs utilized
6101383003;;cycles:u;0.05%;2684837744;100.00;2.269;GHz
17798364451;;instructions:u;0.00%;2684837744;100.00;2.92;insn per cycle
3386156;;branch-misses:u;0.51%;2684837744;100.00;;
7322667339;;cache-references:u;0.02%;2684837744;100.00;2.724;G/sec
5584134;;cache-misses:u;0.25%;2684837744;100.00;0.076;of all cache refs
813;;page-faults:u;0.08%;2684615788;100.00;302.400;/sec
0;;context-switches:u;0.00%;2684615788;100.00;0.000;/sec
