BENCH	transfer_table	200000	0.452335000	141925
BENCH	transfer_class	200000	0.462045000	141925
BENCH	transfer_mixed	200000	0.466965000	141925
BENCH	publish_table	200000	0.391770000	410680
BENCH	publish_class	200000	0.398780000	410680
BENCH	publish_mixed	200000	0.402225000	410680
BENCH	transfer_table	200000	0.454210000	141925
BENCH	transfer_class	200000	0.464240000	141925
BENCH	transfer_mixed	200000	0.467295000	141925
BENCH	publish_table	200000	0.392250000	410680
BENCH	publish_class	200000	0.400400000	410680
BENCH	publish_mixed	200000	0.404025000	410680
BENCH	transfer_table	200000	0.452720000	141925
BENCH	transfer_class	200000	0.462165000	141925
BENCH	transfer_mixed	200000	0.465680000	141925
BENCH	publish_table	200000	0.390580000	410680
BENCH	publish_class	200000	0.398340000	410680
BENCH	publish_mixed	200000	0.400585000	410680
3624.59;msec;task-clock:u;0.11%;3624591985;100.00;0.997;CPUs utilized
8229889881;;cycles:u;0.14%;3625000900;100.00;2.268;GHz
24085422620;;instructions:u;0.00%;3625000900;100.00;2.92;insn per cycle
1678370;;branch-misses:u;0.39%;3625000900;100.00;;
9881142429;;cache-references:u;0.00%;3625000900;100.00;2.723;G/sec
384058;;cache-misses:u;7.14%;3625000900;100.00;0.004;of all cache refs
796;;page-faults:u;0.04%;3624591985;100.00;219.358;/sec
0;;context-switches:u;0.00%;3624591985;100.00;0.000;/sec
