# To display the perf.data header info, please use --header/--header-only options.
#
#
# Total Lost Samples: 0
#
# Samples: 1K of event 'cycles:u'
# Event count (approx.): 8307029814
#
# Children      Self  Command  Shared Object                 Symbol                                                                                                           
# ........  ........  .......  ............................  .................................................................................................................
#
    72.92%     0.00%  sqgi     sqgi                          [.] _start
            |
            ---_start
               __libc_start_main_impl (inlined)
               __libc_start_call_main
               main
               |          
                --72.90%--sq_call
                          SQVM::Execute
                          |          
                          |--14.29%--sqjit_try_execute_current
                          |          |          
                          |           --5.47%--SQVM::Return
                          |                     |          
                          |                      --2.95%--SQVM::LeaveFrame
                          |          
                          |--4.72%--SQArray::Get (inlined)
                          |          |          
                          |           --4.00%--SQArray::Get (inlined)
                          |          
                          |--4.06%--sqjit_try_execute_current_loop
                          |          
                          |--3.61%--SQObjectPtr::operator= (inlined)
                          |          
                          |--3.29%--SQVM::CMP_OP
                          |          
                           --2.30%--SQVM::StartCall

    72.92%     0.00%  sqgi     libc.so.6                     [.] __libc_start_main_impl (inlined)
            |
            ---__libc_start_main_impl (inlined)
               __libc_start_call_main
               main
               |          
                --72.90%--sq_call
                          SQVM::Execute
                          |          
                          |--14.29%--sqjit_try_execute_current
                          |          |          
                          |           --5.47%--SQVM::Return
                          |                     |          
                          |                      --2.95%--SQVM::LeaveFrame
                          |          
                          |--4.72%--SQArray::Get (inlined)
                          |          |          
                          |           --4.00%--SQArray::Get (inlined)
                          |          
                          |--4.06%--sqjit_try_execute_current_loop
                          |          
                          |--3.61%--SQObjectPtr::operator= (inlined)
                          |          
                          |--3.29%--SQVM::CMP_OP
                          |          
                           --2.30%--SQVM::StartCall

    72.92%     0.00%  sqgi     libc.so.6                     [.] __libc_start_call_main
            |
            ---__libc_start_call_main
               main
               |          
                --72.90%--sq_call
                          SQVM::Execute
                          |          
                          |--14.29%--sqjit_try_execute_current
                          |          |          
                          |           --5.47%--SQVM::Return
                          |                     |          
                          |                      --2.95%--SQVM::LeaveFrame
                          |          
                          |--4.72%--SQArray::Get (inlined)
                          |          |          
                          |           --4.00%--SQArray::Get (inlined)
                          |          
                          |--4.06%--sqjit_try_execute_current_loop
                          |          
                          |--3.61%--SQObjectPtr::operator= (inlined)
                          |          
                          |--3.29%--SQVM::CMP_OP
                          |          
                           --2.30%--SQVM::StartCall

    72.92%     0.00%  sqgi     sqgi                          [.] main
            |
            ---main
               |          
                --72.90%--sq_call
                          SQVM::Execute
                          |          
                          |--14.29%--sqjit_try_execute_current
                          |          |          
                          |           --5.47%--SQVM::Return
                          |                     |          
                          |                      --2.95%--SQVM::LeaveFrame
                          |          
                          |--4.72%--SQArray::Get (inlined)
                          |          |          
                          |           --4.00%--SQArray::Get (inlined)
                          |          
                          |--4.06%--sqjit_try_execute_current_loop
                          |          
                          |--3.61%--SQObjectPtr::operator= (inlined)
                          |          
                          |--3.29%--SQVM::CMP_OP
                          |          
                           --2.30%--SQVM::StartCall

    72.90%    44.27%  sqgi     sqgi                          [.] SQVM::Execute
            |          
            |--44.27%--_start
            |          __libc_start_main_impl (inlined)
            |          __libc_start_call_main
            |          main
            |          sq_call
            |          SQVM::Execute
            |          |          
            |          |--4.72%--SQArray::Get (inlined)
            |          |          |          
            |          |           --4.00%--SQArray::Get (inlined)
            |          |          
            |           --3.61%--SQObjectPtr::operator= (inlined)
            |          
             --28.63%--SQVM::Execute
                       |          
                       |--14.29%--sqjit_try_execute_current
                       |          |          
                       |           --5.47%--SQVM::Return
                       |                     |          
                       |                      --2.95%--SQVM::LeaveFrame
                       |          
                       |--4.06%--sqjit_try_execute_current_loop
                       |          
                       |--3.29%--SQVM::CMP_OP
                       |          
                        --2.30%--SQVM::StartCall

    72.90%     0.00%  sqgi     sqgi                          [.] sq_call
            |
            ---sq_call
               SQVM::Execute
               |          
               |--14.29%--sqjit_try_execute_current
               |          |          
               |           --5.47%--SQVM::Return
               |                     |          
               |                      --2.95%--SQVM::LeaveFrame
               |          
               |--4.72%--SQArray::Get (inlined)
               |          |          
               |           --4.00%--SQArray::Get (inlined)
               |          
               |--4.06%--sqjit_try_execute_current_loop
               |          
               |--3.61%--SQObjectPtr::operator= (inlined)
               |          
               |--3.29%--SQVM::CMP_OP
               |          
                --2.30%--SQVM::StartCall

    14.59%     5.69%  sqgi     sqgi                          [.] sqjit_try_execute_current
            |          
            |--8.90%--sqjit_try_execute_current
            |          |          
            |           --5.47%--SQVM::Return
            |                     |          
            |                      --2.95%--SQVM::LeaveFrame
            |          
             --5.69%--_start
                       __libc_start_main_impl (inlined)
                       __libc_start_call_main
                       main
                       sq_call
                       SQVM::Execute
                       sqjit_try_execute_current

    11.80%    10.70%  sqgi     sqgi                          [.] sqjit_a64_precise_step<(SQOpcode)13, true>
            |          
            |--2.36%--0xffff95db620f
            |          0xffff95db620f
            |          sqjit_a64_precise_step<(SQOpcode)13, true>
            |          
            |--2.08%--0xffff95db612f
            |          0xffff95db612f
            |          sqjit_a64_precise_step<(SQOpcode)13, true>
            |          
             --2.03%--0xffff95db62ef
                       0xffff95db62ef
                       sqjit_a64_precise_step<(SQOpcode)13, true>

     5.49%     0.00%  sqgi     sqgi                          [.] sqjit_a64_precise_member<true> (inlined)
            |
            ---sqjit_a64_precise_member<true> (inlined)
               |          
                --4.06%--sq_member_raw_slot (inlined)
                          |          
                           --2.03%--SQTable::GetRawSlot (inlined)

     5.47%     2.52%  sqgi     sqgi                          [.] SQVM::Return
            |          
            |--2.95%--SQVM::Return
            |          SQVM::LeaveFrame
            |          
             --2.52%--_start
                       __libc_start_main_impl (inlined)
                       __libc_start_call_main
                       main
                       sq_call
                       SQVM::Execute
                       sqjit_try_execute_current
                       SQVM::Return

     5.31%     0.00%  sqgi     sqgi                          [.] SQObjectPtr::operator= (inlined)
            |
            ---SQObjectPtr::operator= (inlined)

     4.72%     0.00%  sqgi     sqgi                          [.] SQArray::Get (inlined)
            |
            ---SQArray::Get (inlined)
               |          
                --4.00%--SQArray::Get (inlined)

     4.55%     0.00%  sqgi     [JIT] tid 567939              [.] 0x0000ffff95db7457
            |
            ---0xffff95db7457
               |          
                --2.08%--0xffff95db7457
                          sqjit_a64_precise_step<(SQOpcode)13, true>

     4.06%     0.00%  sqgi     sqgi                          [.] sq_member_raw_slot (inlined)
            |
            ---sq_member_raw_slot (inlined)
               |          
                --2.03%--SQTable::GetRawSlot (inlined)

     4.06%     3.56%  sqgi     sqgi                          [.] sqjit_try_execute_current_loop
            |          
             --3.56%--_start
                       __libc_start_main_impl (inlined)
                       __libc_start_call_main
                       main
                       sq_call
                       SQVM::Execute
                       sqjit_try_execute_current_loop

     3.68%     0.00%  sqgi     [JIT] tid 567939              [.] 0x0000ffff95db62ef
            |
            ---0xffff95db62ef
               |          
                --2.03%--0xffff95db62ef
                          sqjit_a64_precise_step<(SQOpcode)13, true>

     3.51%     0.00%  sqgi     sqgi                          [.] SQTable::GetRawSlot (inlined)
            |
            ---SQTable::GetRawSlot (inlined)
               |          
                --2.14%--SQTable::_Get (inlined)

     3.29%     1.32%  sqgi     sqgi                          [.] SQVM::CMP_OP
     3.06%     0.00%  sqgi     [JIT] tid 567939              [.] 0x0000ffff95db713f
            |
            ---0xffff95db713f
               |          
                --3.01%--0xffff95db713f
                          sqjit_a64_precise_step<(SQOpcode)9, true>

     3.01%     3.01%  sqgi     sqgi                          [.] sqjit_a64_precise_step<(SQOpcode)9, true>
            |
            ---0xffff95db713f
               0xffff95db713f
               sqjit_a64_precise_step<(SQOpcode)9, true>

     2.96%     0.00%  sqgi     [JIT] tid 567939              [.] 0x0000ffff95db612f
            |
            ---0xffff95db612f
               |          
                --2.36%--0xffff95db612f
                          sqjit_a64_precise_step<(SQOpcode)13, true>

     2.95%     2.95%  sqgi     sqgi                          [.] SQVM::LeaveFrame
            |
            ---_start
               __libc_start_main_impl (inlined)
               __libc_start_call_main
               main
               sq_call
               SQVM::Execute
               sqjit_try_execute_current
               SQVM::Return
               SQVM::LeaveFrame

     2.74%     0.00%  sqgi     [JIT] tid 567939              [.] 0x0000ffff95db620f
            |
            ---0xffff95db620f
               |          
                --2.52%--0xffff95db620f
                          sqjit_a64_precise_step<(SQOpcode)13, true>

     2.30%     0.00%  sqgi     [JIT] tid 567939              [.] 0x0000ffff95db7377
            |
            ---0xffff95db7377

     2.30%     1.86%  sqgi     sqgi                          [.] SQVM::StartCall
     2.14%     0.00%  sqgi     sqgi                          [.] SQTable::_Get (inlined)
            |
            ---SQTable::_Get (inlined)

     2.09%     0.00%  sqgi     [JIT] tid 567939              [.] 0x0000ffff95db7263
            |
            ---0xffff95db7263



#
# (Cannot load tips.txt file, please install perf!)
#
