BENCH	table_owners_1	200000	0.202050000	5098276961
BENCH	table_owners_2	200000	0.201600000	5098477602
BENCH	table_owners_5	200000	0.201750000	5097878556
BENCH	table_owners_19	200000	0.201555000	5098684496
BENCH	table_owners_257	200000	0.201485000	5100408060
BENCH	class_owners_1	200000	0.201395000	5098276961
BENCH	class_owners_2	200000	0.200965000	5098477602
BENCH	class_owners_5	200000	0.201085000	5097878556
BENCH	class_owners_19	200000	0.201220000	5098684496
BENCH	class_owners_257	200000	0.201430000	5100408060
BENCH	table_owners_1	200000	0.201255000	5098276961
BENCH	table_owners_2	200000	0.201095000	5098477602
BENCH	table_owners_5	200000	0.201425000	5097878556
BENCH	table_owners_19	200000	0.201485000	5098684496
BENCH	table_owners_257	200000	0.201820000	5100408060
BENCH	class_owners_1	200000	0.201770000	5098276961
BENCH	class_owners_2	200000	0.201555000	5098477602
BENCH	class_owners_5	200000	0.201485000	5097878556
BENCH	class_owners_19	200000	0.201525000	5098684496
BENCH	class_owners_257	200000	0.201965000	5100408060
BENCH	table_owners_1	200000	0.201675000	5098276961
BENCH	table_owners_2	200000	0.201535000	5098477602
BENCH	table_owners_5	200000	0.201315000	5097878556
BENCH	table_owners_19	200000	0.201375000	5098684496
BENCH	table_owners_257	200000	0.201860000	5100408060
BENCH	class_owners_1	200000	0.201785000	5098276961
BENCH	class_owners_2	200000	0.201540000	5098477602
BENCH	class_owners_5	200000	0.201535000	5097878556
BENCH	class_owners_19	200000	0.201715000	5098684496
BENCH	class_owners_257	200000	0.201855000	5100408060
2845.57;msec;task-clock:u;0.10%;2845566198;100.00;0.995;CPUs utilized
6460855108;;cycles:u;0.04%;2845795738;100.00;2.266;GHz
19796224507;;instructions:u;0.00%;2845795738;100.00;3.07;insn per cycle
143997;;branch-misses:u;0.65%;2845795738;100.00;;
7627493087;;cache-references:u;0.00%;2845795738;100.00;2.675;G/sec
256488;;cache-misses:u;3.53%;2845795738;100.00;0.003;of all cache refs
786;;page-faults:u;0.08%;2845566198;100.00;275.692;/sec
0;;context-switches:u;0.00%;2845566198;100.00;0.000;/sec
