# To display the perf.data header info, please use --header/--header-only options.
#
#
# Total Lost Samples: 0
#
# Samples: 1K of event 'cycles:u'
# Event count (approx.): 6454756972
#
# Children      Self  Command  Shared Object                 Symbol                                         
# ........  ........  .......  ............................  ...............................................
#
    24.98%     0.00%  sqgi     [JIT] tid 567872              [.] 0x0000ffff9fe66f33
            |
            ---0xffff9fe66f33
               |          
               |--5.79%--0xffff9fe66f33
               |          sqjit_a64_precise_step<(SQOpcode)13, true>
               |          
                --2.47%--0xffff9fe67474

    20.51%     0.00%  sqgi     [JIT] tid 567872              [.] 0x0000ffff9fe661a3
            |
            ---0xffff9fe661a3
               |          
                --10.03%--0xffff9fe661a3
                          sqjit_a64_precise_step<(SQOpcode)29, false>
                          |          
                           --5.15%--SQVM::CMP_OP
                                     |          
                                      --3.18%--SQVM::ObjCmp

    17.11%     0.00%  sqgi     [JIT] tid 567872              [.] 0x0000ffff9fe6657b
            |
            ---0xffff9fe6657b
               |          
                --6.33%--0xffff9fe6657b
                          sqjit_a64_precise_step<(SQOpcode)13, true>
                          |          
                           --2.17%--sqjit_a64_precise_step<(SQOpcode)13, true>

    16.29%    14.66%  sqgi     sqgi                          [.] sqjit_a64_precise_step<(SQOpcode)13, true>
            |          
            |--5.79%--0xffff9fe66f33
            |          0xffff9fe66f33
            |          sqjit_a64_precise_step<(SQOpcode)13, true>
            |          
            |--4.71%--0xffff9fe6657b
            |          0xffff9fe6657b
            |          sqjit_a64_precise_step<(SQOpcode)13, true>
            |          
             --4.16%--0xffff9fe66c3b
                       0xffff9fe66c3b
                       sqjit_a64_precise_step<(SQOpcode)13, true>

    13.37%     0.00%  sqgi     [JIT] tid 567872              [.] 0x0000ffff9fe66c6f
            |
            ---0xffff9fe66c6f
               |          
                --9.73%--0xffff9fe66c6f
                          |          
                           --8.39%--sqjit_a64_precise_step<(SQOpcode)4, false>

    10.90%     0.00%  sqgi     [JIT] tid 567872              [.] 0x0000ffff9fe678cb
            |
            ---0xffff9fe678cb
               |          
                --10.76%--0xffff9fe678cb
                          sqjit_a64_precise_step<(SQOpcode)39, false>
                          |          
                           --2.12%--sqjit_a64_precise_can_release (inlined)
                                     SQJitWriteLog::CanReleaseInContext

    10.76%     8.64%  sqgi     sqgi                          [.] sqjit_a64_precise_step<(SQOpcode)39, false>
            |          
            |--8.64%--0xffff9fe678cb
            |          0xffff9fe678cb
            |          sqjit_a64_precise_step<(SQOpcode)39, false>
            |          
             --2.12%--sqjit_a64_precise_step<(SQOpcode)39, false>
                       sqjit_a64_precise_can_release (inlined)
                       SQJitWriteLog::CanReleaseInContext

    10.03%     4.80%  sqgi     sqgi                          [.] sqjit_a64_precise_step<(SQOpcode)29, false>
            |          
            |--5.22%--sqjit_a64_precise_step<(SQOpcode)29, false>
            |          |          
            |           --5.15%--SQVM::CMP_OP
            |                     |          
            |                      --3.18%--SQVM::ObjCmp
            |          
             --4.80%--0xffff9fe661a3
                       0xffff9fe661a3
                       sqjit_a64_precise_step<(SQOpcode)29, false>

     9.73%     8.67%  sqgi     sqgi                          [.] sqjit_a64_precise_step<(SQOpcode)4, false>
            |          
             --8.67%--0xffff9fe66c6f
                       0xffff9fe66c6f
                       |          
                        --7.33%--sqjit_a64_precise_step<(SQOpcode)4, false>

     7.91%     0.00%  sqgi     [JIT] tid 567872              [.] 0x0000ffff9fe66b5b
            |
            ---0xffff9fe66b5b
               |          
                --5.51%--0xffff9fe66b5b
                          sqjit_a64_precise_step<(SQOpcode)13, false>
                          |          
                           --2.47%--sqjit_a64_precise_member<false> (inlined)

     5.51%     5.51%  sqgi     sqgi                          [.] sqjit_a64_precise_step<(SQOpcode)13, false>
            |
            ---0xffff9fe66b5b
               0xffff9fe66b5b
               sqjit_a64_precise_step<(SQOpcode)13, false>
               |          
                --2.47%--sqjit_a64_precise_member<false> (inlined)

     5.15%     1.98%  sqgi     sqgi                          [.] SQVM::CMP_OP
            |          
             --3.18%--SQVM::CMP_OP
                       SQVM::ObjCmp

     4.87%     0.00%  sqgi     [JIT] tid 567872              [.] 0x0000ffff9fe66c3b
            |
            ---0xffff9fe66c3b
               |          
                --4.16%--0xffff9fe66c3b
                          sqjit_a64_precise_step<(SQOpcode)13, true>

     4.80%     4.80%  sqgi     sqgi                          [.] SQJitWriteLog::CanReleaseInContext
            |          
             --2.12%--0xffff9fe678cb
                       0xffff9fe678cb
                       sqjit_a64_precise_step<(SQOpcode)39, false>
                       sqjit_a64_precise_can_release (inlined)
                       SQJitWriteLog::CanReleaseInContext

     3.60%     0.00%  sqgi     sqgi                          [.] SQObjectPtr::operator= (inlined)
            |
            ---SQObjectPtr::operator= (inlined)

     3.18%     3.18%  sqgi     sqgi                          [.] SQVM::ObjCmp
            |
            ---0xffff9fe661a3
               0xffff9fe661a3
               sqjit_a64_precise_step<(SQOpcode)29, false>
               SQVM::CMP_OP
               SQVM::ObjCmp

     2.56%     0.00%  sqgi     sqgi                          [.] SQObjectPtr::operator= (inlined)
            |
            ---SQObjectPtr::operator= (inlined)

     2.47%     0.00%  sqgi     sqgi                          [.] sqjit_a64_precise_member<false> (inlined)
            |
            ---sqjit_a64_precise_member<false> (inlined)

     2.47%     2.47%  sqgi     [JIT] tid 567872              [.] 0x0000ffff9fe67474
            |
            ---0xffff9fe66f33
               0xffff9fe67474

     2.12%     0.00%  sqgi     sqgi                          [.] sqjit_a64_precise_can_release (inlined)
            |
            ---sqjit_a64_precise_can_release (inlined)
               SQJitWriteLog::CanReleaseInContext



#
# (Cannot load tips.txt file, please install perf!)
#
