# To display the perf.data header info, please use --header/--header-only options.
#
#
# Total Lost Samples: 0
#
# Samples: 225  of event 'cycles:u'
# Event count (approx.): 894018882
#
# Children      Self  Command  Shared Object          Symbol                                                                                                                                                         
# ........  ........  .......  .....................  ...............................................................................................................................................................
#
    26.36%    14.77%  sqgi     sqgi                   [.] SQJitWriteLog::RecordMember
            |          
            |--11.59%--SQJitWriteLog::RecordMember
            |          |          
            |           --11.08%--SQJitWriteLog::CanRelease
            |          
            |--6.62%--0xffffb5248207
            |          0xffffb5248207
            |          sqjit_a64_helper_member_set_reference_logged
            |          sqjit_a64_helper_member_set_reference_logged
            |          SQJitWriteLog::RecordMember
            |          |          
            |           --6.11%--SQJitWriteLog::ContainsMember<true> (inlined)
            |                     |          
            |                      --2.55%--SQJitWriteLog::ContainsMember<true>(SQObjectPtr const&, SQObjectPtr const&, SQObjectPtr const&) const::{lambda(SQJitWriteLog::Entry const&)#1}::operator() (inlined)
            |          
            |--4.08%--0xffffb524a21f
            |          0xffffb524a21f
            |          sqjit_a64_helper_instance_field_set_integer_logged
            |          sqjit_a64_helper_instance_field_set_integer_logged
            |          SQJitWriteLog::RecordMember
            |          |          
            |           --2.05%--SQJitWriteLog::ContainsMember<false> (inlined)
            |                     SQJitWriteLog::ContainsMember<false>(SQObjectPtr const&, SQObjectPtr const&, SQObjectPtr const&) const::{lambda(SQJitWriteLog::Entry const&)#1}::operator() (inlined)
            |          
             --2.54%--0xffffb52471d7
                       0xffffb52471d7
                       sqjit_a64_helper_member_set_integer_logged
                       sqjit_a64_helper_member_set_integer_logged
                       SQJitWriteLog::RecordMember

    24.45%     0.00%  sqgi     [JIT] tid 567824       [.] 0x0000ffffb5248207
            |
            ---0xffffb5248207
               |          
                --19.35%--0xffffb5248207
                          sqjit_a64_helper_member_set_reference_logged
                          |          
                          |--10.19%--sqjit_a64_helper_member_set_reference_logged
                          |          SQJitWriteLog::RecordMember
                          |          |          
                          |          |--6.62%--SQJitWriteLog::ContainsMember<true> (inlined)
                          |          |          |          
                          |          |           --2.55%--SQJitWriteLog::ContainsMember<true>(SQObjectPtr const&, SQObjectPtr const&, SQObjectPtr const&) const::{lambda(SQJitWriteLog::Entry const&)#1}::operator() (inlined)
                          |          |          
                          |           --3.06%--SQJitWriteLog::CanRelease
                          |          
                           --6.11%--sqjit_a64_member_store_slot (inlined)
                                     sqjit_a64_member_store_slot (inlined)
                                     |          
                                     |--3.56%--sqjit_a64_resolve_store_slot (inlined)
                                     |          sq_member_raw_slot (inlined)
                                     |          SQTable::GetRawSlot (inlined)
                                     |          |          
                                     |           --3.05%--SQTable::_Get (inlined)
                                     |          
                                      --2.04%--sqjit_a64_helper_member_set_reference_logged
                                                sqjit_a64_resolve_root_store_slot

    21.38%     8.65%  sqgi     sqgi                   [.] sqjit_a64_helper_member_set_integer_logged
            |          
            |--12.73%--sqjit_a64_helper_member_set_integer_logged
            |          |          
            |          |--9.67%--sqjit_a64_helper_member_set_integer_logged
            |          |          SQJitWriteLog::RecordMember
            |          |          |          
            |          |          |--5.60%--SQJitWriteLog::CanRelease
            |          |          |          
            |          |           --2.04%--SQJitWriteLog::ContainsMember<false> (inlined)
            |          |          
            |           --3.06%--sqjit_a64_member_store_slot (inlined)
            |                     sqjit_a64_member_store_slot (inlined)
            |                     sqjit_a64_helper_member_set_integer_logged
            |                     sqjit_a64_resolve_root_store_slot
            |          
            |--4.58%--0xffffb52471d7
            |          0xffffb52471d7
            |          sqjit_a64_helper_member_set_integer_logged
            |          |          
            |           --2.55%--sqjit_a64_member_store_slot (inlined)
            |                     |          
            |                      --2.04%--sqjit_a64_member_store_slot (inlined)
            |                                sqjit_a64_resolve_store_slot (inlined)
            |          
             --4.07%--0xffffb52491f3
                       0xffffb52491f3
                       sqjit_a64_helper_member_set_integer_logged

    20.50%     6.33%  sqgi     sqgi                   [.] sqjit_a64_helper_member_closure_guard
            |          
            |--14.16%--sqjit_a64_helper_member_closure_guard
            |          sqjit_a64_borrow_member_value_with_root (inlined)
            |          sqjit_a64_borrow_member_ptr_value
            |          |          
            |           --9.58%--SQTable::GetRawSlot (inlined)
            |                     |          
            |                      --7.10%--SQTable::_Get (inlined)
            |          
            |--2.55%--0xffffb524814b
            |          0xffffb524814b
            |          sqjit_a64_helper_member_closure_guard
            |          
             --2.26%--0xffffb524a167
                       0xffffb524a167
                       sqjit_a64_helper_member_closure_guard

    19.35%     6.62%  sqgi     sqgi                   [.] sqjit_a64_helper_member_set_reference_logged
            |          
            |--12.73%--sqjit_a64_helper_member_set_reference_logged
            |          |          
            |          |--10.19%--sqjit_a64_helper_member_set_reference_logged
            |          |          SQJitWriteLog::RecordMember
            |          |          |          
            |          |          |--6.62%--SQJitWriteLog::ContainsMember<true> (inlined)
            |          |          |          |          
            |          |          |           --2.55%--SQJitWriteLog::ContainsMember<true>(SQObjectPtr const&, SQObjectPtr const&, SQObjectPtr const&) const::{lambda(SQJitWriteLog::Entry const&)#1}::operator() (inlined)
            |          |          |          
            |          |           --3.06%--SQJitWriteLog::CanRelease
            |          |          
            |           --2.04%--sqjit_a64_member_store_slot (inlined)
            |                     sqjit_a64_member_store_slot (inlined)
            |                     sqjit_a64_helper_member_set_reference_logged
            |                     sqjit_a64_resolve_root_store_slot
            |          
             --6.62%--0xffffb5248207
                       0xffffb5248207
                       sqjit_a64_helper_member_set_reference_logged
                       |          
                        --4.07%--sqjit_a64_member_store_slot (inlined)
                                  sqjit_a64_member_store_slot (inlined)
                                  |          
                                   --3.56%--sqjit_a64_resolve_store_slot (inlined)
                                             sq_member_raw_slot (inlined)
                                             SQTable::GetRawSlot (inlined)
                                             |          
                                              --3.05%--SQTable::_Get (inlined)

    14.67%     0.00%  sqgi     sqgi                   [.] sqjit_a64_borrow_member_value_with_root (inlined)
            |
            ---sqjit_a64_borrow_member_value_with_root (inlined)
               |          
                --14.16%--sqjit_a64_borrow_member_ptr_value
                          |          
                           --9.58%--SQTable::GetRawSlot (inlined)
                                     |          
                                      --7.10%--SQTable::_Get (inlined)

    14.25%     0.00%  sqgi     [JIT] tid 567824       [.] 0x0000ffffb52471d7
            |
            ---0xffffb52471d7
               |          
                --12.22%--0xffffb52471d7
                          sqjit_a64_helper_member_set_integer_logged
                          |          
                          |--6.11%--sqjit_a64_helper_member_set_integer_logged
                          |          SQJitWriteLog::RecordMember
                          |          |          
                          |           --3.57%--SQJitWriteLog::CanRelease
                          |          
                           --4.07%--sqjit_a64_member_store_slot (inlined)
                                     |          
                                      --3.57%--sqjit_a64_member_store_slot (inlined)
                                                |          
                                                 --2.04%--sqjit_a64_resolve_store_slot (inlined)

    14.16%    14.16%  sqgi     sqgi                   [.] sqjit_a64_borrow_member_ptr_value
            |          
            |--4.07%--0xffffb524714b
            |          0xffffb524714b
            |          sqjit_a64_helper_member_closure_guard
            |          sqjit_a64_borrow_member_value_with_root (inlined)
            |          sqjit_a64_borrow_member_ptr_value
            |          |          
            |           --2.55%--SQTable::GetRawSlot (inlined)
            |                     |          
            |                      --2.04%--SQTable::_Get (inlined)
            |          
            |--3.57%--0xffffb5249167
            |          0xffffb5249167
            |          sqjit_a64_helper_member_closure_guard
            |          sqjit_a64_borrow_member_value_with_root (inlined)
            |          sqjit_a64_borrow_member_ptr_value
            |          |          
            |           --2.55%--SQTable::GetRawSlot (inlined)
            |                     |          
            |                      --2.04%--SQTable::_Get (inlined)
            |          
            |--3.46%--0xffffb524a167
            |          0xffffb524a167
            |          sqjit_a64_helper_member_closure_guard
            |          sqjit_a64_borrow_member_value_with_root (inlined)
            |          sqjit_a64_borrow_member_ptr_value
            |          
             --3.06%--0xffffb524814b
                       0xffffb524814b
                       sqjit_a64_helper_member_closure_guard
                       sqjit_a64_borrow_member_value_with_root (inlined)
                       sqjit_a64_borrow_member_ptr_value
                       |          
                        --2.55%--SQTable::GetRawSlot (inlined)
                                  |          
                                   --2.04%--SQTable::_Get (inlined)

    11.97%     0.00%  sqgi     [JIT] tid 567824       [.] 0x0000ffffb524a21f
            |
            ---0xffffb524a21f
               |          
                --10.96%--0xffffb524a21f
                          sqjit_a64_helper_instance_field_set_integer_logged
                          |          
                          |--6.50%--sqjit_a64_helper_instance_field_set_integer_logged
                          |          SQJitWriteLog::RecordMember
                          |          |          
                          |          |--2.42%--SQJitWriteLog::CanRelease
                          |          |          
                          |           --2.05%--SQJitWriteLog::ContainsMember<false> (inlined)
                          |                     SQJitWriteLog::ContainsMember<false>(SQObjectPtr const&, SQObjectPtr const&, SQObjectPtr const&) const::{lambda(SQJitWriteLog::Entry const&)#1}::operator() (inlined)
                          |          
                           --2.01%--SQObjectPtr::SQObjectPtr (inlined)

    11.20%     0.00%  sqgi     [JIT] tid 567824       [.] 0x0000ffffb5249167
            |
            ---0xffffb5249167
               |          
               |--4.59%--0xffffb5249167
               |          sqjit_a64_helper_member_closure_guard
               |          |          
               |           --4.08%--sqjit_a64_borrow_member_value_with_root (inlined)
               |                     |          
               |                      --3.57%--sqjit_a64_borrow_member_ptr_value
               |                                |          
               |                                 --2.55%--SQTable::GetRawSlot (inlined)
               |                                           |          
               |                                            --2.04%--SQTable::_Get (inlined)
               |          
                --4.07%--0xffffb52491d8

    11.20%     0.00%  sqgi     [JIT] tid 567824       [.] 0x0000ffffb52491f3
            |
            ---0xffffb52491f3
               |          
                --9.16%--0xffffb52491f3
                          sqjit_a64_helper_member_set_integer_logged
                          |          
                          |--3.56%--sqjit_a64_helper_member_set_integer_logged
                          |          SQJitWriteLog::RecordMember
                          |          |          
                          |           --2.04%--SQJitWriteLog::CanRelease
                          |          
                           --2.54%--sqjit_a64_member_store_slot (inlined)
                                     sqjit_a64_member_store_slot (inlined)

    11.08%    11.08%  sqgi     sqgi                   [.] SQJitWriteLog::CanRelease
            |          
            |--3.57%--0xffffb52471d7
            |          0xffffb52471d7
            |          sqjit_a64_helper_member_set_integer_logged
            |          sqjit_a64_helper_member_set_integer_logged
            |          SQJitWriteLog::RecordMember
            |          SQJitWriteLog::CanRelease
            |          
            |--3.06%--0xffffb5248207
            |          0xffffb5248207
            |          sqjit_a64_helper_member_set_reference_logged
            |          sqjit_a64_helper_member_set_reference_logged
            |          SQJitWriteLog::RecordMember
            |          SQJitWriteLog::CanRelease
            |          
            |--2.42%--0xffffb524a21f
            |          0xffffb524a21f
            |          sqjit_a64_helper_instance_field_set_integer_logged
            |          sqjit_a64_helper_instance_field_set_integer_logged
            |          SQJitWriteLog::RecordMember
            |          SQJitWriteLog::CanRelease
            |          
             --2.04%--0xffffb52491f3
                       0xffffb52491f3
                       sqjit_a64_helper_member_set_integer_logged
                       sqjit_a64_helper_member_set_integer_logged
                       SQJitWriteLog::RecordMember
                       SQJitWriteLog::CanRelease

    10.96%     4.46%  sqgi     sqgi                   [.] sqjit_a64_helper_instance_field_set_integer_logged
            |          
            |--6.50%--sqjit_a64_helper_instance_field_set_integer_logged
            |          sqjit_a64_helper_instance_field_set_integer_logged
            |          SQJitWriteLog::RecordMember
            |          |          
            |          |--2.42%--SQJitWriteLog::CanRelease
            |          |          
            |           --2.05%--SQJitWriteLog::ContainsMember<false> (inlined)
            |                     SQJitWriteLog::ContainsMember<false>(SQObjectPtr const&, SQObjectPtr const&, SQObjectPtr const&) const::{lambda(SQJitWriteLog::Entry const&)#1}::operator() (inlined)
            |          
             --4.46%--0xffffb524a21f
                       0xffffb524a21f
                       sqjit_a64_helper_instance_field_set_integer_logged
                       |          
                        --2.01%--SQObjectPtr::SQObjectPtr (inlined)

     9.58%     0.00%  sqgi     sqgi                   [.] SQTable::GetRawSlot (inlined)
            |
            ---SQTable::GetRawSlot (inlined)
               |          
                --7.10%--SQTable::_Get (inlined)

     8.66%     0.00%  sqgi     [JIT] tid 567824       [.] 0x0000ffffb524814b
            |
            ---0xffffb524814b
               |          
                --5.60%--0xffffb524814b
                          sqjit_a64_helper_member_closure_guard
                          |          
                           --3.06%--sqjit_a64_borrow_member_value_with_root (inlined)
                                     sqjit_a64_borrow_member_ptr_value
                                     |          
                                      --2.55%--SQTable::GetRawSlot (inlined)
                                                |          
                                                 --2.04%--SQTable::_Get (inlined)

     8.66%     0.00%  sqgi     [JIT] tid 567824       [.] 0x0000ffffb524714b
            |
            ---0xffffb524714b
               |          
                --4.58%--0xffffb524714b
                          sqjit_a64_helper_member_closure_guard
                          |          
                           --4.07%--sqjit_a64_borrow_member_value_with_root (inlined)
                                     sqjit_a64_borrow_member_ptr_value
                                     |          
                                      --2.55%--SQTable::GetRawSlot (inlined)
                                                |          
                                                 --2.04%--SQTable::_Get (inlined)

     7.44%     0.00%  sqgi     [JIT] tid 567824       [.] 0x0000ffffb524a167
            |
            ---0xffffb524a167
               |          
                --5.72%--0xffffb524a167
                          sqjit_a64_helper_member_closure_guard
                          |          
                           --3.46%--sqjit_a64_borrow_member_value_with_root (inlined)
                                     sqjit_a64_borrow_member_ptr_value

     7.10%     0.00%  sqgi     sqgi                   [.] SQTable::_Get (inlined)
            |
            ---SQTable::_Get (inlined)

     6.62%     0.00%  sqgi     sqgi                   [.] SQJitWriteLog::ContainsMember<true> (inlined)
            |
            ---SQJitWriteLog::ContainsMember<true> (inlined)
               |          
                --2.55%--SQJitWriteLog::ContainsMember<true>(SQObjectPtr const&, SQObjectPtr const&, SQObjectPtr const&) const::{lambda(SQJitWriteLog::Entry const&)#1}::operator() (inlined)

     6.61%     0.00%  sqgi     sqgi                   [.] sqjit_a64_member_store_slot (inlined)
            |
            ---sqjit_a64_member_store_slot (inlined)
               |          
                --6.10%--sqjit_a64_member_store_slot (inlined)
                          |          
                          |--3.06%--sqjit_a64_helper_member_set_integer_logged
                          |          sqjit_a64_resolve_root_store_slot
                          |          
                           --3.05%--sqjit_a64_resolve_store_slot (inlined)
                                     |          
                                      --2.54%--sq_member_raw_slot (inlined)
                                                |          
                                                 --2.03%--SQTable::GetRawSlot (inlined)
                                                           SQTable::_Get (inlined)

     6.11%     0.00%  sqgi     sqgi                   [.] sqjit_a64_member_store_slot (inlined)
            |
            ---sqjit_a64_member_store_slot (inlined)
               sqjit_a64_member_store_slot (inlined)
               |          
               |--3.56%--sqjit_a64_resolve_store_slot (inlined)
               |          sq_member_raw_slot (inlined)
               |          SQTable::GetRawSlot (inlined)
               |          |          
               |           --3.05%--SQTable::_Get (inlined)
               |          
                --2.04%--sqjit_a64_helper_member_set_reference_logged
                          sqjit_a64_resolve_root_store_slot

     5.09%     5.09%  sqgi     sqgi                   [.] sqjit_a64_resolve_root_store_slot
            |          
             --2.04%--0xffffb5248207
                       0xffffb5248207
                       sqjit_a64_helper_member_set_reference_logged
                       sqjit_a64_member_store_slot (inlined)
                       sqjit_a64_member_store_slot (inlined)
                       sqjit_a64_helper_member_set_reference_logged
                       sqjit_a64_resolve_root_store_slot

     4.08%     0.00%  sqgi     sqgi                   [.] SQJitWriteLog::ContainsMember<false> (inlined)
            |
            ---SQJitWriteLog::ContainsMember<false> (inlined)
               |          
                --3.57%--SQJitWriteLog::ContainsMember<false>(SQObjectPtr const&, SQObjectPtr const&, SQObjectPtr const&) const::{lambda(SQJitWriteLog::Entry const&)#1}::operator() (inlined)

     4.07%     4.07%  sqgi     [JIT] tid 567824       [.] 0x0000ffffb52491d8
            |
            ---0xffffb5249167
               0xffffb52491d8

     3.57%     0.00%  sqgi     sqgi                   [.] SQJitWriteLog::ContainsMember<false>(SQObjectPtr const&, SQObjectPtr const&, SQObjectPtr const&) const::{lambda(SQJitWriteLog::Entry const&)#1}::operator() (inlined)
            |
            ---SQJitWriteLog::ContainsMember<false>(SQObjectPtr const&, SQObjectPtr const&, SQObjectPtr const&) const::{lambda(SQJitWriteLog::Entry const&)#1}::operator() (inlined)

     3.56%     0.00%  sqgi     sqgi                   [.] sqjit_a64_resolve_store_slot (inlined)
            |
            ---sqjit_a64_resolve_store_slot (inlined)
               sq_member_raw_slot (inlined)
               SQTable::GetRawSlot (inlined)
               |          
                --3.05%--SQTable::_Get (inlined)

     3.56%     0.00%  sqgi     sqgi                   [.] sq_member_raw_slot (inlined)
            |
            ---sq_member_raw_slot (inlined)
               SQTable::GetRawSlot (inlined)
               |          
                --3.05%--SQTable::_Get (inlined)

     3.56%     0.00%  sqgi     sqgi                   [.] SQTable::GetRawSlot (inlined)
            |
            ---SQTable::GetRawSlot (inlined)
               |          
                --3.05%--SQTable::_Get (inlined)

     3.05%     0.00%  sqgi     sqgi                   [.] SQTable::_Get (inlined)
            |
            ---SQTable::_Get (inlined)

     3.05%     0.00%  sqgi     sqgi                   [.] sqjit_a64_resolve_store_slot (inlined)
            |
            ---sqjit_a64_resolve_store_slot (inlined)
               |          
                --2.54%--sq_member_raw_slot (inlined)
                          |          
                           --2.03%--SQTable::GetRawSlot (inlined)
                                     SQTable::_Get (inlined)

     2.55%     0.00%  sqgi     sqgi                   [.] SQJitWriteLog::ContainsMember<true>(SQObjectPtr const&, SQObjectPtr const&, SQObjectPtr const&) const::{lambda(SQJitWriteLog::Entry const&)#1}::operator() (inlined)
            |
            ---SQJitWriteLog::ContainsMember<true>(SQObjectPtr const&, SQObjectPtr const&, SQObjectPtr const&) const::{lambda(SQJitWriteLog::Entry const&)#1}::operator() (inlined)

     2.55%     0.00%  sqgi     sqgi                   [.] SQTable::GetRawSlot (inlined)
            |
            ---SQTable::GetRawSlot (inlined)
               |          
                --2.04%--SQTable::_Get (inlined)

     2.54%     0.00%  sqgi     sqgi                   [.] sq_member_raw_slot (inlined)
            |
            ---sq_member_raw_slot (inlined)
               |          
                --2.03%--SQTable::GetRawSlot (inlined)
                          SQTable::_Get (inlined)

     2.54%     0.00%  sqgi     sqgi                   [.] SQTable::GetRawSlot (inlined)
            |
            ---SQTable::GetRawSlot (inlined)
               |          
                --2.03%--SQTable::_Get (inlined)

     2.04%     0.00%  sqgi     sqgi                   [.] SQTable::_Get (inlined)
            |
            ---SQTable::_Get (inlined)

     2.04%     0.00%  sqgi     sqgi                   [.] SQObjectPtr::~SQObjectPtr (inlined)
            |
            ---SQObjectPtr::~SQObjectPtr (inlined)
               SQObjectPtr::~SQObjectPtr (inlined)

     2.03%     0.00%  sqgi     sqgi                   [.] SQTable::_Get (inlined)
            |
            ---SQTable::_Get (inlined)

     2.01%     0.00%  sqgi     sqgi                   [.] SQObjectPtr::SQObjectPtr (inlined)
            |
            ---SQObjectPtr::SQObjectPtr (inlined)



#
# (Cannot load tips.txt file, please install perf!)
#
