BENCH	receiver_integer	200000	0.053925000	595177
BENCH	root_integer	200000	0.062630000	595177
BENCH	root_reference	200000	0.085320000	799457
BENCH	root_integer_result	200000	0.064465000	795177
BENCH	receiver_integer	200000	0.053995000	595177
BENCH	root_integer	200000	0.062605000	595177
BENCH	root_reference	200000	0.086280000	799457
BENCH	root_integer_result	200000	0.064560000	795177
BENCH	receiver_integer	200000	0.054040000	595177
BENCH	root_integer	200000	0.062845000	595177
BENCH	root_reference	200000	0.086285000	799457
BENCH	root_integer_result	200000	0.064620000	795177
409.00;msec;task-clock:u;0.35%;408995701;100.00;0.991;CPUs utilized
878456981;;cycles:u;0.31%;409094579;100.00;2.158;GHz
2911461699;;instructions:u;0.04%;409094579;100.00;3.33;insn per cycle
340507;;branch-misses:u;7.50%;409094579;100.00;;
1007292534;;cache-references:u;0.10%;409094579;100.00;2.475;G/sec
197817;;cache-misses:u;0.66%;409094579;100.00;0.020;of all cache refs
782;;page-faults:u;0.09%;408995701;100.00;1.921;K/sec
0;;context-switches:u;0.00%;408995701;100.00;0.000;/sec
