[Thread debugging using libthread_db enabled]
Using host libthread_db library "/lib/aarch64-linux-gnu/libthread_db.so.1".
EMIT_ATTEMPT table_apply {'tier': 6, 'owning_postincrement': 0, 'cold_lookups': 1}
EMIT_ATTEMPT apply {'tier': 6, 'owning_postincrement': 0, 'cold_lookups': 1}
EMIT_ATTEMPT rotate_buffers {'tier': 6, 'owning_postincrement': 1, 'cold_lookups': 0}
EMIT_ATTEMPT rotate_buffers {'tier': 6, 'owning_postincrement': 0, 'cold_lookups': 0}
EMIT_ATTEMPT rotate_buffers {'tier': 5, 'owning_postincrement': 1, 'cold_lookups': 0}
EMIT_ATTEMPT rotate_buffers {'tier': 5, 'owning_postincrement': 0, 'cold_lookups': 0}
EMIT_ATTEMPT rotate_buffers {'tier': 4, 'owning_postincrement': 1, 'cold_lookups': 0}
EMIT_ATTEMPT rotate_buffers {'tier': 4, 'owning_postincrement': 0, 'cold_lookups': 0}
EMIT_ATTEMPT rotate_buffers {'tier': 3, 'owning_postincrement': 0, 'cold_lookups': 0}
EMIT_ATTEMPT rotate_buffers {'tier': 2, 'owning_postincrement': 0, 'cold_lookups': 0}
BENCH	table_events_97	19	818.105263158	342
BENCH	class_events_97	19	1034.894736842	342
BENCH	buffers_7	19	40.263157895	574
BENCH	buffers_31	19	31.000000000	411
BENCH	calibrate_17	19	17.421052632	16.171875
BENCH	calibrate_67	19	20.894736842	16.03125
[Inferior 1 (process 711743) exited normally]
[Thread debugging using libthread_db enabled]
Using host libthread_db library "/lib/aarch64-linux-gnu/libthread_db.so.1".
EMIT_ATTEMPT recycle {'tier': 6, 'owning_postincrement': 1, 'cold_lookups': 0}
BENCH	table_owners_1	19	198.578947368	1538.25
BENCH	table_owners_2	19	45.578947368	1713.25
BENCH	table_owners_5	19	34.368421053	2152.25
BENCH	table_owners_19	19	37.947368421	3209.25
BENCH	table_owners_257	19	133.684210526	45216.25
BENCH	class_owners_1	19	81.631578947	1538.25
BENCH	class_owners_2	19	86.842105263	1713.25
BENCH	class_owners_5	19	87.315789474	2152.25
BENCH	class_owners_19	19	141.368421053	3209.25
BENCH	class_owners_257	19	126.894736842	45216.25
[Inferior 1 (process 711745) exited normally]
[Thread debugging using libthread_db enabled]
Using host libthread_db library "/lib/aarch64-linux-gnu/libthread_db.so.1".
EMIT_ATTEMPT transfer {'tier': 6, 'owning_postincrement': 0, 'cold_lookups': 1}
EMIT_ATTEMPT publish {'tier': 6, 'owning_postincrement': 0, 'cold_lookups': 1}
BENCH	transfer_table	19	1093.263157895	3147
BENCH	transfer_class	19	679.736842105	3147
BENCH	transfer_mixed	19	1347.578947368	3147
BENCH	publish_table	19	1061.000000000	8162
BENCH	publish_class	19	928.000000000	8162
BENCH	publish_mixed	19	1484.421052632	8162
[Inferior 1 (process 711746) exited normally]
EMISSION_TIERS_VERIFIED {"table_apply": {"tier": 6, "owning_postincrement": 0, "cold_lookups": 1}, "apply": {"tier": 6, "owning_postincrement": 0, "cold_lookups": 1}, "rotate_buffers": {"tier": 2, "owning_postincrement": 0, "cold_lookups": 0}, "recycle": {"tier": 6, "owning_postincrement": 1, "cold_lookups": 0}, "transfer": {"tier": 6, "owning_postincrement": 0, "cold_lookups": 1}, "publish": {"tier": 6, "owning_postincrement": 0, "cold_lookups": 1}}
