Round 1/5: sqgi; all 8 checksums match
Round 1/5: sqgi_baseline; all 8 checksums match
Round 1/5: node; all 8 checksums match
Round 1/5: gjs; all 8 checksums match
Round 1/5: python; all 8 checksums match
Round 2/5: sqgi_baseline; all 8 checksums match
Round 2/5: node; all 8 checksums match
Round 2/5: gjs; all 8 checksums match
Round 2/5: python; all 8 checksums match
Round 2/5: sqgi; all 8 checksums match
Round 3/5: node; all 8 checksums match
Round 3/5: gjs; all 8 checksums match
Round 3/5: python; all 8 checksums match
Round 3/5: sqgi; all 8 checksums match
Round 3/5: sqgi_baseline; all 8 checksums match
Round 4/5: gjs; all 8 checksums match
Round 4/5: python; all 8 checksums match
Round 4/5: sqgi; all 8 checksums match
Round 4/5: sqgi_baseline; all 8 checksums match
Round 4/5: node; all 8 checksums match
Round 5/5: python; all 8 checksums match
Round 5/5: sqgi; all 8 checksums match
Round 5/5: sqgi_baseline; all 8 checksums match
Round 5/5: node; all 8 checksums match
Round 5/5: gjs; all 8 checksums match
Microseconds per iteration; lower is faster
kernel	sqgi	sqgi_baseline	node	gjs	python
route_balanced	0.052389607	0.051947110	0.006030792	0.006489951	0.261954938
route_skewed	0.051702112	0.051542113	0.005779969	0.006684950	0.259568373
pricing_events	0.056442077	0.057677067	0.011120259	0.017364870	0.433271410
filter_stream	0.055877081	0.055104587	0.005042070	0.009364930	0.240696512
records_64	0.133641498	0.133631498	0.015522854	0.038614710	0.586387535
records_4096	0.260993043	0.276572926	0.019856916	0.043092177	0.700764362
word_count	0.268195489	0.267125497	0.074446119	0.123164076	0.368207176
graph_walk	0.012434907	0.012452407	0.004772282	0.007432444	0.130152401
