Round 1/5: sqgi; all 8 checksums match
Round 1/5: sqgi_baseline; all 8 checksums match
Round 1/5: node; all 8 checksums match
Round 1/5: gjs; all 8 checksums match
Round 1/5: python; all 8 checksums match
Round 2/5: sqgi_baseline; all 8 checksums match
Round 2/5: node; all 8 checksums match
Round 2/5: gjs; all 8 checksums match
Round 2/5: python; all 8 checksums match
Round 2/5: sqgi; all 8 checksums match
Round 3/5: node; all 8 checksums match
Round 3/5: gjs; all 8 checksums match
Round 3/5: python; all 8 checksums match
Round 3/5: sqgi; all 8 checksums match
Round 3/5: sqgi_baseline; all 8 checksums match
Round 4/5: gjs; all 8 checksums match
Round 4/5: python; all 8 checksums match
Round 4/5: sqgi; all 8 checksums match
Round 4/5: sqgi_baseline; all 8 checksums match
Round 4/5: node; all 8 checksums match
Round 5/5: python; all 8 checksums match
Round 5/5: sqgi; all 8 checksums match
Round 5/5: sqgi_baseline; all 8 checksums match
Round 5/5: node; all 8 checksums match
Round 5/5: gjs; all 8 checksums match
Microseconds per iteration; lower is faster
kernel	sqgi	sqgi_baseline	node	gjs	python
route_balanced	0.052825000	0.052185000	0.006012605	0.006415000	0.261677620
route_skewed	0.051430000	0.051745000	0.005790945	0.006690000	0.259506180
pricing_events	0.056515000	0.057685000	0.011169185	0.017385000	0.433327735
filter_stream	0.055675000	0.055460000	0.005060365	0.009325000	0.240647215
records_64	0.137215000	0.132395000	0.015706085	0.038610000	0.566501925
records_4096	0.294655000	0.252300000	0.020592905	0.043445000	0.682409815
word_count	0.267755000	0.266675000	0.073666920	0.124585000	0.362011335
graph_walk	0.012410000	0.012370000	0.004800755	0.007675000	0.128843050
