Round 1/5: sqgi; all 15 checksums match
Round 1/5: sqgi_baseline; all 15 checksums match
Round 1/5: node; all 15 checksums match
Round 1/5: gjs; all 15 checksums match
Round 1/5: python; all 15 checksums match
Round 2/5: sqgi_baseline; all 15 checksums match
Round 2/5: node; all 15 checksums match
Round 2/5: gjs; all 15 checksums match
Round 2/5: python; all 15 checksums match
Round 2/5: sqgi; all 15 checksums match
Round 3/5: node; all 15 checksums match
Round 3/5: gjs; all 15 checksums match
Round 3/5: python; all 15 checksums match
Round 3/5: sqgi; all 15 checksums match
Round 3/5: sqgi_baseline; all 15 checksums match
Round 4/5: gjs; all 15 checksums match
Round 4/5: python; all 15 checksums match
Round 4/5: sqgi; all 15 checksums match
Round 4/5: sqgi_baseline; all 15 checksums match
Round 4/5: node; all 15 checksums match
Round 5/5: python; all 15 checksums match
Round 5/5: sqgi; all 15 checksums match
Round 5/5: sqgi_baseline; all 15 checksums match
Round 5/5: node; all 15 checksums match
Round 5/5: gjs; all 15 checksums match
Microseconds per iteration; lower is faster
kernel	sqgi	sqgi_baseline	node	gjs	python
direct_call	0.034059000	0.034251000	0.006774706	0.010722812	0.336230628
branch_call	0.031525000	0.032259000	0.004826849	0.007041563	0.237673325
float_call	0.020690000	0.021262000	0.002643383	0.009502500	0.134099053
numeric_loop	0.022866000	0.022843000	0.007456013	0.012762812	0.239307280
vector	0.376300000	0.373950000	0.567225388	0.517962500	5.156818956
dynamic_member	1.025594000	1.518200000	0.109038406	0.078993750	0.873763825
dynamic_key_get_set	0.182975000	0.183044000	0.062295681	0.027806250	0.405264669
object_member_write_fallback	0.474888000	0.473906000	0.012636319	0.047018750	0.682428863
array_append	0.129719000	0.109281000	0.037207150	0.018375000	0.221801000
array_write	0.036913000	0.036875000	0.004635631	0.006037500	0.187634444
array_read	0.007077000	0.007428000	0.002634177	0.003526875	0.083721291
array_float	0.006801000	0.007090000	0.002195862	0.003071563	0.073745939
math_intrinsic	0.209138000	0.201763000	0.041450862	0.009956250	0.566047812
math_variable	0.218406000	0.218044000	0.154153288	0.106537500	0.509596331
matrix	0.312000000	0.314350000	0.022808087	0.066187500	1.139549475
