[1/30] Building CXX object CMakeFiles/squirrel_check.dir/home/sam/Programming/sqgi/Squirrel3/squirrel/jit/sqjit.cpp.o
[2/30] Building CXX object CMakeFiles/squirrel_check.dir/home/sam/Programming/sqgi/Squirrel3/squirrel/jit/sqjit_artifact.cpp.o
[3/30] Building CXX object CMakeFiles/squirrel_check.dir/home/sam/Programming/sqgi/Squirrel3/squirrel/jit/sqjit_backend_x64_calls.cpp.o
In file included from /usr/x86_64-linux-gnu/include/locale.h:28,
                 from /usr/x86_64-linux-gnu/include/c++/13/clocale:42,
                 from /usr/x86_64-linux-gnu/include/c++/13/x86_64-linux-gnu/bits/c++locale.h:41,
                 from /usr/x86_64-linux-gnu/include/c++/13/bits/localefwd.h:40,
                 from /usr/x86_64-linux-gnu/include/c++/13/string:45,
                 from /usr/x86_64-linux-gnu/include/c++/13/bitset:52,
                 from /home/sam/Programming/sqgi/Squirrel3/squirrel/sqbytecode.h:5,
                 from /home/sam/Programming/sqgi/Squirrel3/squirrel/jit/sqjit_backend_x64_calls.cpp:9:
/home/sam/Programming/sqgi/Squirrel3/squirrel/jit/sqjit_backend_x64_calls.cpp: In member function ‘bool SQJitX64Calls::Call(const SQInstruction&)’:
/home/sam/Programming/sqgi/Squirrel3/squirrel/jit/sqjit_backend_x64_calls.cpp:313:90: warning: ‘offsetof’ within non-standard-layout type ‘SQString’ is conditionally-supported [-Winvalid-offsetof]
  313 |             !sqjit_native_emit_u8(&_buf, 0x80) || !sqjit_native_emit_i32(&_buf, offsetof(SQString, _len)) ||
      |                                                                                          ^
[4/30] Building CXX object CMakeFiles/squirrel_check.dir/home/sam/Programming/sqgi/Squirrel3/squirrel/jit/sqjit_backend_x64.cpp.o
[5/30] Building CXX object CMakeFiles/squirrel_check.dir/home/sam/Programming/sqgi/Squirrel3/squirrel/jit/sqjit_backend_x64_helpers.cpp.o
[6/30] Building CXX object CMakeFiles/squirrel_check.dir/home/sam/Programming/sqgi/Squirrel3/squirrel/jit/sqjit_compile.cpp.o
[7/30] Building CXX object CMakeFiles/squirrel_check.dir/home/sam/Programming/sqgi/Squirrel3/squirrel/jit/sqjit_context.cpp.o
[8/30] Building CXX object CMakeFiles/squirrel_check.dir/home/sam/Programming/sqgi/Squirrel3/squirrel/jit/sqjit_backend_x64_memory.cpp.o
[9/30] Building CXX object CMakeFiles/squirrel_check.dir/home/sam/Programming/sqgi/Squirrel3/squirrel/jit/sqjit_diagnostics.cpp.o
[10/30] Building CXX object CMakeFiles/squirrel_check.dir/home/sam/Programming/sqgi/Squirrel3/squirrel/jit/sqjit_intrinsics.cpp.o
[11/30] Building CXX object CMakeFiles/squirrel_check.dir/home/sam/Programming/sqgi/Squirrel3/squirrel/jit/sqjit_observe.cpp.o
[12/30] Building CXX object CMakeFiles/squirrel_check.dir/home/sam/Programming/sqgi/Squirrel3/squirrel/jit/sqjit_policy.cpp.o
[13/30] Building CXX object CMakeFiles/squirrel_check.dir/home/sam/Programming/sqgi/Squirrel3/squirrel/jit/sqjit_specialize.cpp.o
[14/30] Building CXX object CMakeFiles/squirrel_check.dir/home/sam/Programming/sqgi/Squirrel3/squirrel/jit/sqjit_object_plan.cpp.o
[15/30] Building CXX object CMakeFiles/squirrel_check.dir/home/sam/Programming/sqgi/Squirrel3/squirrel/sqobject.cpp.o
[16/30] Linking CXX static library libsquirrel_check.a
[17/30] Building CXX object CMakeFiles/sqjit_write_log.dir/home/sam/Programming/sqgi/test/cpp/test_sqjit_write_log.cpp.o
[18/30] Linking CXX executable sqjit_write_log
[19/30] Building CXX object CMakeFiles/sqjit_member_plan.dir/home/sam/Programming/sqgi/test/cpp/test_sqjit_member_plan.cpp.o
[20/30] Linking CXX executable sqjit_member_plan
[21/30] Building CXX object CMakeFiles/sqjit_memory.dir/home/sam/Programming/sqgi/test/cpp/test_sqjit_memory.cpp.o
[22/30] Linking CXX executable sqjit_memory
[23/30] Building CXX object CMakeFiles/sqjit_leaf.dir/home/sam/Programming/sqgi/test/cpp/test_sqjit_leaf.cpp.o
[24/30] Linking CXX executable sqjit_leaf
[25/30] Building CXX object CMakeFiles/sqjit_side_exit.dir/home/sam/Programming/sqgi/test/cpp/test_sqjit_side_exit.cpp.o
[26/30] Linking CXX executable sqjit_side_exit
[27/30] Building CXX object CMakeFiles/sqjit_object_plan.dir/home/sam/Programming/sqgi/test/cpp/test_sqjit_object_plan.cpp.o
[28/30] Linking CXX executable sqjit_object_plan
[29/30] Building CXX object CMakeFiles/sqjit_contracts.dir/home/sam/Programming/sqgi/test/cpp/test_sqjit_contracts.cpp.o
[30/30] Linking CXX executable sqjit_contracts
