{
  "aggregation": "56 equally weighted components; application seed17; nearest-rank p90",
  "speedup": 1.1305259837610837,
  "groups": {
    "kernels-seed17": {
      "count": 15,
      "speedup": 1.022018013548445
    },
    "applications-seed17": {
      "count": 8,
      "speedup": 0.9768134129819401
    },
    "roots-seed17": {
      "count": 4,
      "speedup": 1.044961405476452
    },
    "members": {
      "count": 6,
      "speedup": 0.8902916967779972
    },
    "owners": {
      "count": 10,
      "speedup": 1.5451401094147537
    },
    "methods": {
      "count": 6,
      "speedup": 1.5958708058826763
    },
    "floats": {
      "count": 7,
      "speedup": 1.0139379211032513
    }
  },
  "totals": {
    "sqgi_baseline": {
      "node": {
        "geomean": 15.230232208041311,
        "p90": 99.79155825883934
      },
      "gjs": {
        "geomean": 10.09968688865731,
        "p90": 50.75164145018555
      }
    },
    "sqgi": {
      "node": {
        "geomean": 13.471810844517444,
        "p90": 67.36449942617284
      },
      "gjs": {
        "geomean": 8.93361765561303,
        "p90": 32.551485434092875
      }
    }
  },
  "regressions_over_5pct": [
    {
      "suite": "kernels-seed17",
      "name": "array_append",
      "ns": {
        "sqgi": 129.719,
        "sqgi_baseline": 109.281,
        "node": 37.20715,
        "gjs": 18.375,
        "python": 221.801
      },
      "speedup": 0.8424440521434794,
      "ranges_ns": {
        "sqgi": [
          109.056,
          139.275
        ],
        "sqgi_baseline": [
          108.83800000000001,
          136.256
        ],
        "node": [
          35.978525,
          57.423075
        ],
        "gjs": [
          15.3875,
          18.912499999999998
        ],
        "python": [
          220.218731,
          223.85175600000002
        ]
      }
    },
    {
      "suite": "applications-seed17",
      "name": "records_4096",
      "ns": {
        "sqgi": 294.655,
        "sqgi_baseline": 252.3,
        "node": 20.592905000000002,
        "gjs": 43.445,
        "python": 682.409815
      },
      "speedup": 0.8562556209804688,
      "ranges_ns": {
        "sqgi": [
          238.44000000000003,
          298.19
        ],
        "sqgi_baseline": [
          223.48000000000002,
          287.505
        ],
        "node": [
          20.165619999999997,
          20.964650000000002
        ],
        "gjs": [
          43.27,
          44.25
        ],
        "python": [
          644.3051899999999,
          683.796435
        ]
      }
    },
    {
      "suite": "members",
      "name": "table_events_97",
      "ns": {
        "sqgi": 661.245,
        "sqgi_baseline": 493.53000000000003,
        "node": 75.59736000000001,
        "gjs": 70.535
      },
      "speedup": 0.7463648118322257,
      "ranges_ns": {
        "sqgi": [
          659.755,
          662.165
        ],
        "sqgi_baseline": [
          492.095,
          493.76
        ],
        "node": [
          75.30278,
          76.943365
        ],
        "gjs": [
          70.31,
          71.2
        ]
      }
    },
    {
      "suite": "members",
      "name": "class_events_97",
      "ns": {
        "sqgi": 674.45,
        "sqgi_baseline": 443.965,
        "node": 74.60278,
        "gjs": 53.05
      },
      "speedup": 0.6582622877900511,
      "ranges_ns": {
        "sqgi": [
          666.96,
          676.1949999999999
        ],
        "sqgi_baseline": [
          443.57,
          444.46999999999997
        ],
        "node": [
          74.32425500000001,
          74.80404
        ],
        "gjs": [
          52.8,
          53.42
        ]
      }
    }
  ]
}
