[1/59] Building CXX object CMakeFiles/sqgi-core.dir/Squirrel3/squirrel/jit/sqjit_policy.cpp.o
[2/59] Building CXX object CMakeFiles/sqgi-core.dir/Squirrel3/squirrel/jit/sqjit_context.cpp.o
[3/59] Building CXX object CMakeFiles/sqgi-core.dir/Squirrel3/squirrel/jit/sqjit_compile.cpp.o
[4/59] Building CXX object CMakeFiles/sqgi-core.dir/Squirrel3/squirrel/jit/sqjit_observe.cpp.o
[5/59] Building CXX object CMakeFiles/sqgi-core.dir/Squirrel3/squirrel/jit/sqjit.cpp.o
[6/59] Building CXX object CMakeFiles/sqgi-core.dir/Squirrel3/squirrel/jit/sqjit_artifact.cpp.o
[7/59] Building CXX object CMakeFiles/sqgi-core.dir/Squirrel3/squirrel/jit/sqjit_diagnostics.cpp.o
[8/59] Building CXX object CMakeFiles/sqgi-core.dir/Squirrel3/squirrel/jit/sqjit_intrinsics.cpp.o
[9/59] Building CXX object CMakeFiles/sqgi-core.dir/Squirrel3/squirrel/sqobject.cpp.o
[10/59] Building CXX object CMakeFiles/sqgi_test_cpp_sqvm_hotpaths.dir/test/cpp/test_sqvm_hotpaths.cpp.o
[11/59] Building CXX object CMakeFiles/sqgi-core.dir/Squirrel3/squirrel/jit/sqjit_specialize.cpp.o
[12/59] Building CXX object CMakeFiles/sqgi_test_cpp_sqoptimizer.dir/test/cpp/test_sqoptimizer.cpp.o
[13/59] Building CXX object CMakeFiles/sqgi_test_cpp_sqjit_contracts.dir/test/cpp/test_sqjit_contracts.cpp.o
[14/59] Building CXX object CMakeFiles/sqgi_test_cpp_sqjit_values.dir/test/cpp/test_sqjit_values.cpp.o
[15/59] Building CXX object CMakeFiles/sqgi_test_cpp_sqjit_side_exit.dir/test/cpp/test_sqjit_side_exit.cpp.o
[16/59] Building CXX object CMakeFiles/sqgi_test_cpp_sqjit_leaf.dir/test/cpp/test_sqjit_leaf.cpp.o
[17/59] Building CXX object CMakeFiles/sqgi_test_cpp_sqjit_memory.dir/test/cpp/test_sqjit_memory.cpp.o
[18/59] Building CXX object CMakeFiles/sqgi_test_cpp_sqjit_objects.dir/test/cpp/test_sqjit_objects.cpp.o
[19/59] Building CXX object CMakeFiles/sqgi_test_cpp_sqjit_virtual_array.dir/test/cpp/test_sqjit_virtual_array.cpp.o
[20/59] Building CXX object CMakeFiles/sqgi-core.dir/Squirrel3/squirrel/jit/sqjit_object_plan.cpp.o
[21/59] Building CXX object CMakeFiles/sqgi_test_cpp_sqjit_object_plan.dir/test/cpp/test_sqjit_object_plan.cpp.o
[22/59] Building CXX object CMakeFiles/sqgi_test_cpp_sqjit_float_cache.dir/test/cpp/test_sqjit_float_cache.cpp.o
[23/59] Building CXX object CMakeFiles/sqgi_test_cpp_sqjit_aarch64_backend_invalid.dir/test/cpp/test_sqjit_aarch64_backend_invalid.cpp.o
[24/59] Building CXX object CMakeFiles/sqgi_test_cpp_sqjit_intrinsics.dir/test/cpp/test_sqjit_intrinsics.cpp.o
[25/59] Building CXX object CMakeFiles/sqgi_test_cpp_sqjit_member_plan.dir/test/cpp/test_sqjit_member_plan.cpp.o
[26/59] Building CXX object CMakeFiles/sqgi-core.dir/Squirrel3/squirrel/jit/sqjit_backend_aarch64.cpp.o
[27/59] Linking CXX shared library libsqgi.so.1.0.0
[28/59] Linking CXX executable sqgi
[29/59] Creating library symlink libsqgi.so.1 libsqgi.so
[30/59] Linking CXX executable sqgicheck
[31/59] Linking C executable sqgi_test_c_signal_crossthread_sync
[32/59] Linking CXX executable sqgi_test_cpp_sqgicheck
[33/59] Linking C executable sqgi_test_c_signal_crossthread
[34/59] Linking C executable sqgi_test_c_signal_vm_closing
[35/59] Linking C executable sqgi_test_c_gvalue_branches
[36/59] Linking C executable sqgi_test_c_gi_call_plan
[37/59] Linking C executable sqgi_test_c_list_ownership
[38/59] Linking C executable sqgi_test_c_numeric64
[39/59] Linking C executable sqgi_test_c_squirrel_core_hardening
[40/59] Linking CXX executable sqgi_test_cpp_sqvm_hotpaths
[41/59] Linking CXX executable sqgi_test_cpp_sqvector
[42/59] Linking CXX executable sqgi_test_cpp_sqbytecode
[43/59] Linking CXX executable sqgi_test_cpp_sqoptimizer
[44/59] Linking CXX executable sqgi_test_cpp_sqmembercache
[45/59] Linking C executable sqgi_test_c_vm_lifecycle
[46/59] Linking CXX executable sqgi_test_cpp_sqjit_contracts
[47/59] Linking CXX executable sqgi_test_cpp_sqjit_side_exit
[48/59] Linking CXX executable sqgi_test_cpp_sqjit_values
[49/59] Linking CXX executable sqgi_test_cpp_sqjit_memory
[50/59] Linking CXX executable sqgi_test_cpp_sqjit_leaf
[51/59] Linking CXX executable sqgi_test_cpp_sqjit_arithmetic
[52/59] Linking CXX executable sqgi_test_cpp_sqjit_virtual_array
[53/59] Linking CXX executable sqgi_test_cpp_sqjit_objects
[54/59] Linking CXX executable sqgi_test_cpp_sqjit_object_plan
[55/59] Linking CXX executable sqgi_test_cpp_sqjit_write_log
[56/59] Linking CXX executable sqgi_test_cpp_sqjit_float_cache
[57/59] Linking CXX executable sqgi_test_cpp_sqjit_member_plan
[58/59] Linking CXX executable sqgi_test_cpp_sqjit_intrinsics
[59/59] Linking CXX executable sqgi_test_cpp_sqjit_aarch64_backend_invalid
