[1/42] Linking C executable sqgi_test_c_signal_crossthread_sync
[2/42] Linking C executable sqgi_test_c_signal_crossthread
[3/42] Linking C executable sqgi_test_c_signal_vm_closing
[4/42] Linking C executable sqgi_test_c_gvalue_branches
[5/42] Linking CXX executable sqgicheck
[6/42] Linking CXX executable sqgi_test_cpp_sqgicheck
[7/42] Linking C executable sqgi_test_c_gi_call_plan
[8/42] Linking C executable sqgi_test_c_list_ownership
[9/42] Linking C executable sqgi_test_c_squirrel_core_hardening
[10/42] Linking C executable sqgi_test_c_numeric64
[11/42] Linking CXX executable sqgi_test_cpp_sqvector
[12/42] Linking CXX executable sqgi_test_cpp_sqbytecode
[13/42] Building CXX object CMakeFiles/sqgi_test_cpp_sqvm_hotpaths.dir/test/cpp/test_sqvm_hotpaths.cpp.o
[14/42] Linking CXX executable sqgi_test_cpp_sqmembercache
[15/42] Linking C executable sqgi_test_c_vm_lifecycle
[16/42] Linking CXX executable sqgi_test_cpp_sqvm_hotpaths
[17/42] Building CXX object CMakeFiles/sqgi_test_cpp_sqjit_values.dir/test/cpp/test_sqjit_values.cpp.o
[18/42] Building CXX object CMakeFiles/sqgi_test_cpp_sqjit_contracts.dir/test/cpp/test_sqjit_contracts.cpp.o
[19/42] Linking CXX executable sqgi_test_cpp_sqjit_values
[20/42] Building CXX object CMakeFiles/sqgi_test_cpp_sqoptimizer.dir/test/cpp/test_sqoptimizer.cpp.o
[21/42] Linking CXX executable sqgi_test_cpp_sqjit_contracts
[22/42] Linking CXX executable sqgi_test_cpp_sqoptimizer
[23/42] Linking CXX executable sqgi_test_cpp_sqjit_arithmetic
[24/42] Building CXX object CMakeFiles/sqgi_test_cpp_sqjit_side_exit.dir/test/cpp/test_sqjit_side_exit.cpp.o
[25/42] Linking CXX executable sqgi_test_cpp_sqjit_side_exit
[26/42] Building CXX object CMakeFiles/sqgi_test_cpp_sqjit_memory.dir/test/cpp/test_sqjit_memory.cpp.o
[27/42] Building CXX object CMakeFiles/sqgi_test_cpp_sqjit_leaf.dir/test/cpp/test_sqjit_leaf.cpp.o
[28/42] Linking CXX executable sqgi_test_cpp_sqjit_memory
[29/42] Linking CXX executable sqgi_test_cpp_sqjit_leaf
[30/42] Building CXX object CMakeFiles/sqgi_test_cpp_sqjit_objects.dir/test/cpp/test_sqjit_objects.cpp.o
[31/42] Building CXX object CMakeFiles/sqgi_test_cpp_sqjit_virtual_array.dir/test/cpp/test_sqjit_virtual_array.cpp.o
[32/42] Linking CXX executable sqgi_test_cpp_sqjit_write_log
[33/42] Linking CXX executable sqgi_test_cpp_sqjit_objects
[34/42] Linking CXX executable sqgi_test_cpp_sqjit_virtual_array
[35/42] Building CXX object CMakeFiles/sqgi_test_cpp_sqjit_aarch64_backend_invalid.dir/test/cpp/test_sqjit_aarch64_backend_invalid.cpp.o
[36/42] Building CXX object CMakeFiles/sqgi_test_cpp_sqjit_float_cache.dir/test/cpp/test_sqjit_float_cache.cpp.o
[37/42] Linking CXX executable sqgi_test_cpp_sqjit_aarch64_backend_invalid
[38/42] Linking CXX executable sqgi_test_cpp_sqjit_float_cache
[39/42] Building CXX object CMakeFiles/sqgi_test_cpp_sqjit_intrinsics.dir/test/cpp/test_sqjit_intrinsics.cpp.o
[40/42] Building CXX object CMakeFiles/sqgi_test_cpp_sqjit_object_plan.dir/test/cpp/test_sqjit_object_plan.cpp.o
[41/42] Linking CXX executable sqgi_test_cpp_sqjit_intrinsics
[42/42] Linking CXX executable sqgi_test_cpp_sqjit_object_plan
