Round 1/5: sqgi; all 8 checksums match
Round 1/5: sqgi_baseline; all 8 checksums match
Round 1/5: node; all 8 checksums match
Round 1/5: gjs; all 8 checksums match
Round 1/5: python; all 8 checksums match
Round 2/5: sqgi_baseline; all 8 checksums match
Round 2/5: node; all 8 checksums match
Round 2/5: gjs; all 8 checksums match
Round 2/5: python; all 8 checksums match
Round 2/5: sqgi; all 8 checksums match
Round 3/5: node; all 8 checksums match
Round 3/5: gjs; all 8 checksums match
Round 3/5: python; all 8 checksums match
Round 3/5: sqgi; all 8 checksums match
Round 3/5: sqgi_baseline; all 8 checksums match
Round 4/5: gjs; all 8 checksums match
Round 4/5: python; all 8 checksums match
Round 4/5: sqgi; all 8 checksums match
Round 4/5: sqgi_baseline; all 8 checksums match
Round 4/5: node; all 8 checksums match
Round 5/5: python; all 8 checksums match
Round 5/5: sqgi; all 8 checksums match
Round 5/5: sqgi_baseline; all 8 checksums match
Round 5/5: node; all 8 checksums match
Round 5/5: gjs; all 8 checksums match
Microseconds per iteration; lower is faster
kernel	sqgi	sqgi_baseline	node	gjs	python
route_balanced	0.052635000	0.052395000	0.006000945	0.006385000	0.259670810
route_skewed	0.051285000	0.051635000	0.005774905	0.006665000	0.257435215
pricing_events	0.056925000	0.057700000	0.011123975	0.017385000	0.429016930
filter_stream	0.055555000	0.055290000	0.005067620	0.010865000	0.239562185
records_64	0.133050000	0.134640000	0.015824110	0.038535000	0.560126180
records_4096	0.283675000	0.287755000	0.020521320	0.043650000	0.711344005
word_count	0.266495000	0.266910000	0.074942485	0.123960000	0.359935380
graph_walk	0.012355000	0.012430000	0.004768670	0.008295000	0.128859065
