Round 1/5: sqgi; all 8 checksums match
Round 1/5: sqgi_baseline; all 8 checksums match
Round 1/5: node; all 8 checksums match
Round 1/5: gjs; all 8 checksums match
Round 1/5: python; all 8 checksums match
Round 2/5: sqgi_baseline; all 8 checksums match
Round 2/5: node; all 8 checksums match
Round 2/5: gjs; all 8 checksums match
Round 2/5: python; all 8 checksums match
Round 2/5: sqgi; all 8 checksums match
Round 3/5: node; all 8 checksums match
Round 3/5: gjs; all 8 checksums match
Round 3/5: python; all 8 checksums match
Round 3/5: sqgi; all 8 checksums match
Round 3/5: sqgi_baseline; all 8 checksums match
Round 4/5: gjs; all 8 checksums match
Round 4/5: python; all 8 checksums match
Round 4/5: sqgi; all 8 checksums match
Round 4/5: sqgi_baseline; all 8 checksums match
Round 4/5: node; all 8 checksums match
Round 5/5: python; all 8 checksums match
Round 5/5: sqgi; all 8 checksums match
Round 5/5: sqgi_baseline; all 8 checksums match
Round 5/5: node; all 8 checksums match
Round 5/5: gjs; all 8 checksums match
Microseconds per iteration; lower is faster
kernel	sqgi	sqgi_baseline	node	gjs	python
route_balanced	0.052544606	0.052017110	0.005996523	0.006382452	0.261297143
route_skewed	0.051222116	0.051269615	0.005766112	0.006664950	0.258952928
pricing_events	0.056222078	0.057627068	0.011078692	0.017317370	0.432041965
filter_stream	0.055582083	0.055142086	0.005021650	0.008799934	0.240414317
records_64	0.133334000	0.132301508	0.015490774	0.038479711	0.570478281
records_4096	0.268755484	0.280795394	0.019816811	0.042637180	0.689120294
word_count	0.266850499	0.266323003	0.073510616	0.123069077	0.368329660
graph_walk	0.012359907	0.012377407	0.004778114	0.007187446	0.128232518
