Round 1/5: sqgi; all 15 checksums match
Round 1/5: sqgi_baseline; all 15 checksums match
Round 1/5: node; all 15 checksums match
Round 1/5: gjs; all 15 checksums match
Round 1/5: python; all 15 checksums match
Round 2/5: sqgi_baseline; all 15 checksums match
Round 2/5: node; all 15 checksums match
Round 2/5: gjs; all 15 checksums match
Round 2/5: python; all 15 checksums match
Round 2/5: sqgi; all 15 checksums match
Round 3/5: node; all 15 checksums match
Round 3/5: gjs; all 15 checksums match
Round 3/5: python; all 15 checksums match
Round 3/5: sqgi; all 15 checksums match
Round 3/5: sqgi_baseline; all 15 checksums match
Round 4/5: gjs; all 15 checksums match
Round 4/5: python; all 15 checksums match
Round 4/5: sqgi; all 15 checksums match
Round 4/5: sqgi_baseline; all 15 checksums match
Round 4/5: node; all 15 checksums match
Round 5/5: python; all 15 checksums match
Round 5/5: sqgi; all 15 checksums match
Round 5/5: sqgi_baseline; all 15 checksums match
Round 5/5: node; all 15 checksums match
Round 5/5: gjs; all 15 checksums match
Microseconds per iteration; lower is faster
kernel	sqgi	sqgi_baseline	node	gjs	python
direct_call	0.033898000	0.034153000	0.006757158	0.010660625	0.334336566
branch_call	0.031549000	0.032220000	0.004819983	0.007019063	0.236090833
float_call	0.020866000	0.021276000	0.002636257	0.009484062	0.133853521
numeric_loop	0.022828000	0.022790000	0.007437645	0.012721250	0.237097350
vector	0.375513000	0.382713000	0.568552569	0.514781250	5.157200644
dynamic_member	0.726344000	1.516169000	0.108319419	0.078962500	0.874223050
dynamic_key_get_set	0.182606000	0.182638000	0.062162169	0.027668750	0.404523806
object_member_write_fallback	0.471863000	0.473581000	0.012648988	0.046887500	0.679374644
array_append	0.122206000	0.125275000	0.039109950	0.017737500	0.221356625
array_write	0.036887000	0.036731000	0.004602781	0.006062500	0.185607975
array_read	0.007048000	0.007463000	0.002626596	0.003509687	0.082887717
array_float	0.006780000	0.007076000	0.002189100	0.003065938	0.073318307
math_intrinsic	0.204225000	0.201669000	0.041155250	0.010106250	0.555323363
math_variable	0.218481000	0.218206000	0.153997244	0.106937500	0.507199375
matrix	0.310806000	0.314937000	0.022680313	0.066006250	1.136600119
