Round 1/5: v16; 6 checksums match
Round 1/5: v17; 6 checksums match
Round 1/5: node; 6 checksums match
Round 2/5: v17; 6 checksums match
Round 2/5: node; 6 checksums match
Round 2/5: v16; 6 checksums match
Round 3/5: node; 6 checksums match
Round 3/5: v16; 6 checksums match
Round 3/5: v17; 6 checksums match
Round 4/5: v16; 6 checksums match
Round 4/5: v17; 6 checksums match
Round 4/5: node; 6 checksums match
Round 5/5: v17; 6 checksums match
Round 5/5: node; 6 checksums match
Round 5/5: v16; 6 checksums match
table_events_97: v16 421.63 ns, v17 415.61 ns, node 75.33 ns
class_events_97: v16 417.95 ns, v17 410.98 ns, node 74.21 ns
buffers_7: v16 432.57 ns, v17 432.82 ns, node 12.41 ns
buffers_31: v16 432.07 ns, v17 432.82 ns, node 12.36 ns
calibrate_17: v16 83.31 ns, v17 83.11 ns, node 8.72 ns
calibrate_67: v16 83.86 ns, v17 84.05 ns, node 8.32 ns
