Round 1/5: v16; 6 checksums match
Round 1/5: v17; 6 checksums match
Round 1/5: node; 6 checksums match
Round 2/5: v17; 6 checksums match
Round 2/5: node; 6 checksums match
Round 2/5: v16; 6 checksums match
Round 3/5: node; 6 checksums match
Round 3/5: v16; 6 checksums match
Round 3/5: v17; 6 checksums match
Round 4/5: v16; 6 checksums match
Round 4/5: v17; 6 checksums match
Round 4/5: node; 6 checksums match
Round 5/5: v17; 6 checksums match
Round 5/5: node; 6 checksums match
Round 5/5: v16; 6 checksums match
table_events_97: v16 421.60 ns, v17 415.62 ns, node 75.18 ns
class_events_97: v16 417.30 ns, v17 411.26 ns, node 74.27 ns
buffers_7: v16 432.60 ns, v17 432.46 ns, node 12.37 ns
buffers_31: v16 431.23 ns, v17 431.89 ns, node 12.33 ns
calibrate_17: v16 83.07 ns, v17 82.97 ns, node 8.69 ns
calibrate_67: v16 83.75 ns, v17 84.17 ns, node 8.28 ns
