Round 1/5: v16; 6 checksums match
Round 1/5: v17; 6 checksums match
Round 1/5: node; 6 checksums match
Round 2/5: v17; 6 checksums match
Round 2/5: node; 6 checksums match
Round 2/5: v16; 6 checksums match
Round 3/5: node; 6 checksums match
Round 3/5: v16; 6 checksums match
Round 3/5: v17; 6 checksums match
Round 4/5: v16; 6 checksums match
Round 4/5: v17; 6 checksums match
Round 4/5: node; 6 checksums match
Round 5/5: v17; 6 checksums match
Round 5/5: node; 6 checksums match
Round 5/5: v16; 6 checksums match
transfer_table: v16 440.90 ns, v17 428.61 ns, node 17.85 ns
transfer_class: v16 443.21 ns, v17 439.62 ns, node 18.06 ns
transfer_mixed: v16 449.37 ns, v17 441.94 ns, node 29.08 ns
publish_table: v16 398.92 ns, v17 387.64 ns, node 13.41 ns
publish_class: v16 399.38 ns, v17 395.21 ns, node 13.56 ns
publish_mixed: v16 404.37 ns, v17 397.81 ns, node 20.83 ns
