Round 1/5: v16; 6 checksums match
Round 1/5: v17; 6 checksums match
Round 1/5: node; 6 checksums match
Round 2/5: v17; 6 checksums match
Round 2/5: node; 6 checksums match
Round 2/5: v16; 6 checksums match
Round 3/5: node; 6 checksums match
Round 3/5: v16; 6 checksums match
Round 3/5: v17; 6 checksums match
Round 4/5: v16; 6 checksums match
Round 4/5: v17; 6 checksums match
Round 4/5: node; 6 checksums match
Round 5/5: v17; 6 checksums match
Round 5/5: node; 6 checksums match
Round 5/5: v16; 6 checksums match
transfer_table: v16 444.07 ns, v17 429.27 ns, node 17.96 ns
transfer_class: v16 446.59 ns, v17 440.60 ns, node 17.64 ns
transfer_mixed: v16 450.69 ns, v17 441.72 ns, node 29.12 ns
publish_table: v16 400.23 ns, v17 387.96 ns, node 13.38 ns
publish_class: v16 401.12 ns, v17 396.16 ns, node 13.59 ns
publish_mixed: v16 405.55 ns, v17 398.94 ns, node 20.87 ns
