{
  "aggregation": "56 equally weighted components; application seed17; nearest-rank p90",
  "speedup": 1.5840819947626044,
  "groups": {
    "kernels-seed17": {
      "count": 15,
      "speedup": 1.0636015500602731
    },
    "applications-seed17": {
      "count": 8,
      "speedup": 1.0056082001791482
    },
    "roots-seed17": {
      "count": 4,
      "speedup": 1.6119509305008173
    },
    "members": {
      "count": 6,
      "speedup": 1.0458676430508007
    },
    "owners": {
      "count": 10,
      "speedup": 5.504717230784455
    },
    "methods": {
      "count": 6,
      "speedup": 2.5030108332177234
    },
    "floats": {
      "count": 7,
      "speedup": 1.0072761313612586
    }
  },
  "totals": {
    "sqgi_baseline": {
      "node": {
        "geomean": 15.261137859634335,
        "p90": 100.05206034473001
      },
      "gjs": {
        "geomean": 10.110702425664977,
        "p90": 50.37321937321937
      }
    },
    "sqgi": {
      "node": {
        "geomean": 9.63405802861955,
        "p90": 24.52295562753104
      },
      "gjs": {
        "geomean": 6.382688812254443,
        "p90": 14.19182891797
      }
    }
  },
  "regressions_over_5pct": []
}
