audit 4 1 0.108969
v3 4 1 0.112756
v4 4 1 0.137738
v5 4 1 0.133956
v3 4 2 0.108725
v4 4 2 0.109269
v5 4 2 0.109025
audit 4 2 0.108506
v4 4 3 0.109044
v5 4 3 0.114819
audit 4 3 0.111375
v3 4 3 0.110494
v5 4 4 0.109738
audit 4 4 0.108706
v3 4 4 0.108994
v4 4 4 0.110094
audit 4 5 0.115956
v3 4 5 0.1113
v4 4 5 0.111537
v5 4 5 0.109588
audit 5 1 0.109469
v3 5 1 0.117669
v4 5 1 0.108506
v5 5 1 0.113056
v3 5 2 0.110325
v4 5 2 0.109406
v5 5 2 0.109787
audit 5 2 0.110375
v4 5 3 0.109025
v5 5 3 0.111912
audit 5 3 0.113412
v3 5 3 0.108875
v5 5 4 0.1093
audit 5 4 0.112194
v3 5 4 0.108662
v4 5 4 0.108906
audit 5 5 0.11045
v3 5 5 0.108369
v4 5 5 0.11225
v5 5 5 0.114269
