Completed pair 1/5
Completed pair 2/5
Completed pair 3/5
Completed pair 4/5
Completed pair 5/5
direct_call: 0.034095 -> 0.034153 us; 0.998x
branch_call: 0.031610 -> 0.031751 us; 0.996x
float_call: 0.021117 -> 0.021135 us; 0.999x
numeric_loop: 0.022904 -> 0.022891 us; 1.001x
vector: 0.366306 -> 0.375681 us; 0.975x
dynamic_member: 0.923300 -> 0.914819 us; 1.009x
dynamic_key_get_set: 0.183269 -> 0.183100 us; 1.001x
object_member_write_fallback: 0.474469 -> 0.474131 us; 1.001x
array_append: 0.128944 -> 0.108781 us; 1.185x
array_write: 0.036869 -> 0.036956 us; 0.998x
array_read: 0.007119 -> 0.007057 us; 1.009x
array_float: 0.006806 -> 0.006782 us; 1.004x
math_intrinsic: 0.203506 -> 0.206906 us; 0.984x
math_variable: 0.218544 -> 0.219388 us; 0.996x
matrix: 0.325213 -> 0.324981 us; 1.001x
