Completed pair 1/5
Completed pair 2/5
Completed pair 3/5
Completed pair 4/5
Completed pair 5/5
direct_call: 0.034192 -> 0.034173 us; 1.001x
branch_call: 0.031688 -> 0.031608 us; 1.003x
float_call: 0.020687 -> 0.020996 us; 0.985x
numeric_loop: 0.022921 -> 0.022922 us; 1.000x
vector: 0.367394 -> 0.367287 us; 1.000x
dynamic_member: 1.019700 -> 0.917594 us; 1.111x
dynamic_key_get_set: 0.183356 -> 0.183381 us; 1.000x
object_member_write_fallback: 0.475806 -> 0.475212 us; 1.001x
array_append: 0.110025 -> 0.129994 us; 0.846x
array_write: 0.037231 -> 0.037237 us; 1.000x
array_read: 0.007107 -> 0.007143 us; 0.995x
array_float: 0.006834 -> 0.006836 us; 1.000x
math_intrinsic: 0.206600 -> 0.206106 us; 1.002x
math_variable: 0.219106 -> 0.218606 us; 1.002x
matrix: 0.313350 -> 0.325500 us; 0.963x
