Round 1/5: v4; 6 checksums match
Round 1/5: v5; 6 checksums match
Round 1/5: node; 6 checksums match
Round 2/5: v5; 6 checksums match
Round 2/5: node; 6 checksums match
Round 2/5: v4; 6 checksums match
Round 3/5: node; 6 checksums match
Round 3/5: v4; 6 checksums match
Round 3/5: v5; 6 checksums match
Round 4/5: v4; 6 checksums match
Round 4/5: v5; 6 checksums match
Round 4/5: node; 6 checksums match
Round 5/5: v5; 6 checksums match
Round 5/5: node; 6 checksums match
Round 5/5: v4; 6 checksums match
table_events_97: v4 638.89 ns, v5 544.60 ns, node 75.51 ns
class_events_97: v4 642.89 ns, v5 556.03 ns, node 74.79 ns
buffers_7: v4 435.01 ns, v5 435.83 ns, node 12.45 ns
buffers_31: v4 435.38 ns, v5 435.21 ns, node 12.39 ns
calibrate_17: v4 83.67 ns, v5 83.64 ns, node 8.74 ns
calibrate_67: v4 84.52 ns, v5 84.61 ns, node 8.34 ns
