Round 1/5: v4; 6 checksums match
Round 1/5: v5; 6 checksums match
Round 1/5: node; 6 checksums match
Round 2/5: v5; 6 checksums match
Round 2/5: node; 6 checksums match
Round 2/5: v4; 6 checksums match
Round 3/5: node; 6 checksums match
Round 3/5: v4; 6 checksums match
Round 3/5: v5; 6 checksums match
Round 4/5: v4; 6 checksums match
Round 4/5: v5; 6 checksums match
Round 4/5: node; 6 checksums match
Round 5/5: v5; 6 checksums match
Round 5/5: node; 6 checksums match
Round 5/5: v4; 6 checksums match
transfer_table: v4 703.12 ns, v5 617.45 ns, node 17.95 ns
transfer_class: v4 729.76 ns, v5 647.63 ns, node 18.20 ns
transfer_mixed: v4 738.54 ns, v5 648.14 ns, node 29.26 ns
publish_table: v4 581.13 ns, v5 518.41 ns, node 13.48 ns
publish_class: v4 598.20 ns, v5 534.71 ns, node 13.69 ns
publish_mixed: v4 596.35 ns, v5 537.37 ns, node 20.95 ns
