START profiles/kernels-trace
DONE profiles/kernels-trace 0
START profiles/kernels-record
DONE profiles/kernels-record 0
START profiles/kernels-flat
DONE profiles/kernels-flat 0
START profiles/kernels-stacks
DONE profiles/kernels-stacks 0
START profiles/kernels-stat
DONE profiles/kernels-stat 0
START profiles/applications-trace
DONE profiles/applications-trace 0
START profiles/applications-record
DONE profiles/applications-record 0
START profiles/applications-flat
DONE profiles/applications-flat 0
START profiles/applications-stacks
DONE profiles/applications-stacks 0
START profiles/applications-stat
DONE profiles/applications-stat 0
START profiles/roots-trace
DONE profiles/roots-trace 0
START profiles/roots-record
DONE profiles/roots-record 0
START profiles/roots-flat
DONE profiles/roots-flat 0
START profiles/roots-stacks
DONE profiles/roots-stacks 0
START profiles/roots-stat
DONE profiles/roots-stat 0
START profiles/members-trace
DONE profiles/members-trace 0
START profiles/members-record
DONE profiles/members-record 0
START profiles/members-flat
DONE profiles/members-flat 0
START profiles/members-stacks
DONE profiles/members-stacks 0
START profiles/members-stat
DONE profiles/members-stat 0
START profiles/owners-trace
DONE profiles/owners-trace 0
START profiles/owners-record
DONE profiles/owners-record 0
START profiles/owners-flat
DONE profiles/owners-flat 0
START profiles/owners-stacks
DONE profiles/owners-stacks 0
START profiles/owners-stat
DONE profiles/owners-stat 0
START profiles/methods-trace
DONE profiles/methods-trace 0
START profiles/methods-record
DONE profiles/methods-record 0
START profiles/methods-flat
DONE profiles/methods-flat 0
START profiles/methods-stacks
DONE profiles/methods-stacks 0
START profiles/methods-stat
DONE profiles/methods-stat 0
START profiles/floats-trace
DONE profiles/floats-trace 0
START profiles/floats-record
DONE profiles/floats-record 0
START profiles/floats-flat
DONE profiles/floats-flat 0
START profiles/floats-stacks
DONE profiles/floats-stacks 0
START profiles/floats-stat
DONE profiles/floats-stat 0
