Completed pair 1/5
Completed pair 2/5
Completed pair 3/5
Completed pair 4/5
Completed pair 5/5
direct_call: 0.034052 -> 0.033858 us; 1.006x
branch_call: 0.031671 -> 0.031731 us; 0.998x
float_call: 0.020414 -> 0.020834 us; 0.980x
numeric_loop: 0.022952 -> 0.022951 us; 1.000x
vector: 0.377719 -> 0.378406 us; 0.998x
dynamic_member: 1.438338 -> 1.075844 us; 1.337x
dynamic_key_get_set: 0.183613 -> 0.183719 us; 0.999x
object_member_write_fallback: 0.476231 -> 0.476662 us; 0.999x
array_append: 0.130125 -> 0.127694 us; 1.019x
array_write: 0.036669 -> 0.037025 us; 0.990x
array_read: 0.007109 -> 0.007076 us; 1.005x
array_float: 0.006828 -> 0.006792 us; 1.005x
math_intrinsic: 0.201800 -> 0.206750 us; 0.976x
math_variable: 0.217856 -> 0.219331 us; 0.993x
matrix: 0.311881 -> 0.313219 us; 0.996x
