Round 1/5: retained; 10 checksums match
Round 1/5: precise; 10 checksums match
Round 1/5: node; 10 checksums match
Round 2/5: precise; 10 checksums match
Round 2/5: node; 10 checksums match
Round 2/5: retained; 10 checksums match
Round 3/5: node; 10 checksums match
Round 3/5: retained; 10 checksums match
Round 3/5: precise; 10 checksums match
Round 4/5: retained; 10 checksums match
Round 4/5: precise; 10 checksums match
Round 4/5: node; 10 checksums match
Round 5/5: precise; 10 checksums match
Round 5/5: node; 10 checksums match
Round 5/5: retained; 10 checksums match
table_owners_1: retained 727.11 ns, precise 753.09 ns, node 8.88 ns
table_owners_2: retained 751.67 ns, precise 752.24 ns, node 8.84 ns
table_owners_5: retained 757.13 ns, precise 751.97 ns, node 8.41 ns
table_owners_19: retained 767.70 ns, precise 752.25 ns, node 8.42 ns
table_owners_257: retained 775.13 ns, precise 751.95 ns, node 8.91 ns
class_owners_1: retained 827.38 ns, precise 783.37 ns, node 8.45 ns
class_owners_2: retained 879.19 ns, precise 782.31 ns, node 8.39 ns
class_owners_5: retained 867.18 ns, precise 781.92 ns, node 8.27 ns
class_owners_19: retained 858.03 ns, precise 782.21 ns, node 8.24 ns
class_owners_257: retained 875.28 ns, precise 781.95 ns, node 8.53 ns
