Breakpoint 1 at 0xcb480: file /home/sam/Programming/sqgi/Squirrel3/squirrel/jit/sqjit_backend_aarch64_compile_proto.inc, line 4648.
[Thread debugging using libthread_db enabled]
Using host libthread_db library "/lib/aarch64-linux-gnu/libthread_db.so.1".
NAME 'main'
NAME 'main'
NAME 'owners'
NAME 'recycle'
BC 0 op 1 5 0 0 0
BC 1 op 2 6 0 0 0
BC 2 op 29 3 32 6 3
BC 3 op 9 7 1 1 0
BC 4 op 1 8 1 0 0
BC 5 op 21 9 4 6 0
BC 6 op 14 9 2 9 0
BC 7 op 13 255 1 8 9
BC 8 op 9 8 1 1 0
BC 9 op 2 9 0 0 0
BC 10 op 2 10 0 0 0
BC 11 op 14 10 7 10 0
BC 12 op 17 10 6 10 0
BC 13 op 2 11 997 0 0
BC 14 op 21 10 11 10 0
BC 15 op 13 255 8 9 10
BC 16 op 1 8 2 0 0
BC 17 op 13 255 1 8 6
BC 18 op 4 8 3 9 3
BC 19 op 14 9 1 9 0
BC 20 op 1 10 4 0 0
BC 21 op 17 9 10 9 0
BC 22 op 13 255 1 8 9
BC 23 op 9 8 1 1 0
BC 24 op 2 9 0 0 0
BC 25 op 14 8 8 9 0
BC 26 op 9 9 2 1 0
BC 27 op 2 10 17 0 0
BC 28 op 21 9 10 9 0
BC 29 op 17 8 9 8 0
BC 30 op 9 9 3 1 0
BC 31 op 17 8 9 8 0
BC 32 op 17 5 8 5 0
BC 33 op 39 7 6 0 1
BC 34 op 28 0 -33 0 0
BC 35 op 23 1 5 6 0
BENCH	table_owners_1	103	1.640776699	44181.75
BENCH	table_owners_2	103	1.631067961	44453.75
BENCH	table_owners_5	103	1.689320388	46673.75
BENCH	table_owners_19	103	1.766990291	54686.75
BENCH	table_owners_257	103	3.300970874	126195.75
BENCH	class_owners_1	103	1.941747573	44181.75
BENCH	class_owners_2	103	1.844660194	44453.75
BENCH	class_owners_5	103	1.912621359	46673.75
BENCH	class_owners_19	103	1.980582524	54686.75
BENCH	class_owners_257	103	3.815533981	126195.75
[Inferior 1 (process 470864) exited normally]
