[sqjit] hot proto 'main' reached JIT threshold
[sqjit] reject proto 'main' ip -1: unsupported function shape or instruction limit
[sqjit] proto 'main' is not native eligible
[sqjit] hot proto 'main' reached JIT threshold
[sqjit] reject proto 'main' ip -1: unsupported function shape or instruction limit
[sqjit] proto 'main' is not native eligible
[sqjit] hot proto 'owners' reached JIT threshold
[sqjit:a64] direct closure miss proto 'owners' ip 34 callee 'recycle'
[sqjit:a64]   callee ip 0 op 1 args=5,0,0,0
[sqjit:a64]   callee ip 1 op 2 args=6,0,0,0
[sqjit:a64]   callee ip 2 op 29 args=3,32,6,3
[sqjit:a64]   callee ip 3 op 9 args=7,1,1,0
[sqjit:a64]   callee ip 4 op 1 args=8,1,0,0
[sqjit:a64]   callee ip 5 op 21 args=9,4,6,0
[sqjit:a64]   callee ip 6 op 14 args=9,2,9,0
[sqjit:a64]   callee ip 7 op 13 args=255,1,8,9
[sqjit] reject proto 'owners' ip 34: deferred CALL direct closure
[sqjit] proto 'owners' is not native eligible
[sqjit] hot loop in proto 'owners' reached JIT threshold at ip 2
[sqjit] reject proto 'owners' ip 3: unsupported loop array append PREPCALLK
[sqjit] loop in proto 'owners' at ip 2 is not native eligible
[sqjit] hot proto 'recycle' reached JIT threshold
[sqjit] compiled native proto 'recycle'
[sqjit] precise side-exit entry 'recycle'
[sqjit] executed native proto 'recycle'
[sqjit] hot loop in proto 'main' reached JIT threshold at ip 86
[sqjit] reject proto 'main' ip 92: unsupported loop branch shape
[sqjit] loop in proto 'main' at ip 86 is not native eligible
[sqjit] hot proto 'owners' reached JIT threshold
[sqjit:a64] direct closure miss proto 'owners' ip 34 callee 'recycle'
[sqjit:a64]   callee ip 0 op 1 args=5,0,0,0
[sqjit:a64]   callee ip 1 op 2 args=6,0,0,0
[sqjit:a64]   callee ip 2 op 29 args=3,32,6,3
[sqjit:a64]   callee ip 3 op 9 args=7,1,1,0
[sqjit:a64]   callee ip 4 op 1 args=8,1,0,0
[sqjit:a64]   callee ip 5 op 21 args=9,4,6,0
[sqjit:a64]   callee ip 6 op 14 args=9,2,9,0
[sqjit:a64]   callee ip 7 op 13 args=255,1,8,9
[sqjit] reject proto 'owners' ip 34: unsupported CALL direct closure
[sqjit] proto 'owners' is not native eligible
BENCH	table_owners_1	2003	0.766849725	1481531.25
BENCH	table_owners_2	2003	0.743884174	1483565.25
BENCH	table_owners_5	2003	0.744882676	1477677.25
BENCH	table_owners_19	2003	0.747378932	1486290.25
BENCH	table_owners_257	2003	0.777833250	1625513.25
BENCH	class_owners_1	2003	0.776335497	1481531.25
BENCH	class_owners_2	2003	0.771842237	1483565.25
BENCH	class_owners_5	2003	0.772840739	1477677.25
BENCH	class_owners_19	2003	0.776335497	1486290.25
BENCH	class_owners_257	2003	0.804792811	1625513.25
