Round 1/5: sqgi; all 8 checksums match
Round 1/5: sqgi_baseline; all 8 checksums match
Round 1/5: node; all 8 checksums match
Round 1/5: gjs; all 8 checksums match
Round 1/5: python; all 8 checksums match
Round 2/5: sqgi_baseline; all 8 checksums match
Round 2/5: node; all 8 checksums match
Round 2/5: gjs; all 8 checksums match
Round 2/5: python; all 8 checksums match
Round 2/5: sqgi; all 8 checksums match
Round 3/5: node; all 8 checksums match
Round 3/5: gjs; all 8 checksums match
Round 3/5: python; all 8 checksums match
Round 3/5: sqgi; all 8 checksums match
Round 3/5: sqgi_baseline; all 8 checksums match
Round 4/5: gjs; all 8 checksums match
Round 4/5: python; all 8 checksums match
Round 4/5: sqgi; all 8 checksums match
Round 4/5: sqgi_baseline; all 8 checksums match
Round 4/5: node; all 8 checksums match
Round 5/5: python; all 8 checksums match
Round 5/5: sqgi; all 8 checksums match
Round 5/5: sqgi_baseline; all 8 checksums match
Round 5/5: node; all 8 checksums match
Round 5/5: gjs; all 8 checksums match
Microseconds per iteration; lower is faster
kernel	sqgi	sqgi_baseline	node	gjs	python
route_balanced	0.053725000	0.052145000	0.005976165	0.006385000	0.260943255
route_skewed	0.052255000	0.051480000	0.005760335	0.006670000	0.258835990
pricing_events	0.057870000	0.057705000	0.011112345	0.017310000	0.432063175
filter_stream	0.055950000	0.054975000	0.005060345	0.009430000	0.240035425
records_64	0.134205000	0.133280000	0.015617075	0.038470000	0.564256345
records_4096	0.234700000	0.236325000	0.020740130	0.043740000	0.617830390
word_count	0.267150000	0.266190000	0.074181470	0.123695000	0.360839160
graph_walk	0.012300000	0.012405000	0.004781810	0.008545000	0.128621755
