Round 1/5: sqgi; all 8 checksums match
Round 1/5: sqgi_baseline; all 8 checksums match
Round 1/5: node; all 8 checksums match
Round 1/5: gjs; all 8 checksums match
Round 1/5: python; all 8 checksums match
Round 2/5: sqgi_baseline; all 8 checksums match
Round 2/5: node; all 8 checksums match
Round 2/5: gjs; all 8 checksums match
Round 2/5: python; all 8 checksums match
Round 2/5: sqgi; all 8 checksums match
Round 3/5: node; all 8 checksums match
Round 3/5: gjs; all 8 checksums match
Round 3/5: python; all 8 checksums match
Round 3/5: sqgi; all 8 checksums match
Round 3/5: sqgi_baseline; all 8 checksums match
Round 4/5: gjs; all 8 checksums match
Round 4/5: python; all 8 checksums match
Round 4/5: sqgi; all 8 checksums match
Round 4/5: sqgi_baseline; all 8 checksums match
Round 4/5: node; all 8 checksums match
Round 5/5: python; all 8 checksums match
Round 5/5: sqgi; all 8 checksums match
Round 5/5: sqgi_baseline; all 8 checksums match
Round 5/5: node; all 8 checksums match
Round 5/5: gjs; all 8 checksums match
Microseconds per iteration; lower is faster
kernel	sqgi	sqgi_baseline	node	gjs	python
route_balanced	0.053567098	0.052022110	0.005984145	0.006407452	0.260859216
route_skewed	0.052492106	0.051409614	0.005738419	0.006657450	0.258840919
pricing_events	0.058104564	0.057349570	0.011071472	0.017297370	0.430584391
filter_stream	0.056419577	0.055129587	0.005010747	0.008499936	0.240234366
records_64	0.130191524	0.137726467	0.015396754	0.038482211	0.570744474
records_4096	0.223465824	0.228455787	0.019750517	0.042712180	0.640824646
word_count	0.267527994	0.266248003	0.074630070	0.123124077	0.365206261
graph_walk	0.012342407	0.012382407	0.004767189	0.007007447	0.128759334
