Round 1/5: audit; 7 checksums match
Round 1/5: v23; 7 checksums match
Round 1/5: v25; 7 checksums match
Round 1/5: v25_repeat; 7 checksums match
Round 1/5: node; 7 checksums match
Round 2/5: v23; 7 checksums match
Round 2/5: v25; 7 checksums match
Round 2/5: v25_repeat; 7 checksums match
Round 2/5: node; 7 checksums match
Round 2/5: audit; 7 checksums match
Round 3/5: v25; 7 checksums match
Round 3/5: v25_repeat; 7 checksums match
Round 3/5: node; 7 checksums match
Round 3/5: audit; 7 checksums match
Round 3/5: v23; 7 checksums match
Round 4/5: v25_repeat; 7 checksums match
Round 4/5: node; 7 checksums match
Round 4/5: audit; 7 checksums match
Round 4/5: v23; 7 checksums match
Round 4/5: v25; 7 checksums match
Round 5/5: node; 7 checksums match
Round 5/5: audit; 7 checksums match
Round 5/5: v23; 7 checksums match
Round 5/5: v25; 7 checksums match
Round 5/5: v25_repeat; 7 checksums match
filter: audit 23.45 ns, v23 13.41 ns, v25 13.46 ns, v25_repeat 13.47 ns, node 2.45 ns
channels_4: audit 78.00 ns, v23 35.06 ns, v25 35.00 ns, v25_repeat 35.05 ns, node 5.45 ns
pressure_8: audit 152.89 ns, v23 93.71 ns, v25 93.56 ns, v25_repeat 93.65 ns, node 10.32 ns
integration: audit 37.12 ns, v23 22.54 ns, v25 22.52 ns, v25_repeat 22.56 ns, node 7.52 ns
retained_input: audit 44.95 ns, v23 24.33 ns, v25 24.40 ns, v25_repeat 24.36 ns, node 4.25 ns
branching: audit 31.42 ns, v23 18.03 ns, v25 17.92 ns, v25_repeat 17.96 ns, node 6.47 ns
helper_control: audit 54.43 ns, v23 19.35 ns, v25 19.33 ns, v25_repeat 19.32 ns, node 3.67 ns
