Round 1/5: audit; 7 checksums match
Round 1/5: v23; 7 checksums match
Round 1/5: v25; 7 checksums match
Round 1/5: v25_repeat; 7 checksums match
Round 1/5: node; 7 checksums match
Round 2/5: v23; 7 checksums match
Round 2/5: v25; 7 checksums match
Round 2/5: v25_repeat; 7 checksums match
Round 2/5: node; 7 checksums match
Round 2/5: audit; 7 checksums match
Round 3/5: v25; 7 checksums match
Round 3/5: v25_repeat; 7 checksums match
Round 3/5: node; 7 checksums match
Round 3/5: audit; 7 checksums match
Round 3/5: v23; 7 checksums match
Round 4/5: v25_repeat; 7 checksums match
Round 4/5: node; 7 checksums match
Round 4/5: audit; 7 checksums match
Round 4/5: v23; 7 checksums match
Round 4/5: v25; 7 checksums match
Round 5/5: node; 7 checksums match
Round 5/5: audit; 7 checksums match
Round 5/5: v23; 7 checksums match
Round 5/5: v25; 7 checksums match
Round 5/5: v25_repeat; 7 checksums match
filter: audit 23.45 ns, v23 13.45 ns, v25 13.53 ns, v25_repeat 13.62 ns, node 2.45 ns
channels_4: audit 78.45 ns, v23 35.07 ns, v25 35.01 ns, v25_repeat 35.05 ns, node 5.42 ns
pressure_8: audit 153.73 ns, v23 93.67 ns, v25 93.70 ns, v25_repeat 93.69 ns, node 10.33 ns
integration: audit 37.21 ns, v23 22.51 ns, v25 22.55 ns, v25_repeat 22.51 ns, node 7.85 ns
retained_input: audit 45.30 ns, v23 24.50 ns, v25 24.40 ns, v25_repeat 24.32 ns, node 4.34 ns
branching: audit 31.40 ns, v23 17.91 ns, v25 17.93 ns, v25_repeat 17.96 ns, node 6.48 ns
helper_control: audit 54.63 ns, v23 19.32 ns, v25 19.32 ns, v25_repeat 19.38 ns, node 3.63 ns
