Round 1/5: sqgi; all 15 checksums match
Round 1/5: sqgi_baseline; all 15 checksums match
Round 1/5: node; all 15 checksums match
Round 1/5: gjs; all 15 checksums match
Round 1/5: python; all 15 checksums match
Round 2/5: sqgi_baseline; all 15 checksums match
Round 2/5: node; all 15 checksums match
Round 2/5: gjs; all 15 checksums match
Round 2/5: python; all 15 checksums match
Round 2/5: sqgi; all 15 checksums match
Round 3/5: node; all 15 checksums match
Round 3/5: gjs; all 15 checksums match
Round 3/5: python; all 15 checksums match
Round 3/5: sqgi; all 15 checksums match
Round 3/5: sqgi_baseline; all 15 checksums match
Round 4/5: gjs; all 15 checksums match
Round 4/5: python; all 15 checksums match
Round 4/5: sqgi; all 15 checksums match
Round 4/5: sqgi_baseline; all 15 checksums match
Round 4/5: node; all 15 checksums match
Round 5/5: python; all 15 checksums match
Round 5/5: sqgi; all 15 checksums match
Round 5/5: sqgi_baseline; all 15 checksums match
Round 5/5: node; all 15 checksums match
Round 5/5: gjs; all 15 checksums match
Microseconds per iteration; lower is faster
kernel	sqgi	sqgi_baseline	node	gjs	python
direct_call	0.025632000	0.034181000	0.006747523	0.010649375	0.333686820
branch_call	0.021407000	0.032273000	0.004810063	0.007019063	0.235658196
float_call	0.012401000	0.021236000	0.002636994	0.009483750	0.133595327
numeric_loop	0.022832000	0.022781000	0.007430834	0.012723125	0.236795958
vector	0.375431000	0.380525000	0.558865687	0.509887500	5.132961231
dynamic_member	0.726594000	1.513788000	0.108662550	0.078887500	0.881801787
dynamic_key_get_set	0.182356000	0.182481000	0.062158775	0.027781250	0.416317375
object_member_write_fallback	0.471513000	0.472500000	0.012592531	0.046856250	0.681777731
array_append	0.125913000	0.125138000	0.036711206	0.018006250	0.218705037
array_write	0.036806000	0.036612000	0.004544469	0.006043750	0.185471906
array_read	0.007044000	0.007531000	0.002626148	0.003509687	0.082872014
array_float	0.006773000	0.007123000	0.002189201	0.003063750	0.073300831
math_intrinsic	0.111319000	0.201419000	0.041111669	0.009850000	0.565874669
math_variable	0.226387000	0.217019000	0.153837444	0.106781250	0.507119231
matrix	0.308881000	0.313194000	0.022702288	0.066050000	1.135697744
