Round 1/5: v23; 6 checksums match
Round 1/5: v25; 6 checksums match
Round 1/5: node; 6 checksums match
Round 2/5: v25; 6 checksums match
Round 2/5: node; 6 checksums match
Round 2/5: v23; 6 checksums match
Round 3/5: node; 6 checksums match
Round 3/5: v23; 6 checksums match
Round 3/5: v25; 6 checksums match
Round 4/5: v23; 6 checksums match
Round 4/5: v25; 6 checksums match
Round 4/5: node; 6 checksums match
Round 5/5: v25; 6 checksums match
Round 5/5: node; 6 checksums match
Round 5/5: v23; 6 checksums match
table_events_97: v23 414.48 ns, v25 414.94 ns, node 75.09 ns
class_events_97: v23 410.60 ns, v25 411.15 ns, node 74.29 ns
buffers_7: v23 431.44 ns, v25 372.90 ns, node 12.39 ns
buffers_31: v23 432.40 ns, v25 372.88 ns, node 12.33 ns
calibrate_17: v23 83.08 ns, v25 84.05 ns, node 8.70 ns
calibrate_67: v23 84.00 ns, v25 84.83 ns, node 8.30 ns
