Round 1/5: v23; 6 checksums match
Round 1/5: v25; 6 checksums match
Round 1/5: node; 6 checksums match
Round 2/5: v25; 6 checksums match
Round 2/5: node; 6 checksums match
Round 2/5: v23; 6 checksums match
Round 3/5: node; 6 checksums match
Round 3/5: v23; 6 checksums match
Round 3/5: v25; 6 checksums match
Round 4/5: v23; 6 checksums match
Round 4/5: v25; 6 checksums match
Round 4/5: node; 6 checksums match
Round 5/5: v25; 6 checksums match
Round 5/5: node; 6 checksums match
Round 5/5: v23; 6 checksums match
table_events_97: v23 415.90 ns, v25 413.47 ns, node 75.00 ns
class_events_97: v23 411.91 ns, v25 410.25 ns, node 74.17 ns
buffers_7: v23 431.89 ns, v25 369.73 ns, node 12.38 ns
buffers_31: v23 432.04 ns, v25 369.72 ns, node 12.33 ns
calibrate_17: v23 83.32 ns, v25 83.92 ns, node 8.65 ns
calibrate_67: v23 83.85 ns, v25 84.65 ns, node 8.32 ns
