Round 1/5: v23; 6 checksums match
Round 1/5: v25; 6 checksums match
Round 1/5: node; 6 checksums match
Round 2/5: v25; 6 checksums match
Round 2/5: node; 6 checksums match
Round 2/5: v23; 6 checksums match
Round 3/5: node; 6 checksums match
Round 3/5: v23; 6 checksums match
Round 3/5: v25; 6 checksums match
Round 4/5: v23; 6 checksums match
Round 4/5: v25; 6 checksums match
Round 4/5: node; 6 checksums match
Round 5/5: v25; 6 checksums match
Round 5/5: node; 6 checksums match
Round 5/5: v23; 6 checksums match
transfer_table: v23 429.16 ns, v25 430.42 ns, node 17.81 ns
transfer_class: v23 440.13 ns, v25 441.18 ns, node 17.61 ns
transfer_mixed: v23 442.44 ns, v25 441.69 ns, node 29.11 ns
publish_table: v23 387.92 ns, v25 387.33 ns, node 13.40 ns
publish_class: v23 395.26 ns, v25 395.27 ns, node 13.53 ns
publish_mixed: v23 397.84 ns, v25 398.20 ns, node 20.87 ns
