Round 1/5: v23; 6 checksums match
Round 1/5: v25; 6 checksums match
Round 1/5: node; 6 checksums match
Round 2/5: v25; 6 checksums match
Round 2/5: node; 6 checksums match
Round 2/5: v23; 6 checksums match
Round 3/5: node; 6 checksums match
Round 3/5: v23; 6 checksums match
Round 3/5: v25; 6 checksums match
Round 4/5: v23; 6 checksums match
Round 4/5: v25; 6 checksums match
Round 4/5: node; 6 checksums match
Round 5/5: v25; 6 checksums match
Round 5/5: node; 6 checksums match
Round 5/5: v23; 6 checksums match
transfer_table: v23 429.87 ns, v25 429.26 ns, node 17.95 ns
transfer_class: v23 440.65 ns, v25 438.50 ns, node 18.10 ns
transfer_mixed: v23 441.51 ns, v25 440.43 ns, node 29.11 ns
publish_table: v23 387.76 ns, v25 386.89 ns, node 13.34 ns
publish_class: v23 396.44 ns, v25 395.01 ns, node 13.59 ns
publish_mixed: v23 399.14 ns, v25 398.04 ns, node 20.87 ns
