Round 1/5: sqgi; all 4 checksums match
Round 1/5: sqgi_baseline; all 4 checksums match
Round 1/5: node; all 4 checksums match
Round 1/5: gjs; all 4 checksums match
Round 1/5: python; all 4 checksums match
Round 2/5: sqgi_baseline; all 4 checksums match
Round 2/5: node; all 4 checksums match
Round 2/5: gjs; all 4 checksums match
Round 2/5: python; all 4 checksums match
Round 2/5: sqgi; all 4 checksums match
Round 3/5: node; all 4 checksums match
Round 3/5: gjs; all 4 checksums match
Round 3/5: python; all 4 checksums match
Round 3/5: sqgi; all 4 checksums match
Round 3/5: sqgi_baseline; all 4 checksums match
Round 4/5: gjs; all 4 checksums match
Round 4/5: python; all 4 checksums match
Round 4/5: sqgi; all 4 checksums match
Round 4/5: sqgi_baseline; all 4 checksums match
Round 4/5: node; all 4 checksums match
Round 5/5: python; all 4 checksums match
Round 5/5: sqgi; all 4 checksums match
Round 5/5: sqgi_baseline; all 4 checksums match
Round 5/5: node; all 4 checksums match
Round 5/5: gjs; all 4 checksums match
Microseconds per iteration; lower is faster
kernel	sqgi	sqgi_baseline	node	gjs	python
receiver_integer	0.054405000	0.058320000	0.004490160	0.005990000	0.229680805
root_integer	0.063440000	0.332725000	0.006632435	0.018555000	0.248558745
root_reference	0.086360000	0.097915000	0.007195345	0.015885000	0.197953620
root_integer_result	0.065370000	0.065410000	0.005753065	0.005980000	0.272240385
