BENCH	route_balanced	200000	0.052475000	300346
BENCH	route_skewed	200000	0.051460000	122121
BENCH	pricing_events	200000	0.056585000	636940
BENCH	filter_stream	200000	0.055155000	10704.521037291815
BENCH	records_64	200000	0.135970000	599323
BENCH	records_4096	200000	0.274950000	385702
BENCH	word_count	200000	0.266890000	116910
BENCH	graph_walk	200000	0.012335000	386354
BENCH	route_balanced	200000	0.052725000	300346
BENCH	route_skewed	200000	0.052085000	122121
BENCH	pricing_events	200000	0.057230000	636940
BENCH	filter_stream	200000	0.056145000	10704.521037291815
BENCH	records_64	200000	0.134650000	599323
BENCH	records_4096	200000	0.246895000	385702
BENCH	word_count	200000	0.267240000	116910
BENCH	graph_walk	200000	0.012640000	386354
BENCH	route_balanced	200000	0.053560000	300346
BENCH	route_skewed	200000	0.051205000	122121
BENCH	pricing_events	200000	0.056740000	636940
BENCH	filter_stream	200000	0.055470000	10704.521037291815
BENCH	records_64	200000	0.131550000	599323
BENCH	records_4096	200000	0.253290000	385702
BENCH	word_count	200000	0.266770000	116910
BENCH	graph_walk	200000	0.012400000	386354
1077.33;msec;task-clock:u;1.69%;1077325279;100.00;0.963;CPUs utilized
2396102904;;cycles:u;1.53%;1077454214;100.00;2.153;GHz
5952898758;;instructions:u;0.02%;1077454214;100.00;2.41;insn per cycle
5273251;;branch-misses:u;1.85%;1077454214;100.00;;
2218113843;;cache-references:u;0.11%;1077454214;100.00;1.993;G/sec
18918321;;cache-misses:u;1.22%;1077454214;100.00;0.851;of all cache refs
3864;;page-faults:u;0.02%;1077325279;100.00;3.472;K/sec
0;;context-switches:u;0.00%;1077325279;100.00;0.000;/sec
