# To display the perf.data header info, please use --header/--header-only options.
#
#
# Total Lost Samples: 0
#
# Samples: 590  of event 'cycles:u'
# Event count (approx.): 2500622150
#
# Children      Self  Command  Shared Object                 Symbol                                                                                                                                                         
# ........  ........  .......  ............................  ...............................................................................................................................................................
#
    30.19%     0.00%  sqgi     libc.so.6                     [.] __libc_start_call_main
            |
            ---__libc_start_call_main
               __libc_start_call_main
               main
               |          
                --30.12%--sq_call
                          SQVM::Execute
                          |          
                          |--6.17%--SQVM::Get
                          |          |          
                          |           --4.35%--SQTable::Get
                          |                     |          
                          |                      --2.18%--SQTable::_Get (inlined)
                          |          
                           --5.63%--SQVM::DerefInc
                                     |          
                                      --2.54%--SQVM::Set

    30.19%     0.00%  sqgi     sqgi                          [.] main
            |
            ---main
               |          
                --30.12%--sq_call
                          SQVM::Execute
                          |          
                          |--6.17%--SQVM::Get
                          |          |          
                          |           --4.35%--SQTable::Get
                          |                     |          
                          |                      --2.18%--SQTable::_Get (inlined)
                          |          
                           --5.63%--SQVM::DerefInc
                                     |          
                                      --2.54%--SQVM::Set

    30.12%    15.06%  sqgi     sqgi                          [.] SQVM::Execute
            |          
            |--15.06%--SQVM::Execute
            |          |          
            |          |--6.17%--SQVM::Get
            |          |          |          
            |          |           --4.35%--SQTable::Get
            |          |                     |          
            |          |                      --2.18%--SQTable::_Get (inlined)
            |          |          
            |           --5.63%--SQVM::DerefInc
            |                     |          
            |                      --2.54%--SQVM::Set
            |          
             --15.06%--__libc_start_call_main
                       __libc_start_call_main
                       main
                       sq_call
                       SQVM::Execute

    30.12%     0.00%  sqgi     sqgi                          [.] sq_call
            |
            ---sq_call
               SQVM::Execute
               |          
               |--6.17%--SQVM::Get
               |          |          
               |           --4.35%--SQTable::Get
               |                     |          
               |                      --2.18%--SQTable::_Get (inlined)
               |          
                --5.63%--SQVM::DerefInc
                          |          
                           --2.54%--SQVM::Set

    23.12%     4.46%  sqgi     sqgi                          [.] sqjit_a64_helper_member_set_integer_logged
            |          
            |--18.66%--sqjit_a64_helper_member_set_integer_logged
            |          |          
            |           --18.13%--sqjit_a64_helper_member_set_integer_logged
            |                     SQJitWriteLog::RecordMember
            |                     |          
            |                     |--14.58%--SQJitWriteLog::ContainsMember<false> (inlined)
            |                     |          |          
            |                     |           --6.43%--SQJitWriteLog::ContainsMember<false>(SQObjectPtr const&, SQObjectPtr const&, SQObjectPtr const&) const::{lambda(SQJitWriteLog::Entry const&)#1}::operator() (inlined)
            |                     |          
            |                      --2.13%--SQJitWriteLog::CanRelease
            |          
             --3.03%--0xffffb20564d3
                       0xffffb20564d3
                       sqjit_a64_helper_member_set_integer_logged
                       |          
                        --2.31%--sqjit_a64_member_store_slot (inlined)

    19.16%     0.00%  sqgi     [JIT] tid 514271              [.] 0x0000ffffb20564d3
            |
            ---0xffffb20564d3
               |          
                --13.12%--0xffffb20564d3
                          sqjit_a64_helper_member_set_integer_logged
                          |          
                          |--9.57%--sqjit_a64_helper_member_set_integer_logged
                          |          SQJitWriteLog::RecordMember
                          |          |          
                          |           --7.97%--SQJitWriteLog::ContainsMember<false> (inlined)
                          |                     |          
                          |                      --3.21%--SQJitWriteLog::ContainsMember<false>(SQObjectPtr const&, SQObjectPtr const&, SQObjectPtr const&) const::{lambda(SQJitWriteLog::Entry const&)#1}::operator() (inlined)
                          |          
                           --2.31%--sqjit_a64_member_store_slot (inlined)

    18.13%    15.28%  sqgi     sqgi                          [.] SQJitWriteLog::RecordMember
            |          
            |--8.16%--0xffffb20564d3
            |          0xffffb20564d3
            |          sqjit_a64_helper_member_set_integer_logged
            |          sqjit_a64_helper_member_set_integer_logged
            |          SQJitWriteLog::RecordMember
            |          |          
            |           --7.79%--SQJitWriteLog::ContainsMember<false> (inlined)
            |                     |          
            |                      --3.21%--SQJitWriteLog::ContainsMember<false>(SQObjectPtr const&, SQObjectPtr const&, SQObjectPtr const&) const::{lambda(SQJitWriteLog::Entry const&)#1}::operator() (inlined)
            |          
            |--7.13%--0xffffb20563c3
            |          0xffffb20563c3
            |          sqjit_a64_helper_member_set_integer_logged
            |          sqjit_a64_helper_member_set_integer_logged
            |          SQJitWriteLog::RecordMember
            |          |          
            |           --6.43%--SQJitWriteLog::ContainsMember<false> (inlined)
            |                     |          
            |                      --3.22%--SQJitWriteLog::ContainsMember<false>(SQObjectPtr const&, SQObjectPtr const&, SQObjectPtr const&) const::{lambda(SQJitWriteLog::Entry const&)#1}::operator() (inlined)
            |          
             --2.85%--SQJitWriteLog::RecordMember
                       |          
                        --2.13%--SQJitWriteLog::CanRelease

    14.58%     0.00%  sqgi     sqgi                          [.] SQJitWriteLog::ContainsMember<false> (inlined)
            |
            ---SQJitWriteLog::ContainsMember<false> (inlined)
               |          
                --6.43%--SQJitWriteLog::ContainsMember<false>(SQObjectPtr const&, SQObjectPtr const&, SQObjectPtr const&) const::{lambda(SQJitWriteLog::Entry const&)#1}::operator() (inlined)

    12.86%     0.00%  sqgi     [JIT] tid 514271              [.] 0x0000ffffb20561b3
            |
            ---0xffffb20561b3
               |          
               |--4.23%--0xffffb20561b3
               |          sqjit_a64_helper_array_get_object
               |          |          
               |           --2.79%--SQObjectPtr::operator= (inlined)
               |          
                --2.96%--0xffffb2056214

    11.40%     0.00%  sqgi     [JIT] tid 514271              [.] 0x0000ffffb205918b
            |
            ---0xffffb205918b
               |          
                --4.29%--0xffffb205918b
                          sqjit_a64_helper_member_closure_guard

    11.26%     0.00%  sqgi     [JIT] tid 514271              [.] 0x0000ffffb20563c3
            |
            ---0xffffb20563c3
               |          
                --10.00%--0xffffb20563c3
                          sqjit_a64_helper_member_set_integer_logged
                          |          
                           --8.74%--sqjit_a64_helper_member_set_integer_logged
                                     |          
                                      --8.56%--SQJitWriteLog::RecordMember
                                                |          
                                                 --6.61%--SQJitWriteLog::ContainsMember<false> (inlined)
                                                           |          
                                                            --3.22%--SQJitWriteLog::ContainsMember<false>(SQObjectPtr const&, SQObjectPtr const&, SQObjectPtr const&) const::{lambda(SQJitWriteLog::Entry const&)#1}::operator() (inlined)

     8.82%     1.27%  sqgi     sqgi                          [.] sqjit_a64_helper_member_closure_guard
            |          
             --7.55%--sqjit_a64_helper_member_closure_guard
                       |          
                       |--4.83%--sqjit_a64_helper_member_closure_guard
                       |          sqjit_a64_root_fallback_safe
                       |          |          
                       |           --3.56%--SQTable::GetRawSlot (inlined)
                       |                     |          
                       |                      --2.66%--SQTable::_Get (inlined)
                       |          
                        --2.72%--sqjit_a64_borrow_member_value_with_root (inlined)
                                  |          
                                   --2.36%--sqjit_a64_helper_member_closure_guard
                                             sqjit_a64_borrow_member_ptr_value
                                             SQTable::GetRawSlot (inlined)

     7.44%     0.73%  sqgi     sqgi                          [.] SQVM::Get
            |          
             --6.71%--SQVM::Get
                       |          
                        --5.26%--SQTable::Get
                                  |          
                                   --2.73%--SQTable::_Get (inlined)

     6.43%     0.00%  sqgi     sqgi                          [.] SQJitWriteLog::ContainsMember<false>(SQObjectPtr const&, SQObjectPtr const&, SQObjectPtr const&) const::{lambda(SQJitWriteLog::Entry const&)#1}::operator() (inlined)
            |
            ---SQJitWriteLog::ContainsMember<false>(SQObjectPtr const&, SQObjectPtr const&, SQObjectPtr const&) const::{lambda(SQJitWriteLog::Entry const&)#1}::operator() (inlined)

     6.35%     0.00%  sqgi     [JIT] tid 514271              [.] 0x0000ffffb2058213
            |
            ---0xffffb2058213
               |          
                --2.54%--0xffffb2058213
                          sqjit_a64_helper_member_closure_guard

     6.17%     0.00%  sqgi     [JIT] tid 514271              [.] 0x0000ffffb20571af
            |
            ---0xffffb20571af

     5.63%     1.27%  sqgi     sqgi                          [.] SQVM::DerefInc
            |          
             --4.36%--SQVM::DerefInc
                       |          
                        --2.54%--SQVM::Set

     5.26%     5.08%  sqgi     sqgi                          [.] SQTable::Get
            |          
             --5.08%--__libc_start_call_main
                       __libc_start_call_main
                       main
                       sq_call
                       SQVM::Execute
                       |          
                        --4.35%--SQVM::Get
                                  SQTable::Get
                                  |          
                                   --2.18%--SQTable::_Get (inlined)

     4.83%     4.83%  sqgi     sqgi                          [.] sqjit_a64_root_fallback_safe
     4.23%     4.23%  sqgi     sqgi                          [.] sqjit_a64_helper_array_get_object
            |
            ---0xffffb20561b3
               0xffffb20561b3
               sqjit_a64_helper_array_get_object
               |          
                --2.79%--SQObjectPtr::operator= (inlined)

     3.56%     0.00%  sqgi     sqgi                          [.] SQTable::GetRawSlot (inlined)
            |
            ---SQTable::GetRawSlot (inlined)
               |          
                --2.66%--SQTable::_Get (inlined)

     3.16%     0.00%  sqgi     sqgi                          [.] SQObjectPtr::operator= (inlined)
            |
            ---SQObjectPtr::operator= (inlined)

     3.09%     0.00%  sqgi     sqgi                          [.] sqjit_a64_borrow_member_value_with_root (inlined)
            |
            ---sqjit_a64_borrow_member_value_with_root (inlined)
               |          
                --2.36%--sqjit_a64_helper_member_closure_guard
                          sqjit_a64_borrow_member_ptr_value
                          SQTable::GetRawSlot (inlined)

     3.02%     0.00%  sqgi     sqgi                          [.] sqjit_a64_member_store_slot (inlined)
            |
            ---sqjit_a64_member_store_slot (inlined)
               |          
                --2.67%--sqjit_a64_member_store_slot (inlined)
                          |          
                           --2.31%--sqjit_a64_resolve_store_slot (inlined)
                                     sq_member_raw_slot (inlined)
                                     sq_member_raw_slot (inlined)
                                     SQTable::GetRawSlot (inlined)

     2.96%     2.96%  sqgi     [JIT] tid 514271              [.] 0x0000ffffb2056214
            |
            ---0xffffb20561b3
               0xffffb2056214

     2.73%     0.00%  sqgi     sqgi                          [.] SQTable::_Get (inlined)
            |
            ---SQTable::_Get (inlined)

     2.72%     2.72%  sqgi     sqgi                          [.] sqjit_a64_borrow_member_ptr_value
     2.66%     0.00%  sqgi     sqgi                          [.] SQTable::_Get (inlined)
            |
            ---SQTable::_Get (inlined)

     2.54%     1.09%  sqgi     sqgi                          [.] SQVM::Set
     2.36%     0.00%  sqgi     sqgi                          [.] SQTable::GetRawSlot (inlined)
            |
            ---SQTable::GetRawSlot (inlined)

     2.31%     0.00%  sqgi     sqgi                          [.] sqjit_a64_resolve_store_slot (inlined)
            |
            ---sqjit_a64_resolve_store_slot (inlined)
               sq_member_raw_slot (inlined)
               sq_member_raw_slot (inlined)
               SQTable::GetRawSlot (inlined)

     2.31%     0.00%  sqgi     sqgi                          [.] sq_member_raw_slot (inlined)
            |
            ---sq_member_raw_slot (inlined)
               sq_member_raw_slot (inlined)
               SQTable::GetRawSlot (inlined)

     2.31%     0.00%  sqgi     sqgi                          [.] SQTable::GetRawSlot (inlined)
            |
            ---SQTable::GetRawSlot (inlined)

     2.13%     2.13%  sqgi     sqgi                          [.] SQJitWriteLog::CanRelease


#
# (Cannot load tips.txt file, please install perf!)
#
