# To display the perf.data header info, please use --header/--header-only options.
#
#
# Total Lost Samples: 0
#
# Samples: 321  of event 'cycles:u'
# Event count (approx.): 1364938530
#
# Children      Self  Command  Shared Object                 Symbol                                                                                                                                                                                                
# ........  ........  .......  ............................  ......................................................................................................................................................................................................
#
    21.12%     6.60%  sqgi     sqgi                          [.] sqjit_a64_helper_member_closure_guard
            |          
             --14.53%--sqjit_a64_helper_member_closure_guard
                       sqjit_a64_helper_member_closure_guard
                       sqjit_a64_borrow_member_ptr_value
                       |          
                        --11.53%--SQTable::GetRawSlot (inlined)
                                  |          
                                  |--4.21%--SQTable::_Get (inlined)
                                  |          
                                   --2.65%--HashObj (inlined)

    16.52%    16.52%  sqgi     sqgi                          [.] sqjit_a64_borrow_member_ptr_value
    12.86%     0.00%  sqgi     sqgi                          [.] SQTable::GetRawSlot (inlined)
            |
            ---SQTable::GetRawSlot (inlined)
               |          
               |--4.55%--SQTable::_Get (inlined)
               |          
                --3.65%--HashObj (inlined)

     8.65%     0.00%  sqgi     [JIT] tid 514562              [.] 0x0000ffff9fabf1d3
            |
            ---0xffff9fabf1d3

     6.98%     0.00%  sqgi     [JIT] tid 514562              [.] 0x0000ffff9fabd153
            |
            ---0xffff9fabd153

     6.33%     0.00%  sqgi     [JIT] tid 514562              [.] 0x0000ffff9fcc36d7
            |
            ---0xffff9fcc36d7
               |          
                --2.33%--0xffff9fcc36d7
                          sqjit_a64_helper_member_closure_guard

     6.32%     0.00%  sqgi     [JIT] tid 514562              [.] 0x0000ffff9fabc1ff
            |
            ---0xffff9fabc1ff

     5.99%     0.00%  sqgi     [JIT] tid 514562              [.] 0x0000ffff9fabc19f
            |
            ---0xffff9fabc19f
               |          
                --2.99%--0xffff9fabc19f
                          sqjit_a64_helper_member_native_closure_guard

     5.33%     0.00%  sqgi     [JIT] tid 514562              [.] 0x0000ffff9fcc355f
            |
            ---0xffff9fcc355f

     5.33%     0.00%  sqgi     [JIT] tid 514562              [.] 0x0000ffff9fcc3313
            |
            ---0xffff9fcc3313

     5.33%     0.00%  sqgi     [JIT] tid 514562              [.] 0x0000ffff9fcc384f
            |
            ---0xffff9fcc384f

     5.32%     0.00%  sqgi     [JIT] tid 514562              [.] 0x0000ffff9fabe1d7
            |
            ---0xffff9fabe1d7

     5.19%     0.00%  sqgi     [JIT] tid 514562              [.] 0x0000ffff9fcc5153
            |
            ---0xffff9fcc5153

     4.98%     0.00%  sqgi     [JIT] tid 514562              [.] 0x0000ffff9fabe28f
            |
            ---0xffff9fabe28f

     4.66%     0.00%  sqgi     [JIT] tid 514562              [.] 0x0000ffff9fcc422f
            |
            ---0xffff9fcc422f

     4.65%     0.00%  sqgi     [JIT] tid 514562              [.] 0x0000ffff9fcc42ef
            |
            ---0xffff9fcc42ef

     4.55%     0.00%  sqgi     sqgi                          [.] SQTable::_Get (inlined)
            |
            ---SQTable::_Get (inlined)

     4.33%     0.00%  sqgi     [JIT] tid 514562              [.] 0x0000ffff9fcc43af
            |
            ---0xffff9fcc43af

     4.32%     0.00%  sqgi     [JIT] tid 514562              [.] 0x0000ffff9fcc446f
            |
            ---0xffff9fcc446f

     3.67%     0.00%  sqgi     [JIT] tid 514562              [.] 0x0000ffff9fcc361b
            |
            ---0xffff9fcc361b

     3.66%     0.00%  sqgi     [JIT] tid 514562              [.] 0x0000ffff9fcc33e7
            |
            ---0xffff9fcc33e7

     3.65%     0.00%  sqgi     sqgi                          [.] HashObj (inlined)
            |
            ---HashObj (inlined)

     3.33%     0.00%  sqgi     [JIT] tid 514562              [.] 0x0000ffff9fcc34a3
            |
            ---0xffff9fcc34a3

     2.99%     0.99%  sqgi     sqgi                          [.] sqjit_a64_helper_member_native_closure_guard
     2.33%     0.00%  sqgi     [JIT] tid 514562              [.] 0x0000ffff9fcc3793
            |
            ---0xffff9fcc3793



#
# (Cannot load tips.txt file, please install perf!)
#
