BENCH	filter	200000	0.023475000	10.254364576940203
BENCH	channels_4	200000	0.077930000	20.621658757381574
BENCH	pressure_8	200000	0.151505000	30.900920683591639
BENCH	integration	200000	0.038620000	1562.9738403896752
BENCH	retained_input	200000	0.044455000	399985.55383443867
BENCH	branching	200000	0.030635000	1.6005902475563216
BENCH	helper_control	200000	0.054325000	3.7152600782050693
BENCH	filter	200000	0.023795000	10.254364576940203
BENCH	channels_4	200000	0.078005000	20.621658757381574
BENCH	pressure_8	200000	0.153085000	30.900920683591639
BENCH	integration	200000	0.038280000	1562.9738403896752
BENCH	retained_input	200000	0.044470000	399985.55383443867
BENCH	branching	200000	0.030560000	1.6005902475563216
BENCH	helper_control	200000	0.054360000	3.7152600782050693
BENCH	filter	200000	0.023585000	10.254364576940203
BENCH	channels_4	200000	0.078425000	20.621658757381574
BENCH	pressure_8	200000	0.150330000	30.900920683591639
BENCH	integration	200000	0.036620000	1562.9738403896752
BENCH	retained_input	200000	0.044410000	399985.55383443867
BENCH	branching	200000	0.030400000	1.6005902475563216
BENCH	helper_control	200000	0.055195000	3.7152600782050693
618.13;msec;task-clock:u;0.25%;618132456;100.00;0.987;CPUs utilized
1362960347;;cycles:u;0.03%;618188457;100.00;2.194;GHz
3897251452;;instructions:u;0.00%;618188457;100.00;2.86;insn per cycle
151013;;branch-misses:u;1.29%;618188457;100.00;;
1434060067;;cache-references:u;0.00%;618188457;100.00;2.309;G/sec
244122;;cache-misses:u;1.41%;618188457;100.00;0.017;of all cache refs
787;;page-faults:u;0.08%;618132456;100.00;1.267;K/sec
0;;context-switches:u;0.00%;618132456;100.00;0.000;/sec
