# To display the perf.data header info, please use --header/--header-only options.
#
#
# Total Lost Samples: 0
#
# Samples: 2K of event 'cycles:u'
# Event count (approx.): 11322712624
#
# Children      Self  Command  Shared Object          Symbol                                                                                                                                                                                       
# ........  ........  .......  .....................  .............................................................................................................................................................................................
#
    23.94%     0.00%  sqgi     libc.so.6              [.] __libc_start_call_main
            |
            ---__libc_start_call_main
               __libc_start_call_main
               main
               |          
                --23.90%--sq_call
                          SQVM::Execute

    23.94%     0.00%  sqgi     sqgi                   [.] main
            |
            ---main
               |          
                --23.90%--sq_call
                          SQVM::Execute

    23.90%     0.00%  sqgi     sqgi                   [.] sq_call
            |
            ---sq_call
               SQVM::Execute

    23.90%    19.30%  sqgi     sqgi                   [.] SQVM::Execute
            |          
            |--19.30%--__libc_start_call_main
            |          __libc_start_call_main
            |          main
            |          sq_call
            |          SQVM::Execute
            |          
             --4.60%--SQVM::Execute

    13.10%     0.00%  sqgi     [JIT] tid 514201       [.] 0x0000ffffb8a02153
            |
            ---0xffffb8a02153
               |          
                --2.48%--0xffffb8a02240

    12.25%     0.00%  sqgi     [JIT] tid 514201       [.] 0x0000ffffb8a01153
            |
            ---0xffffb8a01153
               |          
                --2.09%--0xffffb8a01268

     8.02%     0.00%  sqgi     [JIT] tid 514201       [.] 0x0000ffffb8a00153
            |
            ---0xffffb8a00153

     7.36%     0.00%  sqgi     [JIT] tid 514201       [.] 0x0000ffffb89ff043
            |
            ---0xffffb89ff043
               |          
                --2.33%--0xffffb89ff230

     6.10%     0.00%  sqgi     [JIT] tid 514201       [.] 0x0000ffffb89ee32b
            |
            ---0xffffb89ee32b

     4.50%     2.05%  sqgi     sqgi                   [.] sqjit_a64_helper_member_closure_guard
            |          
             --2.45%--sqjit_a64_helper_member_closure_guard
                       sqjit_a64_borrow_member_value_with_root (inlined)
                       sqjit_a64_borrow_member_ptr_value

     3.74%     3.70%  sqgi     sqgi                   [.] sqjit_a64_borrow_member_ptr_value
     3.05%     0.00%  sqgi     [JIT] tid 514201       [.] 0x0000ffffb89f110f
            |
            ---0xffffb89f110f

     2.73%     2.73%  sqgi     [JIT] tid 514201       [.] 0x0000ffffb89ff230
            |          
             --2.33%--0xffffb89ff043
                       0xffffb89ff230

     2.53%     0.00%  sqgi     sqgi                   [.] sqjit_a64_borrow_member_value_with_root (inlined)
            |
            ---sqjit_a64_borrow_member_value_with_root (inlined)
               |          
                --2.45%--sqjit_a64_borrow_member_ptr_value

     2.48%     2.48%  sqgi     [JIT] tid 514201       [.] 0x0000ffffb8a02240
            |
            ---0xffffb8a02153
               0xffffb8a02240

     2.25%     0.00%  sqgi     sqgi                   [.] SQObjectPtr::operator= (inlined)
            |
            ---SQObjectPtr::operator= (inlined)

     2.21%     0.00%  sqgi     sqgi                   [.] SQTable::GetRawSlot (inlined)
            |
            ---SQTable::GetRawSlot (inlined)

     2.09%     2.09%  sqgi     [JIT] tid 514201       [.] 0x0000ffffb8a01268
            |
            ---0xffffb8a01153
               0xffffb8a01268



#
# (Cannot load tips.txt file, please install perf!)
#
