BENCH	direct_call	3200000	0.033831	563347
BENCH	branch_call	3200000	0.031732	599062
BENCH	float_call	3200000	0.020881	8.2204724409448815
BENCH	numeric_loop	3200000	0.022918	612398470
BENCH	vector	160000	0.377900	0.12553851953971693
BENCH	dynamic_member	160000	0.812825	7261462
BENCH	dynamic_key_get_set	160000	0.183694	6566091
BENCH	object_member_write_fallback	160000	0.474694	595919
BENCH	array_append	160000	0.110706	3048687
BENCH	array_write	160000	0.036937	831988
BENCH	array_read	3200000	0.007021	8000000
BENCH	array_float	3200000	0.006780	6400000
BENCH	math_intrinsic	160000	0.201400	2418270.8295144332
BENCH	math_variable	160000	0.217231	313782.39947747899
BENCH	matrix	160000	0.310150	-0.024510798820940455
BENCH	direct_call	3200000	0.034190	563347
BENCH	branch_call	3200000	0.031607	599062
BENCH	float_call	3200000	0.020626	8.2204724409448815
BENCH	numeric_loop	3200000	0.022885	612398470
BENCH	vector	160000	0.366013	0.12553851953971693
BENCH	dynamic_member	160000	0.816538	7261462
BENCH	dynamic_key_get_set	160000	0.183337	6566091
BENCH	object_member_write_fallback	160000	0.473888	595919
BENCH	array_append	160000	0.133281	3048687
BENCH	array_write	160000	0.036856	831988
BENCH	array_read	3200000	0.007160	8000000
BENCH	array_float	3200000	0.006882	6400000
BENCH	math_intrinsic	160000	0.201569	2418270.8295144332
BENCH	math_variable	160000	0.218012	313782.39947747899
BENCH	matrix	160000	0.312487	-0.024510798820940455
BENCH	direct_call	3200000	0.034141	563347
BENCH	branch_call	3200000	0.031565	599062
BENCH	float_call	3200000	0.021092	8.2204724409448815
BENCH	numeric_loop	3200000	0.022798	612398470
BENCH	vector	160000	0.366513	0.12553851953971693
BENCH	dynamic_member	160000	0.813944	7261462
BENCH	dynamic_key_get_set	160000	0.183031	6566091
BENCH	object_member_write_fallback	160000	0.474250	595919
BENCH	array_append	160000	0.125969	3048687
BENCH	array_write	160000	0.037019	831988
BENCH	array_read	3200000	0.007238	8000000
BENCH	array_float	3200000	0.006881	6400000
BENCH	math_intrinsic	160000	0.201725	2418270.8295144332
BENCH	math_variable	160000	0.218413	313782.39947747899
BENCH	matrix	160000	0.311419	-0.024510798820940455
5017.56;msec;task-clock:u;0.04%;5017564404;100.00;0.998;CPUs utilized
11323937985;;cycles:u;0.01%;5018026125;100.00;2.256;GHz
29202589612;;instructions:u;0.00%;5018026125;100.00;2.58;insn per cycle
3003674;;branch-misses:u;4.64%;5018026125;100.00;;
11934961926;;cache-references:u;0.11%;5018026125;100.00;2.378;G/sec
1265386;;cache-misses:u;0.48%;5018026125;100.00;0.011;of all cache refs
10513;;page-faults:u;0.01%;5017564404;100.00;2.094;K/sec
0;;context-switches:u;0.00%;5017564404;100.00;0.000;/sec
