BENCH	table_events_97	200000	0.471740000	10069540
BENCH	class_events_97	200000	0.465850000	10069540
BENCH	buffers_7	200000	0.432170000	65667
BENCH	buffers_31	200000	0.432020000	651677
BENCH	calibrate_17	200000	0.083385000	1040538.515625
BENCH	calibrate_67	200000	0.083840000	1040417.796875
BENCH	table_events_97	200000	0.472310000	10069540
BENCH	class_events_97	200000	0.466335000	10069540
BENCH	buffers_7	200000	0.432445000	65667
BENCH	buffers_31	200000	0.432150000	651677
BENCH	calibrate_17	200000	0.083725000	1040538.515625
BENCH	calibrate_67	200000	0.084780000	1040417.796875
BENCH	table_events_97	200000	0.471280000	10069540
BENCH	class_events_97	200000	0.464840000	10069540
BENCH	buffers_7	200000	0.431590000	65667
BENCH	buffers_31	200000	0.432065000	651677
BENCH	calibrate_17	200000	0.083770000	1040538.515625
BENCH	calibrate_67	200000	0.084460000	1040417.796875
2782.70;msec;task-clock:u;0.06%;2782697278;100.00;0.998;CPUs utilized
6298433611;;cycles:u;0.05%;2782999460;100.00;2.265;GHz
18520711957;;instructions:u;0.00%;2782999460;100.00;2.94;insn per cycle
3372248;;branch-misses:u;0.68%;2782999460;100.00;;
7633354977;;cache-references:u;0.01%;2782999460;100.00;2.745;G/sec
5453998;;cache-misses:u;1.20%;2782999460;100.00;0.071;of all cache refs
810;;page-faults:u;0.11%;2782697278;100.00;291.237;/sec
0;;context-switches:u;0.00%;2782697278;100.00;0.000;/sec
