BENCH	transfer_table	200000	0.509175000	141925
BENCH	transfer_class	200000	0.513850000	141925
BENCH	transfer_mixed	200000	0.525945000	141925
BENCH	publish_table	200000	0.441240000	410680
BENCH	publish_class	200000	0.450350000	410680
BENCH	publish_mixed	200000	0.453375000	410680
BENCH	transfer_table	200000	0.510110000	141925
BENCH	transfer_class	200000	0.512820000	141925
BENCH	transfer_mixed	200000	0.526140000	141925
BENCH	publish_table	200000	0.439990000	410680
BENCH	publish_class	200000	0.449445000	410680
BENCH	publish_mixed	200000	0.453205000	410680
BENCH	transfer_table	200000	0.512165000	141925
BENCH	transfer_class	200000	0.516245000	141925
BENCH	transfer_mixed	200000	0.525850000	141925
BENCH	publish_table	200000	0.443920000	410680
BENCH	publish_class	200000	0.454120000	410680
BENCH	publish_mixed	200000	0.456205000	410680
4098.47;msec;task-clock:u;0.10%;4098473447;100.00;1.000;CPUs utilized
9304563719;;cycles:u;0.21%;4098799815;100.00;2.274;GHz
27205993180;;instructions:u;0.00%;4098799815;100.00;2.94;insn per cycle
2136001;;branch-misses:u;0.25%;4098799815;100.00;;
11226986280;;cache-references:u;0.00%;4098799815;100.00;2.744;G/sec
819222;;cache-misses:u;0.34%;4098799815;100.00;0.007;of all cache refs
795;;page-faults:u;0.08%;4098473447;100.00;194.298;/sec
0;;context-switches:u;0.00%;4098473447;100.00;0.000;/sec
