BENCH	table_owners_1	200000	0.309065000	5098276961
BENCH	table_owners_2	200000	0.309700000	5098477602
BENCH	table_owners_5	200000	0.309510000	5097878556
BENCH	table_owners_19	200000	0.309795000	5098684496
BENCH	table_owners_257	200000	0.310340000	5100408060
BENCH	class_owners_1	200000	0.309655000	5098276961
BENCH	class_owners_2	200000	0.310140000	5098477602
BENCH	class_owners_5	200000	0.309745000	5097878556
BENCH	class_owners_19	200000	0.309600000	5098684496
BENCH	class_owners_257	200000	0.310655000	5100408060
BENCH	table_owners_1	200000	0.309595000	5098276961
BENCH	table_owners_2	200000	0.309950000	5098477602
BENCH	table_owners_5	200000	0.309990000	5097878556
BENCH	table_owners_19	200000	0.310295000	5098684496
BENCH	table_owners_257	200000	0.310830000	5100408060
BENCH	class_owners_1	200000	0.310055000	5098276961
BENCH	class_owners_2	200000	0.310120000	5098477602
BENCH	class_owners_5	200000	0.309950000	5097878556
BENCH	class_owners_19	200000	0.309400000	5098684496
BENCH	class_owners_257	200000	0.310255000	5100408060
BENCH	table_owners_1	200000	0.310325000	5098276961
BENCH	table_owners_2	200000	0.310490000	5098477602
BENCH	table_owners_5	200000	0.310895000	5097878556
BENCH	table_owners_19	200000	0.310825000	5098684496
BENCH	table_owners_257	200000	0.310645000	5100408060
BENCH	class_owners_1	200000	0.310110000	5098276961
BENCH	class_owners_2	200000	0.310030000	5098477602
BENCH	class_owners_5	200000	0.310805000	5097878556
BENCH	class_owners_19	200000	0.309795000	5098684496
BENCH	class_owners_257	200000	0.309990000	5100408060
4367.96;msec;task-clock:u;0.04%;4367960030;100.00;0.998;CPUs utilized
9912014933;;cycles:u;0.06%;4368294569;100.00;2.270;GHz
33096169133;;instructions:u;0.00%;4368294569;100.00;3.34;insn per cycle
365493;;branch-misses:u;19.67%;4368294569;100.00;;
12936090556;;cache-references:u;0.00%;4368294569;100.00;2.962;G/sec
296205;;cache-misses:u;3.97%;4368294569;100.00;0.002;of all cache refs
788;;page-faults:u;0.08%;4367960030;100.00;180.458;/sec
0;;context-switches:u;0.00%;4367960030;100.00;0.000;/sec
