# To display the perf.data header info, please use --header/--header-only options.
#
#
# Total Lost Samples: 0
#
# Samples: 2K of event 'cycles:u'
# Event count (approx.): 9903488014
#
# Children      Self  Command  Shared Object                 Symbol                                         
# ........  ........  .......  ............................  ...............................................
#
    16.66%    15.65%  sqgi     sqgi                          [.] sqjit_a64_precise_step<(SQOpcode)9, true>
            |          
            |--4.50%--0xffffba4bb783
            |          0xffffba4bb783
            |          |          
            |           --4.41%--sqjit_a64_precise_step<(SQOpcode)9, true>
            |          
            |--3.28%--0xffffba4bb167
            |          0xffffba4bb167
            |          |          
            |           --2.94%--sqjit_a64_precise_step<(SQOpcode)9, true>
            |          
            |--2.93%--0xffffba4bb2df
            |          0xffffba4bb2df
            |          |          
            |           --2.79%--sqjit_a64_precise_step<(SQOpcode)9, true>
            |          
            |--2.76%--0xffffba4bb83f
            |          0xffffba4bb83f
            |          sqjit_a64_precise_step<(SQOpcode)9, true>
            |          
             --2.19%--0xffffba4bb9f3
                       0xffffba4bb9f3

    14.03%    10.93%  sqgi     sqgi                          [.] sqjit_a64_precise_step<(SQOpcode)17, false>
            |          
            |--3.95%--0xffffba4bb71b
            |          0xffffba4bb71b
            |          sqjit_a64_precise_step<(SQOpcode)17, false>
            |          
            |--3.76%--0xffffba4bba77
            |          0xffffba4bba77
            |          sqjit_a64_precise_step<(SQOpcode)17, false>
            |          
            |--3.21%--0xffffba4bbafb
            |          0xffffba4bbafb
            |          sqjit_a64_precise_step<(SQOpcode)17, false>
            |          
             --3.11%--sqjit_a64_precise_step<(SQOpcode)17, false>
                       SQVM::ARITH_OP

    13.59%    12.81%  sqgi     sqgi                          [.] sqjit_a64_precise_step<(SQOpcode)14, false>
            |          
            |--5.19%--0xffffba4bb80b
            |          0xffffba4bb80b
            |          |          
            |           --4.82%--sqjit_a64_precise_step<(SQOpcode)14, false>
            |          
            |--4.09%--0xffffba4bb3bb
            |          0xffffba4bb3bb
            |          |          
            |           --3.63%--sqjit_a64_precise_step<(SQOpcode)14, false>
            |          
             --3.53%--0xffffba4bb277
                       0xffffba4bb277
                       |          
                        --3.44%--sqjit_a64_precise_step<(SQOpcode)14, false>

     8.29%     7.72%  sqgi     sqgi                          [.] sqjit_a64_precise_step<(SQOpcode)13, true>
            |          
            |--2.89%--0xffffba4bb2ab
            |          0xffffba4bb2ab
            |          sqjit_a64_precise_step<(SQOpcode)13, true>
            |          
            |--2.57%--0xffffba4bb74f
            |          0xffffba4bb74f
            |          sqjit_a64_precise_step<(SQOpcode)13, true>
            |          
             --2.25%--0xffffba4bb5d7
                       0xffffba4bb5d7
                       sqjit_a64_precise_step<(SQOpcode)13, true>

     8.03%     0.00%  sqgi     [JIT] tid 514377              [.] 0x0000ffffba4bb12b
            |
            ---0xffffba4bb12b
               |          
                --7.71%--0xffffba4bb12b
                          sqjit_a64_precise_step<(SQOpcode)29, false>
                          |          
                           --3.94%--SQVM::CMP_OP
                                     |          
                                      --2.66%--SQVM::ObjCmp

     7.71%     2.89%  sqgi     sqgi                          [.] sqjit_a64_precise_step<(SQOpcode)29, false>
            |          
            |--4.82%--sqjit_a64_precise_step<(SQOpcode)29, false>
            |          |          
            |           --3.94%--SQVM::CMP_OP
            |                     |          
            |                      --2.66%--SQVM::ObjCmp
            |          
             --2.89%--0xffffba4bb12b
                       0xffffba4bb12b
                       sqjit_a64_precise_step<(SQOpcode)29, false>

     7.58%     7.26%  sqgi     sqgi                          [.] sqjit_a64_precise_step<(SQOpcode)1, false>
            |          
            |--3.77%--0xffffba4bb19b
            |          0xffffba4bb19b
            |          sqjit_a64_precise_step<(SQOpcode)1, false>
            |          
             --3.49%--0xffffba4bb5a3
                       0xffffba4bb5a3
                       sqjit_a64_precise_step<(SQOpcode)1, false>

     6.19%     0.00%  sqgi     [JIT] tid 514377              [.] 0x0000ffffba4bb3bb
            |
            ---0xffffba4bb3bb
               |          
                --4.41%--0xffffba4bb3bb
                          |          
                           --3.95%--sqjit_a64_precise_step<(SQOpcode)14, false>

     5.92%     0.00%  sqgi     [JIT] tid 514377              [.] 0x0000ffffba4bb83f
            |
            ---0xffffba4bb83f
               |          
                --3.08%--0xffffba4bb83f
                          sqjit_a64_precise_step<(SQOpcode)9, true>

     5.92%     0.00%  sqgi     [JIT] tid 514377              [.] 0x0000ffffba4bb80b
            |
            ---0xffffba4bb80b
               |          
                --5.65%--0xffffba4bb80b
                          |          
                           --5.28%--sqjit_a64_precise_step<(SQOpcode)14, false>

     5.64%     0.00%  sqgi     [JIT] tid 514377              [.] 0x0000ffffba4bb783
            |
            ---0xffffba4bb783
               |          
                --5.19%--0xffffba4bb783
                          |          
                           --5.09%--sqjit_a64_precise_step<(SQOpcode)9, true>

     5.51%     0.00%  sqgi     [JIT] tid 514377              [.] 0x0000ffffba4bba77
            |
            ---0xffffba4bba77
               |          
                --4.87%--0xffffba4bba77
                          |          
                           --3.76%--sqjit_a64_precise_step<(SQOpcode)17, false>

     5.49%     5.49%  sqgi     sqgi                          [.] SQJitWriteLog::CanReleaseInContext
     5.33%     0.00%  sqgi     [JIT] tid 514377              [.] 0x0000ffffba4bb60b
            |
            ---0xffffba4bb60b
               |          
                --5.14%--0xffffba4bb60b
                          sqjit_a64_precise_step<(SQOpcode)4, false>

     5.28%     0.00%  sqgi     [JIT] tid 514377              [.] 0x0000ffffba4bbb7f
            |
            ---0xffffba4bbb7f
               |          
                --5.05%--0xffffba4bbb7f
                          sqjit_a64_precise_step<(SQOpcode)39, false>

     5.26%     0.00%  sqgi     [JIT] tid 514377              [.] 0x0000ffffba4bb71b
            |
            ---0xffffba4bb71b
               |          
                --5.08%--0xffffba4bb71b
                          |          
                           --3.95%--sqjit_a64_precise_step<(SQOpcode)17, false>

     5.14%     4.41%  sqgi     sqgi                          [.] sqjit_a64_precise_step<(SQOpcode)4, false>
            |          
             --4.41%--0xffffba4bb60b
                       0xffffba4bb60b
                       sqjit_a64_precise_step<(SQOpcode)4, false>

     5.05%     4.00%  sqgi     sqgi                          [.] sqjit_a64_precise_step<(SQOpcode)39, false>
            |          
             --4.00%--0xffffba4bbb7f
                       0xffffba4bbb7f
                       sqjit_a64_precise_step<(SQOpcode)39, false>

     4.50%     0.00%  sqgi     [JIT] tid 514377              [.] 0x0000ffffba4bb19b
            |
            ---0xffffba4bb19b
               |          
                --3.77%--0xffffba4bb19b
                          sqjit_a64_precise_step<(SQOpcode)1, false>

     4.36%     0.00%  sqgi     [JIT] tid 514377              [.] 0x0000ffffba4bbafb
            |
            ---0xffffba4bbafb
               |          
                --4.09%--0xffffba4bbafb
                          |          
                           --3.21%--sqjit_a64_precise_step<(SQOpcode)17, false>

     4.26%     0.00%  sqgi     [JIT] tid 514377              [.] 0x0000ffffba4bb56f
            |
            ---0xffffba4bb56f
               |          
                --3.89%--0xffffba4bb56f
                          |          
                           --3.12%--sqjit_a64_precise_step<(SQOpcode)13, false>

     4.13%     0.00%  sqgi     [JIT] tid 514377              [.] 0x0000ffffba4bb5a3
            |
            ---0xffffba4bb5a3
               |          
                --3.81%--0xffffba4bb5a3
                          sqjit_a64_precise_step<(SQOpcode)1, false>

     4.04%     0.00%  sqgi     sqgi                          [.] sqjit_a64_precise_member<true> (inlined)
            |
            ---sqjit_a64_precise_member<true> (inlined)

     3.94%     1.29%  sqgi     sqgi                          [.] SQVM::CMP_OP
            |          
             --2.66%--SQVM::CMP_OP
                       SQVM::ObjCmp

     3.89%     3.89%  sqgi     sqgi                          [.] sqjit_a64_precise_step<(SQOpcode)13, false>
            |
            ---0xffffba4bb56f
               0xffffba4bb56f
               |          
                --3.12%--sqjit_a64_precise_step<(SQOpcode)13, false>

     3.72%     0.00%  sqgi     [JIT] tid 514377              [.] 0x0000ffffba4bb277
            |
            ---0xffffba4bb277
               |          
                --3.53%--0xffffba4bb277
                          |          
                           --3.44%--sqjit_a64_precise_step<(SQOpcode)14, false>

     3.65%     0.00%  sqgi     [JIT] tid 514377              [.] 0x0000ffffba4bb2ab
            |
            ---0xffffba4bb2ab
               |          
                --3.47%--0xffffba4bb2ab
                          sqjit_a64_precise_step<(SQOpcode)13, true>

     3.56%     0.00%  sqgi     [JIT] tid 514377              [.] 0x0000ffffba4bb167
            |
            ---0xffffba4bb167
               |          
                --3.28%--0xffffba4bb167
                          |          
                           --2.94%--sqjit_a64_precise_step<(SQOpcode)9, true>

     3.49%     0.00%  sqgi     [JIT] tid 514377              [.] 0x0000ffffba4bb63f
            |
            ---0xffffba4bb63f
               |          
                --2.71%--0xffffba4bb63f
                          sqjit_a64_precise_step<(SQOpcode)14, true>

     3.44%     0.00%  sqgi     [JIT] tid 514377              [.] 0x0000ffffba4bb333
            |
            ---0xffffba4bb333
               |          
                --2.94%--0xffffba4bb333

     3.34%     0.00%  sqgi     [JIT] tid 514377              [.] 0x0000ffffba4bb2df
            |
            ---0xffffba4bb2df
               |          
                --2.93%--0xffffba4bb2df
                          |          
                           --2.79%--sqjit_a64_precise_step<(SQOpcode)9, true>

     3.11%     3.11%  sqgi     sqgi                          [.] SQVM::ARITH_OP
     3.11%     0.00%  sqgi     sqgi                          [.] sqjit_a64_precise_step<(SQOpcode)17> (inlined)
            |
            ---sqjit_a64_precise_step<(SQOpcode)17> (inlined)
               sqjit_a64_precise_step<(SQOpcode)17, false>
               SQVM::ARITH_OP

     3.03%     0.00%  sqgi     sqgi                          [.] sqjit_a64_precise_arith (inlined)
            |
            ---sqjit_a64_precise_arith (inlined)

     2.97%     0.00%  sqgi     [JIT] tid 514377              [.] 0x0000ffffba4bb9f3
            |
            ---0xffffba4bb9f3
               |          
                --2.19%--0xffffba4bb9f3

     2.94%     1.93%  sqgi     sqgi                          [.] sqjit_a64_precise_step<(SQOpcode)2, false>
     2.71%     2.71%  sqgi     sqgi                          [.] sqjit_a64_precise_step<(SQOpcode)14, true>
            |
            ---0xffffba4bb63f
               0xffffba4bb63f
               sqjit_a64_precise_step<(SQOpcode)14, true>

     2.71%     0.00%  sqgi     [JIT] tid 514377              [.] 0x0000ffffba4bb74f
            |
            ---0xffffba4bb74f
               |          
                --2.57%--0xffffba4bb74f
                          sqjit_a64_precise_step<(SQOpcode)13, true>

     2.66%     2.66%  sqgi     sqgi                          [.] SQVM::ObjCmp
            |
            ---0xffffba4bb12b
               0xffffba4bb12b
               sqjit_a64_precise_step<(SQOpcode)29, false>
               SQVM::CMP_OP
               SQVM::ObjCmp

     2.43%     0.00%  sqgi     [JIT] tid 514377              [.] 0x0000ffffba4bb5d7
            |
            ---0xffffba4bb5d7
               |          
                --2.25%--0xffffba4bb5d7
                          sqjit_a64_precise_step<(SQOpcode)13, true>

     2.34%     0.00%  sqgi     sqgi                          [.] SQObjectPtr::operator= (inlined)
            |
            ---SQObjectPtr::operator= (inlined)



#
# (Cannot load tips.txt file, please install perf!)
#
