# To display the perf.data header info, please use --header/--header-only options.
#
#
# Total Lost Samples: 0
#
# Samples: 381  of event 'cycles:u'
# Event count (approx.): 1572850920
#
# Children      Self  Command  Shared Object            Symbol                                                                                                                                                         
# ........  ........  .......  .......................  ...............................................................................................................................................................
#
    47.48%     0.00%  sqgi     sqgi                     [.] _start
            |
            ---_start
               __libc_start_main_impl (inlined)
               __libc_start_call_main
               main
               |          
                --47.39%--sq_call
                          SQVM::Execute
                          |          
                          |--11.57%--sqjit_try_execute_current
                          |          |          
                          |           --4.05%--SQVM::Return
                          |          
                          |--4.63%--sqjit_try_execute_current_loop
                          |          
                          |--4.34%--sqjit_try_execute_closure
                          |          
                          |--4.05%--SQVM::StartCall
                          |          
                          |--2.31%--SQVM::CMP_OP
                          |          
                           --2.02%--SQObjectPtr::operator= (inlined)

    47.48%     0.00%  sqgi     libc.so.6                [.] __libc_start_main_impl (inlined)
            |
            ---__libc_start_main_impl (inlined)
               __libc_start_call_main
               main
               |          
                --47.39%--sq_call
                          SQVM::Execute
                          |          
                          |--11.57%--sqjit_try_execute_current
                          |          |          
                          |           --4.05%--SQVM::Return
                          |          
                          |--4.63%--sqjit_try_execute_current_loop
                          |          
                          |--4.34%--sqjit_try_execute_closure
                          |          
                          |--4.05%--SQVM::StartCall
                          |          
                          |--2.31%--SQVM::CMP_OP
                          |          
                           --2.02%--SQObjectPtr::operator= (inlined)

    47.48%     0.00%  sqgi     libc.so.6                [.] __libc_start_call_main
            |
            ---__libc_start_call_main
               main
               |          
                --47.39%--sq_call
                          SQVM::Execute
                          |          
                          |--11.57%--sqjit_try_execute_current
                          |          |          
                          |           --4.05%--SQVM::Return
                          |          
                          |--4.63%--sqjit_try_execute_current_loop
                          |          
                          |--4.34%--sqjit_try_execute_closure
                          |          
                          |--4.05%--SQVM::StartCall
                          |          
                          |--2.31%--SQVM::CMP_OP
                          |          
                           --2.02%--SQObjectPtr::operator= (inlined)

    47.48%     0.00%  sqgi     sqgi                     [.] main
            |
            ---main
               |          
                --47.39%--sq_call
                          SQVM::Execute
                          |          
                          |--11.57%--sqjit_try_execute_current
                          |          |          
                          |           --4.05%--SQVM::Return
                          |          
                          |--4.63%--sqjit_try_execute_current_loop
                          |          
                          |--4.34%--sqjit_try_execute_closure
                          |          
                          |--4.05%--SQVM::StartCall
                          |          
                          |--2.31%--SQVM::CMP_OP
                          |          
                           --2.02%--SQObjectPtr::operator= (inlined)

    47.39%     0.00%  sqgi     sqgi                     [.] sq_call
            |
            ---sq_call
               SQVM::Execute
               |          
               |--11.57%--sqjit_try_execute_current
               |          |          
               |           --4.05%--SQVM::Return
               |          
               |--4.63%--sqjit_try_execute_current_loop
               |          
               |--4.34%--sqjit_try_execute_closure
               |          
               |--4.05%--SQVM::StartCall
               |          
               |--2.31%--SQVM::CMP_OP
               |          
                --2.02%--SQObjectPtr::operator= (inlined)

    47.39%    18.51%  sqgi     sqgi                     [.] SQVM::Execute
            |          
            |--28.88%--SQVM::Execute
            |          |          
            |          |--11.57%--sqjit_try_execute_current
            |          |          |          
            |          |           --4.05%--SQVM::Return
            |          |          
            |          |--4.63%--sqjit_try_execute_current_loop
            |          |          
            |          |--4.34%--sqjit_try_execute_closure
            |          |          
            |          |--4.05%--SQVM::StartCall
            |          |          
            |           --2.31%--SQVM::CMP_OP
            |          
             --18.51%--_start
                       __libc_start_main_impl (inlined)
                       __libc_start_call_main
                       main
                       sq_call
                       SQVM::Execute
                       |          
                        --2.02%--SQObjectPtr::operator= (inlined)

    13.30%     0.00%  sqgi     [JIT] tid 514302         [.] 0x0000ffff9ab87207
            |
            ---0xffff9ab87207
               |          
                --10.12%--0xffff9ab87207
                          sqjit_a64_helper_member_set_reference_logged
                          |          
                          |--6.07%--sqjit_a64_helper_member_set_reference_logged
                          |          SQJitWriteLog::RecordMember
                          |          |          
                          |          |--3.47%--SQJitWriteLog::ContainsMember<true> (inlined)
                          |          |          
                          |           --2.02%--SQJitWriteLog::CanRelease
                          |          
                           --2.60%--sqjit_a64_member_store_slot (inlined)
                                     sqjit_a64_member_store_slot (inlined)
                                     |          
                                      --2.31%--sqjit_a64_resolve_store_slot (inlined)

    11.57%     4.63%  sqgi     sqgi                     [.] sqjit_try_execute_current
            |          
            |--6.95%--sqjit_try_execute_current
            |          |          
            |           --4.05%--SQVM::Return
            |          
             --4.63%--_start
                       __libc_start_main_impl (inlined)
                       __libc_start_call_main
                       main
                       sq_call
                       SQVM::Execute
                       sqjit_try_execute_current

    11.17%     5.71%  sqgi     sqgi                     [.] SQJitWriteLog::RecordMember
            |          
            |--5.46%--SQJitWriteLog::RecordMember
            |          |          
            |           --5.17%--SQJitWriteLog::CanRelease
            |          
             --3.76%--0xffff9ab87207
                       0xffff9ab87207
                       sqjit_a64_helper_member_set_reference_logged
                       sqjit_a64_helper_member_set_reference_logged
                       SQJitWriteLog::RecordMember
                       |          
                        --3.18%--SQJitWriteLog::ContainsMember<true> (inlined)

    10.12%     2.89%  sqgi     sqgi                     [.] sqjit_a64_helper_member_set_reference_logged
            |          
            |--7.23%--sqjit_a64_helper_member_set_reference_logged
            |          |          
            |           --6.07%--sqjit_a64_helper_member_set_reference_logged
            |                     SQJitWriteLog::RecordMember
            |                     |          
            |                     |--3.47%--SQJitWriteLog::ContainsMember<true> (inlined)
            |                     |          
            |                      --2.02%--SQJitWriteLog::CanRelease
            |          
             --2.89%--0xffff9ab87207
                       0xffff9ab87207
                       sqjit_a64_helper_member_set_reference_logged
                       |          
                        --2.02%--sqjit_a64_member_store_slot (inlined)
                                  sqjit_a64_member_store_slot (inlined)

     8.59%     2.31%  sqgi     sqgi                     [.] sqjit_a64_helper_member_closure_guard
            |          
             --6.27%--sqjit_a64_helper_member_closure_guard
                       sqjit_a64_helper_member_closure_guard
                       sqjit_a64_borrow_member_ptr_value
                       |          
                        --4.09%--SQTable::GetRawSlot (inlined)
                                  |          
                                   --2.22%--SQTable::_Get (inlined)

     6.65%     0.00%  sqgi     [JIT] tid 514302         [.] 0x0000ffff9ab861d7
            |
            ---0xffff9ab861d7
               |          
                --6.07%--0xffff9ab861d7
                          sqjit_a64_helper_member_set_integer_logged
                          |          
                          |--2.89%--sqjit_a64_store_resolved_member (inlined)
                          |          |          
                          |           --2.31%--SQJitWriteLog::RecordMember
                          |          
                           --2.60%--sqjit_a64_member_store_slot (inlined)
                                     sqjit_a64_member_store_slot (inlined)

     6.36%     0.00%  sqgi     [JIT] tid 514302         [.] 0x0000ffff9ab8614b
            |
            ---0xffff9ab8614b
               |          
               |--2.89%--0xffff9ab8614b
               |          sqjit_a64_helper_member_closure_guard
               |          |          
               |           --2.02%--sqjit_a64_helper_member_closure_guard
               |                     sqjit_a64_borrow_member_ptr_value
               |          
                --2.02%--0xffff9ab861bc

     6.27%     6.27%  sqgi     sqgi                     [.] sqjit_a64_borrow_member_ptr_value
            |          
            |--2.52%--0xffff9ab89167
            |          0xffff9ab89167
            |          sqjit_a64_helper_member_closure_guard
            |          sqjit_a64_helper_member_closure_guard
            |          sqjit_a64_borrow_member_ptr_value
            |          |          
            |           --2.07%--SQTable::GetRawSlot (inlined)
            |          
             --2.02%--0xffff9ab8614b
                       0xffff9ab8614b
                       sqjit_a64_helper_member_closure_guard
                       sqjit_a64_helper_member_closure_guard
                       sqjit_a64_borrow_member_ptr_value

     6.07%     1.44%  sqgi     sqgi                     [.] sqjit_a64_helper_member_set_integer_logged
            |          
             --4.63%--sqjit_a64_helper_member_set_integer_logged
                       |          
                        --2.89%--sqjit_a64_store_resolved_member (inlined)
                                  |          
                                   --2.31%--SQJitWriteLog::RecordMember

     5.52%     0.00%  sqgi     [JIT] tid 514302         [.] 0x0000ffff9ab8921f
            |
            ---0xffff9ab8921f
               |          
                --4.97%--0xffff9ab8921f
                          sqjit_a64_helper_instance_field_set_integer_logged
                          |          
                           --2.79%--sqjit_a64_helper_instance_field_set_integer_logged
                                     SQJitWriteLog::RecordMember

     5.23%     0.00%  sqgi     [JIT] tid 514302         [.] 0x0000ffff9ab89167
            |
            ---0xffff9ab89167
               |          
                --3.10%--0xffff9ab89167
                          sqjit_a64_helper_member_closure_guard
                          |          
                           --2.52%--sqjit_a64_helper_member_closure_guard
                                     sqjit_a64_borrow_member_ptr_value
                                     |          
                                      --2.07%--SQTable::GetRawSlot (inlined)

     5.17%     5.17%  sqgi     sqgi                     [.] SQJitWriteLog::CanRelease
            |          
             --2.02%--0xffff9ab87207
                       0xffff9ab87207
                       sqjit_a64_helper_member_set_reference_logged
                       sqjit_a64_helper_member_set_reference_logged
                       SQJitWriteLog::RecordMember
                       SQJitWriteLog::CanRelease

     4.97%     1.89%  sqgi     sqgi                     [.] sqjit_a64_helper_instance_field_set_integer_logged
            |          
             --3.08%--sqjit_a64_helper_instance_field_set_integer_logged
                       |          
                        --2.79%--sqjit_a64_helper_instance_field_set_integer_logged
                                  SQJitWriteLog::RecordMember

     4.63%     2.31%  sqgi     sqgi                     [.] sqjit_try_execute_current_loop
            |          
            |--2.31%--_start
            |          __libc_start_main_impl (inlined)
            |          __libc_start_call_main
            |          main
            |          sq_call
            |          SQVM::Execute
            |          sqjit_try_execute_current_loop
            |          
             --2.31%--sqjit_try_execute_current_loop

     4.34%     4.05%  sqgi     sqgi                     [.] sqjit_try_execute_closure
            |          
             --4.05%--_start
                       __libc_start_main_impl (inlined)
                       __libc_start_call_main
                       main
                       sq_call
                       SQVM::Execute
                       sqjit_try_execute_closure

     4.09%     0.00%  sqgi     sqgi                     [.] SQTable::GetRawSlot (inlined)
            |
            ---SQTable::GetRawSlot (inlined)
               |          
                --2.22%--SQTable::_Get (inlined)

     4.05%     3.76%  sqgi     sqgi                     [.] SQVM::Return
            |          
             --3.76%--_start
                       __libc_start_main_impl (inlined)
                       __libc_start_call_main
                       main
                       sq_call
                       SQVM::Execute
                       sqjit_try_execute_current
                       SQVM::Return

     4.05%     4.05%  sqgi     sqgi                     [.] sqjit_a64_precise_step<(SQOpcode)13, true>
            |
            ---0xffff9ab880b7
               0xffff9ab880b7
               sqjit_a64_precise_step<(SQOpcode)13, true>
               |          
                --2.31%--sqjit_a64_precise_member<true> (inlined)
                          |          
                           --2.03%--sq_member_raw_slot (inlined)
                                     SQTable::GetRawSlot (inlined)

     4.05%     0.00%  sqgi     [JIT] tid 514302         [.] 0x0000ffff9ab880b7
            |
            ---0xffff9ab880b7
               0xffff9ab880b7
               sqjit_a64_precise_step<(SQOpcode)13, true>
               |          
                --2.31%--sqjit_a64_precise_member<true> (inlined)
                          |          
                           --2.03%--sq_member_raw_slot (inlined)
                                     SQTable::GetRawSlot (inlined)

     4.05%     3.18%  sqgi     sqgi                     [.] SQVM::StartCall
            |          
             --3.18%--_start
                       __libc_start_main_impl (inlined)
                       __libc_start_call_main
                       main
                       sq_call
                       SQVM::Execute
                       SQVM::StartCall

     4.04%     0.00%  sqgi     [JIT] tid 514302         [.] 0x0000ffff9ab8714b
            |
            ---0xffff9ab8714b
               |          
                --2.60%--0xffff9ab8714b
                          sqjit_a64_helper_member_closure_guard

     3.47%     0.00%  sqgi     [JIT] tid 514302         [.] 0x0000ffff9ab88083
            |
            ---0xffff9ab88083
               |          
                --3.18%--0xffff9ab88083
                          sqjit_a64_precise_step<(SQOpcode)1, false>

     3.47%     0.00%  sqgi     sqgi                     [.] SQJitWriteLog::ContainsMember<true> (inlined)
            |
            ---SQJitWriteLog::ContainsMember<true> (inlined)

     3.18%     3.18%  sqgi     sqgi                     [.] sqjit_a64_precise_step<(SQOpcode)1, false>
            |
            ---0xffff9ab88083
               0xffff9ab88083
               sqjit_a64_precise_step<(SQOpcode)1, false>

     2.89%     0.00%  sqgi     sqgi                     [.] sqjit_a64_store_resolved_member (inlined)
            |
            ---sqjit_a64_store_resolved_member (inlined)
               |          
                --2.31%--SQJitWriteLog::RecordMember

     2.60%     0.00%  sqgi     sqgi                     [.] sqjit_a64_member_store_slot (inlined)
            |
            ---sqjit_a64_member_store_slot (inlined)
               sqjit_a64_member_store_slot (inlined)
               |          
                --2.31%--sqjit_a64_resolve_store_slot (inlined)

     2.60%     0.00%  sqgi     sqgi                     [.] sqjit_a64_member_store_slot (inlined)
            |
            ---sqjit_a64_member_store_slot (inlined)
               sqjit_a64_member_store_slot (inlined)

     2.32%     0.00%  sqgi     [JIT] tid 514302         [.] 0x0000ffff9ab880eb
            |
            ---0xffff9ab880eb
               |          
                --2.03%--0xffff9ab880eb

     2.32%     0.00%  sqgi     sqgi                     [.] SQTable::GetRawSlot (inlined)
            |
            ---SQTable::GetRawSlot (inlined)

     2.31%     0.00%  sqgi     sqgi                     [.] sqjit_a64_precise_member<true> (inlined)
            |
            ---sqjit_a64_precise_member<true> (inlined)
               |          
                --2.03%--sq_member_raw_slot (inlined)
                          SQTable::GetRawSlot (inlined)

     2.31%     0.00%  sqgi     sqgi                     [.] sqjit_a64_resolve_store_slot (inlined)
            |
            ---sqjit_a64_resolve_store_slot (inlined)

     2.31%     0.87%  sqgi     sqgi                     [.] SQVM::CMP_OP
     2.31%     2.31%  sqgi     sqgi                     [.] sqjit_a64_resolve_root_store_slot
     2.22%     0.00%  sqgi     sqgi                     [.] SQTable::_Get (inlined)
            |
            ---SQTable::_Get (inlined)

     2.03%     2.03%  sqgi     sqgi                     [.] sqjit_a64_precise_step<(SQOpcode)23, false>
            |
            ---0xffff9ab880eb
               0xffff9ab880eb

     2.03%     0.00%  sqgi     sqgi                     [.] sq_member_raw_slot (inlined)
            |
            ---sq_member_raw_slot (inlined)
               SQTable::GetRawSlot (inlined)

     2.02%     0.00%  sqgi     sqgi                     [.] SQObjectPtr::operator= (inlined)
            |
            ---SQObjectPtr::operator= (inlined)

     2.02%     2.02%  sqgi     [JIT] tid 514302         [.] 0x0000ffff9ab861bc
            |
            ---0xffff9ab8614b
               0xffff9ab861bc



#
# (Cannot load tips.txt file, please install perf!)
#
