BENCH	receiver_integer	200000	0.053875000	595177
BENCH	root_integer	200000	0.287105000	595177
BENCH	root_reference	200000	0.086815000	799457
BENCH	root_integer_result	200000	0.064635000	795177
BENCH	receiver_integer	200000	0.054100000	595177
BENCH	root_integer	200000	0.285145000	595177
BENCH	root_reference	200000	0.086975000	799457
BENCH	root_integer_result	200000	0.064825000	795177
BENCH	receiver_integer	200000	0.053955000	595177
BENCH	root_integer	200000	0.284850000	595177
BENCH	root_reference	200000	0.085035000	799457
BENCH	root_integer_result	200000	0.064600000	795177
713.77;msec;task-clock:u;0.50%;713766665;100.00;0.984;CPUs utilized
1577045976;;cycles:u;0.32%;713847457;100.00;2.197;GHz
4760976930;;instructions:u;0.02%;713847457;100.00;3.00;insn per cycle
230326;;branch-misses:u;18.00%;713847457;100.00;;
1795559522;;cache-references:u;0.08%;713847457;100.00;2.501;G/sec
195856;;cache-misses:u;0.71%;713847457;100.00;0.011;of all cache refs
784;;page-faults:u;0.04%;713766665;100.00;1.092;K/sec
0;;context-switches:u;0.00%;713766665;100.00;0.000;/sec
