Round 1/5: sqgi; all 8 checksums match
Round 1/5: sqgi_baseline; all 8 checksums match
Round 1/5: node; all 8 checksums match
Round 1/5: gjs; all 8 checksums match
Round 1/5: python; all 8 checksums match
Round 2/5: sqgi_baseline; all 8 checksums match
Round 2/5: node; all 8 checksums match
Round 2/5: gjs; all 8 checksums match
Round 2/5: python; all 8 checksums match
Round 2/5: sqgi; all 8 checksums match
Round 3/5: node; all 8 checksums match
Round 3/5: gjs; all 8 checksums match
Round 3/5: python; all 8 checksums match
Round 3/5: sqgi; all 8 checksums match
Round 3/5: sqgi_baseline; all 8 checksums match
Round 4/5: gjs; all 8 checksums match
Round 4/5: python; all 8 checksums match
Round 4/5: sqgi; all 8 checksums match
Round 4/5: sqgi_baseline; all 8 checksums match
Round 4/5: node; all 8 checksums match
Round 5/5: python; all 8 checksums match
Round 5/5: sqgi; all 8 checksums match
Round 5/5: sqgi_baseline; all 8 checksums match
Round 5/5: node; all 8 checksums match
Round 5/5: gjs; all 8 checksums match
Microseconds per iteration; lower is faster
kernel	sqgi	sqgi_baseline	node	gjs	python
route_balanced	0.052830000	0.052135000	0.006037420	0.006345000	0.261379530
route_skewed	0.052285000	0.051140000	0.005821590	0.006765000	0.259181850
pricing_events	0.056490000	0.057640000	0.011102150	0.017360000	0.432557955
filter_stream	0.055865000	0.055390000	0.005053060	0.009775000	0.240544600
records_64	0.132490000	0.134895000	0.015822715	0.038625000	0.566886215
records_4096	0.261830000	0.256400000	0.020753275	0.043425000	0.697573075
word_count	0.267300000	0.266775000	0.074360910	0.124440000	0.361069910
graph_walk	0.012350000	0.012390000	0.004809520	0.008690000	0.129168745
