Round 1/5: sqgi; all 8 checksums match
Round 1/5: sqgi_baseline; all 8 checksums match
Round 1/5: node; all 8 checksums match
Round 1/5: gjs; all 8 checksums match
Round 1/5: python; all 8 checksums match
Round 2/5: sqgi_baseline; all 8 checksums match
Round 2/5: node; all 8 checksums match
Round 2/5: gjs; all 8 checksums match
Round 2/5: python; all 8 checksums match
Round 2/5: sqgi; all 8 checksums match
Round 3/5: node; all 8 checksums match
Round 3/5: gjs; all 8 checksums match
Round 3/5: python; all 8 checksums match
Round 3/5: sqgi; all 8 checksums match
Round 3/5: sqgi_baseline; all 8 checksums match
Round 4/5: gjs; all 8 checksums match
Round 4/5: python; all 8 checksums match
Round 4/5: sqgi; all 8 checksums match
Round 4/5: sqgi_baseline; all 8 checksums match
Round 4/5: node; all 8 checksums match
Round 5/5: python; all 8 checksums match
Round 5/5: sqgi; all 8 checksums match
Round 5/5: sqgi_baseline; all 8 checksums match
Round 5/5: node; all 8 checksums match
Round 5/5: gjs; all 8 checksums match
Microseconds per iteration; lower is faster
kernel	sqgi	sqgi_baseline	node	gjs	python
route_balanced	0.052429607	0.052149609	0.006009667	0.006352452	0.261631330
route_skewed	0.051237116	0.051417114	0.005771237	0.006682450	0.259370245
pricing_events	0.056704575	0.057812066	0.011141441	0.017327370	0.432894518
filter_stream	0.056127079	0.055072087	0.005024585	0.008632435	0.240402807
records_64	0.132061510	0.135001487	0.015711032	0.038629710	0.569603208
records_4096	0.264503016	0.276427927	0.019905113	0.042834679	0.676925611
word_count	0.267925491	0.267085497	0.073535693	0.123454074	0.367625213
graph_walk	0.012374907	0.012452407	0.004781049	0.007099947	0.129889651
