Round 1/5: sqgi; all 15 checksums match
Round 1/5: sqgi_baseline; all 15 checksums match
Round 1/5: node; all 15 checksums match
Round 1/5: gjs; all 15 checksums match
Round 1/5: python; all 15 checksums match
Round 2/5: sqgi_baseline; all 15 checksums match
Round 2/5: node; all 15 checksums match
Round 2/5: gjs; all 15 checksums match
Round 2/5: python; all 15 checksums match
Round 2/5: sqgi; all 15 checksums match
Round 3/5: node; all 15 checksums match
Round 3/5: gjs; all 15 checksums match
Round 3/5: python; all 15 checksums match
Round 3/5: sqgi; all 15 checksums match
Round 3/5: sqgi_baseline; all 15 checksums match
Round 4/5: gjs; all 15 checksums match
Round 4/5: python; all 15 checksums match
Round 4/5: sqgi; all 15 checksums match
Round 4/5: sqgi_baseline; all 15 checksums match
Round 4/5: node; all 15 checksums match
Round 5/5: python; all 15 checksums match
Round 5/5: sqgi; all 15 checksums match
Round 5/5: sqgi_baseline; all 15 checksums match
Round 5/5: node; all 15 checksums match
Round 5/5: gjs; all 15 checksums match
Microseconds per iteration; lower is faster
kernel	sqgi	sqgi_baseline	node	gjs	python
direct_call	0.033846000	0.034188000	0.006741514	0.010676250	0.335853204
branch_call	0.031651000	0.032073000	0.004816355	0.007031875	0.237323042
float_call	0.020848000	0.021346000	0.002642192	0.009498125	0.134079827
numeric_loop	0.022842000	0.022803000	0.007442961	0.012737500	0.239108680
vector	0.375887000	0.380238000	0.562814569	0.514762500	5.157575656
dynamic_member	0.755894000	1.514144000	0.108859525	0.079075000	0.875394956
dynamic_key_get_set	0.182519000	0.182706000	0.062158806	0.027775000	0.404964750
object_member_write_fallback	0.470794000	0.473481000	0.012645406	0.046893750	0.682833694
array_append	0.124819000	0.125731000	0.037126862	0.017587500	0.221439569
array_write	0.036762000	0.036737000	0.004553581	0.006043750	0.187398850
array_read	0.007060000	0.007447000	0.002630251	0.003513750	0.083761559
array_float	0.006781000	0.007083000	0.002193305	0.003071250	0.073605936
math_intrinsic	0.201694000	0.201519000	0.041131738	0.009843750	0.556170006
math_variable	0.217831000	0.218256000	0.154078194	0.106131250	0.508468600
matrix	0.310531000	0.313700000	0.022704125	0.066168750	1.137638019
