Round 1/5: v14; 6 checksums match
Round 1/5: v15; 6 checksums match
Round 1/5: node; 6 checksums match
Round 2/5: v15; 6 checksums match
Round 2/5: node; 6 checksums match
Round 2/5: v14; 6 checksums match
Round 3/5: node; 6 checksums match
Round 3/5: v14; 6 checksums match
Round 3/5: v15; 6 checksums match
Round 4/5: v14; 6 checksums match
Round 4/5: v15; 6 checksums match
Round 4/5: node; 6 checksums match
Round 5/5: v15; 6 checksums match
Round 5/5: node; 6 checksums match
Round 5/5: v14; 6 checksums match
table_events_97: v14 437.68 ns, v15 437.27 ns, node 75.33 ns
class_events_97: v14 433.85 ns, v15 433.89 ns, node 74.44 ns
buffers_7: v14 433.76 ns, v15 432.75 ns, node 12.52 ns
buffers_31: v14 433.31 ns, v15 433.84 ns, node 12.37 ns
calibrate_17: v14 83.19 ns, v15 83.25 ns, node 8.77 ns
calibrate_67: v14 84.31 ns, v15 83.95 ns, node 8.33 ns
