Round 1/5: v14; 6 checksums match
Round 1/5: v15; 6 checksums match
Round 1/5: node; 6 checksums match
Round 2/5: v15; 6 checksums match
Round 2/5: node; 6 checksums match
Round 2/5: v14; 6 checksums match
Round 3/5: node; 6 checksums match
Round 3/5: v14; 6 checksums match
Round 3/5: v15; 6 checksums match
Round 4/5: v14; 6 checksums match
Round 4/5: v15; 6 checksums match
Round 4/5: node; 6 checksums match
Round 5/5: v15; 6 checksums match
Round 5/5: node; 6 checksums match
Round 5/5: v14; 6 checksums match
table_events_97: v14 439.24 ns, v15 437.58 ns, node 75.10 ns
class_events_97: v14 434.72 ns, v15 434.86 ns, node 74.33 ns
buffers_7: v14 432.52 ns, v15 433.14 ns, node 12.42 ns
buffers_31: v14 433.00 ns, v15 432.73 ns, node 12.33 ns
calibrate_17: v14 83.28 ns, v15 83.39 ns, node 8.67 ns
calibrate_67: v14 84.22 ns, v15 83.98 ns, node 8.35 ns
