Round 1/5: v14; 6 checksums match
Round 1/5: v15; 6 checksums match
Round 1/5: node; 6 checksums match
Round 2/5: v15; 6 checksums match
Round 2/5: node; 6 checksums match
Round 2/5: v14; 6 checksums match
Round 3/5: node; 6 checksums match
Round 3/5: v14; 6 checksums match
Round 3/5: v15; 6 checksums match
Round 4/5: v14; 6 checksums match
Round 4/5: v15; 6 checksums match
Round 4/5: node; 6 checksums match
Round 5/5: v15; 6 checksums match
Round 5/5: node; 6 checksums match
Round 5/5: v14; 6 checksums match
transfer_table: v14 455.62 ns, v15 454.37 ns, node 17.72 ns
transfer_class: v14 467.21 ns, v15 462.72 ns, node 18.15 ns
transfer_mixed: v14 469.71 ns, v15 467.73 ns, node 29.13 ns
publish_table: v14 390.62 ns, v15 391.33 ns, node 13.45 ns
publish_class: v14 400.68 ns, v15 399.62 ns, node 14.36 ns
publish_mixed: v14 403.68 ns, v15 402.81 ns, node 20.89 ns
