Round 1/5: v14; 6 checksums match
Round 1/5: v15; 6 checksums match
Round 1/5: node; 6 checksums match
Round 2/5: v15; 6 checksums match
Round 2/5: node; 6 checksums match
Round 2/5: v14; 6 checksums match
Round 3/5: node; 6 checksums match
Round 3/5: v14; 6 checksums match
Round 3/5: v15; 6 checksums match
Round 4/5: v14; 6 checksums match
Round 4/5: v15; 6 checksums match
Round 4/5: node; 6 checksums match
Round 5/5: v15; 6 checksums match
Round 5/5: node; 6 checksums match
Round 5/5: v14; 6 checksums match
transfer_table: v14 455.53 ns, v15 453.74 ns, node 17.91 ns
transfer_class: v14 464.44 ns, v15 462.53 ns, node 17.63 ns
transfer_mixed: v14 468.44 ns, v15 466.08 ns, node 29.19 ns
publish_table: v14 392.42 ns, v15 391.21 ns, node 13.43 ns
publish_class: v14 399.94 ns, v15 398.69 ns, node 13.58 ns
publish_mixed: v14 402.06 ns, v15 402.39 ns, node 20.93 ns
