{
  "aggregation": "56 equally weighted components; application seed17; nearest-rank p90",
  "speedup": 1.5144168391105541,
  "groups": {
    "kernels-seed17": {
      "count": 15,
      "speedup": 1.0599197518605192
    },
    "applications-seed17": {
      "count": 8,
      "speedup": 0.9968212279833129
    },
    "roots-seed17": {
      "count": 4,
      "speedup": 1.6043266197617423
    },
    "members": {
      "count": 6,
      "speedup": 1.0253184547591512
    },
    "owners": {
      "count": 10,
      "speedup": 4.460253647968097
    },
    "methods": {
      "count": 6,
      "speedup": 2.443974010993162
    },
    "floats": {
      "count": 7,
      "speedup": 1.0056778514861988
    }
  },
  "totals": {
    "sqgi_baseline": {
      "node": {
        "geomean": 15.268103900076554,
        "p90": 100.8722509147736
      },
      "gjs": {
        "geomean": 10.11396286286765,
        "p90": 50.47337110481586
      }
    },
    "sqgi": {
      "node": {
        "geomean": 10.08183711760878,
        "p90": 25.501541129618847
      },
      "gjs": {
        "geomean": 6.678453779481064,
        "p90": 14.698213423466923
      }
    }
  },
  "regressions_over_5pct": []
}
