{
  "recycle": {
    "guard_count": 34,
    "exact_resume_ips": [
      0,
      1,
      2,
      3,
      4,
      5,
      6,
      7,
      8,
      9,
      10,
      11,
      12,
      13,
      14,
      15,
      16,
      17,
      18,
      19,
      20,
      21,
      22,
      23,
      24,
      25,
      26,
      27,
      28,
      29,
      30,
      31,
      32,
      33
    ],
    "common_publications_before": 34,
    "common_publications_after": 1,
    "mapped_bytes_before": 8192,
    "mapped_bytes_after": 8192,
    "decoded_code_bytes_before": 7924,
    "decoded_code_bytes_after": 6740,
    "bytes_saved": 1184,
    "expected_savings_same_hot_body": 1184
  },
  "transfer": {
    "guard_count": 13,
    "exact_resume_ips": [
      0,
      1,
      2,
      3,
      4,
      5,
      6,
      7,
      8,
      9,
      10,
      11,
      12
    ],
    "common_publications_before": 13,
    "common_publications_after": 1,
    "mapped_bytes_before": 4096,
    "mapped_bytes_after": 4096,
    "decoded_code_bytes_before": 3196,
    "decoded_code_bytes_after": 2768,
    "bytes_saved": 428,
    "expected_savings_same_hot_body": 428
  },
  "publish": {
    "guard_count": 10,
    "exact_resume_ips": [
      0,
      1,
      2,
      3,
      4,
      5,
      6,
      7,
      8,
      9
    ],
    "common_publications_before": 10,
    "common_publications_after": 1,
    "mapped_bytes_before": 4096,
    "mapped_bytes_after": 4096,
    "decoded_code_bytes_before": 2360,
    "decoded_code_bytes_after": 2040,
    "bytes_saved": 320,
    "expected_savings_same_hot_body": 320
  },
  "table_apply": {
    "guard_count": 15,
    "exact_resume_ips": [
      0,
      1,
      2,
      3,
      4,
      5,
      6,
      7,
      8,
      9,
      10,
      11,
      12,
      13,
      14
    ],
    "common_publications_before": 15,
    "common_publications_after": 1,
    "mapped_bytes_before": 8192,
    "mapped_bytes_after": 4096,
    "decoded_code_bytes_before": 4176,
    "decoded_code_bytes_after": 3676,
    "bytes_saved": 500,
    "expected_savings_same_hot_body": 500
  },
  "apply": {
    "guard_count": 15,
    "exact_resume_ips": [
      0,
      1,
      2,
      3,
      4,
      5,
      6,
      7,
      8,
      9,
      10,
      11,
      12,
      13,
      14
    ],
    "common_publications_before": 15,
    "common_publications_after": 1,
    "mapped_bytes_before": 8192,
    "mapped_bytes_after": 4096,
    "decoded_code_bytes_before": 4176,
    "decoded_code_bytes_after": 3676,
    "bytes_saved": 500,
    "expected_savings_same_hot_body": 500
  }
}
PASS: all guard branches select their exact bytecode IP and converge on one SIDE_EXIT publication/restoration; size reduction equals removal of duplicate cold returns.
