{
  "recycle": {
    "local_frame_bytes": 208,
    "mapped_bytes": 8192,
    "sha256": "1b54c6c02faa2e6ab279e585b95fa3ad96839639342f54b16f8897ec3f243ccf",
    "bytecode_count": 36,
    "fadd_instructions": 5,
    "unsigned_bounds_branches": 3,
    "nonfinal_count_branches": 19,
    "source_pin_stores": 11,
    "cache_slot_loads": 9
  },
  "transfer": {
    "local_frame_bytes": 176,
    "mapped_bytes": 4096,
    "sha256": "f2f7ae8902d5533ddc4b2b131f4092b823509ed8d3331b9c65755ad59a05cee9",
    "bytecode_count": 14,
    "fadd_instructions": 1,
    "unsigned_bounds_branches": 2,
    "nonfinal_count_branches": 8,
    "source_pin_stores": 8,
    "cache_slot_loads": 6
  },
  "publish": {
    "local_frame_bytes": 144,
    "mapped_bytes": 4096,
    "sha256": "687221c231b1e85e9ba504a55210e6051b37549fa368466e2eee3de106a80403",
    "bytecode_count": 11,
    "fadd_instructions": 1,
    "unsigned_bounds_branches": 1,
    "nonfinal_count_branches": 6,
    "source_pin_stores": 6,
    "cache_slot_loads": 3
  },
  "table_apply": {
    "local_frame_bytes": 144,
    "mapped_bytes": 4096,
    "sha256": "a2d6f796075bd4b959bc23bbba7d4cea0d77ce86a391d746b1fa6e8680c74313",
    "bytecode_count": 16,
    "fadd_instructions": 2,
    "unsigned_bounds_branches": 4,
    "nonfinal_count_branches": 9,
    "source_pin_stores": 7,
    "cache_slot_loads": 7
  },
  "apply": {
    "local_frame_bytes": 144,
    "mapped_bytes": 4096,
    "sha256": "c805b933006484a58fafcf8aa974e78ea71b96a15578467e579b4b3815840f16",
    "bytecode_count": 16,
    "fadd_instructions": 2,
    "unsigned_bounds_branches": 4,
    "nonfinal_count_branches": 9,
    "source_pin_stores": 7,
    "cache_slot_loads": 7
  }
}
