[Thread debugging using libthread_db enabled]
Using host libthread_db library "/lib/aarch64-linux-gnu/libthread_db.so.1".
EMIT_ATTEMPT table_apply {'tier': 6, 'owning_postincrement': 0, 'cold_lookups': 1, 'shared_helpers': 0}
EMIT_ATTEMPT apply {'tier': 6, 'owning_postincrement': 0, 'cold_lookups': 1, 'shared_helpers': 0}
EMIT_ATTEMPT rotate_buffers {'tier': 6, 'owning_postincrement': 1, 'cold_lookups': 0, 'shared_helpers': 0}
EMIT_ATTEMPT rotate_buffers {'tier': 6, 'owning_postincrement': 0, 'cold_lookups': 0, 'shared_helpers': 0}
EMIT_ATTEMPT rotate_buffers {'tier': 6, 'owning_postincrement': 1, 'cold_lookups': 0, 'shared_helpers': 1}
EMIT_ATTEMPT rotate_buffers {'tier': 6, 'owning_postincrement': 0, 'cold_lookups': 0, 'shared_helpers': 1}
EMIT_ATTEMPT rotate_buffers {'tier': 5, 'owning_postincrement': 1, 'cold_lookups': 0, 'shared_helpers': 0}
EMIT_ATTEMPT rotate_buffers {'tier': 5, 'owning_postincrement': 0, 'cold_lookups': 0, 'shared_helpers': 0}
EMIT_ATTEMPT rotate_buffers {'tier': 5, 'owning_postincrement': 1, 'cold_lookups': 0, 'shared_helpers': 1}
EMIT_ATTEMPT rotate_buffers {'tier': 5, 'owning_postincrement': 0, 'cold_lookups': 0, 'shared_helpers': 1}
EMIT_ATTEMPT rotate_buffers {'tier': 4, 'owning_postincrement': 1, 'cold_lookups': 0, 'shared_helpers': 0}
EMIT_ATTEMPT rotate_buffers {'tier': 4, 'owning_postincrement': 0, 'cold_lookups': 0, 'shared_helpers': 0}
EMIT_ATTEMPT rotate_buffers {'tier': 4, 'owning_postincrement': 1, 'cold_lookups': 0, 'shared_helpers': 1}
EMIT_ATTEMPT rotate_buffers {'tier': 4, 'owning_postincrement': 0, 'cold_lookups': 0, 'shared_helpers': 1}
EMIT_ATTEMPT rotate_buffers {'tier': 3, 'owning_postincrement': 0, 'cold_lookups': 0, 'shared_helpers': 0}
EMIT_ATTEMPT rotate_buffers {'tier': 3, 'owning_postincrement': 0, 'cold_lookups': 0, 'shared_helpers': 1}
BENCH	table_events_97	19	682.684210526	342
BENCH	class_events_97	19	787.000000000	342
BENCH	buffers_7	19	42.157894737	574
BENCH	buffers_31	19	33.000000000	411
BENCH	calibrate_17	19	18.842105263	16.171875
BENCH	calibrate_67	19	17.052631579	16.03125
[Inferior 1 (process 732284) exited normally]
[Thread debugging using libthread_db enabled]
Using host libthread_db library "/lib/aarch64-linux-gnu/libthread_db.so.1".
EMIT_ATTEMPT recycle {'tier': 6, 'owning_postincrement': 1, 'cold_lookups': 0, 'shared_helpers': 0}
BENCH	table_owners_1	19	183.578947368	1538.25
BENCH	table_owners_2	19	176.473684211	1713.25
BENCH	table_owners_5	19	62.526315789	2152.25
BENCH	table_owners_19	19	37.736842105	3209.25
BENCH	table_owners_257	19	49.947368421	45216.25
BENCH	class_owners_1	19	34.789473684	1538.25
BENCH	class_owners_2	19	32.473684211	1713.25
BENCH	class_owners_5	19	31.578947368	2152.25
BENCH	class_owners_19	19	31.684210526	3209.25
BENCH	class_owners_257	19	47.526315789	45216.25
[Inferior 1 (process 732286) exited normally]
[Thread debugging using libthread_db enabled]
Using host libthread_db library "/lib/aarch64-linux-gnu/libthread_db.so.1".
EMIT_ATTEMPT transfer {'tier': 6, 'owning_postincrement': 0, 'cold_lookups': 1, 'shared_helpers': 0}
EMIT_ATTEMPT publish {'tier': 6, 'owning_postincrement': 0, 'cold_lookups': 1, 'shared_helpers': 0}
BENCH	transfer_table	19	600.368421053	3147
BENCH	transfer_class	19	462.000000000	3147
BENCH	transfer_mixed	19	456.315789474	3147
BENCH	publish_table	19	460.736842105	8162
BENCH	publish_class	19	626.052631579	8162
BENCH	publish_mixed	19	633.789473684	8162
[Inferior 1 (process 732287) exited normally]
EMISSION_TIERS_VERIFIED {"table_apply": {"tier": 6, "owning_postincrement": 0, "cold_lookups": 1, "shared_helpers": 0}, "apply": {"tier": 6, "owning_postincrement": 0, "cold_lookups": 1, "shared_helpers": 0}, "rotate_buffers": {"tier": 3, "owning_postincrement": 0, "cold_lookups": 0, "shared_helpers": 1}, "recycle": {"tier": 6, "owning_postincrement": 1, "cold_lookups": 0, "shared_helpers": 0}, "transfer": {"tier": 6, "owning_postincrement": 0, "cold_lookups": 1, "shared_helpers": 0}, "publish": {"tier": 6, "owning_postincrement": 0, "cold_lookups": 1, "shared_helpers": 0}}
