Round 1/5: sqgi; all 8 checksums match
Round 1/5: sqgi_baseline; all 8 checksums match
Round 1/5: node; all 8 checksums match
Round 1/5: gjs; all 8 checksums match
Round 1/5: python; all 8 checksums match
Round 2/5: sqgi_baseline; all 8 checksums match
Round 2/5: node; all 8 checksums match
Round 2/5: gjs; all 8 checksums match
Round 2/5: python; all 8 checksums match
Round 2/5: sqgi; all 8 checksums match
Round 3/5: node; all 8 checksums match
Round 3/5: gjs; all 8 checksums match
Round 3/5: python; all 8 checksums match
Round 3/5: sqgi; all 8 checksums match
Round 3/5: sqgi_baseline; all 8 checksums match
Round 4/5: gjs; all 8 checksums match
Round 4/5: python; all 8 checksums match
Round 4/5: sqgi; all 8 checksums match
Round 4/5: sqgi_baseline; all 8 checksums match
Round 4/5: node; all 8 checksums match
Round 5/5: python; all 8 checksums match
Round 5/5: sqgi; all 8 checksums match
Round 5/5: sqgi_baseline; all 8 checksums match
Round 5/5: node; all 8 checksums match
Round 5/5: gjs; all 8 checksums match
Microseconds per iteration; lower is faster
kernel	sqgi	sqgi_baseline	node	gjs	python
route_balanced	0.052552106	0.052179609	0.005983430	0.006377452	0.261838154
route_skewed	0.051587113	0.051339615	0.005768329	0.006682450	0.259532571
pricing_events	0.056439577	0.057764567	0.011196146	0.017364870	0.433802351
filter_stream	0.055672082	0.054999588	0.005050115	0.008604935	0.240826146
records_64	0.132221508	0.135256486	0.015534606	0.038612210	0.571849991
records_4096	0.267515494	0.266962998	0.019882546	0.043119677	0.654776574
word_count	0.267132997	0.266822999	0.073828939	0.123561573	0.368845744
graph_walk	0.012359907	0.012394907	0.004781787	0.006637450	0.130024770
