Round 1/5: sqgi; all 8 checksums match
Round 1/5: sqgi_baseline; all 8 checksums match
Round 1/5: node; all 8 checksums match
Round 1/5: gjs; all 8 checksums match
Round 1/5: python; all 8 checksums match
Round 2/5: sqgi_baseline; all 8 checksums match
Round 2/5: node; all 8 checksums match
Round 2/5: gjs; all 8 checksums match
Round 2/5: python; all 8 checksums match
Round 2/5: sqgi; all 8 checksums match
Round 3/5: node; all 8 checksums match
Round 3/5: gjs; all 8 checksums match
Round 3/5: python; all 8 checksums match
Round 3/5: sqgi; all 8 checksums match
Round 3/5: sqgi_baseline; all 8 checksums match
Round 4/5: gjs; all 8 checksums match
Round 4/5: python; all 8 checksums match
Round 4/5: sqgi; all 8 checksums match
Round 4/5: sqgi_baseline; all 8 checksums match
Round 4/5: node; all 8 checksums match
Round 5/5: python; all 8 checksums match
Round 5/5: sqgi; all 8 checksums match
Round 5/5: sqgi_baseline; all 8 checksums match
Round 5/5: node; all 8 checksums match
Round 5/5: gjs; all 8 checksums match
Microseconds per iteration; lower is faster
kernel	sqgi	sqgi_baseline	node	gjs	python
route_balanced	0.052435000	0.052390000	0.006101600	0.006385000	0.261636685
route_skewed	0.051740000	0.051075000	0.005779310	0.006680000	0.259592120
pricing_events	0.056415000	0.057575000	0.011113835	0.017425000	0.433099780
filter_stream	0.055775000	0.055265000	0.005039945	0.010905000	0.240480875
records_64	0.134800000	0.131845000	0.015606910	0.038605000	0.566633510
records_4096	0.282965000	0.325875000	0.020407690	0.043305000	0.671808800
word_count	0.267135000	0.266860000	0.074820420	0.124960000	0.362122025
graph_walk	0.012445000	0.012390000	0.004800780	0.007580000	0.128623575
