Round 1/5: sqgi; all 15 checksums match
Round 1/5: sqgi_baseline; all 15 checksums match
Round 1/5: node; all 15 checksums match
Round 1/5: gjs; all 15 checksums match
Round 1/5: python; all 15 checksums match
Round 2/5: sqgi_baseline; all 15 checksums match
Round 2/5: node; all 15 checksums match
Round 2/5: gjs; all 15 checksums match
Round 2/5: python; all 15 checksums match
Round 2/5: sqgi; all 15 checksums match
Round 3/5: node; all 15 checksums match
Round 3/5: gjs; all 15 checksums match
Round 3/5: python; all 15 checksums match
Round 3/5: sqgi; all 15 checksums match
Round 3/5: sqgi_baseline; all 15 checksums match
Round 4/5: gjs; all 15 checksums match
Round 4/5: python; all 15 checksums match
Round 4/5: sqgi; all 15 checksums match
Round 4/5: sqgi_baseline; all 15 checksums match
Round 4/5: node; all 15 checksums match
Round 5/5: python; all 15 checksums match
Round 5/5: sqgi; all 15 checksums match
Round 5/5: sqgi_baseline; all 15 checksums match
Round 5/5: node; all 15 checksums match
Round 5/5: gjs; all 15 checksums match
Microseconds per iteration; lower is faster
kernel	sqgi	sqgi_baseline	node	gjs	python
direct_call	0.034404000	0.034190000	0.006773428	0.010668125	0.334435240
branch_call	0.031598000	0.032208000	0.004822655	0.007033437	0.236155235
float_call	0.020937000	0.021147000	0.002637640	0.009501875	0.133872882
numeric_loop	0.022836000	0.022803000	0.007445165	0.012739063	0.237385599
vector	0.375694000	0.377094000	0.570860081	0.514237500	5.153188050
dynamic_member	0.886406000	1.515488000	0.109045669	0.079106250	0.882721219
dynamic_key_get_set	0.182950000	0.182812000	0.062332125	0.027825000	0.405178850
object_member_write_fallback	0.474625000	0.473219000	0.012665488	0.046987500	0.683835931
array_append	0.124525000	0.134937000	0.037121463	0.015525000	0.220778281
array_write	0.036906000	0.036744000	0.004641094	0.006025000	0.185523463
array_read	0.007045000	0.007416000	0.002630713	0.003516563	0.083186605
array_float	0.006813000	0.007081000	0.002194403	0.003070313	0.073453614
math_intrinsic	0.209081000	0.201681000	0.041354225	0.010137500	0.557122744
math_variable	0.218600000	0.218238000	0.154166000	0.106468750	0.510000869
matrix	0.310800000	0.313625000	0.022840894	0.066100000	1.139250137
