Round 1/5: v5; 6 checksums match
Round 1/5: v6; 6 checksums match
Round 1/5: v7; 6 checksums match
Round 1/5: node; 6 checksums match
Round 2/5: v6; 6 checksums match
Round 2/5: v7; 6 checksums match
Round 2/5: node; 6 checksums match
Round 2/5: v5; 6 checksums match
Round 3/5: v7; 6 checksums match
Round 3/5: node; 6 checksums match
Round 3/5: v5; 6 checksums match
Round 3/5: v6; 6 checksums match
Round 4/5: node; 6 checksums match
Round 4/5: v5; 6 checksums match
Round 4/5: v6; 6 checksums match
Round 4/5: v7; 6 checksums match
Round 5/5: v5; 6 checksums match
Round 5/5: v6; 6 checksums match
Round 5/5: v7; 6 checksums match
Round 5/5: node; 6 checksums match
transfer_table: v5 616.02 ns, v6 622.79 ns, v7 605.24 ns, node 18.07 ns
transfer_class: v5 658.12 ns, v6 645.04 ns, v7 612.31 ns, node 18.24 ns
transfer_mixed: v5 652.46 ns, v6 652.21 ns, v7 620.34 ns, node 29.14 ns
publish_table: v5 514.88 ns, v6 527.65 ns, v7 512.03 ns, node 13.46 ns
publish_class: v5 533.83 ns, v6 541.41 ns, v7 524.80 ns, node 13.77 ns
publish_mixed: v5 533.75 ns, v6 542.65 ns, v7 526.67 ns, node 20.87 ns
