Round 1/5: sqgi; all 4 checksums match
Round 1/5: sqgi_baseline; all 4 checksums match
Round 1/5: node; all 4 checksums match
Round 1/5: gjs; all 4 checksums match
Round 1/5: python; all 4 checksums match
Round 2/5: sqgi_baseline; all 4 checksums match
Round 2/5: node; all 4 checksums match
Round 2/5: gjs; all 4 checksums match
Round 2/5: python; all 4 checksums match
Round 2/5: sqgi; all 4 checksums match
Round 3/5: node; all 4 checksums match
Round 3/5: gjs; all 4 checksums match
Round 3/5: python; all 4 checksums match
Round 3/5: sqgi; all 4 checksums match
Round 3/5: sqgi_baseline; all 4 checksums match
Round 4/5: gjs; all 4 checksums match
Round 4/5: python; all 4 checksums match
Round 4/5: sqgi; all 4 checksums match
Round 4/5: sqgi_baseline; all 4 checksums match
Round 4/5: node; all 4 checksums match
Round 5/5: python; all 4 checksums match
Round 5/5: sqgi; all 4 checksums match
Round 5/5: sqgi_baseline; all 4 checksums match
Round 5/5: node; all 4 checksums match
Round 5/5: gjs; all 4 checksums match
Microseconds per iteration; lower is faster
kernel	sqgi	sqgi_baseline	node	gjs	python
receiver_integer	0.053885000	0.058390000	0.004552870	0.006055000	0.227923305
root_integer	0.318740000	0.334475000	0.006674715	0.018740000	0.246618930
root_reference	0.085795000	0.097080000	0.007192420	0.015935000	0.195881160
root_integer_result	0.064600000	0.065510000	0.005773480	0.006090000	0.270386580
