{
  "aggregation": "56 equally weighted components; application seed17; nearest-rank p90",
  "speedup": 1.2962398914026925,
  "groups": {
    "kernels-seed17": {
      "count": 15,
      "speedup": 1.0474161192706253
    },
    "applications-seed17": {
      "count": 8,
      "speedup": 1.0139639791415131
    },
    "roots-seed17": {
      "count": 4,
      "speedup": 1.0687721739003684
    },
    "members": {
      "count": 6,
      "speedup": 0.9614657686144298
    },
    "owners": {
      "count": 10,
      "speedup": 2.7093760655772843
    },
    "methods": {
      "count": 6,
      "speedup": 1.8339093587932642
    },
    "floats": {
      "count": 7,
      "speedup": 1.0126810555119528
    }
  },
  "totals": {
    "sqgi_baseline": {
      "node": {
        "geomean": 15.321162281904417,
        "p90": 100.80987835401378
      },
      "gjs": {
        "geomean": 10.171772479666519,
        "p90": 50.110078828828826
      }
    },
    "sqgi": {
      "node": {
        "geomean": 11.819696634490255,
        "p90": 39.647303955907034
      },
      "gjs": {
        "geomean": 7.847137360245411,
        "p90": 19.236468885672938
      }
    }
  },
  "regressions_over_5pct": [
    {
      "suite": "members",
      "name": "table_events_97",
      "ns": {
        "sqgi": 534.635,
        "sqgi_baseline": 492.38,
        "node": 75.360065,
        "gjs": 70.075
      },
      "speedup": 0.9209647703573466,
      "ranges_ns": {
        "sqgi": [
          531.44,
          538.0500000000001
        ],
        "sqgi_baseline": [
          492.21,
          494.17499999999995
        ],
        "node": [
          75.05083,
          75.524785
        ],
        "gjs": [
          69.78,
          70.305
        ]
      }
    },
    {
      "suite": "members",
      "name": "class_events_97",
      "ns": {
        "sqgi": 524.125,
        "sqgi_baseline": 443.755,
        "node": 74.423755,
        "gjs": 53.015
      },
      "speedup": 0.8466587169091344,
      "ranges_ns": {
        "sqgi": [
          523.0200000000001,
          531.375
        ],
        "sqgi_baseline": [
          443.03,
          444.925
        ],
        "node": [
          74.295425,
          74.57542000000001
        ],
        "gjs": [
          52.71,
          53.995000000000005
        ]
      }
    }
  ]
}
