Round 1/5: v27; 6 checksums match
Round 1/5: v28; 6 checksums match
Round 1/5: v28_repeat; 6 checksums match
Round 1/5: node; 6 checksums match
Round 2/5: v28; 6 checksums match
Round 2/5: v28_repeat; 6 checksums match
Round 2/5: node; 6 checksums match
Round 2/5: v27; 6 checksums match
Round 3/5: v28_repeat; 6 checksums match
Round 3/5: node; 6 checksums match
Round 3/5: v27; 6 checksums match
Round 3/5: v28; 6 checksums match
Round 4/5: node; 6 checksums match
Round 4/5: v27; 6 checksums match
Round 4/5: v28; 6 checksums match
Round 4/5: v28_repeat; 6 checksums match
Round 5/5: v27; 6 checksums match
Round 5/5: v28; 6 checksums match
Round 5/5: v28_repeat; 6 checksums match
Round 5/5: node; 6 checksums match
table_events_97: v27 415.32 ns, v28 414.74 ns, v28_repeat 414.76 ns, node 75.02 ns
class_events_97: v27 422.82 ns, v28 418.88 ns, v28_repeat 417.23 ns, node 74.17 ns
buffers_7: v27 371.80 ns, v28 348.33 ns, v28_repeat 347.67 ns, node 12.38 ns
buffers_31: v27 371.69 ns, v28 348.20 ns, v28_repeat 348.08 ns, node 12.33 ns
calibrate_17: v27 84.16 ns, v28 84.01 ns, v28_repeat 83.90 ns, node 8.68 ns
calibrate_67: v27 84.92 ns, v28 84.81 ns, v28_repeat 84.86 ns, node 8.31 ns
