Round 1/5: v27; 6 checksums match
Round 1/5: v28; 6 checksums match
Round 1/5: v28_repeat; 6 checksums match
Round 1/5: node; 6 checksums match
Round 2/5: v28; 6 checksums match
Round 2/5: v28_repeat; 6 checksums match
Round 2/5: node; 6 checksums match
Round 2/5: v27; 6 checksums match
Round 3/5: v28_repeat; 6 checksums match
Round 3/5: node; 6 checksums match
Round 3/5: v27; 6 checksums match
Round 3/5: v28; 6 checksums match
Round 4/5: node; 6 checksums match
Round 4/5: v27; 6 checksums match
Round 4/5: v28; 6 checksums match
Round 4/5: v28_repeat; 6 checksums match
Round 5/5: v27; 6 checksums match
Round 5/5: v28; 6 checksums match
Round 5/5: v28_repeat; 6 checksums match
Round 5/5: node; 6 checksums match
transfer_table: v27 402.09 ns, v28 402.69 ns, v28_repeat 401.07 ns, node 17.86 ns
transfer_class: v27 415.76 ns, v28 416.30 ns, v28_repeat 415.43 ns, node 17.57 ns
transfer_mixed: v27 418.81 ns, v28 418.14 ns, v28_repeat 418.30 ns, node 29.01 ns
publish_table: v27 358.62 ns, v28 358.23 ns, v28_repeat 358.12 ns, node 13.28 ns
publish_class: v27 368.13 ns, v28 367.62 ns, v28_repeat 367.92 ns, node 13.64 ns
publish_mixed: v27 369.66 ns, v28 368.91 ns, v28_repeat 368.18 ns, node 20.78 ns
