Round 1/5: v27; 10 checksums match
Round 1/5: v28; 10 checksums match
Round 1/5: v28_repeat; 10 checksums match
Round 1/5: node; 10 checksums match
Round 2/5: v28; 10 checksums match
Round 2/5: v28_repeat; 10 checksums match
Round 2/5: node; 10 checksums match
Round 2/5: v27; 10 checksums match
Round 3/5: v28_repeat; 10 checksums match
Round 3/5: node; 10 checksums match
Round 3/5: v27; 10 checksums match
Round 3/5: v28; 10 checksums match
Round 4/5: node; 10 checksums match
Round 4/5: v27; 10 checksums match
Round 4/5: v28; 10 checksums match
Round 4/5: v28_repeat; 10 checksums match
Round 5/5: v27; 10 checksums match
Round 5/5: v28; 10 checksums match
Round 5/5: v28_repeat; 10 checksums match
Round 5/5: node; 10 checksums match
table_owners_1: v27 122.02 ns, v28 122.43 ns, v28_repeat 122.07 ns, node 8.91 ns
table_owners_2: v27 122.76 ns, v28 122.98 ns, v28_repeat 122.58 ns, node 8.78 ns
table_owners_5: v27 122.75 ns, v28 122.70 ns, v28_repeat 122.57 ns, node 8.34 ns
table_owners_19: v27 122.76 ns, v28 122.77 ns, v28_repeat 122.72 ns, node 8.36 ns
table_owners_257: v27 122.76 ns, v28 122.44 ns, v28_repeat 123.01 ns, node 11.81 ns
class_owners_1: v27 123.05 ns, v28 122.77 ns, v28_repeat 122.65 ns, node 8.35 ns
class_owners_2: v27 123.09 ns, v28 122.61 ns, v28_repeat 122.58 ns, node 8.35 ns
class_owners_5: v27 123.08 ns, v28 122.41 ns, v28_repeat 123.06 ns, node 8.18 ns
class_owners_19: v27 123.11 ns, v28 122.60 ns, v28_repeat 123.09 ns, node 8.18 ns
class_owners_257: v27 123.43 ns, v28 123.01 ns, v28_repeat 122.97 ns, node 8.55 ns
