Verified 6 functions and 137 exact resume guards
{
  "recycle": {
    "mapped_bytes": 8192,
    "code_bytes": 7344,
    "guard_count": 34,
    "common_publication_offset": 7032,
    "compact_trampoline": false
  },
  "transfer": {
    "mapped_bytes": 4096,
    "code_bytes": 3572,
    "guard_count": 13,
    "common_publication_offset": 3428,
    "compact_trampoline": false
  },
  "publish": {
    "mapped_bytes": 4096,
    "code_bytes": 2984,
    "guard_count": 10,
    "common_publication_offset": 2864,
    "compact_trampoline": false
  },
  "table_apply": {
    "mapped_bytes": 4096,
    "code_bytes": 3940,
    "guard_count": 15,
    "common_publication_offset": 3780,
    "compact_trampoline": false
  },
  "apply": {
    "mapped_bytes": 4096,
    "code_bytes": 3940,
    "guard_count": 15,
    "common_publication_offset": 3780,
    "compact_trampoline": false
  },
  "rotate_buffers": {
    "mapped_bytes": 8192,
    "code_bytes": 7408,
    "guard_count": 50,
    "common_publication_offset": 6928,
    "compact_trampoline": true
  }
}
