{
  "kernel-w4": {
    "geomean_v28_over_v27": 1.0000735405199355,
    "regressions_over_5pct_against_v27": [],
    "repeat_regressions_over_5pct_against_v27": []
  },
  "floats-w4": {
    "geomean_v28_over_v27": 0.997066182099772,
    "regressions_over_5pct_against_v27": [],
    "repeat_regressions_over_5pct_against_v27": []
  },
  "application-w4": {
    "geomean_v28_over_v27": 0.9992365119276339,
    "regressions_over_5pct_against_v27": [],
    "repeat_regressions_over_5pct_against_v27": []
  },
  "application-seed17-w4": {
    "geomean_v28_over_v27": 1.0039084992244813,
    "regressions_over_5pct_against_v27": [],
    "repeat_regressions_over_5pct_against_v27": []
  },
  "owners-w4": {
    "geomean_v28_over_v27": 0.9983141556314217,
    "regressions_over_5pct_against_v27": [],
    "repeat_regressions_over_5pct_against_v27": []
  },
  "members-w4": {
    "geomean_v28_over_v27": 0.9762445696015922,
    "regressions_over_5pct_against_v27": [],
    "repeat_regressions_over_5pct_against_v27": []
  },
  "methods-w4": {
    "geomean_v28_over_v27": 0.9984352607619227,
    "regressions_over_5pct_against_v27": [],
    "repeat_regressions_over_5pct_against_v27": []
  },
  "kernel-w5": {
    "geomean_v28_over_v27": 1.0013372322452376,
    "regressions_over_5pct_against_v27": [],
    "repeat_regressions_over_5pct_against_v27": []
  },
  "floats-w5": {
    "geomean_v28_over_v27": 0.9991668812034846,
    "regressions_over_5pct_against_v27": [],
    "repeat_regressions_over_5pct_against_v27": []
  },
  "application-w5": {
    "geomean_v28_over_v27": 1.0136795812704662,
    "regressions_over_5pct_against_v27": [],
    "repeat_regressions_over_5pct_against_v27": [
      "records_4096"
    ]
  },
  "application-seed17-w5": {
    "geomean_v28_over_v27": 1.0102728162069836,
    "regressions_over_5pct_against_v27": [
      "records_4096"
    ],
    "repeat_regressions_over_5pct_against_v27": [
      "records_4096"
    ]
  },
  "owners-w5": {
    "geomean_v28_over_v27": 1.0040381237302478,
    "regressions_over_5pct_against_v27": [],
    "repeat_regressions_over_5pct_against_v27": []
  },
  "members-w5": {
    "geomean_v28_over_v27": 0.9770696177420879,
    "regressions_over_5pct_against_v27": [],
    "repeat_regressions_over_5pct_against_v27": []
  },
  "methods-w5": {
    "geomean_v28_over_v27": 0.9994431123136195,
    "regressions_over_5pct_against_v27": [],
    "repeat_regressions_over_5pct_against_v27": []
  }
}
