{
  "aggregation": "56 equally weighted components; application seed17; nearest-rank p90",
  "speedup": 1.8813082824683165,
  "groups": {
    "kernels-seed17": {
      "count": 15,
      "speedup": 1.1901301263803281
    },
    "applications-seed17": {
      "count": 8,
      "speedup": 0.9929257485230727
    },
    "roots-seed17": {
      "count": 4,
      "speedup": 1.5907766936726904
    },
    "members": {
      "count": 6,
      "speedup": 1.1160947629295597
    },
    "owners": {
      "count": 10,
      "speedup": 7.264861839849693
    },
    "methods": {
      "count": 6,
      "speedup": 2.693132094374222
    },
    "floats": {
      "count": 7,
      "speedup": 1.9142839049136882
    }
  },
  "totals": {
    "sqgi_baseline": {
      "node": {
        "geomean": 15.241505512227647,
        "p90": 100.6201709589486
      },
      "gjs": {
        "geomean": 10.126946347151577,
        "p90": 50.48849104859335
      }
    },
    "sqgi": {
      "node": {
        "geomean": 8.101545958342603,
        "p90": 23.65789735480837
      },
      "gjs": {
        "geomean": 5.382927636859605,
        "p90": 12.577691107644304
      }
    }
  },
  "regressions_over_5pct": []
}
