1 83 5 1 v27 8 checksums match
1 83 5 1 v28 8 checksums match
1 83 5 1 v27_repeat 8 checksums match
1 83 5 1 v28_repeat 8 checksums match
1 83 5 2 v28 8 checksums match
1 83 5 2 v27_repeat 8 checksums match
1 83 5 2 v28_repeat 8 checksums match
1 83 5 2 v27 8 checksums match
1 83 5 3 v27_repeat 8 checksums match
1 83 5 3 v28_repeat 8 checksums match
1 83 5 3 v27 8 checksums match
1 83 5 3 v28 8 checksums match
1 83 5 4 v28_repeat 8 checksums match
1 83 5 4 v27 8 checksums match
1 83 5 4 v28 8 checksums match
1 83 5 4 v27_repeat 8 checksums match
1 83 5 5 v27 8 checksums match
1 83 5 5 v28 8 checksums match
1 83 5 5 v27_repeat 8 checksums match
1 83 5 5 v28_repeat 8 checksums match
RECORDS_MEDIANS 1 83 5 {"v27": 0.228400787, "v28": 0.233103252, "v27_repeat": 0.231010767, "v28_repeat": 0.2267183}
1 83 4 1 v27 8 checksums match
1 83 4 1 v28 8 checksums match
1 83 4 1 v27_repeat 8 checksums match
1 83 4 1 v28_repeat 8 checksums match
1 83 4 2 v28 8 checksums match
1 83 4 2 v27_repeat 8 checksums match
1 83 4 2 v28_repeat 8 checksums match
1 83 4 2 v27 8 checksums match
1 83 4 3 v27_repeat 8 checksums match
1 83 4 3 v28_repeat 8 checksums match
1 83 4 3 v27 8 checksums match
1 83 4 3 v28 8 checksums match
1 83 4 4 v28_repeat 8 checksums match
1 83 4 4 v27 8 checksums match
1 83 4 4 v28 8 checksums match
1 83 4 4 v27_repeat 8 checksums match
1 83 4 5 v27 8 checksums match
1 83 4 5 v28 8 checksums match
1 83 4 5 v27_repeat 8 checksums match
1 83 4 5 v28_repeat 8 checksums match
RECORDS_MEDIANS 1 83 4 {"v27": 0.234478241, "v28": 0.227735792, "v27_repeat": 0.240853194, "v28_repeat": 0.236830724}
1 17 5 1 v27 8 checksums match
1 17 5 1 v28 8 checksums match
1 17 5 1 v27_repeat 8 checksums match
1 17 5 1 v28_repeat 8 checksums match
1 17 5 2 v28 8 checksums match
1 17 5 2 v27_repeat 8 checksums match
1 17 5 2 v28_repeat 8 checksums match
1 17 5 2 v27 8 checksums match
1 17 5 3 v27_repeat 8 checksums match
1 17 5 3 v28_repeat 8 checksums match
1 17 5 3 v27 8 checksums match
1 17 5 3 v28 8 checksums match
1 17 5 4 v28_repeat 8 checksums match
1 17 5 4 v27 8 checksums match
1 17 5 4 v28 8 checksums match
1 17 5 4 v27_repeat 8 checksums match
1 17 5 5 v27 8 checksums match
1 17 5 5 v28 8 checksums match
1 17 5 5 v27_repeat 8 checksums match
1 17 5 5 v28_repeat 8 checksums match
RECORDS_MEDIANS 1 17 5 {"v27": 0.240485, "v28": 0.24214, "v27_repeat": 0.245255, "v28_repeat": 0.24306}
1 17 4 1 v27 8 checksums match
1 17 4 1 v28 8 checksums match
1 17 4 1 v27_repeat 8 checksums match
1 17 4 1 v28_repeat 8 checksums match
1 17 4 2 v28 8 checksums match
1 17 4 2 v27_repeat 8 checksums match
1 17 4 2 v28_repeat 8 checksums match
1 17 4 2 v27 8 checksums match
1 17 4 3 v27_repeat 8 checksums match
1 17 4 3 v28_repeat 8 checksums match
1 17 4 3 v27 8 checksums match
1 17 4 3 v28 8 checksums match
1 17 4 4 v28_repeat 8 checksums match
1 17 4 4 v27 8 checksums match
1 17 4 4 v28 8 checksums match
1 17 4 4 v27_repeat 8 checksums match
1 17 4 5 v27 8 checksums match
1 17 4 5 v28 8 checksums match
1 17 4 5 v27_repeat 8 checksums match
1 17 4 5 v28_repeat 8 checksums match
RECORDS_MEDIANS 1 17 4 {"v27": 0.234635, "v28": 0.236285, "v27_repeat": 0.23568, "v28_repeat": 0.240305}
2 17 4 1 v28 8 checksums match
2 17 4 1 v27_repeat 8 checksums match
2 17 4 1 v28_repeat 8 checksums match
2 17 4 1 v27 8 checksums match
2 17 4 2 v27_repeat 8 checksums match
2 17 4 2 v28_repeat 8 checksums match
2 17 4 2 v27 8 checksums match
2 17 4 2 v28 8 checksums match
2 17 4 3 v28_repeat 8 checksums match
2 17 4 3 v27 8 checksums match
2 17 4 3 v28 8 checksums match
2 17 4 3 v27_repeat 8 checksums match
2 17 4 4 v27 8 checksums match
2 17 4 4 v28 8 checksums match
2 17 4 4 v27_repeat 8 checksums match
2 17 4 4 v28_repeat 8 checksums match
2 17 4 5 v28 8 checksums match
2 17 4 5 v27_repeat 8 checksums match
2 17 4 5 v28_repeat 8 checksums match
2 17 4 5 v27 8 checksums match
RECORDS_MEDIANS 2 17 4 {"v27": 0.24219, "v28": 0.243505, "v27_repeat": 0.241065, "v28_repeat": 0.24263}
2 17 5 1 v28 8 checksums match
2 17 5 1 v27_repeat 8 checksums match
2 17 5 1 v28_repeat 8 checksums match
2 17 5 1 v27 8 checksums match
2 17 5 2 v27_repeat 8 checksums match
2 17 5 2 v28_repeat 8 checksums match
2 17 5 2 v27 8 checksums match
2 17 5 2 v28 8 checksums match
2 17 5 3 v28_repeat 8 checksums match
2 17 5 3 v27 8 checksums match
2 17 5 3 v28 8 checksums match
2 17 5 3 v27_repeat 8 checksums match
2 17 5 4 v27 8 checksums match
2 17 5 4 v28 8 checksums match
2 17 5 4 v27_repeat 8 checksums match
2 17 5 4 v28_repeat 8 checksums match
2 17 5 5 v28 8 checksums match
2 17 5 5 v27_repeat 8 checksums match
2 17 5 5 v28_repeat 8 checksums match
2 17 5 5 v27 8 checksums match
RECORDS_MEDIANS 2 17 5 {"v27": 0.245245, "v28": 0.244675, "v27_repeat": 0.235815, "v28_repeat": 0.247105}
2 83 4 1 v28 8 checksums match
2 83 4 1 v27_repeat 8 checksums match
2 83 4 1 v28_repeat 8 checksums match
2 83 4 1 v27 8 checksums match
2 83 4 2 v27_repeat 8 checksums match
2 83 4 2 v28_repeat 8 checksums match
2 83 4 2 v27 8 checksums match
2 83 4 2 v28 8 checksums match
2 83 4 3 v28_repeat 8 checksums match
2 83 4 3 v27 8 checksums match
2 83 4 3 v28 8 checksums match
2 83 4 3 v27_repeat 8 checksums match
2 83 4 4 v27 8 checksums match
2 83 4 4 v28 8 checksums match
2 83 4 4 v27_repeat 8 checksums match
2 83 4 4 v28_repeat 8 checksums match
2 83 4 5 v28 8 checksums match
2 83 4 5 v27_repeat 8 checksums match
2 83 4 5 v28_repeat 8 checksums match
2 83 4 5 v27 8 checksums match
RECORDS_MEDIANS 2 83 4 {"v27": 0.234253243, "v28": 0.229618278, "v27_repeat": 0.22528331, "v28_repeat": 0.225463309}
2 83 5 1 v28 8 checksums match
2 83 5 1 v27_repeat 8 checksums match
2 83 5 1 v28_repeat 8 checksums match
2 83 5 1 v27 8 checksums match
2 83 5 2 v27_repeat 8 checksums match
2 83 5 2 v28_repeat 8 checksums match
2 83 5 2 v27 8 checksums match
2 83 5 2 v28 8 checksums match
2 83 5 3 v28_repeat 8 checksums match
2 83 5 3 v27 8 checksums match
2 83 5 3 v28 8 checksums match
2 83 5 3 v27_repeat 8 checksums match
2 83 5 4 v27 8 checksums match
2 83 5 4 v28 8 checksums match
2 83 5 4 v27_repeat 8 checksums match
2 83 5 4 v28_repeat 8 checksums match
2 83 5 5 v28 8 checksums match
2 83 5 5 v27_repeat 8 checksums match
2 83 5 5 v28_repeat 8 checksums match
2 83 5 5 v27 8 checksums match
RECORDS_MEDIANS 2 83 5 {"v27": 0.2266383, "v28": 0.229858276, "v27_repeat": 0.232165759, "v28_repeat": 0.237228221}
3 83 5 1 v27_repeat 8 checksums match
3 83 5 1 v28_repeat 8 checksums match
3 83 5 1 v27 8 checksums match
3 83 5 1 v28 8 checksums match
3 83 5 2 v28_repeat 8 checksums match
3 83 5 2 v27 8 checksums match
3 83 5 2 v28 8 checksums match
3 83 5 2 v27_repeat 8 checksums match
3 83 5 3 v27 8 checksums match
3 83 5 3 v28 8 checksums match
3 83 5 3 v27_repeat 8 checksums match
3 83 5 3 v28_repeat 8 checksums match
3 83 5 4 v28 8 checksums match
3 83 5 4 v27_repeat 8 checksums match
3 83 5 4 v28_repeat 8 checksums match
3 83 5 4 v27 8 checksums match
3 83 5 5 v27_repeat 8 checksums match
3 83 5 5 v28_repeat 8 checksums match
3 83 5 5 v27 8 checksums match
3 83 5 5 v28 8 checksums match
RECORDS_MEDIANS 3 83 5 {"v27": 0.233915746, "v28": 0.231505764, "v27_repeat": 0.226940798, "v28_repeat": 0.226858299}
3 83 4 1 v27_repeat 8 checksums match
3 83 4 1 v28_repeat 8 checksums match
3 83 4 1 v27 8 checksums match
3 83 4 1 v28 8 checksums match
3 83 4 2 v28_repeat 8 checksums match
3 83 4 2 v27 8 checksums match
3 83 4 2 v28 8 checksums match
3 83 4 2 v27_repeat 8 checksums match
3 83 4 3 v27 8 checksums match
3 83 4 3 v28 8 checksums match
3 83 4 3 v27_repeat 8 checksums match
3 83 4 3 v28_repeat 8 checksums match
3 83 4 4 v28 8 checksums match
3 83 4 4 v27_repeat 8 checksums match
3 83 4 4 v28_repeat 8 checksums match
3 83 4 4 v27 8 checksums match
3 83 4 5 v27_repeat 8 checksums match
3 83 4 5 v28_repeat 8 checksums match
3 83 4 5 v27 8 checksums match
3 83 4 5 v28 8 checksums match
RECORDS_MEDIANS 3 83 4 {"v27": 0.230258273, "v28": 0.234175744, "v27_repeat": 0.237053222, "v28_repeat": 0.237740717}
3 17 5 1 v27_repeat 8 checksums match
3 17 5 1 v28_repeat 8 checksums match
3 17 5 1 v27 8 checksums match
3 17 5 1 v28 8 checksums match
3 17 5 2 v28_repeat 8 checksums match
3 17 5 2 v27 8 checksums match
3 17 5 2 v28 8 checksums match
3 17 5 2 v27_repeat 8 checksums match
3 17 5 3 v27 8 checksums match
3 17 5 3 v28 8 checksums match
3 17 5 3 v27_repeat 8 checksums match
3 17 5 3 v28_repeat 8 checksums match
3 17 5 4 v28 8 checksums match
3 17 5 4 v27_repeat 8 checksums match
3 17 5 4 v28_repeat 8 checksums match
3 17 5 4 v27 8 checksums match
3 17 5 5 v27_repeat 8 checksums match
3 17 5 5 v28_repeat 8 checksums match
3 17 5 5 v27 8 checksums match
3 17 5 5 v28 8 checksums match
RECORDS_MEDIANS 3 17 5 {"v27": 0.23717, "v28": 0.23655, "v27_repeat": 0.23181, "v28_repeat": 0.23966}
3 17 4 1 v27_repeat 8 checksums match
3 17 4 1 v28_repeat 8 checksums match
3 17 4 1 v27 8 checksums match
3 17 4 1 v28 8 checksums match
3 17 4 2 v28_repeat 8 checksums match
3 17 4 2 v27 8 checksums match
3 17 4 2 v28 8 checksums match
3 17 4 2 v27_repeat 8 checksums match
3 17 4 3 v27 8 checksums match
3 17 4 3 v28 8 checksums match
3 17 4 3 v27_repeat 8 checksums match
3 17 4 3 v28_repeat 8 checksums match
3 17 4 4 v28 8 checksums match
3 17 4 4 v27_repeat 8 checksums match
3 17 4 4 v28_repeat 8 checksums match
3 17 4 4 v27 8 checksums match
3 17 4 5 v27_repeat 8 checksums match
3 17 4 5 v28_repeat 8 checksums match
3 17 4 5 v27 8 checksums match
3 17 4 5 v28 8 checksums match
RECORDS_MEDIANS 3 17 4 {"v27": 0.23782, "v28": 0.239315, "v27_repeat": 0.239975, "v28_repeat": 0.241995}
4 17 4 1 v28_repeat 8 checksums match
4 17 4 1 v27 8 checksums match
4 17 4 1 v28 8 checksums match
4 17 4 1 v27_repeat 8 checksums match
4 17 4 2 v27 8 checksums match
4 17 4 2 v28 8 checksums match
4 17 4 2 v27_repeat 8 checksums match
4 17 4 2 v28_repeat 8 checksums match
4 17 4 3 v28 8 checksums match
4 17 4 3 v27_repeat 8 checksums match
4 17 4 3 v28_repeat 8 checksums match
4 17 4 3 v27 8 checksums match
4 17 4 4 v27_repeat 8 checksums match
4 17 4 4 v28_repeat 8 checksums match
4 17 4 4 v27 8 checksums match
4 17 4 4 v28 8 checksums match
4 17 4 5 v28_repeat 8 checksums match
4 17 4 5 v27 8 checksums match
4 17 4 5 v28 8 checksums match
4 17 4 5 v27_repeat 8 checksums match
RECORDS_MEDIANS 4 17 4 {"v27": 0.239515, "v28": 0.24214, "v27_repeat": 0.24286, "v28_repeat": 0.246015}
4 17 5 1 v28_repeat 8 checksums match
4 17 5 1 v27 8 checksums match
4 17 5 1 v28 8 checksums match
4 17 5 1 v27_repeat 8 checksums match
4 17 5 2 v27 8 checksums match
4 17 5 2 v28 8 checksums match
4 17 5 2 v27_repeat 8 checksums match
4 17 5 2 v28_repeat 8 checksums match
4 17 5 3 v28 8 checksums match
4 17 5 3 v27_repeat 8 checksums match
4 17 5 3 v28_repeat 8 checksums match
4 17 5 3 v27 8 checksums match
4 17 5 4 v27_repeat 8 checksums match
4 17 5 4 v28_repeat 8 checksums match
4 17 5 4 v27 8 checksums match
4 17 5 4 v28 8 checksums match
4 17 5 5 v28_repeat 8 checksums match
4 17 5 5 v27 8 checksums match
4 17 5 5 v28 8 checksums match
4 17 5 5 v27_repeat 8 checksums match
RECORDS_MEDIANS 4 17 5 {"v27": 0.244095, "v28": 0.24028, "v27_repeat": 0.23469, "v28_repeat": 0.23439}
4 83 4 1 v28_repeat 8 checksums match
4 83 4 1 v27 8 checksums match
4 83 4 1 v28 8 checksums match
4 83 4 1 v27_repeat 8 checksums match
4 83 4 2 v27 8 checksums match
4 83 4 2 v28 8 checksums match
4 83 4 2 v27_repeat 8 checksums match
4 83 4 2 v28_repeat 8 checksums match
4 83 4 3 v28 8 checksums match
4 83 4 3 v27_repeat 8 checksums match
4 83 4 3 v28_repeat 8 checksums match
4 83 4 3 v27 8 checksums match
4 83 4 4 v27_repeat 8 checksums match
4 83 4 4 v28_repeat 8 checksums match
4 83 4 4 v27 8 checksums match
4 83 4 4 v28 8 checksums match
4 83 4 5 v28_repeat 8 checksums match
4 83 4 5 v27 8 checksums match
4 83 4 5 v28 8 checksums match
4 83 4 5 v27_repeat 8 checksums match
RECORDS_MEDIANS 4 83 4 {"v27": 0.235018237, "v28": 0.235088237, "v27_repeat": 0.235850731, "v28_repeat": 0.241215691}
4 83 5 1 v28_repeat 8 checksums match
4 83 5 1 v27 8 checksums match
4 83 5 1 v28 8 checksums match
4 83 5 1 v27_repeat 8 checksums match
4 83 5 2 v27 8 checksums match
4 83 5 2 v28 8 checksums match
4 83 5 2 v27_repeat 8 checksums match
4 83 5 2 v28_repeat 8 checksums match
4 83 5 3 v28 8 checksums match
4 83 5 3 v27_repeat 8 checksums match
4 83 5 3 v28_repeat 8 checksums match
4 83 5 3 v27 8 checksums match
4 83 5 4 v27_repeat 8 checksums match
4 83 5 4 v28_repeat 8 checksums match
4 83 5 4 v27 8 checksums match
4 83 5 4 v28 8 checksums match
4 83 5 5 v28_repeat 8 checksums match
4 83 5 5 v27 8 checksums match
4 83 5 5 v28 8 checksums match
4 83 5 5 v27_repeat 8 checksums match
RECORDS_MEDIANS 4 83 5 {"v27": 0.228460787, "v28": 0.2267058, "v27_repeat": 0.224388317, "v28_repeat": 0.231848261}
