{
  "full56_speedup": 1.8813082824683165,
  "ratios": {
    "node": {
      "geomean": 8.101545958342603,
      "p90": 23.65789735480837
    },
    "gjs": {
      "geomean": 5.382927636859605,
      "p90": 12.577691107644304
    }
  },
  "node_top6": [
    {
      "suite": "kernels-seed17",
      "name": "object_member_write_fallback",
      "sqgi_ns": 472.481,
      "engine_ns": 12.608975,
      "ratio": 37.47180084027449
    },
    {
      "suite": "members",
      "name": "buffers_31",
      "sqgi_ns": 348.78999999999996,
      "engine_ns": 12.340275,
      "ratio": 28.264362017864265
    },
    {
      "suite": "members",
      "name": "buffers_7",
      "sqgi_ns": 348.04,
      "engine_ns": 12.394229999999999,
      "ratio": 28.080808569794176
    },
    {
      "suite": "methods",
      "name": "publish_class",
      "sqgi_ns": 369.90000000000003,
      "engine_ns": 13.661505,
      "ratio": 27.076079831614454
    },
    {
      "suite": "methods",
      "name": "publish_table",
      "sqgi_ns": 359.875,
      "engine_ns": 13.394635000000001,
      "ratio": 26.86710014867893
    },
    {
      "suite": "methods",
      "name": "transfer_class",
      "sqgi_ns": 417.35499999999996,
      "engine_ns": 17.641255,
      "ratio": 23.65789735480837
    }
  ],
  "gjs_top6": [
    {
      "suite": "members",
      "name": "buffers_31",
      "sqgi_ns": 348.78999999999996,
      "engine_ns": 18.294999999999998,
      "ratio": 19.06477179557256
    },
    {
      "suite": "members",
      "name": "buffers_7",
      "sqgi_ns": 348.04,
      "engine_ns": 20.5,
      "ratio": 16.97756097560976
    },
    {
      "suite": "methods",
      "name": "transfer_class",
      "sqgi_ns": 417.35499999999996,
      "engine_ns": 31.295,
      "ratio": 13.336155935452945
    },
    {
      "suite": "methods",
      "name": "publish_class",
      "sqgi_ns": 369.90000000000003,
      "engine_ns": 28.26,
      "ratio": 13.089171974522294
    },
    {
      "suite": "methods",
      "name": "publish_table",
      "sqgi_ns": 359.875,
      "engine_ns": 28.174999999999997,
      "ratio": 12.772848269742681
    },
    {
      "suite": "methods",
      "name": "transfer_table",
      "sqgi_ns": 403.115,
      "engine_ns": 32.050000000000004,
      "ratio": 12.577691107644304
    }
  ]
}
