{
  "17-w5": {
    "original_ratios": {
      "v28": 1.0859209215711747,
      "v28_repeat": 1.0881945346671864
    },
    "new": {
      "paired_rounds": 20,
      "geomean_ratio": 0.9969597817163871,
      "paired_bootstrap_95_interval": [
        0.9744475829530814,
        1.0194515472351595
      ]
    },
    "original_plus_new": {
      "paired_rounds": 25,
      "geomean_ratio": 1.0156536181044653,
      "paired_bootstrap_95_interval": [
        0.9895350759405235,
        1.042987885521898
      ]
    },
    "pooled_new_median_ratio": 1.000332858316777,
    "new_samples_per_version": 40,
    "pooled_new_range_ns": {
      "v27": [
        229.005,
        324.28000000000003
      ],
      "v28": [
        228.13,
        283.02
      ]
    },
    "block_geomean_ratios": [
      0.9681109098839078,
      1.0118437357078658,
      1.0140858592663167,
      0.9944827784771854
    ],
    "block_copy_ratios": [
      {
        "v27": 1.0198349169386864,
        "v28": 1.0037994548608242
      },
      {
        "v27": 0.9615486554262065,
        "v28": 1.0099315418412178
      },
      {
        "v27": 0.9774001770881646,
        "v28": 1.0131473261466921
      },
      {
        "v27": 0.9614699194985559,
        "v28": 0.9754869319127684
      }
    ],
    "material_regression_excluded": true
  },
  "17-w4": {
    "original_ratios": {
      "v28": 1.0189870744276421,
      "v28_repeat": 1.01144715721889
    },
    "new": {
      "paired_rounds": 20,
      "geomean_ratio": 1.018689303471081,
      "paired_bootstrap_95_interval": [
        1.0015154943849915,
        1.0371698421443516
      ]
    },
    "original_plus_new": {
      "paired_rounds": 25,
      "geomean_ratio": 1.019829129003098,
      "paired_bootstrap_95_interval": [
        1.0046255580033292,
        1.0358561699039157
      ]
    },
    "pooled_new_median_ratio": 1.0136897274633125,
    "new_samples_per_version": 40,
    "pooled_new_range_ns": {
      "v27": [
        227.855,
        260.96999999999997
      ],
      "v28": [
        227.99,
        290.92
      ]
    },
    "block_geomean_ratios": [
      1.028410245780658,
      1.0238735507980945,
      1.0072262106954117,
      1.0153768233785139
    ],
    "block_copy_ratios": [
      {
        "v27": 1.0044537259999573,
        "v28": 1.0170133525192036
      },
      {
        "v27": 0.9953548866592346,
        "v28": 0.9964066446274205
      },
      {
        "v27": 1.0090614750651754,
        "v28": 1.0111986294214736
      },
      {
        "v27": 1.0139657223973446,
        "v28": 1.0160031386801025
      }
    ],
    "material_regression_excluded": true
  },
  "83-w5": {
    "original_ratios": {
      "v28": 1.0466350785796557,
      "v28_repeat": 1.0678907486228568
    },
    "new": {
      "paired_rounds": 20,
      "geomean_ratio": 0.9974366928635301,
      "paired_bootstrap_95_interval": [
        0.9888603757655596,
        1.0061089329408592
      ]
    },
    "original_plus_new": {
      "paired_rounds": 25,
      "geomean_ratio": 1.0078891129713667,
      "paired_bootstrap_95_interval": [
        0.9969346273188273,
        1.0197092334559184
      ]
    },
    "pooled_new_median_ratio": 1.002760949695577,
    "new_samples_per_version": 40,
    "pooled_new_range_ns": {
      "v27": [
        217.628368,
        266.195504
      ],
      "v28": [
        219.99585,
        253.3631
      ]
    },
    "block_geomean_ratios": [
      0.996203062032342,
      1.0121530516953785,
      0.9835089900501791,
      0.9980883061584488
    ],
    "block_copy_ratios": [
      {
        "v27": 1.0114271935499066,
        "v28": 0.9726089106641893
      },
      {
        "v27": 1.024388900728606,
        "v28": 1.0320629960698042
      },
      {
        "v27": 0.970181793576222,
        "v28": 0.9799250570711493
      },
      {
        "v27": 0.9821743151046749,
        "v28": 1.0226834117168595
      }
    ],
    "material_regression_excluded": true
  },
  "83-w4": {
    "original_ratios": {
      "v28": 1.003251129109893,
      "v28_repeat": 0.9810803730974391
    },
    "new": {
      "paired_rounds": 20,
      "geomean_ratio": 1.0056434043401996,
      "paired_bootstrap_95_interval": [
        0.9880710962055196,
        1.0244028945492636
      ]
    },
    "original_plus_new": {
      "paired_rounds": 25,
      "geomean_ratio": 1.0020365336609622,
      "paired_bootstrap_95_interval": [
        0.987715924921915,
        1.017546773486888
      ]
    },
    "pooled_new_median_ratio": 1.0002144788204448,
    "new_samples_per_version": 40,
    "pooled_new_range_ns": {
      "v27": [
        213.2834,
        266.26050299999997
      ],
      "v28": [
        221.928336,
        270.59297100000003
      ]
    },
    "block_geomean_ratios": [
      0.993400317609533,
      1.0094387294692342,
      1.014739599530308,
      1.0051182800466825
    ],
    "block_copy_ratios": [
      {
        "v27": 1.0271878233682246,
        "v28": 1.0399363311323502
      },
      {
        "v27": 0.9617083935098392,
        "v28": 0.9819048856380675
      },
      {
        "v27": 1.029510118839465,
        "v28": 1.0152234938559648
      },
      {
        "v27": 1.0035422527656865,
        "v28": 1.0260644857360515
      }
    ],
    "material_regression_excluded": true
  }
}
ALL EIGHT CASES EXCLUDED True
