Round 1/5: sqgi; all 8 checksums match
Round 1/5: sqgi_baseline; all 8 checksums match
Round 1/5: node; all 8 checksums match
Round 1/5: gjs; all 8 checksums match
Round 1/5: python; all 8 checksums match
Round 2/5: sqgi_baseline; all 8 checksums match
Round 2/5: node; all 8 checksums match
Round 2/5: gjs; all 8 checksums match
Round 2/5: python; all 8 checksums match
Round 2/5: sqgi; all 8 checksums match
Round 3/5: node; all 8 checksums match
Round 3/5: gjs; all 8 checksums match
Round 3/5: python; all 8 checksums match
Round 3/5: sqgi; all 8 checksums match
Round 3/5: sqgi_baseline; all 8 checksums match
Round 4/5: gjs; all 8 checksums match
Round 4/5: python; all 8 checksums match
Round 4/5: sqgi; all 8 checksums match
Round 4/5: sqgi_baseline; all 8 checksums match
Round 4/5: node; all 8 checksums match
Round 5/5: python; all 8 checksums match
Round 5/5: sqgi; all 8 checksums match
Round 5/5: sqgi_baseline; all 8 checksums match
Round 5/5: node; all 8 checksums match
Round 5/5: gjs; all 8 checksums match
Microseconds per iteration; lower is faster
kernel	sqgi	sqgi_baseline	node	gjs	python
route_balanced	0.053585000	0.052135000	0.005971825	0.006385000	0.260689370
route_skewed	0.052155000	0.051265000	0.005766200	0.006745000	0.258806680
pricing_events	0.057925000	0.058050000	0.011121150	0.017350000	0.431776575
filter_stream	0.056245000	0.055250000	0.005039960	0.011215000	0.240116845
records_64	0.134850000	0.134675000	0.015853400	0.038595000	0.565313505
records_4096	0.260610000	0.273575000	0.020477735	0.044360000	0.703000860
word_count	0.266220000	0.266235000	0.074180390	0.124000000	0.361977015
graph_walk	0.012375000	0.012420000	0.004774545	0.007670000	0.129516345
