Round 1/5: sqgi; all 8 checksums match
Round 1/5: sqgi_baseline; all 8 checksums match
Round 1/5: node; all 8 checksums match
Round 1/5: gjs; all 8 checksums match
Round 1/5: python; all 8 checksums match
Round 2/5: sqgi_baseline; all 8 checksums match
Round 2/5: node; all 8 checksums match
Round 2/5: gjs; all 8 checksums match
Round 2/5: python; all 8 checksums match
Round 2/5: sqgi; all 8 checksums match
Round 3/5: node; all 8 checksums match
Round 3/5: gjs; all 8 checksums match
Round 3/5: python; all 8 checksums match
Round 3/5: sqgi; all 8 checksums match
Round 3/5: sqgi_baseline; all 8 checksums match
Round 4/5: gjs; all 8 checksums match
Round 4/5: python; all 8 checksums match
Round 4/5: sqgi; all 8 checksums match
Round 4/5: sqgi_baseline; all 8 checksums match
Round 4/5: node; all 8 checksums match
Round 5/5: python; all 8 checksums match
Round 5/5: sqgi; all 8 checksums match
Round 5/5: sqgi_baseline; all 8 checksums match
Round 5/5: node; all 8 checksums match
Round 5/5: gjs; all 8 checksums match
Microseconds per iteration; lower is faster
kernel	sqgi	sqgi_baseline	node	gjs	python
route_balanced	0.053817096	0.051839611	0.005971775	0.006352452	0.261157626
route_skewed	0.052644605	0.051089617	0.005737717	0.006669950	0.258936648
pricing_events	0.057634568	0.057752067	0.011099189	0.017327370	0.432332523
filter_stream	0.056584576	0.054994588	0.005031167	0.009402429	0.240051542
records_64	0.135548983	0.132434007	0.015428179	0.038552211	0.570287108
records_4096	0.250110624	0.264155519	0.019727277	0.042894678	0.681755074
word_count	0.267037997	0.265068012	0.073674497	0.122721580	0.367792067
graph_walk	0.012394907	0.012324908	0.004762107	0.007149946	0.128984533
