Round 1/5: audit; 7 checksums match
Round 1/5: v18; 7 checksums match
Round 1/5: v19; 7 checksums match
Round 1/5: v19_repeat; 7 checksums match
Round 1/5: node; 7 checksums match
Round 2/5: v18; 7 checksums match
Round 2/5: v19; 7 checksums match
Round 2/5: v19_repeat; 7 checksums match
Round 2/5: node; 7 checksums match
Round 2/5: audit; 7 checksums match
Round 3/5: v19; 7 checksums match
Round 3/5: v19_repeat; 7 checksums match
Round 3/5: node; 7 checksums match
Round 3/5: audit; 7 checksums match
Round 3/5: v18; 7 checksums match
Round 4/5: v19_repeat; 7 checksums match
Round 4/5: node; 7 checksums match
Round 4/5: audit; 7 checksums match
Round 4/5: v18; 7 checksums match
Round 4/5: v19; 7 checksums match
Round 5/5: node; 7 checksums match
Round 5/5: audit; 7 checksums match
Round 5/5: v18; 7 checksums match
Round 5/5: v19; 7 checksums match
Round 5/5: v19_repeat; 7 checksums match
filter: audit 23.28 ns, v18 24.50 ns, v19 24.21 ns, v19_repeat 24.30 ns, node 2.44 ns
channels_4: audit 78.83 ns, v18 84.21 ns, v19 80.62 ns, v19_repeat 80.92 ns, node 5.42 ns
pressure_8: audit 153.97 ns, v18 162.94 ns, v19 168.45 ns, v19_repeat 169.05 ns, node 10.35 ns
integration: audit 37.29 ns, v18 38.32 ns, v19 37.10 ns, v19_repeat 37.39 ns, node 7.52 ns
retained_input: audit 44.76 ns, v18 47.09 ns, v19 46.15 ns, v19_repeat 46.46 ns, node 4.27 ns
branching: audit 31.47 ns, v18 31.73 ns, v19 31.30 ns, v19_repeat 31.44 ns, node 6.44 ns
helper_control: audit 54.84 ns, v18 55.91 ns, v19 53.44 ns, v19_repeat 53.67 ns, node 3.62 ns
