Round 1/5: audit; 7 checksums match
Round 1/5: v18; 7 checksums match
Round 1/5: v19; 7 checksums match
Round 1/5: v19_repeat; 7 checksums match
Round 1/5: node; 7 checksums match
Round 2/5: v18; 7 checksums match
Round 2/5: v19; 7 checksums match
Round 2/5: v19_repeat; 7 checksums match
Round 2/5: node; 7 checksums match
Round 2/5: audit; 7 checksums match
Round 3/5: v19; 7 checksums match
Round 3/5: v19_repeat; 7 checksums match
Round 3/5: node; 7 checksums match
Round 3/5: audit; 7 checksums match
Round 3/5: v18; 7 checksums match
Round 4/5: v19_repeat; 7 checksums match
Round 4/5: node; 7 checksums match
Round 4/5: audit; 7 checksums match
Round 4/5: v18; 7 checksums match
Round 4/5: v19; 7 checksums match
Round 5/5: node; 7 checksums match
Round 5/5: audit; 7 checksums match
Round 5/5: v18; 7 checksums match
Round 5/5: v19; 7 checksums match
Round 5/5: v19_repeat; 7 checksums match
filter: audit 23.41 ns, v18 24.84 ns, v19 23.98 ns, v19_repeat 24.16 ns, node 2.45 ns
channels_4: audit 78.81 ns, v18 84.91 ns, v19 80.42 ns, v19_repeat 80.82 ns, node 5.43 ns
pressure_8: audit 153.83 ns, v18 162.47 ns, v19 166.23 ns, v19_repeat 167.00 ns, node 10.32 ns
integration: audit 37.28 ns, v18 37.93 ns, v19 36.84 ns, v19_repeat 36.88 ns, node 7.54 ns
retained_input: audit 45.19 ns, v18 47.08 ns, v19 46.21 ns, v19_repeat 46.29 ns, node 4.45 ns
branching: audit 31.42 ns, v18 31.67 ns, v19 31.27 ns, v19_repeat 31.34 ns, node 6.45 ns
helper_control: audit 54.79 ns, v18 55.42 ns, v19 53.41 ns, v19_repeat 54.36 ns, node 3.62 ns
