Round 1/5: sqgi; all 15 checksums match
Round 1/5: sqgi_baseline; all 15 checksums match
Round 1/5: node; all 15 checksums match
Round 1/5: gjs; all 15 checksums match
Round 1/5: python; all 15 checksums match
Round 2/5: sqgi_baseline; all 15 checksums match
Round 2/5: node; all 15 checksums match
Round 2/5: gjs; all 15 checksums match
Round 2/5: python; all 15 checksums match
Round 2/5: sqgi; all 15 checksums match
Round 3/5: node; all 15 checksums match
Round 3/5: gjs; all 15 checksums match
Round 3/5: python; all 15 checksums match
Round 3/5: sqgi; all 15 checksums match
Round 3/5: sqgi_baseline; all 15 checksums match
Round 4/5: gjs; all 15 checksums match
Round 4/5: python; all 15 checksums match
Round 4/5: sqgi; all 15 checksums match
Round 4/5: sqgi_baseline; all 15 checksums match
Round 4/5: node; all 15 checksums match
Round 5/5: python; all 15 checksums match
Round 5/5: sqgi; all 15 checksums match
Round 5/5: sqgi_baseline; all 15 checksums match
Round 5/5: node; all 15 checksums match
Round 5/5: gjs; all 15 checksums match
Microseconds per iteration; lower is faster
kernel	sqgi	sqgi_baseline	node	gjs	python
direct_call	0.035262000	0.034120000	0.006740084	0.010705938	0.335089633
branch_call	0.032971000	0.032180000	0.004814919	0.007015937	0.236834499
float_call	0.021694000	0.021255000	0.002640654	0.009480000	0.133621948
numeric_loop	0.022817000	0.022798000	0.007435341	0.012724062	0.238698462
vector	0.377381000	0.377944000	0.566718794	0.513725000	5.146687744
dynamic_member	0.724025000	1.511644000	0.109044125	0.078937500	0.874506200
dynamic_key_get_set	0.182575000	0.182525000	0.062177388	0.027687500	0.405746975
object_member_write_fallback	0.471000000	0.472925000	0.012672806	0.046925000	0.686027050
array_append	0.113219000	0.127800000	0.037407756	0.016768750	0.220529200
array_write	0.036794000	0.036744000	0.004571838	0.006018750	0.186566825
array_read	0.007047000	0.007407000	0.002627167	0.003511875	0.083655792
array_float	0.006773000	0.007065000	0.002189304	0.003065938	0.073513621
math_intrinsic	0.208419000	0.201419000	0.041075456	0.009850000	0.555793494
math_variable	0.219925000	0.217594000	0.153820181	0.106150000	0.505809406
matrix	0.309325000	0.313337000	0.022722463	0.066075000	1.136931106
