Round 1/5: v18; 6 checksums match
Round 1/5: v19; 6 checksums match
Round 1/5: node; 6 checksums match
Round 2/5: v19; 6 checksums match
Round 2/5: node; 6 checksums match
Round 2/5: v18; 6 checksums match
Round 3/5: node; 6 checksums match
Round 3/5: v18; 6 checksums match
Round 3/5: v19; 6 checksums match
Round 4/5: v18; 6 checksums match
Round 4/5: v19; 6 checksums match
Round 4/5: node; 6 checksums match
Round 5/5: v19; 6 checksums match
Round 5/5: node; 6 checksums match
Round 5/5: v18; 6 checksums match
table_events_97: v18 415.35 ns, v19 412.86 ns, node 75.01 ns
class_events_97: v18 410.00 ns, v19 407.74 ns, node 74.22 ns
buffers_7: v18 432.09 ns, v19 431.67 ns, node 12.38 ns
buffers_31: v18 431.51 ns, v19 431.21 ns, node 12.36 ns
calibrate_17: v18 83.18 ns, v19 82.95 ns, node 8.73 ns
calibrate_67: v18 83.72 ns, v19 83.70 ns, node 8.29 ns
