Round 1/5: v18; 6 checksums match
Round 1/5: v19; 6 checksums match
Round 1/5: node; 6 checksums match
Round 2/5: v19; 6 checksums match
Round 2/5: node; 6 checksums match
Round 2/5: v18; 6 checksums match
Round 3/5: node; 6 checksums match
Round 3/5: v18; 6 checksums match
Round 3/5: v19; 6 checksums match
Round 4/5: v18; 6 checksums match
Round 4/5: v19; 6 checksums match
Round 4/5: node; 6 checksums match
Round 5/5: v19; 6 checksums match
Round 5/5: node; 6 checksums match
Round 5/5: v18; 6 checksums match
table_events_97: v18 416.75 ns, v19 418.23 ns, node 75.36 ns
class_events_97: v18 411.30 ns, v19 409.33 ns, node 74.21 ns
buffers_7: v18 431.42 ns, v19 431.94 ns, node 12.40 ns
buffers_31: v18 431.12 ns, v19 432.28 ns, node 12.35 ns
calibrate_17: v18 83.20 ns, v19 82.96 ns, node 8.68 ns
calibrate_67: v18 84.00 ns, v19 83.77 ns, node 8.34 ns
