Round 1/5: v18; 6 checksums match
Round 1/5: v19; 6 checksums match
Round 1/5: node; 6 checksums match
Round 2/5: v19; 6 checksums match
Round 2/5: node; 6 checksums match
Round 2/5: v18; 6 checksums match
Round 3/5: node; 6 checksums match
Round 3/5: v18; 6 checksums match
Round 3/5: v19; 6 checksums match
Round 4/5: v18; 6 checksums match
Round 4/5: v19; 6 checksums match
Round 4/5: node; 6 checksums match
Round 5/5: v19; 6 checksums match
Round 5/5: node; 6 checksums match
Round 5/5: v18; 6 checksums match
transfer_table: v18 431.92 ns, v19 430.02 ns, node 18.00 ns
transfer_class: v18 441.48 ns, v19 438.62 ns, node 18.24 ns
transfer_mixed: v18 444.12 ns, v19 441.21 ns, node 29.11 ns
publish_table: v18 388.51 ns, v19 392.63 ns, node 13.49 ns
publish_class: v18 396.91 ns, v19 395.65 ns, node 13.67 ns
publish_mixed: v18 399.63 ns, v19 399.50 ns, node 20.93 ns
