Round 1/5: v18; 6 checksums match
Round 1/5: v19; 6 checksums match
Round 1/5: node; 6 checksums match
Round 2/5: v19; 6 checksums match
Round 2/5: node; 6 checksums match
Round 2/5: v18; 6 checksums match
Round 3/5: node; 6 checksums match
Round 3/5: v18; 6 checksums match
Round 3/5: v19; 6 checksums match
Round 4/5: v18; 6 checksums match
Round 4/5: v19; 6 checksums match
Round 4/5: node; 6 checksums match
Round 5/5: v19; 6 checksums match
Round 5/5: node; 6 checksums match
Round 5/5: v18; 6 checksums match
transfer_table: v18 428.93 ns, v19 436.03 ns, node 17.91 ns
transfer_class: v18 441.22 ns, v19 441.00 ns, node 18.08 ns
transfer_mixed: v18 441.66 ns, v19 446.16 ns, node 29.08 ns
publish_table: v18 387.88 ns, v19 392.56 ns, node 13.44 ns
publish_class: v18 395.18 ns, v19 395.96 ns, node 13.59 ns
publish_mixed: v18 397.95 ns, v19 400.56 ns, node 20.88 ns
