{
  "branch_call_kernel-loop": {
    "weak_guard_sites": [
      {
        "byte_offset": 280,
        "instructions": 8,
        "type": "OT_CLOSURE"
      }
    ],
    "removed_instructions": 8,
    "normalized_rest_matches": true,
    "old_instructions": 232,
    "new_instructions": 224,
    "weak_witness_arguments": [
      187649985945296
    ]
  },
  "array_append_kernel-entry": {
    "weak_guard_sites": [],
    "removed_instructions": 0,
    "normalized_rest_matches": true,
    "old_instructions": 341,
    "new_instructions": 341,
    "weak_witness_arguments": []
  },
  "filter-loop": {
    "weak_guard_sites": [
      {
        "byte_offset": 280,
        "instructions": 8,
        "type": "OT_CLOSURE"
      }
    ],
    "removed_instructions": 8,
    "normalized_rest_matches": true,
    "old_instructions": 198,
    "new_instructions": 190,
    "weak_witness_arguments": [
      187649987097408
    ]
  }
}
PASS: redundant emitted lifetime guards removed; retained witnesses passed to existing identity helpers; remaining streams match after masking relocated wide constants and branch offsets.
