{
  "warmups4_speedup": {
    "owners": {
      "geomean_v18_v19": 0.9939046042498744,
      "per_case": {
        "table_owners_1": 0.9940499243037706,
        "table_owners_2": 0.9942229110891925,
        "table_owners_5": 0.991776778183863,
        "table_owners_19": 0.9965760677726793,
        "table_owners_257": 0.9947272215973003,
        "class_owners_1": 0.9942595527381582,
        "class_owners_2": 0.9936251893072235,
        "class_owners_5": 0.9941176470588236,
        "class_owners_19": 0.9921257074559707,
        "class_owners_257": 0.9935730842171806
      }
    },
    "methods": {
      "geomean_v18_v19": 1.0017352339714387,
      "per_case": {
        "transfer_table": 1.0044067717780567,
        "transfer_class": 1.0064975776574523,
        "transfer_mixed": 1.0066069060867397,
        "publish_table": 0.9895067938416086,
        "publish_class": 1.003159318092783,
        "publish_mixed": 1.0003379224030038
      }
    },
    "members": {
      "geomean_v18_v19": 1.0005190357179465,
      "per_case": {
        "table_events_97": 0.9964493221433183,
        "class_events_97": 1.0048005276915937,
        "buffers_7": 0.9987961290920035,
        "buffers_31": 0.9973396564686831,
        "calibrate_17": 1.0028929604628736,
        "calibrate_67": 1.0028651584790782
      }
    }
  },
  "warmups5_speedup": {
    "owners": {
      "geomean_v18_v19": 0.9968140441611387,
      "per_case": {
        "table_owners_1": 0.995547703180212,
        "table_owners_2": 0.9980886308933882,
        "table_owners_5": 0.9975924090072227,
        "table_owners_19": 0.996991363443296,
        "table_owners_257": 0.9968590082936298,
        "class_owners_1": 0.9965325690832538,
        "class_owners_2": 0.9950657315053045,
        "class_owners_5": 0.9973160050854639,
        "class_owners_19": 0.9979860792142176,
        "class_owners_257": 0.996165482304932
      }
    },
    "methods": {
      "geomean_v18_v19": 0.9922609432215795,
      "per_case": {
        "transfer_table": 0.9837052496387864,
        "transfer_class": 1.0004761850772668,
        "transfer_mixed": 0.9898916320195444,
        "publish_table": 0.9880908407739043,
        "publish_class": 0.9980174765127792,
        "publish_mixed": 0.993484203562468
      }
    },
    "members": {
      "geomean_v18_v19": 1.0027202871426,
      "per_case": {
        "table_events_97": 1.0060553947511837,
        "class_events_97": 1.0055427478294992,
        "buffers_7": 1.000984559785945,
        "buffers_31": 1.0006841214257556,
        "calibrate_17": 1.0027123139051293,
        "calibrate_67": 1.0003584443515143
      }
    }
  },
  "profitability": {
    "owners": {
      "geomean_on_off": 0.4567394285684927,
      "per_case": {
        "table_owners_1": 0.45963878819264625,
        "table_owners_2": 0.4592717322668912,
        "table_owners_5": 0.45829150610407704,
        "table_owners_19": 0.4584803651785425,
        "table_owners_257": 0.45989106014320585,
        "class_owners_1": 0.453843324751747,
        "class_owners_2": 0.4537765413149143,
        "class_owners_5": 0.45508637236084454,
        "class_owners_19": 0.45465733282188975,
        "class_owners_257": 0.4545222156540078
      }
    },
    "methods": {
      "geomean_on_off": 1.04922782727791,
      "per_case": {
        "transfer_table": 1.0410352929893545,
        "transfer_class": 1.0320110690289976,
        "transfer_mixed": 0.9394873424425378,
        "publish_table": 1.1145256539164177,
        "publish_class": 1.1255158673687207,
        "publish_mixed": 1.053747041809098
      }
    },
    "roots": {
      "geomean_on_off": 0.2893194058174012,
      "per_case": {
        "receiver_integer": 0.28336104759925174,
        "root_integer": 0.2649601133073671,
        "root_reference": 0.3570135746606335,
        "root_integer_result": 0.2613995756435406
      }
    }
  },
  "profiles": {
    "kernels": {
      "lost_samples": 0,
      "top_self_lines": [
        "20.05%  sqgi     sqgi                   [.] SQVM::Execute",
        "5.01%  sqgi     sqgi                   [.] sqjit_a64_borrow_member_ptr_value",
        "2.79%  sqgi     [JIT] tid 617264       [.] 0x0000ffff85094230",
        "2.71%  sqgi     sqgi                   [.] sqjit_a64_helper_member_closure_guard",
        "2.54%  sqgi     [JIT] tid 617264       [.] 0x0000ffff850971c0",
        "2.51%  sqgi     [JIT] tid 617264       [.] 0x0000ffff850951b4",
        "2.31%  sqgi     [JIT] tid 617264       [.] 0x0000ffff85096268",
        "2.16%  sqgi     [JIT] tid 617264       [.] 0x0000ffff85097240",
        "2.13%  sqgi     sqgi                   [.] SQTable::Get",
        "2.04%  sqgi     [JIT] tid 617264       [.] 0x0000ffff850971d4",
        "1.90%  sqgi     [JIT] tid 617264       [.] 0x0000ffff850951a0",
        "1.86%  sqgi     [JIT] tid 617264       [.] 0x0000ffff850941c0",
        "1.62%  sqgi     [JIT] tid 617264       [.] 0x0000ffff850961ac",
        "1.41%  sqgi     sqgi                   [.] sqjit_number_conversion_guard",
        "1.34%  sqgi     [JIT] tid 617264       [.] 0x0000ffff85094244"
      ]
    },
    "applications": {
      "lost_samples": 0,
      "top_self_lines": [
        "14.59%  sqgi     sqgi                        [.] SQVM::Execute",
        "13.61%  sqgi     sqgi                        [.] SQJitWriteLog::RecordMember",
        "5.89%  sqgi     sqgi                        [.] sqjit_a64_root_fallback_safe",
        "5.37%  sqgi     sqgi                        [.] SQTable::Get",
        "5.08%  sqgi     sqgi                        [.] sqjit_a64_helper_array_get_object",
        "4.38%  sqgi     sqgi                        [.] sqjit_a64_helper_member_set_integer_logged",
        "3.10%  sqgi     sqgi                        [.] sqjit_a64_borrow_member_ptr_value",
        "3.08%  sqgi     sqgi                        [.] SQJitWriteLog::CanRelease",
        "2.04%  sqgi     [JIT] tid 617337            [.] 0x0000ffff8edf72dc",
        "1.97%  sqgi     [JIT] tid 617337            [.] 0x0000ffff8edf4214",
        "1.86%  sqgi     sqgi                        [.] sqjit_try_execute_current_loop",
        "1.85%  sqgi     sqgi                        [.] SQVM::DerefInc",
        "1.48%  sqgi     sqgi                        [.] SQTable::Set",
        "1.48%  sqgi     [JIT] tid 617337            [.] 0x0000ffff8edf41a0",
        "1.30%  sqgi     sqgi                        [.] SQVM::ObjCmp"
      ]
    },
    "roots": {
      "lost_samples": 0,
      "top_self_lines": [
        "15.70%  sqgi     sqgi                          [.] SQJitWriteLog::CanRelease",
        "12.86%  sqgi     sqgi                          [.] SQJitWriteLog::RecordMember",
        "12.39%  sqgi     sqgi                          [.] sqjit_a64_borrow_member_ptr_value",
        "9.81%  sqgi     sqgi                          [.] sqjit_a64_helper_member_set_integer_logged",
        "6.70%  sqgi     sqgi                          [.] sqjit_a64_resolve_root_store_slot",
        "6.20%  sqgi     sqgi                          [.] sqjit_a64_helper_member_set_reference_logged",
        "5.51%  sqgi     sqgi                          [.] sqjit_a64_helper_member_closure_guard",
        "4.37%  sqgi     sqgi                          [.] sqjit_a64_helper_instance_field_set_integer_logged",
        "2.58%  sqgi     [JIT] tid 617363              [.] 0x0000ffff979151d8",
        "2.07%  sqgi     [JIT] tid 617363              [.] 0x0000ffff97913190",
        "1.55%  sqgi     [JIT] tid 617363              [.] 0x0000ffff9791418c",
        "1.03%  sqgi     [JIT] tid 617363              [.] 0x0000ffff97913200",
        "1.03%  sqgi     sqgi                          [.] SQJitWriteLog::OwnerBucket",
        "1.03%  sqgi     [JIT] tid 617363              [.] 0x0000ffff979141e0",
        "1.03%  sqgi     [JIT] tid 617363              [.] 0x0000ffff979131bc"
      ]
    },
    "members": {
      "lost_samples": 0,
      "top_self_lines": [
        "58.33%  sqgi     sqgi                   [.] SQVM::Execute",
        "4.30%  sqgi     sqgi                   [.] SQTable::Get",
        "3.83%  sqgi     sqgi                   [.] sqjit_a64_precise_step<(SQOpcode)14, false>",
        "2.67%  sqgi     sqgi                   [.] sqjit_try_execute_current",
        "2.52%  sqgi     sqgi                   [.] sqjit_a64_precise_step<(SQOpcode)9, true>",
        "2.30%  sqgi     sqgi                   [.] sqjit_try_execute_current_loop",
        "1.92%  sqgi     sqgi                   [.] SQVM::ObjCmp",
        "1.92%  sqgi     sqgi                   [.] sqjit_number_conversion_guard",
        "1.46%  sqgi     sqgi                   [.] SQVM::Return",
        "1.23%  sqgi     sqgi                   [.] sqjit_try_execute_closure",
        "1.07%  sqgi     sqgi                   [.] SQVM::StartCall",
        "1.07%  sqgi     sqgi                   [.] SQVM::LeaveFrame",
        "0.92%  sqgi     sqgi                   [.] SQVM::IsFalse",
        "0.84%  sqgi     sqgi                   [.] SQVM::CMP_OP",
        "0.77%  sqgi     sqgi                   [.] SQJitWriteLog::RecordArray"
      ]
    },
    "owners": {
      "lost_samples": 0,
      "top_self_lines": [
        "13.02%  sqgi     sqgi                   [.] sqjit_a64_precise_step<(SQOpcode)39, false>",
        "8.60%  sqgi     sqgi                   [.] sqjit_a64_precise_step<(SQOpcode)4, false>",
        "4.58%  sqgi     sqgi                   [.] SQJitWriteLog::CanReleaseInContext",
        "2.00%  sqgi     [JIT] tid 617465       [.] 0x0000ffffb6fb5498",
        "1.70%  sqgi     [JIT] tid 617465       [.] 0x0000ffffb6fb536c",
        "1.69%  sqgi     [JIT] tid 617465       [.] 0x0000ffffb6fb54e4",
        "1.40%  sqgi     [JIT] tid 617465       [.] 0x0000ffffb6fb66c0",
        "1.30%  sqgi     [JIT] tid 617465       [.] 0x0000ffffb6fb61e8",
        "1.16%  sqgi     [JIT] tid 617465       [.] 0x0000ffffb6fb6124",
        "1.10%  sqgi     [JIT] tid 617465       [.] 0x0000ffffb6fb576c",
        "1.10%  sqgi     [JIT] tid 617465       [.] 0x0000ffffb6fb6340",
        "1.07%  sqgi     [JIT] tid 617465       [.] 0x0000ffffb6fb6a80",
        "1.00%  sqgi     [JIT] tid 617465       [.] 0x0000ffffb6fb6130",
        "1.00%  sqgi     [JIT] tid 617465       [.] 0x0000ffffb6fb61d4",
        "1.00%  sqgi     [JIT] tid 617465       [.] 0x0000ffffb6fb5248"
      ]
    },
    "methods": {
      "lost_samples": 0,
      "top_self_lines": [
        "47.34%  sqgi     sqgi                   [.] SQVM::Execute",
        "9.03%  sqgi     sqgi                   [.] sqjit_a64_precise_step<(SQOpcode)13, true>",
        "5.00%  sqgi     sqgi                   [.] sqjit_try_execute_current",
        "2.90%  sqgi     sqgi                   [.] sqjit_a64_precise_step<(SQOpcode)9, true>",
        "2.87%  sqgi     sqgi                   [.] sqjit_try_execute_current_loop",
        "2.39%  sqgi     sqgi                   [.] SQVM::LeaveFrame",
        "2.27%  sqgi     sqgi                   [.] SQVM::Return",
        "2.16%  sqgi     sqgi                   [.] SQVM::StartCall",
        "1.73%  sqgi     sqgi                   [.] sqjit_a64_precise_step<(SQOpcode)14, true>",
        "1.65%  sqgi     sqgi                   [.] sqjit_try_execute_closure",
        "1.59%  sqgi     sqgi                   [.] SQVM::ObjCmp",
        "1.53%  sqgi     sqgi                   [.] SQJitWriteLog::CanReleaseInContext",
        "1.48%  sqgi     sqgi                   [.] sqjit_on_function_enter",
        "1.25%  sqgi     sqgi                   [.] SQVM::IsFalse",
        "1.05%  sqgi     sqgi                   [.] sqjit_native_call_fits_stack"
      ]
    },
    "floats": {
      "lost_samples": 0,
      "top_self_lines": [
        "16.16%  sqgi     sqgi                   [.] sqjit_a64_borrow_member_ptr_value",
        "10.08%  sqgi     sqgi                   [.] sqjit_a64_helper_member_closure_guard",
        "2.20%  sqgi     [JIT] tid 617624       [.] 0x0000ffff8698c190",
        "2.20%  sqgi     [JIT] tid 617624       [.] 0x0000ffff86b9341c",
        "1.89%  sqgi     [JIT] tid 617624       [.] 0x0000ffff8698f684",
        "1.58%  sqgi     [JIT] tid 617624       [.] 0x0000ffff8698b1d4",
        "1.58%  sqgi     [JIT] tid 617624       [.] 0x0000ffff8698d2f8",
        "1.58%  sqgi     [JIT] tid 617624       [.] 0x0000ffff86b93430",
        "1.26%  sqgi     [JIT] tid 617624       [.] 0x0000ffff8698e29c",
        "1.26%  sqgi     [JIT] tid 617624       [.] 0x0000ffff8698f8a8",
        "1.26%  sqgi     sqgi                   [.] sqjit_a64_helper_member_native_closure_guard",
        "1.26%  sqgi     [JIT] tid 617624       [.] 0x0000ffff86b934f0",
        "1.26%  sqgi     [JIT] tid 617624       [.] 0x0000ffff8698f730",
        "1.26%  sqgi     [JIT] tid 617624       [.] 0x0000ffff8698b1e8",
        "1.26%  sqgi     [JIT] tid 617624       [.] 0x0000ffff8698f754"
      ]
    }
  },
  "applications_seed83": {
    "speedup": 0.9905987215406098,
    "per_case": {
      "route_balanced": 0.9632554495322453,
      "route_skewed": 0.9704625383740652,
      "pricing_events": 1.0020386896974747,
      "filter_stream": 0.9719006819102082,
      "records_64": 0.9770195546210774,
      "records_4096": 1.056154731755817,
      "word_count": 0.9926228288777945,
      "graph_walk": 0.9943525998218462
    },
    "regressions_over_5pct": []
  }
}
