{
  "aggregation": "56 equally weighted components; application seed17; nearest-rank p90",
  "speedup": 1.6128043302401747,
  "groups": {
    "kernels-seed17": {
      "count": 15,
      "speedup": 1.0577967971211588
    },
    "applications-seed17": {
      "count": 8,
      "speedup": 0.9988257729740584
    },
    "roots-seed17": {
      "count": 4,
      "speedup": 1.5857612532225762
    },
    "members": {
      "count": 6,
      "speedup": 1.0457756551915434
    },
    "owners": {
      "count": 10,
      "speedup": 6.354130180133298
    },
    "methods": {
      "count": 6,
      "speedup": 2.5125928752339104
    },
    "floats": {
      "count": 7,
      "speedup": 0.9720263576644679
    }
  },
  "totals": {
    "sqgi_baseline": {
      "node": {
        "geomean": 15.293793606549297,
        "p90": 100.94166219562872
      },
      "gjs": {
        "geomean": 10.126390966167222,
        "p90": 51.48186232504999
      }
    },
    "sqgi": {
      "node": {
        "geomean": 9.482733472244453,
        "p90": 24.846929134214662
      },
      "gjs": {
        "geomean": 6.278747381995945,
        "p90": 14.043077468533948
      }
    }
  },
  "regressions_over_5pct": [
    {
      "suite": "floats",
      "name": "pressure_8",
      "ns": {
        "sqgi": 172.87,
        "sqgi_baseline": 153.51999999999998,
        "node": 10.32344,
        "gjs": 10.43
      },
      "speedup": 0.8880661768959334,
      "ranges_ns": {
        "sqgi": [
          164.385,
          174.04500000000002
        ],
        "sqgi_baseline": [
          151.755,
          156.325
        ],
        "node": [
          10.237395,
          10.434265
        ],
        "gjs": [
          10.34,
          10.534999999999998
        ]
      }
    }
  ]
}
