Round 1/5: sqgi; all 15 checksums match
Round 1/5: sqgi_baseline; all 15 checksums match
Round 1/5: node; all 15 checksums match
Round 1/5: gjs; all 15 checksums match
Round 1/5: python; all 15 checksums match
Round 2/5: sqgi_baseline; all 15 checksums match
Round 2/5: node; all 15 checksums match
Round 2/5: gjs; all 15 checksums match
Round 2/5: python; all 15 checksums match
Round 2/5: sqgi; all 15 checksums match
Round 3/5: node; all 15 checksums match
Round 3/5: gjs; all 15 checksums match
Round 3/5: python; all 15 checksums match
Round 3/5: sqgi; all 15 checksums match
Round 3/5: sqgi_baseline; all 15 checksums match
Round 4/5: gjs; all 15 checksums match
Round 4/5: python; all 15 checksums match
Round 4/5: sqgi; all 15 checksums match
Round 4/5: sqgi_baseline; all 15 checksums match
Round 4/5: node; all 15 checksums match
Round 5/5: python; all 15 checksums match
Round 5/5: sqgi; all 15 checksums match
Round 5/5: sqgi_baseline; all 15 checksums match
Round 5/5: node; all 15 checksums match
Round 5/5: gjs; all 15 checksums match
Microseconds per iteration; lower is faster
kernel	sqgi	sqgi_baseline	node	gjs	python
direct_call	0.034001000	0.034192000	0.006779891	0.010730000	0.335985227
branch_call	0.031446000	0.032307000	0.004817545	0.007027813	0.237208697
float_call	0.020698000	0.021575000	0.002645202	0.009491250	0.133998606
numeric_loop	0.022859000	0.022811000	0.007440235	0.012740938	0.239004067
vector	0.364963000	0.377469000	0.567182619	0.515368750	5.140937538
dynamic_member	0.819800000	1.513062000	0.108941631	0.079143750	0.878844731
dynamic_key_get_set	0.182825000	0.182812000	0.062188044	0.027656250	0.416868594
object_member_write_fallback	0.471181000	0.474431000	0.012625369	0.046987500	0.683193425
array_append	0.135662000	0.129656000	0.036740431	0.017775000	0.222518906
array_write	0.037038000	0.036687000	0.004526250	0.006106250	0.187338850
array_read	0.007072000	0.007412000	0.002627884	0.003516250	0.083755980
array_float	0.006799000	0.007087000	0.002191028	0.003069687	0.073623515
math_intrinsic	0.201563000	0.201712000	0.041075275	0.009962500	0.556055669
math_variable	0.219000000	0.217506000	0.154109331	0.107131250	0.508392456
matrix	0.310569000	0.313175000	0.022711438	0.066100000	1.139715475
