Round 1/5: v8; 6 checksums match
Round 1/5: v9; 6 checksums match
Round 1/5: node; 6 checksums match
Round 2/5: v9; 6 checksums match
Round 2/5: node; 6 checksums match
Round 2/5: v8; 6 checksums match
Round 3/5: node; 6 checksums match
Round 3/5: v8; 6 checksums match
Round 3/5: v9; 6 checksums match
Round 4/5: v8; 6 checksums match
Round 4/5: v9; 6 checksums match
Round 4/5: node; 6 checksums match
Round 5/5: v9; 6 checksums match
Round 5/5: node; 6 checksums match
Round 5/5: v8; 6 checksums match
table_events_97: v8 469.56 ns, v9 473.72 ns, node 75.34 ns
class_events_97: v8 463.62 ns, v9 469.62 ns, node 74.41 ns
buffers_7: v8 433.02 ns, v9 432.40 ns, node 12.50 ns
buffers_31: v8 432.88 ns, v9 431.65 ns, node 12.35 ns
calibrate_17: v8 83.25 ns, v9 83.38 ns, node 8.85 ns
calibrate_67: v8 84.17 ns, v9 83.92 ns, node 8.36 ns
