Round 1/5: sqgi; all 8 checksums match
Round 1/5: sqgi_baseline; all 8 checksums match
Round 1/5: node; all 8 checksums match
Round 1/5: gjs; all 8 checksums match
Round 1/5: python; all 8 checksums match
Round 2/5: sqgi_baseline; all 8 checksums match
Round 2/5: node; all 8 checksums match
Round 2/5: gjs; all 8 checksums match
Round 2/5: python; all 8 checksums match
Round 2/5: sqgi; all 8 checksums match
Round 3/5: node; all 8 checksums match
Round 3/5: gjs; all 8 checksums match
Round 3/5: python; all 8 checksums match
Round 3/5: sqgi; all 8 checksums match
Round 3/5: sqgi_baseline; all 8 checksums match
Round 4/5: gjs; all 8 checksums match
Round 4/5: python; all 8 checksums match
Round 4/5: sqgi; all 8 checksums match
Round 4/5: sqgi_baseline; all 8 checksums match
Round 4/5: node; all 8 checksums match
Round 5/5: python; all 8 checksums match
Round 5/5: sqgi; all 8 checksums match
Round 5/5: sqgi_baseline; all 8 checksums match
Round 5/5: node; all 8 checksums match
Round 5/5: gjs; all 8 checksums match
Microseconds per iteration; lower is faster
kernel	sqgi	sqgi_baseline	node	gjs	python
route_balanced	0.053260000	0.052275000	0.006009720	0.006410000	0.261594140
route_skewed	0.051375000	0.051710000	0.005773475	0.006730000	0.259495620
pricing_events	0.056445000	0.057870000	0.011128405	0.017380000	0.432604995
filter_stream	0.055750000	0.055430000	0.005054525	0.009465000	0.240692100
records_64	0.134060000	0.133925000	0.015862100	0.038605000	0.565982560
records_4096	0.250955000	0.275255000	0.020575375	0.043645000	0.696517850
word_count	0.265855000	0.266355000	0.074795555	0.124290000	0.361819810
graph_walk	0.012420000	0.012445000	0.004774525	0.008435000	0.128817405
