Round 1/5: sqgi; all 8 checksums match
Round 1/5: sqgi_baseline; all 8 checksums match
Round 1/5: node; all 8 checksums match
Round 1/5: gjs; all 8 checksums match
Round 1/5: python; all 8 checksums match
Round 2/5: sqgi_baseline; all 8 checksums match
Round 2/5: node; all 8 checksums match
Round 2/5: gjs; all 8 checksums match
Round 2/5: python; all 8 checksums match
Round 2/5: sqgi; all 8 checksums match
Round 3/5: node; all 8 checksums match
Round 3/5: gjs; all 8 checksums match
Round 3/5: python; all 8 checksums match
Round 3/5: sqgi; all 8 checksums match
Round 3/5: sqgi_baseline; all 8 checksums match
Round 4/5: gjs; all 8 checksums match
Round 4/5: python; all 8 checksums match
Round 4/5: sqgi; all 8 checksums match
Round 4/5: sqgi_baseline; all 8 checksums match
Round 4/5: node; all 8 checksums match
Round 5/5: python; all 8 checksums match
Round 5/5: sqgi; all 8 checksums match
Round 5/5: sqgi_baseline; all 8 checksums match
Round 5/5: node; all 8 checksums match
Round 5/5: gjs; all 8 checksums match
Microseconds per iteration; lower is faster
kernel	sqgi	sqgi_baseline	node	gjs	python
route_balanced	0.052409607	0.052029610	0.006024985	0.006417452	0.261834251
route_skewed	0.051224616	0.051617113	0.005757387	0.006652450	0.259500236
pricing_events	0.056364577	0.057772067	0.011116659	0.017364870	0.432695802
filter_stream	0.055444584	0.055184586	0.005047192	0.008919933	0.240733310
records_64	0.133766497	0.134121494	0.015729275	0.038599711	0.572473586
records_4096	0.259248056	0.249950625	0.019957630	0.042614680	0.698897663
word_count	0.265628008	0.267102997	0.073498561	0.123416574	0.369995988
graph_walk	0.012367407	0.012409907	0.004776677	0.007094947	0.129699440
