Round 1/5: sqgi; all 15 checksums match
Round 1/5: sqgi_baseline; all 15 checksums match
Round 1/5: node; all 15 checksums match
Round 1/5: gjs; all 15 checksums match
Round 1/5: python; all 15 checksums match
Round 2/5: sqgi_baseline; all 15 checksums match
Round 2/5: node; all 15 checksums match
Round 2/5: gjs; all 15 checksums match
Round 2/5: python; all 15 checksums match
Round 2/5: sqgi; all 15 checksums match
Round 3/5: node; all 15 checksums match
Round 3/5: gjs; all 15 checksums match
Round 3/5: python; all 15 checksums match
Round 3/5: sqgi; all 15 checksums match
Round 3/5: sqgi_baseline; all 15 checksums match
Round 4/5: gjs; all 15 checksums match
Round 4/5: python; all 15 checksums match
Round 4/5: sqgi; all 15 checksums match
Round 4/5: sqgi_baseline; all 15 checksums match
Round 4/5: node; all 15 checksums match
Round 5/5: python; all 15 checksums match
Round 5/5: sqgi; all 15 checksums match
Round 5/5: sqgi_baseline; all 15 checksums match
Round 5/5: node; all 15 checksums match
Round 5/5: gjs; all 15 checksums match
Microseconds per iteration; lower is faster
kernel	sqgi	sqgi_baseline	node	gjs	python
direct_call	0.034100000	0.034282000	0.006760844	0.010667187	0.334778096
branch_call	0.031673000	0.032218000	0.004826661	0.007030625	0.236733347
float_call	0.020953000	0.021470000	0.002643471	0.009502188	0.134076921
numeric_loop	0.022868000	0.022826000	0.007451083	0.012739687	0.237501149
vector	0.378650000	0.376906000	0.569829612	0.516200000	5.183729456
dynamic_member	0.789737000	1.514725000	0.108803138	0.079200000	0.873994219
dynamic_key_get_set	0.182669000	0.182625000	0.062310194	0.027868750	0.401831625
object_member_write_fallback	0.472200000	0.474081000	0.012696463	0.046950000	0.682469994
array_append	0.110944000	0.129844000	0.036642013	0.019056250	0.220734331
array_write	0.036850000	0.036731000	0.004562706	0.006062500	0.186793856
array_read	0.007031000	0.007419000	0.002634630	0.003516563	0.083375749
array_float	0.006777000	0.007089000	0.002195039	0.003071563	0.073520443
math_intrinsic	0.201644000	0.201712000	0.041175550	0.009975000	0.557031106
math_variable	0.218287000	0.218225000	0.154089300	0.106775000	0.507550419
matrix	0.311088000	0.314312000	0.022747900	0.066156250	1.138113488
