Round 1/5: v9; 6 checksums match
Round 1/5: v11; 6 checksums match
Round 1/5: node; 6 checksums match
Round 2/5: v11; 6 checksums match
Round 2/5: node; 6 checksums match
Round 2/5: v9; 6 checksums match
Round 3/5: node; 6 checksums match
Round 3/5: v9; 6 checksums match
Round 3/5: v11; 6 checksums match
Round 4/5: v9; 6 checksums match
Round 4/5: v11; 6 checksums match
Round 4/5: node; 6 checksums match
Round 5/5: v11; 6 checksums match
Round 5/5: node; 6 checksums match
Round 5/5: v9; 6 checksums match
table_events_97: v9 472.49 ns, v11 460.03 ns, node 75.26 ns
class_events_97: v9 469.20 ns, v11 456.32 ns, node 74.34 ns
buffers_7: v9 432.61 ns, v11 433.08 ns, node 12.41 ns
buffers_31: v9 432.70 ns, v11 431.85 ns, node 12.35 ns
calibrate_17: v9 83.39 ns, v11 83.38 ns, node 9.31 ns
calibrate_67: v9 84.22 ns, v11 84.31 ns, node 8.34 ns
