Round 1/5: v10; 6 checksums match
Round 1/5: v11; 6 checksums match
Round 1/5: node; 6 checksums match
Round 2/5: v11; 6 checksums match
Round 2/5: node; 6 checksums match
Round 2/5: v10; 6 checksums match
Round 3/5: node; 6 checksums match
Round 3/5: v10; 6 checksums match
Round 3/5: v11; 6 checksums match
Round 4/5: v10; 6 checksums match
Round 4/5: v11; 6 checksums match
Round 4/5: node; 6 checksums match
Round 5/5: v11; 6 checksums match
Round 5/5: node; 6 checksums match
Round 5/5: v10; 6 checksums match
table_events_97: v10 469.61 ns, v11 454.58 ns, node 75.15 ns
class_events_97: v10 464.33 ns, v11 455.46 ns, node 74.44 ns
buffers_7: v10 432.81 ns, v11 432.55 ns, node 12.39 ns
buffers_31: v10 433.28 ns, v11 432.87 ns, node 12.34 ns
calibrate_17: v10 83.39 ns, v11 83.18 ns, node 8.76 ns
calibrate_67: v10 84.17 ns, v11 84.05 ns, node 8.33 ns
