Round 1/5: v9; 6 checksums match
Round 1/5: v11; 6 checksums match
Round 1/5: node; 6 checksums match
Round 2/5: v11; 6 checksums match
Round 2/5: node; 6 checksums match
Round 2/5: v9; 6 checksums match
Round 3/5: node; 6 checksums match
Round 3/5: v9; 6 checksums match
Round 3/5: v11; 6 checksums match
Round 4/5: v9; 6 checksums match
Round 4/5: v11; 6 checksums match
Round 4/5: node; 6 checksums match
Round 5/5: v11; 6 checksums match
Round 5/5: node; 6 checksums match
Round 5/5: v9; 6 checksums match
transfer_table: v9 513.28 ns, v11 491.30 ns, node 18.03 ns
transfer_class: v9 519.73 ns, v11 503.45 ns, node 17.80 ns
transfer_mixed: v9 530.56 ns, v11 514.40 ns, node 29.18 ns
publish_table: v9 445.57 ns, v11 431.59 ns, node 13.46 ns
publish_class: v9 455.15 ns, v11 447.97 ns, node 13.76 ns
publish_mixed: v9 458.36 ns, v11 449.75 ns, node 20.91 ns
