Round 1/5: v10; 6 checksums match
Round 1/5: v11; 6 checksums match
Round 1/5: node; 6 checksums match
Round 2/5: v11; 6 checksums match
Round 2/5: node; 6 checksums match
Round 2/5: v10; 6 checksums match
Round 3/5: node; 6 checksums match
Round 3/5: v10; 6 checksums match
Round 3/5: v11; 6 checksums match
Round 4/5: v10; 6 checksums match
Round 4/5: v11; 6 checksums match
Round 4/5: node; 6 checksums match
Round 5/5: v11; 6 checksums match
Round 5/5: node; 6 checksums match
Round 5/5: v10; 6 checksums match
transfer_table: v10 517.73 ns, v11 487.34 ns, node 17.99 ns
transfer_class: v10 522.70 ns, v11 496.10 ns, node 18.13 ns
transfer_mixed: v10 534.52 ns, v11 506.18 ns, node 29.11 ns
publish_table: v10 445.47 ns, v11 431.13 ns, node 13.40 ns
publish_class: v10 455.37 ns, v11 441.94 ns, node 13.54 ns
publish_mixed: v10 458.13 ns, v11 444.18 ns, node 20.91 ns
