[1/40] Building CXX object CMakeFiles/sqgi-core.dir/Squirrel3/squirrel/jit/sqjit_backend_aarch64_emit.cpp.o
[2/40] Building CXX object CMakeFiles/sqgi_test_cpp_sqjit_aarch64_emit.dir/Squirrel3/squirrel/jit/sqjit_backend_aarch64_emit.cpp.o
[3/40] Building CXX object CMakeFiles/sqgi_test_cpp_sqjit_aarch64_emit.dir/test/cpp/test_sqjit_aarch64_emit.cpp.o
[4/40] Linking CXX executable sqgi_test_cpp_sqjit_aarch64_emit
[5/40] Building CXX object CMakeFiles/sqgi_test_cpp_sqjit_memory.dir/test/cpp/test_sqjit_memory.cpp.o
[6/40] Building CXX object CMakeFiles/sqgi_test_cpp_sqjit_side_exit.dir/test/cpp/test_sqjit_side_exit.cpp.o
[7/40] Building CXX object CMakeFiles/sqgi-core.dir/Squirrel3/squirrel/jit/sqjit_backend_aarch64.cpp.o
[8/40] Linking CXX shared library libsqgi.so.1.0.0
[9/40] Linking CXX executable sqgi
[10/40] Creating library symlink libsqgi.so.1 libsqgi.so
[11/40] Linking C executable sqgi_test_c_signal_crossthread_sync
[12/40] Linking C executable sqgi_test_c_signal_crossthread
[13/40] Linking CXX executable sqgicheck
[14/40] Linking CXX executable sqgi_test_cpp_sqgicheck
[15/40] Linking C executable sqgi_test_c_gvalue_branches
[16/40] Linking C executable sqgi_test_c_signal_vm_closing
[17/40] Linking C executable sqgi_test_c_gi_call_plan
[18/40] Linking C executable sqgi_test_c_list_ownership
[19/40] Linking C executable sqgi_test_c_numeric64
[20/40] Linking C executable sqgi_test_c_squirrel_core_hardening
[21/40] Linking CXX executable sqgi_test_cpp_sqvm_hotpaths
[22/40] Linking CXX executable sqgi_test_cpp_sqvector
[23/40] Linking CXX executable sqgi_test_cpp_sqbytecode
[24/40] Linking CXX executable sqgi_test_cpp_sqoptimizer
[25/40] Linking CXX executable sqgi_test_cpp_sqmembercache
[26/40] Linking C executable sqgi_test_c_vm_lifecycle
[27/40] Linking CXX executable sqgi_test_cpp_sqjit_contracts
[28/40] Linking CXX executable sqgi_test_cpp_sqjit_side_exit
[29/40] Linking CXX executable sqgi_test_cpp_sqjit_values
[30/40] Linking CXX executable sqgi_test_cpp_sqjit_memory
[31/40] Linking CXX executable sqgi_test_cpp_sqjit_leaf
[32/40] Linking CXX executable sqgi_test_cpp_sqjit_virtual_array
[33/40] Linking CXX executable sqgi_test_cpp_sqjit_arithmetic
[34/40] Linking CXX executable sqgi_test_cpp_sqjit_objects
[35/40] Linking CXX executable sqgi_test_cpp_sqjit_object_plan
[36/40] Linking CXX executable sqgi_test_cpp_sqjit_member_plan
[37/40] Linking CXX executable sqgi_test_cpp_sqjit_float_cache
[38/40] Linking CXX executable sqgi_test_cpp_sqjit_write_log
[39/40] Linking CXX executable sqgi_test_cpp_sqjit_intrinsics
[40/40] Linking CXX executable sqgi_test_cpp_sqjit_aarch64_backend_invalid
