{
  "aggregation": "56 equally weighted components; application seed17; nearest-rank p90",
  "speedup": 1.4319960537191125,
  "groups": {
    "kernels-seed17": {
      "count": 15,
      "speedup": 1.065985065902012
    },
    "applications-seed17": {
      "count": 8,
      "speedup": 1.012871475062476
    },
    "roots-seed17": {
      "count": 4,
      "speedup": 1.5999044070766342
    },
    "members": {
      "count": 6,
      "speedup": 1.0093420938277615
    },
    "owners": {
      "count": 10,
      "speedup": 3.3994827621492654
    },
    "methods": {
      "count": 6,
      "speedup": 2.235613176091759
    },
    "floats": {
      "count": 7,
      "speedup": 1.0069070280915249
    }
  },
  "totals": {
    "sqgi_baseline": {
      "node": {
        "geomean": 15.272404069333493,
        "p90": 99.94816362771488
      },
      "gjs": {
        "geomean": 10.102285573632255,
        "p90": 50.75842076200994
      }
    },
    "sqgi": {
      "node": {
        "geomean": 10.665116031338728,
        "p90": 31.99997067473763
      },
      "gjs": {
        "geomean": 7.0546881378583945,
        "p90": 15.735257658933946
      }
    }
  },
  "regressions_over_5pct": []
}
