START kernels-seed17
DONE kernels-seed17 0
START applications-seed17
DONE applications-seed17 0
START applications-seed83
DONE applications-seed83 0
START roots-seed17
DONE roots-seed17 0
members: 1/5 sqgi; 6 checksums match
members: 1/5 sqgi_baseline; 6 checksums match
members: 1/5 node; 6 checksums match
members: 1/5 gjs; 6 checksums match
members: 2/5 sqgi_baseline; 6 checksums match
members: 2/5 node; 6 checksums match
members: 2/5 gjs; 6 checksums match
members: 2/5 sqgi; 6 checksums match
members: 3/5 node; 6 checksums match
members: 3/5 gjs; 6 checksums match
members: 3/5 sqgi; 6 checksums match
members: 3/5 sqgi_baseline; 6 checksums match
members: 4/5 gjs; 6 checksums match
members: 4/5 sqgi; 6 checksums match
members: 4/5 sqgi_baseline; 6 checksums match
members: 4/5 node; 6 checksums match
members: 5/5 sqgi; 6 checksums match
members: 5/5 sqgi_baseline; 6 checksums match
members: 5/5 node; 6 checksums match
members: 5/5 gjs; 6 checksums match
owners: 1/5 sqgi; 10 checksums match
owners: 1/5 sqgi_baseline; 10 checksums match
owners: 1/5 node; 10 checksums match
owners: 1/5 gjs; 10 checksums match
owners: 2/5 sqgi_baseline; 10 checksums match
owners: 2/5 node; 10 checksums match
owners: 2/5 gjs; 10 checksums match
owners: 2/5 sqgi; 10 checksums match
owners: 3/5 node; 10 checksums match
owners: 3/5 gjs; 10 checksums match
owners: 3/5 sqgi; 10 checksums match
owners: 3/5 sqgi_baseline; 10 checksums match
owners: 4/5 gjs; 10 checksums match
owners: 4/5 sqgi; 10 checksums match
owners: 4/5 sqgi_baseline; 10 checksums match
owners: 4/5 node; 10 checksums match
owners: 5/5 sqgi; 10 checksums match
owners: 5/5 sqgi_baseline; 10 checksums match
owners: 5/5 node; 10 checksums match
owners: 5/5 gjs; 10 checksums match
methods: 1/5 sqgi; 6 checksums match
methods: 1/5 sqgi_baseline; 6 checksums match
methods: 1/5 node; 6 checksums match
methods: 1/5 gjs; 6 checksums match
methods: 2/5 sqgi_baseline; 6 checksums match
methods: 2/5 node; 6 checksums match
methods: 2/5 gjs; 6 checksums match
methods: 2/5 sqgi; 6 checksums match
methods: 3/5 node; 6 checksums match
methods: 3/5 gjs; 6 checksums match
methods: 3/5 sqgi; 6 checksums match
methods: 3/5 sqgi_baseline; 6 checksums match
methods: 4/5 gjs; 6 checksums match
methods: 4/5 sqgi; 6 checksums match
methods: 4/5 sqgi_baseline; 6 checksums match
methods: 4/5 node; 6 checksums match
methods: 5/5 sqgi; 6 checksums match
methods: 5/5 sqgi_baseline; 6 checksums match
methods: 5/5 node; 6 checksums match
methods: 5/5 gjs; 6 checksums match
floats: 1/5 sqgi; 7 checksums match
floats: 1/5 sqgi_baseline; 7 checksums match
floats: 1/5 node; 7 checksums match
floats: 1/5 gjs; 7 checksums match
floats: 2/5 sqgi_baseline; 7 checksums match
floats: 2/5 node; 7 checksums match
floats: 2/5 gjs; 7 checksums match
floats: 2/5 sqgi; 7 checksums match
floats: 3/5 node; 7 checksums match
floats: 3/5 gjs; 7 checksums match
floats: 3/5 sqgi; 7 checksums match
floats: 3/5 sqgi_baseline; 7 checksums match
floats: 4/5 gjs; 7 checksums match
floats: 4/5 sqgi; 7 checksums match
floats: 4/5 sqgi_baseline; 7 checksums match
floats: 4/5 node; 7 checksums match
floats: 5/5 sqgi; 7 checksums match
floats: 5/5 sqgi_baseline; 7 checksums match
floats: 5/5 node; 7 checksums match
floats: 5/5 gjs; 7 checksums match
