Round 1/5: sqgi; all 8 checksums match
Round 1/5: sqgi_baseline; all 8 checksums match
Round 1/5: node; all 8 checksums match
Round 1/5: gjs; all 8 checksums match
Round 1/5: python; all 8 checksums match
Round 2/5: sqgi_baseline; all 8 checksums match
Round 2/5: node; all 8 checksums match
Round 2/5: gjs; all 8 checksums match
Round 2/5: python; all 8 checksums match
Round 2/5: sqgi; all 8 checksums match
Round 3/5: node; all 8 checksums match
Round 3/5: gjs; all 8 checksums match
Round 3/5: python; all 8 checksums match
Round 3/5: sqgi; all 8 checksums match
Round 3/5: sqgi_baseline; all 8 checksums match
Round 4/5: gjs; all 8 checksums match
Round 4/5: python; all 8 checksums match
Round 4/5: sqgi; all 8 checksums match
Round 4/5: sqgi_baseline; all 8 checksums match
Round 4/5: node; all 8 checksums match
Round 5/5: python; all 8 checksums match
Round 5/5: sqgi; all 8 checksums match
Round 5/5: sqgi_baseline; all 8 checksums match
Round 5/5: node; all 8 checksums match
Round 5/5: gjs; all 8 checksums match
Microseconds per iteration; lower is faster
kernel	sqgi	sqgi_baseline	node	gjs	python
route_balanced	0.053047102	0.051914611	0.005970295	0.006367452	0.261230321
route_skewed	0.051644613	0.051449614	0.005763944	0.006672450	0.259428587
pricing_events	0.056657075	0.057544568	0.011111547	0.017352370	0.432710072
filter_stream	0.056177079	0.055112087	0.005027502	0.008454937	0.240424704
records_64	0.133191501	0.136001480	0.015426667	0.038587211	0.584796557
records_4096	0.267595493	0.264660515	0.019975845	0.042407182	0.682299478
word_count	0.265725507	0.266752999	0.074556506	0.123704072	0.369279688
graph_walk	0.012337407	0.012404907	0.004787611	0.006524951	0.129029252
