Round 1/5: sqgi; all 8 checksums match
Round 1/5: sqgi_baseline; all 8 checksums match
Round 1/5: node; all 8 checksums match
Round 1/5: gjs; all 8 checksums match
Round 1/5: python; all 8 checksums match
Round 2/5: sqgi_baseline; all 8 checksums match
Round 2/5: node; all 8 checksums match
Round 2/5: gjs; all 8 checksums match
Round 2/5: python; all 8 checksums match
Round 2/5: sqgi; all 8 checksums match
Round 3/5: node; all 8 checksums match
Round 3/5: gjs; all 8 checksums match
Round 3/5: python; all 8 checksums match
Round 3/5: sqgi; all 8 checksums match
Round 3/5: sqgi_baseline; all 8 checksums match
Round 4/5: gjs; all 8 checksums match
Round 4/5: python; all 8 checksums match
Round 4/5: sqgi; all 8 checksums match
Round 4/5: sqgi_baseline; all 8 checksums match
Round 4/5: node; all 8 checksums match
Round 5/5: python; all 8 checksums match
Round 5/5: sqgi; all 8 checksums match
Round 5/5: sqgi_baseline; all 8 checksums match
Round 5/5: node; all 8 checksums match
Round 5/5: gjs; all 8 checksums match
Microseconds per iteration; lower is faster
kernel	sqgi	sqgi_baseline	node	gjs	python
route_balanced	0.052680000	0.051965000	0.006009715	0.006445000	0.261605595
route_skewed	0.051695000	0.051645000	0.005760340	0.006670000	0.259091465
pricing_events	0.056715000	0.057690000	0.011105065	0.017320000	0.432651315
filter_stream	0.055725000	0.055310000	0.005082230	0.010025000	0.240147955
records_64	0.137635000	0.133080000	0.015754175	0.038500000	0.565671485
records_4096	0.239550000	0.273710000	0.020576815	0.043585000	0.689043440
word_count	0.266950000	0.266985000	0.073356145	0.124090000	0.361147235
graph_walk	0.012315000	0.012435000	0.004790565	0.007695000	0.129148345
