Round 1/5: sqgi; all 15 checksums match
Round 1/5: sqgi_baseline; all 15 checksums match
Round 1/5: node; all 15 checksums match
Round 1/5: gjs; all 15 checksums match
Round 1/5: python; all 15 checksums match
Round 2/5: sqgi_baseline; all 15 checksums match
Round 2/5: node; all 15 checksums match
Round 2/5: gjs; all 15 checksums match
Round 2/5: python; all 15 checksums match
Round 2/5: sqgi; all 15 checksums match
Round 3/5: node; all 15 checksums match
Round 3/5: gjs; all 15 checksums match
Round 3/5: python; all 15 checksums match
Round 3/5: sqgi; all 15 checksums match
Round 3/5: sqgi_baseline; all 15 checksums match
Round 4/5: gjs; all 15 checksums match
Round 4/5: python; all 15 checksums match
Round 4/5: sqgi; all 15 checksums match
Round 4/5: sqgi_baseline; all 15 checksums match
Round 4/5: node; all 15 checksums match
Round 5/5: python; all 15 checksums match
Round 5/5: sqgi; all 15 checksums match
Round 5/5: sqgi_baseline; all 15 checksums match
Round 5/5: node; all 15 checksums match
Round 5/5: gjs; all 15 checksums match
Microseconds per iteration; lower is faster
kernel	sqgi	sqgi_baseline	node	gjs	python
direct_call	0.033950000	0.034172000	0.006774600	0.010682500	0.336328751
branch_call	0.031584000	0.031930000	0.004815536	0.007027813	0.237592863
float_call	0.020906000	0.021148000	0.002642192	0.009496875	0.134283964
numeric_loop	0.022830000	0.022806000	0.007440320	0.012732812	0.239013472
vector	0.375450000	0.378613000	0.566017400	0.514550000	5.162794300
dynamic_member	0.804025000	1.513338000	0.108894150	0.079150000	0.880280463
dynamic_key_get_set	0.182669000	0.182750000	0.062193469	0.027662500	0.416706031
object_member_write_fallback	0.470875000	0.473363000	0.012674575	0.046925000	0.682401894
array_append	0.127775000	0.126269000	0.036421406	0.017793750	0.220632031
array_write	0.036881000	0.036669000	0.004549938	0.006050000	0.187480894
array_read	0.007084000	0.007462000	0.002629432	0.003514688	0.083673429
array_float	0.006781000	0.007128000	0.002192212	0.003067500	0.073749056
math_intrinsic	0.203225000	0.201550000	0.041117181	0.009900000	0.558468819
math_variable	0.217469000	0.217731000	0.154163881	0.106612500	0.506729681
matrix	0.310831000	0.314044000	0.022786163	0.066075000	1.137942737
