Round 1/5: v11; 6 checksums match
Round 1/5: v12; 6 checksums match
Round 1/5: node; 6 checksums match
Round 2/5: v12; 6 checksums match
Round 2/5: node; 6 checksums match
Round 2/5: v11; 6 checksums match
Round 3/5: node; 6 checksums match
Round 3/5: v11; 6 checksums match
Round 3/5: v12; 6 checksums match
Round 4/5: v11; 6 checksums match
Round 4/5: v12; 6 checksums match
Round 4/5: node; 6 checksums match
Round 5/5: v12; 6 checksums match
Round 5/5: node; 6 checksums match
Round 5/5: v11; 6 checksums match
table_events_97: v11 458.00 ns, v12 445.41 ns, node 75.34 ns
class_events_97: v11 452.25 ns, v12 441.87 ns, node 74.20 ns
buffers_7: v11 431.85 ns, v12 432.06 ns, node 12.39 ns
buffers_31: v11 431.67 ns, v12 432.45 ns, node 12.33 ns
calibrate_17: v11 83.09 ns, v12 83.19 ns, node 8.91 ns
calibrate_67: v11 83.88 ns, v12 83.94 ns, node 8.45 ns
