Round 1/5: v11; 6 checksums match
Round 1/5: v12; 6 checksums match
Round 1/5: node; 6 checksums match
Round 2/5: v12; 6 checksums match
Round 2/5: node; 6 checksums match
Round 2/5: v11; 6 checksums match
Round 3/5: node; 6 checksums match
Round 3/5: v11; 6 checksums match
Round 3/5: v12; 6 checksums match
Round 4/5: v11; 6 checksums match
Round 4/5: v12; 6 checksums match
Round 4/5: node; 6 checksums match
Round 5/5: v12; 6 checksums match
Round 5/5: node; 6 checksums match
Round 5/5: v11; 6 checksums match
table_events_97: v11 456.80 ns, v12 445.55 ns, node 75.24 ns
class_events_97: v11 453.86 ns, v12 442.55 ns, node 74.33 ns
buffers_7: v11 432.56 ns, v12 433.17 ns, node 12.41 ns
buffers_31: v11 432.67 ns, v12 432.12 ns, node 12.35 ns
calibrate_17: v11 83.26 ns, v12 83.24 ns, node 8.83 ns
calibrate_67: v11 84.11 ns, v12 83.80 ns, node 8.45 ns
