Round 1/5: v11; 6 checksums match
Round 1/5: v12; 6 checksums match
Round 1/5: node; 6 checksums match
Round 2/5: v12; 6 checksums match
Round 2/5: node; 6 checksums match
Round 2/5: v11; 6 checksums match
Round 3/5: node; 6 checksums match
Round 3/5: v11; 6 checksums match
Round 3/5: v12; 6 checksums match
Round 4/5: v11; 6 checksums match
Round 4/5: v12; 6 checksums match
Round 4/5: node; 6 checksums match
Round 5/5: v12; 6 checksums match
Round 5/5: node; 6 checksums match
Round 5/5: v11; 6 checksums match
transfer_table: v11 489.60 ns, v12 500.19 ns, node 17.87 ns
transfer_class: v11 497.24 ns, v12 509.35 ns, node 18.16 ns
transfer_mixed: v11 508.06 ns, v12 516.77 ns, node 29.15 ns
publish_table: v11 431.44 ns, v12 431.01 ns, node 13.46 ns
publish_class: v11 443.92 ns, v12 440.01 ns, node 13.62 ns
publish_mixed: v11 446.77 ns, v12 442.95 ns, node 20.88 ns
