Round 1/5: v11; 6 checksums match
Round 1/5: v12; 6 checksums match
Round 1/5: node; 6 checksums match
Round 2/5: v12; 6 checksums match
Round 2/5: node; 6 checksums match
Round 2/5: v11; 6 checksums match
Round 3/5: node; 6 checksums match
Round 3/5: v11; 6 checksums match
Round 3/5: v12; 6 checksums match
Round 4/5: v11; 6 checksums match
Round 4/5: v12; 6 checksums match
Round 4/5: node; 6 checksums match
Round 5/5: v12; 6 checksums match
Round 5/5: node; 6 checksums match
Round 5/5: v11; 6 checksums match
transfer_table: v11 486.73 ns, v12 499.93 ns, node 17.80 ns
transfer_class: v11 495.54 ns, v12 507.02 ns, node 18.12 ns
transfer_mixed: v11 505.77 ns, v12 517.03 ns, node 29.11 ns
publish_table: v11 429.86 ns, v12 430.90 ns, node 13.43 ns
publish_class: v11 440.77 ns, v12 438.91 ns, node 13.71 ns
publish_mixed: v11 443.82 ns, v12 442.77 ns, node 20.88 ns
