Round 1/5: sqgi; all 4 checksums match
Round 1/5: sqgi_baseline; all 4 checksums match
Round 1/5: node; all 4 checksums match
Round 1/5: gjs; all 4 checksums match
Round 1/5: python; all 4 checksums match
Round 2/5: sqgi_baseline; all 4 checksums match
Round 2/5: node; all 4 checksums match
Round 2/5: gjs; all 4 checksums match
Round 2/5: python; all 4 checksums match
Round 2/5: sqgi; all 4 checksums match
Round 3/5: node; all 4 checksums match
Round 3/5: gjs; all 4 checksums match
Round 3/5: python; all 4 checksums match
Round 3/5: sqgi; all 4 checksums match
Round 3/5: sqgi_baseline; all 4 checksums match
Round 4/5: gjs; all 4 checksums match
Round 4/5: python; all 4 checksums match
Round 4/5: sqgi; all 4 checksums match
Round 4/5: sqgi_baseline; all 4 checksums match
Round 4/5: node; all 4 checksums match
Round 5/5: python; all 4 checksums match
Round 5/5: sqgi; all 4 checksums match
Round 5/5: sqgi_baseline; all 4 checksums match
Round 5/5: node; all 4 checksums match
Round 5/5: gjs; all 4 checksums match
Microseconds per iteration; lower is faster
kernel	sqgi	sqgi_baseline	node	gjs	python
receiver_integer	0.053895000	0.058475000	0.004493065	0.005975000	0.229904770
root_integer	0.062665000	0.334930000	0.006639705	0.018500000	0.249430145
root_reference	0.087055000	0.097040000	0.007209910	0.015970000	0.196719360
root_integer_result	0.064635000	0.065375000	0.005767635	0.006095000	0.272875470
