{
  "aggregation": "56 equally weighted components; application seed17; nearest-rank p90",
  "speedup": 1.4379642593786754,
  "groups": {
    "kernels-seed17": {
      "count": 15,
      "speedup": 1.0521052153963477
    },
    "applications-seed17": {
      "count": 8,
      "speedup": 1.0131376959582965
    },
    "roots-seed17": {
      "count": 4,
      "speedup": 1.5990533151462916
    },
    "members": {
      "count": 6,
      "speedup": 1.0207981182069703
    },
    "owners": {
      "count": 10,
      "speedup": 3.5360116266129875
    },
    "methods": {
      "count": 6,
      "speedup": 2.22422108892449
    },
    "floats": {
      "count": 7,
      "speedup": 1.0067204491754016
    }
  },
  "totals": {
    "sqgi_baseline": {
      "node": {
        "geomean": 15.26062886762642,
        "p90": 99.30399800933657
      },
      "gjs": {
        "geomean": 10.09899654448866,
        "p90": 49.80297602645356
      }
    },
    "sqgi": {
      "node": {
        "geomean": 10.612662149350175,
        "p90": 30.7341156259145
      },
      "gjs": {
        "geomean": 7.023120692062471,
        "p90": 15.500620347394543
      }
    }
  },
  "regressions_over_5pct": []
}
