# To display the perf.data header info, please use --header/--header-only options.
#
#
# Total Lost Samples: 0
#
# Samples: 877  of event 'cycles:u'
# Event count (approx.): 3328374238
#
# Children      Self  Command  Shared Object          Symbol                                                                                                                                                                                                    
# ........  ........  .......  .....................  ..........................................................................................................................................................................................................
#
    38.87%     0.00%  sqgi     [JIT] tid 678029       [.] 0x0000ffffaefd32c3
            |
            ---0xffffaefd32c3
               |          
               |--26.28%--0xffffaefd32c3
               |          sqjit_a64_helper_finish_stack_write
               |          |          
               |           --21.52%--SQJitWriteLog::FinishStackWrite
               |                     |          
               |                     |--4.87%--SQJitWriteLog::RecordStackSlot
               |                     |          |          
               |                     |           --3.91%--SQJitWriteLog::FindValue<true> (inlined)
               |                     |          
               |                     |--4.60%--SQJitWriteLog::CanRelease
               |                     |          
               |                      --1.08%--SQJitWriteLog::RetainValue
               |          
               |--3.57%--0xffffaefd336c
               |          
               |--2.86%--0xffffaefd33e8
               |          
               |--1.87%--0xffffaefd3400
               |          
                --1.62%--0xffffaefd339c

    35.23%     0.00%  sqgi     [JIT] tid 678029       [.] 0x0000ffffaefd312b
            |
            ---0xffffaefd312b
               |          
               |--31.04%--0xffffaefd312b
               |          sqjit_a64_helper_publish_stack_write
               |          |          
               |          |--26.62%--SQJitWriteLog::PublishStackWrite
               |          |          |          
               |          |          |--12.42%--SQJitWriteLog::CanRelease
               |          |          |          |          
               |          |          |           --5.93%--SQJitWriteLog::CountPins
               |          |          |          
               |          |          |--4.08%--SQJitWriteLog::RecordStackSlot
               |          |          |          |          
               |          |          |           --2.89%--SQJitWriteLog::FindValue<true> (inlined)
               |          |          |          
               |          |          |--3.04%--SQObjectPtr::operator= (inlined)
               |          |          |          
               |          |          |--2.85%--SQJitWriteLog::RetainValue
               |          |          |          |          
               |          |          |           --2.30%--SQJitWriteLog::FindValue<false> (inlined)
               |          |          |          
               |          |          |--1.52%--SQObjectPtr::~SQObjectPtr (inlined)
               |          |          |          |          
               |          |          |           --1.11%--SQObjectPtr::~SQObjectPtr (inlined)
               |          |          |          
               |          |           --1.00%--SQObjectPtr::SQObjectPtr (inlined)
               |          |          
               |           --1.30%--sqjit_write_log_ensure
               |          
                --3.45%--0xffffaefd3194

    31.12%     3.11%  sqgi     sqgi                   [.] sqjit_a64_helper_publish_stack_write
            |          
            |--28.01%--sqjit_a64_helper_publish_stack_write
            |          |          
            |          |--26.70%--SQJitWriteLog::PublishStackWrite
            |          |          |          
            |          |          |--12.50%--SQJitWriteLog::CanRelease
            |          |          |          |          
            |          |          |          |--5.93%--SQJitWriteLog::CountPins
            |          |          |          |          
            |          |          |           --1.01%--sqjit_unobservable_scalar_array (inlined)
            |          |          |          
            |          |          |--4.08%--SQJitWriteLog::RecordStackSlot
            |          |          |          |          
            |          |          |           --2.89%--SQJitWriteLog::FindValue<true> (inlined)
            |          |          |          
            |          |          |--3.04%--SQObjectPtr::operator= (inlined)
            |          |          |          
            |          |          |--2.85%--SQJitWriteLog::RetainValue
            |          |          |          |          
            |          |          |           --2.30%--SQJitWriteLog::FindValue<false> (inlined)
            |          |          |          
            |          |          |--1.52%--SQObjectPtr::~SQObjectPtr (inlined)
            |          |          |          |          
            |          |          |           --1.11%--SQObjectPtr::~SQObjectPtr (inlined)
            |          |          |          
            |          |           --1.00%--SQObjectPtr::SQObjectPtr (inlined)
            |          |          
            |           --1.30%--sqjit_write_log_ensure
            |          
             --3.11%--0xffffaefd312b
                       0xffffaefd312b
                       sqjit_a64_helper_publish_stack_write

    26.70%     7.28%  sqgi     sqgi                   [.] SQJitWriteLog::PublishStackWrite
            |          
            |--19.43%--SQJitWriteLog::PublishStackWrite
            |          |          
            |          |--12.50%--SQJitWriteLog::CanRelease
            |          |          |          
            |          |          |--5.93%--SQJitWriteLog::CountPins
            |          |          |          
            |          |           --1.01%--sqjit_unobservable_scalar_array (inlined)
            |          |          
            |          |--4.08%--SQJitWriteLog::RecordStackSlot
            |          |          |          
            |          |           --2.89%--SQJitWriteLog::FindValue<true> (inlined)
            |          |          
            |           --2.85%--SQJitWriteLog::RetainValue
            |                     |          
            |                      --2.30%--SQJitWriteLog::FindValue<false> (inlined)
            |          
             --7.28%--0xffffaefd312b
                       0xffffaefd312b
                       sqjit_a64_helper_publish_stack_write
                       SQJitWriteLog::PublishStackWrite
                       |          
                       |--3.04%--SQObjectPtr::operator= (inlined)
                       |          
                       |--1.52%--SQObjectPtr::~SQObjectPtr (inlined)
                       |          |          
                       |           --1.11%--SQObjectPtr::~SQObjectPtr (inlined)
                       |          
                        --1.00%--SQObjectPtr::SQObjectPtr (inlined)

    26.28%     4.00%  sqgi     sqgi                   [.] sqjit_a64_helper_finish_stack_write
            |          
            |--22.28%--sqjit_a64_helper_finish_stack_write
            |          |          
            |           --21.52%--SQJitWriteLog::FinishStackWrite
            |                     |          
            |                     |--4.87%--SQJitWriteLog::RecordStackSlot
            |                     |          |          
            |                     |           --3.91%--SQJitWriteLog::FindValue<true> (inlined)
            |                     |          
            |                     |--4.60%--SQJitWriteLog::CanRelease
            |                     |          
            |                      --1.08%--SQJitWriteLog::RetainValue
            |          
             --4.00%--0xffffaefd32c3
                       0xffffaefd32c3
                       sqjit_a64_helper_finish_stack_write

    21.52%    10.97%  sqgi     sqgi                   [.] SQJitWriteLog::FinishStackWrite
            |          
            |--10.97%--0xffffaefd32c3
            |          0xffffaefd32c3
            |          sqjit_a64_helper_finish_stack_write
            |          SQJitWriteLog::FinishStackWrite
            |          
             --10.55%--SQJitWriteLog::FinishStackWrite
                       |          
                       |--4.87%--SQJitWriteLog::RecordStackSlot
                       |          |          
                       |           --3.91%--SQJitWriteLog::FindValue<true> (inlined)
                       |          
                       |--4.60%--SQJitWriteLog::CanRelease
                       |          
                        --1.08%--SQJitWriteLog::RetainValue

    17.10%    11.16%  sqgi     sqgi                   [.] SQJitWriteLog::CanRelease
            |          
            |--6.48%--0xffffaefd312b
            |          0xffffaefd312b
            |          sqjit_a64_helper_publish_stack_write
            |          SQJitWriteLog::PublishStackWrite
            |          SQJitWriteLog::CanRelease
            |          
            |--5.93%--SQJitWriteLog::CanRelease
            |          SQJitWriteLog::CountPins
            |          
             --4.60%--0xffffaefd32c3
                       0xffffaefd32c3
                       sqjit_a64_helper_finish_stack_write
                       SQJitWriteLog::FinishStackWrite
                       SQJitWriteLog::CanRelease

    10.61%     0.00%  sqgi     [JIT] tid 678029       [.] 0x0000ffffaefd31a3
            |
            ---0xffffaefd31a3
               |          
                --8.46%--0xffffaefd31a3
                          sqjit_a64_helper_array_ptr_append_integer
                          |          
                           --7.61%--SQArray::Append (inlined)
                                     |          
                                      --6.94%--sqvector<SQObjectPtr>::push_back (inlined)
                                                |          
                                                |--5.16%--sqvector<SQObjectPtr>::_realloc (inlined)
                                                |          |          
                                                |          |--2.64%--SQObjectPtr::SQObjectPtr (inlined)
                                                |          |          
                                                |           --1.54%--SQObjectPtr::~SQObjectPtr (inlined)
                                                |          
                                                 --1.68%--SQObjectPtr::SQObjectPtr (inlined)

    10.58%    10.58%  sqgi     sqgi                   [.] SQJitWriteLog::RecordStackSlot
            |          
            |--4.87%--0xffffaefd32c3
            |          0xffffaefd32c3
            |          sqjit_a64_helper_finish_stack_write
            |          SQJitWriteLog::FinishStackWrite
            |          SQJitWriteLog::RecordStackSlot
            |          |          
            |           --3.91%--SQJitWriteLog::FindValue<true> (inlined)
            |          
            |--4.08%--0xffffaefd312b
            |          0xffffaefd312b
            |          sqjit_a64_helper_publish_stack_write
            |          SQJitWriteLog::PublishStackWrite
            |          SQJitWriteLog::RecordStackSlot
            |          |          
            |           --2.89%--SQJitWriteLog::FindValue<true> (inlined)
            |          
             --1.63%--0xffffaefd3273
                       0xffffaefd3273
                       sqjit_a64_helper_begin_stack_write
                       SQJitWriteLog::BeginStackWrite
                       SQJitWriteLog::RecordStackSlot
                       |          
                        --1.22%--SQJitWriteLog::FindValue<true> (inlined)

     8.46%     7.53%  sqgi     sqgi                   [.] sqjit_a64_helper_array_ptr_append_integer
            |          
             --7.53%--0xffffaefd31a3
                       0xffffaefd31a3
                       sqjit_a64_helper_array_ptr_append_integer
                       |          
                        --6.68%--SQArray::Append (inlined)
                                  |          
                                   --6.00%--sqvector<SQObjectPtr>::push_back (inlined)
                                             |          
                                             |--4.63%--sqvector<SQObjectPtr>::_realloc (inlined)
                                             |          |          
                                             |          |--2.22%--SQObjectPtr::SQObjectPtr (inlined)
                                             |          |          
                                             |           --1.54%--SQObjectPtr::~SQObjectPtr (inlined)
                                             |          
                                              --1.27%--SQObjectPtr::SQObjectPtr (inlined)

     8.02%     0.00%  sqgi     sqgi                   [.] SQJitWriteLog::FindValue<true> (inlined)
            |
            ---SQJitWriteLog::FindValue<true> (inlined)

     7.61%     0.00%  sqgi     sqgi                   [.] SQArray::Append (inlined)
            |
            ---SQArray::Append (inlined)
               |          
                --6.94%--sqvector<SQObjectPtr>::push_back (inlined)
                          |          
                          |--5.16%--sqvector<SQObjectPtr>::_realloc (inlined)
                          |          |          
                          |          |--2.64%--SQObjectPtr::SQObjectPtr (inlined)
                          |          |          
                          |           --1.54%--SQObjectPtr::~SQObjectPtr (inlined)
                          |          
                           --1.68%--SQObjectPtr::SQObjectPtr (inlined)

     6.94%     0.00%  sqgi     sqgi                   [.] sqvector<SQObjectPtr>::push_back (inlined)
            |
            ---sqvector<SQObjectPtr>::push_back (inlined)
               |          
               |--5.16%--sqvector<SQObjectPtr>::_realloc (inlined)
               |          |          
               |          |--2.64%--SQObjectPtr::SQObjectPtr (inlined)
               |          |          
               |           --1.54%--SQObjectPtr::~SQObjectPtr (inlined)
               |          
                --1.68%--SQObjectPtr::SQObjectPtr (inlined)

     6.66%     0.00%  sqgi     [JIT] tid 678029       [.] 0x0000ffffaefd3273
            |
            ---0xffffaefd3273
               |          
                --5.45%--0xffffaefd3273
                          sqjit_a64_helper_begin_stack_write
                          |          
                           --4.38%--SQJitWriteLog::BeginStackWrite
                                     |          
                                      --1.63%--SQJitWriteLog::RecordStackSlot
                                                |          
                                                 --1.22%--SQJitWriteLog::FindValue<true> (inlined)

     5.93%     5.93%  sqgi     sqgi                   [.] SQJitWriteLog::CountPins
            |
            ---0xffffaefd312b
               0xffffaefd312b
               sqjit_a64_helper_publish_stack_write
               SQJitWriteLog::PublishStackWrite
               SQJitWriteLog::CanRelease
               SQJitWriteLog::CountPins

     5.71%     0.00%  sqgi     [JIT] tid 678029       [.] 0x0000ffffaefd329b
            |
            ---0xffffaefd329b
               |          
                --5.58%--0xffffaefd329b
                          sqjit_a64_helper_array_ptr_get_object_raw

     5.58%     5.58%  sqgi     sqgi                   [.] sqjit_a64_helper_array_ptr_get_object_raw
            |
            ---0xffffaefd329b
               0xffffaefd329b
               sqjit_a64_helper_array_ptr_get_object_raw

     5.45%     0.41%  sqgi     sqgi                   [.] sqjit_a64_helper_begin_stack_write
            |          
             --5.03%--sqjit_a64_helper_begin_stack_write
                       |          
                        --4.38%--SQJitWriteLog::BeginStackWrite
                                  |          
                                   --1.63%--SQJitWriteLog::RecordStackSlot
                                             |          
                                              --1.22%--SQJitWriteLog::FindValue<true> (inlined)

     5.16%     0.00%  sqgi     sqgi                   [.] sqvector<SQObjectPtr>::_realloc (inlined)
            |
            ---sqvector<SQObjectPtr>::_realloc (inlined)
               |          
               |--2.64%--SQObjectPtr::SQObjectPtr (inlined)
               |          
                --1.54%--SQObjectPtr::~SQObjectPtr (inlined)

     4.99%     0.00%  sqgi     sqgi                   [.] SQObjectPtr::SQObjectPtr (inlined)
            |
            ---SQObjectPtr::SQObjectPtr (inlined)

     4.83%     4.83%  sqgi     sqgi                   [.] SQJitWriteLog::RetainValue
            |          
            |--2.85%--0xffffaefd312b
            |          0xffffaefd312b
            |          sqjit_a64_helper_publish_stack_write
            |          SQJitWriteLog::PublishStackWrite
            |          SQJitWriteLog::RetainValue
            |          |          
            |           --2.30%--SQJitWriteLog::FindValue<false> (inlined)
            |          
             --1.08%--0xffffaefd32c3
                       0xffffaefd32c3
                       sqjit_a64_helper_finish_stack_write
                       SQJitWriteLog::FinishStackWrite
                       SQJitWriteLog::RetainValue

     4.38%     1.84%  sqgi     sqgi                   [.] SQJitWriteLog::BeginStackWrite
            |          
            |--2.54%--SQJitWriteLog::BeginStackWrite
            |          |          
            |           --1.63%--SQJitWriteLog::RecordStackSlot
            |                     |          
            |                      --1.22%--SQJitWriteLog::FindValue<true> (inlined)
            |          
             --1.84%--0xffffaefd3273
                       0xffffaefd3273
                       sqjit_a64_helper_begin_stack_write
                       SQJitWriteLog::BeginStackWrite

     3.59%     0.00%  sqgi     sqgi                   [.] SQObjectPtr::operator= (inlined)
            |
            ---SQObjectPtr::operator= (inlined)

     3.57%     3.57%  sqgi     [JIT] tid 678029       [.] 0x0000ffffaefd336c
            |
            ---0xffffaefd32c3
               0xffffaefd336c

     3.45%     3.45%  sqgi     [JIT] tid 678029       [.] 0x0000ffffaefd3194
            |
            ---0xffffaefd312b
               0xffffaefd3194

     2.86%     2.86%  sqgi     [JIT] tid 678029       [.] 0x0000ffffaefd33e8
            |
            ---0xffffaefd32c3
               0xffffaefd33e8

     2.72%     2.72%  sqgi     sqgi                   [.] sqjit_write_log_ensure
            |          
             --1.30%--0xffffaefd312b
                       0xffffaefd312b
                       sqjit_a64_helper_publish_stack_write
                       sqjit_write_log_ensure

     2.30%     0.00%  sqgi     sqgi                   [.] SQJitWriteLog::FindValue<false> (inlined)
            |
            ---SQJitWriteLog::FindValue<false> (inlined)

     2.06%     2.06%  sqgi     sqgi                   [.] SQArray::Release
            |          
             --1.38%--0xffffaefd309b
                       0xffffaefd309b
                       sqjit_a64_helper_new_array
                       sqjit_a64_helper_new_array
                       SQObjectPtr::operator= (inlined)
                       SQArray::Release
                       SQArray::~SQArray (inlined)
                       sqvector<SQObjectPtr>::~sqvector (inlined)
                       sqvector<SQObjectPtr>::~sqvector (inlined)

     2.06%     0.00%  sqgi     sqgi                   [.] SQArray::~SQArray (inlined)
            |
            ---SQArray::~SQArray (inlined)
               sqvector<SQObjectPtr>::~sqvector (inlined)
               sqvector<SQObjectPtr>::~sqvector (inlined)
               |          
                --1.51%--SQObjectPtr::~SQObjectPtr (inlined)

     2.06%     0.00%  sqgi     sqgi                   [.] sqvector<SQObjectPtr>::~sqvector (inlined)
            |
            ---sqvector<SQObjectPtr>::~sqvector (inlined)
               sqvector<SQObjectPtr>::~sqvector (inlined)
               |          
                --1.51%--SQObjectPtr::~SQObjectPtr (inlined)

     1.87%     1.87%  sqgi     [JIT] tid 678029       [.] 0x0000ffffaefd3400
            |
            ---0xffffaefd32c3
               0xffffaefd3400

     1.62%     1.62%  sqgi     [JIT] tid 678029       [.] 0x0000ffffaefd339c
            |
            ---0xffffaefd32c3
               0xffffaefd339c

     1.54%     0.00%  sqgi     sqgi                   [.] SQObjectPtr::~SQObjectPtr (inlined)
            |
            ---SQObjectPtr::~SQObjectPtr (inlined)

     1.52%     0.00%  sqgi     sqgi                   [.] SQObjectPtr::~SQObjectPtr (inlined)
            |
            ---SQObjectPtr::~SQObjectPtr (inlined)
               |          
                --1.11%--SQObjectPtr::~SQObjectPtr (inlined)

     1.51%     0.00%  sqgi     sqgi                   [.] SQObjectPtr::~SQObjectPtr (inlined)
            |
            ---SQObjectPtr::~SQObjectPtr (inlined)

     1.38%     0.00%  sqgi     [JIT] tid 678029       [.] 0x0000ffffaefd309b
            |
            ---0xffffaefd309b
               0xffffaefd309b
               sqjit_a64_helper_new_array
               sqjit_a64_helper_new_array
               SQObjectPtr::operator= (inlined)
               SQArray::Release
               SQArray::~SQArray (inlined)
               sqvector<SQObjectPtr>::~sqvector (inlined)
               sqvector<SQObjectPtr>::~sqvector (inlined)

     1.38%     0.00%  sqgi     sqgi                   [.] sqjit_a64_helper_new_array
            |
            ---sqjit_a64_helper_new_array
               sqjit_a64_helper_new_array
               SQObjectPtr::operator= (inlined)
               SQArray::Release
               SQArray::~SQArray (inlined)
               sqvector<SQObjectPtr>::~sqvector (inlined)
               sqvector<SQObjectPtr>::~sqvector (inlined)

     1.38%     0.00%  sqgi     sqgi                   [.] SQObjectPtr::operator= (inlined)
            |
            ---SQObjectPtr::operator= (inlined)
               SQArray::Release
               SQArray::~SQArray (inlined)
               sqvector<SQObjectPtr>::~sqvector (inlined)
               sqvector<SQObjectPtr>::~sqvector (inlined)

     1.28%     0.00%  sqgi     sqgi                   [.] SQObjectPtr::SQObjectPtr (inlined)
            |
            ---SQObjectPtr::SQObjectPtr (inlined)

     1.13%     0.00%  sqgi     sqgi                   [.] SQJitWriteLog::EnsureValueIndex (inlined)
            |
            ---SQJitWriteLog::EnsureValueIndex (inlined)

     1.03%     0.00%  sqgi     sqgi                   [.] _start
            |
            ---_start
               __libc_start_main_impl (inlined)
               __libc_start_call_main
               main

     1.03%     0.00%  sqgi     libc.so.6              [.] __libc_start_main_impl (inlined)
            |
            ---__libc_start_main_impl (inlined)
               __libc_start_call_main
               main

     1.03%     0.00%  sqgi     libc.so.6              [.] __libc_start_call_main
            |
            ---__libc_start_call_main
               main

     1.03%     0.00%  sqgi     sqgi                   [.] main
            |
            ---main

     1.01%     0.00%  sqgi     sqgi                   [.] sqjit_unobservable_scalar_array (inlined)
            |
            ---sqjit_unobservable_scalar_array (inlined)



#
# (Cannot load tips.txt file, please install perf!)
#
