# To display the perf.data header info, please use --header/--header-only options.
#
#
# Total Lost Samples: 0
#
# Samples: 637  of event 'cycles:u'
# Event count (approx.): 2294916507
#
# Children      Self  Command  Shared Object          Symbol                                       
# ........  ........  .......  .....................  .............................................
#
    53.70%     0.00%  sqgi     [JIT] tid 678004       [.] 0x0000ffffbaec728f
            |
            ---0xffffbaec728f
               |          
               |--36.01%--0xffffbaec728f
               |          sqjit_a64_helper_finish_stack_write
               |          |          
               |          |--28.21%--SQJitWriteLog::FinishStackWrite
               |          |          |          
               |          |          |--4.94%--SQJitWriteLog::RecordStackSlot
               |          |          |          |          
               |          |          |          |--2.86%--SQJitWriteLog::FindValue<true> (inlined)
               |          |          |          |          
               |          |          |           --1.12%--SQJitWriteLog::EnsureValueIndex (inlined)
               |          |          |          
               |          |          |--4.73%--SQJitWriteLog::CanRelease
               |          |          |          
               |          |          |--2.13%--SQJitWriteLog::RetainValue
               |          |          |          
               |          |          |--1.79%--SQObjectPtr::operator= (inlined)
               |          |          |          
               |          |           --1.20%--_Swap (inlined)
               |          |          
               |           --2.18%--sqjit_write_log_ensure
               |          
               |--4.69%--0xffffbaec73b4
               |          
               |--4.64%--0xffffbaec7338
               |          
               |--3.49%--0xffffbaec73cc
               |          
                --2.17%--0xffffbaec7368

    36.01%     5.61%  sqgi     sqgi                   [.] sqjit_a64_helper_finish_stack_write
            |          
            |--30.39%--sqjit_a64_helper_finish_stack_write
            |          |          
            |          |--28.21%--SQJitWriteLog::FinishStackWrite
            |          |          |          
            |          |          |--4.94%--SQJitWriteLog::RecordStackSlot
            |          |          |          |          
            |          |          |          |--2.86%--SQJitWriteLog::FindValue<true> (inlined)
            |          |          |          |          
            |          |          |           --1.12%--SQJitWriteLog::EnsureValueIndex (inlined)
            |          |          |          
            |          |          |--4.73%--SQJitWriteLog::CanRelease
            |          |          |          
            |          |          |--2.13%--SQJitWriteLog::RetainValue
            |          |          |          
            |          |          |--1.79%--SQObjectPtr::operator= (inlined)
            |          |          |          
            |          |           --1.20%--_Swap (inlined)
            |          |          
            |           --2.18%--sqjit_write_log_ensure
            |          
             --5.61%--0xffffbaec728f
                       0xffffbaec728f
                       sqjit_a64_helper_finish_stack_write

    28.21%    16.41%  sqgi     sqgi                   [.] SQJitWriteLog::FinishStackWrite
            |          
            |--16.41%--0xffffbaec728f
            |          0xffffbaec728f
            |          sqjit_a64_helper_finish_stack_write
            |          SQJitWriteLog::FinishStackWrite
            |          |          
            |          |--1.79%--SQObjectPtr::operator= (inlined)
            |          |          
            |           --1.20%--_Swap (inlined)
            |          
             --11.81%--SQJitWriteLog::FinishStackWrite
                       |          
                       |--4.94%--SQJitWriteLog::RecordStackSlot
                       |          |          
                       |          |--2.86%--SQJitWriteLog::FindValue<true> (inlined)
                       |          |          
                       |           --1.12%--SQJitWriteLog::EnsureValueIndex (inlined)
                       |          
                       |--4.73%--SQJitWriteLog::CanRelease
                       |          
                        --2.13%--SQJitWriteLog::RetainValue

    22.10%     0.00%  sqgi     [JIT] tid 678004       [.] 0x0000ffffbaec716f
            |
            ---0xffffbaec716f
               |          
               |--11.42%--0xffffbaec716f
               |          sqjit_a64_helper_array_ptr_append_integer
               |          |          
               |           --8.92%--SQArray::Append (inlined)
               |                     |          
               |                      --8.18%--sqvector<SQObjectPtr>::push_back (inlined)
               |                                |          
               |                                |--6.00%--sqvector<SQObjectPtr>::_realloc (inlined)
               |                                |          |          
               |                                |          |--3.59%--SQObjectPtr::SQObjectPtr (inlined)
               |                                |          |          
               |                                |           --2.03%--SQObjectPtr::~SQObjectPtr (inlined)
               |                                |          
               |                                 --1.35%--SQObjectPtr::SQObjectPtr (inlined)
               |          
               |--7.61%--0xffffbaec7160
               |          
               |--1.13%--0xffffbaec70f8
               |          
                --1.11%--0xffffbaec70ec

    11.87%     0.00%  sqgi     [JIT] tid 678004       [.] 0x0000ffffbaec723f
            |
            ---0xffffbaec723f
               |          
                --9.68%--0xffffbaec723f
                          sqjit_a64_helper_begin_stack_write
                          |          
                           --8.00%--SQJitWriteLog::BeginStackWrite
                                     |          
                                      --3.76%--SQJitWriteLog::RecordStackSlot
                                                |          
                                                 --1.80%--SQJitWriteLog::FindValue<true> (inlined)

    11.42%    10.21%  sqgi     sqgi                   [.] sqjit_a64_helper_array_ptr_append_integer
            |          
            |--10.21%--0xffffbaec716f
            |          0xffffbaec716f
            |          sqjit_a64_helper_array_ptr_append_integer
            |          |          
            |           --7.70%--SQArray::Append (inlined)
            |                     |          
            |                      --6.96%--sqvector<SQObjectPtr>::push_back (inlined)
            |                                |          
            |                                 --5.29%--sqvector<SQObjectPtr>::_realloc (inlined)
            |                                           |          
            |                                           |--2.88%--SQObjectPtr::SQObjectPtr (inlined)
            |                                           |          
            |                                            --2.03%--SQObjectPtr::~SQObjectPtr (inlined)
            |          
             --1.22%--sqjit_a64_helper_array_ptr_append_integer
                       SQArray::Append (inlined)
                       sqvector<SQObjectPtr>::push_back (inlined)

     9.68%     0.89%  sqgi     sqgi                   [.] sqjit_a64_helper_begin_stack_write
            |          
             --8.79%--sqjit_a64_helper_begin_stack_write
                       |          
                        --8.00%--SQJitWriteLog::BeginStackWrite
                                  |          
                                   --3.76%--SQJitWriteLog::RecordStackSlot
                                             |          
                                              --1.80%--SQJitWriteLog::FindValue<true> (inlined)

     9.02%     0.00%  sqgi     [JIT] tid 678004       [.] 0x0000ffffbaec7267
            |
            ---0xffffbaec7267
               |          
                --8.82%--0xffffbaec7267
                          sqjit_a64_helper_array_ptr_get_object_raw

     8.92%     0.00%  sqgi     sqgi                   [.] SQArray::Append (inlined)
            |
            ---SQArray::Append (inlined)
               |          
                --8.18%--sqvector<SQObjectPtr>::push_back (inlined)
                          |          
                          |--6.00%--sqvector<SQObjectPtr>::_realloc (inlined)
                          |          |          
                          |          |--3.59%--SQObjectPtr::SQObjectPtr (inlined)
                          |          |          
                          |           --2.03%--SQObjectPtr::~SQObjectPtr (inlined)
                          |          
                           --1.35%--SQObjectPtr::SQObjectPtr (inlined)

     8.82%     8.82%  sqgi     sqgi                   [.] sqjit_a64_helper_array_ptr_get_object_raw
            |
            ---0xffffbaec7267
               0xffffbaec7267
               sqjit_a64_helper_array_ptr_get_object_raw

     8.70%     8.70%  sqgi     sqgi                   [.] SQJitWriteLog::RecordStackSlot
            |          
            |--4.94%--0xffffbaec728f
            |          0xffffbaec728f
            |          sqjit_a64_helper_finish_stack_write
            |          SQJitWriteLog::FinishStackWrite
            |          SQJitWriteLog::RecordStackSlot
            |          |          
            |          |--2.86%--SQJitWriteLog::FindValue<true> (inlined)
            |          |          
            |           --1.12%--SQJitWriteLog::EnsureValueIndex (inlined)
            |          
             --3.76%--0xffffbaec723f
                       0xffffbaec723f
                       sqjit_a64_helper_begin_stack_write
                       SQJitWriteLog::BeginStackWrite
                       SQJitWriteLog::RecordStackSlot
                       |          
                        --1.80%--SQJitWriteLog::FindValue<true> (inlined)

     8.18%     0.00%  sqgi     sqgi                   [.] sqvector<SQObjectPtr>::push_back (inlined)
            |
            ---sqvector<SQObjectPtr>::push_back (inlined)
               |          
               |--6.00%--sqvector<SQObjectPtr>::_realloc (inlined)
               |          |          
               |          |--3.59%--SQObjectPtr::SQObjectPtr (inlined)
               |          |          
               |           --2.03%--SQObjectPtr::~SQObjectPtr (inlined)
               |          
                --1.35%--SQObjectPtr::SQObjectPtr (inlined)

     8.00%     3.24%  sqgi     sqgi                   [.] SQJitWriteLog::BeginStackWrite
            |          
            |--4.76%--SQJitWriteLog::BeginStackWrite
            |          |          
            |           --3.76%--SQJitWriteLog::RecordStackSlot
            |                     |          
            |                      --1.80%--SQJitWriteLog::FindValue<true> (inlined)
            |          
             --3.24%--0xffffbaec723f
                       0xffffbaec723f
                       sqjit_a64_helper_begin_stack_write
                       SQJitWriteLog::BeginStackWrite

     7.61%     7.61%  sqgi     [JIT] tid 678004       [.] 0x0000ffffbaec7160
            |
            ---0xffffbaec716f
               0xffffbaec7160

     6.00%     0.00%  sqgi     sqgi                   [.] sqvector<SQObjectPtr>::_realloc (inlined)
            |
            ---sqvector<SQObjectPtr>::_realloc (inlined)
               |          
               |--3.59%--SQObjectPtr::SQObjectPtr (inlined)
               |          
                --2.03%--SQObjectPtr::~SQObjectPtr (inlined)

     5.68%     0.00%  sqgi     sqgi                   [.] SQObjectPtr::SQObjectPtr (inlined)
            |
            ---SQObjectPtr::SQObjectPtr (inlined)
               |          
                --1.22%--0xffff8000080115e8
                          0xffff80000925cde0
                          |          
                           --1.09%--0xffff8000080188fc

     4.73%     4.73%  sqgi     sqgi                   [.] SQJitWriteLog::CanRelease
            |
            ---0xffffbaec728f
               0xffffbaec728f
               sqjit_a64_helper_finish_stack_write
               SQJitWriteLog::FinishStackWrite
               SQJitWriteLog::CanRelease

     4.69%     4.69%  sqgi     [JIT] tid 678004       [.] 0x0000ffffbaec73b4
            |
            ---0xffffbaec728f
               0xffffbaec73b4

     4.66%     0.00%  sqgi     sqgi                   [.] SQJitWriteLog::FindValue<true> (inlined)
            |
            ---SQJitWriteLog::FindValue<true> (inlined)

     4.64%     4.64%  sqgi     [JIT] tid 678004       [.] 0x0000ffffbaec7338
            |
            ---0xffffbaec728f
               0xffffbaec7338

     3.49%     3.49%  sqgi     [JIT] tid 678004       [.] 0x0000ffffbaec73cc
            |
            ---0xffffbaec728f
               0xffffbaec73cc

     3.13%     3.13%  sqgi     sqgi                   [.] SQJitWriteLog::RetainValue
            |          
             --2.13%--0xffffbaec728f
                       0xffffbaec728f
                       sqjit_a64_helper_finish_stack_write
                       SQJitWriteLog::FinishStackWrite
                       SQJitWriteLog::RetainValue

     2.97%     2.97%  sqgi     sqgi                   [.] sqjit_write_log_ensure
            |          
             --2.18%--0xffffbaec728f
                       0xffffbaec728f
                       sqjit_a64_helper_finish_stack_write
                       sqjit_write_log_ensure

     2.17%     2.17%  sqgi     [JIT] tid 678004       [.] 0x0000ffffbaec7368
            |
            ---0xffffbaec728f
               0xffffbaec7368

     2.12%     0.00%  sqgi     sqgi                   [.] SQObjectPtr::~SQObjectPtr (inlined)
            |
            ---SQObjectPtr::~SQObjectPtr (inlined)

     2.00%     2.00%  sqgi     sqgi                   [.] SQArray::Release
            |          
             --1.40%--0xffffbaec709b
                       0xffffbaec709b
                       sqjit_a64_helper_new_array
                       sqjit_a64_helper_new_array
                       SQObjectPtr::operator= (inlined)
                       SQArray::Release
                       SQArray::~SQArray (inlined)
                       sqvector<SQObjectPtr>::~sqvector (inlined)
                       sqvector<SQObjectPtr>::~sqvector (inlined)

     2.00%     0.00%  sqgi     sqgi                   [.] SQArray::~SQArray (inlined)
            |
            ---SQArray::~SQArray (inlined)
               sqvector<SQObjectPtr>::~sqvector (inlined)
               sqvector<SQObjectPtr>::~sqvector (inlined)
               |          
                --1.20%--SQObjectPtr::~SQObjectPtr (inlined)

     2.00%     0.00%  sqgi     sqgi                   [.] sqvector<SQObjectPtr>::~sqvector (inlined)
            |
            ---sqvector<SQObjectPtr>::~sqvector (inlined)
               sqvector<SQObjectPtr>::~sqvector (inlined)
               |          
                --1.20%--SQObjectPtr::~SQObjectPtr (inlined)

     1.79%     0.00%  sqgi     sqgi                   [.] SQObjectPtr::operator= (inlined)
            |
            ---SQObjectPtr::operator= (inlined)

     1.40%     0.00%  sqgi     [JIT] tid 678004       [.] 0x0000ffffbaec709b
            |
            ---0xffffbaec709b
               0xffffbaec709b
               sqjit_a64_helper_new_array
               sqjit_a64_helper_new_array
               SQObjectPtr::operator= (inlined)
               SQArray::Release
               SQArray::~SQArray (inlined)
               sqvector<SQObjectPtr>::~sqvector (inlined)
               sqvector<SQObjectPtr>::~sqvector (inlined)

     1.40%     0.00%  sqgi     sqgi                   [.] sqjit_a64_helper_new_array
            |
            ---sqjit_a64_helper_new_array
               sqjit_a64_helper_new_array
               SQObjectPtr::operator= (inlined)
               SQArray::Release
               SQArray::~SQArray (inlined)
               sqvector<SQObjectPtr>::~sqvector (inlined)
               sqvector<SQObjectPtr>::~sqvector (inlined)

     1.40%     0.00%  sqgi     sqgi                   [.] SQObjectPtr::operator= (inlined)
            |
            ---SQObjectPtr::operator= (inlined)
               SQArray::Release
               SQArray::~SQArray (inlined)
               sqvector<SQObjectPtr>::~sqvector (inlined)
               sqvector<SQObjectPtr>::~sqvector (inlined)

     1.27%     0.00%  sqgi     libc.so.6              [.] __libc_start_call_main
            |
            ---__libc_start_call_main
               __libc_start_call_main
               main

     1.27%     0.00%  sqgi     sqgi                   [.] main
            |
            ---main

     1.22%     0.00%  sqgi     [unknown]              [.] 0xffff8000080115e8
            |
            ---0xffff8000080115e8
               0xffff80000925cde0
               |          
                --1.09%--0xffff8000080188fc

     1.22%     0.00%  sqgi     [unknown]              [.] 0xffff80000925cde0
            |
            ---0xffff80000925cde0
               |          
                --1.09%--0xffff8000080188fc

     1.20%     0.00%  sqgi     sqgi                   [.] _Swap (inlined)
            |
            ---_Swap (inlined)

     1.20%     0.00%  sqgi     sqgi                   [.] SQObjectPtr::~SQObjectPtr (inlined)
            |
            ---SQObjectPtr::~SQObjectPtr (inlined)

     1.13%     1.13%  sqgi     [JIT] tid 678004       [.] 0x0000ffffbaec70f8
            |
            ---0xffffbaec716f
               0xffffbaec70f8

     1.12%     0.00%  sqgi     sqgi                   [.] SQJitWriteLog::EnsureValueIndex (inlined)
            |
            ---SQJitWriteLog::EnsureValueIndex (inlined)

     1.11%     1.11%  sqgi     [JIT] tid 678004       [.] 0x0000ffffbaec70ec
            |
            ---0xffffbaec716f
               0xffffbaec70ec

     1.09%     1.09%  sqgi     [unknown]              [k] 0xffff8000080188fc
            |
            ---0xffffbaec716f
               0xffffbaec716f
               sqjit_a64_helper_array_ptr_append_integer
               SQArray::Append (inlined)
               sqvector<SQObjectPtr>::push_back (inlined)



#
# (Cannot load tips.txt file, please install perf!)
#
