Round 1/5: sqgi; all 8 checksums match
Round 1/5: sqgi_baseline; all 8 checksums match
Round 1/5: node; all 8 checksums match
Round 1/5: gjs; all 8 checksums match
Round 1/5: python; all 8 checksums match
Round 2/5: sqgi_baseline; all 8 checksums match
Round 2/5: node; all 8 checksums match
Round 2/5: gjs; all 8 checksums match
Round 2/5: python; all 8 checksums match
Round 2/5: sqgi; all 8 checksums match
Round 3/5: node; all 8 checksums match
Round 3/5: gjs; all 8 checksums match
Round 3/5: python; all 8 checksums match
Round 3/5: sqgi; all 8 checksums match
Round 3/5: sqgi_baseline; all 8 checksums match
Round 4/5: gjs; all 8 checksums match
Round 4/5: python; all 8 checksums match
Round 4/5: sqgi; all 8 checksums match
Round 4/5: sqgi_baseline; all 8 checksums match
Round 4/5: node; all 8 checksums match
Round 5/5: python; all 8 checksums match
Round 5/5: sqgi; all 8 checksums match
Round 5/5: sqgi_baseline; all 8 checksums match
Round 5/5: node; all 8 checksums match
Round 5/5: gjs; all 8 checksums match
Microseconds per iteration; lower is faster
kernel	sqgi	sqgi_baseline	node	gjs	python
route_balanced	0.053805000	0.052200000	0.006021385	0.006415000	0.261363710
route_skewed	0.052405000	0.051505000	0.005766180	0.006680000	0.259349775
pricing_events	0.058080000	0.057545000	0.011145910	0.017350000	0.432412475
filter_stream	0.056120000	0.055100000	0.005045770	0.009735000	0.240556465
records_64	0.137255000	0.132550000	0.015703145	0.038480000	0.566485640
records_4096	0.239615000	0.236595000	0.020604545	0.043495000	0.622178720
word_count	0.267395000	0.266610000	0.074767845	0.123885000	0.360444595
graph_walk	0.012360000	0.012465000	0.004786195	0.008705000	0.129018645
