Round 1/5: sqgi; all 8 checksums match
Round 1/5: sqgi_baseline; all 8 checksums match
Round 1/5: node; all 8 checksums match
Round 1/5: gjs; all 8 checksums match
Round 1/5: python; all 8 checksums match
Round 2/5: sqgi_baseline; all 8 checksums match
Round 2/5: node; all 8 checksums match
Round 2/5: gjs; all 8 checksums match
Round 2/5: python; all 8 checksums match
Round 2/5: sqgi; all 8 checksums match
Round 3/5: node; all 8 checksums match
Round 3/5: gjs; all 8 checksums match
Round 3/5: python; all 8 checksums match
Round 3/5: sqgi; all 8 checksums match
Round 3/5: sqgi_baseline; all 8 checksums match
Round 4/5: gjs; all 8 checksums match
Round 4/5: python; all 8 checksums match
Round 4/5: sqgi; all 8 checksums match
Round 4/5: sqgi_baseline; all 8 checksums match
Round 4/5: node; all 8 checksums match
Round 5/5: python; all 8 checksums match
Round 5/5: sqgi; all 8 checksums match
Round 5/5: sqgi_baseline; all 8 checksums match
Round 5/5: node; all 8 checksums match
Round 5/5: gjs; all 8 checksums match
Microseconds per iteration; lower is faster
kernel	sqgi	sqgi_baseline	node	gjs	python
route_balanced	0.053522099	0.052024610	0.005982695	0.006347452	0.260107607
route_skewed	0.052432107	0.051432114	0.005777802	0.006662450	0.257466619
pricing_events	0.057979565	0.057412069	0.011105719	0.017334870	0.430006672
filter_stream	0.056377077	0.055162086	0.005027507	0.008564936	0.239762069
records_64	0.135488984	0.131101517	0.015411364	0.038507211	0.565737657
records_4096	0.230865769	0.237608218	0.019964923	0.042567181	0.619743052
word_count	0.267367995	0.266723000	0.073968133	0.123351575	0.364773057
graph_walk	0.012352407	0.012409907	0.004775219	0.006697450	0.127943635
