Round 1/5: audit; 7 checksums match
Round 1/5: v28; 7 checksums match
Round 1/5: v29; 7 checksums match
Round 1/5: v28_repeat; 7 checksums match
Round 1/5: v29_repeat; 7 checksums match
Round 1/5: node; 7 checksums match
Round 2/5: v28; 7 checksums match
Round 2/5: v29; 7 checksums match
Round 2/5: v28_repeat; 7 checksums match
Round 2/5: v29_repeat; 7 checksums match
Round 2/5: node; 7 checksums match
Round 2/5: audit; 7 checksums match
Round 3/5: v29; 7 checksums match
Round 3/5: v28_repeat; 7 checksums match
Round 3/5: v29_repeat; 7 checksums match
Round 3/5: node; 7 checksums match
Round 3/5: audit; 7 checksums match
Round 3/5: v28; 7 checksums match
Round 4/5: v28_repeat; 7 checksums match
Round 4/5: v29_repeat; 7 checksums match
Round 4/5: node; 7 checksums match
Round 4/5: audit; 7 checksums match
Round 4/5: v28; 7 checksums match
Round 4/5: v29; 7 checksums match
Round 5/5: v29_repeat; 7 checksums match
Round 5/5: node; 7 checksums match
Round 5/5: audit; 7 checksums match
Round 5/5: v28; 7 checksums match
Round 5/5: v29; 7 checksums match
Round 5/5: v28_repeat; 7 checksums match
filter: audit 23.26 ns, v28 13.52 ns, v29 13.55 ns, v28_repeat 13.51 ns, v29_repeat 13.41 ns, node 2.46 ns
channels_4: audit 78.69 ns, v28 35.01 ns, v29 35.05 ns, v28_repeat 35.04 ns, v29_repeat 35.02 ns, node 5.42 ns
pressure_8: audit 153.37 ns, v28 93.65 ns, v29 93.81 ns, v28_repeat 93.68 ns, v29_repeat 93.69 ns, node 10.32 ns
integration: audit 37.32 ns, v28 22.54 ns, v29 22.54 ns, v28_repeat 22.52 ns, v29_repeat 22.54 ns, node 7.73 ns
retained_input: audit 44.42 ns, v28 24.43 ns, v29 24.36 ns, v28_repeat 24.32 ns, v29_repeat 24.37 ns, node 4.28 ns
branching: audit 31.39 ns, v28 17.95 ns, v29 17.93 ns, v28_repeat 17.95 ns, v29_repeat 17.98 ns, node 6.44 ns
helper_control: audit 54.61 ns, v28 19.31 ns, v29 19.34 ns, v28_repeat 19.36 ns, v29_repeat 19.35 ns, node 3.62 ns
