Round 1/5: audit; 7 checksums match
Round 1/5: v28; 7 checksums match
Round 1/5: v29; 7 checksums match
Round 1/5: v28_repeat; 7 checksums match
Round 1/5: v29_repeat; 7 checksums match
Round 1/5: node; 7 checksums match
Round 2/5: v28; 7 checksums match
Round 2/5: v29; 7 checksums match
Round 2/5: v28_repeat; 7 checksums match
Round 2/5: v29_repeat; 7 checksums match
Round 2/5: node; 7 checksums match
Round 2/5: audit; 7 checksums match
Round 3/5: v29; 7 checksums match
Round 3/5: v28_repeat; 7 checksums match
Round 3/5: v29_repeat; 7 checksums match
Round 3/5: node; 7 checksums match
Round 3/5: audit; 7 checksums match
Round 3/5: v28; 7 checksums match
Round 4/5: v28_repeat; 7 checksums match
Round 4/5: v29_repeat; 7 checksums match
Round 4/5: node; 7 checksums match
Round 4/5: audit; 7 checksums match
Round 4/5: v28; 7 checksums match
Round 4/5: v29; 7 checksums match
Round 5/5: v29_repeat; 7 checksums match
Round 5/5: node; 7 checksums match
Round 5/5: audit; 7 checksums match
Round 5/5: v28; 7 checksums match
Round 5/5: v29; 7 checksums match
Round 5/5: v28_repeat; 7 checksums match
filter: audit 23.34 ns, v28 13.41 ns, v29 13.41 ns, v28_repeat 13.42 ns, v29_repeat 13.46 ns, node 2.44 ns
channels_4: audit 77.98 ns, v28 35.02 ns, v29 35.02 ns, v28_repeat 34.99 ns, v29_repeat 35.02 ns, node 5.42 ns
pressure_8: audit 152.57 ns, v28 93.62 ns, v29 93.68 ns, v28_repeat 93.62 ns, v29_repeat 93.71 ns, node 10.32 ns
integration: audit 36.99 ns, v28 22.55 ns, v29 22.51 ns, v28_repeat 22.57 ns, v29_repeat 22.54 ns, node 7.54 ns
retained_input: audit 44.73 ns, v28 24.34 ns, v29 24.30 ns, v28_repeat 24.29 ns, v29_repeat 24.42 ns, node 4.23 ns
branching: audit 31.22 ns, v28 17.93 ns, v29 17.96 ns, v28_repeat 17.93 ns, v29_repeat 17.91 ns, node 6.43 ns
helper_control: audit 54.88 ns, v28 19.32 ns, v29 19.34 ns, v28_repeat 19.32 ns, v29_repeat 19.34 ns, node 3.62 ns
