Round 1/5: sqgi; all 15 checksums match
Round 1/5: sqgi_baseline; all 15 checksums match
Round 1/5: node; all 15 checksums match
Round 1/5: gjs; all 15 checksums match
Round 1/5: python; all 15 checksums match
Round 2/5: sqgi_baseline; all 15 checksums match
Round 2/5: node; all 15 checksums match
Round 2/5: gjs; all 15 checksums match
Round 2/5: python; all 15 checksums match
Round 2/5: sqgi; all 15 checksums match
Round 3/5: node; all 15 checksums match
Round 3/5: gjs; all 15 checksums match
Round 3/5: python; all 15 checksums match
Round 3/5: sqgi; all 15 checksums match
Round 3/5: sqgi_baseline; all 15 checksums match
Round 4/5: gjs; all 15 checksums match
Round 4/5: python; all 15 checksums match
Round 4/5: sqgi; all 15 checksums match
Round 4/5: sqgi_baseline; all 15 checksums match
Round 4/5: node; all 15 checksums match
Round 5/5: python; all 15 checksums match
Round 5/5: sqgi; all 15 checksums match
Round 5/5: sqgi_baseline; all 15 checksums match
Round 5/5: node; all 15 checksums match
Round 5/5: gjs; all 15 checksums match
Microseconds per iteration; lower is faster
kernel	sqgi	sqgi_baseline	node	gjs	python
direct_call	0.025674000	0.034162000	0.006763759	0.010755937	0.335590162
branch_call	0.021348000	0.032050000	0.004814994	0.007028125	0.237039922
float_call	0.012422000	0.021127000	0.002637364	0.009488125	0.134292376
numeric_loop	0.022868000	0.022801000	0.007439051	0.012722500	0.238877034
vector	0.375987000	0.379781000	0.549744913	0.508406250	5.147167231
dynamic_member	0.725525000	1.511425000	0.109054669	0.078893750	0.873531106
dynamic_key_get_set	0.182650000	0.182550000	0.062202638	0.027806250	0.416117631
object_member_write_fallback	0.472813000	0.473162000	0.012616256	0.046918750	0.682404262
array_append	0.128706000	0.127169000	0.034445419	0.016550000	0.220830925
array_write	0.036850000	0.036663000	0.004551769	0.006037500	0.187329762
array_read	0.007040000	0.007466000	0.002630346	0.003510625	0.083769302
array_float	0.006776000	0.007087000	0.002192031	0.003066875	0.073702366
math_intrinsic	0.111294000	0.201481000	0.041184663	0.009850000	0.556256300
math_variable	0.226181000	0.218081000	0.154001781	0.108106250	0.507656106
matrix	0.310737000	0.313862000	0.022806231	0.066093750	1.137517225
