Round 1/5: v28; 6 checksums match
Round 1/5: v29; 6 checksums match
Round 1/5: v28_repeat; 6 checksums match
Round 1/5: v29_repeat; 6 checksums match
Round 1/5: node; 6 checksums match
Round 2/5: v29; 6 checksums match
Round 2/5: v28_repeat; 6 checksums match
Round 2/5: v29_repeat; 6 checksums match
Round 2/5: node; 6 checksums match
Round 2/5: v28; 6 checksums match
Round 3/5: v28_repeat; 6 checksums match
Round 3/5: v29_repeat; 6 checksums match
Round 3/5: node; 6 checksums match
Round 3/5: v28; 6 checksums match
Round 3/5: v29; 6 checksums match
Round 4/5: v29_repeat; 6 checksums match
Round 4/5: node; 6 checksums match
Round 4/5: v28; 6 checksums match
Round 4/5: v29; 6 checksums match
Round 4/5: v28_repeat; 6 checksums match
Round 5/5: node; 6 checksums match
Round 5/5: v28; 6 checksums match
Round 5/5: v29; 6 checksums match
Round 5/5: v28_repeat; 6 checksums match
Round 5/5: v29_repeat; 6 checksums match
table_events_97: v28 415.68 ns, v29 417.25 ns, v28_repeat 415.26 ns, v29_repeat 416.57 ns, node 75.08 ns
class_events_97: v28 417.12 ns, v29 418.62 ns, v28_repeat 417.12 ns, v29_repeat 416.65 ns, node 74.28 ns
buffers_7: v28 348.97 ns, v29 333.65 ns, v28_repeat 348.38 ns, v29_repeat 333.30 ns, node 12.41 ns
buffers_31: v28 348.49 ns, v29 333.51 ns, v28_repeat 348.56 ns, v29_repeat 333.19 ns, node 12.34 ns
calibrate_17: v28 84.20 ns, v29 84.11 ns, v28_repeat 84.25 ns, v29_repeat 84.14 ns, node 8.68 ns
calibrate_67: v28 85.01 ns, v29 84.76 ns, v28_repeat 84.94 ns, v29_repeat 85.16 ns, node 8.35 ns
