Round 1/5: v28; 6 checksums match
Round 1/5: v29; 6 checksums match
Round 1/5: v28_repeat; 6 checksums match
Round 1/5: v29_repeat; 6 checksums match
Round 1/5: node; 6 checksums match
Round 2/5: v29; 6 checksums match
Round 2/5: v28_repeat; 6 checksums match
Round 2/5: v29_repeat; 6 checksums match
Round 2/5: node; 6 checksums match
Round 2/5: v28; 6 checksums match
Round 3/5: v28_repeat; 6 checksums match
Round 3/5: v29_repeat; 6 checksums match
Round 3/5: node; 6 checksums match
Round 3/5: v28; 6 checksums match
Round 3/5: v29; 6 checksums match
Round 4/5: v29_repeat; 6 checksums match
Round 4/5: node; 6 checksums match
Round 4/5: v28; 6 checksums match
Round 4/5: v29; 6 checksums match
Round 4/5: v28_repeat; 6 checksums match
Round 5/5: node; 6 checksums match
Round 5/5: v28; 6 checksums match
Round 5/5: v29; 6 checksums match
Round 5/5: v28_repeat; 6 checksums match
Round 5/5: v29_repeat; 6 checksums match
table_events_97: v28 415.88 ns, v29 415.10 ns, v28_repeat 414.64 ns, v29_repeat 415.52 ns, node 75.19 ns
class_events_97: v28 418.17 ns, v29 423.55 ns, v28_repeat 415.89 ns, v29_repeat 416.70 ns, node 74.20 ns
buffers_7: v28 348.68 ns, v29 333.52 ns, v28_repeat 348.49 ns, v29_repeat 332.59 ns, node 12.42 ns
buffers_31: v28 348.43 ns, v29 333.15 ns, v28_repeat 348.70 ns, v29_repeat 332.81 ns, node 12.36 ns
calibrate_17: v28 83.88 ns, v29 83.80 ns, v28_repeat 84.06 ns, v29_repeat 83.98 ns, node 8.68 ns
calibrate_67: v28 84.76 ns, v29 84.69 ns, v28_repeat 84.79 ns, v29_repeat 84.51 ns, node 8.30 ns
