Round 1/5: v28; 6 checksums match
Round 1/5: v29; 6 checksums match
Round 1/5: v28_repeat; 6 checksums match
Round 1/5: v29_repeat; 6 checksums match
Round 1/5: node; 6 checksums match
Round 2/5: v29; 6 checksums match
Round 2/5: v28_repeat; 6 checksums match
Round 2/5: v29_repeat; 6 checksums match
Round 2/5: node; 6 checksums match
Round 2/5: v28; 6 checksums match
Round 3/5: v28_repeat; 6 checksums match
Round 3/5: v29_repeat; 6 checksums match
Round 3/5: node; 6 checksums match
Round 3/5: v28; 6 checksums match
Round 3/5: v29; 6 checksums match
Round 4/5: v29_repeat; 6 checksums match
Round 4/5: node; 6 checksums match
Round 4/5: v28; 6 checksums match
Round 4/5: v29; 6 checksums match
Round 4/5: v28_repeat; 6 checksums match
Round 5/5: node; 6 checksums match
Round 5/5: v28; 6 checksums match
Round 5/5: v29; 6 checksums match
Round 5/5: v28_repeat; 6 checksums match
Round 5/5: v29_repeat; 6 checksums match
transfer_table: v28 403.25 ns, v29 402.97 ns, v28_repeat 402.95 ns, v29_repeat 402.98 ns, node 17.79 ns
transfer_class: v28 416.19 ns, v29 417.50 ns, v28_repeat 416.35 ns, v29_repeat 416.60 ns, node 18.10 ns
transfer_mixed: v28 419.15 ns, v29 419.34 ns, v28_repeat 419.48 ns, v29_repeat 418.88 ns, node 29.08 ns
publish_table: v28 358.46 ns, v29 359.13 ns, v28_repeat 358.72 ns, v29_repeat 359.43 ns, node 13.43 ns
publish_class: v28 368.22 ns, v29 368.40 ns, v28_repeat 368.58 ns, v29_repeat 368.46 ns, node 13.44 ns
publish_mixed: v28 369.49 ns, v29 370.50 ns, v28_repeat 369.67 ns, v29_repeat 370.12 ns, node 20.87 ns
