Round 1/5: v28; 6 checksums match
Round 1/5: v29; 6 checksums match
Round 1/5: v28_repeat; 6 checksums match
Round 1/5: v29_repeat; 6 checksums match
Round 1/5: node; 6 checksums match
Round 2/5: v29; 6 checksums match
Round 2/5: v28_repeat; 6 checksums match
Round 2/5: v29_repeat; 6 checksums match
Round 2/5: node; 6 checksums match
Round 2/5: v28; 6 checksums match
Round 3/5: v28_repeat; 6 checksums match
Round 3/5: v29_repeat; 6 checksums match
Round 3/5: node; 6 checksums match
Round 3/5: v28; 6 checksums match
Round 3/5: v29; 6 checksums match
Round 4/5: v29_repeat; 6 checksums match
Round 4/5: node; 6 checksums match
Round 4/5: v28; 6 checksums match
Round 4/5: v29; 6 checksums match
Round 4/5: v28_repeat; 6 checksums match
Round 5/5: node; 6 checksums match
Round 5/5: v28; 6 checksums match
Round 5/5: v29; 6 checksums match
Round 5/5: v28_repeat; 6 checksums match
Round 5/5: v29_repeat; 6 checksums match
transfer_table: v28 402.54 ns, v29 403.20 ns, v28_repeat 403.54 ns, v29_repeat 403.62 ns, node 17.99 ns
transfer_class: v28 417.67 ns, v29 417.38 ns, v28_repeat 417.56 ns, v29_repeat 417.19 ns, node 18.13 ns
transfer_mixed: v28 420.15 ns, v29 419.62 ns, v28_repeat 419.78 ns, v29_repeat 419.44 ns, node 29.19 ns
publish_table: v28 359.46 ns, v29 359.22 ns, v28_repeat 359.34 ns, v29_repeat 359.43 ns, node 13.44 ns
publish_class: v28 369.25 ns, v29 368.72 ns, v28_repeat 369.74 ns, v29_repeat 369.55 ns, node 13.50 ns
publish_mixed: v28 370.88 ns, v29 370.51 ns, v28_repeat 370.49 ns, v29_repeat 369.96 ns, node 20.89 ns
