Round 1/5: v28; 10 checksums match
Round 1/5: v29; 10 checksums match
Round 1/5: v28_repeat; 10 checksums match
Round 1/5: v29_repeat; 10 checksums match
Round 1/5: node; 10 checksums match
Round 2/5: v29; 10 checksums match
Round 2/5: v28_repeat; 10 checksums match
Round 2/5: v29_repeat; 10 checksums match
Round 2/5: node; 10 checksums match
Round 2/5: v28; 10 checksums match
Round 3/5: v28_repeat; 10 checksums match
Round 3/5: v29_repeat; 10 checksums match
Round 3/5: node; 10 checksums match
Round 3/5: v28; 10 checksums match
Round 3/5: v29; 10 checksums match
Round 4/5: v29_repeat; 10 checksums match
Round 4/5: node; 10 checksums match
Round 4/5: v28; 10 checksums match
Round 4/5: v29; 10 checksums match
Round 4/5: v28_repeat; 10 checksums match
Round 5/5: node; 10 checksums match
Round 5/5: v28; 10 checksums match
Round 5/5: v29; 10 checksums match
Round 5/5: v28_repeat; 10 checksums match
Round 5/5: v29_repeat; 10 checksums match
table_owners_1: v28 122.75 ns, v29 122.83 ns, v28_repeat 122.87 ns, v29_repeat 122.78 ns, node 8.87 ns
table_owners_2: v28 122.62 ns, v29 123.23 ns, v28_repeat 122.80 ns, v29_repeat 122.83 ns, node 8.81 ns
table_owners_5: v28 123.11 ns, v29 123.38 ns, v28_repeat 122.83 ns, v29_repeat 122.83 ns, node 8.37 ns
table_owners_19: v28 123.19 ns, v29 123.47 ns, v28_repeat 122.92 ns, v29_repeat 122.91 ns, node 8.39 ns
table_owners_257: v28 122.83 ns, v29 122.91 ns, v28_repeat 122.88 ns, v29_repeat 122.83 ns, node 11.53 ns
class_owners_1: v28 123.20 ns, v29 122.88 ns, v28_repeat 122.79 ns, v29_repeat 122.84 ns, node 8.39 ns
class_owners_2: v28 122.91 ns, v29 123.15 ns, v28_repeat 122.58 ns, v29_repeat 122.83 ns, node 8.35 ns
class_owners_5: v28 122.83 ns, v29 123.19 ns, v28_repeat 122.90 ns, v29_repeat 122.84 ns, node 8.25 ns
class_owners_19: v28 122.87 ns, v29 123.22 ns, v28_repeat 122.83 ns, v29_repeat 122.91 ns, node 8.18 ns
class_owners_257: v28 123.18 ns, v29 123.51 ns, v28_repeat 123.19 ns, v29_repeat 123.23 ns, node 8.48 ns
