Round 1/5: v28; 10 checksums match
Round 1/5: v29; 10 checksums match
Round 1/5: v28_repeat; 10 checksums match
Round 1/5: v29_repeat; 10 checksums match
Round 1/5: node; 10 checksums match
Round 2/5: v29; 10 checksums match
Round 2/5: v28_repeat; 10 checksums match
Round 2/5: v29_repeat; 10 checksums match
Round 2/5: node; 10 checksums match
Round 2/5: v28; 10 checksums match
Round 3/5: v28_repeat; 10 checksums match
Round 3/5: v29_repeat; 10 checksums match
Round 3/5: node; 10 checksums match
Round 3/5: v28; 10 checksums match
Round 3/5: v29; 10 checksums match
Round 4/5: v29_repeat; 10 checksums match
Round 4/5: node; 10 checksums match
Round 4/5: v28; 10 checksums match
Round 4/5: v29; 10 checksums match
Round 4/5: v28_repeat; 10 checksums match
Round 5/5: node; 10 checksums match
Round 5/5: v28; 10 checksums match
Round 5/5: v29; 10 checksums match
Round 5/5: v28_repeat; 10 checksums match
Round 5/5: v29_repeat; 10 checksums match
table_owners_1: v28 122.84 ns, v29 122.73 ns, v28_repeat 122.12 ns, v29_repeat 122.34 ns, node 8.87 ns
table_owners_2: v28 122.44 ns, v29 122.71 ns, v28_repeat 122.52 ns, v29_repeat 122.80 ns, node 8.80 ns
table_owners_5: v28 122.98 ns, v29 122.70 ns, v28_repeat 122.51 ns, v29_repeat 122.80 ns, node 8.35 ns
table_owners_19: v28 122.94 ns, v29 122.97 ns, v28_repeat 122.52 ns, v29_repeat 122.83 ns, node 8.37 ns
table_owners_257: v28 122.77 ns, v29 122.91 ns, v28_repeat 122.88 ns, v29_repeat 122.73 ns, node 8.82 ns
class_owners_1: v28 123.20 ns, v29 122.72 ns, v28_repeat 123.12 ns, v29_repeat 122.82 ns, node 8.38 ns
class_owners_2: v28 122.77 ns, v29 122.81 ns, v28_repeat 122.70 ns, v29_repeat 122.88 ns, node 8.35 ns
class_owners_5: v28 123.19 ns, v29 122.82 ns, v28_repeat 123.09 ns, v29_repeat 122.80 ns, node 8.19 ns
class_owners_19: v28 122.97 ns, v29 122.86 ns, v28_repeat 122.79 ns, v29_repeat 122.91 ns, node 8.18 ns
class_owners_257: v28 123.56 ns, v29 123.17 ns, v28_repeat 123.09 ns, v29_repeat 123.21 ns, node 8.47 ns
