{
  "aggregation": "56 equally weighted components; application seed17; nearest-rank p90",
  "speedup": 1.8252912470958838,
  "groups": {
    "kernels-seed17": {
      "count": 15,
      "speedup": 1.1936034495539973
    },
    "applications-seed17": {
      "count": 8,
      "speedup": 0.9924854312173184
    },
    "roots-seed17": {
      "count": 4,
      "speedup": 1.5891899309325714
    },
    "members": {
      "count": 6,
      "speedup": 1.0970430796112776
    },
    "owners": {
      "count": 10,
      "speedup": 6.415783431211774
    },
    "methods": {
      "count": 6,
      "speedup": 2.5155643743784606
    },
    "floats": {
      "count": 7,
      "speedup": 1.9215441702465788
    }
  },
  "totals": {
    "sqgi_baseline": {
      "node": {
        "geomean": 15.300615479080085,
        "p90": 103.30453495136267
      },
      "gjs": {
        "geomean": 10.138556292729454,
        "p90": 50.725085910652915
      }
    },
    "sqgi": {
      "node": {
        "geomean": 8.382561141091324,
        "p90": 24.228038603177687
      },
      "gjs": {
        "geomean": 5.55448688468776,
        "p90": 13.532819140563511
      }
    }
  },
  "regressions_over_5pct": []
}
