{
  "kernel-w4": {
    "geomean_v25_over_v23": 0.9628698342825991,
    "regressions_over_5pct_against_v23": [],
    "repeat_regressions_over_5pct_against_v23": []
  },
  "floats-w4": {
    "geomean_v25_over_v23": 0.9993909927552183,
    "regressions_over_5pct_against_v23": [],
    "repeat_regressions_over_5pct_against_v23": []
  },
  "application-w4": {
    "geomean_v25_over_v23": 1.0014056267070781,
    "regressions_over_5pct_against_v23": [],
    "repeat_regressions_over_5pct_against_v23": []
  },
  "application-seed17-w4": {
    "geomean_v25_over_v23": 0.9941357959939738,
    "regressions_over_5pct_against_v23": [],
    "repeat_regressions_over_5pct_against_v23": []
  },
  "owners-w4": {
    "geomean_v25_over_v23": 1.0004959506466486,
    "regressions_over_5pct_against_v23": []
  },
  "methods-w4": {
    "geomean_v25_over_v23": 0.9971077680664882,
    "regressions_over_5pct_against_v23": []
  },
  "members-w4": {
    "geomean_v25_over_v23": 0.9505250547773207,
    "regressions_over_5pct_against_v23": []
  },
  "kernel-w5": {
    "geomean_v25_over_v23": 0.961039820112456,
    "regressions_over_5pct_against_v23": [],
    "repeat_regressions_over_5pct_against_v23": []
  },
  "floats-w5": {
    "geomean_v25_over_v23": 1.0005973900860603,
    "regressions_over_5pct_against_v23": [],
    "repeat_regressions_over_5pct_against_v23": []
  },
  "application-w5": {
    "geomean_v25_over_v23": 0.9969313292965996,
    "regressions_over_5pct_against_v23": [],
    "repeat_regressions_over_5pct_against_v23": []
  },
  "application-seed17-w5": {
    "geomean_v25_over_v23": 1.005230690049182,
    "regressions_over_5pct_against_v23": [],
    "repeat_regressions_over_5pct_against_v23": []
  },
  "owners-w5": {
    "geomean_v25_over_v23": 0.9999750994834761,
    "regressions_over_5pct_against_v23": []
  },
  "methods-w5": {
    "geomean_v25_over_v23": 1.000508905370651,
    "regressions_over_5pct_against_v23": []
  },
  "members-w5": {
    "geomean_v25_over_v23": 0.9559842977067601,
    "regressions_over_5pct_against_v23": []
  }
}
