Round 1/5: sqgi; all 8 checksums match
Round 1/5: sqgi_baseline; all 8 checksums match
Round 1/5: node; all 8 checksums match
Round 1/5: gjs; all 8 checksums match
Round 1/5: python; all 8 checksums match
Round 2/5: sqgi_baseline; all 8 checksums match
Round 2/5: node; all 8 checksums match
Round 2/5: gjs; all 8 checksums match
Round 2/5: python; all 8 checksums match
Round 2/5: sqgi; all 8 checksums match
Round 3/5: node; all 8 checksums match
Round 3/5: gjs; all 8 checksums match
Round 3/5: python; all 8 checksums match
Round 3/5: sqgi; all 8 checksums match
Round 3/5: sqgi_baseline; all 8 checksums match
Round 4/5: gjs; all 8 checksums match
Round 4/5: python; all 8 checksums match
Round 4/5: sqgi; all 8 checksums match
Round 4/5: sqgi_baseline; all 8 checksums match
Round 4/5: node; all 8 checksums match
Round 5/5: python; all 8 checksums match
Round 5/5: sqgi; all 8 checksums match
Round 5/5: sqgi_baseline; all 8 checksums match
Round 5/5: node; all 8 checksums match
Round 5/5: gjs; all 8 checksums match
Microseconds per iteration; lower is faster
kernel	sqgi	sqgi_baseline	node	gjs	python
route_balanced	0.053540000	0.051735000	0.005993675	0.006400000	0.260794935
route_skewed	0.052140000	0.051390000	0.005770555	0.006660000	0.258509755
pricing_events	0.057630000	0.057350000	0.011084655	0.017290000	0.431355140
filter_stream	0.056110000	0.055260000	0.005034105	0.009400000	0.239904565
records_64	0.136750000	0.134755000	0.015652100	0.038410000	0.563612690
records_4096	0.237330000	0.246475000	0.020534540	0.043690000	0.616466415
word_count	0.266645000	0.266135000	0.074045970	0.123585000	0.359893310
graph_walk	0.012285000	0.012400000	0.004810980	0.008160000	0.128236970
