Round 1/5: sqgi; all 8 checksums match
Round 1/5: sqgi_baseline; all 8 checksums match
Round 1/5: node; all 8 checksums match
Round 1/5: gjs; all 8 checksums match
Round 1/5: python; all 8 checksums match
Round 2/5: sqgi_baseline; all 8 checksums match
Round 2/5: node; all 8 checksums match
Round 2/5: gjs; all 8 checksums match
Round 2/5: python; all 8 checksums match
Round 2/5: sqgi; all 8 checksums match
Round 3/5: node; all 8 checksums match
Round 3/5: gjs; all 8 checksums match
Round 3/5: python; all 8 checksums match
Round 3/5: sqgi; all 8 checksums match
Round 3/5: sqgi_baseline; all 8 checksums match
Round 4/5: gjs; all 8 checksums match
Round 4/5: python; all 8 checksums match
Round 4/5: sqgi; all 8 checksums match
Round 4/5: sqgi_baseline; all 8 checksums match
Round 4/5: node; all 8 checksums match
Round 5/5: python; all 8 checksums match
Round 5/5: sqgi; all 8 checksums match
Round 5/5: sqgi_baseline; all 8 checksums match
Round 5/5: node; all 8 checksums match
Round 5/5: gjs; all 8 checksums match
Microseconds per iteration; lower is faster
kernel	sqgi	sqgi_baseline	node	gjs	python
route_balanced	0.053504599	0.052012110	0.005985610	0.006339952	0.260720062
route_skewed	0.052147109	0.050902118	0.005747907	0.006644950	0.258465522
pricing_events	0.057642068	0.057292070	0.011045927	0.017279870	0.431601265
filter_stream	0.056104579	0.054869588	0.005020212	0.008499936	0.239811619
records_64	0.135053987	0.131591513	0.015441257	0.038432212	0.569255736
records_4096	0.225848306	0.229308280	0.019847524	0.042832179	0.621292415
word_count	0.267210496	0.266363002	0.074515716	0.123184076	0.366153289
graph_walk	0.012339907	0.012379907	0.004762824	0.007087447	0.128383297
