Round 1/5: audit; 7 checksums match
Round 1/5: v23; 7 checksums match
Round 1/5: v24; 7 checksums match
Round 1/5: v24_repeat; 7 checksums match
Round 1/5: node; 7 checksums match
Round 2/5: v23; 7 checksums match
Round 2/5: v24; 7 checksums match
Round 2/5: v24_repeat; 7 checksums match
Round 2/5: node; 7 checksums match
Round 2/5: audit; 7 checksums match
Round 3/5: v24; 7 checksums match
Round 3/5: v24_repeat; 7 checksums match
Round 3/5: node; 7 checksums match
Round 3/5: audit; 7 checksums match
Round 3/5: v23; 7 checksums match
Round 4/5: v24_repeat; 7 checksums match
Round 4/5: node; 7 checksums match
Round 4/5: audit; 7 checksums match
Round 4/5: v23; 7 checksums match
Round 4/5: v24; 7 checksums match
Round 5/5: node; 7 checksums match
Round 5/5: audit; 7 checksums match
Round 5/5: v23; 7 checksums match
Round 5/5: v24; 7 checksums match
Round 5/5: v24_repeat; 7 checksums match
filter: audit 23.22 ns, v23 13.42 ns, v24 13.40 ns, v24_repeat 13.41 ns, node 2.45 ns
channels_4: audit 78.30 ns, v23 35.04 ns, v24 35.06 ns, v24_repeat 35.02 ns, node 5.41 ns
pressure_8: audit 152.91 ns, v23 93.63 ns, v24 93.63 ns, v24_repeat 93.65 ns, node 10.26 ns
integration: audit 37.14 ns, v23 22.50 ns, v24 22.49 ns, v24_repeat 22.52 ns, node 7.76 ns
retained_input: audit 45.02 ns, v23 24.29 ns, v24 24.31 ns, v24_repeat 24.33 ns, node 4.27 ns
branching: audit 31.30 ns, v23 18.00 ns, v24 17.94 ns, v24_repeat 17.91 ns, node 6.43 ns
helper_control: audit 54.80 ns, v23 19.28 ns, v24 19.30 ns, v24_repeat 19.31 ns, node 3.62 ns
