Round 1/5: audit; 7 checksums match
Round 1/5: v23; 7 checksums match
Round 1/5: v24; 7 checksums match
Round 1/5: v24_repeat; 7 checksums match
Round 1/5: node; 7 checksums match
Round 2/5: v23; 7 checksums match
Round 2/5: v24; 7 checksums match
Round 2/5: v24_repeat; 7 checksums match
Round 2/5: node; 7 checksums match
Round 2/5: audit; 7 checksums match
Round 3/5: v24; 7 checksums match
Round 3/5: v24_repeat; 7 checksums match
Round 3/5: node; 7 checksums match
Round 3/5: audit; 7 checksums match
Round 3/5: v23; 7 checksums match
Round 4/5: v24_repeat; 7 checksums match
Round 4/5: node; 7 checksums match
Round 4/5: audit; 7 checksums match
Round 4/5: v23; 7 checksums match
Round 4/5: v24; 7 checksums match
Round 5/5: node; 7 checksums match
Round 5/5: audit; 7 checksums match
Round 5/5: v23; 7 checksums match
Round 5/5: v24; 7 checksums match
Round 5/5: v24_repeat; 7 checksums match
filter: audit 23.38 ns, v23 13.40 ns, v24 13.49 ns, v24_repeat 13.81 ns, node 2.45 ns
channels_4: audit 78.16 ns, v23 34.97 ns, v24 35.10 ns, v24_repeat 35.06 ns, node 5.41 ns
pressure_8: audit 152.91 ns, v23 93.61 ns, v24 93.63 ns, v24_repeat 93.59 ns, node 10.32 ns
integration: audit 37.14 ns, v23 22.47 ns, v24 22.50 ns, v24_repeat 22.53 ns, node 7.54 ns
retained_input: audit 45.13 ns, v23 24.30 ns, v24 24.33 ns, v24_repeat 24.33 ns, node 4.24 ns
branching: audit 31.38 ns, v23 18.02 ns, v24 17.96 ns, v24_repeat 17.91 ns, node 6.46 ns
helper_control: audit 54.79 ns, v23 19.32 ns, v24 19.34 ns, v24_repeat 19.32 ns, node 3.64 ns
