Round 1/5: sqgi; all 15 checksums match
Round 1/5: sqgi_baseline; all 15 checksums match
Round 1/5: node; all 15 checksums match
Round 1/5: gjs; all 15 checksums match
Round 1/5: python; all 15 checksums match
Round 2/5: sqgi_baseline; all 15 checksums match
Round 2/5: node; all 15 checksums match
Round 2/5: gjs; all 15 checksums match
Round 2/5: python; all 15 checksums match
Round 2/5: sqgi; all 15 checksums match
Round 3/5: node; all 15 checksums match
Round 3/5: gjs; all 15 checksums match
Round 3/5: python; all 15 checksums match
Round 3/5: sqgi; all 15 checksums match
Round 3/5: sqgi_baseline; all 15 checksums match
Round 4/5: gjs; all 15 checksums match
Round 4/5: python; all 15 checksums match
Round 4/5: sqgi; all 15 checksums match
Round 4/5: sqgi_baseline; all 15 checksums match
Round 4/5: node; all 15 checksums match
Round 5/5: python; all 15 checksums match
Round 5/5: sqgi; all 15 checksums match
Round 5/5: sqgi_baseline; all 15 checksums match
Round 5/5: node; all 15 checksums match
Round 5/5: gjs; all 15 checksums match
Microseconds per iteration; lower is faster
kernel	sqgi	sqgi_baseline	node	gjs	python
direct_call	0.025620000	0.034092000	0.006726663	0.010650625	0.334901070
branch_call	0.021304000	0.031980000	0.004803145	0.007009688	0.236480174
float_call	0.012390000	0.020961000	0.002633171	0.009469375	0.133700556
numeric_loop	0.022771000	0.022744000	0.007421459	0.012697813	0.238186866
vector	0.374163000	0.376756000	0.557887706	0.510593750	5.117327562
dynamic_member	0.724281000	1.509306000	0.108006500	0.078825000	0.883422019
dynamic_key_get_set	0.181975000	0.182388000	0.061994813	0.027768750	0.415204319
object_member_write_fallback	0.471262000	0.472175000	0.012587088	0.046837500	0.680121919
array_append	0.165513000	0.126475000	0.036102425	0.018881250	0.218807487
array_write	0.036744000	0.036687000	0.004518956	0.006012500	0.186684444
array_read	0.007036000	0.007393000	0.002624148	0.003505000	0.083342279
array_float	0.006764000	0.007060000	0.002186197	0.003060625	0.073432205
math_intrinsic	0.111944000	0.201100000	0.041029706	0.009812500	0.554336712
math_variable	0.226244000	0.218188000	0.153595256	0.106262500	0.505178744
matrix	0.308344000	0.312875000	0.022638525	0.065881250	1.134709825
