Round 1/5: v23; 6 checksums match
Round 1/5: v24; 6 checksums match
Round 1/5: node; 6 checksums match
Round 2/5: v24; 6 checksums match
Round 2/5: node; 6 checksums match
Round 2/5: v23; 6 checksums match
Round 3/5: node; 6 checksums match
Round 3/5: v23; 6 checksums match
Round 3/5: v24; 6 checksums match
Round 4/5: v23; 6 checksums match
Round 4/5: v24; 6 checksums match
Round 4/5: node; 6 checksums match
Round 5/5: v24; 6 checksums match
Round 5/5: node; 6 checksums match
Round 5/5: v23; 6 checksums match
table_events_97: v23 413.71 ns, v24 414.32 ns, node 75.05 ns
class_events_97: v23 408.56 ns, v24 410.18 ns, node 74.06 ns
buffers_7: v23 431.75 ns, v24 367.88 ns, node 12.47 ns
buffers_31: v23 431.81 ns, v24 368.81 ns, node 12.32 ns
calibrate_17: v23 83.14 ns, v24 83.73 ns, node 8.69 ns
calibrate_67: v23 83.59 ns, v24 84.42 ns, node 8.32 ns
