Round 1/5: v23; 6 checksums match
Round 1/5: v24; 6 checksums match
Round 1/5: node; 6 checksums match
Round 2/5: v24; 6 checksums match
Round 2/5: node; 6 checksums match
Round 2/5: v23; 6 checksums match
Round 3/5: node; 6 checksums match
Round 3/5: v23; 6 checksums match
Round 3/5: v24; 6 checksums match
Round 4/5: v23; 6 checksums match
Round 4/5: v24; 6 checksums match
Round 4/5: node; 6 checksums match
Round 5/5: v24; 6 checksums match
Round 5/5: node; 6 checksums match
Round 5/5: v23; 6 checksums match
table_events_97: v23 413.49 ns, v24 413.91 ns, node 75.09 ns
class_events_97: v23 410.63 ns, v24 410.70 ns, node 74.15 ns
buffers_7: v23 431.24 ns, v24 367.78 ns, node 12.37 ns
buffers_31: v23 431.50 ns, v24 367.91 ns, node 12.33 ns
calibrate_17: v23 83.00 ns, v24 83.80 ns, node 8.66 ns
calibrate_67: v23 83.59 ns, v24 84.61 ns, node 8.27 ns
