Round 1/5: v23; 6 checksums match
Round 1/5: v24; 6 checksums match
Round 1/5: node; 6 checksums match
Round 2/5: v24; 6 checksums match
Round 2/5: node; 6 checksums match
Round 2/5: v23; 6 checksums match
Round 3/5: node; 6 checksums match
Round 3/5: v23; 6 checksums match
Round 3/5: v24; 6 checksums match
Round 4/5: v23; 6 checksums match
Round 4/5: v24; 6 checksums match
Round 4/5: node; 6 checksums match
Round 5/5: v24; 6 checksums match
Round 5/5: node; 6 checksums match
Round 5/5: v23; 6 checksums match
transfer_table: v23 429.23 ns, v24 430.01 ns, node 17.95 ns
transfer_class: v23 439.42 ns, v24 438.27 ns, node 18.09 ns
transfer_mixed: v23 441.11 ns, v24 441.39 ns, node 29.05 ns
publish_table: v23 386.37 ns, v24 392.34 ns, node 13.40 ns
publish_class: v23 394.76 ns, v24 394.98 ns, node 13.52 ns
publish_mixed: v23 397.54 ns, v24 399.53 ns, node 20.85 ns
