Round 1/5: v23; 6 checksums match
Round 1/5: v24; 6 checksums match
Round 1/5: node; 6 checksums match
Round 2/5: v24; 6 checksums match
Round 2/5: node; 6 checksums match
Round 2/5: v23; 6 checksums match
Round 3/5: node; 6 checksums match
Round 3/5: v23; 6 checksums match
Round 3/5: v24; 6 checksums match
Round 4/5: v23; 6 checksums match
Round 4/5: v24; 6 checksums match
Round 4/5: node; 6 checksums match
Round 5/5: v24; 6 checksums match
Round 5/5: node; 6 checksums match
Round 5/5: v23; 6 checksums match
transfer_table: v23 430.38 ns, v24 431.19 ns, node 17.84 ns
transfer_class: v23 440.38 ns, v24 437.60 ns, node 17.58 ns
transfer_mixed: v23 442.46 ns, v24 441.10 ns, node 29.03 ns
publish_table: v23 386.83 ns, v24 396.71 ns, node 13.43 ns
publish_class: v23 394.94 ns, v24 393.95 ns, node 13.52 ns
publish_mixed: v23 398.20 ns, v24 401.03 ns, node 20.84 ns
