[Thread debugging using libthread_db enabled]
Using host libthread_db library "/lib/aarch64-linux-gnu/libthread_db.so.1".
EMIT_ATTEMPT budget_pad_1 {'tier': 6, 'owning_postincrement': 0, 'cold_lookups': 1, 'shared_helpers': 0}
EMIT_ATTEMPT budget_pad_1 {'tier': 6, 'owning_postincrement': 0, 'cold_lookups': 0, 'shared_helpers': 0}
EMIT_ATTEMPT budget_pad_1 {'tier': 6, 'owning_postincrement': 0, 'cold_lookups': 1, 'shared_helpers': 1}
EMIT_ATTEMPT budget_pad_1 {'tier': 6, 'owning_postincrement': 0, 'cold_lookups': 0, 'shared_helpers': 1}
EMIT_ATTEMPT budget_pad_2 {'tier': 6, 'owning_postincrement': 0, 'cold_lookups': 1, 'shared_helpers': 0}
EMIT_ATTEMPT budget_pad_2 {'tier': 6, 'owning_postincrement': 0, 'cold_lookups': 0, 'shared_helpers': 0}
EMIT_ATTEMPT budget_pad_2 {'tier': 6, 'owning_postincrement': 0, 'cold_lookups': 1, 'shared_helpers': 1}
EMIT_ATTEMPT budget_pad_2 {'tier': 6, 'owning_postincrement': 0, 'cold_lookups': 0, 'shared_helpers': 1}
EMIT_ATTEMPT budget_pad_3 {'tier': 6, 'owning_postincrement': 0, 'cold_lookups': 1, 'shared_helpers': 0}
EMIT_ATTEMPT budget_pad_3 {'tier': 6, 'owning_postincrement': 0, 'cold_lookups': 0, 'shared_helpers': 0}
EMIT_ATTEMPT budget_pad_3 {'tier': 6, 'owning_postincrement': 0, 'cold_lookups': 1, 'shared_helpers': 1}
EMIT_ATTEMPT budget_pad_3 {'tier': 6, 'owning_postincrement': 0, 'cold_lookups': 0, 'shared_helpers': 1}
EMIT_ATTEMPT budget_pad_4 {'tier': 6, 'owning_postincrement': 0, 'cold_lookups': 1, 'shared_helpers': 0}
EMIT_ATTEMPT budget_pad_4 {'tier': 6, 'owning_postincrement': 0, 'cold_lookups': 0, 'shared_helpers': 0}
EMIT_ATTEMPT budget_pad_4 {'tier': 6, 'owning_postincrement': 0, 'cold_lookups': 1, 'shared_helpers': 1}
EMIT_ATTEMPT budget_pad_4 {'tier': 6, 'owning_postincrement': 0, 'cold_lookups': 0, 'shared_helpers': 1}
EMIT_ATTEMPT budget_pad_5 {'tier': 6, 'owning_postincrement': 0, 'cold_lookups': 1, 'shared_helpers': 0}
EMIT_ATTEMPT budget_pad_5 {'tier': 6, 'owning_postincrement': 0, 'cold_lookups': 0, 'shared_helpers': 0}
EMIT_ATTEMPT budget_pad_5 {'tier': 6, 'owning_postincrement': 0, 'cold_lookups': 1, 'shared_helpers': 1}
EMIT_ATTEMPT budget_pad_5 {'tier': 6, 'owning_postincrement': 0, 'cold_lookups': 0, 'shared_helpers': 1}
EMIT_ATTEMPT budget_pad_6 {'tier': 6, 'owning_postincrement': 0, 'cold_lookups': 1, 'shared_helpers': 0}
EMIT_ATTEMPT budget_pad_6 {'tier': 6, 'owning_postincrement': 0, 'cold_lookups': 0, 'shared_helpers': 0}
EMIT_ATTEMPT budget_pad_6 {'tier': 6, 'owning_postincrement': 0, 'cold_lookups': 1, 'shared_helpers': 1}
EMIT_ATTEMPT budget_pad_6 {'tier': 6, 'owning_postincrement': 0, 'cold_lookups': 0, 'shared_helpers': 1}
EMIT_ATTEMPT budget_pad_7 {'tier': 6, 'owning_postincrement': 0, 'cold_lookups': 1, 'shared_helpers': 0}
EMIT_ATTEMPT budget_pad_7 {'tier': 6, 'owning_postincrement': 0, 'cold_lookups': 0, 'shared_helpers': 0}
EMIT_ATTEMPT budget_pad_7 {'tier': 6, 'owning_postincrement': 0, 'cold_lookups': 1, 'shared_helpers': 1}
EMIT_ATTEMPT budget_pad_7 {'tier': 6, 'owning_postincrement': 0, 'cold_lookups': 0, 'shared_helpers': 1}
EMIT_ATTEMPT budget_pad_8 {'tier': 6, 'owning_postincrement': 0, 'cold_lookups': 1, 'shared_helpers': 0}
EMIT_ATTEMPT budget_pad_8 {'tier': 6, 'owning_postincrement': 0, 'cold_lookups': 0, 'shared_helpers': 0}
EMIT_ATTEMPT budget_pad_8 {'tier': 6, 'owning_postincrement': 0, 'cold_lookups': 1, 'shared_helpers': 1}
EMIT_ATTEMPT budget_pad_8 {'tier': 6, 'owning_postincrement': 0, 'cold_lookups': 0, 'shared_helpers': 1}
EMIT_ATTEMPT budget_pad_9 {'tier': 6, 'owning_postincrement': 0, 'cold_lookups': 1, 'shared_helpers': 0}
EMIT_ATTEMPT budget_pad_9 {'tier': 6, 'owning_postincrement': 0, 'cold_lookups': 0, 'shared_helpers': 0}
EMIT_ATTEMPT budget_pad_9 {'tier': 6, 'owning_postincrement': 0, 'cold_lookups': 1, 'shared_helpers': 1}
EMIT_ATTEMPT budget_pad_9 {'tier': 6, 'owning_postincrement': 0, 'cold_lookups': 0, 'shared_helpers': 1}
EMIT_ATTEMPT budget_pad_10 {'tier': 6, 'owning_postincrement': 0, 'cold_lookups': 1, 'shared_helpers': 0}
EMIT_ATTEMPT budget_pad_10 {'tier': 6, 'owning_postincrement': 0, 'cold_lookups': 0, 'shared_helpers': 0}
EMIT_ATTEMPT budget_pad_10 {'tier': 6, 'owning_postincrement': 0, 'cold_lookups': 1, 'shared_helpers': 1}
EMIT_ATTEMPT budget_pad_10 {'tier': 6, 'owning_postincrement': 0, 'cold_lookups': 0, 'shared_helpers': 1}
EMIT_ATTEMPT budget_pad_11 {'tier': 6, 'owning_postincrement': 0, 'cold_lookups': 1, 'shared_helpers': 0}
EMIT_ATTEMPT budget_pad_11 {'tier': 6, 'owning_postincrement': 0, 'cold_lookups': 0, 'shared_helpers': 0}
EMIT_ATTEMPT budget_pad_11 {'tier': 6, 'owning_postincrement': 0, 'cold_lookups': 1, 'shared_helpers': 1}
EMIT_ATTEMPT budget_pad_11 {'tier': 6, 'owning_postincrement': 0, 'cold_lookups': 0, 'shared_helpers': 1}
EMIT_ATTEMPT budget_pad_11 {'tier': 5, 'owning_postincrement': 0, 'cold_lookups': 1, 'shared_helpers': 0}
EMIT_ATTEMPT budget_pad_11 {'tier': 5, 'owning_postincrement': 0, 'cold_lookups': 0, 'shared_helpers': 0}
EMIT_ATTEMPT budget_pad_11 {'tier': 5, 'owning_postincrement': 0, 'cold_lookups': 1, 'shared_helpers': 1}
EMIT_ATTEMPT budget_pad_11 {'tier': 5, 'owning_postincrement': 0, 'cold_lookups': 0, 'shared_helpers': 1}
EMIT_ATTEMPT budget_pad_11 {'tier': 4, 'owning_postincrement': 0, 'cold_lookups': 0, 'shared_helpers': 0}
EMIT_ATTEMPT budget_pad_11 {'tier': 4, 'owning_postincrement': 0, 'cold_lookups': 0, 'shared_helpers': 1}
EMIT_ATTEMPT budget_pad_12 {'tier': 6, 'owning_postincrement': 0, 'cold_lookups': 1, 'shared_helpers': 0}
EMIT_ATTEMPT budget_pad_12 {'tier': 6, 'owning_postincrement': 0, 'cold_lookups': 0, 'shared_helpers': 0}
EMIT_ATTEMPT budget_pad_12 {'tier': 6, 'owning_postincrement': 0, 'cold_lookups': 1, 'shared_helpers': 1}
EMIT_ATTEMPT budget_pad_12 {'tier': 6, 'owning_postincrement': 0, 'cold_lookups': 0, 'shared_helpers': 1}
EMIT_ATTEMPT budget_pad_12 {'tier': 5, 'owning_postincrement': 0, 'cold_lookups': 1, 'shared_helpers': 0}
EMIT_ATTEMPT budget_pad_12 {'tier': 5, 'owning_postincrement': 0, 'cold_lookups': 0, 'shared_helpers': 0}
EMIT_ATTEMPT budget_pad_12 {'tier': 5, 'owning_postincrement': 0, 'cold_lookups': 1, 'shared_helpers': 1}
EMIT_ATTEMPT budget_pad_12 {'tier': 5, 'owning_postincrement': 0, 'cold_lookups': 0, 'shared_helpers': 1}
EMIT_ATTEMPT budget_pad_12 {'tier': 4, 'owning_postincrement': 0, 'cold_lookups': 0, 'shared_helpers': 0}
EMIT_ATTEMPT budget_pad_12 {'tier': 4, 'owning_postincrement': 0, 'cold_lookups': 0, 'shared_helpers': 1}
EMIT_ATTEMPT budget_pad_13 {'tier': 6, 'owning_postincrement': 0, 'cold_lookups': 1, 'shared_helpers': 0}
EMIT_ATTEMPT budget_pad_13 {'tier': 6, 'owning_postincrement': 0, 'cold_lookups': 0, 'shared_helpers': 0}
EMIT_ATTEMPT budget_pad_13 {'tier': 6, 'owning_postincrement': 0, 'cold_lookups': 1, 'shared_helpers': 1}
EMIT_ATTEMPT budget_pad_13 {'tier': 6, 'owning_postincrement': 0, 'cold_lookups': 0, 'shared_helpers': 1}
EMIT_ATTEMPT budget_pad_13 {'tier': 5, 'owning_postincrement': 0, 'cold_lookups': 1, 'shared_helpers': 0}
EMIT_ATTEMPT budget_pad_13 {'tier': 5, 'owning_postincrement': 0, 'cold_lookups': 0, 'shared_helpers': 0}
EMIT_ATTEMPT budget_pad_13 {'tier': 5, 'owning_postincrement': 0, 'cold_lookups': 1, 'shared_helpers': 1}
EMIT_ATTEMPT budget_pad_13 {'tier': 5, 'owning_postincrement': 0, 'cold_lookups': 0, 'shared_helpers': 1}
EMIT_ATTEMPT budget_pad_13 {'tier': 4, 'owning_postincrement': 0, 'cold_lookups': 0, 'shared_helpers': 0}
EMIT_ATTEMPT budget_pad_13 {'tier': 4, 'owning_postincrement': 0, 'cold_lookups': 0, 'shared_helpers': 1}
EMIT_ATTEMPT budget_pad_14 {'tier': 6, 'owning_postincrement': 0, 'cold_lookups': 1, 'shared_helpers': 0}
EMIT_ATTEMPT budget_pad_14 {'tier': 6, 'owning_postincrement': 0, 'cold_lookups': 0, 'shared_helpers': 0}
EMIT_ATTEMPT budget_pad_14 {'tier': 6, 'owning_postincrement': 0, 'cold_lookups': 1, 'shared_helpers': 1}
EMIT_ATTEMPT budget_pad_14 {'tier': 6, 'owning_postincrement': 0, 'cold_lookups': 0, 'shared_helpers': 1}
EMIT_ATTEMPT budget_pad_14 {'tier': 5, 'owning_postincrement': 0, 'cold_lookups': 1, 'shared_helpers': 0}
EMIT_ATTEMPT budget_pad_14 {'tier': 5, 'owning_postincrement': 0, 'cold_lookups': 0, 'shared_helpers': 0}
EMIT_ATTEMPT budget_pad_14 {'tier': 5, 'owning_postincrement': 0, 'cold_lookups': 1, 'shared_helpers': 1}
EMIT_ATTEMPT budget_pad_14 {'tier': 5, 'owning_postincrement': 0, 'cold_lookups': 0, 'shared_helpers': 1}
EMIT_ATTEMPT budget_pad_14 {'tier': 4, 'owning_postincrement': 0, 'cold_lookups': 0, 'shared_helpers': 0}
EMIT_ATTEMPT budget_pad_14 {'tier': 4, 'owning_postincrement': 0, 'cold_lookups': 0, 'shared_helpers': 1}
EMIT_ATTEMPT budget_pad_15 {'tier': 6, 'owning_postincrement': 0, 'cold_lookups': 1, 'shared_helpers': 0}
EMIT_ATTEMPT budget_pad_15 {'tier': 6, 'owning_postincrement': 0, 'cold_lookups': 0, 'shared_helpers': 0}
EMIT_ATTEMPT budget_pad_15 {'tier': 6, 'owning_postincrement': 0, 'cold_lookups': 1, 'shared_helpers': 1}
EMIT_ATTEMPT budget_pad_15 {'tier': 6, 'owning_postincrement': 0, 'cold_lookups': 0, 'shared_helpers': 1}
EMIT_ATTEMPT budget_pad_15 {'tier': 5, 'owning_postincrement': 0, 'cold_lookups': 1, 'shared_helpers': 0}
EMIT_ATTEMPT budget_pad_15 {'tier': 5, 'owning_postincrement': 0, 'cold_lookups': 0, 'shared_helpers': 0}
EMIT_ATTEMPT budget_pad_15 {'tier': 5, 'owning_postincrement': 0, 'cold_lookups': 1, 'shared_helpers': 1}
EMIT_ATTEMPT budget_pad_15 {'tier': 5, 'owning_postincrement': 0, 'cold_lookups': 0, 'shared_helpers': 1}
EMIT_ATTEMPT budget_pad_15 {'tier': 4, 'owning_postincrement': 0, 'cold_lookups': 0, 'shared_helpers': 0}
EMIT_ATTEMPT budget_pad_15 {'tier': 4, 'owning_postincrement': 0, 'cold_lookups': 0, 'shared_helpers': 1}
EMIT_ATTEMPT budget_pad_16 {'tier': 6, 'owning_postincrement': 0, 'cold_lookups': 1, 'shared_helpers': 0}
EMIT_ATTEMPT budget_pad_16 {'tier': 6, 'owning_postincrement': 0, 'cold_lookups': 0, 'shared_helpers': 0}
EMIT_ATTEMPT budget_pad_16 {'tier': 6, 'owning_postincrement': 0, 'cold_lookups': 1, 'shared_helpers': 1}
EMIT_ATTEMPT budget_pad_16 {'tier': 6, 'owning_postincrement': 0, 'cold_lookups': 0, 'shared_helpers': 1}
EMIT_ATTEMPT budget_pad_16 {'tier': 5, 'owning_postincrement': 0, 'cold_lookups': 1, 'shared_helpers': 0}
EMIT_ATTEMPT budget_pad_16 {'tier': 5, 'owning_postincrement': 0, 'cold_lookups': 0, 'shared_helpers': 0}
EMIT_ATTEMPT budget_pad_16 {'tier': 5, 'owning_postincrement': 0, 'cold_lookups': 1, 'shared_helpers': 1}
EMIT_ATTEMPT budget_pad_16 {'tier': 5, 'owning_postincrement': 0, 'cold_lookups': 0, 'shared_helpers': 1}
EMIT_ATTEMPT budget_pad_16 {'tier': 4, 'owning_postincrement': 0, 'cold_lookups': 0, 'shared_helpers': 0}
EMIT_ATTEMPT budget_pad_16 {'tier': 4, 'owning_postincrement': 0, 'cold_lookups': 0, 'shared_helpers': 1}
EMIT_ATTEMPT budget_pad_17 {'tier': 6, 'owning_postincrement': 0, 'cold_lookups': 1, 'shared_helpers': 0}
EMIT_ATTEMPT budget_pad_17 {'tier': 6, 'owning_postincrement': 0, 'cold_lookups': 0, 'shared_helpers': 0}
EMIT_ATTEMPT budget_pad_17 {'tier': 6, 'owning_postincrement': 0, 'cold_lookups': 1, 'shared_helpers': 1}
EMIT_ATTEMPT budget_pad_17 {'tier': 6, 'owning_postincrement': 0, 'cold_lookups': 0, 'shared_helpers': 1}
EMIT_ATTEMPT budget_pad_17 {'tier': 5, 'owning_postincrement': 0, 'cold_lookups': 1, 'shared_helpers': 0}
EMIT_ATTEMPT budget_pad_17 {'tier': 5, 'owning_postincrement': 0, 'cold_lookups': 0, 'shared_helpers': 0}
EMIT_ATTEMPT budget_pad_17 {'tier': 5, 'owning_postincrement': 0, 'cold_lookups': 1, 'shared_helpers': 1}
EMIT_ATTEMPT budget_pad_17 {'tier': 5, 'owning_postincrement': 0, 'cold_lookups': 0, 'shared_helpers': 1}
EMIT_ATTEMPT budget_pad_17 {'tier': 4, 'owning_postincrement': 0, 'cold_lookups': 0, 'shared_helpers': 0}
EMIT_ATTEMPT budget_pad_17 {'tier': 4, 'owning_postincrement': 0, 'cold_lookups': 0, 'shared_helpers': 1}
EMIT_ATTEMPT budget_pad_18 {'tier': 6, 'owning_postincrement': 0, 'cold_lookups': 1, 'shared_helpers': 0}
EMIT_ATTEMPT budget_pad_18 {'tier': 6, 'owning_postincrement': 0, 'cold_lookups': 0, 'shared_helpers': 0}
EMIT_ATTEMPT budget_pad_18 {'tier': 6, 'owning_postincrement': 0, 'cold_lookups': 1, 'shared_helpers': 1}
EMIT_ATTEMPT budget_pad_18 {'tier': 6, 'owning_postincrement': 0, 'cold_lookups': 0, 'shared_helpers': 1}
EMIT_ATTEMPT budget_pad_18 {'tier': 5, 'owning_postincrement': 0, 'cold_lookups': 1, 'shared_helpers': 0}
EMIT_ATTEMPT budget_pad_18 {'tier': 5, 'owning_postincrement': 0, 'cold_lookups': 0, 'shared_helpers': 0}
EMIT_ATTEMPT budget_pad_18 {'tier': 5, 'owning_postincrement': 0, 'cold_lookups': 1, 'shared_helpers': 1}
EMIT_ATTEMPT budget_pad_18 {'tier': 5, 'owning_postincrement': 0, 'cold_lookups': 0, 'shared_helpers': 1}
EMIT_ATTEMPT budget_pad_18 {'tier': 4, 'owning_postincrement': 0, 'cold_lookups': 0, 'shared_helpers': 0}
EMIT_ATTEMPT budget_pad_18 {'tier': 4, 'owning_postincrement': 0, 'cold_lookups': 0, 'shared_helpers': 1}
EMIT_ATTEMPT budget_pad_19 {'tier': 6, 'owning_postincrement': 0, 'cold_lookups': 1, 'shared_helpers': 0}
EMIT_ATTEMPT budget_pad_19 {'tier': 6, 'owning_postincrement': 0, 'cold_lookups': 0, 'shared_helpers': 0}
EMIT_ATTEMPT budget_pad_19 {'tier': 6, 'owning_postincrement': 0, 'cold_lookups': 1, 'shared_helpers': 1}
EMIT_ATTEMPT budget_pad_19 {'tier': 6, 'owning_postincrement': 0, 'cold_lookups': 0, 'shared_helpers': 1}
EMIT_ATTEMPT budget_pad_19 {'tier': 5, 'owning_postincrement': 0, 'cold_lookups': 1, 'shared_helpers': 0}
EMIT_ATTEMPT budget_pad_19 {'tier': 5, 'owning_postincrement': 0, 'cold_lookups': 0, 'shared_helpers': 0}
EMIT_ATTEMPT budget_pad_19 {'tier': 5, 'owning_postincrement': 0, 'cold_lookups': 1, 'shared_helpers': 1}
EMIT_ATTEMPT budget_pad_19 {'tier': 5, 'owning_postincrement': 0, 'cold_lookups': 0, 'shared_helpers': 1}
EMIT_ATTEMPT budget_pad_19 {'tier': 4, 'owning_postincrement': 0, 'cold_lookups': 0, 'shared_helpers': 0}
EMIT_ATTEMPT budget_pad_19 {'tier': 4, 'owning_postincrement': 0, 'cold_lookups': 0, 'shared_helpers': 1}
EMIT_ATTEMPT budget_pad_20 {'tier': 6, 'owning_postincrement': 0, 'cold_lookups': 1, 'shared_helpers': 0}
EMIT_ATTEMPT budget_pad_20 {'tier': 6, 'owning_postincrement': 0, 'cold_lookups': 0, 'shared_helpers': 0}
EMIT_ATTEMPT budget_pad_20 {'tier': 6, 'owning_postincrement': 0, 'cold_lookups': 1, 'shared_helpers': 1}
EMIT_ATTEMPT budget_pad_20 {'tier': 6, 'owning_postincrement': 0, 'cold_lookups': 0, 'shared_helpers': 1}
EMIT_ATTEMPT budget_pad_20 {'tier': 5, 'owning_postincrement': 0, 'cold_lookups': 1, 'shared_helpers': 0}
EMIT_ATTEMPT budget_pad_20 {'tier': 5, 'owning_postincrement': 0, 'cold_lookups': 0, 'shared_helpers': 0}
EMIT_ATTEMPT budget_pad_20 {'tier': 5, 'owning_postincrement': 0, 'cold_lookups': 1, 'shared_helpers': 1}
EMIT_ATTEMPT budget_pad_20 {'tier': 5, 'owning_postincrement': 0, 'cold_lookups': 0, 'shared_helpers': 1}
EMIT_ATTEMPT budget_pad_20 {'tier': 4, 'owning_postincrement': 0, 'cold_lookups': 0, 'shared_helpers': 0}
EMIT_ATTEMPT budget_pad_20 {'tier': 4, 'owning_postincrement': 0, 'cold_lookups': 0, 'shared_helpers': 1}
EMIT_ATTEMPT budget_pad_21 {'tier': 6, 'owning_postincrement': 0, 'cold_lookups': 1, 'shared_helpers': 0}
EMIT_ATTEMPT budget_pad_21 {'tier': 6, 'owning_postincrement': 0, 'cold_lookups': 0, 'shared_helpers': 0}
EMIT_ATTEMPT budget_pad_21 {'tier': 6, 'owning_postincrement': 0, 'cold_lookups': 1, 'shared_helpers': 1}
EMIT_ATTEMPT budget_pad_21 {'tier': 6, 'owning_postincrement': 0, 'cold_lookups': 0, 'shared_helpers': 1}
EMIT_ATTEMPT budget_pad_21 {'tier': 5, 'owning_postincrement': 0, 'cold_lookups': 1, 'shared_helpers': 0}
EMIT_ATTEMPT budget_pad_21 {'tier': 5, 'owning_postincrement': 0, 'cold_lookups': 0, 'shared_helpers': 0}
EMIT_ATTEMPT budget_pad_21 {'tier': 5, 'owning_postincrement': 0, 'cold_lookups': 1, 'shared_helpers': 1}
EMIT_ATTEMPT budget_pad_21 {'tier': 5, 'owning_postincrement': 0, 'cold_lookups': 0, 'shared_helpers': 1}
EMIT_ATTEMPT budget_pad_21 {'tier': 4, 'owning_postincrement': 0, 'cold_lookups': 0, 'shared_helpers': 0}
EMIT_ATTEMPT budget_pad_21 {'tier': 4, 'owning_postincrement': 0, 'cold_lookups': 0, 'shared_helpers': 1}
EMIT_ATTEMPT budget_pad_22 {'tier': 6, 'owning_postincrement': 0, 'cold_lookups': 1, 'shared_helpers': 0}
EMIT_ATTEMPT budget_pad_22 {'tier': 6, 'owning_postincrement': 0, 'cold_lookups': 0, 'shared_helpers': 0}
EMIT_ATTEMPT budget_pad_22 {'tier': 6, 'owning_postincrement': 0, 'cold_lookups': 1, 'shared_helpers': 1}
EMIT_ATTEMPT budget_pad_22 {'tier': 6, 'owning_postincrement': 0, 'cold_lookups': 0, 'shared_helpers': 1}
EMIT_ATTEMPT budget_pad_22 {'tier': 5, 'owning_postincrement': 0, 'cold_lookups': 1, 'shared_helpers': 0}
EMIT_ATTEMPT budget_pad_22 {'tier': 5, 'owning_postincrement': 0, 'cold_lookups': 0, 'shared_helpers': 0}
EMIT_ATTEMPT budget_pad_22 {'tier': 5, 'owning_postincrement': 0, 'cold_lookups': 1, 'shared_helpers': 1}
EMIT_ATTEMPT budget_pad_22 {'tier': 5, 'owning_postincrement': 0, 'cold_lookups': 0, 'shared_helpers': 1}
EMIT_ATTEMPT budget_pad_22 {'tier': 4, 'owning_postincrement': 0, 'cold_lookups': 0, 'shared_helpers': 0}
EMIT_ATTEMPT budget_pad_22 {'tier': 4, 'owning_postincrement': 0, 'cold_lookups': 0, 'shared_helpers': 1}
EMIT_ATTEMPT budget_pad_23 {'tier': 6, 'owning_postincrement': 0, 'cold_lookups': 1, 'shared_helpers': 0}
EMIT_ATTEMPT budget_pad_23 {'tier': 6, 'owning_postincrement': 0, 'cold_lookups': 0, 'shared_helpers': 0}
EMIT_ATTEMPT budget_pad_23 {'tier': 6, 'owning_postincrement': 0, 'cold_lookups': 1, 'shared_helpers': 1}
EMIT_ATTEMPT budget_pad_23 {'tier': 6, 'owning_postincrement': 0, 'cold_lookups': 0, 'shared_helpers': 1}
EMIT_ATTEMPT budget_pad_23 {'tier': 5, 'owning_postincrement': 0, 'cold_lookups': 1, 'shared_helpers': 0}
EMIT_ATTEMPT budget_pad_23 {'tier': 5, 'owning_postincrement': 0, 'cold_lookups': 0, 'shared_helpers': 0}
EMIT_ATTEMPT budget_pad_23 {'tier': 5, 'owning_postincrement': 0, 'cold_lookups': 1, 'shared_helpers': 1}
EMIT_ATTEMPT budget_pad_23 {'tier': 5, 'owning_postincrement': 0, 'cold_lookups': 0, 'shared_helpers': 1}
EMIT_ATTEMPT budget_pad_23 {'tier': 4, 'owning_postincrement': 0, 'cold_lookups': 0, 'shared_helpers': 0}
EMIT_ATTEMPT budget_pad_23 {'tier': 4, 'owning_postincrement': 0, 'cold_lookups': 0, 'shared_helpers': 1}
EMIT_ATTEMPT budget_pad_24 {'tier': 6, 'owning_postincrement': 0, 'cold_lookups': 1, 'shared_helpers': 0}
EMIT_ATTEMPT budget_pad_24 {'tier': 6, 'owning_postincrement': 0, 'cold_lookups': 0, 'shared_helpers': 0}
EMIT_ATTEMPT budget_pad_24 {'tier': 6, 'owning_postincrement': 0, 'cold_lookups': 1, 'shared_helpers': 1}
EMIT_ATTEMPT budget_pad_24 {'tier': 6, 'owning_postincrement': 0, 'cold_lookups': 0, 'shared_helpers': 1}
EMIT_ATTEMPT budget_pad_24 {'tier': 5, 'owning_postincrement': 0, 'cold_lookups': 1, 'shared_helpers': 0}
EMIT_ATTEMPT budget_pad_24 {'tier': 5, 'owning_postincrement': 0, 'cold_lookups': 0, 'shared_helpers': 0}
EMIT_ATTEMPT budget_pad_24 {'tier': 5, 'owning_postincrement': 0, 'cold_lookups': 1, 'shared_helpers': 1}
EMIT_ATTEMPT budget_pad_24 {'tier': 5, 'owning_postincrement': 0, 'cold_lookups': 0, 'shared_helpers': 1}
EMIT_ATTEMPT budget_pad_24 {'tier': 4, 'owning_postincrement': 0, 'cold_lookups': 0, 'shared_helpers': 0}
EMIT_ATTEMPT budget_pad_24 {'tier': 4, 'owning_postincrement': 0, 'cold_lookups': 0, 'shared_helpers': 1}
[Inferior 1 (process 718696) exited normally]
EMISSION_TIERS_VERIFIED {"budget_pad_1": {"tier": 6, "owning_postincrement": 0, "cold_lookups": 0, "shared_helpers": 1}, "budget_pad_2": {"tier": 6, "owning_postincrement": 0, "cold_lookups": 0, "shared_helpers": 1}, "budget_pad_3": {"tier": 6, "owning_postincrement": 0, "cold_lookups": 0, "shared_helpers": 1}, "budget_pad_4": {"tier": 6, "owning_postincrement": 0, "cold_lookups": 0, "shared_helpers": 1}, "budget_pad_5": {"tier": 6, "owning_postincrement": 0, "cold_lookups": 0, "shared_helpers": 1}, "budget_pad_6": {"tier": 6, "owning_postincrement": 0, "cold_lookups": 0, "shared_helpers": 1}, "budget_pad_7": {"tier": 6, "owning_postincrement": 0, "cold_lookups": 0, "shared_helpers": 1}, "budget_pad_8": {"tier": 6, "owning_postincrement": 0, "cold_lookups": 0, "shared_helpers": 1}, "budget_pad_9": {"tier": 6, "owning_postincrement": 0, "cold_lookups": 0, "shared_helpers": 1}, "budget_pad_10": {"tier": 6, "owning_postincrement": 0, "cold_lookups": 0, "shared_helpers": 1}, "budget_pad_11": {"tier": 4, "owning_postincrement": 0, "cold_lookups": 0, "shared_helpers": 1}, "budget_pad_12": {"tier": 4, "owning_postincrement": 0, "cold_lookups": 0, "shared_helpers": 1}, "budget_pad_13": {"tier": 4, "owning_postincrement": 0, "cold_lookups": 0, "shared_helpers": 1}, "budget_pad_14": {"tier": 4, "owning_postincrement": 0, "cold_lookups": 0, "shared_helpers": 1}, "budget_pad_15": {"tier": 4, "owning_postincrement": 0, "cold_lookups": 0, "shared_helpers": 1}, "budget_pad_16": {"tier": 4, "owning_postincrement": 0, "cold_lookups": 0, "shared_helpers": 1}, "budget_pad_17": {"tier": 4, "owning_postincrement": 0, "cold_lookups": 0, "shared_helpers": 1}, "budget_pad_18": {"tier": 4, "owning_postincrement": 0, "cold_lookups": 0, "shared_helpers": 1}, "budget_pad_19": {"tier": 4, "owning_postincrement": 0, "cold_lookups": 0, "shared_helpers": 1}, "budget_pad_20": {"tier": 4, "owning_postincrement": 0, "cold_lookups": 0, "shared_helpers": 1}, "budget_pad_21": {"tier": 4, "owning_postincrement": 0, "cold_lookups": 0, "shared_helpers": 1}, "budget_pad_22": {"tier": 4, "owning_postincrement": 0, "cold_lookups": 0, "shared_helpers": 1}, "budget_pad_23": {"tier": 4, "owning_postincrement": 0, "cold_lookups": 0, "shared_helpers": 1}, "budget_pad_24": {"tier": 4, "owning_postincrement": 0, "cold_lookups": 0, "shared_helpers": 1}}
