BENCH	route_balanced	200000	0.053755000	300346
BENCH	route_skewed	200000	0.052490000	122121
BENCH	pricing_events	200000	0.057775000	636940
BENCH	filter_stream	200000	0.057025000	10704.521037291815
BENCH	records_64	200000	0.135630000	599323
BENCH	records_4096	200000	0.248795000	385702
BENCH	word_count	200000	0.267035000	116910
BENCH	graph_walk	200000	0.012350000	386354
BENCH	route_balanced	200000	0.053585000	300346
BENCH	route_skewed	200000	0.052705000	122121
BENCH	pricing_events	200000	0.058175000	636940
BENCH	filter_stream	200000	0.055935000	10704.521037291815
BENCH	records_64	200000	0.132700000	599323
BENCH	records_4096	200000	0.297855000	385702
BENCH	word_count	200000	0.267625000	116910
BENCH	graph_walk	200000	0.012385000	386354
BENCH	route_balanced	200000	0.053700000	300346
BENCH	route_skewed	200000	0.052355000	122121
BENCH	pricing_events	200000	0.058260000	636940
BENCH	filter_stream	200000	0.056465000	10704.521037291815
BENCH	records_64	200000	0.132520000	599323
BENCH	records_4096	200000	0.245320000	385702
BENCH	word_count	200000	0.267215000	116910
BENCH	graph_walk	200000	0.012325000	386354
1094.17;msec;task-clock:u;0.10%;1094173494;100.00;0.990;CPUs utilized
2437690553;;cycles:u;0.21%;1094260696;100.00;2.224;GHz
5969003058;;instructions:u;0.08%;1094260696;100.00;2.46;insn per cycle
5112414;;branch-misses:u;2.47%;1094260696;100.00;;
2233577615;;cache-references:u;0.09%;1094260696;100.00;2.038;G/sec
16737822;;cache-misses:u;4.55%;1094260696;100.00;0.748;of all cache refs
3865;;page-faults:u;0.01%;1094173494;100.00;3.526;K/sec
0;;context-switches:u;0.00%;1094173494;100.00;0.000;/sec
