JIT_CAPTURE_BREAKPOINT -1
[Thread debugging using libthread_db enabled]
Using host libthread_db library "/lib/aarch64-linux-gnu/libthread_db.so.1".
JIT_CAPTURE recycle frame 0xfffff7f84000 8192
BENCH	table_owners_1	1003	1.392821535	615764.25
BENCH	table_owners_2	1003	1.194416750	616780.25
BENCH	table_owners_5	1003	1.153539382	613838.25
BENCH	table_owners_19	1003	1.244267198	618610.25
BENCH	table_owners_257	1003	1.362911266	749599.25
BENCH	class_owners_1	1003	1.269192423	615764.25
BENCH	class_owners_2	1003	1.310069791	616780.25
BENCH	class_owners_5	1003	1.258225324	613838.25
BENCH	class_owners_19	1003	1.337986042	618610.25
BENCH	class_owners_257	1003	1.468594217	749599.25
[Inferior 1 (process 725314) exited normally]
[Thread debugging using libthread_db enabled]
Using host libthread_db library "/lib/aarch64-linux-gnu/libthread_db.so.1".
JIT_CAPTURE transfer frame 0xfffff7f85000 4096
JIT_CAPTURE publish frame 0xfffff7f84000 4096
BENCH	transfer_table	1003	1274.969092722	121851
BENCH	transfer_class	1003	1061.211365902	121851
BENCH	transfer_mixed	1003	1082.529411765	121851
BENCH	publish_table	1003	1321.781655035	133577
BENCH	publish_class	1003	1372.082751745	133577
BENCH	publish_mixed	1003	1110.204386839	133577
[Inferior 1 (process 725316) exited normally]
[Thread debugging using libthread_db enabled]
Using host libthread_db library "/lib/aarch64-linux-gnu/libthread_db.so.1".
JIT_CAPTURE table_apply frame 0xfffff7f85000 4096
JIT_CAPTURE apply frame 0xfffff7f84000 4096
BENCH	table_events_97	1003	1261.812562313	140378
BENCH	class_events_97	1003	1313.197407777	140378
BENCH	buffers_7	1003	1.380857428	944693
BENCH	buffers_31	1003	1.283150548	861874
BENCH	calibrate_17	1003	1.047856431	5140.09375
BENCH	calibrate_67	1003	1.034895314	5049
[Inferior 1 (process 725376) exited normally]
JIT_CAPTURE_VERIFIED five canonical-frame functions
