# To display the perf.data header info, please use --header/--header-only options.
#
#
# Total Lost Samples: 0
#
# Samples: 183  of event 'cycles:u'
# Event count (approx.): 745935118
#
# Children      Self  Command  Shared Object          Symbol                               
# ........  ........  .......  .....................  .....................................
#
    40.38%     0.00%  sqgi     [JIT] tid 725095       [.] 0x0000ffff9c95db97
            |
            ---0xffff9c95db97
               |          
               |--8.56%--0xffff9c95d90c
               |          
               |--7.34%--0xffff9c95d690
               |          
               |--5.51%--0xffff9c95d764
               |          
               |--4.28%--0xffff9c95d838
               |          
               |--3.67%--0xffff9c95d5bc
               |          
               |--3.06%--0xffff9c95d4e8
               |          
                --2.45%--0xffff9c95d414

    15.12%     0.00%  sqgi     [JIT] tid 725095       [.] 0x0000ffff9c95e70b
            |
            ---0xffff9c95e70b
               |          
               |--2.44%--0xffff9c95e53c
               |          
                --2.41%--0xffff9c95e540

    10.38%     0.00%  sqgi     [JIT] tid 725095       [.] 0x0000ffff9c95b53b
            |
            ---0xffff9c95b53b
               |          
                --3.66%--0xffff9c95b198

     9.76%     0.00%  sqgi     [JIT] tid 725095       [.] 0x0000ffff9c95c47f
            |
            ---0xffff9c95c47f
               |          
                --6.71%--0xffff9c95c1e4

     8.56%     8.56%  sqgi     [JIT] tid 725095       [.] 0x0000ffff9c95d90c
            |
            ---0xffff9c95db97
               0xffff9c95d90c

     7.94%     0.00%  sqgi     [JIT] tid 725095       [.] 0x0000ffff9c959207
            |
            ---0xffff9c959207
               |          
                --3.05%--0xffff9c959164

     7.94%     0.00%  sqgi     [JIT] tid 725095       [.] 0x0000ffff9c95a407
            |
            ---0xffff9c95a407
               |          
                --3.66%--0xffff9c95a2a0

     7.34%     7.34%  sqgi     [JIT] tid 725095       [.] 0x0000ffff9c95d690
            |
            ---0xffff9c95db97
               0xffff9c95d690

     6.71%     6.71%  sqgi     [JIT] tid 725095       [.] 0x0000ffff9c95c1e4
            |
            ---0xffff9c95c47f
               0xffff9c95c1e4

     5.54%     0.00%  sqgi     [JIT] tid 725095       [.] 0x0000ffff9c95f347
            |
            ---0xffff9c95f347
               |          
                --5.10%--0xffff9c95f164

     5.51%     5.51%  sqgi     [JIT] tid 725095       [.] 0x0000ffff9c95d764
            |
            ---0xffff9c95db97
               0xffff9c95d764

     5.10%     5.10%  sqgi     [JIT] tid 725095       [.] 0x0000ffff9c95f164
            |
            ---0xffff9c95f347
               0xffff9c95f164

     4.28%     4.28%  sqgi     [JIT] tid 725095       [.] 0x0000ffff9c95d838
            |
            ---0xffff9c95db97
               0xffff9c95d838

     3.67%     3.67%  sqgi     [JIT] tid 725095       [.] 0x0000ffff9c95d5bc
            |
            ---0xffff9c95db97
               0xffff9c95d5bc

     3.66%     3.66%  sqgi     [JIT] tid 725095       [.] 0x0000ffff9c95a2a0
            |
            ---0xffff9c95a407
               0xffff9c95a2a0

     3.66%     3.66%  sqgi     [JIT] tid 725095       [.] 0x0000ffff9c95b198
            |
            ---0xffff9c95b53b
               0xffff9c95b198

     3.06%     3.06%  sqgi     [JIT] tid 725095       [.] 0x0000ffff9c95d4e8
            |
            ---0xffff9c95db97
               0xffff9c95d4e8

     3.05%     3.05%  sqgi     [JIT] tid 725095       [.] 0x0000ffff9c959164
            |
            ---0xffff9c959207
               0xffff9c959164

     2.45%     2.45%  sqgi     [JIT] tid 725095       [.] 0x0000ffff9c95d414
            |
            ---0xffff9c95db97
               0xffff9c95d414

     2.44%     2.44%  sqgi     [JIT] tid 725095       [.] 0x0000ffff9c95e53c
            |
            ---0xffff9c95e70b
               0xffff9c95e53c

     2.41%     2.41%  sqgi     [JIT] tid 725095       [.] 0x0000ffff9c95e540
            |
            ---0xffff9c95e70b
               0xffff9c95e540



#
# (Cannot load tips.txt file, please install perf!)
#
