BENCH	filter	200000	0.013475000	10.254364576940203
BENCH	channels_4	200000	0.035060000	20.621658757381574
BENCH	pressure_8	200000	0.093525000	30.900920683591639
BENCH	integration	200000	0.022520000	1562.9738403896752
BENCH	retained_input	200000	0.024325000	399985.55383443867
BENCH	branching	200000	0.018040000	1.6005902475563216
BENCH	helper_control	200000	0.019405000	3.7152600782050693
BENCH	filter	200000	0.013455000	10.254364576940203
BENCH	channels_4	200000	0.035050000	20.621658757381574
BENCH	pressure_8	200000	0.093880000	30.900920683591639
BENCH	integration	200000	0.022510000	1562.9738403896752
BENCH	retained_input	200000	0.024610000	399985.55383443867
BENCH	branching	200000	0.017895000	1.6005902475563216
BENCH	helper_control	200000	0.019330000	3.7152600782050693
BENCH	filter	200000	0.013565000	10.254364576940203
BENCH	channels_4	200000	0.035050000	20.621658757381574
BENCH	pressure_8	200000	0.093880000	30.900920683591639
BENCH	integration	200000	0.022445000	1562.9738403896752
BENCH	retained_input	200000	0.024595000	399985.55383443867
BENCH	branching	200000	0.017900000	1.6005902475563216
BENCH	helper_control	200000	0.019345000	3.7152600782050693
359.21;msec;task-clock:u;1.37%;359208961;100.00;1.009;CPUs utilized
744058657;;cycles:u;0.06%;359361498;100.00;2.127;GHz
1233348027;;instructions:u;0.00%;359361498;100.00;1.66;insn per cycle
152916;;branch-misses:u;0.74%;359361498;100.00;;
331548807;;cache-references:u;0.01%;359361498;100.00;947.946;M/sec
243388;;cache-misses:u;0.24%;359361498;100.00;0.073;of all cache refs
790;;page-faults:u;0.04%;359208961;100.00;2.259;K/sec
0;;context-switches:u;0.00%;359208961;100.00;0.000;/sec
