# To display the perf.data header info, please use --header/--header-only options.
#
#
# Total Lost Samples: 0
#
# Samples: 2K of event 'cycles:u'
# Event count (approx.): 9734641471
#
# Children      Self  Command  Shared Object          Symbol                                                                                        
# ........  ........  .......  .....................  ..............................................................................................
#
    28.28%     0.00%  sqgi     sqgi                   [.] _start
            |
            ---_start
               __libc_start_main_impl (inlined)
               __libc_start_call_main
               main
               |          
                --28.23%--sq_call
                          SQVM::Execute
                          |          
                           --2.10%--SQObjectPtr::operator= (inlined)

    28.28%     0.00%  sqgi     libc.so.6              [.] __libc_start_main_impl (inlined)
            |
            ---__libc_start_main_impl (inlined)
               __libc_start_call_main
               main
               |          
                --28.23%--sq_call
                          SQVM::Execute
                          |          
                           --2.10%--SQObjectPtr::operator= (inlined)

    28.28%     0.00%  sqgi     libc.so.6              [.] __libc_start_call_main
            |
            ---__libc_start_call_main
               main
               |          
                --28.23%--sq_call
                          SQVM::Execute
                          |          
                           --2.10%--SQObjectPtr::operator= (inlined)

    28.28%     0.00%  sqgi     sqgi                   [.] main
            |
            ---main
               |          
                --28.23%--sq_call
                          SQVM::Execute
                          |          
                           --2.10%--SQObjectPtr::operator= (inlined)

    28.23%    23.31%  sqgi     sqgi                   [.] SQVM::Execute
            |          
            |--23.31%--_start
            |          __libc_start_main_impl (inlined)
            |          __libc_start_call_main
            |          main
            |          sq_call
            |          SQVM::Execute
            |          |          
            |           --2.06%--SQObjectPtr::operator= (inlined)
            |          
             --4.92%--SQVM::Execute

    28.23%     0.00%  sqgi     sqgi                   [.] sq_call
            |
            ---sq_call
               SQVM::Execute
               |          
                --2.10%--SQObjectPtr::operator= (inlined)

    11.60%     0.00%  sqgi     [JIT] tid 724780       [.] 0x0000ffff89b623af
            |
            ---0xffff89b623af
               |          
                --10.16%--0xffff89b62164

    10.16%    10.16%  sqgi     [JIT] tid 724780       [.] 0x0000ffff89b62164
            |
            ---0xffff89b623af
               0xffff89b62164

     9.61%     0.00%  sqgi     [JIT] tid 724780       [.] 0x0000ffff89b613db
            |
            ---0xffff89b613db
               |          
                --6.19%--0xffff89b61164

     8.58%     0.00%  sqgi     [JIT] tid 724780       [.] 0x0000ffff89b5f043
            |
            ---0xffff89b5f043
               |          
                --3.19%--0xffff89b5f230

     7.12%     0.00%  sqgi     [JIT] tid 724780       [.] 0x0000ffff89b4d32b
            |
            ---0xffff89b4d32b

     6.19%     6.19%  sqgi     [JIT] tid 724780       [.] 0x0000ffff89b61164
            |
            ---0xffff89b613db
               0xffff89b61164

     5.63%     0.00%  sqgi     [JIT] tid 724780       [.] 0x0000ffff89b60313
            |
            ---0xffff89b60313
               |          
                --4.55%--0xffff89b60164

     4.55%     4.55%  sqgi     [JIT] tid 724780       [.] 0x0000ffff89b60164
            |
            ---0xffff89b60313
               0xffff89b60164

     4.08%     4.08%  sqgi     [JIT] tid 724780       [.] 0x0000ffff89b5f230
            |          
             --3.19%--0xffff89b5f043
                       0xffff89b5f230

     3.23%     2.01%  sqgi     sqgi                   [.] sqjit_number_conversion_guard
     3.00%     0.00%  sqgi     [JIT] tid 724780       [.] 0x0000ffff89b5010f
            |
            ---0xffff89b5010f

     2.57%     0.00%  sqgi     sqgi                   [.] SQObjectPtr::operator= (inlined)
            |
            ---SQObjectPtr::operator= (inlined)

     2.34%     2.34%  sqgi     sqgi                   [.] SQTable::Get
     2.15%     0.00%  sqgi     [JIT] tid 724780       [.] 0x0000ffff89b6511b
            |
            ---0xffff89b6511b

     2.06%     0.00%  sqgi     [JIT] tid 724780       [.] 0x0000ffff89b6413b
            |
            ---0xffff89b6413b

     2.05%     0.69%  sqgi     sqgi                   [.] SQJitWriteLog::RecordArray


#
# (Cannot load tips.txt file, please install perf!)
#
