BENCH	direct_call	3200000	0.025676	563347
BENCH	branch_call	3200000	0.021335	599062
BENCH	float_call	3200000	0.012433	8.2204724409448815
BENCH	numeric_loop	3200000	0.022848	612398470
BENCH	vector	160000	0.376837	0.12553851953971693
BENCH	dynamic_member	160000	0.724475	7261462
BENCH	dynamic_key_get_set	160000	0.182644	6566091
BENCH	object_member_write_fallback	160000	0.471819	595919
BENCH	array_append	160000	0.131869	3048687
BENCH	array_write	160000	0.037237	831988
BENCH	array_read	3200000	0.006995	8000000
BENCH	array_float	3200000	0.006752	6400000
BENCH	math_intrinsic	160000	0.111150	2418270.8295144332
BENCH	math_variable	160000	0.227269	313782.39947747899
BENCH	matrix	160000	0.311600	-0.024510798820940455
BENCH	direct_call	3200000	0.025668	563347
BENCH	branch_call	3200000	0.021383	599062
BENCH	float_call	3200000	0.012435	8.2204724409448815
BENCH	numeric_loop	3200000	0.022776	612398470
BENCH	vector	160000	0.365456	0.12553851953971693
BENCH	dynamic_member	160000	0.726856	7261462
BENCH	dynamic_key_get_set	160000	0.182519	6566091
BENCH	object_member_write_fallback	160000	0.474744	595919
BENCH	array_append	160000	0.131488	3048687
BENCH	array_write	160000	0.036875	831988
BENCH	array_read	3200000	0.007150	8000000
BENCH	array_float	3200000	0.006873	6400000
BENCH	math_intrinsic	160000	0.111175	2418270.8295144332
BENCH	math_variable	160000	0.226819	313782.39947747899
BENCH	matrix	160000	0.310831	-0.024510798820940455
BENCH	direct_call	3200000	0.025692	563347
BENCH	branch_call	3200000	0.021223	599062
BENCH	float_call	3200000	0.012449	8.2204724409448815
BENCH	numeric_loop	3200000	0.022888	612398470
BENCH	vector	160000	0.378038	0.12553851953971693
BENCH	dynamic_member	160000	0.725862	7261462
BENCH	dynamic_key_get_set	160000	0.182781	6566091
BENCH	object_member_write_fallback	160000	0.473888	595919
BENCH	array_append	160000	0.129325	3048687
BENCH	array_write	160000	0.036619	831988
BENCH	array_read	3200000	0.007056	8000000
BENCH	array_float	3200000	0.006754	6400000
BENCH	math_intrinsic	160000	0.111888	2418270.8295144332
BENCH	math_variable	160000	0.225837	313782.39947747899
BENCH	matrix	160000	0.311912	-0.024510798820940455
4319.72;msec;task-clock:u;0.06%;4319717313;100.00;0.997;CPUs utilized
9757583121;;cycles:u;0.06%;4320123334;100.00;2.257;GHz
22025210821;;instructions:u;0.00%;4320123334;100.00;2.26;insn per cycle
3119269;;branch-misses:u;0.53%;4320123334;100.00;;
8945505688;;cache-references:u;0.16%;4320123334;100.00;2.069;G/sec
1258309;;cache-misses:u;0.67%;4320123334;100.00;0.014;of all cache refs
10513;;page-faults:u;0.00%;4319717313;100.00;2.431;K/sec
0;;context-switches:u;0.00%;4319717313;100.00;0.000;/sec
