# To display the perf.data header info, please use --header/--header-only options.
#
#
# Total Lost Samples: 0
#
# Samples: 1K of event 'cycles:u'
# Event count (approx.): 5467287003
#
# Children      Self  Command  Shared Object          Symbol                                         
# ........  ........  .......  .....................  ...............................................
#
    38.99%     0.00%  sqgi     libc.so.6              [.] __libc_start_call_main
            |
            ---__libc_start_call_main
               __libc_start_call_main
               main
               sq_call
               SQVM::Execute
               |          
               |--6.66%--sqjit_try_execute_current
               |          |          
               |           --3.50%--SQVM::Return
               |          
               |--2.63%--sqjit_try_execute_current_loop
               |          
                --2.47%--SQObjectPtr::operator= (inlined)

    38.99%    23.66%  sqgi     sqgi                   [.] SQVM::Execute
            |          
            |--23.66%--__libc_start_call_main
            |          __libc_start_call_main
            |          main
            |          sq_call
            |          SQVM::Execute
            |          |          
            |           --2.47%--SQObjectPtr::operator= (inlined)
            |          
             --15.33%--SQVM::Execute
                       |          
                       |--6.66%--sqjit_try_execute_current
                       |          |          
                       |           --3.50%--SQVM::Return
                       |          
                        --2.63%--sqjit_try_execute_current_loop

    38.99%     0.00%  sqgi     sqgi                   [.] main
            |
            ---main
               sq_call
               SQVM::Execute
               |          
               |--6.66%--sqjit_try_execute_current
               |          |          
               |           --3.50%--SQVM::Return
               |          
               |--2.63%--sqjit_try_execute_current_loop
               |          
                --2.47%--SQObjectPtr::operator= (inlined)

    38.99%     0.00%  sqgi     sqgi                   [.] sq_call
            |
            ---sq_call
               SQVM::Execute
               |          
               |--6.66%--sqjit_try_execute_current
               |          |          
               |           --3.50%--SQVM::Return
               |          
               |--2.63%--sqjit_try_execute_current_loop
               |          
                --2.47%--SQObjectPtr::operator= (inlined)

    29.10%     0.00%  sqgi     [JIT] tid 724972       [.] 0x0000ffffb43aace7
            |
            ---0xffffb43aace7
               |          
                --28.85%--0xffffb43aace7
                          |          
                          |--5.50%--sqjit_a64_precise_step<(SQOpcode)1, false>
                          |          
                          |--3.17%--sqjit_a64_precise_step<(SQOpcode)13, true>
                          |          
                          |--2.84%--sqjit_a64_precise_step<(SQOpcode)13, false>
                          |          
                          |--2.59%--sqjit_a64_precise_step<(SQOpcode)21, false>
                          |          
                          |--2.42%--sqjit_a64_precise_step<(SQOpcode)29, false>
                          |          
                          |--2.34%--sqjit_a64_precise_step<(SQOpcode)39, false>
                          |          
                           --2.00%--sqjit_a64_precise_step<(SQOpcode)6, false>

     6.66%     2.41%  sqgi     sqgi                   [.] sqjit_try_execute_current
            |          
            |--4.25%--sqjit_try_execute_current
            |          |          
            |           --3.50%--SQVM::Return
            |          
             --2.41%--__libc_start_call_main
                       __libc_start_call_main
                       main
                       sq_call
                       SQVM::Execute
                       sqjit_try_execute_current

     5.50%     5.00%  sqgi     sqgi                   [.] sqjit_a64_precise_step<(SQOpcode)1, false>
            |          
             --5.00%--0xffffb43aace7
                       0xffffb43aace7
                       sqjit_a64_precise_step<(SQOpcode)1, false>

     4.50%     0.00%  sqgi     [JIT] tid 724972       [.] 0x0000ffffb43a845f
            |
            ---0xffffb43a845f

     4.34%     0.00%  sqgi     [JIT] tid 724972       [.] 0x0000ffffb43a9bff
            |
            ---0xffffb43a9bff

     4.17%     3.75%  sqgi     sqgi                   [.] sqjit_a64_precise_step<(SQOpcode)13, false>
            |          
             --3.75%--0xffffb43aace7
                       0xffffb43aace7
                       |          
                        --2.42%--sqjit_a64_precise_step<(SQOpcode)13, false>

     3.59%     3.59%  sqgi     sqgi                   [.] SQJitWriteLog::CanReleaseInContext
            |
            ---0xffffb43aace7
               0xffffb43aace7

     3.50%     2.17%  sqgi     sqgi                   [.] SQVM::Return
            |          
             --2.17%--__libc_start_call_main
                       __libc_start_call_main
                       main
                       sq_call
                       SQVM::Execute
                       sqjit_try_execute_current
                       SQVM::Return

     3.17%     2.58%  sqgi     sqgi                   [.] sqjit_a64_precise_step<(SQOpcode)13, true>
            |          
             --2.58%--0xffffb43aace7
                       0xffffb43aace7
                       sqjit_a64_precise_step<(SQOpcode)13, true>

     3.17%     0.75%  sqgi     sqgi                   [.] SQVM::CMP_OP
            |          
             --2.42%--SQVM::CMP_OP
                       SQVM::ObjCmp

     3.08%     1.83%  sqgi     sqgi                   [.] sqjit_number_conversion_guard
     3.05%     0.00%  sqgi     sqgi                   [.] SQObjectPtr::operator= (inlined)
            |
            ---SQObjectPtr::operator= (inlined)

     2.91%     0.00%  sqgi     [JIT] tid 724972       [.] 0x0000ffffb43ac157
            |
            ---0xffffb43ac157

     2.83%     2.83%  sqgi     sqgi                   [.] sqjit_a64_precise_step<(SQOpcode)14, false>
     2.67%     0.00%  sqgi     [JIT] tid 724972       [.] 0x0000ffffb43ab653
            |
            ---0xffffb43ab653

     2.63%     1.88%  sqgi     sqgi                   [.] sqjit_try_execute_current_loop
     2.59%     2.42%  sqgi     sqgi                   [.] sqjit_a64_precise_step<(SQOpcode)21, false>
            |          
             --2.42%--0xffffb43aace7
                       0xffffb43aace7
                       sqjit_a64_precise_step<(SQOpcode)21, false>

     2.42%     2.09%  sqgi     sqgi                   [.] sqjit_a64_precise_step<(SQOpcode)39, false>
            |          
             --2.09%--0xffffb43aace7
                       0xffffb43aace7
                       |          
                        --2.00%--sqjit_a64_precise_step<(SQOpcode)39, false>

     2.42%     0.50%  sqgi     sqgi                   [.] sqjit_a64_precise_step<(SQOpcode)29, false>
     2.42%     2.42%  sqgi     sqgi                   [.] SQVM::ObjCmp
     2.33%     2.25%  sqgi     sqgi                   [.] sqjit_a64_precise_step<(SQOpcode)8, false>
            |          
             --2.25%--0xffffb43aace7
                       0xffffb43aace7

     2.17%     0.00%  sqgi     [JIT] tid 724972       [.] 0x0000ffffb43a9563
            |
            ---0xffffb43a9563

     2.08%     2.08%  sqgi     sqgi                   [.] sqjit_a64_precise_step<(SQOpcode)9, true>
     2.08%     0.00%  sqgi     [JIT] tid 724972       [.] 0x0000ffffb43a8203
            |
            ---0xffffb43a8203

     2.00%     1.00%  sqgi     sqgi                   [.] sqjit_a64_precise_step<(SQOpcode)6, false>
     2.00%     0.00%  sqgi     sqgi                   [.] sqjit_a64_precise_prepare_len (inlined)
            |
            ---sqjit_a64_precise_prepare_len (inlined)



#
# (Cannot load tips.txt file, please install perf!)
#
