BENCH	table_events_97	200000	0.414355000	10069540
BENCH	class_events_97	200000	0.415060000	10069540
BENCH	buffers_7	200000	0.349300000	65667
BENCH	buffers_31	200000	0.348130000	651677
BENCH	calibrate_17	200000	0.084175000	1040538.515625
BENCH	calibrate_67	200000	0.084755000	1040417.796875
BENCH	table_events_97	200000	0.415380000	10069540
BENCH	class_events_97	200000	0.424830000	10069540
BENCH	buffers_7	200000	0.348310000	65667
BENCH	buffers_31	200000	0.347940000	651677
BENCH	calibrate_17	200000	0.083775000	1040538.515625
BENCH	calibrate_67	200000	0.084870000	1040417.796875
BENCH	table_events_97	200000	0.414225000	10069540
BENCH	class_events_97	200000	0.415660000	10069540
BENCH	buffers_7	200000	0.347880000	65667
BENCH	buffers_31	200000	0.347965000	651677
BENCH	calibrate_17	200000	0.084595000	1040538.515625
BENCH	calibrate_67	200000	0.085305000	1040417.796875
2396.16;msec;task-clock:u;0.20%;2396162278;100.00;0.994;CPUs utilized
5441531072;;cycles:u;0.17%;2396423329;100.00;2.263;GHz
15720588165;;instructions:u;0.00%;2396423329;100.00;2.88;insn per cycle
3340513;;branch-misses:u;0.09%;2396423329;100.00;;
6243645569;;cache-references:u;0.02%;2396423329;100.00;2.596;G/sec
5568549;;cache-misses:u;1.26%;2396423329;100.00;0.089;of all cache refs
812;;page-faults:u;0.07%;2396162278;100.00;337.649;/sec
0;;context-switches:u;0.00%;2396162278;100.00;0.000;/sec
