# To display the perf.data header info, please use --header/--header-only options.
#
#
# Total Lost Samples: 0
#
# Samples: 1K of event 'cycles:u'
# Event count (approx.): 7503613367
#
# Children      Self  Command  Shared Object                 Symbol                                                                                                                                          
# ........  ........  .......  ............................  ................................................................................................................................................
#
    79.50%     0.00%  sqgi     libc.so.6                     [.] __libc_start_call_main
            |
            ---__libc_start_call_main
               __libc_start_call_main
               main
               sq_call
               SQVM::Execute
               |          
               |--13.35%--sqjit_try_execute_current
               |          |          
               |           --5.22%--SQVM::Return
               |                     |          
               |                      --2.42%--SQVM::LeaveFrame
               |          
               |--5.17%--SQObjectPtr::operator= (inlined)
               |          
               |--4.44%--SQArray::Get (inlined)
               |          |          
               |           --3.65%--SQArray::Get (inlined)
               |          
               |--3.99%--sqjit_try_execute_current_loop
               |          
               |--3.40%--SQVM::StartCall
               |          
               |--2.98%--sqjit_try_execute_closure
               |          
               |--2.97%--SQVM::CMP_OP
               |          
                --2.07%--sqjit_on_function_enter

    79.50%    49.88%  sqgi     sqgi                          [.] SQVM::Execute
            |          
            |--49.88%--__libc_start_call_main
            |          __libc_start_call_main
            |          main
            |          sq_call
            |          SQVM::Execute
            |          |          
            |          |--5.17%--SQObjectPtr::operator= (inlined)
            |          |          
            |           --4.44%--SQArray::Get (inlined)
            |                     |          
            |                      --3.65%--SQArray::Get (inlined)
            |          
             --29.61%--SQVM::Execute
                       |          
                       |--13.35%--sqjit_try_execute_current
                       |          |          
                       |           --5.22%--SQVM::Return
                       |                     |          
                       |                      --2.42%--SQVM::LeaveFrame
                       |          
                       |--3.99%--sqjit_try_execute_current_loop
                       |          
                       |--3.40%--SQVM::StartCall
                       |          
                       |--2.98%--sqjit_try_execute_closure
                       |          
                       |--2.97%--SQVM::CMP_OP
                       |          
                        --2.07%--sqjit_on_function_enter

    79.50%     0.00%  sqgi     sqgi                          [.] main
            |
            ---main
               sq_call
               SQVM::Execute
               |          
               |--13.35%--sqjit_try_execute_current
               |          |          
               |           --5.22%--SQVM::Return
               |                     |          
               |                      --2.42%--SQVM::LeaveFrame
               |          
               |--5.17%--SQObjectPtr::operator= (inlined)
               |          
               |--4.44%--SQArray::Get (inlined)
               |          |          
               |           --3.65%--SQArray::Get (inlined)
               |          
               |--3.99%--sqjit_try_execute_current_loop
               |          
               |--3.40%--SQVM::StartCall
               |          
               |--2.98%--sqjit_try_execute_closure
               |          
               |--2.97%--SQVM::CMP_OP
               |          
                --2.07%--sqjit_on_function_enter

    79.50%     0.00%  sqgi     sqgi                          [.] sq_call
            |
            ---sq_call
               SQVM::Execute
               |          
               |--13.35%--sqjit_try_execute_current
               |          |          
               |           --5.22%--SQVM::Return
               |                     |          
               |                      --2.42%--SQVM::LeaveFrame
               |          
               |--5.17%--SQObjectPtr::operator= (inlined)
               |          
               |--4.44%--SQArray::Get (inlined)
               |          |          
               |           --3.65%--SQArray::Get (inlined)
               |          
               |--3.99%--sqjit_try_execute_current_loop
               |          
               |--3.40%--SQVM::StartCall
               |          
               |--2.98%--sqjit_try_execute_closure
               |          
               |--2.97%--SQVM::CMP_OP
               |          
                --2.07%--sqjit_on_function_enter

    13.89%     6.01%  sqgi     sqgi                          [.] sqjit_try_execute_current
            |          
            |--7.89%--sqjit_try_execute_current
            |          |          
            |           --5.22%--SQVM::Return
            |                     |          
            |                      --2.42%--SQVM::LeaveFrame
            |          
             --6.01%--__libc_start_call_main
                       __libc_start_call_main
                       main
                       sq_call
                       SQVM::Execute
                       sqjit_try_execute_current

     8.50%     0.00%  sqgi     [JIT] tid 725038              [.] 0x0000ffffb19fb243
            |
            ---0xffffb19fb243

     8.09%     0.00%  sqgi     [JIT] tid 725038              [.] 0x0000ffffb19fa047
            |
            ---0xffffb19fa047

     6.56%     0.00%  sqgi     sqgi                          [.] SQObjectPtr::operator= (inlined)
            |
            ---SQObjectPtr::operator= (inlined)

     5.22%     2.80%  sqgi     sqgi                          [.] SQVM::Return
            |          
            |--2.80%--__libc_start_call_main
            |          __libc_start_call_main
            |          main
            |          sq_call
            |          SQVM::Execute
            |          sqjit_try_execute_current
            |          SQVM::Return
            |          
             --2.42%--SQVM::Return
                       SQVM::LeaveFrame

     4.44%     0.00%  sqgi     sqgi                          [.] SQArray::Get (inlined)
            |
            ---SQArray::Get (inlined)
               |          
                --3.65%--SQArray::Get (inlined)

     3.99%     3.20%  sqgi     sqgi                          [.] sqjit_try_execute_current_loop
            |          
             --3.20%--__libc_start_call_main
                       __libc_start_call_main
                       main
                       sq_call
                       SQVM::Execute
                       sqjit_try_execute_current_loop

     3.40%     2.49%  sqgi     sqgi                          [.] SQVM::StartCall
            |          
             --2.49%--__libc_start_call_main
                       __libc_start_call_main
                       main
                       sq_call
                       SQVM::Execute
                       SQVM::StartCall

     2.98%     2.80%  sqgi     sqgi                          [.] sqjit_try_execute_closure
            |          
             --2.80%--__libc_start_call_main
                       __libc_start_call_main
                       main
                       sq_call
                       SQVM::Execute
                       sqjit_try_execute_closure

     2.97%     1.22%  sqgi     sqgi                          [.] SQVM::CMP_OP
     2.42%     2.42%  sqgi     sqgi                          [.] SQVM::LeaveFrame
            |
            ---__libc_start_call_main
               __libc_start_call_main
               main
               sq_call
               SQVM::Execute
               sqjit_try_execute_current
               SQVM::Return
               SQVM::LeaveFrame

     2.25%     0.00%  sqgi     [JIT] tid 725038              [.] 0x0000ffffb19fb047
            |
            ---0xffffb19fb047

     2.07%     1.88%  sqgi     sqgi                          [.] sqjit_on_function_enter


#
# (Cannot load tips.txt file, please install perf!)
#
