BENCH	transfer_table	200000	0.405125000	141925
BENCH	transfer_class	200000	0.418200000	141925
BENCH	transfer_mixed	200000	0.420355000	141925
BENCH	publish_table	200000	0.359380000	410680
BENCH	publish_class	200000	0.369305000	410680
BENCH	publish_mixed	200000	0.369960000	410680
BENCH	transfer_table	200000	0.405390000	141925
BENCH	transfer_class	200000	0.418475000	141925
BENCH	transfer_mixed	200000	0.420005000	141925
BENCH	publish_table	200000	0.359225000	410680
BENCH	publish_class	200000	0.369140000	410680
BENCH	publish_mixed	200000	0.371070000	410680
BENCH	transfer_table	200000	0.405680000	141925
BENCH	transfer_class	200000	0.418600000	141925
BENCH	transfer_mixed	200000	0.421295000	141925
BENCH	publish_table	200000	0.360635000	410680
BENCH	publish_class	200000	0.369085000	410680
BENCH	publish_mixed	200000	0.372195000	410680
3304.50;msec;task-clock:u;0.07%;3304501069;100.00;0.997;CPUs utilized
7516951631;;cycles:u;0.03%;3304808207;100.00;2.272;GHz
21781408942;;instructions:u;0.00%;3304808207;100.00;2.90;insn per cycle
2305979;;branch-misses:u;1.78%;3304808207;100.00;;
8974308653;;cache-references:u;0.02%;3304808207;100.00;2.713;G/sec
296082;;cache-misses:u;22.40%;3304808207;100.00;0.003;of all cache refs
795;;page-faults:u;0.04%;3304501069;100.00;240.303;/sec
0;;context-switches:u;0.00%;3304501069;100.00;0.000;/sec
