BENCH	table_owners_1	200000	0.122985000	5098276961
BENCH	table_owners_2	200000	0.122140000	5098477602
BENCH	table_owners_5	200000	0.122505000	5097878556
BENCH	table_owners_19	200000	0.122230000	5098684496
BENCH	table_owners_257	200000	0.122525000	5100408060
BENCH	class_owners_1	200000	0.122515000	5098276961
BENCH	class_owners_2	200000	0.122480000	5098477602
BENCH	class_owners_5	200000	0.122595000	5097878556
BENCH	class_owners_19	200000	0.122210000	5098684496
BENCH	class_owners_257	200000	0.122585000	5100408060
BENCH	table_owners_1	200000	0.122875000	5098276961
BENCH	table_owners_2	200000	0.122960000	5098477602
BENCH	table_owners_5	200000	0.123225000	5097878556
BENCH	table_owners_19	200000	0.123250000	5098684496
BENCH	table_owners_257	200000	0.122835000	5100408060
BENCH	class_owners_1	200000	0.122855000	5098276961
BENCH	class_owners_2	200000	0.122875000	5098477602
BENCH	class_owners_5	200000	0.122860000	5097878556
BENCH	class_owners_19	200000	0.122865000	5098684496
BENCH	class_owners_257	200000	0.123150000	5100408060
BENCH	table_owners_1	200000	0.122555000	5098276961
BENCH	table_owners_2	200000	0.122910000	5098477602
BENCH	table_owners_5	200000	0.122835000	5097878556
BENCH	table_owners_19	200000	0.123040000	5098684496
BENCH	table_owners_257	200000	0.122880000	5100408060
BENCH	class_owners_1	200000	0.122530000	5098276961
BENCH	class_owners_2	200000	0.122545000	5098477602
BENCH	class_owners_5	200000	0.122440000	5097878556
BENCH	class_owners_19	200000	0.122630000	5098684496
BENCH	class_owners_257	200000	0.122860000	5100408060
1759.05;msec;task-clock:u;0.30%;1759046622;100.00;1.003;CPUs utilized
3941047214;;cycles:u;0.12%;1759381748;100.00;2.254;GHz
12236252777;;instructions:u;0.00%;1759381748;100.00;3.10;insn per cycle
141292;;branch-misses:u;1.14%;1759381748;100.00;;
4757068179;;cache-references:u;0.01%;1759381748;100.00;2.720;G/sec
355391;;cache-misses:u;11.27%;1759381748;100.00;0.007;of all cache refs
786;;page-faults:u;0.04%;1759046622;100.00;449.491;/sec
0;;context-switches:u;0.00%;1759046622;100.00;0.000;/sec
