# To display the perf.data header info, please use --header/--header-only options.
#
#
# Total Lost Samples: 0
#
# Samples: 214  of event 'cycles:u'
# Event count (approx.): 871647961
#
# Children      Self  Command  Shared Object          Symbol                                                                                                                                                         
# ........  ........  .......  .....................  ...............................................................................................................................................................
#
    24.57%     0.00%  sqgi     [JIT] tid 724944       [.] 0x0000ffffb8144207
            |
            ---0xffffb8144207
               |          
               |--20.39%--0xffffb8144207
               |          sqjit_a64_helper_member_set_reference_logged
               |          |          
               |          |--8.89%--sqjit_a64_member_store_slot (inlined)
               |          |          sqjit_a64_member_store_slot (inlined)
               |          |          |          
               |          |           --8.37%--sqjit_a64_resolve_store_slot (inlined)
               |          |                     |          
               |          |                     |--6.27%--sq_member_raw_slot (inlined)
               |          |                     |          SQTable::GetRawSlot (inlined)
               |          |                     |          |          
               |          |                     |           --5.23%--SQTable::_Get (inlined)
               |          |                     |          
               |          |                      --2.09%--sqjit_a64_resolve_root_store_slot
               |          |          
               |           --8.88%--sqjit_a64_helper_member_set_reference_logged
               |                     SQJitWriteLog::RecordMember
               |                     |          
               |                     |--5.75%--SQJitWriteLog::ContainsMember<true> (inlined)
               |                     |          |          
               |                     |           --2.61%--SQJitWriteLog::ContainsMember<true>(SQObjectPtr const&, SQObjectPtr const&, SQObjectPtr const&) const::{lambda(SQJitWriteLog::Entry const&)#1}::operator() (inlined)
               |                     |          
               |                      --2.61%--SQJitWriteLog::CanRelease
               |          
                --2.61%--0xffffb8144280

    24.57%    12.03%  sqgi     sqgi                   [.] sqjit_a64_helper_member_set_integer_logged
            |          
            |--12.54%--sqjit_a64_helper_member_set_integer_logged
            |          |          
            |          |--8.36%--sqjit_a64_helper_member_set_integer_logged
            |          |          SQJitWriteLog::RecordMember
            |          |          |          
            |          |          |--5.23%--SQJitWriteLog::ContainsMember<false> (inlined)
            |          |          |          |          
            |          |          |           --2.62%--SQJitWriteLog::ContainsMember<false>(SQObjectPtr const&, SQObjectPtr const&, SQObjectPtr const&) const::{lambda(SQJitWriteLog::Entry const&)#1}::operator() (inlined)
            |          |          |          
            |          |           --2.09%--SQJitWriteLog::CanRelease
            |          |          
            |           --3.66%--sqjit_a64_member_store_slot (inlined)
            |                     sqjit_a64_member_store_slot (inlined)
            |                     sqjit_a64_helper_member_set_integer_logged
            |                     sqjit_a64_resolve_root_store_slot
            |                     |          
            |                      --2.09%--SQTable::GetRawSlot (inlined)
            |          
            |--8.37%--0xffffb81451f7
            |          0xffffb81451f7
            |          sqjit_a64_helper_member_set_integer_logged
            |          |          
            |           --3.66%--sqjit_a64_member_store_slot (inlined)
            |                     sqjit_a64_member_store_slot (inlined)
            |                     |          
            |                      --3.14%--sqjit_a64_resolve_store_slot (inlined)
            |                                sq_member_raw_slot (inlined)
            |                                |          
            |                                 --2.61%--SQTable::GetRawSlot (inlined)
            |                                           SQTable::_Get (inlined)
            |          
             --3.66%--0xffffb81431db
                       0xffffb81431db
                       sqjit_a64_helper_member_set_integer_logged
                       |          
                        --2.61%--sqjit_a64_member_store_slot (inlined)
                                  sqjit_a64_member_store_slot (inlined)
                                  sqjit_a64_resolve_store_slot (inlined)
                                  |          
                                   --2.09%--sq_member_raw_slot (inlined)

    24.02%    10.62%  sqgi     sqgi                   [.] sqjit_a64_helper_member_closure_guard
            |          
            |--13.39%--sqjit_a64_helper_member_closure_guard
            |          sqjit_a64_helper_member_closure_guard
            |          sqjit_a64_borrow_member_ptr_value
            |          |          
            |           --8.73%--SQTable::GetRawSlot (inlined)
            |                     |          
            |                      --7.69%--SQTable::_Get (inlined)
            |          
            |--3.14%--0xffffb814314f
            |          0xffffb814314f
            |          sqjit_a64_helper_member_closure_guard
            |          
            |--2.78%--0xffffb814616b
            |          0xffffb814616b
            |          sqjit_a64_helper_member_closure_guard
            |          
            |--2.61%--0xffffb814414b
            |          0xffffb814414b
            |          sqjit_a64_helper_member_closure_guard
            |          
             --2.09%--0xffffb814516b
                       0xffffb814516b
                       sqjit_a64_helper_member_closure_guard

    23.78%    15.37%  sqgi     sqgi                   [.] SQJitWriteLog::RecordMember
            |          
            |--8.41%--SQJitWriteLog::RecordMember
            |          |          
            |           --7.36%--SQJitWriteLog::CanRelease
            |          
            |--5.23%--0xffffb8144207
            |          0xffffb8144207
            |          sqjit_a64_helper_member_set_reference_logged
            |          sqjit_a64_helper_member_set_reference_logged
            |          SQJitWriteLog::RecordMember
            |          |          
            |           --4.70%--SQJitWriteLog::ContainsMember<true> (inlined)
            |                     |          
            |                      --2.61%--SQJitWriteLog::ContainsMember<true>(SQObjectPtr const&, SQObjectPtr const&, SQObjectPtr const&) const::{lambda(SQJitWriteLog::Entry const&)#1}::operator() (inlined)
            |          
            |--4.18%--0xffffb81431db
            |          0xffffb81431db
            |          sqjit_a64_helper_member_set_integer_logged
            |          sqjit_a64_helper_member_set_integer_logged
            |          SQJitWriteLog::RecordMember
            |          |          
            |           --3.14%--SQJitWriteLog::ContainsMember<false> (inlined)
            |          
            |--3.87%--0xffffb8146223
            |          0xffffb8146223
            |          sqjit_a64_helper_instance_field_set_integer_logged
            |          sqjit_a64_helper_instance_field_set_integer_logged
            |          SQJitWriteLog::RecordMember
            |          |          
            |           --2.83%--SQJitWriteLog::ContainsMember<false> (inlined)
            |          
             --2.09%--0xffffb81451f7
                       0xffffb81451f7
                       sqjit_a64_helper_member_set_integer_logged
                       sqjit_a64_helper_member_set_integer_logged
                       SQJitWriteLog::RecordMember
                       SQJitWriteLog::ContainsMember<false> (inlined)

    20.39%     9.41%  sqgi     sqgi                   [.] sqjit_a64_helper_member_set_reference_logged
            |          
            |--10.98%--sqjit_a64_helper_member_set_reference_logged
            |          |          
            |          |--8.88%--sqjit_a64_helper_member_set_reference_logged
            |          |          SQJitWriteLog::RecordMember
            |          |          |          
            |          |          |--5.75%--SQJitWriteLog::ContainsMember<true> (inlined)
            |          |          |          |          
            |          |          |           --2.61%--SQJitWriteLog::ContainsMember<true>(SQObjectPtr const&, SQObjectPtr const&, SQObjectPtr const&) const::{lambda(SQJitWriteLog::Entry const&)#1}::operator() (inlined)
            |          |          |          
            |          |           --2.61%--SQJitWriteLog::CanRelease
            |          |          
            |           --2.09%--sqjit_a64_member_store_slot (inlined)
            |                     sqjit_a64_member_store_slot (inlined)
            |                     sqjit_a64_resolve_store_slot (inlined)
            |                     sqjit_a64_resolve_root_store_slot
            |          
             --9.41%--0xffffb8144207
                       0xffffb8144207
                       sqjit_a64_helper_member_set_reference_logged
                       |          
                        --6.80%--sqjit_a64_member_store_slot (inlined)
                                  sqjit_a64_member_store_slot (inlined)
                                  |          
                                   --6.27%--sqjit_a64_resolve_store_slot (inlined)
                                             sq_member_raw_slot (inlined)
                                             SQTable::GetRawSlot (inlined)
                                             |          
                                              --5.23%--SQTable::_Get (inlined)

    15.16%     0.00%  sqgi     [JIT] tid 724944       [.] 0x0000ffffb81451f7
            |
            ---0xffffb81451f7
               |          
                --14.11%--0xffffb81451f7
                          sqjit_a64_helper_member_set_integer_logged
                          |          
                          |--6.27%--sqjit_a64_member_store_slot (inlined)
                          |          sqjit_a64_member_store_slot (inlined)
                          |          |          
                          |          |--3.14%--sqjit_a64_resolve_store_slot (inlined)
                          |          |          sq_member_raw_slot (inlined)
                          |          |          |          
                          |          |           --2.61%--SQTable::GetRawSlot (inlined)
                          |          |                     SQTable::_Get (inlined)
                          |          |          
                          |           --2.61%--sqjit_a64_helper_member_set_integer_logged
                          |                     sqjit_a64_resolve_root_store_slot
                          |          
                           --3.14%--sqjit_a64_helper_member_set_integer_logged
                                     SQJitWriteLog::RecordMember
                                     |          
                                      --2.09%--SQJitWriteLog::ContainsMember<false> (inlined)

    13.39%    13.39%  sqgi     sqgi                   [.] sqjit_a64_borrow_member_ptr_value
            |          
            |--6.08%--0xffffb814616b
            |          0xffffb814616b
            |          sqjit_a64_helper_member_closure_guard
            |          sqjit_a64_helper_member_closure_guard
            |          sqjit_a64_borrow_member_ptr_value
            |          |          
            |           --4.55%--SQTable::GetRawSlot (inlined)
            |                     |          
            |                      --4.03%--SQTable::_Get (inlined)
            |          
            |--3.13%--0xffffb814314f
            |          0xffffb814314f
            |          sqjit_a64_helper_member_closure_guard
            |          sqjit_a64_helper_member_closure_guard
            |          sqjit_a64_borrow_member_ptr_value
            |          
             --2.61%--0xffffb814516b
                       0xffffb814516b
                       sqjit_a64_helper_member_closure_guard
                       sqjit_a64_helper_member_closure_guard
                       sqjit_a64_borrow_member_ptr_value

    12.55%     0.00%  sqgi     [JIT] tid 724944       [.] 0x0000ffffb81431db
            |
            ---0xffffb81431db
               |          
                --10.45%--0xffffb81431db
                          sqjit_a64_helper_member_set_integer_logged
                          |          
                          |--5.23%--sqjit_a64_helper_member_set_integer_logged
                          |          SQJitWriteLog::RecordMember
                          |          |          
                          |           --3.14%--SQJitWriteLog::ContainsMember<false> (inlined)
                          |          
                           --3.66%--sqjit_a64_member_store_slot (inlined)
                                     sqjit_a64_member_store_slot (inlined)
                                     |          
                                      --2.61%--sqjit_a64_resolve_store_slot (inlined)
                                                |          
                                                 --2.09%--sq_member_raw_slot (inlined)

    10.98%     0.00%  sqgi     [JIT] tid 724944       [.] 0x0000ffffb814314f
            |
            ---0xffffb814314f
               |          
               |--6.27%--0xffffb814314f
               |          sqjit_a64_helper_member_closure_guard
               |          |          
               |           --3.13%--sqjit_a64_helper_member_closure_guard
               |                     sqjit_a64_borrow_member_ptr_value
               |          
                --2.62%--0xffffb81431c0

    10.10%     0.00%  sqgi     [JIT] tid 724944       [.] 0x0000ffffb8146223
            |
            ---0xffffb8146223
               |          
                --8.55%--0xffffb8146223
                          sqjit_a64_helper_instance_field_set_integer_logged
                          |          
                           --6.53%--sqjit_a64_helper_instance_field_set_integer_logged
                                     SQJitWriteLog::RecordMember
                                     |          
                                     |--2.83%--SQJitWriteLog::ContainsMember<false> (inlined)
                                     |          
                                      --2.66%--SQJitWriteLog::CanRelease

     9.93%     0.00%  sqgi     sqgi                   [.] sqjit_a64_member_store_slot (inlined)
            |
            ---sqjit_a64_member_store_slot (inlined)
               sqjit_a64_member_store_slot (inlined)
               |          
               |--5.75%--sqjit_a64_resolve_store_slot (inlined)
               |          |          
               |           --5.22%--sq_member_raw_slot (inlined)
               |                     |          
               |                      --4.18%--SQTable::GetRawSlot (inlined)
               |                                SQTable::_Get (inlined)
               |          
                --3.66%--sqjit_a64_helper_member_set_integer_logged
                          sqjit_a64_resolve_root_store_slot
                          |          
                           --2.09%--SQTable::GetRawSlot (inlined)

     9.90%     0.00%  sqgi     [JIT] tid 724944       [.] 0x0000ffffb814616b
            |
            ---0xffffb814616b
               |          
                --8.86%--0xffffb814616b
                          sqjit_a64_helper_member_closure_guard
                          |          
                           --6.08%--sqjit_a64_helper_member_closure_guard
                                     sqjit_a64_borrow_member_ptr_value
                                     |          
                                      --4.55%--SQTable::GetRawSlot (inlined)
                                                |          
                                                 --4.03%--SQTable::_Get (inlined)

     8.89%     0.00%  sqgi     sqgi                   [.] sqjit_a64_member_store_slot (inlined)
            |
            ---sqjit_a64_member_store_slot (inlined)
               sqjit_a64_member_store_slot (inlined)
               |          
                --8.37%--sqjit_a64_resolve_store_slot (inlined)
                          |          
                          |--6.27%--sq_member_raw_slot (inlined)
                          |          SQTable::GetRawSlot (inlined)
                          |          |          
                          |           --5.23%--SQTable::_Get (inlined)
                          |          
                           --2.09%--sqjit_a64_resolve_root_store_slot

     8.73%     0.00%  sqgi     sqgi                   [.] SQTable::GetRawSlot (inlined)
            |
            ---SQTable::GetRawSlot (inlined)
               |          
                --7.69%--SQTable::_Get (inlined)

     8.55%     1.61%  sqgi     sqgi                   [.] sqjit_a64_helper_instance_field_set_integer_logged
            |          
             --6.95%--sqjit_a64_helper_instance_field_set_integer_logged
                       |          
                        --6.53%--sqjit_a64_helper_instance_field_set_integer_logged
                                  SQJitWriteLog::RecordMember
                                  |          
                                  |--2.83%--SQJitWriteLog::ContainsMember<false> (inlined)
                                  |          
                                   --2.66%--SQJitWriteLog::CanRelease

     8.37%     0.00%  sqgi     sqgi                   [.] sqjit_a64_resolve_store_slot (inlined)
            |
            ---sqjit_a64_resolve_store_slot (inlined)
               |          
               |--6.27%--sq_member_raw_slot (inlined)
               |          SQTable::GetRawSlot (inlined)
               |          |          
               |           --5.23%--SQTable::_Get (inlined)
               |          
                --2.09%--sqjit_a64_resolve_root_store_slot

     8.06%     0.00%  sqgi     sqgi                   [.] SQJitWriteLog::ContainsMember<false> (inlined)
            |
            ---SQJitWriteLog::ContainsMember<false> (inlined)
               |          
                --3.37%--SQJitWriteLog::ContainsMember<false>(SQObjectPtr const&, SQObjectPtr const&, SQObjectPtr const&) const::{lambda(SQJitWriteLog::Entry const&)#1}::operator() (inlined)

     7.84%     0.00%  sqgi     [JIT] tid 724944       [.] 0x0000ffffb814516b
            |
            ---0xffffb814516b
               |          
                --4.70%--0xffffb814516b
                          sqjit_a64_helper_member_closure_guard
                          |          
                           --2.61%--sqjit_a64_helper_member_closure_guard
                                     sqjit_a64_borrow_member_ptr_value

     7.69%     0.00%  sqgi     sqgi                   [.] SQTable::_Get (inlined)
            |
            ---SQTable::_Get (inlined)

     7.36%     7.36%  sqgi     sqgi                   [.] SQJitWriteLog::CanRelease
            |          
            |--2.66%--0xffffb8146223
            |          0xffffb8146223
            |          sqjit_a64_helper_instance_field_set_integer_logged
            |          sqjit_a64_helper_instance_field_set_integer_logged
            |          SQJitWriteLog::RecordMember
            |          SQJitWriteLog::CanRelease
            |          
             --2.61%--0xffffb8144207
                       0xffffb8144207
                       sqjit_a64_helper_member_set_reference_logged
                       sqjit_a64_helper_member_set_reference_logged
                       SQJitWriteLog::RecordMember
                       SQJitWriteLog::CanRelease

     6.80%     0.00%  sqgi     [JIT] tid 724944       [.] 0x0000ffffb814414b
            |
            ---0xffffb814414b
               |          
               |--4.18%--0xffffb814414b
               |          sqjit_a64_helper_member_closure_guard
               |          
                --2.09%--0xffffb81441ac

     6.27%     0.00%  sqgi     sqgi                   [.] sq_member_raw_slot (inlined)
            |
            ---sq_member_raw_slot (inlined)
               SQTable::GetRawSlot (inlined)
               |          
                --5.23%--SQTable::_Get (inlined)

     6.27%     0.00%  sqgi     sqgi                   [.] SQTable::GetRawSlot (inlined)
            |
            ---SQTable::GetRawSlot (inlined)
               |          
                --5.23%--SQTable::_Get (inlined)

     5.75%     0.00%  sqgi     sqgi                   [.] SQJitWriteLog::ContainsMember<true> (inlined)
            |
            ---SQJitWriteLog::ContainsMember<true> (inlined)
               |          
                --2.61%--SQJitWriteLog::ContainsMember<true>(SQObjectPtr const&, SQObjectPtr const&, SQObjectPtr const&) const::{lambda(SQJitWriteLog::Entry const&)#1}::operator() (inlined)

     5.75%     5.75%  sqgi     sqgi                   [.] sqjit_a64_resolve_root_store_slot
            |          
            |--2.61%--0xffffb81451f7
            |          0xffffb81451f7
            |          sqjit_a64_helper_member_set_integer_logged
            |          sqjit_a64_member_store_slot (inlined)
            |          sqjit_a64_member_store_slot (inlined)
            |          sqjit_a64_helper_member_set_integer_logged
            |          sqjit_a64_resolve_root_store_slot
            |          
             --2.09%--0xffffb8144207
                       0xffffb8144207
                       sqjit_a64_helper_member_set_reference_logged
                       sqjit_a64_member_store_slot (inlined)
                       sqjit_a64_member_store_slot (inlined)
                       sqjit_a64_resolve_store_slot (inlined)
                       sqjit_a64_resolve_root_store_slot

     5.75%     0.00%  sqgi     sqgi                   [.] sqjit_a64_resolve_store_slot (inlined)
            |
            ---sqjit_a64_resolve_store_slot (inlined)
               |          
                --5.22%--sq_member_raw_slot (inlined)
                          |          
                           --4.18%--SQTable::GetRawSlot (inlined)
                                     SQTable::_Get (inlined)

     5.23%     0.00%  sqgi     sqgi                   [.] SQTable::_Get (inlined)
            |
            ---SQTable::_Get (inlined)

     5.22%     0.00%  sqgi     sqgi                   [.] sq_member_raw_slot (inlined)
            |
            ---sq_member_raw_slot (inlined)
               |          
                --4.18%--SQTable::GetRawSlot (inlined)
                          SQTable::_Get (inlined)

     5.22%     0.00%  sqgi     sqgi                   [.] SQTable::GetRawSlot (inlined)
            |
            ---SQTable::GetRawSlot (inlined)
               |          
                --4.18%--SQTable::_Get (inlined)

     4.18%     0.00%  sqgi     sqgi                   [.] SQTable::_Get (inlined)
            |
            ---SQTable::_Get (inlined)

     3.37%     0.00%  sqgi     sqgi                   [.] SQJitWriteLog::ContainsMember<false>(SQObjectPtr const&, SQObjectPtr const&, SQObjectPtr const&) const::{lambda(SQJitWriteLog::Entry const&)#1}::operator() (inlined)
            |
            ---SQJitWriteLog::ContainsMember<false>(SQObjectPtr const&, SQObjectPtr const&, SQObjectPtr const&) const::{lambda(SQJitWriteLog::Entry const&)#1}::operator() (inlined)

     3.13%     0.00%  sqgi     sqgi                   [.] SQTable::GetRawSlot (inlined)
            |
            ---SQTable::GetRawSlot (inlined)

     2.62%     2.62%  sqgi     [JIT] tid 724944       [.] 0x0000ffffb81431c0
            |
            ---0xffffb814314f
               0xffffb81431c0

     2.61%     2.61%  sqgi     [JIT] tid 724944       [.] 0x0000ffffb8144280
            |
            ---0xffffb8144207
               0xffffb8144280

     2.61%     0.00%  sqgi     sqgi                   [.] SQJitWriteLog::ContainsMember<true>(SQObjectPtr const&, SQObjectPtr const&, SQObjectPtr const&) const::{lambda(SQJitWriteLog::Entry const&)#1}::operator() (inlined)
            |
            ---SQJitWriteLog::ContainsMember<true>(SQObjectPtr const&, SQObjectPtr const&, SQObjectPtr const&) const::{lambda(SQJitWriteLog::Entry const&)#1}::operator() (inlined)

     2.09%     0.00%  sqgi     sqgi                   [.] sqjit_a64_store_resolved_member (inlined)
            |
            ---sqjit_a64_store_resolved_member (inlined)

     2.09%     2.09%  sqgi     [JIT] tid 724944       [.] 0x0000ffffb81441ac
            |
            ---0xffffb814414b
               0xffffb81441ac



#
# (Cannot load tips.txt file, please install perf!)
#
