BENCH	receiver_integer	200000	0.054305000	595177
BENCH	root_integer	200000	0.063815000	595177
BENCH	root_reference	200000	0.089975000	799457
BENCH	root_integer_result	200000	0.065630000	795177
BENCH	receiver_integer	200000	0.054380000	595177
BENCH	root_integer	200000	0.063560000	595177
BENCH	root_reference	200000	0.086130000	799457
BENCH	root_integer_result	200000	0.065440000	795177
BENCH	receiver_integer	200000	0.054750000	595177
BENCH	root_integer	200000	0.063600000	595177
BENCH	root_reference	200000	0.085510000	799457
BENCH	root_integer_result	200000	0.065565000	795177
399.01;msec;task-clock:u;1.49%;399011957;100.00;0.980;CPUs utilized
883164017;;cycles:u;0.47%;399022166;100.00;2.188;GHz
2938340160;;instructions:u;0.15%;399022166;100.00;3.32;insn per cycle
229660;;branch-misses:u;45.39%;399022166;100.00;;
1009919754;;cache-references:u;0.43%;399022166;100.00;2.502;G/sec
198260;;cache-misses:u;0.99%;399022166;100.00;0.020;of all cache refs
782;;page-faults:u;0.04%;399011957;100.00;1.937;K/sec
0;;context-switches:u;0.00%;399011957;100.00;0.000;/sec
