Round 1/5: v25; 10 checksums match
Round 1/5: v26; 10 checksums match
Round 1/5: v26_repeat; 10 checksums match
Round 1/5: node; 10 checksums match
Round 2/5: v26; 10 checksums match
Round 2/5: v26_repeat; 10 checksums match
Round 2/5: node; 10 checksums match
Round 2/5: v25; 10 checksums match
Round 3/5: v26_repeat; 10 checksums match
Round 3/5: node; 10 checksums match
Round 3/5: v25; 10 checksums match
Round 3/5: v26; 10 checksums match
Round 4/5: node; 10 checksums match
Round 4/5: v25; 10 checksums match
Round 4/5: v26; 10 checksums match
Round 4/5: v26_repeat; 10 checksums match
Round 5/5: v25; 10 checksums match
Round 5/5: v26; 10 checksums match
Round 5/5: v26_repeat; 10 checksums match
Round 5/5: node; 10 checksums match
table_owners_1: v25 140.51 ns, v26 122.08 ns, v26_repeat 122.04 ns, node 8.80 ns
table_owners_2: v25 140.36 ns, v26 122.34 ns, v26_repeat 122.20 ns, node 8.79 ns
table_owners_5: v25 140.33 ns, v26 122.38 ns, v26_repeat 122.17 ns, node 8.32 ns
table_owners_19: v25 140.33 ns, v26 122.47 ns, v26_repeat 122.19 ns, node 8.36 ns
table_owners_257: v25 140.83 ns, v26 122.33 ns, v26_repeat 122.15 ns, node 8.87 ns
class_owners_1: v25 140.45 ns, v26 122.20 ns, v26_repeat 122.15 ns, node 8.34 ns
class_owners_2: v25 140.60 ns, v26 122.11 ns, v26_repeat 122.29 ns, node 8.31 ns
class_owners_5: v25 140.77 ns, v26 122.48 ns, v26_repeat 122.27 ns, node 8.13 ns
class_owners_19: v25 140.91 ns, v26 122.36 ns, v26_repeat 122.55 ns, node 8.12 ns
class_owners_257: v25 140.77 ns, v26 122.61 ns, v26_repeat 122.52 ns, node 8.43 ns
