{
  "methods-pilot-w5": {
    "geomean": {
      "v28": 0.9994431123136195,
      "v28_repeat": 0.9982447875211466
    },
    "regressions_over_5pct": {},
    "result_sha256": "3f05481167de43329ff2b4b0a59de312295c5ba023cbe18a6c4c37b370fa321a"
  },
  "members-pilot-w5": {
    "geomean": {
      "v28": 0.9770696177420879,
      "v28_repeat": 0.977160944380746
    },
    "regressions_over_5pct": {},
    "result_sha256": "693b1cc28213bda24fbcaaab0d37cc46b80e05e5c3120b5703202eb9d3152690"
  },
  "owners-pilot-w5": {
    "geomean": {
      "v28": 1.0040381237302478,
      "v28_repeat": 1.004174067505638
    },
    "regressions_over_5pct": {},
    "result_sha256": "50fc0aa89aa449e499e7333fb959d5e32c8471ac172ef18a0d67ad566c13d0fa"
  },
  "methods-pilot-w4": {
    "geomean": {
      "v28": 0.9984352607619227,
      "v28_repeat": 0.9985495052260622
    },
    "regressions_over_5pct": {},
    "result_sha256": "8509a62b0d65f00e9768ed9cc1591d8e9b97f249585d8f205a70cb06eb4b05ff"
  },
  "members-pilot-w4": {
    "geomean": {
      "v28": 0.9762445696015922,
      "v28_repeat": 0.9751215519853179
    },
    "regressions_over_5pct": {},
    "result_sha256": "9355825364991a320790ed45e6d6afb5de2fc2935c9b0d97b1f05f894514752c"
  },
  "owners-pilot-w4": {
    "geomean": {
      "v28": 0.9983141556314217,
      "v28_repeat": 0.9987805082021358
    },
    "regressions_over_5pct": {},
    "result_sha256": "8eb7bd397191982e96f4ac62bbee8266b3033ab5063d820c8347d1c01348cb55"
  }
}
