Internal ctest changing into directory: /tmp/sqgi-scalar-leaf-20260909
UpdateCTestConfiguration  from :/tmp/sqgi-scalar-leaf-20260909/DartConfiguration.tcl
UpdateCTestConfiguration  from :/tmp/sqgi-scalar-leaf-20260909/DartConfiguration.tcl
Test project /tmp/sqgi-scalar-leaf-20260909
Constructing a list of tests
Done constructing a list of tests
Updating test list for fixtures
Added 0 tests to meet fixture requirements
Checking test dependency graph...
Checking test dependency graph end
test 88
    Start 88: sqgi_test_cpp_sqjit_side_exit

88: Test command: /tmp/sqgi-scalar-leaf-20260909/sqgi_test_cpp_sqjit_side_exit
88: Working Directory: /home/sam/Programming/sqgi
88: Environment variables: 
88:  LD_LIBRARY_PATH=/tmp/sqgi-scalar-leaf-20260909/Squirrel3/squirrel:/tmp/sqgi-scalar-leaf-20260909/Squirrel3/sqstdlib:/tmp/sqgi-scalar-leaf-20260909
88:  SQGI_BIN=/tmp/sqgi-scalar-leaf-20260909/sqgi
88:  ASAN_OPTIONS=detect_leaks=1:halt_on_error=1:abort_on_error=0
88: Test timeout computed to be: 30
88: FAIL: the executed artifact combines shared calls with native arithmetic, not the helper-only tier
88: [coverage] executed AArch64 shared precise helper contracts
88: [coverage] executed AArch64 cold literal lookup contracts
88: [coverage] executed AArch64 owning post-increment contracts
88: [coverage] executed AArch64 repeated receiver publication contracts
88: [coverage] executed AArch64 precise length and equality contracts
88: [coverage] executed 15 AArch64 generated-code groups
1/1 Test #88: sqgi_test_cpp_sqjit_side_exit ....***Failed    0.05 sec

0% tests passed, 1 tests failed out of 1

Label Time Summary:
jit    =   0.05 sec*proc (1 test)

Total Test time (real) =   0.06 sec

The following tests FAILED:
	 88 - sqgi_test_cpp_sqjit_side_exit (Failed)
Errors while running CTest
Output from these tests are in: /tmp/sqgi-scalar-leaf-20260909/Testing/Temporary/LastTest.log
Use "--rerun-failed --output-on-failure" to re-run the failed cases verbosely.
