{
  "verified": true,
  "binary_sha256": "ef6bbeab6b37097be7e2314d6f71067f797ce34bdb40a9c0ddc8454bbd608330",
  "rows": {
    "table_apply": {
      "native_entries": 38,
      "before_bytes": 3940,
      "after_bytes": 3940,
      "normalized_equal": true,
      "successful_emission": {
        "tier": 6,
        "owning_postincrement": 0,
        "cold_lookups": 1,
        "shared_helpers": 0
      },
      "attempts": [
        {
          "tier": 6,
          "owning_postincrement": 0,
          "cold_lookups": 1,
          "shared_helpers": 0
        }
      ]
    },
    "apply": {
      "native_entries": 38,
      "before_bytes": 3940,
      "after_bytes": 3940,
      "normalized_equal": true,
      "successful_emission": {
        "tier": 6,
        "owning_postincrement": 0,
        "cold_lookups": 1,
        "shared_helpers": 0
      },
      "attempts": [
        {
          "tier": 6,
          "owning_postincrement": 0,
          "cold_lookups": 1,
          "shared_helpers": 0
        }
      ]
    },
    "rotate_buffers": {
      "native_entries": 4,
      "before_bytes": 7884,
      "after_bytes": 7408,
      "normalized_equal": false,
      "successful_emission": {
        "tier": 3,
        "owning_postincrement": 0,
        "cold_lookups": 0,
        "shared_helpers": 1
      },
      "attempts": [
        {
          "tier": 6,
          "owning_postincrement": 1,
          "cold_lookups": 0,
          "shared_helpers": 0
        },
        {
          "tier": 6,
          "owning_postincrement": 0,
          "cold_lookups": 0,
          "shared_helpers": 0
        },
        {
          "tier": 6,
          "owning_postincrement": 1,
          "cold_lookups": 0,
          "shared_helpers": 1
        },
        {
          "tier": 6,
          "owning_postincrement": 0,
          "cold_lookups": 0,
          "shared_helpers": 1
        },
        {
          "tier": 5,
          "owning_postincrement": 1,
          "cold_lookups": 0,
          "shared_helpers": 0
        },
        {
          "tier": 5,
          "owning_postincrement": 0,
          "cold_lookups": 0,
          "shared_helpers": 0
        },
        {
          "tier": 5,
          "owning_postincrement": 1,
          "cold_lookups": 0,
          "shared_helpers": 1
        },
        {
          "tier": 5,
          "owning_postincrement": 0,
          "cold_lookups": 0,
          "shared_helpers": 1
        },
        {
          "tier": 4,
          "owning_postincrement": 1,
          "cold_lookups": 0,
          "shared_helpers": 0
        },
        {
          "tier": 4,
          "owning_postincrement": 0,
          "cold_lookups": 0,
          "shared_helpers": 0
        },
        {
          "tier": 4,
          "owning_postincrement": 1,
          "cold_lookups": 0,
          "shared_helpers": 1
        },
        {
          "tier": 4,
          "owning_postincrement": 0,
          "cold_lookups": 0,
          "shared_helpers": 1
        },
        {
          "tier": 3,
          "owning_postincrement": 0,
          "cold_lookups": 0,
          "shared_helpers": 0
        },
        {
          "tier": 3,
          "owning_postincrement": 0,
          "cold_lookups": 0,
          "shared_helpers": 1
        }
      ]
    },
    "recycle": {
      "native_entries": 20,
      "before_bytes": 7344,
      "after_bytes": 7344,
      "normalized_equal": true,
      "successful_emission": {
        "tier": 6,
        "owning_postincrement": 1,
        "cold_lookups": 0,
        "shared_helpers": 0
      },
      "attempts": [
        {
          "tier": 6,
          "owning_postincrement": 1,
          "cold_lookups": 0,
          "shared_helpers": 0
        }
      ]
    },
    "transfer": {
      "native_entries": 114,
      "before_bytes": 3572,
      "after_bytes": 3572,
      "normalized_equal": true,
      "successful_emission": {
        "tier": 6,
        "owning_postincrement": 0,
        "cold_lookups": 1,
        "shared_helpers": 0
      },
      "attempts": [
        {
          "tier": 6,
          "owning_postincrement": 0,
          "cold_lookups": 1,
          "shared_helpers": 0
        }
      ]
    },
    "publish": {
      "native_entries": 114,
      "before_bytes": 2984,
      "after_bytes": 2984,
      "normalized_equal": true,
      "successful_emission": {
        "tier": 6,
        "owning_postincrement": 0,
        "cold_lookups": 1,
        "shared_helpers": 0
      },
      "attempts": [
        {
          "tier": 6,
          "owning_postincrement": 0,
          "cold_lookups": 1,
          "shared_helpers": 0
        }
      ]
    }
  },
  "metadata_sha256": "a2b8ac23e113a4b7cefe90fac9f613282edcd25ffe8da6e9858c1b1a5d6523c3",
  "log_sha256": "cff00253d430d3d71b0c91a0c159c24025c5b96fbf18b601d427c72a6766c9bf"
}
