Temporary breakpoint 1 at 0xe574
[Thread debugging using libthread_db enabled]
Using host libthread_db library "/lib/aarch64-linux-gnu/libthread_db.so.1".

Temporary breakpoint 1, 0x0000aaaaaaaae574 in main ()
STORE_HELPER_BREAKPOINTS 2
STORE_HELPER_HIT {'name': 'route_loop', 'ip': 7, 'base': 2, 'source': 4, 'source_type': 'OT_FLOAT', 'owner_type': 'OT_TABLE'}
STORE_HELPER_HIT {'name': 'route_straight', 'ip': 5, 'base': 2, 'source': 4, 'source_type': 'OT_FLOAT', 'owner_type': 'OT_TABLE'}
STORE_HELPER_HIT {'name': 'route_loop', 'ip': 7, 'base': 2, 'source': 4, 'source_type': 'OT_ARRAY', 'owner_type': 'OT_TABLE'}
STORE_HELPER_HIT {'name': 'route_straight', 'ip': 5, 'base': 2, 'source': 4, 'source_type': 'OT_ARRAY', 'owner_type': 'OT_TABLE'}
STORE_HELPER_HIT {'name': 'route_loop', 'ip': 7, 'base': 2, 'source': 4, 'source_type': 'OT_WEAKREF', 'owner_type': 'OT_TABLE'}
STORE_HELPER_HIT {'name': 'route_straight', 'ip': 5, 'base': 2, 'source': 4, 'source_type': 'OT_WEAKREF', 'owner_type': 'OT_TABLE'}
STORE_HELPER_HIT {'name': 'route_loop', 'ip': 7, 'base': 2, 'source': 4, 'source_type': 'OT_WEAKREF', 'owner_type': 'OT_TABLE'}
STORE_HELPER_HIT {'name': 'route_straight', 'ip': 5, 'base': 2, 'source': 4, 'source_type': 'OT_WEAKREF', 'owner_type': 'OT_TABLE'}
STORE_HELPER_HIT {'name': 'route_key', 'ip': 5, 'base': 2, 'source': 5, 'source_type': 'OT_ARRAY', 'owner_type': 'OT_TABLE'}
STORE_HELPER_HIT {'name': 'route_key', 'ip': 7, 'base': 2, 'source': 5, 'source_type': 'OT_ARRAY', 'owner_type': 'OT_TABLE'}
STORE_HELPER_HIT {'name': 'route_owner', 'ip': 5, 'base': 2, 'source': 5, 'source_type': 'OT_ARRAY', 'owner_type': 'OT_TABLE'}
STORE_HELPER_HIT {'name': 'route_owner', 'ip': 7, 'base': 2, 'source': 5, 'source_type': 'OT_ARRAY', 'owner_type': 'OT_TABLE'}
STORE_HELPER_HIT {'name': 'route_branch', 'ip': 7, 'base': 2, 'source': 4, 'source_type': 'OT_ARRAY', 'owner_type': 'OT_TABLE'}
STORE_HELPER_HIT {'name': 'route_branch', 'ip': 9, 'base': 2, 'source': 4, 'source_type': 'OT_ARRAY', 'owner_type': 'OT_TABLE'}
CACHE_PROOF_ROUTE_OK 20
[sqjit:stats] proto enters=22 hot=7 compile=7 success=5 fail=2
[sqjit:stats] proto exec attempts=22 success=20 guard_fail=0
[sqjit:stats] proto side_exits=0
[sqjit:stats] direct calls attempts=15 success=0 miss=15 guard_fail=0
[sqjit:stats] loops try=61 find_fail=18 compile=6 success=0 fail=6 exec=0 exec_success=0 guard_fail=0
[sqjit:stats] rejects=8 unique_reasons=2
[sqjit:stats] backoff proto=0 proto_skips=0 loop=0 loop_skips=0
[sqjit:stats] reject category count=6 category=loop
[sqjit:stats] reject category count=2 category=other
[sqjit:stats] reject reason count=2 reason=unsupported function shape or instruction limit
[sqjit:stats] reject reason count=6 reason=unsupported loop branch shape
[sqjit:stats] reject_site rank=1 proto=(nil) name=main source=/tmp/sqgi-precise-cache-proof-study/route/proofs.nut line=7 ip=33 count=3 reason=unsupported loop branch shape
[sqjit:stats] reject_site rank=2 proto=(nil) name=main source=/tmp/sqgi-precise-cache-proof-study/route/proofs.nut line=8 ip=36 count=2 reason=unsupported loop branch shape
[sqjit:stats] reject_site rank=3 proto=(nil) name=main source=<sqgi async bootstrap> line=-1 ip=-1 count=1 reason=unsupported function shape or instruction limit
[sqjit:stats] reject_site rank=4 proto=(nil) name=main source=/tmp/sqgi-precise-cache-proof-study/route/proofs.nut line=-1 ip=-1 count=1 reason=unsupported function shape or instruction limit
[sqjit:stats] reject_site rank=5 proto=(nil) name=main source=/tmp/sqgi-precise-cache-proof-study/route/proofs.nut line=19 ip=177 count=1 reason=unsupported loop branch shape
[Inferior 1 (process 588842) exited normally]
CACHE_PROOF_HELPERS_VERIFIED candidate 14
