[Thread debugging using libthread_db enabled]
Using host libthread_db library "/lib/aarch64-linux-gnu/libthread_db.so.1".
ALTERNATE_DEPENDENCY_FAULT_ARMED
ALTERNATE_INSTALLED_MAPPING_CLEANED
SQGI_NEW_FAULTS=1
BENCH	receiver_integer	1003	0.240279163	496815
BENCH	root_integer	1003	2.242273180	496815
BENCH	root_reference	1003	0.333998006	189940
BENCH	root_integer_result	1003	0.237288136	497818
[sqjit:stats] proto enters=3029 hot=9 compile=9 success=1 fail=8
[sqjit:stats] proto exec attempts=3029 success=3009 guard_fail=0
[sqjit:stats] proto side_exits=0
[sqjit:stats] direct calls attempts=3008 success=0 miss=3008 guard_fail=0
[sqjit:stats] loops try=3037 find_fail=6 compile=6 success=3 fail=3 exec=49 exec_success=9 guard_fail=40
[sqjit:stats] rejects=11 unique_reasons=7
[sqjit:stats] backoff proto=0 proto_skips=0 loop=5 loop_skips=2972
[sqjit:stats] reject category count=1 category=loop
[sqjit:stats] reject category count=1 category=array-append
[sqjit:stats] reject category count=3 category=member
[sqjit:stats] reject category count=3 category=call
[sqjit:stats] reject category count=1 category=resource
[sqjit:stats] reject category count=2 category=other
[sqjit:stats] reject reason count=2 reason=unsupported function shape or instruction limit
[sqjit:stats] reject reason count=1 reason=deferred CALL direct closure
[sqjit:stats] reject reason count=3 reason=unsupported PREPCALLK member
[sqjit:stats] reject reason count=1 reason=unsupported loop branch shape
[sqjit:stats] reject reason count=2 reason=unsupported CALL direct closure
[sqjit:stats] reject reason count=1 reason=alternate loop allocation failed
[sqjit:stats] reject reason count=1 reason=unsupported loop array append PREPCALLK
[sqjit:stats] loop_guard rank=1 proto=(nil) name=counter_work source=test/bench_root_workloads.nut line=26 ip=13 guard_fail=40 exec=43 exec_ok=3 compile=2 compile_ok=1 backoffs=5 skips=2972
[sqjit:stats] reject_site rank=1 proto=(nil) name=main source=<sqgi async bootstrap> line=-1 ip=-1 count=1 reason=unsupported function shape or instruction limit
[sqjit:stats] reject_site rank=2 proto=(nil) name=main source=test/bench_root_workloads.nut line=-1 ip=-1 count=1 reason=unsupported function shape or instruction limit
[sqjit:stats] reject_site rank=3 proto=(nil) name=<anonymous> source=test/bench_root_workloads.nut line=43 ip=3 count=1 reason=deferred CALL direct closure
[sqjit:stats] reject_site rank=4 proto=(nil) name=counter_work source=test/bench_root_workloads.nut line=26 ip=14 count=1 reason=unsupported PREPCALLK member
[sqjit:stats] reject_site rank=5 proto=(nil) name=main source=test/bench_root_workloads.nut line=50 ip=119 count=1 reason=unsupported loop branch shape
[sqjit:stats] reject_site rank=6 proto=(nil) name=<anonymous> source=test/bench_root_workloads.nut line=43 ip=3 count=1 reason=unsupported CALL direct closure
[sqjit:stats] reject_site rank=7 proto=(nil) name=<anonymous> source=test/bench_root_workloads.nut line=44 ip=3 count=1 reason=unsupported CALL direct closure
[sqjit:stats] reject_site rank=8 proto=(nil) name=counter_work source=test/bench_root_workloads.nut line=-1 ip=-1 count=1 reason=alternate loop allocation failed
[sqjit:stats] reject_site rank=9 proto=(nil) name=reference_work source=test/bench_root_workloads.nut line=33 ip=22 count=1 reason=unsupported PREPCALLK member
[sqjit:stats] reject_site rank=10 proto=(nil) name=reference_work source=test/bench_root_workloads.nut line=32 ip=10 count=1 reason=unsupported loop array append PREPCALLK
[sqjit:stats] reject_site rank=11 proto=(nil) name=transformed_work source=test/bench_root_workloads.nut line=39 ip=8 count=1 reason=unsupported PREPCALLK member
[Inferior 1 (process 522028) exited normally]
ALTERNATE_DEPENDENCY_FAULT_VERIFIED True True
