Function "sqjit_backend_compile_proto" not defined.
Function "sqjit_backend_compile_loop" not defined.
Function "sqjit_a64_compile_integer_proto_impl" not defined.
Function "compile_loop_impl" not defined.
No source file named /home/sam/Programming/sqgi/Squirrel3/squirrel/jit/sqjit_backend_aarch64_precise.inc.
Function "SQJitCode::Install" not defined.
RUN_CASE proto-105-38-reference
CASE budget_proto_105_38 instructions=461 bytes=8192 high=105 divide=0 native=1 result=3 prefix=0
[Inferior 1 (process 745272) exited normally]
CASE_VERIFIED proto-105-38-reference [(8192, True)]
RUN_CASE proto-105-39-reference
CASE budget_proto_105_39 instructions=462 bytes=5676 high=0 divide=105 native=1 result=3 prefix=0
[Inferior 1 (process 745291) exited normally]
CASE_VERIFIED proto-105-39-reference [(5676, True)]
RUN_CASE precise-10-71-reference
CASE budget_precise_10_71 instructions=119 bytes=8192 high=10 divide=0 native=1 result=1031 prefix=1
[Inferior 1 (process 745308) exited normally]
CASE_VERIFIED precise-10-71-reference [(8192, True)]
RUN_CASE precise-10-72-reference
CASE budget_precise_10_72 instructions=120 bytes=8156 high=0 divide=10 native=1 result=1031 prefix=1
[Inferior 1 (process 745309) exited normally]
CASE_VERIFIED precise-10-72-reference [(8156, True)]
RUN_CASE precise-10-81-reference
CASE budget_precise_10_81 instructions=129 bytes=8192 high=0 divide=10 native=1 result=1031 prefix=1
[Inferior 1 (process 745310) exited normally]
CASE_VERIFIED precise-10-81-reference [(8192, True)]
RUN_CASE loop_store_flat-100-22-reference
CASE budget_loop_store_flat_100_22 instructions=440 bytes=8192 high=100 divide=0 native=1 result=3 prefix=3
[Inferior 1 (process 745311) exited normally]
CASE_VERIFIED loop_store_flat-100-22-reference [(8192, True)]
RUN_CASE loop_store-100-22-reference
CASE budget_loop_store_100_22 instructions=440 bytes=5796 high=0 divide=100 native=1 result=3 prefix=3
[Inferior 1 (process 745312) exited normally]
CASE_VERIFIED loop_store-100-22-reference [(5796, True)]
RUN_CASE proto-105-38-fault
EXEC_FAILURES=1 EXEC_ATTEMPTS=1
CASE budget_proto_105_38 instructions=461 bytes=0 high=0 divide=0 native=0 result=3 prefix=0
[Inferior 1 (process 745313) exited normally]
CASE_VERIFIED proto-105-38-fault [(8192, False)]
RUN_CASE proto-105-39-fault
EXEC_FAILURES=1 EXEC_ATTEMPTS=1
CASE budget_proto_105_39 instructions=462 bytes=0 high=0 divide=0 native=0 result=3 prefix=0
[Inferior 1 (process 745314) exited normally]
CASE_VERIFIED proto-105-39-fault [(5676, False)]
RUN_CASE precise-10-71-fault
EXEC_FAILURES=1 EXEC_ATTEMPTS=1
CASE budget_precise_10_71 instructions=119 bytes=0 high=0 divide=0 native=0 result=1031 prefix=1
[Inferior 1 (process 745315) exited normally]
CASE_VERIFIED precise-10-71-fault [(8192, False)]
RUN_CASE precise-10-72-fault
EXEC_FAILURES=1 EXEC_ATTEMPTS=1
CASE budget_precise_10_72 instructions=120 bytes=0 high=0 divide=0 native=0 result=1031 prefix=1
[Inferior 1 (process 745316) exited normally]
CASE_VERIFIED precise-10-72-fault [(8156, False)]
RUN_CASE precise-10-81-fault
EXEC_FAILURES=1 EXEC_ATTEMPTS=1
CASE budget_precise_10_81 instructions=129 bytes=0 high=0 divide=0 native=0 result=1031 prefix=1
[Inferior 1 (process 745318) exited normally]
CASE_VERIFIED precise-10-81-fault [(8192, False)]
RUN_CASE loop_store_flat-100-22-fault
EXEC_FAILURES=1 EXEC_ATTEMPTS=1
CASE budget_loop_store_flat_100_22 instructions=440 bytes=0 high=0 divide=0 native=0 result=3 prefix=3
[Inferior 1 (process 745319) exited normally]
CASE_VERIFIED loop_store_flat-100-22-fault [(8192, False)]
RUN_CASE loop_store-100-22-fault
EXEC_FAILURES=1 EXEC_ATTEMPTS=1
CASE budget_loop_store_100_22 instructions=440 bytes=0 high=0 divide=0 native=0 result=3 prefix=3
[Inferior 1 (process 745320) exited normally]
CASE_VERIFIED loop_store-100-22-fault [(5796, False)]
ALL_CONSTANT_BUDGET_INSTALL_CASES_VERIFIED 14
