Round 1/5: sqgi; all 8 checksums match
Round 1/5: sqgi_baseline; all 8 checksums match
Round 1/5: node; all 8 checksums match
Round 1/5: gjs; all 8 checksums match
Round 1/5: python; all 8 checksums match
Round 2/5: sqgi_baseline; all 8 checksums match
Round 2/5: node; all 8 checksums match
Round 2/5: gjs; all 8 checksums match
Round 2/5: python; all 8 checksums match
Round 2/5: sqgi; all 8 checksums match
Round 3/5: node; all 8 checksums match
Round 3/5: gjs; all 8 checksums match
Round 3/5: python; all 8 checksums match
Round 3/5: sqgi; all 8 checksums match
Round 3/5: sqgi_baseline; all 8 checksums match
Round 4/5: gjs; all 8 checksums match
Round 4/5: python; all 8 checksums match
Round 4/5: sqgi; all 8 checksums match
Round 4/5: sqgi_baseline; all 8 checksums match
Round 4/5: node; all 8 checksums match
Round 5/5: python; all 8 checksums match
Round 5/5: sqgi; all 8 checksums match
Round 5/5: sqgi_baseline; all 8 checksums match
Round 5/5: node; all 8 checksums match
Round 5/5: gjs; all 8 checksums match
Microseconds per iteration; lower is faster
kernel	sqgi	sqgi_baseline	node	gjs	python
route_balanced	0.052425000	0.052025000	0.005986395	0.006550000	0.261496845
route_skewed	0.051305000	0.051670000	0.005772025	0.006675000	0.259420200
pricing_events	0.056635000	0.057660000	0.011137175	0.017385000	0.432804020
filter_stream	0.056020000	0.055240000	0.005054530	0.011255000	0.240478110
records_64	0.133015000	0.135090000	0.015996290	0.038545000	0.564698675
records_4096	0.240410000	0.286230000	0.020821865	0.044010000	0.691409025
word_count	0.266395000	0.266820000	0.072920280	0.123985000	0.361177260
graph_walk	0.012345000	0.012395000	0.004784740	0.007705000	0.128715530
