Round 1/5: sqgi; all 8 checksums match
Round 1/5: sqgi_baseline; all 8 checksums match
Round 1/5: node; all 8 checksums match
Round 1/5: gjs; all 8 checksums match
Round 1/5: python; all 8 checksums match
Round 2/5: sqgi_baseline; all 8 checksums match
Round 2/5: node; all 8 checksums match
Round 2/5: gjs; all 8 checksums match
Round 2/5: python; all 8 checksums match
Round 2/5: sqgi; all 8 checksums match
Round 3/5: node; all 8 checksums match
Round 3/5: gjs; all 8 checksums match
Round 3/5: python; all 8 checksums match
Round 3/5: sqgi; all 8 checksums match
Round 3/5: sqgi_baseline; all 8 checksums match
Round 4/5: gjs; all 8 checksums match
Round 4/5: python; all 8 checksums match
Round 4/5: sqgi; all 8 checksums match
Round 4/5: sqgi_baseline; all 8 checksums match
Round 4/5: node; all 8 checksums match
Round 5/5: python; all 8 checksums match
Round 5/5: sqgi; all 8 checksums match
Round 5/5: sqgi_baseline; all 8 checksums match
Round 5/5: node; all 8 checksums match
Round 5/5: gjs; all 8 checksums match
Microseconds per iteration; lower is faster
kernel	sqgi	sqgi_baseline	node	gjs	python
route_balanced	0.052284608	0.051754612	0.005965933	0.006332453	0.261726017
route_skewed	0.051759612	0.051119617	0.005791667	0.006674950	0.259782817
pricing_events	0.056484576	0.057572068	0.011065634	0.017362370	0.432640340
filter_stream	0.055132087	0.055217086	0.005018035	0.008489936	0.240560143
records_64	0.135293985	0.132081509	0.015563783	0.038537211	0.571323865
records_4096	0.270842969	0.258143064	0.019823496	0.042857179	0.683913181
word_count	0.266805499	0.266460502	0.073629925	0.123664073	0.366888176
graph_walk	0.012357407	0.012412407	0.004781789	0.006802449	0.129632563
