Round 1/5: sqgi; all 15 checksums match
Round 1/5: sqgi_baseline; all 15 checksums match
Round 1/5: node; all 15 checksums match
Round 1/5: gjs; all 15 checksums match
Round 1/5: python; all 15 checksums match
Round 2/5: sqgi_baseline; all 15 checksums match
Round 2/5: node; all 15 checksums match
Round 2/5: gjs; all 15 checksums match
Round 2/5: python; all 15 checksums match
Round 2/5: sqgi; all 15 checksums match
Round 3/5: node; all 15 checksums match
Round 3/5: gjs; all 15 checksums match
Round 3/5: python; all 15 checksums match
Round 3/5: sqgi; all 15 checksums match
Round 3/5: sqgi_baseline; all 15 checksums match
Round 4/5: gjs; all 15 checksums match
Round 4/5: python; all 15 checksums match
Round 4/5: sqgi; all 15 checksums match
Round 4/5: sqgi_baseline; all 15 checksums match
Round 4/5: node; all 15 checksums match
Round 5/5: python; all 15 checksums match
Round 5/5: sqgi; all 15 checksums match
Round 5/5: sqgi_baseline; all 15 checksums match
Round 5/5: node; all 15 checksums match
Round 5/5: gjs; all 15 checksums match
Microseconds per iteration; lower is faster
kernel	sqgi	sqgi_baseline	node	gjs	python
direct_call	0.033899000	0.034190000	0.006746727	0.010666875	0.336004205
branch_call	0.031670000	0.031855000	0.004820106	0.007030313	0.237302832
float_call	0.020932000	0.020833000	0.002646301	0.009494063	0.134074963
numeric_loop	0.022848000	0.022784000	0.007444350	0.012736875	0.239110597
vector	0.368850000	0.378563000	0.566700731	0.514875000	5.135660575
dynamic_member	0.748556000	1.513362000	0.108774163	0.079031250	0.873804281
dynamic_key_get_set	0.182369000	0.182681000	0.062226444	0.027712500	0.416827431
object_member_write_fallback	0.471775000	0.473406000	0.012649094	0.046937500	0.684589219
array_append	0.126481000	0.128688000	0.045809419	0.016800000	0.222586769
array_write	0.036862000	0.036669000	0.004604637	0.006031250	0.187700138
array_read	0.007101000	0.007409000	0.002627799	0.003515000	0.083811649
array_float	0.006809000	0.007074000	0.002192855	0.003069063	0.073655187
math_intrinsic	0.201756000	0.201694000	0.041122744	0.009925000	0.556787713
math_variable	0.218206000	0.218350000	0.154102306	0.106968750	0.505639025
matrix	0.309869000	0.313356000	0.022786225	0.066075000	1.137936637
