Round 1/5: v13; 6 checksums match
Round 1/5: v14; 6 checksums match
Round 1/5: node; 6 checksums match
Round 2/5: v14; 6 checksums match
Round 2/5: node; 6 checksums match
Round 2/5: v13; 6 checksums match
Round 3/5: node; 6 checksums match
Round 3/5: v13; 6 checksums match
Round 3/5: v14; 6 checksums match
Round 4/5: v13; 6 checksums match
Round 4/5: v14; 6 checksums match
Round 4/5: node; 6 checksums match
Round 5/5: v14; 6 checksums match
Round 5/5: node; 6 checksums match
Round 5/5: v13; 6 checksums match
table_events_97: v13 438.58 ns, v14 437.36 ns, node 75.20 ns
class_events_97: v13 433.23 ns, v14 434.36 ns, node 74.31 ns
buffers_7: v13 432.92 ns, v14 433.26 ns, node 12.41 ns
buffers_31: v13 433.00 ns, v14 433.45 ns, node 12.34 ns
calibrate_17: v13 83.25 ns, v14 83.09 ns, node 8.80 ns
calibrate_67: v13 84.03 ns, v14 83.95 ns, node 8.31 ns
