Round 1/5: v13; 6 checksums match
Round 1/5: v14; 6 checksums match
Round 1/5: node; 6 checksums match
Round 2/5: v14; 6 checksums match
Round 2/5: node; 6 checksums match
Round 2/5: v13; 6 checksums match
Round 3/5: node; 6 checksums match
Round 3/5: v13; 6 checksums match
Round 3/5: v14; 6 checksums match
Round 4/5: v13; 6 checksums match
Round 4/5: v14; 6 checksums match
Round 4/5: node; 6 checksums match
Round 5/5: v14; 6 checksums match
Round 5/5: node; 6 checksums match
Round 5/5: v13; 6 checksums match
table_events_97: v13 443.00 ns, v14 436.93 ns, node 75.24 ns
class_events_97: v13 440.61 ns, v14 436.81 ns, node 74.32 ns
buffers_7: v13 432.21 ns, v14 433.55 ns, node 12.40 ns
buffers_31: v13 431.95 ns, v14 433.48 ns, node 12.42 ns
calibrate_17: v13 83.20 ns, v14 83.27 ns, node 8.71 ns
calibrate_67: v13 84.05 ns, v14 83.99 ns, node 8.36 ns
