Round 1/5: v13; 6 checksums match
Round 1/5: v14; 6 checksums match
Round 1/5: node; 6 checksums match
Round 2/5: v14; 6 checksums match
Round 2/5: node; 6 checksums match
Round 2/5: v13; 6 checksums match
Round 3/5: node; 6 checksums match
Round 3/5: v13; 6 checksums match
Round 3/5: v14; 6 checksums match
Round 4/5: v13; 6 checksums match
Round 4/5: v14; 6 checksums match
Round 4/5: node; 6 checksums match
Round 5/5: v14; 6 checksums match
Round 5/5: node; 6 checksums match
Round 5/5: v13; 6 checksums match
transfer_table: v13 476.94 ns, v14 460.02 ns, node 17.93 ns
transfer_class: v13 486.35 ns, v14 468.00 ns, node 18.16 ns
transfer_mixed: v13 495.92 ns, v14 472.68 ns, node 29.18 ns
publish_table: v13 416.89 ns, v14 391.63 ns, node 13.54 ns
publish_class: v13 427.56 ns, v14 399.38 ns, node 13.58 ns
publish_mixed: v13 429.75 ns, v14 402.61 ns, node 20.90 ns
