Round 1/5: v13; 6 checksums match
Round 1/5: v14; 6 checksums match
Round 1/5: node; 6 checksums match
Round 2/5: v14; 6 checksums match
Round 2/5: node; 6 checksums match
Round 2/5: v13; 6 checksums match
Round 3/5: node; 6 checksums match
Round 3/5: v13; 6 checksums match
Round 3/5: v14; 6 checksums match
Round 4/5: v13; 6 checksums match
Round 4/5: v14; 6 checksums match
Round 4/5: node; 6 checksums match
Round 5/5: v14; 6 checksums match
Round 5/5: node; 6 checksums match
Round 5/5: v13; 6 checksums match
transfer_table: v13 474.58 ns, v14 453.12 ns, node 17.99 ns
transfer_class: v13 483.14 ns, v14 463.60 ns, node 17.60 ns
transfer_mixed: v13 492.31 ns, v14 465.81 ns, node 29.14 ns
publish_table: v13 414.82 ns, v14 390.97 ns, node 13.46 ns
publish_class: v13 424.85 ns, v14 398.50 ns, node 13.67 ns
publish_mixed: v13 427.07 ns, v14 401.34 ns, node 20.94 ns
