{
  "warmups4_speedup": {
    "owners": {
      "geomean_v13_v14": 1.100574309473575,
      "per_case": {
        "table_owners_1": 1.0945486997694538,
        "table_owners_2": 1.099307503288739,
        "table_owners_5": 1.1000223374947258,
        "table_owners_19": 1.0982918714931227,
        "table_owners_257": 1.1020590424212355,
        "class_owners_1": 1.1003823617042408,
        "class_owners_2": 1.0994635672776039,
        "class_owners_5": 1.1052461461959224,
        "class_owners_19": 1.1035451471758155,
        "class_owners_257": 1.1029141637293352
      }
    },
    "methods": {
      "geomean_v13_v14": 1.0545168458212502,
      "per_case": {
        "transfer_table": 1.0367810095213252,
        "transfer_class": 1.0392205044925693,
        "transfer_mixed": 1.0491664551070492,
        "publish_table": 1.0644860648307735,
        "publish_class": 1.070533445171952,
        "publish_mixed": 1.0674358241949304
      }
    },
    "members": {
      "geomean_v13_v14": 1.002614006342804,
      "per_case": {
        "table_events_97": 1.0139154317102477,
        "class_events_97": 1.0086878884653687,
        "buffers_7": 0.9969207348718125,
        "buffers_31": 0.9964703846819309,
        "calibrate_17": 0.9991593106347204,
        "calibrate_67": 1.0006548398618884
      }
    }
  },
  "warmups5_speedup": {
    "owners": {
      "geomean_v13_v14": 1.0984392837772805,
      "per_case": {
        "table_owners_1": 1.0953514317590183,
        "table_owners_2": 1.0981299114692131,
        "table_owners_5": 1.1005572693800378,
        "table_owners_19": 1.099997512499689,
        "table_owners_257": 1.0989695841092488,
        "class_owners_1": 1.093516981692967,
        "class_owners_2": 1.0979593863263988,
        "class_owners_5": 1.099431324343788,
        "class_owners_19": 1.1007226402443566,
        "class_owners_257": 1.0997792603983234
      }
    },
    "methods": {
      "geomean_v13_v14": 1.0562457636444502,
      "per_case": {
        "transfer_table": 1.0473831146618409,
        "transfer_class": 1.0421591889559965,
        "transfer_mixed": 1.0568907590085979,
        "publish_table": 1.0610149116300485,
        "publish_class": 1.0661221314663554,
        "publish_mixed": 1.0641226889918773
      }
    },
    "members": {
      "geomean_v13_v14": 1.0001856951814325,
      "per_case": {
        "table_events_97": 1.0028008962868118,
        "class_events_97": 0.9974099825029928,
        "buffers_7": 0.9991921803053558,
        "buffers_31": 0.9989618299477454,
        "calibrate_17": 1.0019257387013298,
        "calibrate_67": 1.000833780001191
      }
    }
  },
  "profitability": {
    "owners": {
      "geomean_on_off": 0.6463624463172432,
      "per_case": {
        "table_owners_1": 0.6524403058667573,
        "table_owners_2": 0.6502675698834333,
        "table_owners_5": 0.6501819357968789,
        "table_owners_19": 0.6499361492329825,
        "table_owners_257": 0.6504034861200775,
        "class_owners_1": 0.6435246569434016,
        "class_owners_2": 0.6417331631024576,
        "class_owners_5": 0.6414817414610022,
        "class_owners_19": 0.6413695222300185,
        "class_owners_257": 0.6424325487258761
      }
    },
    "methods": {
      "geomean_on_off": 1.073559651530302,
      "per_case": {
        "transfer_table": 1.0875091167784594,
        "transfer_class": 1.0852551808017965,
        "transfer_mixed": 0.983172216254923,
        "publish_table": 1.1064799785459216,
        "publish_class": 1.132958482421764,
        "publish_mixed": 1.0524589303521756
      }
    },
    "roots": {
      "geomean_on_off": 0.2853556732946128,
      "per_case": {
        "receiver_integer": 0.2795193854777599,
        "root_integer": 0.2615887150466045,
        "root_reference": 0.3516636902929162,
        "root_integer_result": 0.2578621378621379
      }
    }
  },
  "profiles": {
    "kernels": {
      "lost_samples": 0,
      "top_self_lines": [
        "20.54%  sqgi     sqgi                   [.] SQVM::Execute",
        "5.49%  sqgi     sqgi                   [.] sqjit_a64_borrow_member_ptr_value",
        "3.01%  sqgi     [JIT] tid 567716       [.] 0x0000ffff889ca230",
        "2.48%  sqgi     sqgi                   [.] sqjit_a64_helper_member_closure_guard",
        "2.43%  sqgi     [JIT] tid 567716       [.] 0x0000ffff889cd1c0",
        "2.20%  sqgi     [JIT] tid 567716       [.] 0x0000ffff889cb1b4",
        "2.03%  sqgi     [JIT] tid 567716       [.] 0x0000ffff889cc268",
        "1.91%  sqgi     [JIT] tid 567716       [.] 0x0000ffff889ca1c0",
        "1.89%  sqgi     [JIT] tid 567716       [.] 0x0000ffff889cd1d4",
        "1.87%  sqgi     [JIT] tid 567716       [.] 0x0000ffff889cd240",
        "1.75%  sqgi     sqgi                   [.] SQTable::Get",
        "1.71%  sqgi     [JIT] tid 567716       [.] 0x0000ffff889ca244",
        "1.59%  sqgi     [JIT] tid 567716       [.] 0x0000ffff889cc1ac",
        "1.46%  sqgi     sqgi                   [.] sqjit_number_conversion_guard",
        "1.30%  sqgi     [JIT] tid 567716       [.] 0x0000ffff889cb1a0"
      ]
    },
    "applications": {
      "lost_samples": 0,
      "top_self_lines": [
        "15.27%  sqgi     sqgi                          [.] SQVM::Execute",
        "12.99%  sqgi     sqgi                          [.] SQJitWriteLog::RecordMember",
        "7.44%  sqgi     sqgi                          [.] sqjit_a64_helper_array_get_object",
        "5.63%  sqgi     sqgi                          [.] sqjit_a64_root_fallback_safe",
        "4.44%  sqgi     sqgi                          [.] SQTable::Get",
        "4.39%  sqgi     sqgi                          [.] sqjit_a64_helper_member_set_integer_logged",
        "3.31%  sqgi     sqgi                          [.] SQJitWriteLog::CanRelease",
        "2.73%  sqgi     sqgi                          [.] sqjit_a64_borrow_member_ptr_value",
        "1.99%  sqgi     [JIT] tid 567794              [.] 0x0000ffffbdf36214",
        "1.85%  sqgi     sqgi                          [.] SQVM::DerefInc",
        "1.11%  sqgi     sqgi                          [.] SQVM::Get",
        "1.11%  sqgi     sqgi                          [.] sqjit_try_execute_current_loop",
        "1.08%  sqgi     [JIT] tid 567794              [.] 0x0000ffffbdf3665c",
        "1.04%  sqgi     [JIT] tid 567794              [.] 0x0000ffffbdf391d4",
        "1.04%  sqgi     [JIT] tid 567794              [.] 0x0000ffffbdf362f0"
      ]
    },
    "roots": {
      "lost_samples": 0,
      "top_self_lines": [
        "14.77%  sqgi     sqgi                   [.] SQJitWriteLog::RecordMember",
        "14.16%  sqgi     sqgi                   [.] sqjit_a64_borrow_member_ptr_value",
        "11.08%  sqgi     sqgi                   [.] SQJitWriteLog::CanRelease",
        "8.65%  sqgi     sqgi                   [.] sqjit_a64_helper_member_set_integer_logged",
        "6.62%  sqgi     sqgi                   [.] sqjit_a64_helper_member_set_reference_logged",
        "6.33%  sqgi     sqgi                   [.] sqjit_a64_helper_member_closure_guard",
        "5.09%  sqgi     sqgi                   [.] sqjit_a64_resolve_root_store_slot",
        "4.46%  sqgi     sqgi                   [.] sqjit_a64_helper_instance_field_set_integer_logged",
        "4.07%  sqgi     [JIT] tid 567824       [.] 0x0000ffffb52491d8",
        "1.53%  sqgi     [JIT] tid 567824       [.] 0x0000ffffb5247190",
        "1.53%  sqgi     [JIT] tid 567824       [.] 0x0000ffffb5248240",
        "1.53%  sqgi     [JIT] tid 567824       [.] 0x0000ffffb524818c",
        "1.53%  sqgi     [JIT] tid 567824       [.] 0x0000ffffb52471bc",
        "1.53%  sqgi     [JIT] tid 567824       [.] 0x0000ffffb52491ac",
        "1.21%  sqgi     [JIT] tid 567824       [.] 0x0000ffffb524a210"
      ]
    },
    "members": {
      "lost_samples": 0,
      "top_self_lines": [
        "59.13%  sqgi     sqgi                        [.] SQVM::Execute",
        "3.06%  sqgi     sqgi                        [.] SQTable::Get",
        "2.76%  sqgi     sqgi                        [.] sqjit_a64_precise_step<(SQOpcode)9, true>",
        "2.76%  sqgi     sqgi                        [.] sqjit_a64_precise_step<(SQOpcode)14, false>",
        "2.46%  sqgi     sqgi                        [.] sqjit_try_execute_current",
        "2.38%  sqgi     sqgi                        [.] sqjit_a64_precise_step<(SQOpcode)13, false>",
        "2.09%  sqgi     sqgi                        [.] sqjit_try_execute_current_loop",
        "1.86%  sqgi     sqgi                        [.] sqjit_number_conversion_guard",
        "1.39%  sqgi     sqgi                        [.] SQVM::LeaveFrame",
        "1.19%  sqgi     sqgi                        [.] SQVM::Return",
        "0.97%  sqgi     sqgi                        [.] SQVM::ObjCmp",
        "0.90%  sqgi     sqgi                        [.] sqjit_try_execute_closure",
        "0.82%  sqgi     sqgi                        [.] sqjit_loop_header_is_rejected",
        "0.74%  sqgi     sqgi                        [.] SQVM::IsFalse",
        "0.67%  sqgi     sqgi                        [.] SQVM::CMP_OP"
      ]
    },
    "owners": {
      "lost_samples": 0,
      "top_self_lines": [
        "14.66%  sqgi     sqgi                          [.] sqjit_a64_precise_step<(SQOpcode)13, true>",
        "8.67%  sqgi     sqgi                          [.] sqjit_a64_precise_step<(SQOpcode)4, false>",
        "8.64%  sqgi     sqgi                          [.] sqjit_a64_precise_step<(SQOpcode)39, false>",
        "5.51%  sqgi     sqgi                          [.] sqjit_a64_precise_step<(SQOpcode)13, false>",
        "4.80%  sqgi     sqgi                          [.] sqjit_a64_precise_step<(SQOpcode)29, false>",
        "4.80%  sqgi     sqgi                          [.] SQJitWriteLog::CanReleaseInContext",
        "3.18%  sqgi     sqgi                          [.] SQVM::ObjCmp",
        "2.47%  sqgi     [JIT] tid 567872              [.] 0x0000ffff9fe67474",
        "1.98%  sqgi     sqgi                          [.] SQVM::CMP_OP",
        "1.34%  sqgi     [JIT] tid 567872              [.] 0x0000ffff9fe66424",
        "1.34%  sqgi     [JIT] tid 567872              [.] 0x0000ffff9fe66490",
        "1.27%  sqgi     [JIT] tid 567872              [.] 0x0000ffff9fe6682c",
        "0.78%  sqgi     [JIT] tid 567872              [.] 0x0000ffff9fe670f0",
        "0.78%  sqgi     [JIT] tid 567872              [.] 0x0000ffff9fe66b90",
        "0.71%  sqgi     [JIT] tid 567872              [.] 0x0000ffff9fe67154"
      ]
    },
    "methods": {
      "lost_samples": 0,
      "top_self_lines": [
        "44.27%  sqgi     sqgi                          [.] SQVM::Execute",
        "10.70%  sqgi     sqgi                          [.] sqjit_a64_precise_step<(SQOpcode)13, true>",
        "5.69%  sqgi     sqgi                          [.] sqjit_try_execute_current",
        "3.56%  sqgi     sqgi                          [.] sqjit_try_execute_current_loop",
        "3.01%  sqgi     sqgi                          [.] sqjit_a64_precise_step<(SQOpcode)9, true>",
        "2.95%  sqgi     sqgi                          [.] SQVM::LeaveFrame",
        "2.52%  sqgi     sqgi                          [.] SQVM::Return",
        "1.98%  sqgi     sqgi                          [.] sqjit_a64_precise_step<(SQOpcode)14, true>",
        "1.98%  sqgi     sqgi                          [.] SQVM::ObjCmp",
        "1.86%  sqgi     sqgi                          [.] SQVM::StartCall",
        "1.57%  sqgi     sqgi                          [.] sqjit_try_execute_closure",
        "1.43%  sqgi     sqgi                          [.] SQVM::IsFalse",
        "1.37%  sqgi     sqgi                          [.] sqjit_on_function_enter",
        "1.32%  sqgi     sqgi                          [.] SQVM::CMP_OP",
        "1.10%  sqgi     sqgi                          [.] sqjit_a64_precise_step<(SQOpcode)4, false>"
      ]
    },
    "floats": {
      "lost_samples": 0,
      "top_self_lines": [
        "15.93%  sqgi     sqgi                   [.] sqjit_a64_borrow_member_ptr_value",
        "11.01%  sqgi     sqgi                   [.] sqjit_a64_helper_member_closure_guard",
        "2.00%  sqgi     [JIT] tid 568063       [.] 0x0000ffff8cd5d1c8",
        "2.00%  sqgi     sqgi                   [.] native_sqrt",
        "2.00%  sqgi     [JIT] tid 568063       [.] 0x0000ffff8cd5c1d4",
        "1.67%  sqgi     [JIT] tid 568063       [.] 0x0000ffff8cf63684",
        "1.67%  sqgi     [JIT] tid 568063       [.] 0x0000ffff8cf638cc",
        "1.67%  sqgi     [JIT] tid 568063       [.] 0x0000ffff8cd5f22c",
        "1.67%  sqgi     [JIT] tid 568063       [.] 0x0000ffff8cd5f2dc",
        "1.67%  sqgi     [JIT] tid 568063       [.] 0x0000ffff8cd5f2b0",
        "1.34%  sqgi     [JIT] tid 568063       [.] 0x0000ffff8cf6374c",
        "1.33%  sqgi     [JIT] tid 568063       [.] 0x0000ffff8cf6429c",
        "1.33%  sqgi     [JIT] tid 568063       [.] 0x0000ffff8cd5e2f8",
        "1.33%  sqgi     [JIT] tid 568063       [.] 0x0000ffff8cf644e8",
        "1.27%  sqgi     [JIT] tid 568063       [.] 0x0000ffff8cf651d4"
      ]
    }
  },
  "applications_seed83": {
    "speedup": 0.9911730662586083,
    "per_case": {
      "route_balanced": 0.9898632500027541,
      "route_skewed": 0.9876352434790275,
      "pricing_events": 1.0192529018895353,
      "filter_stream": 1.0015417337638606,
      "records_64": 0.9762555888940666,
      "records_4096": 0.9531097113323994,
      "word_count": 0.9987069344474043,
      "graph_walk": 1.0044507719135576
    },
    "regressions_over_5pct": []
  }
}
