[1/34] Building CXX object CMakeFiles/sqgi-core.dir/Squirrel3/squirrel/jit/sqjit_backend_aarch64.cpp.o
FAILED: CMakeFiles/sqgi-core.dir/Squirrel3/squirrel/jit/sqjit_backend_aarch64.cpp.o 
/usr/bin/c++ -DSQGI_TARGET_ARCH=\"aarch64\" -DSQGI_VERSION=\"0.1.0\" -DSQ_ENABLE_JIT -I/home/sam/Programming/sqgi/src -I/home/sam/Programming/sqgi/Squirrel3/include -I/home/sam/Programming/sqgi/Squirrel3/squirrel -isystem /usr/include/glib-2.0 -isystem /usr/lib/aarch64-linux-gnu/glib-2.0/include -isystem /usr/include/libmount -isystem /usr/include/blkid -isystem /usr/include/gobject-introspection-1.0 -isystem /usr/include/cairo -isystem /usr/include/libpng16 -isystem /usr/include/freetype2 -isystem /usr/include/pixman-1 -O3 -DNDEBUG -g -std=gnu++11 -fPIC -pthread -MD -MT CMakeFiles/sqgi-core.dir/Squirrel3/squirrel/jit/sqjit_backend_aarch64.cpp.o -MF CMakeFiles/sqgi-core.dir/Squirrel3/squirrel/jit/sqjit_backend_aarch64.cpp.o.d -o CMakeFiles/sqgi-core.dir/Squirrel3/squirrel/jit/sqjit_backend_aarch64.cpp.o -c /home/sam/Programming/sqgi/Squirrel3/squirrel/jit/sqjit_backend_aarch64.cpp
In file included from /home/sam/Programming/sqgi/Squirrel3/squirrel/jit/sqjit_backend_aarch64.cpp:454:
/home/sam/Programming/sqgi/Squirrel3/squirrel/jit/sqjit_backend_aarch64_precise.inc: In function ‘bool sqjit_a64_precise_fast(SQJitA64Buffer*, SQFunctionProto*, const SQInstruction&, bool, bool, SQInteger, bool, SQInteger&)’:
/home/sam/Programming/sqgi/Squirrel3/squirrel/jit/sqjit_backend_aarch64_precise.inc:461:37: error: too few arguments to function ‘bool sqjit_a64_precise_get(SQJitA64Buffer*, SQFunctionProto*, const SQInstruction&, bool, SQInteger, bool, bool, SQInteger&)’
  461 |         return sqjit_a64_precise_get(buf,proto,i,constant_key,cache_offset,owning_reads,done);
      |                ~~~~~~~~~~~~~~~~~~~~~^~~~~~~~~~~~~~~~~~~~~~~~~~~~~~~~~~~~~~~~~~~~~~~~~~~~~~~~~
/home/sam/Programming/sqgi/Squirrel3/squirrel/jit/sqjit_backend_aarch64_precise.inc:264:13: note: declared here
  264 | static bool sqjit_a64_precise_get(SQJitA64Buffer *buf, SQFunctionProto *proto,
      |             ^~~~~~~~~~~~~~~~~~~~~
/home/sam/Programming/sqgi/Squirrel3/squirrel/jit/sqjit_backend_aarch64_precise.inc:462:8: error: ‘owning_copies’ was not declared in this scope
  462 |     if(owning_copies) {
      |        ^~~~~~~~~~~~~
/home/sam/Programming/sqgi/Squirrel3/squirrel/jit/sqjit_backend_aarch64_precise.inc: In lambda function:
/home/sam/Programming/sqgi/Squirrel3/squirrel/jit/sqjit_backend_aarch64_precise.inc:701:58: error: cannot bind non-const lvalue reference of type ‘SQInteger&’ {aka ‘long long int&’} to a value of type ‘bool’
  701 |             tier >= 2 ? cache_offset : -1,tier >= 3,tier >= 4,fast_done)) return false;
      |                                                     ~~~~~^~~~
/home/sam/Programming/sqgi/Squirrel3/squirrel/jit/sqjit_backend_aarch64_precise.inc:457:117: note: in passing argument 8 of ‘bool sqjit_a64_precise_fast(SQJitA64Buffer*, SQFunctionProto*, const SQInstruction&, bool, bool, SQInteger, bool, SQInteger&)’
  457 |     const SQInstruction &i, bool extended, bool constant_key, SQInteger cache_offset, bool owning_reads, SQInteger &done)
      |                                                                                                          ~~~~~~~~~~~^~~~
ninja: build stopped: subcommand failed.
