{
  "aggregation": "56 equally weighted components; application seed17; nearest-rank p90",
  "speedup": 1.5199889596880762,
  "groups": {
    "kernels-seed17": {
      "count": 15,
      "speedup": 1.0580317297013015
    },
    "applications-seed17": {
      "count": 8,
      "speedup": 1.0251754765947048
    },
    "roots-seed17": {
      "count": 4,
      "speedup": 1.6159824819115463
    },
    "members": {
      "count": 6,
      "speedup": 1.0248585983833616
    },
    "owners": {
      "count": 10,
      "speedup": 4.466628481609646
    },
    "methods": {
      "count": 6,
      "speedup": 2.4344410122549114
    },
    "floats": {
      "count": 7,
      "speedup": 1.0043759357352835
    }
  },
  "totals": {
    "sqgi_baseline": {
      "node": {
        "geomean": 15.254487274524122,
        "p90": 100.62515710467403
      },
      "gjs": {
        "geomean": 10.121954715210975,
        "p90": 50.08088441085923
      }
    },
    "sqgi": {
      "node": {
        "geomean": 10.035919785663811,
        "p90": 26.467129792408066
      },
      "gjs": {
        "geomean": 6.6592291020904195,
        "p90": 14.550669216061182
      }
    }
  },
  "regressions_over_5pct": []
}
