JIT_CAPTURE_BREAKPOINT -1
[Thread debugging using libthread_db enabled]
Using host libthread_db library "/lib/aarch64-linux-gnu/libthread_db.so.1".
JIT_CAPTURE recycle frame 0xfffff7f84000 8192
BENCH	table_owners_1	1003	1.108673978	615764.25
BENCH	table_owners_2	1003	1.066799601	616780.25
BENCH	table_owners_5	1003	1.158524427	613838.25
BENCH	table_owners_19	1003	1.152542373	618610.25
BENCH	table_owners_257	1003	1.257228315	749599.25
BENCH	class_owners_1	1003	1.205383848	615764.25
BENCH	class_owners_2	1003	1.226321037	616780.25
BENCH	class_owners_5	1003	1.208374875	613838.25
BENCH	class_owners_19	1003	1.242273180	618610.25
BENCH	class_owners_257	1003	1.259222333	749599.25
[Inferior 1 (process 577513) exited normally]
[Thread debugging using libthread_db enabled]
Using host libthread_db library "/lib/aarch64-linux-gnu/libthread_db.so.1".
JIT_CAPTURE transfer frame 0xfffff7f85000 4096
JIT_CAPTURE publish frame 0xfffff7f84000 4096
BENCH	transfer_table	1003	1305.855433699	121851
BENCH	transfer_class	1003	1322.784646062	121851
BENCH	transfer_mixed	1003	1234.483549352	121851
BENCH	publish_table	1003	1224.307078764	133577
BENCH	publish_class	1003	1339.877367896	133577
BENCH	publish_mixed	1003	1520.067796610	133577
[Inferior 1 (process 577516) exited normally]
[Thread debugging using libthread_db enabled]
Using host libthread_db library "/lib/aarch64-linux-gnu/libthread_db.so.1".
JIT_CAPTURE table_apply frame 0xfffff7f84000 8192
JIT_CAPTURE apply frame 0xfffff7d7e000 8192
BENCH	table_events_97	1003	1346.482552343	140378
BENCH	class_events_97	1003	1286.673978066	140378
BENCH	buffers_7	1003	1.510468594	944693
BENCH	buffers_31	1003	1.533399801	861874
BENCH	calibrate_17	1003	5.485543370	5140.09375
BENCH	calibrate_67	1003	1.973080758	5049
[Inferior 1 (process 577640) exited normally]
JIT_CAPTURE_VERIFIED five canonical-frame functions
