17 5 1 fp 57.745
17 5 1 gp 56.315
17 5 1 fp_repeat 57.38999999999999
17 5 1 gp_repeat 56.465
17 5 2 gp 56.300000000000004
17 5 2 fp_repeat 58.03
17 5 2 gp_repeat 55.355000000000004
17 5 2 fp 58.03
17 5 3 fp_repeat 57.93
17 5 3 gp_repeat 56.410000000000004
17 5 3 fp 57.910000000000004
17 5 3 gp 56.305
17 5 4 gp_repeat 56.415
17 5 4 fp 57.68
17 5 4 gp 55.83
17 5 4 fp_repeat 57.86
17 5 5 fp 58.17
17 5 5 gp 55.985
17 5 5 fp_repeat 57.87
17 5 5 gp_repeat 55.89
17 4 1 fp 57.495
17 4 1 gp 56.404999999999994
17 4 1 fp_repeat 58.28
17 4 1 gp_repeat 55.58
17 4 2 gp 56.03
17 4 2 fp_repeat 57.72
17 4 2 gp_repeat 56.29
17 4 2 fp 58.045
17 4 3 fp_repeat 57.230000000000004
17 4 3 gp_repeat 56.09
17 4 3 fp 58.61
17 4 3 gp 56.325
17 4 4 gp_repeat 57.755
17 4 4 fp 57.925
17 4 4 gp 55.94
17 4 4 fp_repeat 58.015
17 4 5 fp 58.1
17 4 5 gp 56.279999999999994
17 4 5 fp_repeat 57.445
17 4 5 gp_repeat 55.910000000000004
83 5 1 fp 58.492061
83 5 1 gp 56.124579000000004
83 5 1 fp_repeat 58.122064
83 5 1 gp_repeat 56.292078000000004
83 5 2 gp 56.05208
83 5 2 fp_repeat 58.497061
83 5 2 gp_repeat 55.879580999999995
83 5 2 fp 58.264562999999995
83 5 3 fp_repeat 58.152064
83 5 3 gp_repeat 56.687075
83 5 3 fp 58.187064
83 5 3 gp 56.102078999999996
83 5 4 gp_repeat 56.149578999999996
83 5 4 fp 57.909566000000005
83 5 4 gp 56.589576
83 5 4 fp_repeat 58.029565
83 5 5 fp 58.159563999999996
83 5 5 gp 56.169579
83 5 5 fp_repeat 58.034565
83 5 5 gp_repeat 56.117079
83 4 1 fp 57.942065
83 4 1 gp 56.352077
83 4 1 fp_repeat 58.287063
83 4 1 gp_repeat 56.662075
83 4 2 gp 55.94458
83 4 2 fp_repeat 57.927065999999996
83 4 2 gp_repeat 56.799574
83 4 2 fp 57.962065
83 4 3 fp_repeat 58.182064
83 4 3 gp_repeat 56.317078
83 4 3 fp 58.004565
83 4 3 gp 57.162071000000005
83 4 4 gp_repeat 56.734574
83 4 4 fp 58.177064
83 4 4 gp 56.299578000000004
83 4 4 fp_repeat 58.079564
83 4 5 fp 58.247063000000004
83 4 5 gp 56.349577
83 4 5 fp_repeat 58.019565
83 4 5 gp_repeat 56.299578000000004
ABLATION COMPLETE {"seed17-w5": {"medians_ns": {"fp": 57.910000000000004, "gp": 56.300000000000004, "fp_repeat": 57.87, "gp_repeat": 56.410000000000004}, "gp_over_fp": 0.9721982386461752, "gp_repeat_over_fp_repeat": 0.9747710385346467, "all_cases_ns": {"route_balanced": {"fp": 53.48, "gp": 53.485, "fp_repeat": 53.535, "gp_repeat": 53.900000000000006}, "route_skewed": {"fp": 52.315, "gp": 52.19, "fp_repeat": 52.040000000000006, "gp_repeat": 52.24}, "pricing_events": {"fp": 57.675, "gp": 57.615, "fp_repeat": 57.655, "gp_repeat": 57.88}, "filter_stream": {"fp": 57.910000000000004, "gp": 56.300000000000004, "fp_repeat": 57.87, "gp_repeat": 56.410000000000004}, "records_64": {"fp": 132.42499999999998, "gp": 135.16500000000002, "fp_repeat": 131.23000000000002, "gp_repeat": 131.92000000000002}, "records_4096": {"fp": 251.71500000000003, "gp": 312.78000000000003, "fp_repeat": 250.71500000000003, "gp_repeat": 266.245}, "word_count": {"fp": 265.715, "gp": 265.46500000000003, "fp_repeat": 265.295, "gp_repeat": 265.11}, "graph_walk": {"fp": 12.3, "gp": 12.3, "fp_repeat": 12.319999999999999, "gp_repeat": 12.335}}}, "seed17-w4": {"medians_ns": {"fp": 58.045, "gp": 56.279999999999994, "fp_repeat": 57.72, "gp_repeat": 56.09}, "gp_over_fp": 0.9695925574984924, "gp_repeat_over_fp_repeat": 0.9717602217602218, "all_cases_ns": {"route_balanced": {"fp": 53.855, "gp": 53.699999999999996, "fp_repeat": 53.684999999999995, "gp_repeat": 53.455000000000005}, "route_skewed": {"fp": 52.935, "gp": 52.755, "fp_repeat": 52.15, "gp_repeat": 52.365}, "pricing_events": {"fp": 57.77, "gp": 57.93, "fp_repeat": 57.86, "gp_repeat": 57.84}, "filter_stream": {"fp": 58.045, "gp": 56.279999999999994, "fp_repeat": 57.72, "gp_repeat": 56.09}, "records_64": {"fp": 134.61999999999998, "gp": 131.865, "fp_repeat": 133.47, "gp_repeat": 137.565}, "records_4096": {"fp": 286.445, "gp": 285.4, "fp_repeat": 237.33499999999998, "gp_repeat": 254.05499999999998}, "word_count": {"fp": 265.53, "gp": 265.415, "fp_repeat": 265.695, "gp_repeat": 265.625}, "graph_walk": {"fp": 12.315, "gp": 12.295, "fp_repeat": 12.3, "gp_repeat": 12.315}}}, "seed83-w5": {"medians_ns": {"fp": 58.187064, "gp": 56.124579000000004, "fp_repeat": 58.122064, "gp_repeat": 56.149578999999996}, "gp_over_fp": 0.9645542349412922, "gp_repeat_over_fp_repeat": 0.9660630599766724, "all_cases_ns": {"route_balanced": {"fp": 53.512099, "gp": 53.357099999999996, "fp_repeat": 53.477099, "gp_repeat": 53.372099999999996}, "route_skewed": {"fp": 52.292108, "gp": 52.382107, "fp_repeat": 52.144609, "gp_repeat": 52.099609}, "pricing_events": {"fp": 57.717067, "gp": 58.054565000000004, "fp_repeat": 57.939565, "gp_repeat": 58.087064}, "filter_stream": {"fp": 58.187064, "gp": 56.124579000000004, "fp_repeat": 58.122064, "gp_repeat": 56.149578999999996}, "records_64": {"fp": 132.706505, "gp": 130.799019, "fp_repeat": 136.78147399999997, "gp_repeat": 133.963995}, "records_4096": {"fp": 241.535688, "gp": 262.085534, "fp_repeat": 272.23295800000005, "gp_repeat": 256.943073}, "word_count": {"fp": 265.500509, "gp": 265.47800900000004, "fp_repeat": 265.713007, "gp_repeat": 265.465509}, "graph_walk": {"fp": 12.339907, "gp": 12.307408, "fp_repeat": 12.327408, "gp_repeat": 12.347406999999999}}}, "seed83-w4": {"medians_ns": {"fp": 58.004565, "gp": 56.349577, "fp_repeat": 58.079564, "gp_repeat": 56.662075}, "gp_over_fp": 0.9714679698054799, "gp_repeat_over_fp_repeat": 0.9755940144454253, "all_cases_ns": {"route_balanced": {"fp": 53.692097000000004, "gp": 53.579598, "fp_repeat": 53.527099, "gp_repeat": 53.589598}, "route_skewed": {"fp": 52.227108, "gp": 52.189609, "fp_repeat": 52.529606, "gp_repeat": 52.234608}, "pricing_events": {"fp": 57.999565000000004, "gp": 57.899566, "fp_repeat": 57.709567, "gp_repeat": 58.112064}, "filter_stream": {"fp": 58.004565, "gp": 56.349577, "fp_repeat": 58.079564, "gp_repeat": 56.662075}, "records_64": {"fp": 134.873988, "gp": 134.951488, "fp_repeat": 136.18397900000002, "gp_repeat": 130.939018}, "records_4096": {"fp": 262.903028, "gp": 261.685537, "fp_repeat": 273.60794799999996, "gp_repeat": 256.26307799999995}, "word_count": {"fp": 266.215503, "gp": 266.010505, "fp_repeat": 266.058005, "gp_repeat": 266.188004}, "graph_walk": {"fp": 12.339907, "gp": 12.307408, "fp_repeat": 12.362407000000001, "gp_repeat": 12.337407}}}}
