Round 1/5: sqgi; all 8 checksums match
Round 1/5: sqgi_baseline; all 8 checksums match
Round 1/5: node; all 8 checksums match
Round 1/5: gjs; all 8 checksums match
Round 1/5: python; all 8 checksums match
Round 2/5: sqgi_baseline; all 8 checksums match
Round 2/5: node; all 8 checksums match
Round 2/5: gjs; all 8 checksums match
Round 2/5: python; all 8 checksums match
Round 2/5: sqgi; all 8 checksums match
Round 3/5: node; all 8 checksums match
Round 3/5: gjs; all 8 checksums match
Round 3/5: python; all 8 checksums match
Round 3/5: sqgi; all 8 checksums match
Round 3/5: sqgi_baseline; all 8 checksums match
Round 4/5: gjs; all 8 checksums match
Round 4/5: python; all 8 checksums match
Round 4/5: sqgi; all 8 checksums match
Round 4/5: sqgi_baseline; all 8 checksums match
Round 4/5: node; all 8 checksums match
Round 5/5: python; all 8 checksums match
Round 5/5: sqgi; all 8 checksums match
Round 5/5: sqgi_baseline; all 8 checksums match
Round 5/5: node; all 8 checksums match
Round 5/5: gjs; all 8 checksums match
Microseconds per iteration; lower is faster
kernel	sqgi	sqgi_baseline	node	gjs	python
route_balanced	0.053390000	0.052240000	0.005983470	0.006430000	0.261298125
route_skewed	0.052635000	0.051370000	0.005776385	0.006665000	0.258944410
pricing_events	0.056990000	0.057710000	0.011059865	0.017310000	0.432205465
filter_stream	0.056110000	0.055120000	0.005042855	0.010460000	0.240212340
records_64	0.133865000	0.132990000	0.015996265	0.038495000	0.565371570
records_4096	0.274980000	0.292740000	0.020829125	0.044515000	0.678962720
word_count	0.266500000	0.266715000	0.074974935	0.123815000	0.360380480
graph_walk	0.012370000	0.012425000	0.004781820	0.008045000	0.129085750
