Round 1/5: sqgi; all 8 checksums match
Round 1/5: sqgi_baseline; all 8 checksums match
Round 1/5: node; all 8 checksums match
Round 1/5: gjs; all 8 checksums match
Round 1/5: python; all 8 checksums match
Round 2/5: sqgi_baseline; all 8 checksums match
Round 2/5: node; all 8 checksums match
Round 2/5: gjs; all 8 checksums match
Round 2/5: python; all 8 checksums match
Round 2/5: sqgi; all 8 checksums match
Round 3/5: node; all 8 checksums match
Round 3/5: gjs; all 8 checksums match
Round 3/5: python; all 8 checksums match
Round 3/5: sqgi; all 8 checksums match
Round 3/5: sqgi_baseline; all 8 checksums match
Round 4/5: gjs; all 8 checksums match
Round 4/5: python; all 8 checksums match
Round 4/5: sqgi; all 8 checksums match
Round 4/5: sqgi_baseline; all 8 checksums match
Round 4/5: node; all 8 checksums match
Round 5/5: python; all 8 checksums match
Round 5/5: sqgi; all 8 checksums match
Round 5/5: sqgi_baseline; all 8 checksums match
Round 5/5: node; all 8 checksums match
Round 5/5: gjs; all 8 checksums match
Microseconds per iteration; lower is faster
kernel	sqgi	sqgi_baseline	node	gjs	python
route_balanced	0.053119602	0.052102109	0.005959360	0.006362452	0.261351555
route_skewed	0.052654605	0.051084617	0.005813531	0.006657450	0.259180116
pricing_events	0.057034572	0.057442069	0.011150926	0.017357370	0.432913811
filter_stream	0.055872081	0.055147086	0.005030422	0.008739934	0.240416829
records_64	0.136426477	0.135348985	0.015374177	0.038539711	0.570819126
records_4096	0.274630440	0.268062990	0.019822739	0.042654680	0.719628870
word_count	0.266633000	0.266365502	0.073150026	0.123054077	0.368308695
graph_walk	0.012357407	0.012384907	0.004765009	0.006594951	0.129004542
