Round 1/5: audit; 7 checksums match
Round 1/5: v17; 7 checksums match
Round 1/5: v18; 7 checksums match
Round 1/5: v18_repeat; 7 checksums match
Round 1/5: node; 7 checksums match
Round 2/5: v17; 7 checksums match
Round 2/5: v18; 7 checksums match
Round 2/5: v18_repeat; 7 checksums match
Round 2/5: node; 7 checksums match
Round 2/5: audit; 7 checksums match
Round 3/5: v18; 7 checksums match
Round 3/5: v18_repeat; 7 checksums match
Round 3/5: node; 7 checksums match
Round 3/5: audit; 7 checksums match
Round 3/5: v17; 7 checksums match
Round 4/5: v18_repeat; 7 checksums match
Round 4/5: node; 7 checksums match
Round 4/5: audit; 7 checksums match
Round 4/5: v17; 7 checksums match
Round 4/5: v18; 7 checksums match
Round 5/5: node; 7 checksums match
Round 5/5: audit; 7 checksums match
Round 5/5: v17; 7 checksums match
Round 5/5: v18; 7 checksums match
Round 5/5: v18_repeat; 7 checksums match
filter: audit 23.55 ns, v17 23.47 ns, v18 24.82 ns, v18_repeat 24.73 ns, node 2.45 ns
channels_4: audit 77.87 ns, v17 77.98 ns, v18 83.90 ns, v18_repeat 83.75 ns, node 5.46 ns
pressure_8: audit 153.44 ns, v17 151.46 ns, v18 163.10 ns, v18_repeat 162.68 ns, node 10.32 ns
integration: audit 37.19 ns, v17 37.71 ns, v18 37.75 ns, v18_repeat 38.34 ns, node 7.72 ns
retained_input: audit 44.16 ns, v17 44.54 ns, v18 47.02 ns, v18_repeat 47.14 ns, node 4.20 ns
branching: audit 31.54 ns, v17 30.55 ns, v18 31.66 ns, v18_repeat 31.61 ns, node 6.45 ns
helper_control: audit 54.57 ns, v17 54.80 ns, v18 56.20 ns, v18_repeat 55.72 ns, node 3.63 ns
