Round 1/5: audit; 7 checksums match
Round 1/5: v17; 7 checksums match
Round 1/5: v18; 7 checksums match
Round 1/5: v18_repeat; 7 checksums match
Round 1/5: node; 7 checksums match
Round 2/5: v17; 7 checksums match
Round 2/5: v18; 7 checksums match
Round 2/5: v18_repeat; 7 checksums match
Round 2/5: node; 7 checksums match
Round 2/5: audit; 7 checksums match
Round 3/5: v18; 7 checksums match
Round 3/5: v18_repeat; 7 checksums match
Round 3/5: node; 7 checksums match
Round 3/5: audit; 7 checksums match
Round 3/5: v17; 7 checksums match
Round 4/5: v18_repeat; 7 checksums match
Round 4/5: node; 7 checksums match
Round 4/5: audit; 7 checksums match
Round 4/5: v17; 7 checksums match
Round 4/5: v18; 7 checksums match
Round 5/5: node; 7 checksums match
Round 5/5: audit; 7 checksums match
Round 5/5: v17; 7 checksums match
Round 5/5: v18; 7 checksums match
Round 5/5: v18_repeat; 7 checksums match
filter: audit 23.30 ns, v17 23.36 ns, v18 24.94 ns, v18_repeat 24.78 ns, node 2.45 ns
channels_4: audit 78.46 ns, v17 77.40 ns, v18 84.43 ns, v18_repeat 84.42 ns, node 5.42 ns
pressure_8: audit 152.37 ns, v17 151.77 ns, v18 162.57 ns, v18_repeat 164.23 ns, node 10.32 ns
integration: audit 37.11 ns, v17 37.49 ns, v18 38.46 ns, v18_repeat 37.46 ns, node 7.52 ns
retained_input: audit 44.21 ns, v17 44.39 ns, v18 47.47 ns, v18_repeat 46.98 ns, node 4.25 ns
branching: audit 31.43 ns, v17 30.52 ns, v18 31.66 ns, v18_repeat 31.49 ns, node 6.44 ns
helper_control: audit 55.09 ns, v17 54.71 ns, v18 55.84 ns, v18_repeat 55.76 ns, node 3.60 ns
