Round 1/5: sqgi; all 15 checksums match
Round 1/5: sqgi_baseline; all 15 checksums match
Round 1/5: node; all 15 checksums match
Round 1/5: gjs; all 15 checksums match
Round 1/5: python; all 15 checksums match
Round 2/5: sqgi_baseline; all 15 checksums match
Round 2/5: node; all 15 checksums match
Round 2/5: gjs; all 15 checksums match
Round 2/5: python; all 15 checksums match
Round 2/5: sqgi; all 15 checksums match
Round 3/5: node; all 15 checksums match
Round 3/5: gjs; all 15 checksums match
Round 3/5: python; all 15 checksums match
Round 3/5: sqgi; all 15 checksums match
Round 3/5: sqgi_baseline; all 15 checksums match
Round 4/5: gjs; all 15 checksums match
Round 4/5: python; all 15 checksums match
Round 4/5: sqgi; all 15 checksums match
Round 4/5: sqgi_baseline; all 15 checksums match
Round 4/5: node; all 15 checksums match
Round 5/5: python; all 15 checksums match
Round 5/5: sqgi; all 15 checksums match
Round 5/5: sqgi_baseline; all 15 checksums match
Round 5/5: node; all 15 checksums match
Round 5/5: gjs; all 15 checksums match
Microseconds per iteration; lower is faster
kernel	sqgi	sqgi_baseline	node	gjs	python
direct_call	0.035975000	0.034236000	0.006763309	0.010670937	0.335524870
branch_call	0.033412000	0.032116000	0.004815998	0.007022500	0.236991290
float_call	0.022362000	0.021274000	0.002643107	0.009487812	0.133839873
numeric_loop	0.022831000	0.022772000	0.007438238	0.012721250	0.238753203
vector	0.364737000	0.383269000	0.569923006	0.515475000	5.147584644
dynamic_member	0.725012000	1.514025000	0.108713825	0.079006250	0.884335606
dynamic_key_get_set	0.182956000	0.182600000	0.062133425	0.027762500	0.414046912
object_member_write_fallback	0.472431000	0.473169000	0.012632669	0.046887500	0.683689544
array_append	0.125519000	0.133313000	0.037174306	0.017775000	0.221802612
array_write	0.037050000	0.036663000	0.004542656	0.006081250	0.187251544
array_read	0.007083000	0.007405000	0.002631167	0.003513125	0.083536406
array_float	0.006812000	0.007074000	0.002191030	0.003065938	0.073598249
math_intrinsic	0.207950000	0.201569000	0.041120863	0.009843750	0.566767494
math_variable	0.223231000	0.218331000	0.153974562	0.106693750	0.507856800
matrix	0.310769000	0.313244000	0.022633075	0.066000000	1.136606381
