Round 1/5: v17; 6 checksums match
Round 1/5: v18; 6 checksums match
Round 1/5: node; 6 checksums match
Round 2/5: v18; 6 checksums match
Round 2/5: node; 6 checksums match
Round 2/5: v17; 6 checksums match
Round 3/5: node; 6 checksums match
Round 3/5: v17; 6 checksums match
Round 3/5: v18; 6 checksums match
Round 4/5: v17; 6 checksums match
Round 4/5: v18; 6 checksums match
Round 4/5: node; 6 checksums match
Round 5/5: v18; 6 checksums match
Round 5/5: node; 6 checksums match
Round 5/5: v17; 6 checksums match
table_events_97: v17 414.67 ns, v18 417.46 ns, node 75.00 ns
class_events_97: v17 410.38 ns, v18 411.19 ns, node 74.35 ns
buffers_7: v17 431.99 ns, v18 432.02 ns, node 12.40 ns
buffers_31: v17 432.10 ns, v18 431.82 ns, node 12.36 ns
calibrate_17: v17 83.26 ns, v18 83.12 ns, node 8.69 ns
calibrate_67: v17 84.06 ns, v18 83.92 ns, node 8.32 ns
