Round 1/5: v17; 6 checksums match
Round 1/5: v18; 6 checksums match
Round 1/5: node; 6 checksums match
Round 2/5: v18; 6 checksums match
Round 2/5: node; 6 checksums match
Round 2/5: v17; 6 checksums match
Round 3/5: node; 6 checksums match
Round 3/5: v17; 6 checksums match
Round 3/5: v18; 6 checksums match
Round 4/5: v17; 6 checksums match
Round 4/5: v18; 6 checksums match
Round 4/5: node; 6 checksums match
Round 5/5: v18; 6 checksums match
Round 5/5: node; 6 checksums match
Round 5/5: v17; 6 checksums match
table_events_97: v17 415.35 ns, v18 414.25 ns, node 75.11 ns
class_events_97: v17 411.22 ns, v18 409.53 ns, node 74.20 ns
buffers_7: v17 433.60 ns, v18 432.50 ns, node 12.40 ns
buffers_31: v17 432.35 ns, v18 431.50 ns, node 12.32 ns
calibrate_17: v17 83.11 ns, v18 83.11 ns, node 8.67 ns
calibrate_67: v17 83.94 ns, v18 83.89 ns, node 8.29 ns
