Round 1/5: v17; 6 checksums match
Round 1/5: v18; 6 checksums match
Round 1/5: node; 6 checksums match
Round 2/5: v18; 6 checksums match
Round 2/5: node; 6 checksums match
Round 2/5: v17; 6 checksums match
Round 3/5: node; 6 checksums match
Round 3/5: v17; 6 checksums match
Round 3/5: v18; 6 checksums match
Round 4/5: v17; 6 checksums match
Round 4/5: v18; 6 checksums match
Round 4/5: node; 6 checksums match
Round 5/5: v18; 6 checksums match
Round 5/5: node; 6 checksums match
Round 5/5: v17; 6 checksums match
transfer_table: v17 430.75 ns, v18 429.23 ns, node 17.65 ns
transfer_class: v17 441.76 ns, v18 440.25 ns, node 17.59 ns
transfer_mixed: v17 443.38 ns, v18 441.62 ns, node 29.13 ns
publish_table: v17 387.74 ns, v18 387.65 ns, node 13.46 ns
publish_class: v17 396.59 ns, v18 395.12 ns, node 13.83 ns
publish_mixed: v17 399.06 ns, v18 398.10 ns, node 20.94 ns
