Round 1/5: v17; 6 checksums match
Round 1/5: v18; 6 checksums match
Round 1/5: node; 6 checksums match
Round 2/5: v18; 6 checksums match
Round 2/5: node; 6 checksums match
Round 2/5: v17; 6 checksums match
Round 3/5: node; 6 checksums match
Round 3/5: v17; 6 checksums match
Round 3/5: v18; 6 checksums match
Round 4/5: v17; 6 checksums match
Round 4/5: v18; 6 checksums match
Round 4/5: node; 6 checksums match
Round 5/5: v18; 6 checksums match
Round 5/5: node; 6 checksums match
Round 5/5: v17; 6 checksums match
transfer_table: v17 430.98 ns, v18 431.16 ns, node 17.91 ns
transfer_class: v17 442.67 ns, v18 440.93 ns, node 18.12 ns
transfer_mixed: v17 444.81 ns, v18 443.00 ns, node 29.14 ns
publish_table: v17 388.25 ns, v18 388.77 ns, node 13.44 ns
publish_class: v17 396.01 ns, v18 396.49 ns, node 13.61 ns
publish_mixed: v17 399.36 ns, v18 400.00 ns, node 20.91 ns
