Round 1/5: sqgi; all 4 checksums match
Round 1/5: sqgi_baseline; all 4 checksums match
Round 1/5: node; all 4 checksums match
Round 1/5: gjs; all 4 checksums match
Round 1/5: python; all 4 checksums match
Round 2/5: sqgi_baseline; all 4 checksums match
Round 2/5: node; all 4 checksums match
Round 2/5: gjs; all 4 checksums match
Round 2/5: python; all 4 checksums match
Round 2/5: sqgi; all 4 checksums match
Round 3/5: node; all 4 checksums match
Round 3/5: gjs; all 4 checksums match
Round 3/5: python; all 4 checksums match
Round 3/5: sqgi; all 4 checksums match
Round 3/5: sqgi_baseline; all 4 checksums match
Round 4/5: gjs; all 4 checksums match
Round 4/5: python; all 4 checksums match
Round 4/5: sqgi; all 4 checksums match
Round 4/5: sqgi_baseline; all 4 checksums match
Round 4/5: node; all 4 checksums match
Round 5/5: python; all 4 checksums match
Round 5/5: sqgi; all 4 checksums match
Round 5/5: sqgi_baseline; all 4 checksums match
Round 5/5: node; all 4 checksums match
Round 5/5: gjs; all 4 checksums match
Microseconds per iteration; lower is faster
kernel	sqgi	sqgi_baseline	node	gjs	python
receiver_integer	0.054935000	0.058340000	0.004477030	0.006030000	0.229518440
root_integer	0.063910000	0.336795000	0.006635335	0.018525000	0.248459040
root_reference	0.086050000	0.097610000	0.007166165	0.015895000	0.196623220
root_integer_result	0.065740000	0.065390000	0.005734100	0.006170000	0.272407495
