{
  "aggregation": "56 equally weighted components; application seed17; nearest-rank p90",
  "speedup": 1.6104848805811107,
  "groups": {
    "kernels-seed17": {
      "count": 15,
      "speedup": 1.0499020123717273
    },
    "applications-seed17": {
      "count": 8,
      "speedup": 1.0012411068987597
    },
    "roots-seed17": {
      "count": 4,
      "speedup": 1.5852026781210495
    },
    "members": {
      "count": 6,
      "speedup": 1.0428105705809678
    },
    "owners": {
      "count": 10,
      "speedup": 6.3967326738227115
    },
    "methods": {
      "count": 6,
      "speedup": 2.5213705747475674
    },
    "floats": {
      "count": 7,
      "speedup": 0.9641644435134388
    }
  },
  "totals": {
    "sqgi_baseline": {
      "node": {
        "geomean": 15.354114524557234,
        "p90": 101.79694105355999
      },
      "gjs": {
        "geomean": 10.154254674743685,
        "p90": 50.49458689458689
      }
    },
    "sqgi": {
      "node": {
        "geomean": 9.5338458061258,
        "p90": 25.044113699627196
      },
      "gjs": {
        "geomean": 6.305091588987612,
        "p90": 14.052387797476442
      }
    }
  },
  "regressions_over_5pct": [
    {
      "suite": "kernels-seed17",
      "name": "direct_call",
      "ns": {
        "sqgi": 35.975,
        "sqgi_baseline": 34.236000000000004,
        "node": 6.7633090000000005,
        "gjs": 10.670937,
        "python": 335.52486999999996
      },
      "speedup": 0.9516608756080612,
      "ranges_ns": {
        "sqgi": [
          35.916999999999994,
          36.007
        ],
        "sqgi_baseline": [
          34.086,
          34.263000000000005
        ],
        "node": [
          6.74736,
          6.771237
        ],
        "gjs": [
          10.650313,
          10.754062
        ],
        "python": [
          333.664205,
          335.927659
        ]
      }
    },
    {
      "suite": "kernels-seed17",
      "name": "float_call",
      "ns": {
        "sqgi": 22.362,
        "sqgi_baseline": 21.274,
        "node": 2.643107,
        "gjs": 9.487812,
        "python": 133.839873
      },
      "speedup": 0.9513460334496021,
      "ranges_ns": {
        "sqgi": [
          22.163999999999998,
          22.381999999999998
        ],
        "sqgi_baseline": [
          20.812,
          21.483999999999998
        ],
        "node": [
          2.6374570000000004,
          2.662614
        ],
        "gjs": [
          9.477186999999999,
          9.492811999999999
        ],
        "python": [
          133.671301,
          134.113695
        ]
      }
    },
    {
      "suite": "floats",
      "name": "channels_4",
      "ns": {
        "sqgi": 84.105,
        "sqgi_baseline": 79.18,
        "node": 5.41181,
        "gjs": 4.6049999999999995
      },
      "speedup": 0.9414422448130313,
      "ranges_ns": {
        "sqgi": [
          81.62,
          84.66
        ],
        "sqgi_baseline": [
          77.86500000000001,
          79.345
        ],
        "node": [
          5.388475000000001,
          5.6655500000000005
        ],
        "gjs": [
          4.58,
          5.065
        ]
      }
    },
    {
      "suite": "floats",
      "name": "pressure_8",
      "ns": {
        "sqgi": 163.715,
        "sqgi_baseline": 153.29000000000002,
        "node": 10.330705,
        "gjs": 10.445
      },
      "speedup": 0.9363222673548546,
      "ranges_ns": {
        "sqgi": [
          162.88,
          164.605
        ],
        "sqgi_baseline": [
          151.4,
          154.315
        ],
        "node": [
          10.186325,
          10.415284999999999
        ],
        "gjs": [
          10.4,
          10.675
        ]
      }
    },
    {
      "suite": "floats",
      "name": "retained_input",
      "ns": {
        "sqgi": 47.129999999999995,
        "sqgi_baseline": 44.37,
        "node": 4.278695,
        "gjs": 4.065
      },
      "speedup": 0.9414385741565882,
      "ranges_ns": {
        "sqgi": [
          46.824999999999996,
          47.574999999999996
        ],
        "sqgi_baseline": [
          44.290000000000006,
          47.265
        ],
        "node": [
          4.2072400000000005,
          4.535360000000001
        ],
        "gjs": [
          4.005,
          4.18
        ]
      }
    }
  ]
}
