{
  "direct_call_kernel-loop": {
    "weak_guard_sites": [
      {
        "byte_offset": 280,
        "instructions": 8,
        "type": "OT_CLOSURE"
      }
    ],
    "added_instructions": 8,
    "normalized_rest_matches": true,
    "old_instructions": 221,
    "new_instructions": 229
  },
  "float_call_kernel-loop": {
    "weak_guard_sites": [
      {
        "byte_offset": 280,
        "instructions": 8,
        "type": "OT_CLOSURE"
      }
    ],
    "added_instructions": 8,
    "normalized_rest_matches": true,
    "old_instructions": 179,
    "new_instructions": 187
  },
  "channels-loop": {
    "weak_guard_sites": [
      {
        "byte_offset": 500,
        "instructions": 8,
        "type": "OT_CLOSURE"
      },
      {
        "byte_offset": 724,
        "instructions": 8,
        "type": "OT_CLOSURE"
      },
      {
        "byte_offset": 948,
        "instructions": 8,
        "type": "OT_CLOSURE"
      },
      {
        "byte_offset": 1172,
        "instructions": 8,
        "type": "OT_CLOSURE"
      }
    ],
    "added_instructions": 32,
    "normalized_rest_matches": true,
    "old_instructions": 412,
    "new_instructions": 444
  },
  "pressure-loop": {
    "weak_guard_sites": [
      {
        "byte_offset": 728,
        "instructions": 8,
        "type": "OT_CLOSURE"
      },
      {
        "byte_offset": 972,
        "instructions": 8,
        "type": "OT_CLOSURE"
      },
      {
        "byte_offset": 1192,
        "instructions": 8,
        "type": "OT_CLOSURE"
      },
      {
        "byte_offset": 1412,
        "instructions": 8,
        "type": "OT_CLOSURE"
      },
      {
        "byte_offset": 1632,
        "instructions": 8,
        "type": "OT_CLOSURE"
      },
      {
        "byte_offset": 1852,
        "instructions": 8,
        "type": "OT_CLOSURE"
      },
      {
        "byte_offset": 2072,
        "instructions": 8,
        "type": "OT_CLOSURE"
      },
      {
        "byte_offset": 2292,
        "instructions": 8,
        "type": "OT_CLOSURE"
      }
    ],
    "added_instructions": 64,
    "normalized_rest_matches": true,
    "old_instructions": 680,
    "new_instructions": 744
  },
  "retained-loop": {
    "weak_guard_sites": [
      {
        "byte_offset": 412,
        "instructions": 8,
        "type": "OT_CLOSURE"
      },
      {
        "byte_offset": 628,
        "instructions": 8,
        "type": "OT_CLOSURE"
      }
    ],
    "added_instructions": 16,
    "normalized_rest_matches": true,
    "old_instructions": 291,
    "new_instructions": 307
  }
}
PASS: added weak-witness address loads, type loads/comparisons and failure branches account for all added instructions; remaining instruction streams match after masking wide immediates and branch displacements. This is relocation-insensitive structural evidence, not a proof that arbitrary immediates are interchangeable.
