{
  "recycle": {
    "local_frame_bytes": 208,
    "mapped_bytes": 8192,
    "sha256": "3eaa2d9eab2aa8450211307eca3628cb3ba21d454588726fc06f8f408ed78cf2",
    "bytecode_count": 36,
    "fadd_instructions": 5,
    "unsigned_bounds_branches": 4,
    "nonfinal_count_branches": 24,
    "source_pin_stores": 15,
    "cache_slot_loads": 13
  },
  "transfer": {
    "local_frame_bytes": 176,
    "mapped_bytes": 4096,
    "sha256": "2ceddf485f3ff6b1b8b6b4ca10f6f2f7446ddf6a222de3c511bc026826782597",
    "bytecode_count": 14,
    "fadd_instructions": 1,
    "unsigned_bounds_branches": 2,
    "nonfinal_count_branches": 8,
    "source_pin_stores": 8,
    "cache_slot_loads": 4
  },
  "publish": {
    "local_frame_bytes": 144,
    "mapped_bytes": 4096,
    "sha256": "382a16df8e322337c608b546bcfd590f358003292742b8dabb15de20c2672896",
    "bytecode_count": 11,
    "fadd_instructions": 1,
    "unsigned_bounds_branches": 1,
    "nonfinal_count_branches": 6,
    "source_pin_stores": 6,
    "cache_slot_loads": 2
  },
  "table_apply": {
    "local_frame_bytes": 144,
    "mapped_bytes": 4096,
    "sha256": "b118862e7c95a9dc95aed8aa57b90102e796c7c3207230ad5bca11dae1c9851d",
    "bytecode_count": 16,
    "fadd_instructions": 2,
    "unsigned_bounds_branches": 6,
    "nonfinal_count_branches": 10,
    "source_pin_stores": 8,
    "cache_slot_loads": 5
  },
  "apply": {
    "local_frame_bytes": 144,
    "mapped_bytes": 4096,
    "sha256": "e965132f600d032e2e9cd68a4b373c70defc3da14dd3553ce61435c5d32e2253",
    "bytecode_count": 16,
    "fadd_instructions": 2,
    "unsigned_bounds_branches": 6,
    "nonfinal_count_branches": 10,
    "source_pin_stores": 8,
    "cache_slot_loads": 5
  }
}
