{
  "branch_call_kernel-loop": {
    "weak_guard_sites": [
      {
        "byte_offset": 280,
        "instructions": 8,
        "type": "OT_CLOSURE"
      }
    ],
    "added_instructions": 8,
    "normalized_rest_matches": true,
    "old_instructions": 224,
    "new_instructions": 232
  },
  "array_append_kernel-entry": {
    "weak_guard_sites": [],
    "added_instructions": 0,
    "normalized_rest_matches": true,
    "old_instructions": 341,
    "new_instructions": 341
  },
  "filter-loop": {
    "weak_guard_sites": [
      {
        "byte_offset": 280,
        "instructions": 8,
        "type": "OT_CLOSURE"
      }
    ],
    "added_instructions": 8,
    "normalized_rest_matches": true,
    "old_instructions": 190,
    "new_instructions": 198
  }
}
PASS: added weak-witness address loads, type loads/comparisons and failure branches account for all added instructions; remaining instruction streams match after masking wide immediates and branch displacements. This is relocation-insensitive structural evidence, not a proof that arbitrary immediates are interchangeable.
