{
  "kernel-w4": {
    "per_case": {
      "direct_call": {
        "medians_ns": {
          "audit": 34.107,
          "v17": 34.004,
          "v18": 35.846000000000004,
          "v18_repeat": 35.827
        },
        "v18_over_audit": 1.050986600990999,
        "v18_over_v17": 1.0541700976355723,
        "identical_repeat_over_v18": 0.9994699548066729
      },
      "branch_call": {
        "medians_ns": {
          "audit": 31.9,
          "v17": 31.535,
          "v18": 33.319,
          "v18_repeat": 33.304
        },
        "v18_over_audit": 1.0444827586206897,
        "v18_over_v17": 1.0565720627873791,
        "identical_repeat_over_v18": 0.9995498064167592
      },
      "float_call": {
        "medians_ns": {
          "audit": 21.187,
          "v17": 20.907,
          "v18": 22.384,
          "v18_repeat": 22.384999999999998
        },
        "v18_over_audit": 1.056496908481616,
        "v18_over_v17": 1.0706461950542883,
        "identical_repeat_over_v18": 1.000044674767691
      },
      "numeric_loop": {
        "medians_ns": {
          "audit": 22.804000000000002,
          "v17": 22.808,
          "v18": 22.833,
          "v18_repeat": 22.863000000000003
        },
        "v18_over_audit": 1.0012717067181196,
        "v18_over_v17": 1.001096106629253,
        "identical_repeat_over_v18": 1.0013138877939824
      },
      "vector": {
        "medians_ns": {
          "audit": 380.031,
          "v17": 373.53799999999995,
          "v18": 376.41200000000003,
          "v18_repeat": 375.944
        },
        "v18_over_audit": 0.9904770926582306,
        "v18_over_v17": 1.0076939963270137,
        "identical_repeat_over_v18": 0.9987566815085597
      },
      "dynamic_member": {
        "medians_ns": {
          "audit": 1514.0629999999999,
          "v17": 726.125,
          "v18": 724.425,
          "v18_repeat": 725.163
        },
        "v18_over_audit": 0.4784642382780637,
        "v18_over_v17": 0.9976588053021174,
        "identical_repeat_over_v18": 1.0010187389998966
      },
      "dynamic_key_get_set": {
        "medians_ns": {
          "audit": 182.719,
          "v17": 182.56900000000002,
          "v18": 182.475,
          "v18_repeat": 182.694
        },
        "v18_over_audit": 0.9986646161592391,
        "v18_over_v17": 0.9994851261714748,
        "identical_repeat_over_v18": 1.001200164406083
      },
      "object_member_write_fallback": {
        "medians_ns": {
          "audit": 472.906,
          "v17": 471.069,
          "v18": 471.47499999999997,
          "v18_repeat": 471.863
        },
        "v18_over_audit": 0.9969740286653161,
        "v18_over_v17": 1.0008618694925795,
        "identical_repeat_over_v18": 1.0008229492549976
      },
      "array_append": {
        "medians_ns": {
          "audit": 113.94999999999999,
          "v17": 138.838,
          "v18": 136.619,
          "v18_repeat": 128.73100000000002
        },
        "v18_over_audit": 1.198938130759105,
        "v18_over_v17": 0.9840173439548251,
        "identical_repeat_over_v18": 0.942262789216727
      },
      "array_write": {
        "medians_ns": {
          "audit": 36.806,
          "v17": 36.925,
          "v18": 36.818999999999996,
          "v18_repeat": 36.812
        },
        "v18_over_audit": 1.0003532032820734,
        "v18_over_v17": 0.9971293161814488,
        "identical_repeat_over_v18": 0.9998098807680817
      },
      "array_read": {
        "medians_ns": {
          "audit": 7.401,
          "v17": 7.015000000000001,
          "v18": 7.097,
          "v18_repeat": 7.059
        },
        "v18_over_audit": 0.9589244696662613,
        "v18_over_v17": 1.0116892373485389,
        "identical_repeat_over_v18": 0.9946456249119346
      },
      "array_float": {
        "medians_ns": {
          "audit": 7.074000000000001,
          "v17": 6.779,
          "v18": 6.765000000000001,
          "v18_repeat": 6.794
        },
        "v18_over_audit": 0.9563189143341815,
        "v18_over_v17": 0.9979347986428677,
        "identical_repeat_over_v18": 1.0042867701404286
      },
      "math_intrinsic": {
        "medians_ns": {
          "audit": 201.46900000000002,
          "v17": 201.044,
          "v18": 205.225,
          "v18_repeat": 206.80599999999998
        },
        "v18_over_audit": 1.0186430666752702,
        "v18_over_v17": 1.0207964425697857,
        "identical_repeat_over_v18": 1.0077037397977828
      },
      "math_variable": {
        "medians_ns": {
          "audit": 217.463,
          "v17": 218.562,
          "v18": 221.456,
          "v18_repeat": 222.413
        },
        "v18_over_audit": 1.018361744296731,
        "v18_over_v17": 1.0132410940602665,
        "identical_repeat_over_v18": 1.0043214001878478
      },
      "matrix": {
        "medians_ns": {
          "audit": 314.306,
          "v17": 309.3,
          "v18": 310.35,
          "v18_repeat": 310.531
        },
        "v18_over_audit": 0.9874135396715304,
        "v18_over_v17": 1.0033947623666344,
        "identical_repeat_over_v18": 1.0005832125020138
      }
    },
    "regressions_over_5pct_against_v17": [
      "direct_call",
      "branch_call",
      "float_call"
    ],
    "geomean_v18_over_v17": 1.014132430349442
  },
  "floats-w4": {
    "per_case": {
      "filter": {
        "medians_ns": {
          "audit": 23.545,
          "v17": 23.474999999999998,
          "v18": 24.815,
          "v18_repeat": 24.735,
          "node": 2.44559
        },
        "v18_over_audit": 1.0539392652367807,
        "v18_over_v17": 1.0570820021299254,
        "identical_repeat_over_v18": 0.9967761434616159
      },
      "channels_4": {
        "medians_ns": {
          "audit": 77.86999999999999,
          "v17": 77.97999999999999,
          "v18": 83.90499999999999,
          "v18_repeat": 83.75,
          "node": 5.461385
        },
        "v18_over_audit": 1.077500963143701,
        "v18_over_v17": 1.0759810207745575,
        "identical_repeat_over_v18": 0.9981526726655147
      },
      "pressure_8": {
        "medians_ns": {
          "audit": 153.445,
          "v17": 151.46499999999997,
          "v18": 163.1,
          "v18_repeat": 162.67999999999998,
          "node": 10.31903
        },
        "v18_over_audit": 1.06292156798853,
        "v18_over_v17": 1.0768164262370845,
        "identical_repeat_over_v18": 0.9974248927038626
      },
      "integration": {
        "medians_ns": {
          "audit": 37.19,
          "v17": 37.71,
          "v18": 37.75,
          "v18_repeat": 38.345,
          "node": 7.717395
        },
        "v18_over_audit": 1.0150578112395805,
        "v18_over_v17": 1.0010607265977194,
        "identical_repeat_over_v18": 1.0157615894039735
      },
      "retained_input": {
        "medians_ns": {
          "audit": 44.16,
          "v17": 44.540000000000006,
          "v18": 47.015,
          "v18_repeat": 47.135000000000005,
          "node": 4.20432
        },
        "v18_over_audit": 1.0646512681159421,
        "v18_over_v17": 1.0555680287382128,
        "identical_repeat_over_v18": 1.0025523769009892
      },
      "branching": {
        "medians_ns": {
          "audit": 31.544999999999998,
          "v17": 30.555,
          "v18": 31.66,
          "v18_repeat": 31.61,
          "node": 6.4530400000000006
        },
        "v18_over_audit": 1.0036455856712634,
        "v18_over_v17": 1.0361642938962528,
        "identical_repeat_over_v18": 0.9984207201516109
      },
      "helper_control": {
        "medians_ns": {
          "audit": 54.565000000000005,
          "v17": 54.805,
          "v18": 56.195,
          "v18_repeat": 55.715,
          "node": 3.6253650000000004
        },
        "v18_over_audit": 1.0298726289746174,
        "v18_over_v17": 1.0253626493933037,
        "identical_repeat_over_v18": 0.9914583147966901
      }
    },
    "regressions_over_5pct_against_v17": [
      "filter",
      "channels_4",
      "pressure_8",
      "retained_input"
    ],
    "geomean_v18_over_v17": 1.0465458188240395
  },
  "kernel-w5": {
    "per_case": {
      "direct_call": {
        "medians_ns": {
          "audit": 34.056999999999995,
          "v17": 33.901,
          "v18": 35.79,
          "v18_repeat": 35.882
        },
        "v18_over_audit": 1.050885280559063,
        "v18_over_v17": 1.0557210701749211,
        "identical_repeat_over_v18": 1.0025705504330817
      },
      "branch_call": {
        "medians_ns": {
          "audit": 31.895,
          "v17": 31.454000000000004,
          "v18": 33.331,
          "v18_repeat": 33.332
        },
        "v18_over_audit": 1.0450227308355542,
        "v18_over_v17": 1.0596744452215934,
        "identical_repeat_over_v18": 1.0000300021001471
      },
      "float_call": {
        "medians_ns": {
          "audit": 21.491,
          "v17": 20.840999999999998,
          "v18": 22.366,
          "v18_repeat": 22.381
        },
        "v18_over_audit": 1.0407147177888418,
        "v18_over_v17": 1.0731730723093902,
        "identical_repeat_over_v18": 1.0006706608244658
      },
      "numeric_loop": {
        "medians_ns": {
          "audit": 22.75,
          "v17": 22.791999999999998,
          "v18": 22.813,
          "v18_repeat": 22.82
        },
        "v18_over_audit": 1.0027692307692309,
        "v18_over_v17": 1.000921375921376,
        "identical_repeat_over_v18": 1.0003068425897514
      },
      "vector": {
        "medians_ns": {
          "audit": 384.181,
          "v17": 375.99399999999997,
          "v18": 376.08799999999997,
          "v18_repeat": 374.163
        },
        "v18_over_audit": 0.9789344085209836,
        "v18_over_v17": 1.0002500039894253,
        "identical_repeat_over_v18": 0.9948815170917447
      },
      "dynamic_member": {
        "medians_ns": {
          "audit": 1510.819,
          "v17": 724.638,
          "v18": 724.694,
          "v18_repeat": 723.9499999999999
        },
        "v18_over_audit": 0.47966963613775043,
        "v18_over_v17": 1.0000772799659967,
        "identical_repeat_over_v18": 0.9989733597904771
      },
      "dynamic_key_get_set": {
        "medians_ns": {
          "audit": 182.431,
          "v17": 182.388,
          "v18": 182.625,
          "v18_repeat": 182.60000000000002
        },
        "v18_over_audit": 1.0010634157571905,
        "v18_over_v17": 1.0012994275939207,
        "identical_repeat_over_v18": 0.9998631074606434
      },
      "object_member_write_fallback": {
        "medians_ns": {
          "audit": 472.906,
          "v17": 471.913,
          "v18": 470.156,
          "v18_repeat": 470.61199999999997
        },
        "v18_over_audit": 0.994184890866261,
        "v18_over_v17": 0.996276856115428,
        "identical_repeat_over_v18": 1.0009698908447409
      },
      "array_append": {
        "medians_ns": {
          "audit": 133.137,
          "v17": 112.219,
          "v18": 127.031,
          "v18_repeat": 137.36200000000002
        },
        "v18_over_audit": 0.9541374674207771,
        "v18_over_v17": 1.1319919086785661,
        "identical_repeat_over_v18": 1.0813266053168125
      },
      "array_write": {
        "medians_ns": {
          "audit": 36.744,
          "v17": 36.85,
          "v18": 36.806,
          "v18_repeat": 36.963
        },
        "v18_over_audit": 1.0016873503156978,
        "v18_over_v17": 0.9988059701492537,
        "identical_repeat_over_v18": 1.0042656088681194
      },
      "array_read": {
        "medians_ns": {
          "audit": 7.46,
          "v17": 7.072,
          "v18": 7.058,
          "v18_repeat": 7.058
        },
        "v18_over_audit": 0.9461126005361931,
        "v18_over_v17": 0.9980203619909502,
        "identical_repeat_over_v18": 1.0
      },
      "array_float": {
        "medians_ns": {
          "audit": 7.07,
          "v17": 6.758,
          "v18": 6.7669999999999995,
          "v18_repeat": 6.793
        },
        "v18_over_audit": 0.9571428571428571,
        "v18_over_v17": 1.0013317549570877,
        "identical_repeat_over_v18": 1.0038421752623026
      },
      "math_intrinsic": {
        "medians_ns": {
          "audit": 201.412,
          "v17": 201.17499999999998,
          "v18": 204.931,
          "v18_repeat": 205.15
        },
        "v18_over_audit": 1.0174716501499415,
        "v18_over_v17": 1.018670311917485,
        "identical_repeat_over_v18": 1.0010686523756775
      },
      "math_variable": {
        "medians_ns": {
          "audit": 217.79399999999998,
          "v17": 217.375,
          "v18": 221.637,
          "v18_repeat": 221.73100000000002
        },
        "v18_over_audit": 1.0176451141904737,
        "v18_over_v17": 1.0196066705002875,
        "identical_repeat_over_v18": 1.0004241169118875
      },
      "matrix": {
        "medians_ns": {
          "audit": 314.75,
          "v17": 310.29400000000004,
          "v18": 310.41200000000003,
          "v18_repeat": 310.20599999999996
        },
        "v18_over_audit": 0.9862176330420971,
        "v18_over_v17": 1.0003802845043732,
        "identical_repeat_over_v18": 0.9993363658621444
      }
    },
    "regressions_over_5pct_against_v17": [
      "direct_call",
      "branch_call",
      "float_call",
      "array_append"
    ],
    "geomean_v18_over_v17": 1.023065375190286
  },
  "floats-w5": {
    "per_case": {
      "filter": {
        "medians_ns": {
          "audit": 23.3,
          "v17": 23.355,
          "v18": 24.94,
          "v18_repeat": 24.78,
          "node": 2.452885
        },
        "v18_over_audit": 1.0703862660944206,
        "v18_over_v17": 1.0678655534146864,
        "identical_repeat_over_v18": 0.9935846030473136
      },
      "channels_4": {
        "medians_ns": {
          "audit": 78.46000000000001,
          "v17": 77.39500000000001,
          "v18": 84.43,
          "v18_repeat": 84.425,
          "node": 5.4205499999999995
        },
        "v18_over_audit": 1.076089727249554,
        "v18_over_v17": 1.090897344789715,
        "identical_repeat_over_v18": 0.9999407793438351
      },
      "pressure_8": {
        "medians_ns": {
          "audit": 152.365,
          "v17": 151.76999999999998,
          "v18": 162.575,
          "v18_repeat": 164.22500000000002,
          "node": 10.316115
        },
        "v18_over_audit": 1.0670101401240442,
        "v18_over_v17": 1.0711932529485406,
        "identical_repeat_over_v18": 1.0101491619252654
      },
      "integration": {
        "medians_ns": {
          "audit": 37.11,
          "v17": 37.49,
          "v18": 38.46,
          "v18_repeat": 37.464999999999996,
          "node": 7.520525
        },
        "v18_over_audit": 1.0363783346806792,
        "v18_over_v17": 1.0258735662843426,
        "identical_repeat_over_v18": 0.9741289651586063
      },
      "retained_input": {
        "medians_ns": {
          "audit": 44.21,
          "v17": 44.394999999999996,
          "v18": 47.47,
          "v18_repeat": 46.985,
          "node": 4.250985
        },
        "v18_over_audit": 1.073738973083013,
        "v18_over_v17": 1.0692645568194616,
        "identical_repeat_over_v18": 0.989783020855277
      },
      "branching": {
        "medians_ns": {
          "audit": 31.435,
          "v17": 30.515,
          "v18": 31.655,
          "v18_repeat": 31.49,
          "node": 6.437
        },
        "v18_over_audit": 1.0069985684746303,
        "v18_over_v17": 1.0373586760609537,
        "identical_repeat_over_v18": 0.9947875533091137
      },
      "helper_control": {
        "medians_ns": {
          "audit": 55.095,
          "v17": 54.71,
          "v18": 55.84,
          "v18_repeat": 55.76,
          "node": 3.604955
        },
        "v18_over_audit": 1.0135220981940285,
        "v18_over_v17": 1.0206543593492963,
        "identical_repeat_over_v18": 0.9985673352435529
      }
    },
    "regressions_over_5pct_against_v17": [
      "filter",
      "channels_4",
      "pressure_8",
      "retained_input"
    ],
    "geomean_v18_over_v17": 1.054440635738804
  },
  "native_call_captures": {
    "direct_call_kernel-loop": {
      "control": {
        "code_bytes": 884,
        "mapped_bytes": 4096,
        "weak_witnesses": [
          {
            "address": 187649985859280,
            "type": "OT_TABLE",
            "type_bits": 167772192,
            "tag_offset": 24,
            "referent": 187649985791904
          }
        ]
      },
      "candidate": {
        "code_bytes": 916,
        "mapped_bytes": 4096,
        "weak_witnesses": [
          {
            "address": 187649985859280,
            "type": "OT_TABLE",
            "type_bits": 167772192,
            "tag_offset": 24,
            "referent": 187649985791904
          },
          {
            "address": 187649985973552,
            "type": "OT_CLOSURE",
            "type_bits": 134217984,
            "tag_offset": 24,
            "referent": 187649987136496
          }
        ]
      },
      "added_code_bytes": 32
    },
    "float_call_kernel-loop": {
      "control": {
        "code_bytes": 716,
        "mapped_bytes": 4096,
        "weak_witnesses": [
          {
            "address": 187649985859280,
            "type": "OT_TABLE",
            "type_bits": 167772192,
            "tag_offset": 24,
            "referent": 187649985791904
          }
        ]
      },
      "candidate": {
        "code_bytes": 748,
        "mapped_bytes": 4096,
        "weak_witnesses": [
          {
            "address": 187649985859280,
            "type": "OT_TABLE",
            "type_bits": 167772192,
            "tag_offset": 24,
            "referent": 187649985791904
          },
          {
            "address": 187649986003344,
            "type": "OT_CLOSURE",
            "type_bits": 134217984,
            "tag_offset": 24,
            "referent": 187649987136944
          }
        ]
      },
      "added_code_bytes": 32
    },
    "channels-loop": {
      "control": {
        "code_bytes": 1648,
        "mapped_bytes": 4096,
        "weak_witnesses": [
          {
            "address": 187649985859280,
            "type": "OT_TABLE",
            "type_bits": 167772192,
            "tag_offset": 24,
            "referent": 187649985791904
          }
        ]
      },
      "candidate": {
        "code_bytes": 1776,
        "mapped_bytes": 4096,
        "weak_witnesses": [
          {
            "address": 187649985859280,
            "type": "OT_TABLE",
            "type_bits": 167772192,
            "tag_offset": 24,
            "referent": 187649985791904
          },
          {
            "address": 187649987097408,
            "type": "OT_CLOSURE",
            "type_bits": 134217984,
            "tag_offset": 24,
            "referent": 187649987092464
          }
        ]
      },
      "added_code_bytes": 128
    },
    "pressure-loop": {
      "control": {
        "code_bytes": 2720,
        "mapped_bytes": 4096,
        "weak_witnesses": [
          {
            "address": 187649985859280,
            "type": "OT_TABLE",
            "type_bits": 167772192,
            "tag_offset": 24,
            "referent": 187649985791904
          }
        ]
      },
      "candidate": {
        "code_bytes": 2976,
        "mapped_bytes": 4096,
        "weak_witnesses": [
          {
            "address": 187649985859280,
            "type": "OT_TABLE",
            "type_bits": 167772192,
            "tag_offset": 24,
            "referent": 187649985791904
          },
          {
            "address": 187649987097408,
            "type": "OT_CLOSURE",
            "type_bits": 134217984,
            "tag_offset": 24,
            "referent": 187649987092464
          }
        ]
      },
      "added_code_bytes": 256
    },
    "retained-loop": {
      "control": {
        "code_bytes": 1164,
        "mapped_bytes": 4096,
        "weak_witnesses": [
          {
            "address": 187649985859280,
            "type": "OT_TABLE",
            "type_bits": 167772192,
            "tag_offset": 24,
            "referent": 187649985791904
          }
        ]
      },
      "candidate": {
        "code_bytes": 1228,
        "mapped_bytes": 4096,
        "weak_witnesses": [
          {
            "address": 187649985859280,
            "type": "OT_TABLE",
            "type_bits": 167772192,
            "tag_offset": 24,
            "referent": 187649985791904
          },
          {
            "address": 187649987109360,
            "type": "OT_CLOSURE",
            "type_bits": 134217984,
            "tag_offset": 24,
            "referent": 187649987092800
          },
          {
            "address": 187649987097408,
            "type": "OT_CLOSURE",
            "type_bits": 134217984,
            "tag_offset": 24,
            "referent": 187649987092464
          }
        ]
      },
      "added_code_bytes": 64
    },
    "branch_call_kernel-loop": {
      "control": {
        "code_bytes": 896,
        "mapped_bytes": 4096,
        "weak_witnesses": [
          {
            "address": 187649985859280,
            "type": "OT_TABLE",
            "type_bits": 167772192,
            "tag_offset": 24,
            "referent": 187649985791904
          }
        ]
      },
      "candidate": {
        "code_bytes": 928,
        "mapped_bytes": 4096,
        "weak_witnesses": [
          {
            "address": 187649985859280,
            "type": "OT_TABLE",
            "type_bits": 167772192,
            "tag_offset": 24,
            "referent": 187649985791904
          },
          {
            "address": 187649985945296,
            "type": "OT_CLOSURE",
            "type_bits": 134217984,
            "tag_offset": 24,
            "referent": 187649987136720
          }
        ]
      },
      "added_code_bytes": 32
    },
    "array_append_kernel-entry": {
      "control": {
        "code_bytes": 1364,
        "mapped_bytes": 4096,
        "weak_witnesses": [
          {
            "address": 187649985859280,
            "type": "OT_TABLE",
            "type_bits": 167772192,
            "tag_offset": 24,
            "referent": 187649985791904
          }
        ]
      },
      "candidate": {
        "code_bytes": 1364,
        "mapped_bytes": 4096,
        "weak_witnesses": [
          {
            "address": 187649985859280,
            "type": "OT_TABLE",
            "type_bits": 167772192,
            "tag_offset": 24,
            "referent": 187649985791904
          }
        ]
      },
      "added_code_bytes": 0
    },
    "filter-loop": {
      "control": {
        "code_bytes": 760,
        "mapped_bytes": 4096,
        "weak_witnesses": [
          {
            "address": 187649985859280,
            "type": "OT_TABLE",
            "type_bits": 167772192,
            "tag_offset": 24,
            "referent": 187649985791904
          }
        ]
      },
      "candidate": {
        "code_bytes": 792,
        "mapped_bytes": 4096,
        "weak_witnesses": [
          {
            "address": 187649985859280,
            "type": "OT_TABLE",
            "type_bits": 167772192,
            "tag_offset": 24,
            "referent": 187649985791904
          },
          {
            "address": 187649987097408,
            "type": "OT_CLOSURE",
            "type_bits": 134217984,
            "tag_offset": 24,
            "referent": 187649987092464
          }
        ]
      },
      "added_code_bytes": 32
    }
  }
}
