{
  "verified": true,
  "binary_sha256": "368d035b336f997a7f5a5e6a5bdbf7fa092ce53aa1d8f59e9ddb476f848eecfa",
  "rows": {
    "table_apply": {
      "native_entries": 38,
      "code_bytes": 3940,
      "mapped_bytes": 4096,
      "successful_emission": {
        "tier": 6,
        "owning_postincrement": 0,
        "cold_lookups": 1
      },
      "attempts": [
        {
          "tier": 6,
          "owning_postincrement": 0,
          "cold_lookups": 1
        }
      ],
      "normalized_equal_to_independent_capture": true
    },
    "apply": {
      "native_entries": 38,
      "code_bytes": 3940,
      "mapped_bytes": 4096,
      "successful_emission": {
        "tier": 6,
        "owning_postincrement": 0,
        "cold_lookups": 1
      },
      "attempts": [
        {
          "tier": 6,
          "owning_postincrement": 0,
          "cold_lookups": 1
        }
      ],
      "normalized_equal_to_independent_capture": true
    },
    "rotate_buffers": {
      "native_entries": 4,
      "code_bytes": 7884,
      "mapped_bytes": 8192,
      "successful_emission": {
        "tier": 2,
        "owning_postincrement": 0,
        "cold_lookups": 0
      },
      "attempts": [
        {
          "tier": 6,
          "owning_postincrement": 1,
          "cold_lookups": 0
        },
        {
          "tier": 6,
          "owning_postincrement": 0,
          "cold_lookups": 0
        },
        {
          "tier": 5,
          "owning_postincrement": 1,
          "cold_lookups": 0
        },
        {
          "tier": 5,
          "owning_postincrement": 0,
          "cold_lookups": 0
        },
        {
          "tier": 4,
          "owning_postincrement": 1,
          "cold_lookups": 0
        },
        {
          "tier": 4,
          "owning_postincrement": 0,
          "cold_lookups": 0
        },
        {
          "tier": 3,
          "owning_postincrement": 0,
          "cold_lookups": 0
        },
        {
          "tier": 2,
          "owning_postincrement": 0,
          "cold_lookups": 0
        }
      ],
      "normalized_equal_to_independent_capture": true
    },
    "recycle": {
      "native_entries": 20,
      "code_bytes": 7344,
      "mapped_bytes": 8192,
      "successful_emission": {
        "tier": 6,
        "owning_postincrement": 1,
        "cold_lookups": 0
      },
      "attempts": [
        {
          "tier": 6,
          "owning_postincrement": 1,
          "cold_lookups": 0
        }
      ],
      "normalized_equal_to_independent_capture": true
    },
    "transfer": {
      "native_entries": 114,
      "code_bytes": 3572,
      "mapped_bytes": 4096,
      "successful_emission": {
        "tier": 6,
        "owning_postincrement": 0,
        "cold_lookups": 1
      },
      "attempts": [
        {
          "tier": 6,
          "owning_postincrement": 0,
          "cold_lookups": 1
        }
      ],
      "normalized_equal_to_independent_capture": true
    },
    "publish": {
      "native_entries": 114,
      "code_bytes": 2984,
      "mapped_bytes": 4096,
      "successful_emission": {
        "tier": 6,
        "owning_postincrement": 0,
        "cold_lookups": 1
      },
      "attempts": [
        {
          "tier": 6,
          "owning_postincrement": 0,
          "cold_lookups": 1
        }
      ],
      "normalized_equal_to_independent_capture": true
    }
  },
  "metadata_sha256": "6875e052664a779c107b9ad514b788030702828778a49c53f849b5e546644857",
  "log_sha256": "81cef630ce0ec72218bc211c5988f413074f119f807231356d856c1dbd66b6f9"
}
