{
  "binary_sha256": "368d035b336f997a7f5a5e6a5bdbf7fa092ce53aa1d8f59e9ddb476f848eecfa",
  "full56_speedup_over_audit": 1.8783061230149736,
  "runtime_ratios": {
    "node": {
      "geomean": 8.123045924717426,
      "p90": 23.026168858203995
    },
    "gjs": {
      "geomean": 5.399528168506118,
      "p90": 12.619815307559868
    }
  },
  "full56_regressions_over_5pct": [],
  "control_regressions_over_5pct": {
    "application-w4": {
      "repeat_regressions_over_5pct_against_v26": [
        "records_4096"
      ]
    },
    "application-w5": {
      "regressions_over_5pct_against_v26": [
        "records_4096"
      ]
    }
  },
  "profitability": {
    "owners": {
      "geomean_on_over_off": 0.3943874856180572,
      "per_case_on_over_off": {
        "table_owners_1": 0.3968359349698815,
        "table_owners_2": 0.3964839007333301,
        "table_owners_5": 0.39621511364372203,
        "table_owners_19": 0.396589107148636,
        "table_owners_257": 0.3963896810993,
        "class_owners_1": 0.39212865272715647,
        "class_owners_2": 0.3919305593298912,
        "class_owners_5": 0.3923156801661475,
        "class_owners_19": 0.3918895186397382,
        "class_owners_257": 0.39315475240254144
      }
    },
    "methods": {
      "geomean_on_over_off": 0.9765111955577611,
      "per_case_on_over_off": {
        "transfer_table": 0.9655465402934348,
        "transfer_class": 0.9795865784388359,
        "transfer_mixed": 0.8862473223801535,
        "publish_table": 1.015604277773075,
        "publish_class": 1.0476251222519881,
        "publish_mixed": 0.9722142013387584
      }
    },
    "roots": {
      "geomean_on_over_off": 0.2904664446733844,
      "per_case_on_over_off": {
        "receiver_integer": 0.28413803897018547,
        "root_integer": 0.2653108099642939,
        "root_reference": 0.3616033841920447,
        "root_integer_result": 0.2611361911230075
      }
    }
  },
  "profiles": {
    "kernels": {
      "lost_samples": 0,
      "data_bytes": 18659012
    },
    "applications": {
      "lost_samples": 0,
      "data_bytes": 4714540
    },
    "roots": {
      "lost_samples": 0,
      "data_bytes": 1930784
    },
    "members": {
      "lost_samples": 0,
      "data_bytes": 10637576
    },
    "owners": {
      "lost_samples": 0,
      "data_bytes": 7535152
    },
    "methods": {
      "lost_samples": 0,
      "data_bytes": 14268180
    },
    "floats": {
      "lost_samples": 0,
      "data_bytes": 1709432
    }
  },
  "performance_acceptance_checks_pass": false,
  "goal_targets_met": false,
  "first_milestone_met": false
}
