1 5 1 v26 8 checksums match
1 5 1 v27 8 checksums match
1 5 1 v26_repeat 8 checksums match
1 5 1 v27_repeat 8 checksums match
1 5 2 v27 8 checksums match
1 5 2 v26_repeat 8 checksums match
1 5 2 v27_repeat 8 checksums match
1 5 2 v26 8 checksums match
1 5 3 v26_repeat 8 checksums match
1 5 3 v27_repeat 8 checksums match
1 5 3 v26 8 checksums match
1 5 3 v27 8 checksums match
1 5 4 v27_repeat 8 checksums match
1 5 4 v26 8 checksums match
1 5 4 v27 8 checksums match
1 5 4 v26_repeat 8 checksums match
1 5 5 v26 8 checksums match
1 5 5 v27 8 checksums match
1 5 5 v26_repeat 8 checksums match
1 5 5 v27_repeat 8 checksums match
RECORDS_MEDIANS 1 5 {"v26": 0.229478279, "v27": 0.226498301, "v26_repeat": 0.231378265, "v27_repeat": 0.234530741}
1 4 1 v26 8 checksums match
1 4 1 v27 8 checksums match
1 4 1 v26_repeat 8 checksums match
1 4 1 v27_repeat 8 checksums match
1 4 2 v27 8 checksums match
1 4 2 v26_repeat 8 checksums match
1 4 2 v27_repeat 8 checksums match
1 4 2 v26 8 checksums match
1 4 3 v26_repeat 8 checksums match
1 4 3 v27_repeat 8 checksums match
1 4 3 v26 8 checksums match
1 4 3 v27 8 checksums match
1 4 4 v27_repeat 8 checksums match
1 4 4 v26 8 checksums match
1 4 4 v27 8 checksums match
1 4 4 v26_repeat 8 checksums match
1 4 5 v26 8 checksums match
1 4 5 v27 8 checksums match
1 4 5 v26_repeat 8 checksums match
1 4 5 v27_repeat 8 checksums match
RECORDS_MEDIANS 1 4 {"v26": 0.23864821, "v27": 0.228810784, "v26_repeat": 0.226383302, "v27_repeat": 0.233725747}
2 4 1 v27 8 checksums match
2 4 1 v26_repeat 8 checksums match
2 4 1 v27_repeat 8 checksums match
2 4 1 v26 8 checksums match
2 4 2 v26_repeat 8 checksums match
2 4 2 v27_repeat 8 checksums match
2 4 2 v26 8 checksums match
2 4 2 v27 8 checksums match
2 4 3 v27_repeat 8 checksums match
2 4 3 v26 8 checksums match
2 4 3 v27 8 checksums match
2 4 3 v26_repeat 8 checksums match
2 4 4 v26 8 checksums match
2 4 4 v27 8 checksums match
2 4 4 v26_repeat 8 checksums match
2 4 4 v27_repeat 8 checksums match
2 4 5 v27 8 checksums match
2 4 5 v26_repeat 8 checksums match
2 4 5 v27_repeat 8 checksums match
2 4 5 v26 8 checksums match
RECORDS_MEDIANS 2 4 {"v26": 0.233265751, "v27": 0.232875753, "v26_repeat": 0.229430779, "v27_repeat": 0.229590778}
2 5 1 v27 8 checksums match
2 5 1 v26_repeat 8 checksums match
2 5 1 v27_repeat 8 checksums match
2 5 1 v26 8 checksums match
2 5 2 v26_repeat 8 checksums match
2 5 2 v27_repeat 8 checksums match
2 5 2 v26 8 checksums match
2 5 2 v27 8 checksums match
2 5 3 v27_repeat 8 checksums match
2 5 3 v26 8 checksums match
2 5 3 v27 8 checksums match
2 5 3 v26_repeat 8 checksums match
2 5 4 v26 8 checksums match
2 5 4 v27 8 checksums match
2 5 4 v26_repeat 8 checksums match
2 5 4 v27_repeat 8 checksums match
2 5 5 v27 8 checksums match
2 5 5 v26_repeat 8 checksums match
2 5 5 v27_repeat 8 checksums match
2 5 5 v26 8 checksums match
RECORDS_MEDIANS 2 5 {"v26": 0.230525771, "v27": 0.224725815, "v26_repeat": 0.229408279, "v27_repeat": 0.231280765}
3 5 1 v26_repeat 8 checksums match
3 5 1 v27_repeat 8 checksums match
3 5 1 v26 8 checksums match
3 5 1 v27 8 checksums match
3 5 2 v27_repeat 8 checksums match
3 5 2 v26 8 checksums match
3 5 2 v27 8 checksums match
3 5 2 v26_repeat 8 checksums match
3 5 3 v26 8 checksums match
3 5 3 v27 8 checksums match
3 5 3 v26_repeat 8 checksums match
3 5 3 v27_repeat 8 checksums match
3 5 4 v27 8 checksums match
3 5 4 v26_repeat 8 checksums match
3 5 4 v27_repeat 8 checksums match
3 5 4 v26 8 checksums match
3 5 5 v26_repeat 8 checksums match
3 5 5 v27_repeat 8 checksums match
3 5 5 v26 8 checksums match
3 5 5 v27 8 checksums match
RECORDS_MEDIANS 3 5 {"v26": 0.228973283, "v27": 0.225085812, "v26_repeat": 0.228865784, "v27_repeat": 0.22533081}
3 4 1 v26_repeat 8 checksums match
3 4 1 v27_repeat 8 checksums match
3 4 1 v26 8 checksums match
3 4 1 v27 8 checksums match
3 4 2 v27_repeat 8 checksums match
3 4 2 v26 8 checksums match
3 4 2 v27 8 checksums match
3 4 2 v26_repeat 8 checksums match
3 4 3 v26 8 checksums match
3 4 3 v27 8 checksums match
3 4 3 v26_repeat 8 checksums match
3 4 3 v27_repeat 8 checksums match
3 4 4 v27 8 checksums match
3 4 4 v26_repeat 8 checksums match
3 4 4 v27_repeat 8 checksums match
3 4 4 v26 8 checksums match
3 4 5 v26_repeat 8 checksums match
3 4 5 v27_repeat 8 checksums match
3 4 5 v26 8 checksums match
3 4 5 v27 8 checksums match
RECORDS_MEDIANS 3 4 {"v26": 0.222495831, "v27": 0.225118312, "v26_repeat": 0.224408317, "v27_repeat": 0.228340787}
4 4 1 v27_repeat 8 checksums match
4 4 1 v26 8 checksums match
4 4 1 v27 8 checksums match
4 4 1 v26_repeat 8 checksums match
4 4 2 v26 8 checksums match
4 4 2 v27 8 checksums match
4 4 2 v26_repeat 8 checksums match
4 4 2 v27_repeat 8 checksums match
4 4 3 v27 8 checksums match
4 4 3 v26_repeat 8 checksums match
4 4 3 v27_repeat 8 checksums match
4 4 3 v26 8 checksums match
4 4 4 v26_repeat 8 checksums match
4 4 4 v27_repeat 8 checksums match
4 4 4 v26 8 checksums match
4 4 4 v27 8 checksums match
4 4 5 v27_repeat 8 checksums match
4 4 5 v26 8 checksums match
4 4 5 v27 8 checksums match
4 4 5 v26_repeat 8 checksums match
RECORDS_MEDIANS 4 4 {"v26": 0.224388317, "v27": 0.227413294, "v26_repeat": 0.230280773, "v27_repeat": 0.2267133}
4 5 1 v27_repeat 8 checksums match
4 5 1 v26 8 checksums match
4 5 1 v27 8 checksums match
4 5 1 v26_repeat 8 checksums match
4 5 2 v26 8 checksums match
4 5 2 v27 8 checksums match
4 5 2 v26_repeat 8 checksums match
4 5 2 v27_repeat 8 checksums match
4 5 3 v27 8 checksums match
4 5 3 v26_repeat 8 checksums match
4 5 3 v27_repeat 8 checksums match
4 5 3 v26 8 checksums match
4 5 4 v26_repeat 8 checksums match
4 5 4 v27_repeat 8 checksums match
4 5 4 v26 8 checksums match
4 5 4 v27 8 checksums match
4 5 5 v27_repeat 8 checksums match
4 5 5 v26 8 checksums match
4 5 5 v27 8 checksums match
4 5 5 v26_repeat 8 checksums match
RECORDS_MEDIANS 4 5 {"v26": 0.227813291, "v27": 0.22405332, "v26_repeat": 0.234323243, "v27_repeat": 0.230845769}
