{
  "full56_speedup": 1.8783061230149736,
  "ratios": {
    "node": {
      "geomean": 8.123045924717426,
      "p90": 23.026168858203995
    },
    "gjs": {
      "geomean": 5.399528168506118,
      "p90": 12.619815307559868
    }
  },
  "node_top6": [
    {
      "suite": "kernels-seed17",
      "name": "object_member_write_fallback",
      "sqgi_ns": 472.331,
      "engine_ns": 12.627187,
      "ratio": 37.405876700804384
    },
    {
      "suite": "members",
      "name": "buffers_31",
      "sqgi_ns": 371.28,
      "engine_ns": 12.316934999999999,
      "ratio": 30.143862900957096
    },
    {
      "suite": "members",
      "name": "buffers_7",
      "sqgi_ns": 372.005,
      "engine_ns": 12.394225,
      "ratio": 30.014381697927863
    },
    {
      "suite": "methods",
      "name": "publish_class",
      "sqgi_ns": 368.65999999999997,
      "engine_ns": 13.56233,
      "ratio": 27.182644870018645
    },
    {
      "suite": "methods",
      "name": "publish_table",
      "sqgi_ns": 359.12,
      "engine_ns": 13.37421,
      "ratio": 26.85167946368421
    },
    {
      "suite": "methods",
      "name": "transfer_class",
      "sqgi_ns": 417.56,
      "engine_ns": 18.13415,
      "ratio": 23.026168858203995
    }
  ],
  "gjs_top6": [
    {
      "suite": "members",
      "name": "buffers_31",
      "sqgi_ns": 371.28,
      "engine_ns": 18.270000000000003,
      "ratio": 20.321839080459764
    },
    {
      "suite": "members",
      "name": "buffers_7",
      "sqgi_ns": 372.005,
      "engine_ns": 20.385,
      "ratio": 18.24895756683836
    },
    {
      "suite": "methods",
      "name": "transfer_class",
      "sqgi_ns": 417.56,
      "engine_ns": 31.265,
      "ratio": 13.355509355509355
    },
    {
      "suite": "methods",
      "name": "publish_class",
      "sqgi_ns": 368.65999999999997,
      "engine_ns": 28.25,
      "ratio": 13.049911504424777
    },
    {
      "suite": "methods",
      "name": "publish_table",
      "sqgi_ns": 359.12,
      "engine_ns": 28.105,
      "ratio": 12.777797544920833
    },
    {
      "suite": "methods",
      "name": "transfer_table",
      "sqgi_ns": 403.14,
      "engine_ns": 31.945,
      "ratio": 12.619815307559868
    }
  ]
}
