{
  "aggregation": "56 equally weighted components; application seed17; nearest-rank p90",
  "speedup": 1.8783061230149736,
  "groups": {
    "kernels-seed17": {
      "count": 15,
      "speedup": 1.196119190478681
    },
    "applications-seed17": {
      "count": 8,
      "speedup": 0.9860874189767042
    },
    "roots-seed17": {
      "count": 4,
      "speedup": 1.5777577424133762
    },
    "members": {
      "count": 6,
      "speedup": 1.090930086894748
    },
    "owners": {
      "count": 10,
      "speedup": 7.324786392850177
    },
    "methods": {
      "count": 6,
      "speedup": 2.690547748221291
    },
    "floats": {
      "count": 7,
      "speedup": 1.9098784383269851
    }
  },
  "totals": {
    "sqgi_baseline": {
      "node": {
        "geomean": 15.25756689792857,
        "p90": 101.67330934439191
      },
      "gjs": {
        "geomean": 10.141966820296865,
        "p90": 50.959263392857146
      }
    },
    "sqgi": {
      "node": {
        "geomean": 8.123045924717426,
        "p90": 23.026168858203995
      },
      "gjs": {
        "geomean": 5.399528168506118,
        "p90": 12.619815307559868
      }
    }
  },
  "regressions_over_5pct": []
}
