{
  "kernel-w4": {
    "geomean_v27_over_v26": 0.99874626903772,
    "regressions_over_5pct_against_v26": [],
    "repeat_regressions_over_5pct_against_v26": []
  },
  "floats-w4": {
    "geomean_v27_over_v26": 1.0006435973195618,
    "regressions_over_5pct_against_v26": [],
    "repeat_regressions_over_5pct_against_v26": []
  },
  "application-w4": {
    "geomean_v27_over_v26": 1.005361602935387,
    "regressions_over_5pct_against_v26": [],
    "repeat_regressions_over_5pct_against_v26": [
      "records_4096"
    ]
  },
  "application-seed17-w4": {
    "geomean_v27_over_v26": 0.9996525007355753,
    "regressions_over_5pct_against_v26": [],
    "repeat_regressions_over_5pct_against_v26": []
  },
  "owners-w4": {
    "geomean_v27_over_v26": 1.0014976114546068,
    "regressions_over_5pct_against_v26": [],
    "repeat_regressions_over_5pct_against_v26": []
  },
  "members-w4": {
    "geomean_v27_over_v26": 1.0039903950326783,
    "regressions_over_5pct_against_v26": [],
    "repeat_regressions_over_5pct_against_v26": []
  },
  "methods-w4": {
    "geomean_v27_over_v26": 0.9359770248807686,
    "regressions_over_5pct_against_v26": [],
    "repeat_regressions_over_5pct_against_v26": []
  },
  "kernel-w5": {
    "geomean_v27_over_v26": 0.9998242562515616,
    "regressions_over_5pct_against_v26": [],
    "repeat_regressions_over_5pct_against_v26": []
  },
  "floats-w5": {
    "geomean_v27_over_v26": 1.0018030094951198,
    "regressions_over_5pct_against_v26": [],
    "repeat_regressions_over_5pct_against_v26": []
  },
  "application-w5": {
    "geomean_v27_over_v26": 1.0084754181759976,
    "regressions_over_5pct_against_v26": [
      "records_4096"
    ],
    "repeat_regressions_over_5pct_against_v26": []
  },
  "application-seed17-w5": {
    "geomean_v27_over_v26": 1.0072261119005432,
    "regressions_over_5pct_against_v26": [],
    "repeat_regressions_over_5pct_against_v26": []
  },
  "owners-w5": {
    "geomean_v27_over_v26": 1.0004993020161632,
    "regressions_over_5pct_against_v26": [],
    "repeat_regressions_over_5pct_against_v26": []
  },
  "members-w5": {
    "geomean_v27_over_v26": 1.0037706066065974,
    "regressions_over_5pct_against_v26": [],
    "repeat_regressions_over_5pct_against_v26": []
  },
  "methods-w5": {
    "geomean_v27_over_v26": 0.9364592394606115,
    "regressions_over_5pct_against_v26": [],
    "repeat_regressions_over_5pct_against_v26": []
  }
}
