{
  "5": {
    "original_ratios": {
      "v27": 1.0819746090424154,
      "v27_repeat": 0.9791304185160823
    },
    "new": {
      "paired_rounds": 20,
      "geomean_ratio": 1.0010131308473542,
      "paired_bootstrap_95_interval": [
        0.9880519321754933,
        1.0140109633893986
      ]
    },
    "original_plus_new": {
      "paired_rounds": 25,
      "geomean_ratio": 1.0045885537266754,
      "paired_bootstrap_95_interval": [
        0.9917249547824531,
        1.0174324493824798
      ]
    },
    "pooled_new_median_ratio": 0.9821530362085038,
    "new_samples_per_version": 40,
    "pooled_new_range_ns": {
      "v26": [
        215.730882,
        238.57321100000001
      ],
      "v27": [
        217.680867,
        265.11301199999997
      ]
    },
    "block_geomean_ratios": [
      0.9990276725672821,
      1.0033316156356475,
      1.0004835967607637,
      1.0012144512400583
    ],
    "block_copy_ratios": [
      {
        "v26": 1.0082795897209949,
        "v27": 1.0354635772742506
      },
      {
        "v26": 0.9951524205074669,
        "v27": 1.029168656035356
      },
      {
        "v26": 0.9995305172787342,
        "v27": 1.00108846487401
      },
      {
        "v26": 1.0285758217680108,
        "v27": 1.0303162166934192
      }
    ],
    "material_regression_excluded": true
  },
  "4": {
    "original_ratios": {
      "v27": 1.0346299393180347,
      "v27_repeat": 1.0786104019718603
    },
    "new": {
      "paired_rounds": 20,
      "geomean_ratio": 0.9986602557747185,
      "paired_bootstrap_95_interval": [
        0.9895401644873282,
        1.0080941012648754
      ]
    },
    "original_plus_new": {
      "paired_rounds": 25,
      "geomean_ratio": 1.0138701111279451,
      "paired_bootstrap_95_interval": [
        0.9991305867890954,
        1.0301228981402306
      ]
    },
    "pooled_new_median_ratio": 1.0014724397462502,
    "new_samples_per_version": 40,
    "pooled_new_range_ns": {
      "v26": [
        218.858359,
        249.62562799999998
      ],
      "v27": [
        216.01338,
        244.00316999999998
      ]
    },
    "block_geomean_ratios": [
      0.9938358330490076,
      0.9932312789798917,
      1.008447906230394,
      0.9992003041889151
    ],
    "block_copy_ratios": [
      {
        "v26": 0.9486067463066243,
        "v27": 1.0214804692072557
      },
      {
        "v26": 0.9835596439530465,
        "v27": 0.9858938727725768
      },
      {
        "v26": 1.0085956037531327,
        "v27": 1.014314584057471
      },
      {
        "v26": 1.0262600837636302,
        "v27": 0.9969219301664924
      }
    ],
    "material_regression_excluded": true
  }
}
ALL EIGHT CASES EXCLUDED True
