{
  "methods-pilot-w5": {
    "geomean": {
      "v27": 0.9364592394606115,
      "v27_repeat": 0.9363353663313454
    },
    "regressions_over_5pct": {},
    "result_sha256": "8fb7fa010cb3b786cec06a5b0d559ae72ea3276e04c4938efa2b41d9fcc24712"
  },
  "members-pilot-w5": {
    "geomean": {
      "v27": 1.0037706066065974,
      "v27_repeat": 1.00279763874078
    },
    "regressions_over_5pct": {},
    "result_sha256": "bd3a88c863fcbd5feaa65c71dda3e63c862f5bfff2df7ffe0bb94041ca1ae0c1"
  },
  "owners-pilot-w5": {
    "geomean": {
      "v27": 1.0004993020161632,
      "v27_repeat": 1.0019136999117382
    },
    "regressions_over_5pct": {},
    "result_sha256": "24400cd75ec22e780479df5ee28aaae2628502a9309dbdd2b86e45fb3676aafc"
  },
  "methods-pilot-w4": {
    "geomean": {
      "v27": 0.9359770248807686,
      "v27_repeat": 0.9353926965518762
    },
    "regressions_over_5pct": {},
    "result_sha256": "4360c7b8acdcfd1bc252df1fbc084e597c2206d956fef5965f9efaa52bdb9958"
  },
  "members-pilot-w4": {
    "geomean": {
      "v27": 1.0039903950326783,
      "v27_repeat": 1.0021433007111478
    },
    "regressions_over_5pct": {},
    "result_sha256": "2606b2b75d6d6fb335957d6fcc34427ac54bb17a738f5bda8dadc9362cddaa4b"
  },
  "owners-pilot-w4": {
    "geomean": {
      "v27": 1.0014976114546068,
      "v27_repeat": 1.0013387563381408
    },
    "regressions_over_5pct": {},
    "result_sha256": "682bf6cb76592de90efae7de699ee3b07a5df29dd48efad47dc621de05f88401"
  }
}
