Round 1/5: sqgi; all 8 checksums match
Round 1/5: sqgi_baseline; all 8 checksums match
Round 1/5: node; all 8 checksums match
Round 1/5: gjs; all 8 checksums match
Round 1/5: python; all 8 checksums match
Round 2/5: sqgi_baseline; all 8 checksums match
Round 2/5: node; all 8 checksums match
Round 2/5: gjs; all 8 checksums match
Round 2/5: python; all 8 checksums match
Round 2/5: sqgi; all 8 checksums match
Round 3/5: node; all 8 checksums match
Round 3/5: gjs; all 8 checksums match
Round 3/5: python; all 8 checksums match
Round 3/5: sqgi; all 8 checksums match
Round 3/5: sqgi_baseline; all 8 checksums match
Round 4/5: gjs; all 8 checksums match
Round 4/5: python; all 8 checksums match
Round 4/5: sqgi; all 8 checksums match
Round 4/5: sqgi_baseline; all 8 checksums match
Round 4/5: node; all 8 checksums match
Round 5/5: python; all 8 checksums match
Round 5/5: sqgi; all 8 checksums match
Round 5/5: sqgi_baseline; all 8 checksums match
Round 5/5: node; all 8 checksums match
Round 5/5: gjs; all 8 checksums match
Microseconds per iteration; lower is faster
kernel	sqgi	sqgi_baseline	node	gjs	python
route_balanced	0.052845000	0.052230000	0.005979090	0.006380000	0.261767565
route_skewed	0.051290000	0.050940000	0.005770555	0.006680000	0.259683630
pricing_events	0.057055000	0.057540000	0.011140070	0.017370000	0.432486675
filter_stream	0.055865000	0.055260000	0.005047225	0.010005000	0.240324495
records_64	0.130505000	0.134165000	0.015615640	0.038510000	0.566091675
records_4096	0.277230000	0.245395000	0.020498075	0.043545000	0.670178920
word_count	0.265635000	0.266630000	0.074686150	0.124310000	0.361853190
graph_walk	0.012360000	0.012430000	0.004831400	0.008755000	0.127713405
