Round 1/5: sqgi; all 8 checksums match
Round 1/5: sqgi_baseline; all 8 checksums match
Round 1/5: node; all 8 checksums match
Round 1/5: gjs; all 8 checksums match
Round 1/5: python; all 8 checksums match
Round 2/5: sqgi_baseline; all 8 checksums match
Round 2/5: node; all 8 checksums match
Round 2/5: gjs; all 8 checksums match
Round 2/5: python; all 8 checksums match
Round 2/5: sqgi; all 8 checksums match
Round 3/5: node; all 8 checksums match
Round 3/5: gjs; all 8 checksums match
Round 3/5: python; all 8 checksums match
Round 3/5: sqgi; all 8 checksums match
Round 3/5: sqgi_baseline; all 8 checksums match
Round 4/5: gjs; all 8 checksums match
Round 4/5: python; all 8 checksums match
Round 4/5: sqgi; all 8 checksums match
Round 4/5: sqgi_baseline; all 8 checksums match
Round 4/5: node; all 8 checksums match
Round 5/5: python; all 8 checksums match
Round 5/5: sqgi; all 8 checksums match
Round 5/5: sqgi_baseline; all 8 checksums match
Round 5/5: node; all 8 checksums match
Round 5/5: gjs; all 8 checksums match
Microseconds per iteration; lower is faster
kernel	sqgi	sqgi_baseline	node	gjs	python
route_balanced	0.052554606	0.051977110	0.005977588	0.006392452	0.261915806
route_skewed	0.051272115	0.051392115	0.005808426	0.006652450	0.259430124
pricing_events	0.056544576	0.057432069	0.011136339	0.017352370	0.433650808
filter_stream	0.056539576	0.055104587	0.005036255	0.008539936	0.240501339
records_64	0.131896511	0.132214008	0.015431777	0.038554711	0.572522929
records_4096	0.254938088	0.251033117	0.019976580	0.042892178	0.707257111
word_count	0.265645508	0.266450502	0.074424554	0.123496574	0.365688002
graph_walk	0.012324908	0.012432407	0.004791259	0.007014947	0.129560118
