Round 1/5: sqgi; all 15 checksums match
Round 1/5: sqgi_baseline; all 15 checksums match
Round 1/5: node; all 15 checksums match
Round 1/5: gjs; all 15 checksums match
Round 1/5: python; all 15 checksums match
Round 2/5: sqgi_baseline; all 15 checksums match
Round 2/5: node; all 15 checksums match
Round 2/5: gjs; all 15 checksums match
Round 2/5: python; all 15 checksums match
Round 2/5: sqgi; all 15 checksums match
Round 3/5: node; all 15 checksums match
Round 3/5: gjs; all 15 checksums match
Round 3/5: python; all 15 checksums match
Round 3/5: sqgi; all 15 checksums match
Round 3/5: sqgi_baseline; all 15 checksums match
Round 4/5: gjs; all 15 checksums match
Round 4/5: python; all 15 checksums match
Round 4/5: sqgi; all 15 checksums match
Round 4/5: sqgi_baseline; all 15 checksums match
Round 4/5: node; all 15 checksums match
Round 5/5: python; all 15 checksums match
Round 5/5: sqgi; all 15 checksums match
Round 5/5: sqgi_baseline; all 15 checksums match
Round 5/5: node; all 15 checksums match
Round 5/5: gjs; all 15 checksums match
Microseconds per iteration; lower is faster
kernel	sqgi	sqgi_baseline	node	gjs	python
direct_call	0.033951000	0.034205000	0.006759473	0.010663125	0.336466288
branch_call	0.031479000	0.032104000	0.004823468	0.007031562	0.237705180
float_call	0.020939000	0.021583000	0.002645930	0.009501250	0.134185040
numeric_loop	0.022871000	0.022822000	0.007447524	0.012739063	0.239359272
vector	0.369006000	0.370881000	0.567514263	0.514075000	5.157805306
dynamic_member	0.775019000	1.524681000	0.108604375	0.079106250	0.889929500
dynamic_key_get_set	0.182675000	0.182744000	0.062262762	0.027737500	0.405342331
object_member_write_fallback	0.472675000	0.473913000	0.012661825	0.047000000	0.683342756
array_append	0.126163000	0.120200000	0.037985462	0.018850000	0.221213644
array_write	0.037169000	0.036756000	0.004604625	0.006093750	0.187515625
array_read	0.007137000	0.007413000	0.002632806	0.003517500	0.083790776
array_float	0.006806000	0.007090000	0.002194308	0.003070937	0.073750914
math_intrinsic	0.205706000	0.201669000	0.041244800	0.009900000	0.560598200
math_variable	0.218806000	0.217831000	0.154136612	0.106443750	0.510545181
matrix	0.311156000	0.314238000	0.022789819	0.066125000	1.138233169
