Round 1/5: v12; 6 checksums match
Round 1/5: v13; 6 checksums match
Round 1/5: node; 6 checksums match
Round 2/5: v13; 6 checksums match
Round 2/5: node; 6 checksums match
Round 2/5: v12; 6 checksums match
Round 3/5: node; 6 checksums match
Round 3/5: v12; 6 checksums match
Round 3/5: v13; 6 checksums match
Round 4/5: v12; 6 checksums match
Round 4/5: v13; 6 checksums match
Round 4/5: node; 6 checksums match
Round 5/5: v13; 6 checksums match
Round 5/5: node; 6 checksums match
Round 5/5: v12; 6 checksums match
table_events_97: v12 444.54 ns, v13 436.58 ns, node 75.29 ns
class_events_97: v12 441.47 ns, v13 432.55 ns, node 74.52 ns
buffers_7: v12 432.66 ns, v13 433.08 ns, node 12.40 ns
buffers_31: v12 432.52 ns, v13 433.04 ns, node 12.34 ns
calibrate_17: v12 83.28 ns, v13 83.25 ns, node 8.75 ns
calibrate_67: v12 84.12 ns, v13 84.06 ns, node 8.34 ns
