Round 1/5: v12; 6 checksums match
Round 1/5: v13; 6 checksums match
Round 1/5: node; 6 checksums match
Round 2/5: v13; 6 checksums match
Round 2/5: node; 6 checksums match
Round 2/5: v12; 6 checksums match
Round 3/5: node; 6 checksums match
Round 3/5: v12; 6 checksums match
Round 3/5: v13; 6 checksums match
Round 4/5: v12; 6 checksums match
Round 4/5: v13; 6 checksums match
Round 4/5: node; 6 checksums match
Round 5/5: v13; 6 checksums match
Round 5/5: node; 6 checksums match
Round 5/5: v12; 6 checksums match
table_events_97: v12 444.37 ns, v13 436.13 ns, node 75.61 ns
class_events_97: v12 441.56 ns, v13 432.76 ns, node 74.32 ns
buffers_7: v12 432.69 ns, v13 432.37 ns, node 12.41 ns
buffers_31: v12 432.17 ns, v13 432.30 ns, node 12.34 ns
calibrate_17: v12 83.22 ns, v13 83.21 ns, node 8.82 ns
calibrate_67: v12 84.28 ns, v13 84.19 ns, node 8.35 ns
