Round 1/5: v12; 6 checksums match
Round 1/5: v13; 6 checksums match
Round 1/5: node; 6 checksums match
Round 2/5: v13; 6 checksums match
Round 2/5: node; 6 checksums match
Round 2/5: v12; 6 checksums match
Round 3/5: node; 6 checksums match
Round 3/5: v12; 6 checksums match
Round 3/5: v13; 6 checksums match
Round 4/5: v12; 6 checksums match
Round 4/5: v13; 6 checksums match
Round 4/5: node; 6 checksums match
Round 5/5: v13; 6 checksums match
Round 5/5: node; 6 checksums match
Round 5/5: v12; 6 checksums match
transfer_table: v12 501.53 ns, v13 476.62 ns, node 18.17 ns
transfer_class: v12 508.74 ns, v13 484.20 ns, node 18.14 ns
transfer_mixed: v12 518.90 ns, v13 493.87 ns, node 29.16 ns
publish_table: v12 429.58 ns, v13 415.81 ns, node 13.46 ns
publish_class: v12 437.59 ns, v13 425.69 ns, node 13.48 ns
publish_mixed: v12 441.34 ns, v13 428.13 ns, node 20.91 ns
