Round 1/5: v12; 6 checksums match
Round 1/5: v13; 6 checksums match
Round 1/5: node; 6 checksums match
Round 2/5: v13; 6 checksums match
Round 2/5: node; 6 checksums match
Round 2/5: v12; 6 checksums match
Round 3/5: node; 6 checksums match
Round 3/5: v12; 6 checksums match
Round 3/5: v13; 6 checksums match
Round 4/5: v12; 6 checksums match
Round 4/5: v13; 6 checksums match
Round 4/5: node; 6 checksums match
Round 5/5: v13; 6 checksums match
Round 5/5: node; 6 checksums match
Round 5/5: v12; 6 checksums match
transfer_table: v12 501.48 ns, v13 475.35 ns, node 17.96 ns
transfer_class: v12 508.38 ns, v13 484.75 ns, node 17.67 ns
transfer_mixed: v12 517.24 ns, v13 493.25 ns, node 29.17 ns
publish_table: v12 429.41 ns, v13 415.87 ns, node 13.49 ns
publish_class: v12 437.85 ns, v13 425.46 ns, node 13.53 ns
publish_mixed: v12 441.49 ns, v13 427.94 ns, node 20.91 ns
