{
  "aggregation": "56 equally weighted components; application seed17; nearest-rank p90",
  "speedup": 1.4748092359005947,
  "groups": {
    "kernels-seed17": {
      "count": 15,
      "speedup": 1.0509051889632803
    },
    "applications-seed17": {
      "count": 8,
      "speedup": 0.9868484005995722
    },
    "roots-seed17": {
      "count": 4,
      "speedup": 1.6050361968117681
    },
    "members": {
      "count": 6,
      "speedup": 1.0229056726877337
    },
    "owners": {
      "count": 10,
      "speedup": 4.053591946096486
    },
    "methods": {
      "count": 6,
      "speedup": 2.2936351191176985
    },
    "floats": {
      "count": 7,
      "speedup": 1.0163328822931694
    }
  },
  "totals": {
    "sqgi_baseline": {
      "node": {
        "geomean": 15.219455775164676,
        "p90": 100.24861255524334
      },
      "gjs": {
        "geomean": 10.060163789024454,
        "p90": 50.01936026936027
      }
    },
    "sqgi": {
      "node": {
        "geomean": 10.319609753373214,
        "p90": 27.17928637854241
      },
      "gjs": {
        "geomean": 6.82133224022102,
        "p90": 15.026728826728824
      }
    }
  },
  "regressions_over_5pct": [
    {
      "suite": "applications-seed17",
      "name": "records_4096",
      "ns": {
        "sqgi": 277.22999999999996,
        "sqgi_baseline": 245.395,
        "node": 20.498075,
        "gjs": 43.545,
        "python": 670.1789200000001
      },
      "speedup": 0.8851675504094074,
      "ranges_ns": {
        "sqgi": [
          235.745,
          324.065
        ],
        "sqgi_baseline": [
          235.11,
          290.88000000000005
        ],
        "node": [
          20.25308,
          20.51849
        ],
        "gjs": [
          42.96,
          46.04
        ],
        "python": [
          654.01933,
          719.4830949999999
        ]
      }
    }
  ]
}
