{
  "warmups4_speedup": {
    "owners": {
      "geomean_v12_v13": 1.135230424303134,
      "per_case": {
        "table_owners_1": 1.1380479754018675,
        "table_owners_2": 1.1367654354394983,
        "table_owners_5": 1.1362488159141142,
        "table_owners_19": 1.1359273612112473,
        "table_owners_257": 1.1388244305765203,
        "class_owners_1": 1.134073807056279,
        "class_owners_2": 1.1324823844578014,
        "class_owners_5": 1.1336574605532672,
        "class_owners_19": 1.1333453504878215,
        "class_owners_257": 1.1329509671614935
      }
    },
    "methods": {
      "geomean_v12_v13": 1.0409045641285486,
      "per_case": {
        "transfer_table": 1.0549805406542547,
        "transfer_class": 1.0487364620938628,
        "transfer_mixed": 1.0486370870459913,
        "publish_table": 1.0325826890938166,
        "publish_class": 1.029121421520237,
        "publish_mixed": 1.0316633172874703
      }
    },
    "members": {
      "geomean_v12_v13": 1.0067687710153619,
      "per_case": {
        "table_events_97": 1.0188819847293238,
        "class_events_97": 1.0203228079904798,
        "buffers_7": 1.000751671022504,
        "buffers_31": 0.9997108489474901,
        "calibrate_17": 1.0001201778632376,
        "calibrate_67": 1.0010690105713267
      }
    }
  },
  "warmups5_speedup": {
    "owners": {
      "geomean_v12_v13": 1.1354448007273847,
      "per_case": {
        "table_owners_1": 1.1378811509685585,
        "table_owners_2": 1.1368977673325498,
        "table_owners_5": 1.134888552652379,
        "table_owners_19": 1.1360857304004512,
        "table_owners_257": 1.1352710381527915,
        "class_owners_1": 1.135557967082655,
        "class_owners_2": 1.1349306716047152,
        "class_owners_5": 1.135644906257059,
        "class_owners_19": 1.1351326954323886,
        "class_owners_257": 1.1321663216632165
      }
    },
    "methods": {
      "geomean_v12_v13": 1.0408732577528232,
      "per_case": {
        "transfer_table": 1.052263858000084,
        "transfer_class": 1.0506603607975962,
        "transfer_mixed": 1.0507021149504419,
        "publish_table": 1.0331281113970323,
        "publish_class": 1.0279425410211536,
        "publish_mixed": 1.0308547537575765
      }
    },
    "members": {
      "geomean_v12_v13": 1.006249924815832,
      "per_case": {
        "table_events_97": 1.0182211736680562,
        "class_events_97": 1.0206336912922354,
        "buffers_7": 0.9990302022720975,
        "buffers_31": 0.9987991871420655,
        "calibrate_17": 1.0003603387183952,
        "calibrate_67": 1.0007137758743756
      }
    }
  },
  "profitability": {
    "owners": {
      "geomean_on_off": 0.7119960485316237,
      "per_case": {
        "table_owners_1": 0.7155136200601027,
        "table_owners_2": 0.7159751841799148,
        "table_owners_5": 0.7153660940807652,
        "table_owners_19": 0.7157563025210084,
        "table_owners_257": 0.7164937642180669,
        "class_owners_1": 0.707139550845158,
        "class_owners_2": 0.708598065195875,
        "class_owners_5": 0.7069025984377492,
        "class_owners_19": 0.7097669964889882,
        "class_owners_257": 0.708554957480014
      }
    },
    "methods": {
      "geomean_on_off": 1.1383185471439348,
      "per_case": {
        "transfer_table": 1.1404358931512735,
        "transfer_class": 1.1372264651875417,
        "transfer_mixed": 1.045111273065264,
        "publish_table": 1.1762439127673088,
        "publish_class": 1.2107513137338446,
        "publish_mixed": 1.1270681233258049
      }
    },
    "roots": {
      "geomean_on_off": 0.28633412431006267,
      "per_case": {
        "receiver_integer": 0.27944992215879605,
        "root_integer": 0.26108087899306276,
        "root_reference": 0.3569487897250123,
        "root_integer_result": 0.25811156397346763
      }
    }
  },
  "profiles": {
    "kernels": {
      "lost_samples": 0,
      "top_self_lines": [
        "20.22%  sqgi     sqgi                   [.] SQVM::Execute",
        "4.71%  sqgi     sqgi                   [.] sqjit_a64_borrow_member_ptr_value",
        "2.81%  sqgi     [JIT] tid 559976       [.] 0x0000ffffb1b63230",
        "2.43%  sqgi     [JIT] tid 559976       [.] 0x0000ffffb1b66240",
        "2.28%  sqgi     [JIT] tid 559976       [.] 0x0000ffffb1b65268",
        "2.15%  sqgi     sqgi                   [.] SQTable::Get",
        "1.95%  sqgi     [JIT] tid 559976       [.] 0x0000ffffb1b641b4",
        "1.79%  sqgi     [JIT] tid 559976       [.] 0x0000ffffb1b661c0",
        "1.75%  sqgi     sqgi                   [.] sqjit_a64_helper_member_closure_guard",
        "1.67%  sqgi     [JIT] tid 559976       [.] 0x0000ffffb1b641a0",
        "1.61%  sqgi     [JIT] tid 559976       [.] 0x0000ffffb1b661d4",
        "1.59%  sqgi     [JIT] tid 559976       [.] 0x0000ffffb1b63244",
        "1.55%  sqgi     [JIT] tid 559976       [.] 0x0000ffffb1b631c0",
        "1.46%  sqgi     [JIT] tid 559976       [.] 0x0000ffffb1b651ac",
        "1.38%  sqgi     sqgi                   [.] sqjit_number_conversion_guard"
      ]
    },
    "applications": {
      "lost_samples": 0,
      "top_self_lines": [
        "15.51%  sqgi     sqgi                   [.] SQVM::Execute",
        "13.88%  sqgi     sqgi                   [.] SQJitWriteLog::RecordMember",
        "5.91%  sqgi     sqgi                   [.] SQTable::Get",
        "5.33%  sqgi     sqgi                   [.] sqjit_a64_helper_array_get_object",
        "4.15%  sqgi     sqgi                   [.] sqjit_a64_root_fallback_safe",
        "3.98%  sqgi     sqgi                   [.] sqjit_a64_helper_member_set_integer_logged",
        "3.54%  sqgi     [JIT] tid 560065       [.] 0x0000ffff86414214",
        "2.54%  sqgi     sqgi                   [.] sqjit_a64_borrow_member_ptr_value",
        "2.00%  sqgi     [JIT] tid 560065       [.] 0x0000ffff864141a0",
        "2.00%  sqgi     sqgi                   [.] SQJitWriteLog::CanRelease",
        "1.98%  sqgi     [JIT] tid 560065       [.] 0x0000ffff864143b0",
        "1.84%  sqgi     sqgi                   [.] SQVM::Set",
        "1.48%  sqgi     sqgi                   [.] SQVM::DerefInc",
        "1.47%  sqgi     sqgi                   [.] sqjit_try_execute_current_loop",
        "1.10%  sqgi     [JIT] tid 560065       [.] 0x0000ffff864144c0"
      ]
    },
    "roots": {
      "lost_samples": 0,
      "top_self_lines": [
        "11.26%  sqgi     sqgi                          [.] sqjit_a64_borrow_member_ptr_value",
        "10.66%  sqgi     sqgi                          [.] SQJitWriteLog::CanRelease",
        "10.24%  sqgi     sqgi                          [.] SQJitWriteLog::RecordMember",
        "9.95%  sqgi     sqgi                          [.] sqjit_a64_helper_member_set_integer_logged",
        "7.87%  sqgi     sqgi                          [.] sqjit_a64_helper_member_set_reference_logged",
        "7.83%  sqgi     sqgi                          [.] sqjit_a64_helper_member_closure_guard",
        "6.30%  sqgi     sqgi                          [.] sqjit_a64_resolve_root_store_slot",
        "2.62%  sqgi     [JIT] tid 560105              [.] 0x0000ffff96624268",
        "2.53%  sqgi     sqgi                          [.] sqjit_a64_helper_instance_field_set_integer_logged",
        "2.31%  sqgi     [JIT] tid 560105              [.] 0x0000ffff96626210",
        "2.10%  sqgi     [JIT] tid 560105              [.] 0x0000ffff96623220",
        "2.10%  sqgi     [JIT] tid 560105              [.] 0x0000ffff966231bc",
        "1.57%  sqgi     [JIT] tid 560105              [.] 0x0000ffff9662418c",
        "1.57%  sqgi     sqgi                          [.] sqjit_write_log_ensure",
        "1.57%  sqgi     [JIT] tid 560105              [.] 0x0000ffff966251d8"
      ]
    },
    "members": {
      "lost_samples": 0,
      "top_self_lines": [
        "57.27%  sqgi     sqgi                          [.] SQVM::Execute",
        "3.57%  sqgi     sqgi                          [.] sqjit_a64_precise_step<(SQOpcode)9, true>",
        "2.98%  sqgi     sqgi                          [.] SQTable::Get",
        "2.83%  sqgi     sqgi                          [.] sqjit_a64_precise_step<(SQOpcode)14, false>",
        "2.38%  sqgi     sqgi                          [.] sqjit_try_execute_current_loop",
        "2.16%  sqgi     sqgi                          [.] sqjit_try_execute_current",
        "1.86%  sqgi     sqgi                          [.] SQVM::Return",
        "1.71%  sqgi     sqgi                          [.] SQVM::ObjCmp",
        "1.71%  sqgi     sqgi                          [.] sqjit_a64_precise_step<(SQOpcode)13, false>",
        "1.71%  sqgi     sqgi                          [.] sqjit_number_conversion_guard",
        "1.26%  sqgi     sqgi                          [.] SQVM::LeaveFrame",
        "1.12%  sqgi     sqgi                          [.] sqjit_try_execute_closure",
        "1.04%  sqgi     sqgi                          [.] sqjit_a64_precise_step<(SQOpcode)23, false>",
        "0.97%  sqgi     sqgi                          [.] SQVM::CMP_OP",
        "0.74%  sqgi     sqgi                          [.] SQVM::IsFalse"
      ]
    },
    "owners": {
      "lost_samples": 0,
      "top_self_lines": [
        "13.68%  sqgi     sqgi                          [.] sqjit_a64_precise_step<(SQOpcode)1, false>",
        "11.49%  sqgi     sqgi                          [.] sqjit_a64_precise_step<(SQOpcode)13, true>",
        "7.03%  sqgi     sqgi                          [.] sqjit_a64_precise_step<(SQOpcode)39, false>",
        "5.67%  sqgi     sqgi                          [.] sqjit_a64_precise_step<(SQOpcode)4, false>",
        "5.64%  sqgi     sqgi                          [.] SQJitWriteLog::CanReleaseInContext",
        "5.27%  sqgi     sqgi                          [.] sqjit_a64_precise_step<(SQOpcode)29, false>",
        "4.77%  sqgi     sqgi                          [.] sqjit_a64_precise_step<(SQOpcode)13, false>",
        "3.74%  sqgi     sqgi                          [.] SQVM::ObjCmp",
        "2.51%  sqgi     sqgi                          [.] sqjit_a64_precise_step<(SQOpcode)2, false>",
        "1.80%  sqgi     [JIT] tid 560188              [.] 0x0000ffff957b61a4",
        "1.42%  sqgi     sqgi                          [.] SQVM::CMP_OP",
        "1.03%  sqgi     sqgi                          [.] SQVM::IsFalse",
        "0.97%  sqgi     [JIT] tid 560188              [.] 0x0000ffff957b5334",
        "0.90%  sqgi     [JIT] tid 560188              [.] 0x0000ffff957b53a0",
        "0.84%  sqgi     [JIT] tid 560188              [.] 0x0000ffff957b56c4"
      ]
    },
    "methods": {
      "lost_samples": 0,
      "top_self_lines": [
        "44.27%  sqgi     sqgi                          [.] SQVM::Execute",
        "10.89%  sqgi     sqgi                          [.] sqjit_a64_precise_step<(SQOpcode)13, true>",
        "5.63%  sqgi     sqgi                          [.] sqjit_a64_precise_step<(SQOpcode)1, false>",
        "4.82%  sqgi     sqgi                          [.] sqjit_try_execute_current",
        "2.79%  sqgi     sqgi                          [.] sqjit_try_execute_current_loop",
        "2.28%  sqgi     sqgi                          [.] sqjit_a64_precise_step<(SQOpcode)9, true>",
        "2.28%  sqgi     sqgi                          [.] SQVM::Return",
        "2.18%  sqgi     sqgi                          [.] SQJitWriteLog::CanReleaseInContext",
        "2.01%  sqgi     sqgi                          [.] sqjit_a64_precise_step<(SQOpcode)14, true>",
        "1.97%  sqgi     sqgi                          [.] SQVM::StartCall",
        "1.97%  sqgi     sqgi                          [.] SQVM::LeaveFrame",
        "1.63%  sqgi     sqgi                          [.] sqjit_try_execute_closure",
        "1.45%  sqgi     sqgi                          [.] SQVM::ObjCmp",
        "1.19%  sqgi     sqgi                          [.] sqjit_on_function_enter",
        "1.14%  sqgi     sqgi                          [.] sqjit_a64_precise_step<(SQOpcode)4, false>"
      ]
    },
    "floats": {
      "lost_samples": 0,
      "top_self_lines": [
        "15.97%  sqgi     sqgi                          [.] sqjit_a64_borrow_member_ptr_value",
        "8.00%  sqgi     sqgi                          [.] sqjit_a64_helper_member_closure_guard",
        "2.68%  sqgi     [JIT] tid 560298              [.] 0x0000ffff8660735c",
        "2.00%  sqgi     [JIT] tid 560298              [.] 0x0000ffff863ff240",
        "1.67%  sqgi     [JIT] tid 560298              [.] 0x0000ffff86606450",
        "1.67%  sqgi     [JIT] tid 560298              [.] 0x0000ffff86604220",
        "1.42%  sqgi     [JIT] tid 560298              [.] 0x0000ffff866081d4",
        "1.34%  sqgi     [JIT] tid 560298              [.] 0x0000ffff866065c8",
        "1.34%  sqgi     [JIT] tid 560298              [.] 0x0000ffff866068cc",
        "1.34%  sqgi     [JIT] tid 560298              [.] 0x0000ffff86606684",
        "1.34%  sqgi     [JIT] tid 560298              [.] 0x0000ffff866031c8",
        "1.34%  sqgi     [JIT] tid 560298              [.] 0x0000ffff863ff254",
        "1.34%  sqgi     [JIT] tid 560298              [.] 0x0000ffff863ff1f0",
        "1.34%  sqgi     [JIT] tid 560298              [.] 0x0000ffff866074dc",
        "1.34%  sqgi     [JIT] tid 560298              [.] 0x0000ffff86606698"
      ]
    }
  },
  "applications_seed83": {
    "speedup": 0.9974822396811818,
    "per_case": {
      "route_balanced": 0.9890115054806043,
      "route_skewed": 1.0023404534804152,
      "pricing_events": 1.0156954576863395,
      "filter_stream": 0.9746197424614573,
      "records_64": 1.0024071675406183,
      "records_4096": 0.9846826693075378,
      "word_count": 1.0030303316854883,
      "graph_walk": 1.0087220935036594
    },
    "regressions_over_5pct": []
  }
}
