17 5 1 audit 8 checksums match
17 5 1 v12 8 checksums match
17 5 1 v13 8 checksums match
17 5 1 v13_repeat 8 checksums match
17 5 2 v12 8 checksums match
17 5 2 v13 8 checksums match
17 5 2 v13_repeat 8 checksums match
17 5 2 audit 8 checksums match
17 5 3 v13 8 checksums match
17 5 3 v13_repeat 8 checksums match
17 5 3 audit 8 checksums match
17 5 3 v12 8 checksums match
17 5 4 v13_repeat 8 checksums match
17 5 4 audit 8 checksums match
17 5 4 v12 8 checksums match
17 5 4 v13 8 checksums match
17 5 5 audit 8 checksums match
17 5 5 v12 8 checksums match
17 5 5 v13 8 checksums match
17 5 5 v13_repeat 8 checksums match
CONTROL_RECORDS 17 {"audit": 0.29974, "v12": 0.23216, "v13": 0.23678, "v13_repeat": 0.27839}
83 4 1 audit 8 checksums match
83 4 1 v12 8 checksums match
83 4 1 v13 8 checksums match
83 4 1 v13_repeat 8 checksums match
83 4 2 v12 8 checksums match
83 4 2 v13 8 checksums match
83 4 2 v13_repeat 8 checksums match
83 4 2 audit 8 checksums match
83 4 3 v13 8 checksums match
83 4 3 v13_repeat 8 checksums match
83 4 3 audit 8 checksums match
83 4 3 v12 8 checksums match
83 4 4 v13_repeat 8 checksums match
83 4 4 audit 8 checksums match
83 4 4 v12 8 checksums match
83 4 4 v13 8 checksums match
83 4 5 audit 8 checksums match
83 4 5 v12 8 checksums match
83 4 5 v13 8 checksums match
83 4 5 v13_repeat 8 checksums match
CONTROL_RECORDS 83 {"audit": 0.260183049, "v12": 0.261625538, "v13": 0.258990558, "v13_repeat": 0.266985498}
