[Thread debugging using libthread_db enabled]
Using host libthread_db library "/lib/aarch64-linux-gnu/libthread_db.so.1".
EMIT_ATTEMPT shared_region_16 {'tier': 6, 'owning_postincrement': 0, 'cold_lookups': 1, 'shared_helpers': 0}
EMIT_ATTEMPT shared_region_17 {'tier': 6, 'owning_postincrement': 0, 'cold_lookups': 1, 'shared_helpers': 0}
EMIT_ATTEMPT shared_region_18 {'tier': 6, 'owning_postincrement': 0, 'cold_lookups': 1, 'shared_helpers': 0}
EMIT_ATTEMPT shared_region_19 {'tier': 6, 'owning_postincrement': 0, 'cold_lookups': 1, 'shared_helpers': 0}
EMIT_ATTEMPT shared_region_20 {'tier': 6, 'owning_postincrement': 0, 'cold_lookups': 1, 'shared_helpers': 0}
EMIT_ATTEMPT shared_region_20 {'tier': 6, 'owning_postincrement': 0, 'cold_lookups': 0, 'shared_helpers': 0}
EMIT_ATTEMPT shared_region_21 {'tier': 6, 'owning_postincrement': 0, 'cold_lookups': 1, 'shared_helpers': 0}
EMIT_ATTEMPT shared_region_21 {'tier': 6, 'owning_postincrement': 0, 'cold_lookups': 0, 'shared_helpers': 0}
EMIT_ATTEMPT shared_region_22 {'tier': 6, 'owning_postincrement': 0, 'cold_lookups': 1, 'shared_helpers': 0}
EMIT_ATTEMPT shared_region_22 {'tier': 6, 'owning_postincrement': 0, 'cold_lookups': 0, 'shared_helpers': 0}
EMIT_ATTEMPT shared_region_23 {'tier': 6, 'owning_postincrement': 0, 'cold_lookups': 1, 'shared_helpers': 0}
EMIT_ATTEMPT shared_region_23 {'tier': 6, 'owning_postincrement': 0, 'cold_lookups': 0, 'shared_helpers': 0}
EMIT_ATTEMPT shared_region_23 {'tier': 6, 'owning_postincrement': 0, 'cold_lookups': 1, 'shared_helpers': 1}
EMIT_ATTEMPT shared_region_23 {'tier': 6, 'owning_postincrement': 0, 'cold_lookups': 0, 'shared_helpers': 1}
EMIT_ATTEMPT shared_region_24 {'tier': 6, 'owning_postincrement': 0, 'cold_lookups': 1, 'shared_helpers': 0}
EMIT_ATTEMPT shared_region_24 {'tier': 6, 'owning_postincrement': 0, 'cold_lookups': 0, 'shared_helpers': 0}
EMIT_ATTEMPT shared_region_24 {'tier': 6, 'owning_postincrement': 0, 'cold_lookups': 1, 'shared_helpers': 1}
EMIT_ATTEMPT shared_region_24 {'tier': 6, 'owning_postincrement': 0, 'cold_lookups': 0, 'shared_helpers': 1}
EMIT_ATTEMPT shared_region_25 {'tier': 6, 'owning_postincrement': 0, 'cold_lookups': 1, 'shared_helpers': 0}
EMIT_ATTEMPT shared_region_25 {'tier': 6, 'owning_postincrement': 0, 'cold_lookups': 0, 'shared_helpers': 0}
EMIT_ATTEMPT shared_region_25 {'tier': 6, 'owning_postincrement': 0, 'cold_lookups': 1, 'shared_helpers': 1}
EMIT_ATTEMPT shared_region_25 {'tier': 6, 'owning_postincrement': 0, 'cold_lookups': 0, 'shared_helpers': 1}
EMIT_ATTEMPT shared_region_26 {'tier': 6, 'owning_postincrement': 0, 'cold_lookups': 1, 'shared_helpers': 0}
EMIT_ATTEMPT shared_region_26 {'tier': 6, 'owning_postincrement': 0, 'cold_lookups': 0, 'shared_helpers': 0}
EMIT_ATTEMPT shared_region_26 {'tier': 6, 'owning_postincrement': 0, 'cold_lookups': 1, 'shared_helpers': 1}
EMIT_ATTEMPT shared_region_26 {'tier': 6, 'owning_postincrement': 0, 'cold_lookups': 0, 'shared_helpers': 1}
EMIT_ATTEMPT shared_region_26 {'tier': 5, 'owning_postincrement': 0, 'cold_lookups': 1, 'shared_helpers': 0}
EMIT_ATTEMPT shared_region_26 {'tier': 5, 'owning_postincrement': 0, 'cold_lookups': 0, 'shared_helpers': 0}
EMIT_ATTEMPT shared_region_26 {'tier': 5, 'owning_postincrement': 0, 'cold_lookups': 1, 'shared_helpers': 1}
EMIT_ATTEMPT shared_region_26 {'tier': 5, 'owning_postincrement': 0, 'cold_lookups': 0, 'shared_helpers': 1}
EMIT_ATTEMPT shared_region_26 {'tier': 4, 'owning_postincrement': 0, 'cold_lookups': 0, 'shared_helpers': 0}
EMIT_ATTEMPT shared_region_26 {'tier': 4, 'owning_postincrement': 0, 'cold_lookups': 0, 'shared_helpers': 1}
EMIT_ATTEMPT shared_region_26 {'tier': 3, 'owning_postincrement': 0, 'cold_lookups': 0, 'shared_helpers': 0}
EMIT_ATTEMPT shared_region_26 {'tier': 3, 'owning_postincrement': 0, 'cold_lookups': 0, 'shared_helpers': 1}
EMIT_ATTEMPT shared_region_27 {'tier': 6, 'owning_postincrement': 0, 'cold_lookups': 1, 'shared_helpers': 0}
EMIT_ATTEMPT shared_region_27 {'tier': 6, 'owning_postincrement': 0, 'cold_lookups': 0, 'shared_helpers': 0}
EMIT_ATTEMPT shared_region_27 {'tier': 6, 'owning_postincrement': 0, 'cold_lookups': 1, 'shared_helpers': 1}
EMIT_ATTEMPT shared_region_27 {'tier': 6, 'owning_postincrement': 0, 'cold_lookups': 0, 'shared_helpers': 1}
EMIT_ATTEMPT shared_region_27 {'tier': 5, 'owning_postincrement': 0, 'cold_lookups': 1, 'shared_helpers': 0}
EMIT_ATTEMPT shared_region_27 {'tier': 5, 'owning_postincrement': 0, 'cold_lookups': 0, 'shared_helpers': 0}
EMIT_ATTEMPT shared_region_27 {'tier': 5, 'owning_postincrement': 0, 'cold_lookups': 1, 'shared_helpers': 1}
EMIT_ATTEMPT shared_region_27 {'tier': 5, 'owning_postincrement': 0, 'cold_lookups': 0, 'shared_helpers': 1}
EMIT_ATTEMPT shared_region_27 {'tier': 4, 'owning_postincrement': 0, 'cold_lookups': 0, 'shared_helpers': 0}
EMIT_ATTEMPT shared_region_27 {'tier': 4, 'owning_postincrement': 0, 'cold_lookups': 0, 'shared_helpers': 1}
EMIT_ATTEMPT shared_region_27 {'tier': 3, 'owning_postincrement': 0, 'cold_lookups': 0, 'shared_helpers': 0}
EMIT_ATTEMPT shared_region_27 {'tier': 3, 'owning_postincrement': 0, 'cold_lookups': 0, 'shared_helpers': 1}
EMIT_ATTEMPT shared_region_27 {'tier': 2, 'owning_postincrement': 0, 'cold_lookups': 0, 'shared_helpers': 0}
EMIT_ATTEMPT shared_region_27 {'tier': 2, 'owning_postincrement': 0, 'cold_lookups': 0, 'shared_helpers': 1}
EMIT_ATTEMPT shared_region_27 {'tier': 1, 'owning_postincrement': 0, 'cold_lookups': 0, 'shared_helpers': 0}
EMIT_ATTEMPT shared_region_27 {'tier': 1, 'owning_postincrement': 0, 'cold_lookups': 0, 'shared_helpers': 1}
EMIT_ATTEMPT shared_region_27 {'tier': 0, 'owning_postincrement': 0, 'cold_lookups': 0, 'shared_helpers': 0}
EMIT_ATTEMPT shared_region_28 {'tier': 6, 'owning_postincrement': 0, 'cold_lookups': 1, 'shared_helpers': 0}
EMIT_ATTEMPT shared_region_28 {'tier': 6, 'owning_postincrement': 0, 'cold_lookups': 0, 'shared_helpers': 0}
EMIT_ATTEMPT shared_region_28 {'tier': 6, 'owning_postincrement': 0, 'cold_lookups': 1, 'shared_helpers': 1}
EMIT_ATTEMPT shared_region_28 {'tier': 6, 'owning_postincrement': 0, 'cold_lookups': 0, 'shared_helpers': 1}
EMIT_ATTEMPT shared_region_28 {'tier': 5, 'owning_postincrement': 0, 'cold_lookups': 1, 'shared_helpers': 0}
EMIT_ATTEMPT shared_region_28 {'tier': 5, 'owning_postincrement': 0, 'cold_lookups': 0, 'shared_helpers': 0}
EMIT_ATTEMPT shared_region_28 {'tier': 5, 'owning_postincrement': 0, 'cold_lookups': 1, 'shared_helpers': 1}
EMIT_ATTEMPT shared_region_28 {'tier': 5, 'owning_postincrement': 0, 'cold_lookups': 0, 'shared_helpers': 1}
EMIT_ATTEMPT shared_region_28 {'tier': 4, 'owning_postincrement': 0, 'cold_lookups': 0, 'shared_helpers': 0}
EMIT_ATTEMPT shared_region_28 {'tier': 4, 'owning_postincrement': 0, 'cold_lookups': 0, 'shared_helpers': 1}
EMIT_ATTEMPT shared_region_28 {'tier': 3, 'owning_postincrement': 0, 'cold_lookups': 0, 'shared_helpers': 0}
EMIT_ATTEMPT shared_region_28 {'tier': 3, 'owning_postincrement': 0, 'cold_lookups': 0, 'shared_helpers': 1}
EMIT_ATTEMPT shared_region_28 {'tier': 2, 'owning_postincrement': 0, 'cold_lookups': 0, 'shared_helpers': 0}
EMIT_ATTEMPT shared_region_28 {'tier': 2, 'owning_postincrement': 0, 'cold_lookups': 0, 'shared_helpers': 1}
EMIT_ATTEMPT shared_region_28 {'tier': 1, 'owning_postincrement': 0, 'cold_lookups': 0, 'shared_helpers': 0}
EMIT_ATTEMPT shared_region_28 {'tier': 1, 'owning_postincrement': 0, 'cold_lookups': 0, 'shared_helpers': 1}
EMIT_ATTEMPT shared_region_28 {'tier': 0, 'owning_postincrement': 0, 'cold_lookups': 0, 'shared_helpers': 0}
EMIT_ATTEMPT shared_region_29 {'tier': 6, 'owning_postincrement': 0, 'cold_lookups': 1, 'shared_helpers': 0}
EMIT_ATTEMPT shared_region_29 {'tier': 6, 'owning_postincrement': 0, 'cold_lookups': 0, 'shared_helpers': 0}
EMIT_ATTEMPT shared_region_29 {'tier': 6, 'owning_postincrement': 0, 'cold_lookups': 1, 'shared_helpers': 1}
EMIT_ATTEMPT shared_region_29 {'tier': 6, 'owning_postincrement': 0, 'cold_lookups': 0, 'shared_helpers': 1}
EMIT_ATTEMPT shared_region_29 {'tier': 5, 'owning_postincrement': 0, 'cold_lookups': 1, 'shared_helpers': 0}
EMIT_ATTEMPT shared_region_29 {'tier': 5, 'owning_postincrement': 0, 'cold_lookups': 0, 'shared_helpers': 0}
EMIT_ATTEMPT shared_region_29 {'tier': 5, 'owning_postincrement': 0, 'cold_lookups': 1, 'shared_helpers': 1}
EMIT_ATTEMPT shared_region_29 {'tier': 5, 'owning_postincrement': 0, 'cold_lookups': 0, 'shared_helpers': 1}
EMIT_ATTEMPT shared_region_29 {'tier': 4, 'owning_postincrement': 0, 'cold_lookups': 0, 'shared_helpers': 0}
EMIT_ATTEMPT shared_region_29 {'tier': 4, 'owning_postincrement': 0, 'cold_lookups': 0, 'shared_helpers': 1}
EMIT_ATTEMPT shared_region_29 {'tier': 3, 'owning_postincrement': 0, 'cold_lookups': 0, 'shared_helpers': 0}
EMIT_ATTEMPT shared_region_29 {'tier': 3, 'owning_postincrement': 0, 'cold_lookups': 0, 'shared_helpers': 1}
EMIT_ATTEMPT shared_region_29 {'tier': 2, 'owning_postincrement': 0, 'cold_lookups': 0, 'shared_helpers': 0}
EMIT_ATTEMPT shared_region_29 {'tier': 2, 'owning_postincrement': 0, 'cold_lookups': 0, 'shared_helpers': 1}
EMIT_ATTEMPT shared_region_29 {'tier': 1, 'owning_postincrement': 0, 'cold_lookups': 0, 'shared_helpers': 0}
EMIT_ATTEMPT shared_region_29 {'tier': 1, 'owning_postincrement': 0, 'cold_lookups': 0, 'shared_helpers': 1}
EMIT_ATTEMPT shared_region_29 {'tier': 0, 'owning_postincrement': 0, 'cold_lookups': 0, 'shared_helpers': 0}
EMIT_ATTEMPT shared_region_30 {'tier': 6, 'owning_postincrement': 0, 'cold_lookups': 1, 'shared_helpers': 0}
EMIT_ATTEMPT shared_region_30 {'tier': 6, 'owning_postincrement': 0, 'cold_lookups': 0, 'shared_helpers': 0}
EMIT_ATTEMPT shared_region_30 {'tier': 6, 'owning_postincrement': 0, 'cold_lookups': 1, 'shared_helpers': 1}
EMIT_ATTEMPT shared_region_30 {'tier': 6, 'owning_postincrement': 0, 'cold_lookups': 0, 'shared_helpers': 1}
EMIT_ATTEMPT shared_region_30 {'tier': 5, 'owning_postincrement': 0, 'cold_lookups': 1, 'shared_helpers': 0}
EMIT_ATTEMPT shared_region_30 {'tier': 5, 'owning_postincrement': 0, 'cold_lookups': 0, 'shared_helpers': 0}
EMIT_ATTEMPT shared_region_30 {'tier': 5, 'owning_postincrement': 0, 'cold_lookups': 1, 'shared_helpers': 1}
EMIT_ATTEMPT shared_region_30 {'tier': 5, 'owning_postincrement': 0, 'cold_lookups': 0, 'shared_helpers': 1}
EMIT_ATTEMPT shared_region_30 {'tier': 4, 'owning_postincrement': 0, 'cold_lookups': 0, 'shared_helpers': 0}
EMIT_ATTEMPT shared_region_30 {'tier': 4, 'owning_postincrement': 0, 'cold_lookups': 0, 'shared_helpers': 1}
EMIT_ATTEMPT shared_region_30 {'tier': 3, 'owning_postincrement': 0, 'cold_lookups': 0, 'shared_helpers': 0}
EMIT_ATTEMPT shared_region_30 {'tier': 3, 'owning_postincrement': 0, 'cold_lookups': 0, 'shared_helpers': 1}
EMIT_ATTEMPT shared_region_30 {'tier': 2, 'owning_postincrement': 0, 'cold_lookups': 0, 'shared_helpers': 0}
EMIT_ATTEMPT shared_region_30 {'tier': 2, 'owning_postincrement': 0, 'cold_lookups': 0, 'shared_helpers': 1}
EMIT_ATTEMPT shared_region_30 {'tier': 1, 'owning_postincrement': 0, 'cold_lookups': 0, 'shared_helpers': 0}
EMIT_ATTEMPT shared_region_30 {'tier': 1, 'owning_postincrement': 0, 'cold_lookups': 0, 'shared_helpers': 1}
EMIT_ATTEMPT shared_region_30 {'tier': 0, 'owning_postincrement': 0, 'cold_lookups': 0, 'shared_helpers': 0}
EMIT_ATTEMPT shared_region_31 {'tier': 6, 'owning_postincrement': 0, 'cold_lookups': 1, 'shared_helpers': 0}
EMIT_ATTEMPT shared_region_31 {'tier': 6, 'owning_postincrement': 0, 'cold_lookups': 0, 'shared_helpers': 0}
EMIT_ATTEMPT shared_region_31 {'tier': 6, 'owning_postincrement': 0, 'cold_lookups': 1, 'shared_helpers': 1}
EMIT_ATTEMPT shared_region_31 {'tier': 6, 'owning_postincrement': 0, 'cold_lookups': 0, 'shared_helpers': 1}
EMIT_ATTEMPT shared_region_31 {'tier': 5, 'owning_postincrement': 0, 'cold_lookups': 1, 'shared_helpers': 0}
EMIT_ATTEMPT shared_region_31 {'tier': 5, 'owning_postincrement': 0, 'cold_lookups': 0, 'shared_helpers': 0}
EMIT_ATTEMPT shared_region_31 {'tier': 5, 'owning_postincrement': 0, 'cold_lookups': 1, 'shared_helpers': 1}
EMIT_ATTEMPT shared_region_31 {'tier': 5, 'owning_postincrement': 0, 'cold_lookups': 0, 'shared_helpers': 1}
EMIT_ATTEMPT shared_region_31 {'tier': 4, 'owning_postincrement': 0, 'cold_lookups': 0, 'shared_helpers': 0}
EMIT_ATTEMPT shared_region_31 {'tier': 4, 'owning_postincrement': 0, 'cold_lookups': 0, 'shared_helpers': 1}
EMIT_ATTEMPT shared_region_31 {'tier': 3, 'owning_postincrement': 0, 'cold_lookups': 0, 'shared_helpers': 0}
EMIT_ATTEMPT shared_region_31 {'tier': 3, 'owning_postincrement': 0, 'cold_lookups': 0, 'shared_helpers': 1}
EMIT_ATTEMPT shared_region_31 {'tier': 2, 'owning_postincrement': 0, 'cold_lookups': 0, 'shared_helpers': 0}
EMIT_ATTEMPT shared_region_31 {'tier': 2, 'owning_postincrement': 0, 'cold_lookups': 0, 'shared_helpers': 1}
EMIT_ATTEMPT shared_region_31 {'tier': 1, 'owning_postincrement': 0, 'cold_lookups': 0, 'shared_helpers': 0}
EMIT_ATTEMPT shared_region_31 {'tier': 1, 'owning_postincrement': 0, 'cold_lookups': 0, 'shared_helpers': 1}
EMIT_ATTEMPT shared_region_31 {'tier': 0, 'owning_postincrement': 0, 'cold_lookups': 0, 'shared_helpers': 0}
[Inferior 1 (process 715934) exited normally]
EMISSION_TIERS_VERIFIED {"shared_region_16": {"tier": 6, "owning_postincrement": 0, "cold_lookups": 1, "shared_helpers": 0}, "shared_region_17": {"tier": 6, "owning_postincrement": 0, "cold_lookups": 1, "shared_helpers": 0}, "shared_region_18": {"tier": 6, "owning_postincrement": 0, "cold_lookups": 1, "shared_helpers": 0}, "shared_region_19": {"tier": 6, "owning_postincrement": 0, "cold_lookups": 1, "shared_helpers": 0}, "shared_region_20": {"tier": 6, "owning_postincrement": 0, "cold_lookups": 0, "shared_helpers": 0}, "shared_region_21": {"tier": 6, "owning_postincrement": 0, "cold_lookups": 0, "shared_helpers": 0}, "shared_region_22": {"tier": 6, "owning_postincrement": 0, "cold_lookups": 0, "shared_helpers": 0}, "shared_region_23": {"tier": 6, "owning_postincrement": 0, "cold_lookups": 0, "shared_helpers": 1}, "shared_region_24": {"tier": 6, "owning_postincrement": 0, "cold_lookups": 0, "shared_helpers": 1}, "shared_region_25": {"tier": 6, "owning_postincrement": 0, "cold_lookups": 0, "shared_helpers": 1}, "shared_region_26": {"tier": 3, "owning_postincrement": 0, "cold_lookups": 0, "shared_helpers": 1}, "shared_region_27": {"tier": 0, "owning_postincrement": 0, "cold_lookups": 0, "shared_helpers": 0}, "shared_region_28": {"tier": 0, "owning_postincrement": 0, "cold_lookups": 0, "shared_helpers": 0}, "shared_region_29": {"tier": 0, "owning_postincrement": 0, "cold_lookups": 0, "shared_helpers": 0}, "shared_region_30": {"tier": 0, "owning_postincrement": 0, "cold_lookups": 0, "shared_helpers": 0}, "shared_region_31": {"tier": 0, "owning_postincrement": 0, "cold_lookups": 0, "shared_helpers": 0}}
