[Thread debugging using libthread_db enabled]
Using host libthread_db library "/lib/aarch64-linux-gnu/libthread_db.so.1".
BENCH	filter	1003	1.183449651	9.7192738022173746
BENCH	channels_4	1003	2.498504487	19.265943405250148
BENCH	pressure_8	1003	1.623130608	30.326879825563445
BENCH	integration	1003	1.413758724	8.4074635834385916
BENCH	retained_input	1003	2.594217348	1994.7542912992169
BENCH	branching	1003	1.038883350	1.5416555783476631
BENCH	helper_control	1003	1.074775673	3.1454861003119747
[Inferior 1 (process 643824) exited normally]
[Thread debugging using libthread_db enabled]
Using host libthread_db library "/lib/aarch64-linux-gnu/libthread_db.so.1".
BENCH	direct_call	20060	0.229412	310943
BENCH	branch_call	20060	0.059272	965890
BENCH	float_call	20060	0.047408	6.4409448818897639
BENCH	numeric_loop	20060	0.026271	309396979
BENCH	vector	1003	0.431705	0.029401438368664899
BENCH	dynamic_member	1003	0.834497	351634
BENCH	dynamic_key_get_set	1003	0.207378	9864523
BENCH	object_member_write_fallback	1003	0.583250	975549
BENCH	array_append	1003	0.098704	513287
BENCH	array_write	1003	0.042871	348036
BENCH	array_read	20060	0.007976	50150
BENCH	array_float	20060	0.007827	40120
BENCH	math_intrinsic	1003	0.426720	15070.888124440078
BENCH	math_variable	1003	0.359920	1898.5082300017814
BENCH	matrix	1003	1.119641	-0.23190831387140035
[Inferior 1 (process 643842) exited normally]
FORWARD_CAPTURED 10 attempts; 10 installed loop mappings matched exact postpass bytes
