PREP_ROUTE legacy=1 entry=0xaaaadde32780 precise=0 ip=-1 reason=none
PREP_OP 0 2 5 1 0 0
PREP_OP 1 17 4 5 4 0
PREP_OP 2 1 5 0 0 0
PREP_OP 3 13 255 2 5 4
PREP_OP 4 8 5 1 3 1
PREP_OP 5 6 5 5 1 1
PREP_OP 6 9 6 2 2 0
PREP_OP 7 17 5 6 5 0
PREP_OP 8 1 6 3 0 0
PREP_OP 9 8 7 1 6 8
PREP_OP 10 6 7 7 8 1
PREP_OP 11 17 7 7 5 0
PREP_OP 12 2 8 1 0 0
PREP_OP 13 18 7 8 7 0
PREP_OP 14 23 1 7 7 0
PREP_ROUTE legacy=0 entry=0xaaaadde325a0 precise=1 ip=-1 reason=none
[coverage] executed AArch64 precise length and equality contracts
[coverage] executed 11 AArch64 generated-code groups
[OK] frame side-exit dispatch, committed state, reentry and invalid exits
