[sqjit] hot proto 'main' reached JIT threshold
[sqjit] reject proto 'main' ip -1: unsupported function shape or instruction limit
[sqjit] proto 'main' is not native eligible
[sqjit] hot proto 'main' reached JIT threshold
[sqjit] reject proto 'main' ip -1: unsupported function shape or instruction limit
[sqjit] proto 'main' is not native eligible
[sqjit] hot proto '<anonymous>' reached JIT threshold
[sqjit:a64] direct closure miss proto '<anonymous>' ip 3 callee 'event_records'
[sqjit:a64]   callee ip 0 op 33 args=3,0,0,1
[sqjit:a64]   callee ip 1 op 33 args=4,4,0,1
[sqjit:a64]   callee ip 2 op 34 args=4,0,1,255
[sqjit:a64]   callee ip 3 op 34 args=4,1,1,255
[sqjit:a64]   callee ip 4 op 34 args=4,2,1,255
[sqjit:a64]   callee ip 5 op 34 args=4,3,1,255
[sqjit:a64]   callee ip 6 op 2 args=5,0,0,0
[sqjit:a64]   callee ip 7 op 2 args=6,97,0,0
[sqjit] reject proto '<anonymous>' ip 3: deferred CALL direct closure
[sqjit] proto '<anonymous>' is not native eligible
[sqjit] hot proto 'event_records' reached JIT threshold
[sqjit] reject proto 'event_records' ip 12: unsupported CALL class
[sqjit] proto 'event_records' is not native eligible
[sqjit] hot loop in proto 'event_records' reached JIT threshold at ip 8
[sqjit] reject proto 'event_records' ip 9: unsupported loop branch shape
[sqjit] loop in proto 'event_records' at ip 8 is not native eligible
[sqjit] hot loop in proto 'event_records' reached JIT threshold at ip 24
[sqjit] reject proto 'event_records' ip 30: unsupported loop opcode _OP_NEWSLOT
[sqjit] loop in proto 'event_records' at ip 24 is not native eligible
[sqjit] hot loop in proto 'event_records' reached JIT threshold at ip 36
[sqjit] reject proto 'event_records' ip 37: unsupported loop opcode _OP_NEWSLOT
[sqjit] loop in proto 'event_records' at ip 36 is not native eligible
[sqjit] hot loop in proto 'event_records' reached JIT threshold at ip 47
[sqjit] reject proto 'event_records' ip 56: unsupported loop branch shape
[sqjit] loop in proto 'event_records' at ip 47 is not native eligible
[sqjit] hot proto 'table_apply' reached JIT threshold
[sqjit] compiled native proto 'table_apply'
[sqjit] precise side-exit entry 'table_apply'
[sqjit] executed native proto 'table_apply'
[sqjit] hot loop in proto 'main' reached JIT threshold at ip 122
[sqjit] reject proto 'main' ip 126: unsupported loop branch shape
[sqjit] loop in proto 'main' at ip 122 is not native eligible
[sqjit] hot proto '<anonymous>' reached JIT threshold
[sqjit:a64] direct closure miss proto '<anonymous>' ip 3 callee 'event_records'
[sqjit:a64]   callee ip 0 op 33 args=3,0,0,1
[sqjit:a64]   callee ip 1 op 33 args=4,4,0,1
[sqjit:a64]   callee ip 2 op 34 args=4,0,1,255
[sqjit:a64]   callee ip 3 op 34 args=4,1,1,255
[sqjit:a64]   callee ip 4 op 34 args=4,2,1,255
[sqjit:a64]   callee ip 5 op 34 args=4,3,1,255
[sqjit:a64]   callee ip 6 op 2 args=5,0,0,0
[sqjit:a64]   callee ip 7 op 2 args=6,97,0,0
[sqjit] reject proto '<anonymous>' ip 3: unsupported CALL direct closure
[sqjit] proto '<anonymous>' is not native eligible
BENCH	table_events_97	1003	1.491525424	140378
[sqjit] hot proto '<anonymous>' reached JIT threshold
[sqjit:a64] direct closure miss proto '<anonymous>' ip 3 callee 'event_records'
[sqjit:a64]   callee ip 0 op 33 args=3,0,0,1
[sqjit:a64]   callee ip 1 op 33 args=4,4,0,1
[sqjit:a64]   callee ip 2 op 34 args=4,0,1,255
[sqjit:a64]   callee ip 3 op 34 args=4,1,1,255
[sqjit:a64]   callee ip 4 op 34 args=4,2,1,255
[sqjit:a64]   callee ip 5 op 34 args=4,3,1,255
[sqjit:a64]   callee ip 6 op 2 args=5,0,0,0
[sqjit:a64]   callee ip 7 op 2 args=6,97,0,0
[sqjit] reject proto '<anonymous>' ip 3: unsupported CALL direct closure
[sqjit] proto '<anonymous>' is not native eligible
[sqjit] hot proto 'apply' reached JIT threshold
[sqjit] compiled native proto 'apply'
[sqjit] precise side-exit entry 'apply'
[sqjit] executed native proto 'apply'
BENCH	class_events_97	1003	0.663010967	140378
[sqjit] hot proto '<anonymous>' reached JIT threshold
[sqjit:a64] direct closure miss proto '<anonymous>' ip 3 callee 'buffers'
[sqjit:a64]   callee ip 0 op 8 args=3,0,0,4
[sqjit:a64]   callee ip 1 op 33 args=5,3,0,0
[sqjit:a64]   callee ip 2 op 4 args=6,1,7,2
[sqjit:a64]   callee ip 3 op 7 args=7,7,0,8
[sqjit:a64]   callee ip 4 op 10 args=9,2,0,0
[sqjit:a64]   callee ip 5 op 2 args=10,1,0,0
[sqjit:a64]   callee ip 6 op 6 args=7,7,8,3
[sqjit:a64]   callee ip 7 op 11 args=255,5,6,7
[sqjit] reject proto '<anonymous>' ip 3: deferred CALL direct closure
[sqjit] proto '<anonymous>' is not native eligible
[sqjit] hot proto 'buffers' reached JIT threshold
[sqjit] reject proto 'buffers' ip 3: unsupported PREPCALL member
[sqjit] proto 'buffers' is not native eligible
[sqjit] hot proto 'rotate_buffers' reached JIT threshold
[sqjit] reject proto 'rotate_buffers' ip 26: unsupported CALL array len
[sqjit] compiled native proto 'rotate_buffers'
[sqjit] precise side-exit entry 'rotate_buffers'
[sqjit] executed native proto 'rotate_buffers'
[sqjit] hot proto '<anonymous>' reached JIT threshold
[sqjit:a64] direct closure miss proto '<anonymous>' ip 3 callee 'buffers'
[sqjit:a64]   callee ip 0 op 8 args=3,0,0,4
[sqjit:a64]   callee ip 1 op 33 args=5,3,0,0
[sqjit:a64]   callee ip 2 op 4 args=6,1,7,2
[sqjit:a64]   callee ip 3 op 7 args=7,7,0,8
[sqjit:a64]   callee ip 4 op 10 args=9,2,0,0
[sqjit:a64]   callee ip 5 op 2 args=10,1,0,0
[sqjit:a64]   callee ip 6 op 6 args=7,7,8,3
[sqjit:a64]   callee ip 7 op 11 args=255,5,6,7
[sqjit] reject proto '<anonymous>' ip 3: unsupported CALL direct closure
[sqjit] proto '<anonymous>' is not native eligible
BENCH	buffers_7	1003	0.374875374	944693
[sqjit] hot proto '<anonymous>' reached JIT threshold
[sqjit:a64] direct closure miss proto '<anonymous>' ip 3 callee 'buffers'
[sqjit:a64]   callee ip 0 op 8 args=3,0,0,4
[sqjit:a64]   callee ip 1 op 33 args=5,3,0,0
[sqjit:a64]   callee ip 2 op 4 args=6,1,7,2
[sqjit:a64]   callee ip 3 op 7 args=7,7,0,8
[sqjit:a64]   callee ip 4 op 10 args=9,2,0,0
[sqjit:a64]   callee ip 5 op 2 args=10,1,0,0
[sqjit:a64]   callee ip 6 op 6 args=7,7,8,3
[sqjit:a64]   callee ip 7 op 11 args=255,5,6,7
[sqjit] reject proto '<anonymous>' ip 3: unsupported CALL direct closure
[sqjit] proto '<anonymous>' is not native eligible
BENCH	buffers_31	1003	0.376869392	861874
[sqjit] hot proto '<anonymous>' reached JIT threshold
[sqjit:a64] PREPCALLK miss detail proto '<anonymous>' ip 1 key 'array' receiver=5 kind=5 stackreg=0 stacktype=167772192 constructed=(nil)
[sqjit] reject proto '<anonymous>' ip 1: unsupported PREPCALLK member
[sqjit] proto '<anonymous>' is not native eligible
[sqjit] hot proto 'calibrate' reached JIT threshold
[sqjit] compiled native proto 'calibrate'
[sqjit] executed native proto 'calibrate'
BENCH	calibrate_17	1003	0.085742772	5140.09375
[sqjit] hot proto '<anonymous>' reached JIT threshold
[sqjit:a64] PREPCALLK miss detail proto '<anonymous>' ip 1 key 'array' receiver=5 kind=5 stackreg=0 stacktype=167772192 constructed=(nil)
[sqjit] reject proto '<anonymous>' ip 1: unsupported PREPCALLK member
[sqjit] proto '<anonymous>' is not native eligible
BENCH	calibrate_67	1003	0.089730808	5049
