PREP_ROUTE legacy=1 entry=(nil) precise=-1 ip=5 reason=unsupported CALL array len
FAIL: prepare receiver alias uses its intended native compiler
FAIL: private receiver publication rejects observable drops with complete rollback
FAIL: private receiver publication rejects observable drops with complete rollback
FAIL: private receiver publication rejects observable drops with complete rollback
FAIL: private receiver publication rejects observable drops with complete rollback
FAIL: private receiver publication rejects observable drops with complete rollback
FAIL: a real survivor permits the complete prepared-length native path
FAIL: a real survivor permits the complete prepared-length native path
FAIL: private receiver publication rejects observable drops with complete rollback
PREP_ROUTE legacy=0 entry=(nil) precise=-1 ip=5 reason=unsupported CALL array len
FAIL: prepare receiver alias uses its intended native compiler
FAIL: observable final/ancestor-sensitive prepared drops take exactly one exit
FAIL: a real survivor permits the complete prepared-length native path
FAIL: a real survivor permits the complete prepared-length native path
FAIL: observable final/ancestor-sensitive prepared drops take exactly one exit
FAIL: observable final/ancestor-sensitive prepared drops take exactly one exit
FAIL: a real survivor permits the complete prepared-length native path
FAIL: a real survivor permits the complete prepared-length native path
FAIL: observable final/ancestor-sensitive prepared drops take exactly one exit
FAIL: wrong prepared receiver takes a real native continuation
FAIL: wrong length callee exits before executing CALL effects
FAIL: live weak default method remains on the native route
FAIL: dead weak method takes an exact native continuation
FAIL: array-special method publication completes natively
[coverage] executed AArch64 precise length and equality contracts
[coverage] executed 11 AArch64 generated-code groups
