BENCH	route_balanced	200000	0.053165000	300346
BENCH	route_skewed	200000	0.052130000	122121
BENCH	pricing_events	200000	0.056870000	636940
BENCH	filter_stream	200000	0.055340000	10704.521037291815
BENCH	records_64	200000	0.127580000	599323
BENCH	records_4096	200000	0.267850000	385702
BENCH	word_count	200000	0.267030000	116910
BENCH	graph_walk	200000	0.012355000	386354
BENCH	route_balanced	200000	0.052830000	300346
BENCH	route_skewed	200000	0.052380000	122121
BENCH	pricing_events	200000	0.056955000	636940
BENCH	filter_stream	200000	0.055660000	10704.521037291815
BENCH	records_64	200000	0.129605000	599323
BENCH	records_4096	200000	0.271155000	385702
BENCH	word_count	200000	0.266355000	116910
BENCH	graph_walk	200000	0.012365000	386354
BENCH	route_balanced	200000	0.052285000	300346
BENCH	route_skewed	200000	0.052190000	122121
BENCH	pricing_events	200000	0.057435000	636940
BENCH	filter_stream	200000	0.055390000	10704.521037291815
BENCH	records_64	200000	0.138925000	599323
BENCH	records_4096	200000	0.256795000	385702
BENCH	word_count	200000	0.267750000	116910
BENCH	graph_walk	200000	0.012405000	386354
1104.18;msec;task-clock:u;0.38%;1104181749;100.00;1.002;CPUs utilized
2415377969;;cycles:u;0.17%;1104332246;100.00;2.204;GHz
5957527544;;instructions:u;0.13%;1104332246;100.00;2.47;insn per cycle
5630946;;branch-misses:u;4.75%;1104332246;100.00;;
2230744782;;cache-references:u;0.29%;1104332246;100.00;2.036;G/sec
17179223;;cache-misses:u;0.71%;1104332246;100.00;0.774;of all cache refs
3866;;page-faults:u;0.00%;1104181749;100.00;3.528;K/sec
0;;context-switches:u;0.00%;1104181749;100.00;0.000;/sec
