BENCH	filter	200000	0.023320000	10.254364576940203
BENCH	channels_4	200000	0.078425000	20.621658757381574
BENCH	pressure_8	200000	0.153095000	30.900920683591639
BENCH	integration	200000	0.036215000	1562.9738403896752
BENCH	retained_input	200000	0.044745000	399985.55383443867
BENCH	branching	200000	0.030625000	1.6005902475563216
BENCH	helper_control	200000	0.054495000	3.7152600782050693
BENCH	filter	200000	0.023325000	10.254364576940203
BENCH	channels_4	200000	0.076235000	20.621658757381574
BENCH	pressure_8	200000	0.151495000	30.900920683591639
BENCH	integration	200000	0.036495000	1562.9738403896752
BENCH	retained_input	200000	0.044310000	399985.55383443867
BENCH	branching	200000	0.030660000	1.6005902475563216
BENCH	helper_control	200000	0.055400000	3.7152600782050693
BENCH	filter	200000	0.023670000	10.254364576940203
BENCH	channels_4	200000	0.076455000	20.621658757381574
BENCH	pressure_8	200000	0.152070000	30.900920683591639
BENCH	integration	200000	0.037510000	1562.9738403896752
BENCH	retained_input	200000	0.044850000	399985.55383443867
BENCH	branching	200000	0.030460000	1.6005902475563216
BENCH	helper_control	200000	0.054695000	3.7152600782050693
614.83;msec;task-clock:u;0.23%;614829788;100.00;0.996;CPUs utilized
1362182295;;cycles:u;0.10%;614917582;100.00;2.225;GHz
3897261163;;instructions:u;0.00%;614917582;100.00;2.87;insn per cycle
152726;;branch-misses:u;0.94%;614917582;100.00;;
1434121578;;cache-references:u;0.00%;614917582;100.00;2.343;G/sec
242799;;cache-misses:u;0.84%;614917582;100.00;0.017;of all cache refs
788;;page-faults:u;0.04%;614829788;100.00;1.287;K/sec
0;;context-switches:u;0.00%;614829788;100.00;0.000;/sec
