# To display the perf.data header info, please use --header/--header-only options.
#
#
# Total Lost Samples: 0
#
# Samples: 316  of event 'cycles:u'
# Event count (approx.): 1364335493
#
# Children      Self  Command  Shared Object               Symbol                                          
# ........  ........  .......  ..........................  ................................................
#
    23.21%     8.64%  sqgi     sqgi                        [.] sqjit_a64_helper_member_closure_guard
            |          
             --14.57%--sqjit_a64_helper_member_closure_guard
                       sqjit_a64_helper_member_closure_guard
                       sqjit_a64_borrow_member_ptr_value
                       |          
                        --9.29%--SQTable::GetRawSlot (inlined)
                                  |          
                                  |--3.65%--SQTable::_Get (inlined)
                                  |          
                                   --3.32%--HashObj (inlined)

    16.89%    16.89%  sqgi     sqgi                        [.] sqjit_a64_borrow_member_ptr_value
            |          
             --2.33%--0xffff8c4f519f
                       0xffff8c4f519f
                       sqjit_a64_helper_member_native_closure_guard
                       sqjit_a64_helper_member_native_closure_guard
                       sqjit_a64_borrow_member_ptr_value
                       SQTable::GetRawSlot (inlined)

    11.61%     0.00%  sqgi     sqgi                        [.] SQTable::GetRawSlot (inlined)
            |
            ---SQTable::GetRawSlot (inlined)
               |          
               |--4.65%--SQTable::_Get (inlined)
               |          
                --4.64%--HashObj (inlined)

     8.60%     0.00%  sqgi     [JIT] tid 495641            [.] 0x0000ffff8c4f81d3
            |
            ---0xffff8c4f81d3

     6.98%     0.00%  sqgi     [JIT] tid 495641            [.] 0x0000ffff8c4f519f
            |
            ---0xffff8c4f519f
               |          
                --3.66%--0xffff8c4f519f
                          sqjit_a64_helper_member_native_closure_guard
                          |          
                           --2.33%--sqjit_a64_helper_member_native_closure_guard
                                     sqjit_a64_borrow_member_ptr_value
                                     SQTable::GetRawSlot (inlined)

     6.96%     0.00%  sqgi     [JIT] tid 495641            [.] 0x0000ffff8c4f6153
            |
            ---0xffff8c4f6153

     6.31%     0.00%  sqgi     [JIT] tid 495641            [.] 0x0000ffff8c4fa22f
            |
            ---0xffff8c4fa22f

     5.98%     0.00%  sqgi     [JIT] tid 495641            [.] 0x0000ffff8c4f71d7
            |
            ---0xffff8c4f71d7
               |          
                --2.66%--0xffff8c4f71d7
                          sqjit_a64_helper_member_closure_guard

     5.65%     0.00%  sqgi     [JIT] tid 495641            [.] 0x0000ffff8c4f9313
            |
            ---0xffff8c4f9313

     5.64%     0.00%  sqgi     [JIT] tid 495641            [.] 0x0000ffff8c4fa2ef
            |
            ---0xffff8c4fa2ef

     5.60%     0.00%  sqgi     [JIT] tid 495641            [.] 0x0000ffff8c4fb153
            |
            ---0xffff8c4fb153

     5.32%     0.00%  sqgi     [JIT] tid 495641            [.] 0x0000ffff8c4f51ff
            |
            ---0xffff8c4f51ff

     5.32%     0.00%  sqgi     [JIT] tid 495641            [.] 0x0000ffff8c4f955f
            |
            ---0xffff8c4f955f
               |          
                --2.33%--0xffff8c4f95d4

     5.32%     0.00%  sqgi     [JIT] tid 495641            [.] 0x0000ffff8c4f984f
            |
            ---0xffff8c4f984f
               |          
                --2.33%--0xffff8c4f984f
                          sqjit_a64_helper_member_closure_guard

     4.65%     0.00%  sqgi     sqgi                        [.] SQTable::_Get (inlined)
            |
            ---SQTable::_Get (inlined)

     4.65%     0.00%  sqgi     [JIT] tid 495641            [.] 0x0000ffff8c4f728f
            |
            ---0xffff8c4f728f

     4.64%     0.00%  sqgi     sqgi                        [.] HashObj (inlined)
            |
            ---HashObj (inlined)

     4.32%     0.00%  sqgi     [JIT] tid 495641            [.] 0x0000ffff8c4f9793
            |
            ---0xffff8c4f9793

     4.32%     0.00%  sqgi     [JIT] tid 495641            [.] 0x0000ffff8c4f961b
            |
            ---0xffff8c4f961b

     3.99%     0.00%  sqgi     [JIT] tid 495641            [.] 0x0000ffff8c4f94a3
            |
            ---0xffff8c4f94a3

     3.66%     1.33%  sqgi     sqgi                        [.] sqjit_a64_helper_member_native_closure_guard
            |          
             --2.33%--sqjit_a64_helper_member_native_closure_guard
                       sqjit_a64_helper_member_native_closure_guard
                       sqjit_a64_borrow_member_ptr_value
                       SQTable::GetRawSlot (inlined)

     3.33%     0.00%  sqgi     [JIT] tid 495641            [.] 0x0000ffff8c4f93e7
            |
            ---0xffff8c4f93e7

     3.32%     0.00%  sqgi     [JIT] tid 495641            [.] 0x0000ffff8c4fa46f
            |
            ---0xffff8c4fa46f

     2.99%     0.00%  sqgi     [JIT] tid 495641            [.] 0x0000ffff8c4f96d7
            |
            ---0xffff8c4f96d7

     2.99%     0.00%  sqgi     [JIT] tid 495641            [.] 0x0000ffff8c4fa3af
            |
            ---0xffff8c4fa3af

     2.33%     2.33%  sqgi     [JIT] tid 495641            [.] 0x0000ffff8c4f95d4
            |
            ---0xffff8c4f955f
               0xffff8c4f95d4



#
# (Cannot load tips.txt file, please install perf!)
#
