# To display the perf.data header info, please use --header/--header-only options.
#
#
# Total Lost Samples: 0
#
# Samples: 2K of event 'cycles:u'
# Event count (approx.): 11582142213
#
# Children      Self  Command  Shared Object                 Symbol                                           
# ........  ........  .......  ............................  .................................................
#
    24.02%     0.00%  sqgi     sqgi                          [.] _start
            |
            ---_start
               __libc_start_main_impl (inlined)
               __libc_start_call_main
               main
               |          
                --23.95%--sq_call
                          SQVM::Execute

    24.02%     0.00%  sqgi     libc.so.6                     [.] __libc_start_main_impl (inlined)
            |
            ---__libc_start_main_impl (inlined)
               __libc_start_call_main
               main
               |          
                --23.95%--sq_call
                          SQVM::Execute

    24.02%     0.00%  sqgi     libc.so.6                     [.] __libc_start_call_main
            |
            ---__libc_start_call_main
               main
               |          
                --23.95%--sq_call
                          SQVM::Execute

    24.02%     0.00%  sqgi     sqgi                          [.] main
            |
            ---main
               |          
                --23.95%--sq_call
                          SQVM::Execute

    23.96%    19.39%  sqgi     sqgi                          [.] SQVM::Execute
            |          
            |--19.39%--_start
            |          __libc_start_main_impl (inlined)
            |          __libc_start_call_main
            |          main
            |          sq_call
            |          SQVM::Execute
            |          
             --4.57%--SQVM::Execute

    23.96%     0.00%  sqgi     sqgi                          [.] sq_call
            |
            ---sq_call
               SQVM::Execute

    12.89%     0.00%  sqgi     [JIT] tid 495271              [.] 0x0000ffff817b2153
            |
            ---0xffff817b2153
               |          
                --2.06%--0xffff817b2240

    11.95%     0.00%  sqgi     [JIT] tid 495271              [.] 0x0000ffff817b1153
            |
            ---0xffff817b1153
               |          
               |--2.67%--0xffff817b1268
               |          
                --2.00%--0xffff817b1153
                          sqjit_a64_helper_member_closure_guard

     7.85%     0.00%  sqgi     [JIT] tid 495271              [.] 0x0000ffff817b0153
            |
            ---0xffff817b0153
               |          
               |--2.08%--0xffff817b01b4
               |          
                --2.08%--0xffff817b0153
                          sqjit_a64_helper_member_closure_guard

     7.24%     0.00%  sqgi     [JIT] tid 495271              [.] 0x0000ffff817af043
            |
            ---0xffff817af043

     6.13%     0.00%  sqgi     [JIT] tid 495271              [.] 0x0000ffff8179e32b
            |
            ---0xffff8179e32b

     5.50%     1.92%  sqgi     sqgi                          [.] sqjit_a64_helper_member_closure_guard
            |          
             --3.57%--sqjit_a64_helper_member_closure_guard
                       sqjit_a64_helper_member_closure_guard
                       sqjit_a64_borrow_member_ptr_value
                       |          
                        --2.20%--SQTable::GetRawSlot (inlined)

     5.34%     5.30%  sqgi     sqgi                          [.] sqjit_a64_borrow_member_ptr_value
     3.69%     0.00%  sqgi     sqgi                          [.] SQTable::GetRawSlot (inlined)
            |
            ---SQTable::GetRawSlot (inlined)

     2.87%     0.00%  sqgi     [JIT] tid 495271              [.] 0x0000ffff817a110f
            |
            ---0xffff817a110f

     2.67%     2.67%  sqgi     [JIT] tid 495271              [.] 0x0000ffff817b1268
            |
            ---0xffff817b1153
               0xffff817b1268

     2.32%     2.32%  sqgi     [JIT] tid 495271              [.] 0x0000ffff817af230
     2.32%     0.00%  sqgi     sqgi                          [.] SQObjectPtr::operator= (inlined)
            |
            ---SQObjectPtr::operator= (inlined)

     2.20%     1.18%  sqgi     sqgi                          [.] sqjit_number_conversion_guard
     2.20%     0.43%  sqgi     sqgi                          [.] sqjit_a64_helper_member_native_closure_guard
     2.16%     2.16%  sqgi     sqgi                          [.] SQTable::Get
     2.08%     2.08%  sqgi     [JIT] tid 495271              [.] 0x0000ffff817b01b4
            |
            ---0xffff817b0153
               0xffff817b01b4

     2.06%     2.06%  sqgi     [JIT] tid 495271              [.] 0x0000ffff817b2240
            |
            ---0xffff817b2153
               0xffff817b2240



#
# (Cannot load tips.txt file, please install perf!)
#
