BENCH	direct_call	3200000	0.033987	563347
BENCH	branch_call	3200000	0.031813	599062
BENCH	float_call	3200000	0.020754	8.2204724409448815
BENCH	numeric_loop	3200000	0.022929	612398470
BENCH	vector	160000	0.377394	0.12553851953971693
BENCH	dynamic_member	160000	0.922794	7261462
BENCH	dynamic_key_get_set	160000	0.182969	6566091
BENCH	object_member_write_fallback	160000	0.474087	595919
BENCH	array_append	160000	0.123494	3048687
BENCH	array_write	160000	0.036950	831988
BENCH	array_read	3200000	0.007076	8000000
BENCH	array_float	3200000	0.006758	6400000
BENCH	math_intrinsic	160000	0.203700	2418270.8295144332
BENCH	math_variable	160000	0.218319	313782.39947747899
BENCH	matrix	160000	0.324931	-0.024510798820940455
BENCH	direct_call	3200000	0.034378	563347
BENCH	branch_call	3200000	0.031625	599062
BENCH	float_call	3200000	0.020891	8.2204724409448815
BENCH	numeric_loop	3200000	0.022909	612398470
BENCH	vector	160000	0.365563	0.12553851953971693
BENCH	dynamic_member	160000	0.924000	7261462
BENCH	dynamic_key_get_set	160000	0.182800	6566091
BENCH	object_member_write_fallback	160000	0.474081	595919
BENCH	array_append	160000	0.109831	3048687
BENCH	array_write	160000	0.037156	831988
BENCH	array_read	3200000	0.007178	8000000
BENCH	array_float	3200000	0.006889	6400000
BENCH	math_intrinsic	160000	0.203013	2418270.8295144332
BENCH	math_variable	160000	0.218725	313782.39947747899
BENCH	matrix	160000	0.326813	-0.024510798820940455
BENCH	direct_call	3200000	0.034459	563347
BENCH	branch_call	3200000	0.031647	599062
BENCH	float_call	3200000	0.020997	8.2204724409448815
BENCH	numeric_loop	3200000	0.022854	612398470
BENCH	vector	160000	0.366506	0.12553851953971693
BENCH	dynamic_member	160000	0.916637	7261462
BENCH	dynamic_key_get_set	160000	0.182863	6566091
BENCH	object_member_write_fallback	160000	0.473675	595919
BENCH	array_append	160000	0.126044	3048687
BENCH	array_write	160000	0.037169	831988
BENCH	array_read	3200000	0.007114	8000000
BENCH	array_float	3200000	0.006802	6400000
BENCH	math_intrinsic	160000	0.206987	2418270.8295144332
BENCH	math_variable	160000	0.219638	313782.39947747899
BENCH	matrix	160000	0.326638	-0.024510798820940455
5141.82;msec;task-clock:u;0.04%;5141823726;100.00;0.999;CPUs utilized
11598959988;;cycles:u;0.02%;5142250448;100.00;2.257;GHz
29807496872;;instructions:u;0.00%;5142250448;100.00;2.57;insn per cycle
4423933;;branch-misses:u;0.69%;5142250448;100.00;;
12178043759;;cache-references:u;0.11%;5142250448;100.00;2.370;G/sec
1269263;;cache-misses:u;0.99%;5142250448;100.00;0.010;of all cache refs
10511;;page-faults:u;0.01%;5141823726;100.00;2.045;K/sec
0;;context-switches:u;0.00%;5141823726;100.00;0.000;/sec
