BENCH	table_events_97	200000	0.545150000	10069540
BENCH	class_events_97	200000	0.560470000	10069540
BENCH	buffers_7	200000	0.433740000	65667
BENCH	buffers_31	200000	0.433370000	651677
BENCH	calibrate_17	200000	0.084555000	1040538.515625
BENCH	calibrate_67	200000	0.084755000	1040417.796875
BENCH	table_events_97	200000	0.552080000	10069540
BENCH	class_events_97	200000	0.563845000	10069540
BENCH	buffers_7	200000	0.433515000	65667
BENCH	buffers_31	200000	0.433985000	651677
BENCH	calibrate_17	200000	0.083515000	1040538.515625
BENCH	calibrate_67	200000	0.084215000	1040417.796875
BENCH	table_events_97	200000	0.543955000	10069540
BENCH	class_events_97	200000	0.552385000	10069540
BENCH	buffers_7	200000	0.434235000	65667
BENCH	buffers_31	200000	0.434165000	651677
BENCH	calibrate_17	200000	0.083535000	1040538.515625
BENCH	calibrate_67	200000	0.084635000	1040417.796875
3013.11;msec;task-clock:u;0.21%;3013105080;100.00;0.994;CPUs utilized
6818194427;;cycles:u;0.22%;3013396441;100.00;2.254;GHz
19886118843;;instructions:u;0.00%;3013396441;100.00;2.91;insn per cycle
3425991;;branch-misses:u;10.62%;3013396441;100.00;;
8055010023;;cache-references:u;0.00%;3013396441;100.00;2.663;G/sec
11241828;;cache-misses:u;0.90%;3013396441;100.00;0.140;of all cache refs
812;;page-faults:u;0.04%;3013105080;100.00;268.475;/sec
0;;context-switches:u;0.00%;3013105080;100.00;0.000;/sec
