# To display the perf.data header info, please use --header/--header-only options.
#
#
# Total Lost Samples: 0
#
# Samples: 1K of event 'cycles:u'
# Event count (approx.): 6845868294
#
# Children      Self  Command  Shared Object          Symbol                                      
# ........  ........  .......  .....................  ............................................
#
    69.56%     0.00%  sqgi     libc.so.6              [.] __libc_start_call_main
            |
            ---__libc_start_call_main
               __libc_start_call_main
               main
               |          
                --69.54%--sq_call
                          SQVM::Execute
                          |          
                          |--6.49%--sqjit_try_execute_current
                          |          |          
                          |           --2.10%--SQVM::Return
                          |          
                          |--5.31%--sq_member_cache_hit (inlined)
                          |          |          
                          |           --3.79%--SQTable::GetCachedSlot (inlined)
                          |          
                          |--4.57%--SQObjectPtr::operator= (inlined)
                          |          
                          |--3.06%--sqjit_try_execute_current_loop
                          |          
                          |--2.39%--SQArray::Get (inlined)
                          |          |          
                          |           --2.26%--SQArray::Get (inlined)
                          |          
                          |--2.33%--SQVM::Get
                          |          
                          |--2.06%--sq_vm_member_cache_for (inlined)
                          |          
                           --2.06%--SQVM::CMP_OP

    69.56%     0.00%  sqgi     sqgi                   [.] main
            |
            ---main
               |          
                --69.54%--sq_call
                          SQVM::Execute
                          |          
                          |--6.49%--sqjit_try_execute_current
                          |          |          
                          |           --2.10%--SQVM::Return
                          |          
                          |--5.31%--sq_member_cache_hit (inlined)
                          |          |          
                          |           --3.79%--SQTable::GetCachedSlot (inlined)
                          |          
                          |--4.57%--SQObjectPtr::operator= (inlined)
                          |          
                          |--3.06%--sqjit_try_execute_current_loop
                          |          
                          |--2.39%--SQArray::Get (inlined)
                          |          |          
                          |           --2.26%--SQArray::Get (inlined)
                          |          
                          |--2.33%--SQVM::Get
                          |          
                          |--2.06%--sq_vm_member_cache_for (inlined)
                          |          
                           --2.06%--SQVM::CMP_OP

    69.54%     0.00%  sqgi     sqgi                   [.] sq_call
            |
            ---sq_call
               SQVM::Execute
               |          
               |--6.49%--sqjit_try_execute_current
               |          |          
               |           --2.10%--SQVM::Return
               |          
               |--5.31%--sq_member_cache_hit (inlined)
               |          |          
               |           --3.79%--SQTable::GetCachedSlot (inlined)
               |          
               |--4.57%--SQObjectPtr::operator= (inlined)
               |          
               |--3.06%--sqjit_try_execute_current_loop
               |          
               |--2.39%--SQArray::Get (inlined)
               |          |          
               |           --2.26%--SQArray::Get (inlined)
               |          
               |--2.33%--SQVM::Get
               |          
               |--2.06%--sq_vm_member_cache_for (inlined)
               |          
                --2.06%--SQVM::CMP_OP

    69.54%    51.30%  sqgi     sqgi                   [.] SQVM::Execute
            |          
            |--51.30%--__libc_start_call_main
            |          __libc_start_call_main
            |          main
            |          sq_call
            |          SQVM::Execute
            |          |          
            |          |--5.18%--sq_member_cache_hit (inlined)
            |          |          |          
            |          |           --3.79%--SQTable::GetCachedSlot (inlined)
            |          |          
            |          |--4.57%--SQObjectPtr::operator= (inlined)
            |          |          
            |          |--2.39%--SQArray::Get (inlined)
            |          |          |          
            |          |           --2.26%--SQArray::Get (inlined)
            |          |          
            |           --2.06%--sq_vm_member_cache_for (inlined)
            |          
             --18.24%--SQVM::Execute
                       |          
                       |--6.49%--sqjit_try_execute_current
                       |          |          
                       |           --2.10%--SQVM::Return
                       |          
                       |--3.06%--sqjit_try_execute_current_loop
                       |          
                       |--2.33%--SQVM::Get
                       |          
                        --2.06%--SQVM::CMP_OP

     9.83%     7.11%  sqgi     sqgi                   [.] sqjit_a64_precise_step<(SQOpcode)14>
            |          
             --2.72%--sqjit_a64_precise_step<(SQOpcode)14>
                       |          
                        --2.59%--sqjit_a64_precise_step<(SQOpcode)14>
                                  SQJitWriteLog::CanRelease

     6.62%     2.72%  sqgi     sqgi                   [.] sqjit_try_execute_current
            |          
            |--3.90%--sqjit_try_execute_current
            |          |          
            |           --2.10%--SQVM::Return
            |          
             --2.72%--__libc_start_call_main
                       __libc_start_call_main
                       main
                       sq_call
                       SQVM::Execute
                       sqjit_try_execute_current

     5.71%     5.45%  sqgi     sqgi                   [.] sqjit_a64_precise_step<(SQOpcode)9>
     5.63%     0.00%  sqgi     sqgi                   [.] SQObjectPtr::operator= (inlined)
            |
            ---SQObjectPtr::operator= (inlined)

     5.31%     0.00%  sqgi     sqgi                   [.] sq_member_cache_hit (inlined)
            |
            ---sq_member_cache_hit (inlined)
               |          
                --3.79%--SQTable::GetCachedSlot (inlined)

     4.38%     0.00%  sqgi     [JIT] tid 495457       [.] 0x0000ffffb1a9542f
            |
            ---0xffffb1a9542f

     3.79%     0.00%  sqgi     sqgi                   [.] SQTable::GetCachedSlot (inlined)
            |
            ---SQTable::GetCachedSlot (inlined)

     3.35%     0.00%  sqgi     sqgi                   [.] sqjit_a64_precise_member (inlined)
            |
            ---sqjit_a64_precise_member (inlined)
               |          
                --2.49%--sq_member_raw_slot (inlined)

     3.19%     0.00%  sqgi     sqgi                   [.] sqjit_a64_precise_member (inlined)
            |
            ---sqjit_a64_precise_member (inlined)
               |          
                --3.12%--sq_member_raw_slot (inlined)

     3.12%     0.00%  sqgi     sqgi                   [.] sq_member_raw_slot (inlined)
            |
            ---sq_member_raw_slot (inlined)

     3.06%     2.39%  sqgi     sqgi                   [.] sqjit_try_execute_current_loop
            |          
             --2.39%--__libc_start_call_main
                       __libc_start_call_main
                       main
                       sq_call
                       SQVM::Execute
                       sqjit_try_execute_current_loop

     2.92%     0.00%  sqgi     sqgi                   [.] SQTable::GetRawSlot (inlined)
            |
            ---SQTable::GetRawSlot (inlined)
               |          
                --2.12%--SQTable::_Get (inlined)

     2.86%     2.86%  sqgi     sqgi                   [.] SQJitWriteLog::CanRelease
     2.49%     0.00%  sqgi     sqgi                   [.] sq_member_raw_slot (inlined)
            |
            ---sq_member_raw_slot (inlined)

     2.46%     2.46%  sqgi     sqgi                   [.] SQTable::Get
     2.39%     0.00%  sqgi     sqgi                   [.] SQArray::Get (inlined)
            |
            ---SQArray::Get (inlined)
               |          
                --2.26%--SQArray::Get (inlined)

     2.33%     0.27%  sqgi     sqgi                   [.] SQVM::Get
            |          
             --2.06%--SQVM::Get

     2.32%     0.00%  sqgi     [JIT] tid 495457       [.] 0x0000ffffb1a962df
            |
            ---0xffffb1a962df
               |          
                --2.19%--0xffffb1a962df
                          sqjit_a64_precise_step<(SQOpcode)14>

     2.32%     1.53%  sqgi     sqgi                   [.] sqjit_number_conversion_guard
     2.22%     0.00%  sqgi     sqgi                   [.] SQTable::GetRawSlot (inlined)
            |
            ---SQTable::GetRawSlot (inlined)

     2.19%     2.12%  sqgi     sqgi                   [.] sqjit_a64_precise_step<(SQOpcode)13>
     2.12%     0.00%  sqgi     sqgi                   [.] SQTable::_Get (inlined)
            |
            ---SQTable::_Get (inlined)

     2.10%     0.92%  sqgi     sqgi                   [.] SQVM::Return
     2.06%     0.00%  sqgi     sqgi                   [.] sq_vm_member_cache_for (inlined)
            |
            ---sq_vm_member_cache_for (inlined)

     2.06%     1.20%  sqgi     sqgi                   [.] SQVM::CMP_OP


#
# (Cannot load tips.txt file, please install perf!)
#
