# To display the perf.data header info, please use --header/--header-only options.
#
#
# Total Lost Samples: 0
#
# Samples: 2K of event 'cycles:u'
# Event count (approx.): 11052326869
#
# Children      Self  Command  Shared Object                 Symbol                                       
# ........  ........  .......  ............................  .............................................
#
    53.35%     0.00%  sqgi     libc.so.6                     [.] __libc_start_call_main
            |
            ---__libc_start_call_main
               __libc_start_call_main
               main
               sq_call
               SQVM::Execute
               |          
               |--9.23%--sqjit_try_execute_current
               |          |          
               |           --2.95%--SQVM::Return
               |          
               |--2.80%--SQVM::CMP_OP
               |          
               |--2.76%--sqjit_try_execute_current_loop
               |          
               |--2.72%--SQObjectPtr::operator= (inlined)
               |          
               |--2.51%--SQVM::StartCall
               |          
                --2.14%--SQArray::Get (inlined)

    53.35%    32.34%  sqgi     sqgi                          [.] SQVM::Execute
            |          
            |--32.34%--__libc_start_call_main
            |          __libc_start_call_main
            |          main
            |          sq_call
            |          SQVM::Execute
            |          |          
            |          |--2.72%--SQObjectPtr::operator= (inlined)
            |          |          
            |           --2.14%--SQArray::Get (inlined)
            |          
             --21.02%--SQVM::Execute
                       |          
                       |--9.23%--sqjit_try_execute_current
                       |          |          
                       |           --2.95%--SQVM::Return
                       |          
                       |--2.80%--SQVM::CMP_OP
                       |          
                       |--2.76%--sqjit_try_execute_current_loop
                       |          
                        --2.51%--SQVM::StartCall

    53.35%     0.00%  sqgi     sqgi                          [.] main
            |
            ---main
               sq_call
               SQVM::Execute
               |          
               |--9.23%--sqjit_try_execute_current
               |          |          
               |           --2.95%--SQVM::Return
               |          
               |--2.80%--SQVM::CMP_OP
               |          
               |--2.76%--sqjit_try_execute_current_loop
               |          
               |--2.72%--SQObjectPtr::operator= (inlined)
               |          
               |--2.51%--SQVM::StartCall
               |          
                --2.14%--SQArray::Get (inlined)

    53.35%     0.00%  sqgi     sqgi                          [.] sq_call
            |
            ---sq_call
               SQVM::Execute
               |          
               |--9.23%--sqjit_try_execute_current
               |          |          
               |           --2.95%--SQVM::Return
               |          
               |--2.80%--SQVM::CMP_OP
               |          
               |--2.76%--sqjit_try_execute_current_loop
               |          
               |--2.72%--SQObjectPtr::operator= (inlined)
               |          
               |--2.51%--SQVM::StartCall
               |          
                --2.14%--SQArray::Get (inlined)

    12.92%     8.60%  sqgi     sqgi                          [.] sqjit_a64_precise_step<(SQOpcode)13>
            |          
             --4.32%--sqjit_a64_precise_step<(SQOpcode)13>
                       sqjit_a64_precise_step<(SQOpcode)13>
                       SQJitWriteLog::CanRelease
                       |          
                        --2.02%--sqjit_unobservable_scalar_array (inlined)

    10.04%     7.98%  sqgi     sqgi                          [.] sqjit_a64_precise_step<(SQOpcode)9>
            |          
             --2.06%--sqjit_a64_precise_step<(SQOpcode)9>
                       sqjit_a64_precise_step<(SQOpcode)9>
                       SQJitWriteLog::CanRelease

     9.48%     3.73%  sqgi     sqgi                          [.] sqjit_try_execute_current
            |          
            |--5.75%--sqjit_try_execute_current
            |          |          
            |           --2.95%--SQVM::Return
            |          
             --3.73%--__libc_start_call_main
                       __libc_start_call_main
                       main
                       sq_call
                       SQVM::Execute
                       sqjit_try_execute_current

     8.80%     8.80%  sqgi     sqgi                          [.] SQJitWriteLog::CanRelease
     7.92%     6.40%  sqgi     sqgi                          [.] sqjit_a64_precise_step<(SQOpcode)14>
     6.13%     5.22%  sqgi     sqgi                          [.] sqjit_a64_precise_step<(SQOpcode)1>
     4.36%     0.00%  sqgi     sqgi                          [.] sqjit_a64_precise_member (inlined)
            |
            ---sqjit_a64_precise_member (inlined)
               |          
                --4.24%--sq_member_raw_slot (inlined)
                          |          
                           --2.30%--SQTable::GetRawSlot (inlined)

     4.24%     0.00%  sqgi     sqgi                          [.] sq_member_raw_slot (inlined)
            |
            ---sq_member_raw_slot (inlined)
               |          
                --2.30%--SQTable::GetRawSlot (inlined)

     4.11%     0.00%  sqgi     sqgi                          [.] sqjit_a64_precise_member (inlined)
            |
            ---sqjit_a64_precise_member (inlined)
               |          
                --3.83%--sq_member_raw_slot (inlined)

     3.83%     0.00%  sqgi     sqgi                          [.] sq_member_raw_slot (inlined)
            |
            ---sq_member_raw_slot (inlined)

     3.74%     0.00%  sqgi     sqgi                          [.] sqjit_unobservable_scalar_array (inlined)
            |
            ---sqjit_unobservable_scalar_array (inlined)

     3.50%     0.00%  sqgi     sqgi                          [.] SQTable::GetRawSlot (inlined)
            |
            ---SQTable::GetRawSlot (inlined)
               |          
                --2.39%--SQTable::_Get (inlined)

     3.50%     0.00%  sqgi     sqgi                          [.] SQTable::GetRawSlot (inlined)
            |
            ---SQTable::GetRawSlot (inlined)
               |          
                --2.22%--SQTable::_Get (inlined)

     3.46%     0.00%  sqgi     sqgi                          [.] SQObjectPtr::operator= (inlined)
            |
            ---SQObjectPtr::operator= (inlined)

     3.33%     0.00%  sqgi     [JIT] tid 495539              [.] 0x0000ffffb4fd51fb
            |
            ---0xffffb4fd51fb
               |          
                --2.80%--0xffffb4fd51fb
                          sqjit_a64_precise_step<(SQOpcode)9>

     3.14%     0.00%  sqgi     [JIT] tid 495539              [.] 0x0000ffffb4fd628b
            |
            ---0xffffb4fd628b
               |          
                --2.90%--0xffffb4fd628b
                          sqjit_a64_precise_step<(SQOpcode)14>

     3.12%     0.00%  sqgi     [JIT] tid 495539              [.] 0x0000ffffb4fd616b
            |
            ---0xffffb4fd616b
               |          
                --3.04%--0xffffb4fd616b
                          sqjit_a64_precise_step<(SQOpcode)13>

     2.95%     1.73%  sqgi     sqgi                          [.] SQVM::Return
     2.84%     0.33%  sqgi     sqgi                          [.] sqjit_write_log_release
            |          
             --2.51%--sqjit_write_log_release
                       SQJitWriteLog::~SQJitWriteLog

     2.80%     0.00%  sqgi     [JIT] tid 495539              [.] 0x0000ffffb4fd50ab
            |
            ---0xffffb4fd50ab
               |          
                --2.68%--0xffffb4fd50ab
                          sqjit_a64_precise_step<(SQOpcode)13>

     2.80%     1.40%  sqgi     sqgi                          [.] SQVM::CMP_OP
     2.80%     0.00%  sqgi     [JIT] tid 495539              [.] 0x0000ffffb4fd625b
            |
            ---0xffffb4fd625b
               |          
                --2.63%--0xffffb4fd625b
                          sqjit_a64_precise_step<(SQOpcode)9>

     2.76%     1.89%  sqgi     sqgi                          [.] sqjit_try_execute_current_loop
     2.51%     1.89%  sqgi     sqgi                          [.] SQVM::StartCall
     2.51%     2.51%  sqgi     sqgi                          [.] SQJitWriteLog::~SQJitWriteLog
     2.39%     0.00%  sqgi     sqgi                          [.] SQTable::_Get (inlined)
            |
            ---SQTable::_Get (inlined)

     2.35%     0.00%  sqgi     sqgi                          [.] SQObjectPtr::operator= (inlined)
            |
            ---SQObjectPtr::operator= (inlined)

     2.35%     0.00%  sqgi     [JIT] tid 495539              [.] 0x0000ffffb4fd610b
            |
            ---0xffffb4fd610b
               |          
                --2.30%--0xffffb4fd610b
                          sqjit_a64_precise_step<(SQOpcode)13>

     2.22%     0.00%  sqgi     sqgi                          [.] SQTable::_Get (inlined)
            |
            ---SQTable::_Get (inlined)

     2.20%     0.00%  sqgi     sqgi                          [.] sqjit_a64_precise_member (inlined)
            |
            ---sqjit_a64_precise_member (inlined)

     2.14%     0.00%  sqgi     sqgi                          [.] SQArray::Get (inlined)
            |
            ---SQArray::Get (inlined)

     2.10%     0.00%  sqgi     [JIT] tid 495539              [.] 0x0000ffffb4fd622b
            |
            ---0xffffb4fd622b
               |          
                --2.06%--0xffffb4fd622b
                          sqjit_a64_precise_step<(SQOpcode)14>



#
# (Cannot load tips.txt file, please install perf!)
#
