BENCH	transfer_table	200000	0.612725000	141925
BENCH	transfer_class	200000	0.643930000	141925
BENCH	transfer_mixed	200000	0.643600000	141925
BENCH	publish_table	200000	0.511960000	410680
BENCH	publish_class	200000	0.528090000	410680
BENCH	publish_mixed	200000	0.529050000	410680
BENCH	transfer_table	200000	0.612060000	141925
BENCH	transfer_class	200000	0.642915000	141925
BENCH	transfer_mixed	200000	0.641715000	141925
BENCH	publish_table	200000	0.510210000	410680
BENCH	publish_class	200000	0.527645000	410680
BENCH	publish_mixed	200000	0.527870000	410680
BENCH	transfer_table	200000	0.613365000	141925
BENCH	transfer_class	200000	0.643305000	141925
BENCH	transfer_mixed	200000	0.641970000	141925
BENCH	publish_table	200000	0.514100000	410680
BENCH	publish_class	200000	0.531145000	410680
BENCH	publish_mixed	200000	0.531330000	410680
4884.79;msec;task-clock:u;0.10%;4884785189;100.00;0.999;CPUs utilized
11095586324;;cycles:u;0.10%;4885199353;100.00;2.272;GHz
32241935723;;instructions:u;0.00%;4885199353;100.00;2.91;insn per cycle
2313852;;branch-misses:u;0.43%;4885199353;100.00;;
12954627100;;cache-references:u;0.01%;4885199353;100.00;2.653;G/sec
3584960;;cache-misses:u;1.67%;4885199353;100.00;0.028;of all cache refs
796;;page-faults:u;0.08%;4884785189;100.00;163.014;/sec
0;;context-switches:u;0.00%;4884785189;100.00;0.000;/sec
