# To display the perf.data header info, please use --header/--header-only options.
#
#
# Total Lost Samples: 0
#
# Samples: 2K of event 'cycles:u'
# Event count (approx.): 12433866346
#
# Children      Self  Command  Shared Object                 Symbol                                  
# ........  ........  .......  ............................  ........................................
#
    24.61%    23.19%  sqgi     sqgi                          [.] sqjit_a64_precise_step<(SQOpcode)9>
            |          
            |--5.30%--0xffffb4f292b7
            |          0xffffb4f292b7
            |          sqjit_a64_precise_step<(SQOpcode)9>
            |          |          
            |           --3.00%--sqjit_a64_precise_member (inlined)
            |                     |          
            |                      --2.82%--sq_member_raw_slot (inlined)
            |          
            |--4.94%--0xffffb4f29153
            |          0xffffb4f29153
            |          sqjit_a64_precise_step<(SQOpcode)9>
            |          |          
            |           --2.63%--sqjit_a64_precise_member (inlined)
            |                     |          
            |                      --2.34%--sq_member_raw_slot (inlined)
            |          
            |--4.93%--0xffffb4f297cf
            |          0xffffb4f297cf
            |          sqjit_a64_precise_step<(SQOpcode)9>
            |          |          
            |           --2.70%--sqjit_a64_precise_member (inlined)
            |                     |          
            |                      --2.27%--sq_member_raw_slot (inlined)
            |          
            |--4.12%--0xffffb4f29973
            |          0xffffb4f29973
            |          sqjit_a64_precise_step<(SQOpcode)9>
            |          |          
            |           --2.55%--sqjit_a64_precise_member (inlined)
            |                     |          
            |                      --2.40%--sq_member_raw_slot (inlined)
            |          
             --3.91%--0xffffb4f2971f
                       0xffffb4f2971f
                       sqjit_a64_precise_step<(SQOpcode)9>

    18.03%    16.13%  sqgi     sqgi                          [.] sqjit_a64_precise_step<(SQOpcode)13>
            |          
            |--5.05%--0xffffb4f29287
            |          0xffffb4f29287
            |          sqjit_a64_precise_step<(SQOpcode)13>
            |          |          
            |           --2.60%--sqjit_a64_precise_member (inlined)
            |                     |          
            |                      --2.30%--sq_member_raw_slot (inlined)
            |          
            |--4.35%--0xffffb4f2958b
            |          0xffffb4f2958b
            |          sqjit_a64_precise_step<(SQOpcode)13>
            |          |          
            |           --2.96%--sqjit_a64_precise_member (inlined)
            |                     |          
            |                      --2.60%--sq_member_raw_slot (inlined)
            |          
            |--3.84%--0xffffb4f296ef
            |          0xffffb4f296ef
            |          sqjit_a64_precise_step<(SQOpcode)13>
            |          |          
            |           --2.45%--sqjit_a64_precise_member (inlined)
            |                     |          
            |                      --2.27%--sq_member_raw_slot (inlined)
            |          
             --2.89%--0xffffb4f2952b
                       0xffffb4f2952b
                       sqjit_a64_precise_step<(SQOpcode)13>

    14.47%    12.76%  sqgi     sqgi                          [.] sqjit_a64_precise_step<(SQOpcode)14>
            |          
            |--3.99%--0xffffb4f295eb
            |          0xffffb4f295eb
            |          sqjit_a64_precise_step<(SQOpcode)14>
            |          |          
            |           --2.60%--sqjit_a64_precise_member (inlined)
            |                     |          
            |                      --2.56%--sq_member_raw_slot (inlined)
            |          
            |--3.55%--0xffffb4f2979f
            |          0xffffb4f2979f
            |          sqjit_a64_precise_step<(SQOpcode)14>
            |          
            |--2.71%--0xffffb4f29387
            |          0xffffb4f29387
            |          sqjit_a64_precise_step<(SQOpcode)14>
            |          
             --2.52%--0xffffb4f29257
                       0xffffb4f29257
                       sqjit_a64_precise_step<(SQOpcode)14>

    12.63%     0.00%  sqgi     sqgi                          [.] sqjit_a64_precise_member (inlined)
            |
            ---sqjit_a64_precise_member (inlined)
               |          
                --11.55%--sq_member_raw_slot (inlined)
                          |          
                          |--6.07%--SQTable::GetRawSlot (inlined)
                          |          |          
                          |           --4.79%--SQTable::_Get (inlined)
                          |          
                           --4.30%--sq_member_raw_slot (inlined)
                                     SQTable::GetRawSlot (inlined)
                                     |          
                                      --2.41%--SQTable::_Get (inlined)

    11.55%     0.00%  sqgi     sqgi                          [.] sq_member_raw_slot (inlined)
            |
            ---sq_member_raw_slot (inlined)
               |          
               |--6.07%--SQTable::GetRawSlot (inlined)
               |          |          
               |           --4.79%--SQTable::_Get (inlined)
               |          
                --4.30%--sq_member_raw_slot (inlined)
                          SQTable::GetRawSlot (inlined)
                          |          
                           --2.41%--SQTable::_Get (inlined)

    10.77%    10.77%  sqgi     sqgi                          [.] SQJitWriteLog::CanRelease
    10.38%     0.00%  sqgi     sqgi                          [.] SQTable::GetRawSlot (inlined)
            |
            ---SQTable::GetRawSlot (inlined)
               |          
                --7.21%--SQTable::_Get (inlined)

     8.56%     0.00%  sqgi     sqgi                          [.] sqjit_a64_precise_member (inlined)
            |
            ---sqjit_a64_precise_member (inlined)
               |          
                --7.17%--sq_member_raw_slot (inlined)
                          |          
                          |--3.18%--SQTable::GetRawSlot (inlined)
                          |          |          
                          |           --2.23%--SQTable::_Get (inlined)
                          |          
                           --3.11%--sq_member_raw_slot (inlined)
                                     SQTable::GetRawSlot (inlined)
                                     |          
                                      --2.38%--SQTable::_Get (inlined)

     8.24%     0.00%  sqgi     [JIT] tid 495481              [.] 0x0000ffffb4f297cf
            |
            ---0xffffb4f297cf
               |          
                --5.72%--0xffffb4f297cf
                          sqjit_a64_precise_step<(SQOpcode)9>
                          |          
                           --2.70%--sqjit_a64_precise_member (inlined)
                                     |          
                                      --2.27%--sq_member_raw_slot (inlined)

     8.13%     6.27%  sqgi     sqgi                          [.] sqjit_a64_precise_step<(SQOpcode)17>
            |          
             --2.71%--0xffffb4f29a73
                       0xffffb4f29a73
                       sqjit_a64_precise_step<(SQOpcode)17>

     7.21%     0.00%  sqgi     sqgi                          [.] SQTable::_Get (inlined)
            |
            ---SQTable::_Get (inlined)

     7.17%     0.00%  sqgi     sqgi                          [.] sq_member_raw_slot (inlined)
            |
            ---sq_member_raw_slot (inlined)
               |          
               |--3.18%--SQTable::GetRawSlot (inlined)
               |          |          
               |           --2.23%--SQTable::_Get (inlined)
               |          
                --3.11%--sq_member_raw_slot (inlined)
                          SQTable::GetRawSlot (inlined)
                          |          
                           --2.38%--SQTable::_Get (inlined)

     7.02%     0.00%  sqgi     [JIT] tid 495481              [.] 0x0000ffffb4f29287
            |
            ---0xffffb4f29287
               |          
                --6.95%--0xffffb4f29287
                          sqjit_a64_precise_step<(SQOpcode)13>
                          |          
                          |--2.60%--sqjit_a64_precise_member (inlined)
                          |          |          
                          |           --2.30%--sq_member_raw_slot (inlined)
                          |          
                           --2.41%--sqjit_a64_precise_can_release (inlined)

     6.65%     5.26%  sqgi     sqgi                          [.] sqjit_a64_precise_step<(SQOpcode)1>
            |          
            |--2.96%--0xffffb4f29183
            |          0xffffb4f29183
            |          sqjit_a64_precise_step<(SQOpcode)1>
            |          
             --2.30%--0xffffb4f2955b
                       0xffffb4f2955b
                       sqjit_a64_precise_step<(SQOpcode)1>

     6.29%     0.00%  sqgi     sqgi                          [.] SQTable::GetRawSlot (inlined)
            |
            ---SQTable::GetRawSlot (inlined)
               |          
                --4.61%--SQTable::_Get (inlined)

     6.18%     0.00%  sqgi     [JIT] tid 495481              [.] 0x0000ffffb4f2911b
            |
            ---0xffffb4f2911b
               |          
                --6.00%--0xffffb4f2911b
                          sqjit_a64_precise_step<(SQOpcode)29>
                          |          
                           --3.88%--SQVM::CMP_OP
                                     |          
                                      --2.12%--SQVM::ObjCmp

     6.00%     1.83%  sqgi     sqgi                          [.] sqjit_a64_precise_step<(SQOpcode)29>
            |          
             --4.17%--sqjit_a64_precise_step<(SQOpcode)29>
                       |          
                        --3.88%--SQVM::CMP_OP
                                  |          
                                   --2.12%--SQVM::ObjCmp

     5.56%     0.00%  sqgi     [JIT] tid 495481              [.] 0x0000ffffb4f292b7
            |
            ---0xffffb4f292b7
               |          
                --5.30%--0xffffb4f292b7
                          sqjit_a64_precise_step<(SQOpcode)9>
                          |          
                           --3.00%--sqjit_a64_precise_member (inlined)
                                     |          
                                      --2.82%--sq_member_raw_slot (inlined)

     5.19%     0.00%  sqgi     [JIT] tid 495481              [.] 0x0000ffffb4f29af3
            |
            ---0xffffb4f29af3
               |          
                --4.94%--0xffffb4f29af3
                          sqjit_a64_precise_step<(SQOpcode)39>

     5.16%     0.00%  sqgi     [JIT] tid 495481              [.] 0x0000ffffb4f29153
            |
            ---0xffffb4f29153
               |          
                --4.94%--0xffffb4f29153
                          sqjit_a64_precise_step<(SQOpcode)9>
                          |          
                           --2.63%--sqjit_a64_precise_member (inlined)
                                     |          
                                      --2.34%--sq_member_raw_slot (inlined)

     5.08%     0.00%  sqgi     [JIT] tid 495481              [.] 0x0000ffffb4f2971f
            |
            ---0xffffb4f2971f
               |          
                --4.53%--0xffffb4f2971f
                          sqjit_a64_precise_step<(SQOpcode)9>

     4.94%     0.00%  sqgi     [JIT] tid 495481              [.] 0x0000ffffb4f29387
            |
            ---0xffffb4f29387
               |          
                --3.55%--0xffffb4f29387
                          sqjit_a64_precise_step<(SQOpcode)14>

     4.94%     3.03%  sqgi     sqgi                          [.] sqjit_a64_precise_step<(SQOpcode)39>
            |          
             --3.03%--0xffffb4f29af3
                       0xffffb4f29af3
                       sqjit_a64_precise_step<(SQOpcode)39>

     4.82%     0.00%  sqgi     [JIT] tid 495481              [.] 0x0000ffffb4f29973
            |
            ---0xffffb4f29973
               |          
                --4.12%--0xffffb4f29973
                          sqjit_a64_precise_step<(SQOpcode)9>
                          |          
                           --2.55%--sqjit_a64_precise_member (inlined)
                                     |          
                                      --2.40%--sq_member_raw_slot (inlined)

     4.72%     0.00%  sqgi     [JIT] tid 495481              [.] 0x0000ffffb4f2958b
            |
            ---0xffffb4f2958b
               |          
                --4.35%--0xffffb4f2958b
                          sqjit_a64_precise_step<(SQOpcode)13>
                          |          
                           --2.96%--sqjit_a64_precise_member (inlined)
                                     |          
                                      --2.60%--sq_member_raw_slot (inlined)

     4.61%     0.00%  sqgi     sqgi                          [.] SQTable::_Get (inlined)
            |
            ---SQTable::_Get (inlined)

     4.60%     0.00%  sqgi     [JIT] tid 495481              [.] 0x0000ffffb4f2979f
            |
            ---0xffffb4f2979f
               |          
                --4.41%--0xffffb4f2979f
                          sqjit_a64_precise_step<(SQOpcode)14>

     4.53%     0.00%  sqgi     sqgi                          [.] sqjit_a64_precise_member (inlined)
            |
            ---sqjit_a64_precise_member (inlined)
               |          
                --2.56%--sq_member_raw_slot (inlined)

     4.46%     0.00%  sqgi     [JIT] tid 495481              [.] 0x0000ffffb4f295eb
            |
            ---0xffffb4f295eb
               |          
                --3.99%--0xffffb4f295eb
                          sqjit_a64_precise_step<(SQOpcode)14>
                          |          
                           --2.60%--sqjit_a64_precise_member (inlined)
                                     |          
                                      --2.56%--sq_member_raw_slot (inlined)

     4.27%     0.00%  sqgi     [JIT] tid 495481              [.] 0x0000ffffb4f295bb
            |
            ---0xffffb4f295bb
               |          
                --4.13%--0xffffb4f295bb
                          sqjit_a64_precise_step<(SQOpcode)4>

     4.24%     0.00%  sqgi     sqgi                          [.] sqjit_unobservable_scalar_array (inlined)
            |
            ---sqjit_unobservable_scalar_array (inlined)

     4.20%     0.00%  sqgi     [JIT] tid 495481              [.] 0x0000ffffb4f296ef
            |
            ---0xffffb4f296ef
               |          
                --3.84%--0xffffb4f296ef
                          sqjit_a64_precise_step<(SQOpcode)13>
                          |          
                           --2.45%--sqjit_a64_precise_member (inlined)
                                     |          
                                      --2.27%--sq_member_raw_slot (inlined)

     4.13%     3.21%  sqgi     sqgi                          [.] sqjit_a64_precise_step<(SQOpcode)4>
            |          
             --3.21%--0xffffb4f295bb
                       0xffffb4f295bb
                       sqjit_a64_precise_step<(SQOpcode)4>

     3.95%     0.00%  sqgi     [JIT] tid 495481              [.] 0x0000ffffb4f2955b
            |
            ---0xffffb4f2955b
               |          
                --3.69%--0xffffb4f2955b
                          sqjit_a64_precise_step<(SQOpcode)1>

     3.88%     1.76%  sqgi     sqgi                          [.] SQVM::CMP_OP
            |          
             --2.12%--SQVM::CMP_OP
                       SQVM::ObjCmp

     3.66%     0.00%  sqgi     [JIT] tid 495481              [.] 0x0000ffffb4f29183
            |
            ---0xffffb4f29183
               |          
                --2.96%--0xffffb4f29183
                          sqjit_a64_precise_step<(SQOpcode)1>

     3.47%     0.00%  sqgi     [JIT] tid 495481              [.] 0x0000ffffb4f29a73
            |
            ---0xffffb4f29a73
               |          
                --3.22%--0xffffb4f29a73
                          sqjit_a64_precise_step<(SQOpcode)17>

     3.22%     0.00%  sqgi     [JIT] tid 495481              [.] 0x0000ffffb4f2952b
            |
            ---0xffffb4f2952b
               |          
                --2.89%--0xffffb4f2952b
                          sqjit_a64_precise_step<(SQOpcode)13>

     3.11%     0.00%  sqgi     sqgi                          [.] sqjit_a64_precise_can_release (inlined)
            |
            ---sqjit_a64_precise_can_release (inlined)

     3.06%     0.00%  sqgi     [JIT] tid 495481              [.] 0x0000ffffb4f299f3
            |
            ---0xffffb4f299f3
               |          
                --2.55%--0xffffb4f299f3
                          sqjit_a64_precise_step<(SQOpcode)17>

     2.89%     0.00%  sqgi     sqgi                          [.] sqjit_a64_precise_arith (inlined)
            |
            ---sqjit_a64_precise_arith (inlined)

     2.78%     0.00%  sqgi     [JIT] tid 495481              [.] 0x0000ffffb4f29257
            |
            ---0xffffb4f29257
               |          
                --2.52%--0xffffb4f29257
                          sqjit_a64_precise_step<(SQOpcode)14>

     2.59%     0.00%  sqgi     [JIT] tid 495481              [.] 0x0000ffffb4f29307
            |
            ---0xffffb4f29307
               |          
                --2.27%--0xffffb4f29307
                          sqjit_a64_precise_step<(SQOpcode)2>

     2.59%     0.00%  sqgi     [JIT] tid 495481              [.] 0x0000ffffb4f296bf
            |
            ---0xffffb4f296bf
               |          
                --2.37%--0xffffb4f296bf
                          sqjit_a64_precise_step<(SQOpcode)17>

     2.56%     0.00%  sqgi     sqgi                          [.] sq_member_raw_slot (inlined)
            |
            ---sq_member_raw_slot (inlined)

     2.49%     0.00%  sqgi     sqgi                          [.] SQObjectPtr::operator= (inlined)
            |
            ---SQObjectPtr::operator= (inlined)

     2.27%     0.00%  sqgi     sqgi                          [.] SQTable::GetRawSlot (inlined)
            |
            ---SQTable::GetRawSlot (inlined)

     2.27%     0.73%  sqgi     sqgi                          [.] sqjit_a64_precise_step<(SQOpcode)2>
     2.12%     2.12%  sqgi     sqgi                          [.] SQVM::ObjCmp
            |
            ---0xffffb4f2911b
               0xffffb4f2911b
               sqjit_a64_precise_step<(SQOpcode)29>
               SQVM::CMP_OP
               SQVM::ObjCmp



#
# (Cannot load tips.txt file, please install perf!)
#
