BENCH	table_owners_1	200000	0.370040000	5098276961
BENCH	table_owners_2	200000	0.370035000	5098477602
BENCH	table_owners_5	200000	0.370095000	5097878556
BENCH	table_owners_19	200000	0.370020000	5098684496
BENCH	table_owners_257	200000	0.370680000	5100408060
BENCH	class_owners_1	200000	0.408345000	5098276961
BENCH	class_owners_2	200000	0.408400000	5098477602
BENCH	class_owners_5	200000	0.408235000	5097878556
BENCH	class_owners_19	200000	0.408745000	5098684496
BENCH	class_owners_257	200000	0.408150000	5100408060
BENCH	table_owners_1	200000	0.370380000	5098276961
BENCH	table_owners_2	200000	0.370115000	5098477602
BENCH	table_owners_5	200000	0.369975000	5097878556
BENCH	table_owners_19	200000	0.369895000	5098684496
BENCH	table_owners_257	200000	0.370245000	5100408060
BENCH	class_owners_1	200000	0.408100000	5098276961
BENCH	class_owners_2	200000	0.408760000	5098477602
BENCH	class_owners_5	200000	0.407725000	5097878556
BENCH	class_owners_19	200000	0.409155000	5098684496
BENCH	class_owners_257	200000	0.409045000	5100408060
BENCH	table_owners_1	200000	0.370660000	5098276961
BENCH	table_owners_2	200000	0.370125000	5098477602
BENCH	table_owners_5	200000	0.370170000	5097878556
BENCH	table_owners_19	200000	0.370335000	5098684496
BENCH	table_owners_257	200000	0.370755000	5100408060
BENCH	class_owners_1	200000	0.408795000	5098276961
BENCH	class_owners_2	200000	0.408270000	5098477602
BENCH	class_owners_5	200000	0.408590000	5097878556
BENCH	class_owners_19	200000	0.408665000	5098684496
BENCH	class_owners_257	200000	0.408885000	5100408060
5474.41;msec;task-clock:u;0.04%;5474413270;100.00;0.998;CPUs utilized
12434212468;;cycles:u;0.03%;5474887233;100.00;2.270;GHz
41748177985;;instructions:u;0.00%;5474887233;100.00;3.36;insn per cycle
174853;;branch-misses:u;1.00%;5474887233;100.00;;
15876519536;;cache-references:u;0.00%;5474887233;100.00;2.899;G/sec
257556;;cache-misses:u;2.62%;5474887233;100.00;0.002;of all cache refs
787;;page-faults:u;0.07%;5474413270;100.00;143.684;/sec
0;;context-switches:u;0.00%;5474413270;100.00;0.000;/sec
