BENCH	receiver_integer	200000	0.057885000	595177
BENCH	root_integer	200000	0.308305000	595177
BENCH	root_reference	200000	0.085130000	799457
BENCH	root_integer_result	200000	0.064530000	795177
BENCH	receiver_integer	200000	0.058125000	595177
BENCH	root_integer	200000	0.309765000	595177
BENCH	root_reference	200000	0.084935000	799457
BENCH	root_integer_result	200000	0.064800000	795177
BENCH	receiver_integer	200000	0.058955000	595177
BENCH	root_integer	200000	0.308805000	595177
BENCH	root_reference	200000	0.088940000	799457
BENCH	root_integer_result	200000	0.065890000	795177
758.39;msec;task-clock:u;0.22%;758394082;100.00;0.998;CPUs utilized
1688732773;;cycles:u;0.32%;758514541;100.00;2.235;GHz
4951842990;;instructions:u;0.04%;758514541;100.00;2.95;insn per cycle
426183;;branch-misses:u;10.86%;758514541;100.00;;
1905988070;;cache-references:u;0.12%;758514541;100.00;2.523;G/sec
198649;;cache-misses:u;0.93%;758514541;100.00;0.010;of all cache refs
782;;page-faults:u;0.09%;758394082;100.00;1.035;K/sec
0;;context-switches:u;0.00%;758394082;100.00;0.000;/sec
