# To display the perf.data header info, please use --header/--header-only options.
#
#
# Total Lost Samples: 0
#
# Samples: 390  of event 'cycles:u'
# Event count (approx.): 1677068269
#
# Children      Self  Command  Shared Object               Symbol                                                                                                                                                         
# ........  ........  .......  ..........................  ...............................................................................................................................................................
#
    46.15%     0.00%  sqgi     sqgi                        [.] _start
            |
            ---_start
               __libc_start_main_impl (inlined)
               __libc_start_call_main
               main
               sq_call
               SQVM::Execute
               |          
               |--9.22%--sqjit_try_execute_current
               |          |          
               |           --4.06%--SQVM::Return
               |          
               |--3.79%--sqjit_try_execute_current_loop
               |          
               |--3.53%--SQVM::CMP_OP
               |          
               |--3.25%--sqjit_try_execute_closure
               |          
                --2.17%--SQVM::StartCall

    46.15%     0.00%  sqgi     libc.so.6                   [.] __libc_start_main_impl (inlined)
            |
            ---__libc_start_main_impl (inlined)
               __libc_start_call_main
               main
               sq_call
               SQVM::Execute
               |          
               |--9.22%--sqjit_try_execute_current
               |          |          
               |           --4.06%--SQVM::Return
               |          
               |--3.79%--sqjit_try_execute_current_loop
               |          
               |--3.53%--SQVM::CMP_OP
               |          
               |--3.25%--sqjit_try_execute_closure
               |          
                --2.17%--SQVM::StartCall

    46.15%     0.00%  sqgi     libc.so.6                   [.] __libc_start_call_main
            |
            ---__libc_start_call_main
               main
               sq_call
               SQVM::Execute
               |          
               |--9.22%--sqjit_try_execute_current
               |          |          
               |           --4.06%--SQVM::Return
               |          
               |--3.79%--sqjit_try_execute_current_loop
               |          
               |--3.53%--SQVM::CMP_OP
               |          
               |--3.25%--sqjit_try_execute_closure
               |          
                --2.17%--SQVM::StartCall

    46.15%     0.00%  sqgi     sqgi                        [.] main
            |
            ---main
               sq_call
               SQVM::Execute
               |          
               |--9.22%--sqjit_try_execute_current
               |          |          
               |           --4.06%--SQVM::Return
               |          
               |--3.79%--sqjit_try_execute_current_loop
               |          
               |--3.53%--SQVM::CMP_OP
               |          
               |--3.25%--sqjit_try_execute_closure
               |          
                --2.17%--SQVM::StartCall

    46.15%     0.00%  sqgi     sqgi                        [.] sq_call
            |
            ---sq_call
               SQVM::Execute
               |          
               |--9.22%--sqjit_try_execute_current
               |          |          
               |           --4.06%--SQVM::Return
               |          
               |--3.79%--sqjit_try_execute_current_loop
               |          
               |--3.53%--SQVM::CMP_OP
               |          
               |--3.25%--sqjit_try_execute_closure
               |          
                --2.17%--SQVM::StartCall

    46.15%    22.50%  sqgi     sqgi                        [.] SQVM::Execute
            |          
            |--23.65%--SQVM::Execute
            |          |          
            |          |--9.22%--sqjit_try_execute_current
            |          |          |          
            |          |           --4.06%--SQVM::Return
            |          |          
            |          |--3.79%--sqjit_try_execute_current_loop
            |          |          
            |          |--3.53%--SQVM::CMP_OP
            |          |          
            |          |--3.25%--sqjit_try_execute_closure
            |          |          
            |           --2.17%--SQVM::StartCall
            |          
             --22.50%--_start
                       __libc_start_main_impl (inlined)
                       __libc_start_call_main
                       main
                       sq_call
                       SQVM::Execute

    12.46%     0.00%  sqgi     [JIT] tid 495434            [.] 0x0000ffff8bfb9207
            |
            ---0xffff8bfb9207
               |          
                --11.38%--0xffff8bfb9207
                          sqjit_a64_helper_member_set_reference_logged
                          |          
                          |--6.23%--sqjit_a64_helper_member_set_reference_logged
                          |          SQJitWriteLog::RecordMember
                          |          |          
                          |           --3.79%--SQJitWriteLog::ContainsMember<true> (inlined)
                          |          
                           --4.07%--sqjit_a64_member_store_slot (inlined)
                                     sqjit_a64_member_store_slot (inlined)
                                     |          
                                      --2.71%--sqjit_a64_resolve_store_slot (inlined)
                                                |          
                                                 --2.44%--sq_member_raw_slot (inlined)
                                                           SQTable::GetRawSlot (inlined)

    11.87%     7.04%  sqgi     sqgi                        [.] SQJitWriteLog::RecordMember
            |          
            |--4.83%--SQJitWriteLog::RecordMember
            |          |          
            |           --4.56%--SQJitWriteLog::CanRelease
            |          
             --4.33%--0xffff8bfb9207
                       0xffff8bfb9207
                       sqjit_a64_helper_member_set_reference_logged
                       sqjit_a64_helper_member_set_reference_logged
                       SQJitWriteLog::RecordMember
                       |          
                        --3.52%--SQJitWriteLog::ContainsMember<true> (inlined)

    11.38%     4.07%  sqgi     sqgi                        [.] sqjit_a64_helper_member_set_reference_logged
            |          
            |--7.31%--sqjit_a64_helper_member_set_reference_logged
            |          |          
            |           --6.23%--sqjit_a64_helper_member_set_reference_logged
            |                     SQJitWriteLog::RecordMember
            |                     |          
            |                      --3.79%--SQJitWriteLog::ContainsMember<true> (inlined)
            |          
             --4.07%--0xffff8bfb9207
                       0xffff8bfb9207
                       sqjit_a64_helper_member_set_reference_logged
                       |          
                        --2.98%--sqjit_a64_member_store_slot (inlined)
                                  sqjit_a64_member_store_slot (inlined)
                                  |          
                                   --2.71%--sqjit_a64_resolve_store_slot (inlined)
                                             |          
                                              --2.44%--sq_member_raw_slot (inlined)
                                                        SQTable::GetRawSlot (inlined)

    10.03%     0.00%  sqgi     [JIT] tid 495434            [.] 0x0000ffff8bfb81d7
            |
            ---0xffff8bfb81d7
               |          
                --8.13%--0xffff8bfb81d7
                          sqjit_a64_helper_member_set_integer_logged
                          |          
                          |--3.52%--sqjit_a64_helper_member_set_integer_logged
                          |          SQJitWriteLog::RecordMember
                          |          
                           --3.25%--sqjit_a64_member_store_slot (inlined)
                                     |          
                                      --2.98%--sqjit_a64_member_store_slot (inlined)

     9.22%     3.26%  sqgi     sqgi                        [.] sqjit_try_execute_current
            |          
            |--5.96%--sqjit_try_execute_current
            |          |          
            |           --4.06%--SQVM::Return
            |          
             --3.26%--_start
                       __libc_start_main_impl (inlined)
                       __libc_start_call_main
                       main
                       sq_call
                       SQVM::Execute
                       sqjit_try_execute_current

     8.13%     3.25%  sqgi     sqgi                        [.] sqjit_a64_helper_member_set_integer_logged
            |          
            |--4.88%--sqjit_a64_helper_member_set_integer_logged
            |          |          
            |           --3.52%--sqjit_a64_helper_member_set_integer_logged
            |                     SQJitWriteLog::RecordMember
            |          
             --3.25%--0xffff8bfb81d7
                       0xffff8bfb81d7
                       sqjit_a64_helper_member_set_integer_logged

     6.22%     0.00%  sqgi     [JIT] tid 495434            [.] 0x0000ffff8bfbb21f
            |
            ---0xffff8bfbb21f
               0xffff8bfbb21f
               sqjit_a64_helper_instance_field_set_integer_logged
               |          
                --4.43%--sqjit_a64_write_log_record_member
                          |          
                           --2.12%--SQJitWriteLog::RecordMember

     6.22%     1.79%  sqgi     sqgi                        [.] sqjit_a64_helper_instance_field_set_integer_logged
            |          
             --4.43%--sqjit_a64_helper_instance_field_set_integer_logged
                       sqjit_a64_write_log_record_member
                       |          
                        --2.12%--SQJitWriteLog::RecordMember

     4.98%     0.00%  sqgi     [JIT] tid 495434            [.] 0x0000ffff8bfbb167
            |
            ---0xffff8bfbb167
               |          
                --2.24%--0xffff8bfbb210

     4.88%     0.00%  sqgi     [JIT] tid 495434            [.] 0x0000ffff8bfba0ab
            |
            ---0xffff8bfba0ab
               |          
                --4.61%--0xffff8bfba0ab
                          sqjit_a64_precise_step<(SQOpcode)13>
                          |          
                           --2.44%--sqjit_a64_precise_member (inlined)
                                     sq_member_raw_slot (inlined)
                                     SQTable::GetRawSlot (inlined)

     4.61%     4.61%  sqgi     sqgi                        [.] sqjit_a64_precise_step<(SQOpcode)13>
            |
            ---0xffff8bfba0ab
               0xffff8bfba0ab
               sqjit_a64_precise_step<(SQOpcode)13>
               |          
                --2.44%--sqjit_a64_precise_member (inlined)
                          sq_member_raw_slot (inlined)
                          SQTable::GetRawSlot (inlined)

     4.56%     4.56%  sqgi     sqgi                        [.] SQJitWriteLog::CanRelease
     4.43%     1.25%  sqgi     sqgi                        [.] sqjit_a64_write_log_record_member
            |          
             --3.18%--sqjit_a64_write_log_record_member
                       |          
                        --2.12%--SQJitWriteLog::RecordMember

     4.07%     0.00%  sqgi     sqgi                        [.] sqjit_a64_member_store_slot (inlined)
            |
            ---sqjit_a64_member_store_slot (inlined)
               sqjit_a64_member_store_slot (inlined)
               |          
                --2.71%--sqjit_a64_resolve_store_slot (inlined)
                          |          
                           --2.44%--sq_member_raw_slot (inlined)
                                     SQTable::GetRawSlot (inlined)

     4.06%     3.25%  sqgi     sqgi                        [.] SQVM::Return
            |          
             --3.25%--_start
                       __libc_start_main_impl (inlined)
                       __libc_start_call_main
                       main
                       sq_call
                       SQVM::Execute
                       sqjit_try_execute_current
                       SQVM::Return

     3.80%     0.00%  sqgi     [JIT] tid 495434            [.] 0x0000ffff8bfb914b
            |
            ---0xffff8bfb914b

     3.79%     1.90%  sqgi     sqgi                        [.] sqjit_try_execute_current_loop
     3.79%     0.00%  sqgi     sqgi                        [.] SQJitWriteLog::ContainsMember<true> (inlined)
            |
            ---SQJitWriteLog::ContainsMember<true> (inlined)

     3.58%     2.16%  sqgi     sqgi                        [.] sqjit_a64_helper_member_closure_guard
     3.53%     1.90%  sqgi     sqgi                        [.] SQVM::CMP_OP
     3.25%     0.00%  sqgi     sqgi                        [.] SQTable::GetRawSlot (inlined)
            |
            ---SQTable::GetRawSlot (inlined)
               |          
                --2.17%--SQTable::_Get (inlined)

     3.25%     2.98%  sqgi     sqgi                        [.] sqjit_try_execute_closure
            |          
             --2.98%--_start
                       __libc_start_main_impl (inlined)
                       __libc_start_call_main
                       main
                       sq_call
                       SQVM::Execute
                       sqjit_try_execute_closure

     3.25%     0.00%  sqgi     sqgi                        [.] sqjit_a64_member_store_slot (inlined)
            |
            ---sqjit_a64_member_store_slot (inlined)
               |          
                --2.98%--sqjit_a64_member_store_slot (inlined)

     2.98%     0.00%  sqgi     [JIT] tid 495434            [.] 0x0000ffff8bfba0ef
            |
            ---0xffff8bfba0ef
               |          
                --2.71%--0xffff8bfba0ef
                          sqjit_write_log_release
                          SQJitWriteLog::~SQJitWriteLog

     2.71%     2.71%  sqgi     sqgi                        [.] SQJitWriteLog::~SQJitWriteLog
            |
            ---0xffff8bfba0ef
               0xffff8bfba0ef
               sqjit_write_log_release
               SQJitWriteLog::~SQJitWriteLog

     2.71%     0.00%  sqgi     sqgi                        [.] sqjit_write_log_release
            |
            ---sqjit_write_log_release
               SQJitWriteLog::~SQJitWriteLog

     2.71%     0.00%  sqgi     sqgi                        [.] sqjit_a64_resolve_store_slot (inlined)
            |
            ---sqjit_a64_resolve_store_slot (inlined)
               |          
                --2.44%--sq_member_raw_slot (inlined)
                          SQTable::GetRawSlot (inlined)

     2.44%     2.44%  sqgi     sqgi                        [.] sqjit_a64_resolve_root_store_slot
     2.44%     0.00%  sqgi     sqgi                        [.] sq_member_raw_slot (inlined)
            |
            ---sq_member_raw_slot (inlined)
               SQTable::GetRawSlot (inlined)

     2.44%     0.00%  sqgi     sqgi                        [.] SQTable::GetRawSlot (inlined)
            |
            ---SQTable::GetRawSlot (inlined)

     2.44%     0.00%  sqgi     sqgi                        [.] sqjit_a64_precise_member (inlined)
            |
            ---sqjit_a64_precise_member (inlined)
               sq_member_raw_slot (inlined)
               SQTable::GetRawSlot (inlined)

     2.44%     0.00%  sqgi     sqgi                        [.] sq_member_raw_slot (inlined)
            |
            ---sq_member_raw_slot (inlined)
               SQTable::GetRawSlot (inlined)

     2.44%     0.00%  sqgi     [JIT] tid 495434            [.] 0x0000ffff8bfb814b
            |
            ---0xffff8bfb814b

     2.24%     2.24%  sqgi     [JIT] tid 495434            [.] 0x0000ffff8bfbb210
            |
            ---0xffff8bfbb167
               0xffff8bfbb210

     2.17%     1.90%  sqgi     sqgi                        [.] SQVM::StartCall
     2.17%     0.00%  sqgi     sqgi                        [.] SQTable::_Get (inlined)
            |
            ---SQTable::_Get (inlined)

     2.17%     2.17%  sqgi     sqgi                        [.] sqjit_a64_precise_step<(SQOpcode)1>
            |
            ---0xffff8bfba07b
               0xffff8bfba07b
               sqjit_a64_precise_step<(SQOpcode)1>

     2.17%     0.00%  sqgi     [JIT] tid 495434            [.] 0x0000ffff8bfba07b
            |
            ---0xffff8bfba07b
               0xffff8bfba07b
               sqjit_a64_precise_step<(SQOpcode)1>



#
# (Cannot load tips.txt file, please install perf!)
#
