
This GDB supports auto-downloading debuginfo from the following URLs:
  <https://debuginfod.ubuntu.com>
Debuginfod has been disabled.
To make this setting permanent, add 'set debuginfod enabled off' to .gdbinit.
[Thread debugging using libthread_db enabled]
Using host libthread_db library "/lib/aarch64-linux-gnu/libthread_db.so.1".
JIT_CAPTURE direct_call_kernel loop 0xfffff7d7f000 4096
JIT_CAPTURE float_call_kernel loop 0xfffff7d7d000 4096
JIT_CAPTURE numeric_loop_kernel frame 0xfffff7d7c000 4096
JIT_CAPTURE math_intrinsic_kernel frame 0xfffff7d2f000 4096
JIT_CAPTURE matrix_kernel loop 0xfffff7d2c000 8192
BENCH	direct_call	20000	0.070650	607001
BENCH	branch_call	20000	0.048200	959993
BENCH	float_call	20000	0.032700	5.0551181102362204
BENCH	numeric_loop	20000	0.035400	309226615
BENCH	vector	1000	0.465000	0.029895766723436419
BENCH	dynamic_member	1000	1.728000	339363
BENCH	dynamic_key_get_set	1000	0.194000	10552075
BENCH	object_member_write_fallback	1000	0.506000	967299
BENCH	array_append	1000	0.082000	510773
BENCH	array_write	1000	0.040000	287952
BENCH	array_read	20000	0.007600	50000
BENCH	array_float	20000	0.007250	40000
BENCH	math_intrinsic	1000	0.213000	15028.418643171221
BENCH	math_variable	1000	0.231000	1894.3969792856603
BENCH	matrix	1000	0.326000	-0.17744636647236162
[Inferior 1 (process 466338) exited normally]
