# To display the perf.data header info, please use --header/--header-only options.
#
#
# Total Lost Samples: 0
#
# Samples: 587  of event 'cycles:u'
# Event count (approx.): 2485881640
#
# Children      Self  Command  Shared Object                 Symbol                                                                                                                                                         
# ........  ........  .......  ............................  ...............................................................................................................................................................
#
    30.68%     0.00%  sqgi     sqgi                          [.] _start
            |
            ---_start
               __libc_start_main_impl (inlined)
               __libc_start_call_main
               main
               |          
                --30.62%--sq_call
                          SQVM::Execute
                          |          
                          |--6.40%--SQVM::DerefInc
                          |          |          
                          |           --3.11%--SQVM::Set
                          |                     |          
                          |                      --2.38%--SQTable::Set
                          |          
                          |--6.05%--SQVM::Get
                          |          |          
                          |           --4.22%--SQTable::Get
                          |                     |          
                          |                      --2.02%--SQTable::_Get (inlined)
                          |          
                           --2.02%--SQVM::CMP_OP

    30.68%     0.00%  sqgi     libc.so.6                     [.] __libc_start_main_impl (inlined)
            |
            ---__libc_start_main_impl (inlined)
               __libc_start_call_main
               main
               |          
                --30.62%--sq_call
                          SQVM::Execute
                          |          
                          |--6.40%--SQVM::DerefInc
                          |          |          
                          |           --3.11%--SQVM::Set
                          |                     |          
                          |                      --2.38%--SQTable::Set
                          |          
                          |--6.05%--SQVM::Get
                          |          |          
                          |           --4.22%--SQTable::Get
                          |                     |          
                          |                      --2.02%--SQTable::_Get (inlined)
                          |          
                           --2.02%--SQVM::CMP_OP

    30.68%     0.00%  sqgi     libc.so.6                     [.] __libc_start_call_main
            |
            ---__libc_start_call_main
               main
               |          
                --30.62%--sq_call
                          SQVM::Execute
                          |          
                          |--6.40%--SQVM::DerefInc
                          |          |          
                          |           --3.11%--SQVM::Set
                          |                     |          
                          |                      --2.38%--SQTable::Set
                          |          
                          |--6.05%--SQVM::Get
                          |          |          
                          |           --4.22%--SQTable::Get
                          |                     |          
                          |                      --2.02%--SQTable::_Get (inlined)
                          |          
                           --2.02%--SQVM::CMP_OP

    30.68%     0.00%  sqgi     sqgi                          [.] main
            |
            ---main
               |          
                --30.62%--sq_call
                          SQVM::Execute
                          |          
                          |--6.40%--SQVM::DerefInc
                          |          |          
                          |           --3.11%--SQVM::Set
                          |                     |          
                          |                      --2.38%--SQTable::Set
                          |          
                          |--6.05%--SQVM::Get
                          |          |          
                          |           --4.22%--SQTable::Get
                          |                     |          
                          |                      --2.02%--SQTable::_Get (inlined)
                          |          
                           --2.02%--SQVM::CMP_OP

    30.62%     0.00%  sqgi     sqgi                          [.] sq_call
            |
            ---sq_call
               SQVM::Execute
               |          
               |--6.40%--SQVM::DerefInc
               |          |          
               |           --3.11%--SQVM::Set
               |                     |          
               |                      --2.38%--SQTable::Set
               |          
               |--6.05%--SQVM::Get
               |          |          
               |           --4.22%--SQTable::Get
               |                     |          
               |                      --2.02%--SQTable::_Get (inlined)
               |          
                --2.02%--SQVM::CMP_OP

    30.62%    13.68%  sqgi     sqgi                          [.] SQVM::Execute
            |          
            |--16.94%--SQVM::Execute
            |          |          
            |          |--6.40%--SQVM::DerefInc
            |          |          |          
            |          |           --3.11%--SQVM::Set
            |          |                     |          
            |          |                      --2.38%--SQTable::Set
            |          |          
            |          |--6.05%--SQVM::Get
            |          |          |          
            |          |           --4.22%--SQTable::Get
            |          |                     |          
            |          |                      --2.02%--SQTable::_Get (inlined)
            |          |          
            |           --2.02%--SQVM::CMP_OP
            |          
             --13.68%--_start
                       __libc_start_main_impl (inlined)
                       __libc_start_call_main
                       main
                       sq_call
                       SQVM::Execute

    20.99%     3.40%  sqgi     sqgi                          [.] sqjit_a64_helper_member_set_integer_logged
            |          
            |--17.59%--sqjit_a64_helper_member_set_integer_logged
            |          |          
            |           --17.41%--sqjit_a64_helper_member_set_integer_logged
            |                     SQJitWriteLog::RecordMember
            |                     |          
            |                     |--14.21%--SQJitWriteLog::ContainsMember<false> (inlined)
            |                     |          |          
            |                     |           --6.49%--SQJitWriteLog::ContainsMember<false>(SQObjectPtr const&, SQObjectPtr const&, SQObjectPtr const&) const::{lambda(SQJitWriteLog::Entry const&)#1}::operator() (inlined)
            |                     |          
            |                      --2.65%--SQJitWriteLog::CanRelease
            |          
             --2.33%--0xffff9c23f4d3
                       0xffff9c23f4d3
                       sqjit_a64_helper_member_set_integer_logged

    18.52%     0.00%  sqgi     [JIT] tid 637344              [.] 0x0000ffff9c23f4d3
            |
            ---0xffff9c23f4d3
               |          
                --11.68%--0xffff9c23f4d3
                          sqjit_a64_helper_member_set_integer_logged
                          |          
                           --9.52%--sqjit_a64_helper_member_set_integer_logged
                                     |          
                                      --9.35%--SQJitWriteLog::RecordMember
                                                |          
                                                 --7.56%--SQJitWriteLog::ContainsMember<false> (inlined)
                                                           |          
                                                            --3.97%--SQJitWriteLog::ContainsMember<false>(SQObjectPtr const&, SQObjectPtr const&, SQObjectPtr const&) const::{lambda(SQJitWriteLog::Entry const&)#1}::operator() (inlined)

    17.41%    14.22%  sqgi     sqgi                          [.] SQJitWriteLog::RecordMember
            |          
            |--7.56%--0xffff9c23f4d3
            |          0xffff9c23f4d3
            |          sqjit_a64_helper_member_set_integer_logged
            |          sqjit_a64_helper_member_set_integer_logged
            |          SQJitWriteLog::RecordMember
            |          |          
            |           --7.37%--SQJitWriteLog::ContainsMember<false> (inlined)
            |                     |          
            |                      --3.97%--SQJitWriteLog::ContainsMember<false>(SQObjectPtr const&, SQObjectPtr const&, SQObjectPtr const&) const::{lambda(SQJitWriteLog::Entry const&)#1}::operator() (inlined)
            |          
            |--6.66%--0xffff9c23f3c3
            |          0xffff9c23f3c3
            |          sqjit_a64_helper_member_set_integer_logged
            |          sqjit_a64_helper_member_set_integer_logged
            |          SQJitWriteLog::RecordMember
            |          |          
            |           --6.48%--SQJitWriteLog::ContainsMember<false> (inlined)
            |                     |          
            |                      --2.52%--SQJitWriteLog::ContainsMember<false>(SQObjectPtr const&, SQObjectPtr const&, SQObjectPtr const&) const::{lambda(SQJitWriteLog::Entry const&)#1}::operator() (inlined)
            |          
             --3.19%--SQJitWriteLog::RecordMember
                       |          
                        --2.65%--SQJitWriteLog::CanRelease

    14.64%     0.00%  sqgi     [JIT] tid 637344              [.] 0x0000ffff9c23f1b3
            |
            ---0xffff9c23f1b3
               |          
                --6.22%--0xffff9c23f1b3
                          sqjit_a64_helper_array_get_object
                          |          
                          |--3.38%--SQObjectPtr::operator= (inlined)
                          |          
                           --2.30%--SQArray::Get (inlined)
                                     |          
                                      --2.12%--SQArray::Get (inlined)

    14.21%     0.00%  sqgi     sqgi                          [.] SQJitWriteLog::ContainsMember<false> (inlined)
            |
            ---SQJitWriteLog::ContainsMember<false> (inlined)
               |          
                --6.49%--SQJitWriteLog::ContainsMember<false>(SQObjectPtr const&, SQObjectPtr const&, SQObjectPtr const&) const::{lambda(SQJitWriteLog::Entry const&)#1}::operator() (inlined)

    11.51%     0.00%  sqgi     [JIT] tid 637344              [.] 0x0000ffff9c44518b
            |
            ---0xffff9c44518b
               |          
                --4.06%--0xffff9c44518b
                          sqjit_a64_helper_member_closure_guard

    10.04%     0.00%  sqgi     [JIT] tid 637344              [.] 0x0000ffff9c23f3c3
            |
            ---0xffff9c23f3c3
               |          
                --9.31%--0xffff9c23f3c3
                          sqjit_a64_helper_member_set_integer_logged
                          |          
                           --8.06%--sqjit_a64_helper_member_set_integer_logged
                                     SQJitWriteLog::RecordMember
                                     |          
                                      --6.65%--SQJitWriteLog::ContainsMember<false> (inlined)
                                                |          
                                                 --2.52%--SQJitWriteLog::ContainsMember<false>(SQObjectPtr const&, SQObjectPtr const&, SQObjectPtr const&) const::{lambda(SQJitWriteLog::Entry const&)#1}::operator() (inlined)

     9.37%     1.09%  sqgi     sqgi                          [.] sqjit_a64_helper_member_closure_guard
            |          
             --8.28%--sqjit_a64_helper_member_closure_guard
                       |          
                       |--4.45%--sqjit_a64_helper_member_closure_guard
                       |          sqjit_a64_root_fallback_safe
                       |          |          
                       |           --3.36%--SQTable::GetRawSlot (inlined)
                       |                     |          
                       |                      --2.45%--SQTable::_Get (inlined)
                       |          
                        --3.82%--sqjit_a64_borrow_member_value_with_root (inlined)
                                  |          
                                   --3.27%--sqjit_a64_helper_member_closure_guard
                                             sqjit_a64_borrow_member_ptr_value
                                             |          
                                              --2.72%--SQTable::GetRawSlot (inlined)

     7.52%     1.46%  sqgi     sqgi                          [.] SQVM::Get
            |          
             --6.05%--SQVM::Get
                       |          
                        --4.95%--SQTable::Get
                                  |          
                                   --2.20%--SQTable::_Get (inlined)

     6.49%     0.00%  sqgi     sqgi                          [.] SQJitWriteLog::ContainsMember<false>(SQObjectPtr const&, SQObjectPtr const&, SQObjectPtr const&) const::{lambda(SQJitWriteLog::Entry const&)#1}::operator() (inlined)
            |
            ---SQJitWriteLog::ContainsMember<false>(SQObjectPtr const&, SQObjectPtr const&, SQObjectPtr const&) const::{lambda(SQJitWriteLog::Entry const&)#1}::operator() (inlined)

     6.40%     1.46%  sqgi     sqgi                          [.] SQVM::DerefInc
            |          
             --4.95%--SQVM::DerefInc
                       |          
                        --3.11%--SQVM::Set
                                  |          
                                   --2.38%--SQTable::Set

     6.23%     0.00%  sqgi     [JIT] tid 637344              [.] 0x0000ffff9c444213
            |
            ---0xffff9c444213
               |          
                --2.75%--0xffff9c444213
                          sqjit_a64_helper_member_closure_guard

     6.23%     0.00%  sqgi     [JIT] tid 637344              [.] 0x0000ffff9c4431af
            |
            ---0xffff9c4431af
               |          
                --2.56%--0xffff9c4431af
                          sqjit_a64_helper_member_closure_guard

     6.22%     6.22%  sqgi     sqgi                          [.] sqjit_a64_helper_array_get_object
            |
            ---0xffff9c23f1b3
               0xffff9c23f1b3
               sqjit_a64_helper_array_get_object
               |          
               |--3.38%--SQObjectPtr::operator= (inlined)
               |          
                --2.30%--SQArray::Get (inlined)
                          |          
                           --2.12%--SQArray::Get (inlined)

     4.95%     4.77%  sqgi     sqgi                          [.] SQTable::Get
            |          
             --4.77%--_start
                       __libc_start_main_impl (inlined)
                       __libc_start_call_main
                       main
                       sq_call
                       SQVM::Execute
                       |          
                        --4.04%--SQVM::Get
                                  SQTable::Get

     4.45%     4.45%  sqgi     sqgi                          [.] sqjit_a64_root_fallback_safe
     4.00%     0.00%  sqgi     sqgi                          [.] sqjit_a64_borrow_member_value_with_root (inlined)
            |
            ---sqjit_a64_borrow_member_value_with_root (inlined)
               |          
                --3.27%--sqjit_a64_helper_member_closure_guard
                          sqjit_a64_borrow_member_ptr_value
                          |          
                           --2.72%--SQTable::GetRawSlot (inlined)

     3.82%     3.82%  sqgi     sqgi                          [.] sqjit_a64_borrow_member_ptr_value
     3.38%     0.00%  sqgi     sqgi                          [.] SQObjectPtr::operator= (inlined)
            |
            ---SQObjectPtr::operator= (inlined)

     3.36%     0.00%  sqgi     sqgi                          [.] SQTable::GetRawSlot (inlined)
            |
            ---SQTable::GetRawSlot (inlined)
               |          
                --2.45%--SQTable::_Get (inlined)

     3.11%     0.73%  sqgi     sqgi                          [.] SQVM::Set
            |          
             --2.38%--SQVM::Set
                       SQTable::Set

     2.72%     0.00%  sqgi     sqgi                          [.] SQTable::GetRawSlot (inlined)
            |
            ---SQTable::GetRawSlot (inlined)

     2.65%     2.65%  sqgi     sqgi                          [.] SQJitWriteLog::CanRelease
     2.45%     0.00%  sqgi     sqgi                          [.] SQTable::_Get (inlined)
            |
            ---SQTable::_Get (inlined)

     2.38%     2.38%  sqgi     sqgi                          [.] SQTable::Set
            |
            ---_start
               __libc_start_main_impl (inlined)
               __libc_start_call_main
               main
               sq_call
               SQVM::Execute
               SQVM::DerefInc
               SQVM::Set
               SQTable::Set

     2.30%     0.00%  sqgi     sqgi                          [.] SQArray::Get (inlined)
            |
            ---SQArray::Get (inlined)
               |          
                --2.12%--SQArray::Get (inlined)

     2.20%     0.00%  sqgi     sqgi                          [.] SQTable::_Get (inlined)
            |
            ---SQTable::_Get (inlined)

     2.02%     0.92%  sqgi     sqgi                          [.] SQVM::CMP_OP


#
# (Cannot load tips.txt file, please install perf!)
#
