BENCH	route_balanced	200000	0.054015000	300346
BENCH	route_skewed	200000	0.052530000	122121
BENCH	pricing_events	200000	0.058155000	636940
BENCH	filter_stream	200000	0.055955000	10704.521037291815
BENCH	records_64	200000	0.133450000	599323
BENCH	records_4096	200000	0.299995000	385702
BENCH	word_count	200000	0.266310000	116910
BENCH	graph_walk	200000	0.012320000	386354
BENCH	route_balanced	200000	0.053875000	300346
BENCH	route_skewed	200000	0.052385000	122121
BENCH	pricing_events	200000	0.057435000	636940
BENCH	filter_stream	200000	0.055665000	10704.521037291815
BENCH	records_64	200000	0.134355000	599323
BENCH	records_4096	200000	0.317980000	385702
BENCH	word_count	200000	0.266075000	116910
BENCH	graph_walk	200000	0.012355000	386354
BENCH	route_balanced	200000	0.053730000	300346
BENCH	route_skewed	200000	0.052455000	122121
BENCH	pricing_events	200000	0.058235000	636940
BENCH	filter_stream	200000	0.056035000	10704.521037291815
BENCH	records_64	200000	0.136155000	599323
BENCH	records_4096	200000	0.296880000	385702
BENCH	word_count	200000	0.266140000	116910
BENCH	graph_walk	200000	0.012540000	386354
1118.10;msec;task-clock:u;1.07%;1118100373;100.00;0.977;CPUs utilized
2495214218;;cycles:u;0.87%;1118142665;100.00;2.189;GHz
5985869669;;instructions:u;0.01%;1118142665;100.00;2.36;insn per cycle
5828916;;branch-misses:u;2.33%;1118142665;100.00;;
2245810225;;cache-references:u;0.09%;1118142665;100.00;1.970;G/sec
16523849;;cache-misses:u;0.90%;1118142665;100.00;0.737;of all cache refs
3866;;page-faults:u;0.01%;1118100373;100.00;3.392;K/sec
0;;context-switches:u;0.00%;1118100373;100.00;0.000;/sec
