JIT_CAPTURE_BREAKPOINT -1
[Thread debugging using libthread_db enabled]
Using host libthread_db library "/lib/aarch64-linux-gnu/libthread_db.so.1".
JIT_CAPTURE recycle frame 0xfffff7f84000 8192
BENCH	table_owners_1	1003	1.089730808	615764.25
BENCH	table_owners_2	1003	1.090727817	616780.25
BENCH	table_owners_5	1003	1.051844467	613838.25
BENCH	table_owners_19	1003	2.338983051	618610.25
BENCH	table_owners_257	1003	3.014955135	749599.25
BENCH	class_owners_1	1003	1.612163509	615764.25
BENCH	class_owners_2	1003	1.582253240	616780.25
BENCH	class_owners_5	1003	1.681954138	613838.25
BENCH	class_owners_19	1003	2.286141575	618610.25
BENCH	class_owners_257	1003	5.682951147	749599.25
[Inferior 1 (process 637631) exited normally]
[Thread debugging using libthread_db enabled]
Using host libthread_db library "/lib/aarch64-linux-gnu/libthread_db.so.1".
JIT_CAPTURE transfer frame 0xfffff7f85000 4096
JIT_CAPTURE publish frame 0xfffff7f84000 4096
BENCH	transfer_table	1003	1357.424725823	121851
BENCH	transfer_class	1003	1278.943170489	121851
BENCH	transfer_mixed	1003	1292.560319043	121851
BENCH	publish_table	1003	1196.799601196	133577
BENCH	publish_class	1003	1354.132602193	133577
BENCH	publish_mixed	1003	1209.810568295	133577
[Inferior 1 (process 637633) exited normally]
[Thread debugging using libthread_db enabled]
Using host libthread_db library "/lib/aarch64-linux-gnu/libthread_db.so.1".
JIT_CAPTURE table_apply frame 0xfffff7f85000 4096
JIT_CAPTURE apply frame 0xfffff7f84000 4096
BENCH	table_events_97	1003	1366.772681954	140378
BENCH	class_events_97	1003	1349.058823529	140378
BENCH	buffers_7	1003	0.433698903	944693
BENCH	buffers_31	1003	0.433698903	861874
BENCH	calibrate_17	1003	0.979062812	5140.09375
BENCH	calibrate_67	1003	0.986041874	5049
[Inferior 1 (process 637712) exited normally]
JIT_CAPTURE_VERIFIED five canonical-frame functions
