# To display the perf.data header info, please use --header/--header-only options.
#
#
# Total Lost Samples: 0
#
# Samples: 246  of event 'cycles:u'
# Event count (approx.): 990729814
#
# Children      Self  Command  Shared Object                 Symbol                               
# ........  ........  .......  ............................  .....................................
#
    45.16%     0.00%  sqgi     [JIT] tid 637604              [.] 0x0000ffffa8edfadf
            |
            ---0xffffa8edfadf
               |          
               |--2.76%--0xffffa8edf454
               |          
               |--2.31%--0xffffa8edf5d8
               |          
                --2.30%--0xffffa8edf688

    19.66%     0.00%  sqgi     [JIT] tid 637604              [.] 0x0000ffffa90e36af
            |
            ---0xffffa90e36af
               |          
                --2.29%--0xffffa90e32ac

     8.73%     0.00%  sqgi     [JIT] tid 637604              [.] 0x0000ffffa8edd50f
            |
            ---0xffffa8edd50f

     7.36%     0.00%  sqgi     [JIT] tid 637604              [.] 0x0000ffffa8edb203
            |
            ---0xffffa8edb203
               |          
                --2.30%--0xffffa8edb258

     7.35%     0.00%  sqgi     [JIT] tid 637604              [.] 0x0000ffffa8ede467
            |
            ---0xffffa8ede467
               |          
                --3.67%--0xffffa8ede2e0

     5.97%     0.00%  sqgi     [JIT] tid 637604              [.] 0x0000ffffa8edc3f3
            |
            ---0xffffa8edc3f3

     4.28%     0.00%  sqgi     [JIT] tid 637604              [.] 0x0000ffffa90e4337
            |
            ---0xffffa90e4337

     3.67%     3.67%  sqgi     [JIT] tid 637604              [.] 0x0000ffffa8ede2e0
            |
            ---0xffffa8ede467
               0xffffa8ede2e0

     2.76%     2.76%  sqgi     [JIT] tid 637604              [.] 0x0000ffffa8edf454
            |
            ---0xffffa8edfadf
               0xffffa8edf454

     2.31%     2.31%  sqgi     [JIT] tid 637604              [.] 0x0000ffffa8edf5d8
            |
            ---0xffffa8edfadf
               0xffffa8edf5d8

     2.30%     2.30%  sqgi     [JIT] tid 637604              [.] 0x0000ffffa8edf688
            |
            ---0xffffa8edfadf
               0xffffa8edf688

     2.30%     2.30%  sqgi     [JIT] tid 637604              [.] 0x0000ffffa8edb258
            |
            ---0xffffa8edb203
               0xffffa8edb258

     2.29%     2.29%  sqgi     [JIT] tid 637604              [.] 0x0000ffffa90e32ac
            |
            ---0xffffa90e36af
               0xffffa90e32ac



#
# (Cannot load tips.txt file, please install perf!)
#
