BENCH	filter	200000	0.013600000	10.254364576940203
BENCH	channels_4	200000	0.060680000	20.621658757381574
BENCH	pressure_8	200000	0.139245000	30.900920683591639
BENCH	integration	200000	0.023325000	1562.9738403896752
BENCH	retained_input	200000	0.026575000	399985.55383443867
BENCH	branching	200000	0.018320000	1.6005902475563216
BENCH	helper_control	200000	0.022260000	3.7152600782050693
BENCH	filter	200000	0.013700000	10.254364576940203
BENCH	channels_4	200000	0.060825000	20.621658757381574
BENCH	pressure_8	200000	0.139320000	30.900920683591639
BENCH	integration	200000	0.023415000	1562.9738403896752
BENCH	retained_input	200000	0.026275000	399985.55383443867
BENCH	branching	200000	0.017505000	1.6005902475563216
BENCH	helper_control	200000	0.022220000	3.7152600782050693
BENCH	filter	200000	0.014540000	10.254364576940203
BENCH	channels_4	200000	0.059915000	20.621658757381574
BENCH	pressure_8	200000	0.139370000	30.900920683591639
BENCH	integration	200000	0.023405000	1562.9738403896752
BENCH	retained_input	200000	0.026365000	399985.55383443867
BENCH	branching	200000	0.017610000	1.6005902475563216
BENCH	helper_control	200000	0.022210000	3.7152600782050693
447.51;msec;task-clock:u;0.75%;447507081;100.00;0.980;CPUs utilized
994360215;;cycles:u;0.19%;447556963;100.00;2.199;GHz
1094529758;;instructions:u;0.00%;447556963;100.00;1.10;insn per cycle
150042;;branch-misses:u;0.41%;447556963;100.00;;
884096586;;cache-references:u;0.04%;447556963;100.00;1.955;G/sec
237425;;cache-misses:u;1.19%;447556963;100.00;0.027;of all cache refs
785;;page-faults:u;0.11%;447507081;100.00;1.736;K/sec
0;;context-switches:u;0.00%;447507081;100.00;0.000;/sec
