# To display the perf.data header info, please use --header/--header-only options.
#
#
# Total Lost Samples: 0
#
# Samples: 2K of event 'cycles:u'
# Event count (approx.): 9987252237
#
# Children      Self  Command  Shared Object               Symbol                                           
# ........  ........  .......  ..........................  .................................................
#
    27.69%     0.00%  sqgi     sqgi                        [.] _start
            |
            ---_start
               __libc_start_main_impl (inlined)
               __libc_start_call_main
               main
               |          
                --27.62%--sq_call
                          SQVM::Execute

    27.69%     0.00%  sqgi     libc.so.6                   [.] __libc_start_main_impl (inlined)
            |
            ---__libc_start_main_impl (inlined)
               __libc_start_call_main
               main
               |          
                --27.62%--sq_call
                          SQVM::Execute

    27.69%     0.00%  sqgi     sqgi                        [.] main
            |
            ---main
               |          
                --27.62%--sq_call
                          SQVM::Execute

    27.69%     0.00%  sqgi     libc.so.6                   [.] __libc_start_call_main
            |
            ---__libc_start_call_main
               main
               |          
                --27.62%--sq_call
                          SQVM::Execute

    27.62%    22.09%  sqgi     sqgi                        [.] SQVM::Execute
            |          
            |--22.09%--_start
            |          __libc_start_main_impl (inlined)
            |          __libc_start_call_main
            |          main
            |          sq_call
            |          SQVM::Execute
            |          
             --5.53%--SQVM::Execute

    27.62%     0.00%  sqgi     sqgi                        [.] sq_call
            |
            ---sq_call
               SQVM::Execute

    10.95%     0.00%  sqgi     [JIT] tid 637314            [.] 0x0000ffff9dfbe3b3
            |
            ---0xffff9dfbe3b3
               |          
                --3.73%--0xffff9dfbe244

     9.06%     0.00%  sqgi     [JIT] tid 637314            [.] 0x0000ffff9dfbd3bf
            |
            ---0xffff9dfbd3bf
               |          
                --3.25%--0xffff9dfbd26c

     8.38%     0.00%  sqgi     [JIT] tid 637314            [.] 0x0000ffff9dfbb043
            |
            ---0xffff9dfbb043
               |          
                --3.07%--0xffff9dfbb230

     7.04%     0.00%  sqgi     [JIT] tid 637314            [.] 0x0000ffff9df6932b
            |
            ---0xffff9df6932b

     5.67%     0.00%  sqgi     [JIT] tid 637314            [.] 0x0000ffff9dfbc30b
            |
            ---0xffff9dfbc30b
               |          
                --2.42%--0xffff9dfbc1a4

     3.94%     3.94%  sqgi     [JIT] tid 637314            [.] 0x0000ffff9dfbb230
            |          
             --3.07%--0xffff9dfbb043
                       0xffff9dfbb230

     3.73%     3.73%  sqgi     [JIT] tid 637314            [.] 0x0000ffff9dfbe244
            |
            ---0xffff9dfbe3b3
               0xffff9dfbe244

     3.38%     1.46%  sqgi     sqgi                        [.] sqjit_a64_helper_member_native_closure_guard
     3.25%     3.25%  sqgi     [JIT] tid 637314            [.] 0x0000ffff9dfbd26c
            |
            ---0xffff9dfbd3bf
               0xffff9dfbd26c

     2.65%     0.00%  sqgi     [JIT] tid 637314            [.] 0x0000ffff9df6c10f
            |
            ---0xffff9df6c10f

     2.47%     1.74%  sqgi     sqgi                        [.] sqjit_number_conversion_guard
     2.42%     2.42%  sqgi     [JIT] tid 637314            [.] 0x0000ffff9dfbc1a4
            |
            ---0xffff9dfbc30b
               0xffff9dfbc1a4

     2.20%     0.00%  sqgi     sqgi                        [.] SQObjectPtr::operator= (inlined)
            |
            ---SQObjectPtr::operator= (inlined)

     2.06%     0.00%  sqgi     [JIT] tid 637314            [.] 0x0000ffff9e1c411b
            |
            ---0xffff9e1c411b

     2.01%     0.00%  sqgi     [JIT] tid 637314            [.] 0x0000ffff9e1c313b
            |
            ---0xffff9e1c313b



#
# (Cannot load tips.txt file, please install perf!)
#
