BENCH	direct_call	3200000	0.025157	563347
BENCH	branch_call	3200000	0.020500	599062
BENCH	float_call	3200000	0.013013	8.2204724409448815
BENCH	numeric_loop	3200000	0.022813	612398470
BENCH	vector	160000	0.376194	0.12553851953971693
BENCH	dynamic_member	160000	0.726519	7261462
BENCH	dynamic_key_get_set	160000	0.182419	6566091
BENCH	object_member_write_fallback	160000	0.471406	595919
BENCH	array_append	160000	0.130050	3048687
BENCH	array_write	160000	0.036881	831988
BENCH	array_read	3200000	0.007060	8000000
BENCH	array_float	3200000	0.006768	6400000
BENCH	math_intrinsic	160000	0.207563	2418270.8295144332
BENCH	math_variable	160000	0.222781	313782.39947747899
BENCH	matrix	160000	0.309381	-0.024510798820940455
BENCH	direct_call	3200000	0.025089	563347
BENCH	branch_call	3200000	0.020938	599062
BENCH	float_call	3200000	0.013016	8.2204724409448815
BENCH	numeric_loop	3200000	0.022807	612398470
BENCH	vector	160000	0.365994	0.12553851953971693
BENCH	dynamic_member	160000	0.726562	7261462
BENCH	dynamic_key_get_set	160000	0.182825	6566091
BENCH	object_member_write_fallback	160000	0.471219	595919
BENCH	array_append	160000	0.147844	3048687
BENCH	array_write	160000	0.037119	831988
BENCH	array_read	3200000	0.007088	8000000
BENCH	array_float	3200000	0.006784	6400000
BENCH	math_intrinsic	160000	0.204025	2418270.8295144332
BENCH	math_variable	160000	0.220444	313782.39947747899
BENCH	matrix	160000	0.309994	-0.024510798820940455
BENCH	direct_call	3200000	0.024665	563347
BENCH	branch_call	3200000	0.020756	599062
BENCH	float_call	3200000	0.013071	8.2204724409448815
BENCH	numeric_loop	3200000	0.022793	612398470
BENCH	vector	160000	0.363919	0.12553851953971693
BENCH	dynamic_member	160000	0.725150	7261462
BENCH	dynamic_key_get_set	160000	0.182975	6566091
BENCH	object_member_write_fallback	160000	0.472600	595919
BENCH	array_append	160000	0.115694	3048687
BENCH	array_write	160000	0.037156	831988
BENCH	array_read	3200000	0.007096	8000000
BENCH	array_float	3200000	0.006788	6400000
BENCH	math_intrinsic	160000	0.204569	2418270.8295144332
BENCH	math_variable	160000	0.220225	313782.39947747899
BENCH	matrix	160000	0.310337	-0.024510798820940455
4371.51;msec;task-clock:u;0.30%;4371512518;100.00;0.993;CPUs utilized
9903798049;;cycles:u;0.17%;4371886733;100.00;2.253;GHz
22726261649;;instructions:u;0.00%;4371886733;100.00;2.29;insn per cycle
2993919;;branch-misses:u;3.27%;4371886733;100.00;;
10173078844;;cache-references:u;0.12%;4371886733;100.00;2.315;G/sec
1209908;;cache-misses:u;2.02%;4371886733;100.00;0.012;of all cache refs
10512;;page-faults:u;0.01%;4371512518;100.00;2.392;K/sec
0;;context-switches:u;0.00%;4371512518;100.00;0.000;/sec
