BENCH	table_events_97	200000	0.417635000	10069540
BENCH	class_events_97	200000	0.411415000	10069540
BENCH	buffers_7	200000	0.431450000	65667
BENCH	buffers_31	200000	0.432070000	651677
BENCH	calibrate_17	200000	0.083400000	1040538.515625
BENCH	calibrate_67	200000	0.084340000	1040417.796875
BENCH	table_events_97	200000	0.416970000	10069540
BENCH	class_events_97	200000	0.409210000	10069540
BENCH	buffers_7	200000	0.433290000	65667
BENCH	buffers_31	200000	0.431740000	651677
BENCH	calibrate_17	200000	0.083465000	1040538.515625
BENCH	calibrate_67	200000	0.084340000	1040417.796875
BENCH	table_events_97	200000	0.413515000	10069540
BENCH	class_events_97	200000	0.410305000	10069540
BENCH	buffers_7	200000	0.433850000	65667
BENCH	buffers_31	200000	0.431895000	651677
BENCH	calibrate_17	200000	0.083010000	1040538.515625
BENCH	calibrate_67	200000	0.083740000	1040417.796875
2625.61;msec;task-clock:u;0.18%;2625610819;100.00;0.995;CPUs utilized
5956424633;;cycles:u;0.08%;2625919110;100.00;2.264;GHz
17363949913;;instructions:u;0.00%;2625919110;100.00;2.91;insn per cycle
3556888;;branch-misses:u;0.67%;2625919110;100.00;;
7156879142;;cache-references:u;0.02%;2625919110;100.00;2.720;G/sec
5534322;;cache-misses:u;0.31%;2625919110;100.00;0.077;of all cache refs
812;;page-faults:u;0.12%;2625610819;100.00;308.600;/sec
0;;context-switches:u;0.00%;2625610819;100.00;0.000;/sec
