BENCH	table_events_97	20003	0.708093786	1379752
BENCH	class_events_97	20003	0.748587712	1379752
BENCH	buffers_7	20003	0.553217017	795211
BENCH	buffers_31	20003	0.552667100	802468
BENCH	calibrate_17	20003	0.094335850	104018.140625
BENCH	calibrate_67	20003	0.095935610	103908.171875
[sqjit:stats] proto enters=280142 hot=16 compile=16 success=3 fail=13
[sqjit:stats] proto exec attempts=280142 success=280056 guard_fail=0
[sqjit:stats] proto side_exits=0
[sqjit:stats] direct calls attempts=280040 success=0 miss=280040 guard_fail=0
[sqjit:stats] loops try=571972 find_fail=8 compile=6 success=0 fail=6 exec=0 exec_success=0 guard_fail=0
[sqjit:stats] rejects=19 unique_reasons=9
[sqjit:stats] backoff proto=0 proto_skips=0 loop=0 loop_skips=0
[sqjit:stats] reject category count=2 category=opcode
[sqjit:stats] reject category count=4 category=loop
[sqjit:stats] reject category count=1 category=array
[sqjit:stats] reject category count=3 category=member
[sqjit:stats] reject category count=6 category=call
[sqjit:stats] reject category count=1 category=constructor
[sqjit:stats] reject category count=2 category=other
[sqjit:stats] reject reason count=2 reason=unsupported function shape or instruction limit
[sqjit:stats] reject reason count=2 reason=deferred CALL direct closure
[sqjit:stats] reject reason count=1 reason=unsupported CALL class
[sqjit:stats] reject reason count=4 reason=unsupported loop branch shape
[sqjit:stats] reject reason count=2 reason=unsupported loop opcode _OP_NEWSLOT
[sqjit:stats] reject reason count=4 reason=unsupported CALL direct closure
[sqjit:stats] reject reason count=1 reason=unsupported PREPCALL member
[sqjit:stats] reject reason count=1 reason=unsupported CALL array len
[sqjit:stats] reject reason count=2 reason=unsupported PREPCALLK member
[sqjit:stats] reject_site rank=1 proto=(nil) name=main source=<sqgi async bootstrap> line=-1 ip=-1 count=1 reason=unsupported function shape or instruction limit
[sqjit:stats] reject_site rank=2 proto=(nil) name=main source=/home/sam/Programming/sqgi/test/bench_member_workloads.nut line=-1 ip=-1 count=1 reason=unsupported function shape or instruction limit
[sqjit:stats] reject_site rank=3 proto=(nil) name=<anonymous> source=/home/sam/Programming/sqgi/test/bench_member_workloads.nut line=71 ip=3 count=1 reason=deferred CALL direct closure
[sqjit:stats] reject_site rank=4 proto=(nil) name=event_records source=/home/sam/Programming/sqgi/test/bench_member_workloads.nut line=28 ip=12 count=1 reason=unsupported CALL class
[sqjit:stats] reject_site rank=5 proto=(nil) name=event_records source=/home/sam/Programming/sqgi/test/bench_member_workloads.nut line=27 ip=9 count=1 reason=unsupported loop branch shape
[sqjit:stats] reject_site rank=6 proto=(nil) name=event_records source=/home/sam/Programming/sqgi/test/bench_member_workloads.nut line=33 ip=30 count=1 reason=unsupported loop opcode _OP_NEWSLOT
[sqjit:stats] reject_site rank=7 proto=(nil) name=event_records source=/home/sam/Programming/sqgi/test/bench_member_workloads.nut line=34 ip=37 count=1 reason=unsupported loop opcode _OP_NEWSLOT
[sqjit:stats] reject_site rank=8 proto=(nil) name=event_records source=/home/sam/Programming/sqgi/test/bench_member_workloads.nut line=40 ip=56 count=1 reason=unsupported loop branch shape
[sqjit:stats] reject_site rank=9 proto=(nil) name=main source=/home/sam/Programming/sqgi/test/bench_member_workloads.nut line=80 ip=126 count=1 reason=unsupported loop branch shape
[sqjit:stats] reject_site rank=10 proto=(nil) name=<anonymous> source=/home/sam/Programming/sqgi/test/bench_member_workloads.nut line=71 ip=3 count=1 reason=unsupported CALL direct closure
[sqjit:stats] reject_site rank=11 proto=(nil) name=<anonymous> source=/home/sam/Programming/sqgi/test/bench_member_workloads.nut line=72 ip=3 count=1 reason=unsupported CALL direct closure
[sqjit:stats] reject_site rank=12 proto=(nil) name=<anonymous> source=/home/sam/Programming/sqgi/test/bench_member_workloads.nut line=73 ip=3 count=1 reason=deferred CALL direct closure
