# To display the perf.data header info, please use --header/--header-only options.
#
#
# Total Lost Samples: 0
#
# Samples: 1K of event 'cycles:u'
# Event count (approx.): 5953027776
#
# Children      Self  Command  Shared Object               Symbol                                         
# ........  ........  .......  ..........................  ...............................................
#
    79.45%     0.00%  sqgi     sqgi                        [.] _start
            |
            ---_start
               __libc_start_main_impl (inlined)
               __libc_start_call_main
               main
               |          
                --79.37%--sq_call
                          SQVM::Execute
                          |          
                          |--6.74%--sqjit_try_execute_current
                          |          |          
                          |           --2.84%--SQVM::Return
                          |          
                          |--6.21%--sq_member_cache_hit (inlined)
                          |          |          
                          |           --4.06%--SQTable::GetCachedSlot (inlined)
                          |          
                          |--5.67%--SQObjectPtr::operator= (inlined)
                          |          
                          |--3.88%--sqjit_try_execute_current_loop
                          |          
                          |--3.22%--sq_member_raw_slot (inlined)
                          |          |          
                          |           --2.99%--SQTable::GetRawSlot (inlined)
                          |          
                          |--3.07%--SQVM::Get
                          |          
                          |--3.04%--SQVM::CMP_OP
                          |          |          
                          |           --2.07%--SQVM::ObjCmp
                          |          
                           --2.61%--sq_vm_member_cache_for (inlined)
                                     |          
                                      --2.30%--SQFunctionProto::MemberCacheAt (inlined)

    79.45%     0.00%  sqgi     libc.so.6                   [.] __libc_start_main_impl (inlined)
            |
            ---__libc_start_main_impl (inlined)
               __libc_start_call_main
               main
               |          
                --79.37%--sq_call
                          SQVM::Execute
                          |          
                          |--6.74%--sqjit_try_execute_current
                          |          |          
                          |           --2.84%--SQVM::Return
                          |          
                          |--6.21%--sq_member_cache_hit (inlined)
                          |          |          
                          |           --4.06%--SQTable::GetCachedSlot (inlined)
                          |          
                          |--5.67%--SQObjectPtr::operator= (inlined)
                          |          
                          |--3.88%--sqjit_try_execute_current_loop
                          |          
                          |--3.22%--sq_member_raw_slot (inlined)
                          |          |          
                          |           --2.99%--SQTable::GetRawSlot (inlined)
                          |          
                          |--3.07%--SQVM::Get
                          |          
                          |--3.04%--SQVM::CMP_OP
                          |          |          
                          |           --2.07%--SQVM::ObjCmp
                          |          
                           --2.61%--sq_vm_member_cache_for (inlined)
                                     |          
                                      --2.30%--SQFunctionProto::MemberCacheAt (inlined)

    79.45%     0.00%  sqgi     libc.so.6                   [.] __libc_start_call_main
            |
            ---__libc_start_call_main
               main
               |          
                --79.37%--sq_call
                          SQVM::Execute
                          |          
                          |--6.74%--sqjit_try_execute_current
                          |          |          
                          |           --2.84%--SQVM::Return
                          |          
                          |--6.21%--sq_member_cache_hit (inlined)
                          |          |          
                          |           --4.06%--SQTable::GetCachedSlot (inlined)
                          |          
                          |--5.67%--SQObjectPtr::operator= (inlined)
                          |          
                          |--3.88%--sqjit_try_execute_current_loop
                          |          
                          |--3.22%--sq_member_raw_slot (inlined)
                          |          |          
                          |           --2.99%--SQTable::GetRawSlot (inlined)
                          |          
                          |--3.07%--SQVM::Get
                          |          
                          |--3.04%--SQVM::CMP_OP
                          |          |          
                          |           --2.07%--SQVM::ObjCmp
                          |          
                           --2.61%--sq_vm_member_cache_for (inlined)
                                     |          
                                      --2.30%--SQFunctionProto::MemberCacheAt (inlined)

    79.45%     0.00%  sqgi     sqgi                        [.] main
            |
            ---main
               |          
                --79.37%--sq_call
                          SQVM::Execute
                          |          
                          |--6.74%--sqjit_try_execute_current
                          |          |          
                          |           --2.84%--SQVM::Return
                          |          
                          |--6.21%--sq_member_cache_hit (inlined)
                          |          |          
                          |           --4.06%--SQTable::GetCachedSlot (inlined)
                          |          
                          |--5.67%--SQObjectPtr::operator= (inlined)
                          |          
                          |--3.88%--sqjit_try_execute_current_loop
                          |          
                          |--3.22%--sq_member_raw_slot (inlined)
                          |          |          
                          |           --2.99%--SQTable::GetRawSlot (inlined)
                          |          
                          |--3.07%--SQVM::Get
                          |          
                          |--3.04%--SQVM::CMP_OP
                          |          |          
                          |           --2.07%--SQVM::ObjCmp
                          |          
                           --2.61%--sq_vm_member_cache_for (inlined)
                                     |          
                                      --2.30%--SQFunctionProto::MemberCacheAt (inlined)

    79.37%    58.18%  sqgi     sqgi                        [.] SQVM::Execute
            |          
            |--58.18%--_start
            |          __libc_start_main_impl (inlined)
            |          __libc_start_call_main
            |          main
            |          sq_call
            |          SQVM::Execute
            |          |          
            |          |--6.21%--sq_member_cache_hit (inlined)
            |          |          |          
            |          |           --4.06%--SQTable::GetCachedSlot (inlined)
            |          |          
            |          |--5.67%--SQObjectPtr::operator= (inlined)
            |          |          
            |          |--3.22%--sq_member_raw_slot (inlined)
            |          |          |          
            |          |           --2.99%--SQTable::GetRawSlot (inlined)
            |          |          
            |           --2.61%--sq_vm_member_cache_for (inlined)
            |                     |          
            |                      --2.30%--SQFunctionProto::MemberCacheAt (inlined)
            |          
             --21.18%--SQVM::Execute
                       |          
                       |--6.74%--sqjit_try_execute_current
                       |          |          
                       |           --2.84%--SQVM::Return
                       |          
                       |--3.88%--sqjit_try_execute_current_loop
                       |          
                       |--3.07%--SQVM::Get
                       |          
                        --3.04%--SQVM::CMP_OP
                                  |          
                                   --2.07%--SQVM::ObjCmp

    79.37%     0.00%  sqgi     sqgi                        [.] sq_call
            |
            ---sq_call
               SQVM::Execute
               |          
               |--6.74%--sqjit_try_execute_current
               |          |          
               |           --2.84%--SQVM::Return
               |          
               |--6.21%--sq_member_cache_hit (inlined)
               |          |          
               |           --4.06%--SQTable::GetCachedSlot (inlined)
               |          
               |--5.67%--SQObjectPtr::operator= (inlined)
               |          
               |--3.88%--sqjit_try_execute_current_loop
               |          
               |--3.22%--sq_member_raw_slot (inlined)
               |          |          
               |           --2.99%--SQTable::GetRawSlot (inlined)
               |          
               |--3.07%--SQVM::Get
               |          
               |--3.04%--SQVM::CMP_OP
               |          |          
               |           --2.07%--SQVM::ObjCmp
               |          
                --2.61%--sq_vm_member_cache_for (inlined)
                          |          
                           --2.30%--SQFunctionProto::MemberCacheAt (inlined)

     6.89%     2.60%  sqgi     sqgi                        [.] sqjit_try_execute_current
            |          
            |--4.29%--sqjit_try_execute_current
            |          |          
            |           --2.84%--SQVM::Return
            |          
             --2.60%--_start
                       __libc_start_main_impl (inlined)
                       __libc_start_call_main
                       main
                       sq_call
                       SQVM::Execute
                       sqjit_try_execute_current

     6.74%     0.00%  sqgi     sqgi                        [.] SQObjectPtr::operator= (inlined)
            |
            ---SQObjectPtr::operator= (inlined)

     6.21%     0.00%  sqgi     sqgi                        [.] sq_member_cache_hit (inlined)
            |
            ---sq_member_cache_hit (inlined)
               |          
                --4.06%--SQTable::GetCachedSlot (inlined)

     5.29%     0.00%  sqgi     [JIT] tid 637445            [.] 0x0000ffff92df742f
            |
            ---0xffff92df742f

     4.06%     0.00%  sqgi     sqgi                        [.] SQTable::GetCachedSlot (inlined)
            |
            ---SQTable::GetCachedSlot (inlined)

     3.88%     2.89%  sqgi     sqgi                        [.] sqjit_try_execute_current_loop
            |          
             --2.89%--_start
                       __libc_start_main_impl (inlined)
                       __libc_start_call_main
                       main
                       sq_call
                       SQVM::Execute
                       sqjit_try_execute_current_loop

     3.76%     0.00%  sqgi     [JIT] tid 637445            [.] 0x0000ffff92df84c7
            |
            ---0xffff92df84c7

     3.22%     0.00%  sqgi     sqgi                        [.] sq_member_raw_slot (inlined)
            |
            ---sq_member_raw_slot (inlined)
               |          
                --2.99%--SQTable::GetRawSlot (inlined)

     3.07%     0.54%  sqgi     sqgi                        [.] SQVM::Get
            |          
             --2.53%--SQVM::Get

     3.04%     0.97%  sqgi     sqgi                        [.] SQVM::CMP_OP
            |          
             --2.07%--SQVM::CMP_OP
                       SQVM::ObjCmp

     2.99%     0.00%  sqgi     sqgi                        [.] SQTable::GetRawSlot (inlined)
            |
            ---SQTable::GetRawSlot (inlined)

     2.99%     2.99%  sqgi     sqgi                        [.] SQTable::Get
     2.84%     1.76%  sqgi     sqgi                        [.] SQVM::Return
     2.64%     0.00%  sqgi     [JIT] tid 637445            [.] 0x0000ffff92df94c7
            |
            ---0xffff92df94c7

     2.61%     0.00%  sqgi     sqgi                        [.] sq_vm_member_cache_for (inlined)
            |
            ---sq_vm_member_cache_for (inlined)
               |          
                --2.30%--SQFunctionProto::MemberCacheAt (inlined)

     2.41%     2.41%  sqgi     sqgi                        [.] sqjit_a64_precise_step<(SQOpcode)9, true>
     2.30%     0.00%  sqgi     sqgi                        [.] SQFunctionProto::MemberCacheAt (inlined)
            |
            ---SQFunctionProto::MemberCacheAt (inlined)

     2.22%     1.07%  sqgi     sqgi                        [.] sqjit_number_conversion_guard
     2.21%     2.21%  sqgi     sqgi                        [.] sqjit_a64_precise_step<(SQOpcode)14, false>
     2.07%     2.07%  sqgi     sqgi                        [.] SQVM::ObjCmp
            |
            ---_start
               __libc_start_main_impl (inlined)
               __libc_start_call_main
               main
               sq_call
               SQVM::Execute
               SQVM::CMP_OP
               SQVM::ObjCmp



#
# (Cannot load tips.txt file, please install perf!)
#
