BENCH	transfer_table	200000	0.429175000	141925
BENCH	transfer_class	200000	0.439825000	141925
BENCH	transfer_mixed	200000	0.441760000	141925
BENCH	publish_table	200000	0.385870000	410680
BENCH	publish_class	200000	0.394175000	410680
BENCH	publish_mixed	200000	0.397130000	410680
BENCH	transfer_table	200000	0.429155000	141925
BENCH	transfer_class	200000	0.438420000	141925
BENCH	transfer_mixed	200000	0.441155000	141925
BENCH	publish_table	200000	0.386210000	410680
BENCH	publish_class	200000	0.395485000	410680
BENCH	publish_mixed	200000	0.397220000	410680
BENCH	transfer_table	200000	0.443960000	141925
BENCH	transfer_class	200000	0.452880000	141925
BENCH	transfer_mixed	200000	0.455130000	141925
BENCH	publish_table	200000	0.402200000	410680
BENCH	publish_class	200000	0.410700000	410680
BENCH	publish_mixed	200000	0.412605000	410680
3640.33;msec;task-clock:u;1.14%;3640326933;100.00;1.021;CPUs utilized
8271861608;;cycles:u;1.17%;3640650406;100.00;2.325;GHz
23316799186;;instructions:u;0.00%;3640650406;100.00;2.89;insn per cycle
1636094;;branch-misses:u;0.49%;3640650406;100.00;;
9599191426;;cache-references:u;0.01%;3640650406;100.00;2.698;G/sec
316524;;cache-misses:u;9.65%;3640650406;100.00;0.003;of all cache refs
794;;page-faults:u;0.08%;3640326933;100.00;223.203;/sec
0;;context-switches:u;0.00%;3640326933;100.00;0.000;/sec
