# To display the perf.data header info, please use --header/--header-only options.
#
#
# Total Lost Samples: 0
#
# Samples: 1K of event 'cycles:u'
# Event count (approx.): 8074894100
#
# Children      Self  Command  Shared Object               Symbol                                                                                          
# ........  ........  .......  ..........................  ................................................................................................
#
    73.85%     0.00%  sqgi     sqgi                        [.] _start
            |
            ---_start
               __libc_start_main_impl (inlined)
               __libc_start_call_main
               main
               |          
                --73.84%--sq_call
                          SQVM::Execute
                          |          
                          |--12.68%--sqjit_try_execute_current
                          |          |          
                          |           --4.60%--SQVM::Return
                          |                     |          
                          |                      --2.03%--SQVM::LeaveFrame
                          |          
                          |--5.26%--SQObjectPtr::operator= (inlined)
                          |          
                          |--3.78%--sqjit_try_execute_current_loop
                          |          
                          |--3.53%--SQArray::Get (inlined)
                          |          |          
                          |           --2.91%--SQArray::Get (inlined)
                          |          
                          |--2.77%--sqjit_try_execute_closure
                          |          
                          |--2.71%--SQVM::StartCall
                          |          
                          |--2.20%--SQVM::CMP_OP
                          |          
                           --2.03%--sq_member_cache_hit (inlined)

    73.85%     0.00%  sqgi     libc.so.6                   [.] __libc_start_main_impl (inlined)
            |
            ---__libc_start_main_impl (inlined)
               __libc_start_call_main
               main
               |          
                --73.84%--sq_call
                          SQVM::Execute
                          |          
                          |--12.68%--sqjit_try_execute_current
                          |          |          
                          |           --4.60%--SQVM::Return
                          |                     |          
                          |                      --2.03%--SQVM::LeaveFrame
                          |          
                          |--5.26%--SQObjectPtr::operator= (inlined)
                          |          
                          |--3.78%--sqjit_try_execute_current_loop
                          |          
                          |--3.53%--SQArray::Get (inlined)
                          |          |          
                          |           --2.91%--SQArray::Get (inlined)
                          |          
                          |--2.77%--sqjit_try_execute_closure
                          |          
                          |--2.71%--SQVM::StartCall
                          |          
                          |--2.20%--SQVM::CMP_OP
                          |          
                           --2.03%--sq_member_cache_hit (inlined)

    73.85%     0.00%  sqgi     libc.so.6                   [.] __libc_start_call_main
            |
            ---__libc_start_call_main
               main
               |          
                --73.84%--sq_call
                          SQVM::Execute
                          |          
                          |--12.68%--sqjit_try_execute_current
                          |          |          
                          |           --4.60%--SQVM::Return
                          |                     |          
                          |                      --2.03%--SQVM::LeaveFrame
                          |          
                          |--5.26%--SQObjectPtr::operator= (inlined)
                          |          
                          |--3.78%--sqjit_try_execute_current_loop
                          |          
                          |--3.53%--SQArray::Get (inlined)
                          |          |          
                          |           --2.91%--SQArray::Get (inlined)
                          |          
                          |--2.77%--sqjit_try_execute_closure
                          |          
                          |--2.71%--SQVM::StartCall
                          |          
                          |--2.20%--SQVM::CMP_OP
                          |          
                           --2.03%--sq_member_cache_hit (inlined)

    73.85%     0.00%  sqgi     sqgi                        [.] main
            |
            ---main
               |          
                --73.84%--sq_call
                          SQVM::Execute
                          |          
                          |--12.68%--sqjit_try_execute_current
                          |          |          
                          |           --4.60%--SQVM::Return
                          |                     |          
                          |                      --2.03%--SQVM::LeaveFrame
                          |          
                          |--5.26%--SQObjectPtr::operator= (inlined)
                          |          
                          |--3.78%--sqjit_try_execute_current_loop
                          |          
                          |--3.53%--SQArray::Get (inlined)
                          |          |          
                          |           --2.91%--SQArray::Get (inlined)
                          |          
                          |--2.77%--sqjit_try_execute_closure
                          |          
                          |--2.71%--SQVM::StartCall
                          |          
                          |--2.20%--SQVM::CMP_OP
                          |          
                           --2.03%--sq_member_cache_hit (inlined)

    73.84%    47.36%  sqgi     sqgi                        [.] SQVM::Execute
            |          
            |--47.36%--_start
            |          __libc_start_main_impl (inlined)
            |          __libc_start_call_main
            |          main
            |          sq_call
            |          SQVM::Execute
            |          |          
            |          |--5.26%--SQObjectPtr::operator= (inlined)
            |          |          
            |          |--3.53%--SQArray::Get (inlined)
            |          |          |          
            |          |           --2.91%--SQArray::Get (inlined)
            |          |          
            |           --2.03%--sq_member_cache_hit (inlined)
            |          
             --26.48%--SQVM::Execute
                       |          
                       |--12.68%--sqjit_try_execute_current
                       |          |          
                       |           --4.60%--SQVM::Return
                       |                     |          
                       |                      --2.03%--SQVM::LeaveFrame
                       |          
                       |--3.78%--sqjit_try_execute_current_loop
                       |          
                       |--2.77%--sqjit_try_execute_closure
                       |          
                       |--2.71%--SQVM::StartCall
                       |          
                        --2.20%--SQVM::CMP_OP

    73.84%     0.00%  sqgi     sqgi                        [.] sq_call
            |
            ---sq_call
               SQVM::Execute
               |          
               |--12.68%--sqjit_try_execute_current
               |          |          
               |           --4.60%--SQVM::Return
               |                     |          
               |                      --2.03%--SQVM::LeaveFrame
               |          
               |--5.26%--SQObjectPtr::operator= (inlined)
               |          
               |--3.78%--sqjit_try_execute_current_loop
               |          
               |--3.53%--SQArray::Get (inlined)
               |          |          
               |           --2.91%--SQArray::Get (inlined)
               |          
               |--2.77%--sqjit_try_execute_closure
               |          
               |--2.71%--SQVM::StartCall
               |          
               |--2.20%--SQVM::CMP_OP
               |          
                --2.03%--sq_member_cache_hit (inlined)

    13.07%     5.03%  sqgi     sqgi                        [.] sqjit_try_execute_current
            |          
            |--8.04%--sqjit_try_execute_current
            |          |          
            |           --4.60%--SQVM::Return
            |                     |          
            |                      --2.03%--SQVM::LeaveFrame
            |          
             --5.03%--_start
                       __libc_start_main_impl (inlined)
                       __libc_start_call_main
                       main
                       sq_call
                       SQVM::Execute
                       sqjit_try_execute_current

     9.48%     8.46%  sqgi     sqgi                        [.] sqjit_a64_precise_step<(SQOpcode)13, true>
            |          
            |--2.43%--0xffff9b4a520f
            |          0xffff9b4a520f
            |          sqjit_a64_precise_step<(SQOpcode)13, true>
            |          
            |--2.19%--0xffff9b4a63d7
            |          0xffff9b4a63d7
            |          sqjit_a64_precise_step<(SQOpcode)13, true>
            |          
             --2.03%--0xffff9b4a512f
                       0xffff9b4a512f
                       sqjit_a64_precise_step<(SQOpcode)13, true>

     6.44%     0.00%  sqgi     sqgi                        [.] SQObjectPtr::operator= (inlined)
            |
            ---SQObjectPtr::operator= (inlined)

     5.12%     0.00%  sqgi     [JIT] tid 637572            [.] 0x0000ffff9b4a63d7
            |
            ---0xffff9b4a63d7
               |          
                --2.42%--0xffff9b4a63d7
                          sqjit_a64_precise_step<(SQOpcode)13, true>

     4.69%     0.00%  sqgi     [JIT] tid 637572            [.] 0x0000ffff9b4a60eb
            |
            ---0xffff9b4a60eb
               |          
                --2.88%--0xffff9b4a60eb
                          sqjit_a64_precise_step<(SQOpcode)14, true>

     4.60%     2.58%  sqgi     sqgi                        [.] SQVM::Return
            |          
            |--2.58%--_start
            |          __libc_start_main_impl (inlined)
            |          __libc_start_call_main
            |          main
            |          sq_call
            |          SQVM::Execute
            |          sqjit_try_execute_current
            |          SQVM::Return
            |          
             --2.03%--SQVM::Return
                       SQVM::LeaveFrame

     4.34%     0.00%  sqgi     sqgi                        [.] sqjit_a64_precise_member<true> (inlined)
            |
            ---sqjit_a64_precise_member<true> (inlined)
               |          
                --3.72%--sq_member_raw_slot (inlined)

     3.78%     2.49%  sqgi     sqgi                        [.] sqjit_try_execute_current_loop
            |          
             --2.49%--_start
                       __libc_start_main_impl (inlined)
                       __libc_start_call_main
                       main
                       sq_call
                       SQVM::Execute
                       sqjit_try_execute_current_loop

     3.72%     0.00%  sqgi     sqgi                        [.] sq_member_raw_slot (inlined)
            |
            ---sq_member_raw_slot (inlined)

     3.53%     0.00%  sqgi     sqgi                        [.] SQArray::Get (inlined)
            |
            ---SQArray::Get (inlined)
               |          
                --2.91%--SQArray::Get (inlined)

     3.28%     0.00%  sqgi     [JIT] tid 637572            [.] 0x0000ffff9b4a512f
            |
            ---0xffff9b4a512f
               |          
                --2.49%--0xffff9b4a512f
                          sqjit_a64_precise_step<(SQOpcode)13, true>

     3.22%     0.00%  sqgi     [JIT] tid 637572            [.] 0x0000ffff9b4a52ef
            |
            ---0xffff9b4a52ef

     3.21%     0.00%  sqgi     sqgi                        [.] SQTable::GetRawSlot (inlined)
            |
            ---SQTable::GetRawSlot (inlined)

     2.88%     2.88%  sqgi     sqgi                        [.] sqjit_a64_precise_step<(SQOpcode)14, true>
            |
            ---0xffff9b4a60eb
               0xffff9b4a60eb
               sqjit_a64_precise_step<(SQOpcode)14, true>

     2.88%     0.00%  sqgi     [JIT] tid 637572            [.] 0x0000ffff9b4a520f
            |
            ---0xffff9b4a520f
               |          
                --2.77%--0xffff9b4a520f
                          sqjit_a64_precise_step<(SQOpcode)13, true>

     2.86%     0.00%  sqgi     [JIT] tid 637572            [.] 0x0000ffff9b4a6083
            |
            ---0xffff9b4a6083
               |          
                --2.63%--0xffff9b4a6083
                          |          
                           --2.37%--sqjit_a64_precise_step<(SQOpcode)9, true>

     2.77%     2.60%  sqgi     sqgi                        [.] sqjit_try_execute_closure
            |          
             --2.60%--_start
                       __libc_start_main_impl (inlined)
                       __libc_start_call_main
                       main
                       sq_call
                       SQVM::Execute
                       sqjit_try_execute_closure

     2.71%     2.09%  sqgi     sqgi                        [.] SQVM::StartCall
            |          
             --2.09%--_start
                       __libc_start_main_impl (inlined)
                       __libc_start_call_main
                       main
                       sq_call
                       SQVM::Execute
                       SQVM::StartCall

     2.63%     2.63%  sqgi     sqgi                        [.] sqjit_a64_precise_step<(SQOpcode)9, true>
            |
            ---0xffff9b4a6083
               0xffff9b4a6083
               |          
                --2.37%--sqjit_a64_precise_step<(SQOpcode)9, true>

     2.20%     0.96%  sqgi     sqgi                        [.] SQVM::CMP_OP
     2.03%     0.00%  sqgi     sqgi                        [.] sq_member_cache_hit (inlined)
            |
            ---sq_member_cache_hit (inlined)

     2.03%     2.03%  sqgi     sqgi                        [.] SQVM::LeaveFrame
            |
            ---_start
               __libc_start_main_impl (inlined)
               __libc_start_call_main
               main
               sq_call
               SQVM::Execute
               sqjit_try_execute_current
               SQVM::Return
               SQVM::LeaveFrame



#
# (Cannot load tips.txt file, please install perf!)
#
