BENCH	table_owners_1	200000	0.142125000	5098276961
BENCH	table_owners_2	200000	0.142425000	5098477602
BENCH	table_owners_5	200000	0.142155000	5097878556
BENCH	table_owners_19	200000	0.142175000	5098684496
BENCH	table_owners_257	200000	0.142695000	5100408060
BENCH	class_owners_1	200000	0.142140000	5098276961
BENCH	class_owners_2	200000	0.142120000	5098477602
BENCH	class_owners_5	200000	0.142200000	5097878556
BENCH	class_owners_19	200000	0.142030000	5098684496
BENCH	class_owners_257	200000	0.142415000	5100408060
BENCH	table_owners_1	200000	0.142205000	5098276961
BENCH	table_owners_2	200000	0.142135000	5098477602
BENCH	table_owners_5	200000	0.142600000	5097878556
BENCH	table_owners_19	200000	0.142525000	5098684496
BENCH	table_owners_257	200000	0.142900000	5100408060
BENCH	class_owners_1	200000	0.142575000	5098276961
BENCH	class_owners_2	200000	0.142635000	5098477602
BENCH	class_owners_5	200000	0.142615000	5097878556
BENCH	class_owners_19	200000	0.142610000	5098684496
BENCH	class_owners_257	200000	0.143100000	5100408060
BENCH	table_owners_1	200000	0.142720000	5098276961
BENCH	table_owners_2	200000	0.142140000	5098477602
BENCH	table_owners_5	200000	0.142555000	5097878556
BENCH	table_owners_19	200000	0.142615000	5098684496
BENCH	table_owners_257	200000	0.142605000	5100408060
BENCH	class_owners_1	200000	0.142570000	5098276961
BENCH	class_owners_2	200000	0.142395000	5098477602
BENCH	class_owners_5	200000	0.142160000	5097878556
BENCH	class_owners_19	200000	0.142600000	5098684496
BENCH	class_owners_257	200000	0.143155000	5100408060
2018.80;msec;task-clock:u;0.29%;2018797209;100.00;0.996;CPUs utilized
4579140473;;cycles:u;0.10%;2019003696;100.00;2.266;GHz
13468209533;;instructions:u;0.00%;2019003696;100.00;2.94;insn per cycle
140637;;branch-misses:u;0.13%;2019003696;100.00;;
5274999467;;cache-references:u;0.00%;2019003696;100.00;2.610;G/sec
302631;;cache-misses:u;7.85%;2019003696;100.00;0.006;of all cache refs
785;;page-faults:u;0.08%;2018797209;100.00;388.473;/sec
0;;context-switches:u;0.00%;2018797209;100.00;0.000;/sec
