# To display the perf.data header info, please use --header/--header-only options.
#
#
# Total Lost Samples: 0
#
# Samples: 212  of event 'cycles:u'
# Event count (approx.): 880442188
#
# Children      Self  Command  Shared Object          Symbol                                                                                                                                                         
# ........  ........  .......  .....................  ...............................................................................................................................................................
#
    23.82%    11.39%  sqgi     sqgi                   [.] sqjit_a64_helper_member_set_integer_logged
            |          
            |--12.43%--sqjit_a64_helper_member_set_integer_logged
            |          |          
            |          |--8.29%--sqjit_a64_helper_member_set_integer_logged
            |          |          SQJitWriteLog::RecordMember
            |          |          |          
            |          |          |--5.18%--SQJitWriteLog::CanRelease
            |          |          |          
            |          |           --2.59%--SQJitWriteLog::ContainsMember<false> (inlined)
            |          |          
            |           --3.62%--sqjit_a64_member_store_slot (inlined)
            |                     sqjit_a64_member_store_slot (inlined)
            |                     sqjit_a64_helper_member_set_integer_logged
            |                     sqjit_a64_resolve_root_store_slot
            |                     |          
            |                      --3.10%--SQTable::GetRawSlot (inlined)
            |                                |          
            |                                 --2.07%--SQTable::_Get (inlined)
            |          
            |--6.73%--0xffffaa8b31db
            |          0xffffaa8b31db
            |          sqjit_a64_helper_member_set_integer_logged
            |          |          
            |          |--2.07%--SQObjectPtr::~SQObjectPtr (inlined)
            |          |          
            |           --2.07%--sqjit_a64_member_store_slot (inlined)
            |                     sqjit_a64_member_store_slot (inlined)
            |          
             --4.66%--0xffffaa8b51f7
                       0xffffaa8b51f7
                       sqjit_a64_helper_member_set_integer_logged
                       |          
                        --3.63%--sqjit_a64_member_store_slot (inlined)
                                  |          
                                   --2.59%--sqjit_a64_member_store_slot (inlined)
                                             sqjit_a64_resolve_store_slot (inlined)
                                             sq_member_raw_slot (inlined)
                                             SQTable::GetRawSlot (inlined)
                                             SQTable::_Get (inlined)

    23.56%    10.81%  sqgi     sqgi                   [.] SQJitWriteLog::RecordMember
            |          
            |--12.75%--SQJitWriteLog::RecordMember
            |          |          
            |           --11.72%--SQJitWriteLog::CanRelease
            |          
            |--5.70%--0xffffaa8b4207
            |          0xffffaa8b4207
            |          sqjit_a64_helper_member_set_reference_logged
            |          sqjit_a64_helper_member_set_reference_logged
            |          SQJitWriteLog::RecordMember
            |          SQJitWriteLog::ContainsMember<true> (inlined)
            |          
            |--2.07%--0xffffaa8b51f7
            |          0xffffaa8b51f7
            |          sqjit_a64_helper_member_set_integer_logged
            |          sqjit_a64_helper_member_set_integer_logged
            |          SQJitWriteLog::RecordMember
            |          
             --2.01%--0xffffaa8b6223
                       0xffffaa8b6223
                       sqjit_a64_helper_instance_field_set_integer_logged
                       sqjit_a64_write_log_record_member (inlined)
                       SQJitWriteLog::RecordMember

    21.75%     0.00%  sqgi     [JIT] tid 637386       [.] 0x0000ffffaa8b4207
            |
            ---0xffffaa8b4207
               |          
                --17.61%--0xffffaa8b4207
                          sqjit_a64_helper_member_set_reference_logged
                          |          
                          |--10.36%--sqjit_a64_helper_member_set_reference_logged
                          |          SQJitWriteLog::RecordMember
                          |          |          
                          |          |--6.73%--SQJitWriteLog::ContainsMember<true> (inlined)
                          |          |          
                          |           --3.63%--SQJitWriteLog::CanRelease
                          |          
                           --5.18%--sqjit_a64_member_store_slot (inlined)
                                     sqjit_a64_member_store_slot (inlined)
                                     |          
                                      --4.66%--sqjit_a64_resolve_store_slot (inlined)
                                                |          
                                                 --3.62%--sq_member_raw_slot (inlined)
                                                           |          
                                                            --3.10%--SQTable::GetRawSlot (inlined)

    17.61%     6.73%  sqgi     sqgi                   [.] sqjit_a64_helper_member_set_reference_logged
            |          
            |--10.88%--sqjit_a64_helper_member_set_reference_logged
            |          |          
            |           --10.36%--sqjit_a64_helper_member_set_reference_logged
            |                     SQJitWriteLog::RecordMember
            |                     |          
            |                     |--6.73%--SQJitWriteLog::ContainsMember<true> (inlined)
            |                     |          
            |                      --3.63%--SQJitWriteLog::CanRelease
            |          
             --6.73%--0xffffaa8b4207
                       0xffffaa8b4207
                       sqjit_a64_helper_member_set_reference_logged
                       |          
                        --4.66%--sqjit_a64_member_store_slot (inlined)
                                  sqjit_a64_member_store_slot (inlined)
                                  sqjit_a64_resolve_store_slot (inlined)
                                  |          
                                   --3.62%--sq_member_raw_slot (inlined)
                                             |          
                                              --3.10%--SQTable::GetRawSlot (inlined)

    16.37%     6.12%  sqgi     sqgi                   [.] sqjit_a64_helper_member_closure_guard
            |          
            |--10.25%--sqjit_a64_helper_member_closure_guard
            |          sqjit_a64_helper_member_closure_guard
            |          sqjit_a64_borrow_member_ptr_value
            |          |          
            |           --7.14%--SQTable::GetRawSlot (inlined)
            |                     |          
            |                      --6.12%--SQTable::_Get (inlined)
            |          
            |--2.59%--0xffffaa8b314f
            |          0xffffaa8b314f
            |          sqjit_a64_helper_member_closure_guard
            |          
             --2.07%--0xffffaa8b516b
                       0xffffaa8b516b
                       sqjit_a64_helper_member_closure_guard

    15.52%     0.00%  sqgi     [JIT] tid 637386       [.] 0x0000ffffaa8b31db
            |
            ---0xffffaa8b31db
               |          
               |--12.42%--0xffffaa8b31db
               |          sqjit_a64_helper_member_set_integer_logged
               |          |          
               |          |--3.62%--sqjit_a64_member_store_slot (inlined)
               |          |          sqjit_a64_member_store_slot (inlined)
               |          |          
               |          |--3.62%--sqjit_a64_helper_member_set_integer_logged
               |          |          SQJitWriteLog::RecordMember
               |          |          |          
               |          |           --2.59%--SQJitWriteLog::CanRelease
               |          |          
               |           --2.07%--SQObjectPtr::~SQObjectPtr (inlined)
               |          
                --2.07%--0xffffaa8b3224

    14.51%     0.00%  sqgi     [JIT] tid 637386       [.] 0x0000ffffaa8b51f7
            |
            ---0xffffaa8b51f7
               |          
                --11.40%--0xffffaa8b51f7
                          sqjit_a64_helper_member_set_integer_logged
                          |          
                          |--5.69%--sqjit_a64_member_store_slot (inlined)
                          |          |          
                          |           --4.66%--sqjit_a64_member_store_slot (inlined)
                          |                     |          
                          |                     |--2.59%--sqjit_a64_resolve_store_slot (inlined)
                          |                     |          sq_member_raw_slot (inlined)
                          |                     |          SQTable::GetRawSlot (inlined)
                          |                     |          SQTable::_Get (inlined)
                          |                     |          
                          |                      --2.07%--sqjit_a64_helper_member_set_integer_logged
                          |                                sqjit_a64_resolve_root_store_slot
                          |                                SQTable::GetRawSlot (inlined)
                          |          
                           --4.67%--sqjit_a64_helper_member_set_integer_logged
                                     SQJitWriteLog::RecordMember
                                     |          
                                      --2.59%--SQJitWriteLog::CanRelease

    12.61%     0.00%  sqgi     [JIT] tid 637386       [.] 0x0000ffffaa8b6223
            |
            ---0xffffaa8b6223
               |          
                --10.19%--0xffffaa8b6223
                          sqjit_a64_helper_instance_field_set_integer_logged
                          |          
                           --5.90%--sqjit_a64_write_log_record_member (inlined)
                                     |          
                                      --4.91%--SQJitWriteLog::RecordMember
                                                |          
                                                 --2.91%--SQJitWriteLog::CanRelease

    11.72%    11.72%  sqgi     sqgi                   [.] SQJitWriteLog::CanRelease
            |          
            |--3.63%--0xffffaa8b4207
            |          0xffffaa8b4207
            |          sqjit_a64_helper_member_set_reference_logged
            |          sqjit_a64_helper_member_set_reference_logged
            |          SQJitWriteLog::RecordMember
            |          SQJitWriteLog::CanRelease
            |          
            |--2.91%--0xffffaa8b6223
            |          0xffffaa8b6223
            |          sqjit_a64_helper_instance_field_set_integer_logged
            |          sqjit_a64_write_log_record_member (inlined)
            |          SQJitWriteLog::RecordMember
            |          SQJitWriteLog::CanRelease
            |          
            |--2.59%--0xffffaa8b51f7
            |          0xffffaa8b51f7
            |          sqjit_a64_helper_member_set_integer_logged
            |          sqjit_a64_helper_member_set_integer_logged
            |          SQJitWriteLog::RecordMember
            |          SQJitWriteLog::CanRelease
            |          
             --2.59%--0xffffaa8b31db
                       0xffffaa8b31db
                       sqjit_a64_helper_member_set_integer_logged
                       sqjit_a64_helper_member_set_integer_logged
                       SQJitWriteLog::RecordMember
                       SQJitWriteLog::CanRelease

    10.25%    10.25%  sqgi     sqgi                   [.] sqjit_a64_borrow_member_ptr_value
            |          
            |--3.11%--0xffffaa8b516b
            |          0xffffaa8b516b
            |          sqjit_a64_helper_member_closure_guard
            |          sqjit_a64_helper_member_closure_guard
            |          sqjit_a64_borrow_member_ptr_value
            |          |          
            |           --2.07%--SQTable::GetRawSlot (inlined)
            |          
            |--3.10%--0xffffaa8b414b
            |          0xffffaa8b414b
            |          sqjit_a64_helper_member_closure_guard
            |          sqjit_a64_helper_member_closure_guard
            |          sqjit_a64_borrow_member_ptr_value
            |          |          
            |           --2.06%--SQTable::GetRawSlot (inlined)
            |                     SQTable::_Get (inlined)
            |          
             --3.00%--0xffffaa8b616b
                       0xffffaa8b616b
                       sqjit_a64_helper_member_closure_guard
                       sqjit_a64_helper_member_closure_guard
                       sqjit_a64_borrow_member_ptr_value
                       |          
                        --2.49%--SQTable::GetRawSlot (inlined)

    10.19%     4.95%  sqgi     sqgi                   [.] sqjit_a64_helper_instance_field_set_integer_logged
            |          
            |--5.25%--sqjit_a64_helper_instance_field_set_integer_logged
            |          |          
            |           --4.91%--sqjit_a64_write_log_record_member (inlined)
            |                     SQJitWriteLog::RecordMember
            |                     |          
            |                      --2.91%--SQJitWriteLog::CanRelease
            |          
             --4.95%--0xffffaa8b6223
                       0xffffaa8b6223
                       sqjit_a64_helper_instance_field_set_integer_logged

     9.32%     0.00%  sqgi     sqgi                   [.] sqjit_a64_member_store_slot (inlined)
            |
            ---sqjit_a64_member_store_slot (inlined)
               |          
                --8.28%--sqjit_a64_member_store_slot (inlined)
                          |          
                          |--4.14%--sqjit_a64_resolve_store_slot (inlined)
                          |          sq_member_raw_slot (inlined)
                          |          |          
                          |           --3.62%--SQTable::GetRawSlot (inlined)
                          |                     SQTable::_Get (inlined)
                          |          
                           --3.62%--sqjit_a64_helper_member_set_integer_logged
                                     sqjit_a64_resolve_root_store_slot
                                     |          
                                      --3.10%--SQTable::GetRawSlot (inlined)
                                                |          
                                                 --2.07%--SQTable::_Get (inlined)

     8.80%     0.00%  sqgi     [JIT] tid 637386       [.] 0x0000ffffaa8b414b
            |
            ---0xffffaa8b414b
               |          
               |--4.14%--0xffffaa8b414b
               |          sqjit_a64_helper_member_closure_guard
               |          |          
               |           --3.10%--sqjit_a64_helper_member_closure_guard
               |                     sqjit_a64_borrow_member_ptr_value
               |                     |          
               |                      --2.06%--SQTable::GetRawSlot (inlined)
               |                                SQTable::_Get (inlined)
               |          
                --2.07%--0xffffaa8b418c

     8.29%     0.00%  sqgi     [JIT] tid 637386       [.] 0x0000ffffaa8b516b
            |
            ---0xffffaa8b516b
               |          
                --5.18%--0xffffaa8b516b
                          sqjit_a64_helper_member_closure_guard
                          |          
                           --3.11%--sqjit_a64_helper_member_closure_guard
                                     sqjit_a64_borrow_member_ptr_value
                                     |          
                                      --2.07%--SQTable::GetRawSlot (inlined)

     8.28%     0.00%  sqgi     [JIT] tid 637386       [.] 0x0000ffffaa8b314f
            |
            ---0xffffaa8b314f
               |          
               |--3.62%--0xffffaa8b314f
               |          sqjit_a64_helper_member_closure_guard
               |          
                --2.59%--0xffffaa8b31c0

     7.14%     0.00%  sqgi     sqgi                   [.] SQTable::GetRawSlot (inlined)
            |
            ---SQTable::GetRawSlot (inlined)
               |          
                --6.12%--SQTable::_Get (inlined)

     6.98%     0.00%  sqgi     [JIT] tid 637386       [.] 0x0000ffffaa8b616b
            |
            ---0xffffaa8b616b
               |          
               |--3.43%--0xffffaa8b616b
               |          sqjit_a64_helper_member_closure_guard
               |          |          
               |           --3.00%--sqjit_a64_helper_member_closure_guard
               |                     sqjit_a64_borrow_member_ptr_value
               |                     |          
               |                      --2.49%--SQTable::GetRawSlot (inlined)
               |          
                --2.57%--0xffffaa8b6214

     6.73%     0.00%  sqgi     sqgi                   [.] SQJitWriteLog::ContainsMember<true> (inlined)
            |
            ---SQJitWriteLog::ContainsMember<true> (inlined)

     6.12%     0.00%  sqgi     sqgi                   [.] SQTable::_Get (inlined)
            |
            ---SQTable::_Get (inlined)

     5.90%     0.00%  sqgi     sqgi                   [.] sqjit_a64_write_log_record_member (inlined)
            |
            ---sqjit_a64_write_log_record_member (inlined)
               |          
                --4.91%--SQJitWriteLog::RecordMember
                          |          
                           --2.91%--SQJitWriteLog::CanRelease

     5.18%     0.00%  sqgi     sqgi                   [.] sqjit_a64_member_store_slot (inlined)
            |
            ---sqjit_a64_member_store_slot (inlined)
               sqjit_a64_member_store_slot (inlined)
               |          
                --4.66%--sqjit_a64_resolve_store_slot (inlined)
                          |          
                           --3.62%--sq_member_raw_slot (inlined)
                                     |          
                                      --3.10%--SQTable::GetRawSlot (inlined)

     4.66%     0.00%  sqgi     sqgi                   [.] sqjit_a64_resolve_store_slot (inlined)
            |
            ---sqjit_a64_resolve_store_slot (inlined)
               |          
                --3.62%--sq_member_raw_slot (inlined)
                          |          
                           --3.10%--SQTable::GetRawSlot (inlined)

     4.14%     0.00%  sqgi     sqgi                   [.] sqjit_a64_resolve_store_slot (inlined)
            |
            ---sqjit_a64_resolve_store_slot (inlined)
               sq_member_raw_slot (inlined)
               |          
                --3.62%--SQTable::GetRawSlot (inlined)
                          SQTable::_Get (inlined)

     4.14%     0.00%  sqgi     sqgi                   [.] sq_member_raw_slot (inlined)
            |
            ---sq_member_raw_slot (inlined)
               |          
                --3.62%--SQTable::GetRawSlot (inlined)
                          SQTable::_Get (inlined)

     4.14%     0.00%  sqgi     sqgi                   [.] SQTable::GetRawSlot (inlined)
            |
            ---SQTable::GetRawSlot (inlined)
               |          
                --3.62%--SQTable::_Get (inlined)

     4.14%     4.14%  sqgi     sqgi                   [.] sqjit_a64_resolve_root_store_slot
            |          
             --2.07%--0xffffaa8b51f7
                       0xffffaa8b51f7
                       sqjit_a64_helper_member_set_integer_logged
                       sqjit_a64_member_store_slot (inlined)
                       sqjit_a64_member_store_slot (inlined)
                       sqjit_a64_helper_member_set_integer_logged
                       sqjit_a64_resolve_root_store_slot
                       SQTable::GetRawSlot (inlined)

     3.62%     0.00%  sqgi     sqgi                   [.] SQTable::_Get (inlined)
            |
            ---SQTable::_Get (inlined)

     3.62%     0.00%  sqgi     sqgi                   [.] sq_member_raw_slot (inlined)
            |
            ---sq_member_raw_slot (inlined)
               |          
                --3.10%--SQTable::GetRawSlot (inlined)

     3.56%     0.00%  sqgi     sqgi                   [.] SQJitWriteLog::ContainsMember<false> (inlined)
            |
            ---SQJitWriteLog::ContainsMember<false> (inlined)
               |          
                --2.53%--SQJitWriteLog::ContainsMember<false>(SQObjectPtr const&, SQObjectPtr const&, SQObjectPtr const&) const::{lambda(SQJitWriteLog::Entry const&)#1}::operator() (inlined)

     3.10%     0.00%  sqgi     sqgi                   [.] SQTable::GetRawSlot (inlined)
            |
            ---SQTable::GetRawSlot (inlined)

     3.10%     0.00%  sqgi     sqgi                   [.] SQTable::GetRawSlot (inlined)
            |
            ---SQTable::GetRawSlot (inlined)
               |          
                --2.07%--SQTable::_Get (inlined)

     2.59%     2.59%  sqgi     [JIT] tid 637386       [.] 0x0000ffffaa8b31c0
            |
            ---0xffffaa8b314f
               0xffffaa8b31c0

     2.57%     2.57%  sqgi     [JIT] tid 637386       [.] 0x0000ffffaa8b6214
            |
            ---0xffffaa8b616b
               0xffffaa8b6214

     2.53%     0.00%  sqgi     sqgi                   [.] SQJitWriteLog::ContainsMember<false>(SQObjectPtr const&, SQObjectPtr const&, SQObjectPtr const&) const::{lambda(SQJitWriteLog::Entry const&)#1}::operator() (inlined)
            |
            ---SQJitWriteLog::ContainsMember<false>(SQObjectPtr const&, SQObjectPtr const&, SQObjectPtr const&) const::{lambda(SQJitWriteLog::Entry const&)#1}::operator() (inlined)

     2.26%     0.00%  sqgi     sqgi                   [.] _start
            |
            ---_start
               __libc_start_main_impl (inlined)
               __libc_start_call_main
               main

     2.26%     0.00%  sqgi     libc.so.6              [.] __libc_start_main_impl (inlined)
            |
            ---__libc_start_main_impl (inlined)
               __libc_start_call_main
               main

     2.26%     0.00%  sqgi     libc.so.6              [.] __libc_start_call_main
            |
            ---__libc_start_call_main
               main

     2.26%     0.00%  sqgi     sqgi                   [.] main
            |
            ---main

     2.07%     0.00%  sqgi     sqgi                   [.] SQObjectPtr::~SQObjectPtr (inlined)
            |
            ---SQObjectPtr::~SQObjectPtr (inlined)

     2.07%     2.07%  sqgi     [JIT] tid 637386       [.] 0x0000ffffaa8b418c
            |
            ---0xffffaa8b414b
               0xffffaa8b418c

     2.07%     0.00%  sqgi     sqgi                   [.] SQTable::_Get (inlined)
            |
            ---SQTable::_Get (inlined)

     2.07%     2.07%  sqgi     [JIT] tid 637386       [.] 0x0000ffffaa8b3224
            |
            ---0xffffaa8b31db
               0xffffaa8b3224



#
# (Cannot load tips.txt file, please install perf!)
#
