BENCH	receiver_integer	200000	0.054300000	595177
BENCH	root_integer	200000	0.063425000	595177
BENCH	root_reference	200000	0.086270000	799457
BENCH	root_integer_result	200000	0.065245000	795177
BENCH	receiver_integer	200000	0.054335000	595177
BENCH	root_integer	200000	0.063650000	595177
BENCH	root_reference	200000	0.085310000	799457
BENCH	root_integer_result	200000	0.065170000	795177
BENCH	receiver_integer	200000	0.054780000	595177
BENCH	root_integer	200000	0.063515000	595177
BENCH	root_reference	200000	0.085765000	799457
BENCH	root_integer_result	200000	0.065270000	795177
399.11;msec;task-clock:u;0.67%;399110829;100.00;0.984;CPUs utilized
884316506;;cycles:u;0.01%;399155165;100.00;2.203;GHz
2934407909;;instructions:u;0.05%;399155165;100.00;3.32;insn per cycle
254854;;branch-misses:u;5.50%;399155165;100.00;;
1009127274;;cache-references:u;0.10%;399155165;100.00;2.514;G/sec
195545;;cache-misses:u;0.48%;399155165;100.00;0.019;of all cache refs
783;;page-faults:u;0.11%;399110829;100.00;1.951;K/sec
0;;context-switches:u;0.00%;399110829;100.00;0.000;/sec
