Round 1/5: sqgi; all 8 checksums match
Round 1/5: sqgi_baseline; all 8 checksums match
Round 1/5: node; all 8 checksums match
Round 1/5: gjs; all 8 checksums match
Round 1/5: python; all 8 checksums match
Round 2/5: sqgi_baseline; all 8 checksums match
Round 2/5: node; all 8 checksums match
Round 2/5: gjs; all 8 checksums match
Round 2/5: python; all 8 checksums match
Round 2/5: sqgi; all 8 checksums match
Round 3/5: node; all 8 checksums match
Round 3/5: gjs; all 8 checksums match
Round 3/5: python; all 8 checksums match
Round 3/5: sqgi; all 8 checksums match
Round 3/5: sqgi_baseline; all 8 checksums match
Round 4/5: gjs; all 8 checksums match
Round 4/5: python; all 8 checksums match
Round 4/5: sqgi; all 8 checksums match
Round 4/5: sqgi_baseline; all 8 checksums match
Round 4/5: node; all 8 checksums match
Round 5/5: python; all 8 checksums match
Round 5/5: sqgi; all 8 checksums match
Round 5/5: sqgi_baseline; all 8 checksums match
Round 5/5: node; all 8 checksums match
Round 5/5: gjs; all 8 checksums match
Microseconds per iteration; lower is faster
kernel	sqgi	sqgi_baseline	node	gjs	python
route_balanced	0.053635000	0.052160000	0.005987845	0.006380000	0.261177030
route_skewed	0.052575000	0.051325000	0.005760345	0.006685000	0.259007050
pricing_events	0.057895000	0.057540000	0.011116740	0.017315000	0.432039110
filter_stream	0.056200000	0.055195000	0.005070565	0.009705000	0.240502480
records_64	0.135305000	0.133070000	0.015746890	0.038425000	0.564913535
records_4096	0.244455000	0.240160000	0.020601625	0.043210000	0.629104210
word_count	0.266560000	0.265500000	0.073668270	0.123925000	0.360571435
graph_walk	0.012340000	0.012370000	0.004783275	0.007615000	0.128966135
