Round 1/5: sqgi; all 8 checksums match
Round 1/5: sqgi_baseline; all 8 checksums match
Round 1/5: node; all 8 checksums match
Round 1/5: gjs; all 8 checksums match
Round 1/5: python; all 8 checksums match
Round 2/5: sqgi_baseline; all 8 checksums match
Round 2/5: node; all 8 checksums match
Round 2/5: gjs; all 8 checksums match
Round 2/5: python; all 8 checksums match
Round 2/5: sqgi; all 8 checksums match
Round 3/5: node; all 8 checksums match
Round 3/5: gjs; all 8 checksums match
Round 3/5: python; all 8 checksums match
Round 3/5: sqgi; all 8 checksums match
Round 3/5: sqgi_baseline; all 8 checksums match
Round 4/5: gjs; all 8 checksums match
Round 4/5: python; all 8 checksums match
Round 4/5: sqgi; all 8 checksums match
Round 4/5: sqgi_baseline; all 8 checksums match
Round 4/5: node; all 8 checksums match
Round 5/5: python; all 8 checksums match
Round 5/5: sqgi; all 8 checksums match
Round 5/5: sqgi_baseline; all 8 checksums match
Round 5/5: node; all 8 checksums match
Round 5/5: gjs; all 8 checksums match
Microseconds per iteration; lower is faster
kernel	sqgi	sqgi_baseline	node	gjs	python
route_balanced	0.053382100	0.051809611	0.006008215	0.006419952	0.260806109
route_skewed	0.052109609	0.051414614	0.005788739	0.006654950	0.258622290
pricing_events	0.057762067	0.057487069	0.011099884	0.017309870	0.431914078
filter_stream	0.056284578	0.054972088	0.005021672	0.008612435	0.240170369
records_64	0.136396477	0.135196486	0.015422299	0.038519711	0.569292940
records_4096	0.225920806	0.230500771	0.019824191	0.042552181	0.632793334
word_count	0.267667992	0.267130497	0.073032622	0.123144076	0.366655673
graph_walk	0.012377407	0.012424907	0.004770844	0.007044947	0.128356317
