Round 1/5: audit; 7 checksums match
Round 1/5: v26; 7 checksums match
Round 1/5: v27; 7 checksums match
Round 1/5: v27_repeat; 7 checksums match
Round 1/5: node; 7 checksums match
Round 2/5: v26; 7 checksums match
Round 2/5: v27; 7 checksums match
Round 2/5: v27_repeat; 7 checksums match
Round 2/5: node; 7 checksums match
Round 2/5: audit; 7 checksums match
Round 3/5: v27; 7 checksums match
Round 3/5: v27_repeat; 7 checksums match
Round 3/5: node; 7 checksums match
Round 3/5: audit; 7 checksums match
Round 3/5: v26; 7 checksums match
Round 4/5: v27_repeat; 7 checksums match
Round 4/5: node; 7 checksums match
Round 4/5: audit; 7 checksums match
Round 4/5: v26; 7 checksums match
Round 4/5: v27; 7 checksums match
Round 5/5: node; 7 checksums match
Round 5/5: audit; 7 checksums match
Round 5/5: v26; 7 checksums match
Round 5/5: v27; 7 checksums match
Round 5/5: v27_repeat; 7 checksums match
filter: audit 23.41 ns, v26 13.40 ns, v27 13.48 ns, v27_repeat 13.40 ns, node 2.45 ns
channels_4: audit 78.28 ns, v26 34.98 ns, v27 35.02 ns, v27_repeat 35.03 ns, node 5.42 ns
pressure_8: audit 153.35 ns, v26 93.58 ns, v27 93.64 ns, v27_repeat 93.76 ns, node 10.28 ns
integration: audit 37.09 ns, v26 22.52 ns, v27 22.58 ns, v27_repeat 22.52 ns, node 7.80 ns
retained_input: audit 44.96 ns, v26 24.35 ns, v27 24.34 ns, v27_repeat 24.43 ns, node 4.26 ns
branching: audit 31.26 ns, v26 17.92 ns, v27 17.94 ns, v27_repeat 17.91 ns, node 6.43 ns
helper_control: audit 54.23 ns, v26 19.31 ns, v27 19.34 ns, v27_repeat 19.34 ns, node 3.62 ns
