Round 1/5: audit; 7 checksums match
Round 1/5: v26; 7 checksums match
Round 1/5: v27; 7 checksums match
Round 1/5: v27_repeat; 7 checksums match
Round 1/5: node; 7 checksums match
Round 2/5: v26; 7 checksums match
Round 2/5: v27; 7 checksums match
Round 2/5: v27_repeat; 7 checksums match
Round 2/5: node; 7 checksums match
Round 2/5: audit; 7 checksums match
Round 3/5: v27; 7 checksums match
Round 3/5: v27_repeat; 7 checksums match
Round 3/5: node; 7 checksums match
Round 3/5: audit; 7 checksums match
Round 3/5: v26; 7 checksums match
Round 4/5: v27_repeat; 7 checksums match
Round 4/5: node; 7 checksums match
Round 4/5: audit; 7 checksums match
Round 4/5: v26; 7 checksums match
Round 4/5: v27; 7 checksums match
Round 5/5: node; 7 checksums match
Round 5/5: audit; 7 checksums match
Round 5/5: v26; 7 checksums match
Round 5/5: v27; 7 checksums match
Round 5/5: v27_repeat; 7 checksums match
filter: audit 23.40 ns, v26 13.45 ns, v27 13.45 ns, v27_repeat 13.44 ns, node 2.47 ns
channels_4: audit 78.88 ns, v26 35.10 ns, v27 34.99 ns, v27_repeat 35.01 ns, node 5.53 ns
pressure_8: audit 153.02 ns, v26 93.59 ns, v27 93.62 ns, v27_repeat 93.60 ns, node 10.34 ns
integration: audit 37.20 ns, v26 22.54 ns, v27 22.49 ns, v27_repeat 22.52 ns, node 7.54 ns
retained_input: audit 45.07 ns, v26 24.33 ns, v27 24.40 ns, v27_repeat 24.30 ns, node 4.23 ns
branching: audit 31.39 ns, v26 17.90 ns, v27 18.02 ns, v27_repeat 18.00 ns, node 6.44 ns
helper_control: audit 55.00 ns, v26 19.32 ns, v27 19.32 ns, v27_repeat 19.36 ns, node 3.62 ns
