Round 1/5: sqgi; all 15 checksums match
Round 1/5: sqgi_baseline; all 15 checksums match
Round 1/5: node; all 15 checksums match
Round 1/5: gjs; all 15 checksums match
Round 1/5: python; all 15 checksums match
Round 2/5: sqgi_baseline; all 15 checksums match
Round 2/5: node; all 15 checksums match
Round 2/5: gjs; all 15 checksums match
Round 2/5: python; all 15 checksums match
Round 2/5: sqgi; all 15 checksums match
Round 3/5: node; all 15 checksums match
Round 3/5: gjs; all 15 checksums match
Round 3/5: python; all 15 checksums match
Round 3/5: sqgi; all 15 checksums match
Round 3/5: sqgi_baseline; all 15 checksums match
Round 4/5: gjs; all 15 checksums match
Round 4/5: python; all 15 checksums match
Round 4/5: sqgi; all 15 checksums match
Round 4/5: sqgi_baseline; all 15 checksums match
Round 4/5: node; all 15 checksums match
Round 5/5: python; all 15 checksums match
Round 5/5: sqgi; all 15 checksums match
Round 5/5: sqgi_baseline; all 15 checksums match
Round 5/5: node; all 15 checksums match
Round 5/5: gjs; all 15 checksums match
Microseconds per iteration; lower is faster
kernel	sqgi	sqgi_baseline	node	gjs	python
direct_call	0.025650000	0.034192000	0.006746528	0.010664688	0.335689171
branch_call	0.021391000	0.032113000	0.004812438	0.007019687	0.236921622
float_call	0.012405000	0.021235000	0.002636177	0.009489062	0.133705303
numeric_loop	0.022780000	0.022783000	0.007434675	0.012718750	0.238683904
vector	0.365794000	0.382906000	0.555842094	0.510350000	5.166788637
dynamic_member	0.724069000	1.511981000	0.108558762	0.078950000	0.881106406
dynamic_key_get_set	0.182256000	0.182550000	0.062122381	0.027750000	0.415070975
object_member_write_fallback	0.472331000	0.473050000	0.012627187	0.046893750	0.681443544
array_append	0.128050000	0.128250000	0.038499506	0.018593750	0.219603950
array_write	0.036963000	0.036750000	0.004557238	0.006056250	0.186846563
array_read	0.007091000	0.007471000	0.002627974	0.003512188	0.083709049
array_float	0.006836000	0.007127000	0.002189659	0.003068125	0.073470346
math_intrinsic	0.111194000	0.201900000	0.041160963	0.009831250	0.554790687
math_variable	0.225994000	0.218862000	0.153941512	0.106543750	0.507149338
matrix	0.310269000	0.315138000	0.022720544	0.066000000	1.136074481
