Round 1/5: v26; 6 checksums match
Round 1/5: v27; 6 checksums match
Round 1/5: v27_repeat; 6 checksums match
Round 1/5: node; 6 checksums match
Round 2/5: v27; 6 checksums match
Round 2/5: v27_repeat; 6 checksums match
Round 2/5: node; 6 checksums match
Round 2/5: v26; 6 checksums match
Round 3/5: v27_repeat; 6 checksums match
Round 3/5: node; 6 checksums match
Round 3/5: v26; 6 checksums match
Round 3/5: v27; 6 checksums match
Round 4/5: node; 6 checksums match
Round 4/5: v26; 6 checksums match
Round 4/5: v27; 6 checksums match
Round 4/5: v27_repeat; 6 checksums match
Round 5/5: v26; 6 checksums match
Round 5/5: v27; 6 checksums match
Round 5/5: v27_repeat; 6 checksums match
Round 5/5: node; 6 checksums match
table_events_97: v26 415.50 ns, v27 416.51 ns, v27_repeat 415.15 ns, node 75.18 ns
class_events_97: v26 410.88 ns, v27 416.88 ns, v27_repeat 416.50 ns, node 74.16 ns
buffers_7: v26 371.50 ns, v27 371.21 ns, v27_repeat 371.63 ns, node 12.37 ns
buffers_31: v26 371.48 ns, v27 371.42 ns, v27_repeat 371.87 ns, node 12.32 ns
calibrate_17: v26 83.75 ns, v27 84.21 ns, v27_repeat 83.94 ns, node 8.71 ns
calibrate_67: v26 84.74 ns, v27 84.84 ns, v27_repeat 84.78 ns, node 8.31 ns
