Round 1/5: v26; 6 checksums match
Round 1/5: v27; 6 checksums match
Round 1/5: v27_repeat; 6 checksums match
Round 1/5: node; 6 checksums match
Round 2/5: v27; 6 checksums match
Round 2/5: v27_repeat; 6 checksums match
Round 2/5: node; 6 checksums match
Round 2/5: v26; 6 checksums match
Round 3/5: v27_repeat; 6 checksums match
Round 3/5: node; 6 checksums match
Round 3/5: v26; 6 checksums match
Round 3/5: v27; 6 checksums match
Round 4/5: node; 6 checksums match
Round 4/5: v26; 6 checksums match
Round 4/5: v27; 6 checksums match
Round 4/5: v27_repeat; 6 checksums match
Round 5/5: v26; 6 checksums match
Round 5/5: v27; 6 checksums match
Round 5/5: v27_repeat; 6 checksums match
Round 5/5: node; 6 checksums match
table_events_97: v26 415.59 ns, v27 415.62 ns, v27_repeat 414.59 ns, node 75.31 ns
class_events_97: v26 411.86 ns, v27 421.99 ns, v27_repeat 417.08 ns, node 74.32 ns
buffers_7: v26 371.05 ns, v27 371.61 ns, v27_repeat 371.74 ns, node 12.37 ns
buffers_31: v26 370.98 ns, v27 371.17 ns, v27_repeat 371.29 ns, node 12.33 ns
calibrate_17: v26 84.02 ns, v27 83.75 ns, v27_repeat 84.02 ns, node 8.72 ns
calibrate_67: v26 84.61 ns, v27 84.67 ns, v27_repeat 84.61 ns, node 8.33 ns
