Round 1/5: v26; 6 checksums match
Round 1/5: v27; 6 checksums match
Round 1/5: v27_repeat; 6 checksums match
Round 1/5: node; 6 checksums match
Round 2/5: v27; 6 checksums match
Round 2/5: v27_repeat; 6 checksums match
Round 2/5: node; 6 checksums match
Round 2/5: v26; 6 checksums match
Round 3/5: v27_repeat; 6 checksums match
Round 3/5: node; 6 checksums match
Round 3/5: v26; 6 checksums match
Round 3/5: v27; 6 checksums match
Round 4/5: node; 6 checksums match
Round 4/5: v26; 6 checksums match
Round 4/5: v27; 6 checksums match
Round 4/5: v27_repeat; 6 checksums match
Round 5/5: v26; 6 checksums match
Round 5/5: v27; 6 checksums match
Round 5/5: v27_repeat; 6 checksums match
Round 5/5: node; 6 checksums match
transfer_table: v26 431.08 ns, v27 403.50 ns, v27_repeat 403.29 ns, node 17.90 ns
transfer_class: v26 441.14 ns, v27 417.64 ns, v27_repeat 417.59 ns, node 18.10 ns
transfer_mixed: v26 442.26 ns, v27 419.89 ns, v27_repeat 420.11 ns, node 29.06 ns
publish_table: v26 387.08 ns, v27 358.85 ns, v27_repeat 359.17 ns, node 13.37 ns
publish_class: v26 396.03 ns, v27 368.58 ns, v27_repeat 368.64 ns, node 13.58 ns
publish_mixed: v26 398.50 ns, v27 370.22 ns, v27_repeat 369.57 ns, node 20.91 ns
