Round 1/5: v26; 6 checksums match
Round 1/5: v27; 6 checksums match
Round 1/5: v27_repeat; 6 checksums match
Round 1/5: node; 6 checksums match
Round 2/5: v27; 6 checksums match
Round 2/5: v27_repeat; 6 checksums match
Round 2/5: node; 6 checksums match
Round 2/5: v26; 6 checksums match
Round 3/5: v27_repeat; 6 checksums match
Round 3/5: node; 6 checksums match
Round 3/5: v26; 6 checksums match
Round 3/5: v27; 6 checksums match
Round 4/5: node; 6 checksums match
Round 4/5: v26; 6 checksums match
Round 4/5: v27; 6 checksums match
Round 4/5: v27_repeat; 6 checksums match
Round 5/5: v26; 6 checksums match
Round 5/5: v27; 6 checksums match
Round 5/5: v27_repeat; 6 checksums match
Round 5/5: node; 6 checksums match
transfer_table: v26 430.90 ns, v27 403.92 ns, v27_repeat 402.53 ns, node 17.86 ns
transfer_class: v26 441.40 ns, v27 417.91 ns, v27_repeat 417.75 ns, node 18.09 ns
transfer_mixed: v26 442.93 ns, v27 420.19 ns, v27_repeat 419.62 ns, node 29.05 ns
publish_table: v26 388.28 ns, v27 358.93 ns, v27_repeat 359.18 ns, node 13.41 ns
publish_class: v26 396.02 ns, v27 368.79 ns, v27_repeat 369.07 ns, node 13.53 ns
publish_mixed: v26 399.10 ns, v27 370.23 ns, v27_repeat 370.22 ns, node 20.86 ns
