Round 1/5: v26; 10 checksums match
Round 1/5: v27; 10 checksums match
Round 1/5: v27_repeat; 10 checksums match
Round 1/5: node; 10 checksums match
Round 2/5: v27; 10 checksums match
Round 2/5: v27_repeat; 10 checksums match
Round 2/5: node; 10 checksums match
Round 2/5: v26; 10 checksums match
Round 3/5: v27_repeat; 10 checksums match
Round 3/5: node; 10 checksums match
Round 3/5: v26; 10 checksums match
Round 3/5: v27; 10 checksums match
Round 4/5: node; 10 checksums match
Round 4/5: v26; 10 checksums match
Round 4/5: v27; 10 checksums match
Round 4/5: v27_repeat; 10 checksums match
Round 5/5: v26; 10 checksums match
Round 5/5: v27; 10 checksums match
Round 5/5: v27_repeat; 10 checksums match
Round 5/5: node; 10 checksums match
table_owners_1: v26 122.55 ns, v27 122.25 ns, v27_repeat 122.84 ns, node 8.88 ns
table_owners_2: v26 122.83 ns, v27 122.69 ns, v27_repeat 123.04 ns, node 8.79 ns
table_owners_5: v26 122.71 ns, v27 122.70 ns, v27_repeat 122.67 ns, node 8.35 ns
table_owners_19: v26 122.86 ns, v27 122.68 ns, v27_repeat 122.95 ns, node 8.35 ns
table_owners_257: v26 122.47 ns, v27 122.91 ns, v27_repeat 122.96 ns, node 8.89 ns
class_owners_1: v26 122.66 ns, v27 122.99 ns, v27_repeat 123.30 ns, node 8.37 ns
class_owners_2: v26 122.95 ns, v27 122.97 ns, v27_repeat 123.29 ns, node 8.34 ns
class_owners_5: v26 122.93 ns, v27 123.01 ns, v27_repeat 123.08 ns, node 8.18 ns
class_owners_19: v26 122.93 ns, v27 123.07 ns, v27_repeat 123.04 ns, node 8.18 ns
class_owners_257: v26 123.24 ns, v27 123.45 ns, v27_repeat 123.31 ns, node 8.48 ns
