Round 1/5: v26; 10 checksums match
Round 1/5: v27; 10 checksums match
Round 1/5: v27_repeat; 10 checksums match
Round 1/5: node; 10 checksums match
Round 2/5: v27; 10 checksums match
Round 2/5: v27_repeat; 10 checksums match
Round 2/5: node; 10 checksums match
Round 2/5: v26; 10 checksums match
Round 3/5: v27_repeat; 10 checksums match
Round 3/5: node; 10 checksums match
Round 3/5: v26; 10 checksums match
Round 3/5: v27; 10 checksums match
Round 4/5: node; 10 checksums match
Round 4/5: v26; 10 checksums match
Round 4/5: v27; 10 checksums match
Round 4/5: v27_repeat; 10 checksums match
Round 5/5: v26; 10 checksums match
Round 5/5: v27; 10 checksums match
Round 5/5: v27_repeat; 10 checksums match
Round 5/5: node; 10 checksums match
table_owners_1: v26 122.77 ns, v27 122.53 ns, v27_repeat 122.45 ns, node 8.89 ns
table_owners_2: v26 122.72 ns, v27 122.69 ns, v27_repeat 122.72 ns, node 8.77 ns
table_owners_5: v26 123.08 ns, v27 122.68 ns, v27_repeat 122.65 ns, node 8.35 ns
table_owners_19: v26 122.58 ns, v27 122.79 ns, v27_repeat 122.76 ns, node 8.35 ns
table_owners_257: v26 122.56 ns, v27 122.97 ns, v27_repeat 123.10 ns, node 11.68 ns
class_owners_1: v26 122.92 ns, v27 123.07 ns, v27_repeat 123.06 ns, node 8.36 ns
class_owners_2: v26 122.72 ns, v27 123.06 ns, v27_repeat 122.98 ns, node 8.34 ns
class_owners_5: v26 122.62 ns, v27 123.08 ns, v27_repeat 123.07 ns, node 8.21 ns
class_owners_19: v26 122.67 ns, v27 123.05 ns, v27_repeat 123.04 ns, node 8.16 ns
class_owners_257: v26 122.90 ns, v27 123.45 ns, v27_repeat 123.36 ns, node 8.44 ns
