[Thread debugging using libthread_db enabled]
Using host libthread_db library "/lib/aarch64-linux-gnu/libthread_db.so.1".
BENCH	filter	1003	1.123629113	9.7192738022173746
BENCH	channels_4	1003	1.088733799	19.265943405250148
BENCH	pressure_8	1003	1.312063809	30.326879825563445
BENCH	integration	1003	0.739780658	8.4074635834385916
BENCH	retained_input	1003	0.993020937	1994.7542912992169
BENCH	branching	1003	1.401794616	1.5416555783476631
BENCH	helper_control	1003	1.754735793	3.1454861003119747
[Inferior 1 (process 653256) exited normally]
[Thread debugging using libthread_db enabled]
Using host libthread_db library "/lib/aarch64-linux-gnu/libthread_db.so.1".
BENCH	direct_call	20060	0.116750	310943
BENCH	branch_call	20060	0.109073	965890
BENCH	float_call	20060	0.072582	6.4409448818897639
BENCH	numeric_loop	20060	0.022632	309396979
BENCH	vector	1003	0.385842	0.029401438368664899
BENCH	dynamic_member	1003	0.736790	351634
BENCH	dynamic_key_get_set	1003	0.184447	9864523
BENCH	object_member_write_fallback	1003	0.488534	975549
BENCH	array_append	1003	0.086740	513287
BENCH	array_write	1003	0.038883	348036
BENCH	array_read	20060	0.007228	50150
BENCH	array_float	20060	0.006929	40120
BENCH	math_intrinsic	1003	0.205384	15070.888124440078
BENCH	math_variable	1003	0.224327	1898.5082300017814
BENCH	matrix	1003	0.697906	-0.23190831387140035
[Inferior 1 (process 653276) exited normally]
FORWARD_CAPTURED 10 attempts; 10 installed loop mappings matched exact postpass bytes
