[Thread debugging using libthread_db enabled]
Using host libthread_db library "/lib/aarch64-linux-gnu/libthread_db.so.1".
[sqjit] hot proto 'main' reached JIT threshold
[sqjit] reject proto 'main' ip -1: unsupported function shape or instruction limit
[sqjit] proto 'main' is not native eligible
[sqjit] hot proto 'main' reached JIT threshold
[sqjit] reject proto 'main' ip -1: unsupported function shape or instruction limit
[sqjit] proto 'main' is not native eligible
[sqjit] hot proto '<anonymous>' reached JIT threshold
[sqjit:a64] direct closure miss proto '<anonymous>' ip 3 callee 'event_records'
[sqjit:a64]   callee ip 0 op 33 args=3,0,0,1
[sqjit:a64]   callee ip 1 op 33 args=4,4,0,1
[sqjit:a64]   callee ip 2 op 34 args=4,0,1,255
[sqjit:a64]   callee ip 3 op 34 args=4,1,1,255
[sqjit:a64]   callee ip 4 op 34 args=4,2,1,255
[sqjit:a64]   callee ip 5 op 34 args=4,3,1,255
[sqjit:a64]   callee ip 6 op 2 args=5,0,0,0
[sqjit:a64]   callee ip 7 op 2 args=6,97,0,0
[sqjit] reject proto '<anonymous>' ip 3: deferred CALL direct closure
[sqjit] proto '<anonymous>' is not native eligible
[sqjit] hot proto 'event_records' reached JIT threshold
[sqjit] reject proto 'event_records' ip 12: unsupported CALL class
[sqjit] proto 'event_records' is not native eligible
[sqjit] hot loop in proto 'event_records' reached JIT threshold at ip 8
[sqjit] reject proto 'event_records' ip 9: unsupported loop branch shape
[sqjit] loop in proto 'event_records' at ip 8 is not native eligible
[sqjit] hot loop in proto 'event_records' reached JIT threshold at ip 24
[sqjit] reject proto 'event_records' ip 30: unsupported loop opcode _OP_NEWSLOT
[sqjit] loop in proto 'event_records' at ip 24 is not native eligible
[sqjit] hot loop in proto 'event_records' reached JIT threshold at ip 36
[sqjit] reject proto 'event_records' ip 37: unsupported loop opcode _OP_NEWSLOT
[sqjit] loop in proto 'event_records' at ip 36 is not native eligible
[sqjit] hot loop in proto 'event_records' reached JIT threshold at ip 47
[sqjit] reject proto 'event_records' ip 56: unsupported loop branch shape
[sqjit] loop in proto 'event_records' at ip 47 is not native eligible
[sqjit] hot proto 'table_apply' reached JIT threshold
[sqjit] compiled native proto 'table_apply'
[sqjit] precise side-exit entry 'table_apply'
[sqjit] executed native proto 'table_apply'
[sqjit] hot loop in proto 'main' reached JIT threshold at ip 122
[sqjit] reject proto 'main' ip 126: unsupported loop branch shape
[sqjit] loop in proto 'main' at ip 122 is not native eligible
[sqjit] hot proto '<anonymous>' reached JIT threshold
[sqjit:a64] direct closure miss proto '<anonymous>' ip 3 callee 'event_records'
[sqjit:a64]   callee ip 0 op 33 args=3,0,0,1
[sqjit:a64]   callee ip 1 op 33 args=4,4,0,1
[sqjit:a64]   callee ip 2 op 34 args=4,0,1,255
[sqjit:a64]   callee ip 3 op 34 args=4,1,1,255
[sqjit:a64]   callee ip 4 op 34 args=4,2,1,255
[sqjit:a64]   callee ip 5 op 34 args=4,3,1,255
[sqjit:a64]   callee ip 6 op 2 args=5,0,0,0
[sqjit:a64]   callee ip 7 op 2 args=6,97,0,0
[sqjit] reject proto '<anonymous>' ip 3: unsupported CALL direct closure
[sqjit] proto '<anonymous>' is not native eligible
BENCH	table_events_97	1003	3.241276171	140378
[sqjit] hot proto '<anonymous>' reached JIT threshold
[sqjit:a64] direct closure miss proto '<anonymous>' ip 3 callee 'event_records'
[sqjit:a64]   callee ip 0 op 33 args=3,0,0,1
[sqjit:a64]   callee ip 1 op 33 args=4,4,0,1
[sqjit:a64]   callee ip 2 op 34 args=4,0,1,255
[sqjit:a64]   callee ip 3 op 34 args=4,1,1,255
[sqjit:a64]   callee ip 4 op 34 args=4,2,1,255
[sqjit:a64]   callee ip 5 op 34 args=4,3,1,255
[sqjit:a64]   callee ip 6 op 2 args=5,0,0,0
[sqjit:a64]   callee ip 7 op 2 args=6,97,0,0
[sqjit] reject proto '<anonymous>' ip 3: unsupported CALL direct closure
[sqjit] proto '<anonymous>' is not native eligible
[sqjit] hot proto 'apply' reached JIT threshold
[sqjit] compiled native proto 'apply'
[sqjit] precise side-exit entry 'apply'
[sqjit] executed native proto 'apply'
BENCH	class_events_97	1003	2.100697906	140378
[sqjit] hot proto '<anonymous>' reached JIT threshold
[sqjit:a64] direct closure miss proto '<anonymous>' ip 3 callee 'buffers'
[sqjit:a64]   callee ip 0 op 8 args=3,0,0,4
[sqjit:a64]   callee ip 1 op 33 args=5,3,0,0
[sqjit:a64]   callee ip 2 op 4 args=6,1,7,2
[sqjit:a64]   callee ip 3 op 7 args=7,7,0,8
[sqjit:a64]   callee ip 4 op 10 args=9,2,0,0
[sqjit:a64]   callee ip 5 op 2 args=10,1,0,0
[sqjit:a64]   callee ip 6 op 6 args=7,7,8,3
[sqjit:a64]   callee ip 7 op 11 args=255,5,6,7
[sqjit] reject proto '<anonymous>' ip 3: deferred CALL direct closure
[sqjit] proto '<anonymous>' is not native eligible
[sqjit] hot proto 'buffers' reached JIT threshold
[sqjit] reject proto 'buffers' ip 3: unsupported PREPCALL member
[sqjit] proto 'buffers' is not native eligible
[sqjit] hot proto 'rotate_buffers' reached JIT threshold
[sqjit] reject proto 'rotate_buffers' ip 26: unsupported CALL array len
[sqjit] proto 'rotate_buffers' is not native eligible
[sqjit] hot loop in proto 'rotate_buffers' reached JIT threshold at ip 2
[sqjit] reject proto 'rotate_buffers' ip 14: unsupported loop branch shape
[sqjit] loop in proto 'rotate_buffers' at ip 2 is not native eligible
[sqjit] hot proto '<anonymous>' reached JIT threshold
[sqjit:a64] direct closure miss proto '<anonymous>' ip 3 callee 'buffers'
[sqjit:a64]   callee ip 0 op 8 args=3,0,0,4
[sqjit:a64]   callee ip 1 op 33 args=5,3,0,0
[sqjit:a64]   callee ip 2 op 4 args=6,1,7,2
[sqjit:a64]   callee ip 3 op 7 args=7,7,0,8
[sqjit:a64]   callee ip 4 op 10 args=9,2,0,0
[sqjit:a64]   callee ip 5 op 2 args=10,1,0,0
[sqjit:a64]   callee ip 6 op 6 args=7,7,8,3
[sqjit:a64]   callee ip 7 op 11 args=255,5,6,7
[sqjit] reject proto '<anonymous>' ip 3: unsupported CALL direct closure
[sqjit] proto '<anonymous>' is not native eligible
BENCH	buffers_7	1003	1.540378863	944693
[sqjit] hot proto '<anonymous>' reached JIT threshold
[sqjit:a64] direct closure miss proto '<anonymous>' ip 3 callee 'buffers'
[sqjit:a64]   callee ip 0 op 8 args=3,0,0,4
[sqjit:a64]   callee ip 1 op 33 args=5,3,0,0
[sqjit:a64]   callee ip 2 op 4 args=6,1,7,2
[sqjit:a64]   callee ip 3 op 7 args=7,7,0,8
[sqjit:a64]   callee ip 4 op 10 args=9,2,0,0
[sqjit:a64]   callee ip 5 op 2 args=10,1,0,0
[sqjit:a64]   callee ip 6 op 6 args=7,7,8,3
[sqjit:a64]   callee ip 7 op 11 args=255,5,6,7
[sqjit] reject proto '<anonymous>' ip 3: unsupported CALL direct closure
[sqjit] proto '<anonymous>' is not native eligible
BENCH	buffers_31	1003	1.515453639	861874
[sqjit] hot proto '<anonymous>' reached JIT threshold
[sqjit:a64] PREPCALLK miss detail proto '<anonymous>' ip 1 key 'array' receiver=5 kind=5 stackreg=0 stacktype=167772192 constructed=(nil)
[sqjit] reject proto '<anonymous>' ip 1: unsupported PREPCALLK member
[sqjit] proto '<anonymous>' is not native eligible
[sqjit] hot proto 'calibrate' reached JIT threshold
[sqjit] compiled native proto 'calibrate'
[sqjit] executed native proto 'calibrate'
BENCH	calibrate_17	1003	0.359920239	5140.09375
[sqjit] hot proto '<anonymous>' reached JIT threshold
[sqjit:a64] PREPCALLK miss detail proto '<anonymous>' ip 1 key 'array' receiver=5 kind=5 stackreg=0 stacktype=167772192 constructed=(nil)
[sqjit] reject proto '<anonymous>' ip 1: unsupported PREPCALLK member
[sqjit] proto '<anonymous>' is not native eligible
BENCH	calibrate_67	1003	0.378863410	5049
[Inferior 1 (process 659859) exited normally]
[Thread debugging using libthread_db enabled]
Using host libthread_db library "/lib/aarch64-linux-gnu/libthread_db.so.1".
[sqjit] hot proto 'main' reached JIT threshold
[sqjit] reject proto 'main' ip -1: unsupported function shape or instruction limit
[sqjit] proto 'main' is not native eligible
[sqjit] hot proto 'main' reached JIT threshold
[sqjit] reject proto 'main' ip -1: unsupported function shape or instruction limit
[sqjit] proto 'main' is not native eligible
[sqjit] hot proto 'members' reached JIT threshold
[sqjit:a64] direct closure miss proto 'members' ip 117 callee 'publish'
[sqjit:a64]   callee ip 0 op 1 args=6,0,0,0
[sqjit:a64]   callee ip 1 op 13 args=255,1,6,2
[sqjit:a64]   callee ip 2 op 1 args=6,1,0,0
[sqjit:a64]   callee ip 3 op 13 args=255,1,6,3
[sqjit:a64]   callee ip 4 op 1 args=6,2,0,0
[sqjit:a64]   callee ip 5 op 13 args=255,1,6,5
[sqjit:a64]   callee ip 6 op 9 args=6,0,1,0
[sqjit:a64]   callee ip 7 op 14 args=6,6,4,0
[sqjit] reject proto 'members' ip 117: deferred CALL direct closure
[sqjit] proto 'members' is not native eligible
[sqjit] hot loop in proto 'members' reached JIT threshold at ip 10
[sqjit] reject proto 'members' ip 14: unsupported loop branch shape
[sqjit] loop in proto 'members' at ip 10 is not native eligible
[sqjit] hot loop in proto 'members' reached JIT threshold at ip 14
[sqjit] reject proto 'members' ip 15: unsupported loop array append PREPCALLK
[sqjit] loop in proto 'members' at ip 14 is not native eligible
[sqjit] hot loop in proto 'members' reached JIT threshold at ip 30
[sqjit] reject proto 'members' ip 34: unsupported loop branch shape
[sqjit] loop in proto 'members' at ip 30 is not native eligible
[sqjit] hot loop in proto 'members' reached JIT threshold at ip 100
[sqjit] reject proto 'members' ip 105: unsupported loop branch shape
[sqjit] loop in proto 'members' at ip 100 is not native eligible
[sqjit] hot proto 'transfer' reached JIT threshold
[sqjit] compiled native proto 'transfer'
[sqjit] precise side-exit entry 'transfer'
[sqjit] executed native proto 'transfer'
[sqjit] hot loop in proto 'main' reached JIT threshold at ip 112
[sqjit] reject proto 'main' ip 118: unsupported loop branch shape
[sqjit] loop in proto 'main' at ip 112 is not native eligible
[sqjit] hot proto 'members' reached JIT threshold
[sqjit] reject proto 'members' ip 87: unsupported SET object member
[sqjit] proto 'members' is not native eligible
BENCH	transfer_table	1003	0.526420738	121851
BENCH	transfer_class	1003	0.485543370	121851
[sqjit] hot loop in proto 'members' reached JIT threshold at ip 10
[sqjit] reject proto 'members' ip 14: unsupported loop branch shape
[sqjit] loop in proto 'members' at ip 10 is not native eligible
[sqjit] hot loop in proto 'members' reached JIT threshold at ip 14
[sqjit] reject proto 'members' ip 15: unsupported loop array append PREPCALLK
[sqjit] loop in proto 'members' at ip 14 is not native eligible
[sqjit] hot loop in proto 'members' reached JIT threshold at ip 30
[sqjit] reject proto 'members' ip 34: unsupported loop branch shape
[sqjit] loop in proto 'members' at ip 30 is not native eligible
[sqjit] hot loop in proto 'members' reached JIT threshold at ip 100
[sqjit] reject proto 'members' ip 105: unsupported loop branch shape
[sqjit] loop in proto 'members' at ip 100 is not native eligible
BENCH	transfer_mixed	1003	0.495513460	121851
[sqjit] hot loop in proto 'members' reached JIT threshold at ip 10
[sqjit] reject proto 'members' ip 14: unsupported loop branch shape
[sqjit] loop in proto 'members' at ip 10 is not native eligible
[sqjit] hot loop in proto 'members' reached JIT threshold at ip 14
[sqjit] reject proto 'members' ip 15: unsupported loop array append PREPCALLK
[sqjit] loop in proto 'members' at ip 14 is not native eligible
[sqjit] hot loop in proto 'members' reached JIT threshold at ip 30
[sqjit] reject proto 'members' ip 34: unsupported loop branch shape
[sqjit] loop in proto 'members' at ip 30 is not native eligible
[sqjit] hot loop in proto 'members' reached JIT threshold at ip 100
[sqjit] reject proto 'members' ip 105: unsupported loop branch shape
[sqjit] loop in proto 'members' at ip 100 is not native eligible
[sqjit] hot proto 'publish' reached JIT threshold
[sqjit] compiled native proto 'publish'
[sqjit] precise side-exit entry 'publish'
[sqjit] executed native proto 'publish'
BENCH	publish_table	1003	0.559322034	133577
BENCH	publish_class	1003	0.567298106	133577
[sqjit] hot loop in proto 'members' reached JIT threshold at ip 10
[sqjit] reject proto 'members' ip 14: unsupported loop branch shape
[sqjit] loop in proto 'members' at ip 10 is not native eligible
[sqjit] hot loop in proto 'members' reached JIT threshold at ip 14
[sqjit] reject proto 'members' ip 15: unsupported loop array append PREPCALLK
[sqjit] loop in proto 'members' at ip 14 is not native eligible
[sqjit] hot loop in proto 'members' reached JIT threshold at ip 30
[sqjit] reject proto 'members' ip 34: unsupported loop branch shape
[sqjit] loop in proto 'members' at ip 30 is not native eligible
[sqjit] hot loop in proto 'members' reached JIT threshold at ip 100
[sqjit] reject proto 'members' ip 105: unsupported loop branch shape
[sqjit] loop in proto 'members' at ip 100 is not native eligible
BENCH	publish_mixed	1003	0.800598205	133577
[Inferior 1 (process 659877) exited normally]
[Thread debugging using libthread_db enabled]
Using host libthread_db library "/lib/aarch64-linux-gnu/libthread_db.so.1".
[sqjit] hot proto 'main' reached JIT threshold
[sqjit] reject proto 'main' ip -1: unsupported function shape or instruction limit
[sqjit] proto 'main' is not native eligible
[sqjit] hot proto 'main' reached JIT threshold
[sqjit] reject proto 'main' ip -1: unsupported function shape or instruction limit
[sqjit] proto 'main' is not native eligible
[sqjit] hot proto 'run_correctness' reached JIT threshold
[sqjit:a64] direct closure miss proto 'run_correctness' ip 3 callee 'array_read_kernel'
[sqjit:a64]   callee ip 0 op 33 args=2,4,0,1
[sqjit:a64]   callee ip 1 op 34 args=2,1,2,255
[sqjit:a64]   callee ip 2 op 34 args=2,2,2,255
[sqjit:a64]   callee ip 3 op 34 args=2,3,2,255
[sqjit:a64]   callee ip 4 op 34 args=2,4,2,255
[sqjit:a64]   callee ip 5 op 2 args=3,0,0,0
[sqjit:a64]   callee ip 6 op 2 args=4,0,0,0
[sqjit:a64]   callee ip 7 op 29 args=1,6,4,3
[sqjit] reject proto 'run_correctness' ip 3: deferred CALL direct closure
[sqjit] proto 'run_correctness' is not native eligible
[sqjit] hot proto 'array_read_kernel' reached JIT threshold
[sqjit] compiled native proto 'array_read_kernel'
[sqjit] executed native proto 'array_read_kernel'
[sqjit] hot proto 'check_eq' reached JIT threshold
[sqjit:a64] PREPCALLK miss detail proto 'check_eq' ip 2 key 'format' receiver=5 kind=5 stackreg=0 stacktype=167772192 constructed=(nil)
[sqjit] reject proto 'check_eq' ip 2: unsupported PREPCALLK member
[sqjit] proto 'check_eq' is not native eligible
[sqjit] hot proto 'array_float_kernel' reached JIT threshold
[sqjit] compiled native proto 'array_float_kernel'
[sqjit] executed native proto 'array_float_kernel'
[sqjit] hot proto 'approx' reached JIT threshold
[sqjit] proto 'approx' is not native eligible
[sqjit] hot proto 'absf' reached JIT threshold
[sqjit] compiled native proto 'absf'
[sqjit] executed native proto 'absf'
[sqjit] hot proto 'direct_call_kernel' reached JIT threshold
[sqjit:a64] direct closure miss proto 'direct_call_kernel' ip 9 callee 'scalar_step'
[sqjit:a64]   callee ip 0 op 2 args=4,33,0,0
[sqjit:a64]   callee ip 1 op 19 args=4,4,1,0
[sqjit:a64]   callee ip 2 op 2 args=5,17,0,0
[sqjit:a64]   callee ip 3 op 19 args=5,5,2,0
[sqjit:a64]   callee ip 4 op 17 args=4,5,4,0
[sqjit:a64]   callee ip 5 op 2 args=5,9,0,0
[sqjit:a64]   callee ip 6 op 19 args=5,5,3,0
[sqjit:a64]   callee ip 7 op 18 args=4,5,4,0
[sqjit] reject proto 'direct_call_kernel' ip 9: deferred CALL direct closure
[sqjit] proto 'direct_call_kernel' is not native eligible
[sqjit] hot loop in proto 'direct_call_kernel' reached JIT threshold at ip 2
[sqjit:a64] loop entry closure guards proto 'direct_call_kernel' sites=1 unique=1
[sqjit] compiled native loop in proto 'direct_call_kernel' ip 2..12
[sqjit] executed native loop in proto 'direct_call_kernel' at ip 2
[sqjit] hot proto 'branch_call_kernel' reached JIT threshold
[sqjit:a64] direct closure miss proto 'branch_call_kernel' ip 5 callee 'scalar_branch_step'
[sqjit:a64]   callee ip 0 op 2 args=3,0,0,0
[sqjit:a64]   callee ip 1 op 2 args=4,2,0,0
[sqjit:a64]   callee ip 2 op 21 args=4,4,2,0
[sqjit:a64]   callee ip 3 op 2 args=5,0,0,0
[sqjit:a64]   callee ip 4 op 15 args=4,5,4,0
[sqjit:a64]   callee ip 5 op 30 args=4,3,0,0
[sqjit:a64]   callee ip 6 op 2 args=4,17,0,0
[sqjit:a64]   callee ip 7 op 21 args=3,4,2,0
[sqjit] reject proto 'branch_call_kernel' ip 5: deferred CALL direct closure
[sqjit] proto 'branch_call_kernel' is not native eligible
[sqjit] hot loop in proto 'branch_call_kernel' reached JIT threshold at ip 2
[sqjit:a64] loop entry closure guards proto 'branch_call_kernel' sites=1 unique=1
[sqjit] compiled native loop in proto 'branch_call_kernel' ip 2..8
[sqjit] executed native loop in proto 'branch_call_kernel' at ip 2
[sqjit] hot proto 'float_call_kernel' reached JIT threshold
[sqjit:a64] direct closure miss proto 'float_call_kernel' ip 7 callee 'scalar_float_step'
[sqjit:a64]   callee ip 0 op 1 args=3,0,0,0
[sqjit:a64]   callee ip 1 op 19 args=3,3,1,0
[sqjit:a64]   callee ip 2 op 17 args=3,2,3,0
[sqjit:a64]   callee ip 3 op 23 args=1,3,3,0
[sqjit] reject proto 'float_call_kernel' ip 7: deferred CALL direct closure
[sqjit] proto 'float_call_kernel' is not native eligible
[sqjit] hot loop in proto 'float_call_kernel' reached JIT threshold at ip 2
[sqjit:a64] loop entry closure guards proto 'float_call_kernel' sites=1 unique=1
[sqjit] compiled native loop in proto 'float_call_kernel' ip 2..10
[sqjit] executed native loop in proto 'float_call_kernel' at ip 2
[sqjit] hot proto 'numeric_loop_kernel' reached JIT threshold
[sqjit] compiled native proto 'numeric_loop_kernel'
[sqjit] executed native proto 'numeric_loop_kernel'
[sqjit] hot proto 'vector_kernel' reached JIT threshold
[sqjit:a64] direct closure miss proto 'vector_kernel' ip 43 callee 'cross'
[sqjit:a64]   callee ip 0 op 8 args=2,0,0,3
[sqjit:a64]   callee ip 1 op 9 args=4,1,0,0
[sqjit:a64]   callee ip 2 op 2 args=5,1,0,0
[sqjit:a64]   callee ip 3 op 14 args=4,4,5,0
[sqjit:a64]   callee ip 4 op 9 args=5,1,1,0
[sqjit:a64]   callee ip 5 op 2 args=6,2,0,0
[sqjit:a64]   callee ip 6 op 14 args=5,5,6,0
[sqjit:a64]   callee ip 7 op 19 args=4,5,4,0
[sqjit] reject proto 'vector_kernel' ip 43: deferred CALL direct closure
[sqjit] proto 'vector_kernel' is not native eligible
[sqjit] hot loop in proto 'vector_kernel' reached JIT threshold at ip 14
[sqjit] reject proto 'vector_kernel' ip 14: unsupported loop object preload
[sqjit] loop in proto 'vector_kernel' at ip 14 is not native eligible
[sqjit] hot proto 'cross' reached JIT threshold
[sqjit] compiled native proto 'cross'
[sqjit] executed native proto 'cross'
[sqjit] hot proto '_add' reached JIT threshold
[sqjit] compiled native proto '_add'
[sqjit] executed native proto '_add' as root
[sqjit] hot proto '_mul' reached JIT threshold
[sqjit] compiled native proto '_mul'
[sqjit] executed native proto '_mul' as root
[sqjit] hot proto '_sub' reached JIT threshold
[sqjit] compiled native proto '_sub'
[sqjit] executed native proto '_sub' as root
[sqjit] release guard: tag=167804928 refs=1 journal_pins=0
[sqjit] hot proto 'get' reached JIT threshold
[sqjit] compiled native proto 'get'
[sqjit] executed native proto 'get'
[sqjit] hot proto 'set' reached JIT threshold
[sqjit] compiled native proto 'set'
[sqjit] executed native proto 'set'
[sqjit] hot proto 'dot' reached JIT threshold
[sqjit] compiled native proto 'dot'
[sqjit] executed native proto 'dot'
[sqjit] release guard: tag=167804928 refs=1 journal_pins=0
[sqjit] release guard: tag=167804928 refs=1 journal_pins=0
[sqjit] release guard: tag=167804928 refs=1 journal_pins=0
[sqjit] release guard: tag=167804928 refs=1 journal_pins=0
[sqjit] release guard: tag=167804928 refs=1 journal_pins=0
[sqjit] release guard: tag=167804928 refs=1 journal_pins=0
[sqjit] release guard: tag=167804928 refs=1 journal_pins=0
[sqjit] release guard: tag=167804928 refs=1 journal_pins=0
[sqjit] release guard: tag=167804928 refs=1 journal_pins=0
[sqjit] release guard: tag=167804928 refs=1 journal_pins=0
[sqjit] release guard: tag=167804928 refs=1 journal_pins=0
[sqjit] release guard: tag=167804928 refs=1 journal_pins=0
[sqjit] release guard: tag=167804928 refs=1 journal_pins=0
[sqjit] release guard: tag=167804928 refs=1 journal_pins=0
[sqjit] release guard: tag=167804928 refs=1 journal_pins=0
[sqjit] release guard: tag=167804928 refs=1 journal_pins=0
[sqjit] release guard: tag=167804928 refs=1 journal_pins=0
[sqjit] release guard: tag=167804928 refs=1 journal_pins=0
[sqjit] release guard: tag=167804928 refs=1 journal_pins=0
[sqjit] release guard: tag=167804928 refs=1 journal_pins=0
[sqjit] release guard: tag=167804928 refs=1 journal_pins=0
[sqjit] release guard: tag=167804928 refs=1 journal_pins=0
[sqjit] release guard: tag=167804928 refs=1 journal_pins=0
[sqjit] release guard: tag=167804928 refs=1 journal_pins=0
[sqjit] release guard: tag=167804928 refs=1 journal_pins=0
[sqjit] release guard: tag=167804928 refs=1 journal_pins=0
[sqjit] release guard: tag=167804928 refs=1 journal_pins=0
[sqjit] release guard: tag=167804928 refs=1 journal_pins=0
[sqjit] release guard: tag=167804928 refs=1 journal_pins=0
[sqjit] release guard: tag=167804928 refs=1 journal_pins=0
[sqjit] release guard: tag=167804928 refs=1 journal_pins=0
[sqjit] release guard: tag=167804928 refs=1 journal_pins=0
[sqjit] release guard: tag=167804928 refs=1 journal_pins=0
[sqjit] release guard: tag=167804928 refs=1 journal_pins=0
[sqjit] release guard: tag=167804928 refs=1 journal_pins=0
[sqjit] release guard: tag=167804928 refs=1 journal_pins=0
[sqjit] release guard: tag=167804928 refs=1 journal_pins=0
[sqjit] release guard: tag=167804928 refs=1 journal_pins=0
[sqjit] release guard: tag=167804928 refs=1 journal_pins=0
[sqjit] release guard: tag=167804928 refs=1 journal_pins=0
[sqjit] release guard: tag=167804928 refs=1 journal_pins=0
[sqjit] release guard: tag=167804928 refs=1 journal_pins=0
[sqjit] release guard: tag=167804928 refs=1 journal_pins=0
[sqjit] release guard: tag=167804928 refs=1 journal_pins=0
[sqjit] release guard: tag=167804928 refs=1 journal_pins=0
[sqjit] release guard: tag=167804928 refs=1 journal_pins=0
[sqjit] release guard: tag=167804928 refs=1 journal_pins=0
[sqjit] release guard: tag=167804928 refs=1 journal_pins=0
[sqjit] release guard: tag=167804928 refs=1 journal_pins=0
[sqjit] release guard: tag=167804928 refs=1 journal_pins=0
[sqjit] release guard: tag=167804928 refs=1 journal_pins=0
[sqjit] release guard: tag=167804928 refs=1 journal_pins=0
[sqjit] release guard: tag=167804928 refs=1 journal_pins=0
[sqjit] release guard: tag=167804928 refs=1 journal_pins=0
[sqjit] release guard: tag=167804928 refs=1 journal_pins=0
[sqjit] release guard: tag=167804928 refs=1 journal_pins=0
[sqjit] release guard: tag=167804928 refs=1 journal_pins=0
[sqjit] release guard: tag=167804928 refs=1 journal_pins=0
[sqjit] release guard: tag=167804928 refs=1 journal_pins=0
[sqjit] release guard: tag=167804928 refs=1 journal_pins=0
[sqjit] release guard: tag=167804928 refs=1 journal_pins=0
[sqjit] release guard: tag=167804928 refs=1 journal_pins=0
[sqjit] release guard: tag=167804928 refs=1 journal_pins=0
[sqjit] release guard: tag=167804928 refs=1 journal_pins=0
[sqjit] release guard: tag=167804928 refs=1 journal_pins=0
[sqjit] release guard: tag=167804928 refs=1 journal_pins=0
[sqjit] release guard: tag=167804928 refs=1 journal_pins=0
[sqjit] release guard: tag=167804928 refs=1 journal_pins=0
[sqjit] release guard: tag=167804928 refs=1 journal_pins=0
[sqjit] release guard: tag=167804928 refs=1 journal_pins=0
[sqjit] release guard: tag=167804928 refs=1 journal_pins=0
[sqjit] release guard: tag=167804928 refs=1 journal_pins=0
[sqjit] release guard: tag=167804928 refs=1 journal_pins=0
[sqjit] release guard: tag=167804928 refs=1 journal_pins=0
[sqjit] release guard: tag=167804928 refs=1 journal_pins=0
[sqjit] release guard: tag=167804928 refs=1 journal_pins=0
[sqjit] release guard: tag=167804928 refs=1 journal_pins=0
[sqjit] release guard: tag=167804928 refs=1 journal_pins=0
[sqjit] release guard: tag=167804928 refs=1 journal_pins=0
[sqjit] release guard: tag=167804928 refs=1 journal_pins=0
[sqjit] release guard: tag=167804928 refs=1 journal_pins=0
[sqjit] release guard: tag=167804928 refs=1 journal_pins=0
[sqjit] release guard: tag=167804928 refs=1 journal_pins=0
[sqjit] release guard: tag=167804928 refs=1 journal_pins=0
[sqjit] release guard: tag=167804928 refs=1 journal_pins=0
[sqjit] release guard: tag=167804928 refs=1 journal_pins=0
[sqjit] release guard: tag=167804928 refs=1 journal_pins=0
[sqjit] release guard: tag=167804928 refs=1 journal_pins=0
[sqjit] release guard: tag=167804928 refs=1 journal_pins=0
[sqjit] release guard: tag=167804928 refs=1 journal_pins=0
[sqjit] release guard: tag=167804928 refs=1 journal_pins=0
[sqjit] release guard: tag=167804928 refs=1 journal_pins=0
[sqjit] release guard: tag=167804928 refs=1 journal_pins=0
[sqjit] release guard: tag=167804928 refs=1 journal_pins=0
[sqjit] release guard: tag=167804928 refs=1 journal_pins=0
[sqjit] release guard: tag=167804928 refs=1 journal_pins=0
[sqjit] release guard: tag=167804928 refs=1 journal_pins=0
[sqjit] release guard: tag=167804928 refs=1 journal_pins=0
[sqjit] release guard: tag=167804928 refs=1 journal_pins=0
[sqjit] release guard: tag=167804928 refs=1 journal_pins=0
[sqjit] release guard: tag=167804928 refs=1 journal_pins=0
[sqjit] release guard: tag=167804928 refs=1 journal_pins=0
[sqjit] release guard: tag=167804928 refs=1 journal_pins=0
[sqjit] release guard: tag=167804928 refs=1 journal_pins=0
[sqjit] release guard: tag=167804928 refs=1 journal_pins=0
[sqjit] release guard: tag=167804928 refs=1 journal_pins=0
[sqjit] release guard: tag=167804928 refs=1 journal_pins=0
[sqjit] release guard: tag=167804928 refs=1 journal_pins=0
[sqjit] release guard: tag=167804928 refs=1 journal_pins=0
[sqjit] release guard: tag=167804928 refs=1 journal_pins=0
[sqjit] release guard: tag=167804928 refs=1 journal_pins=0
[sqjit] release guard: tag=167804928 refs=1 journal_pins=0
[sqjit] release guard: tag=167804928 refs=1 journal_pins=0
[sqjit] release guard: tag=167804928 refs=1 journal_pins=0
[sqjit] release guard: tag=167804928 refs=1 journal_pins=0
[sqjit] release guard: tag=167804928 refs=1 journal_pins=0
[sqjit] release guard: tag=167804928 refs=1 journal_pins=0
[sqjit] release guard: tag=167804928 refs=1 journal_pins=0
[sqjit] release guard: tag=167804928 refs=1 journal_pins=0
[sqjit] hot proto 'dynamic_member_kernel' reached JIT threshold
[sqjit] reject proto 'dynamic_member_kernel' ip 46: unsupported SET dynamic member
[sqjit] proto 'dynamic_member_kernel' is not native eligible
[sqjit] hot loop in proto 'dynamic_member_kernel' reached JIT threshold at ip 38
[sqjit] reject proto 'dynamic_member_kernel' ip 46: unsupported loop dynamic member SET
[sqjit] loop in proto 'dynamic_member_kernel' at ip 38 is not native eligible
[sqjit] hot proto 'swap_with' reached JIT threshold
[sqjit] compiled native proto 'swap_with'
[sqjit] precise side-exit entry 'swap_with'
[sqjit] executed native proto 'swap_with'
[sqjit] hot proto 'dynamic_key_get_set_kernel' reached JIT threshold
[sqjit] reject proto 'dynamic_key_get_set_kernel' ip 37: unsupported SET dynamic member
[sqjit] proto 'dynamic_key_get_set_kernel' is not native eligible
[sqjit] hot loop in proto 'dynamic_key_get_set_kernel' reached JIT threshold at ip 20
[sqjit] reject proto 'dynamic_key_get_set_kernel' ip 37: unsupported loop dynamic member SET
[sqjit] loop in proto 'dynamic_key_get_set_kernel' at ip 20 is not native eligible
[sqjit] hot proto 'object_member_write_fallback_kernel' reached JIT threshold
[sqjit] compiled native proto 'object_member_write_fallback_kernel'
[sqjit] hot loop in proto 'object_member_write_fallback_kernel' reached JIT threshold at ip 17
[sqjit] reject proto 'object_member_write_fallback_kernel' ip 29: unsupported loop branch shape
[sqjit] loop in proto 'object_member_write_fallback_kernel' at ip 17 is not native eligible
[sqjit] hot proto 'array_append_kernel' reached JIT threshold
[sqjit] compiled native proto 'array_append_kernel'
[sqjit] executed native proto 'array_append_kernel'
[sqjit] hot proto 'array_write_kernel' reached JIT threshold
[sqjit] compiled native proto 'array_write_kernel'
[sqjit] executed native proto 'array_write_kernel'
[sqjit] hot proto 'math_intrinsic_kernel' reached JIT threshold
[sqjit] compiled native proto 'math_intrinsic_kernel'
[sqjit] executed native proto 'math_intrinsic_kernel'
[sqjit] hot proto 'math_variable_kernel' reached JIT threshold
[sqjit] compiled native proto 'math_variable_kernel'
[sqjit] executed native proto 'math_variable_kernel'
[sqjit] hot proto 'matrix_kernel' reached JIT threshold
[sqjit] reject proto 'matrix_kernel' ip 29: unsupported float arithmetic operands
[sqjit] proto 'matrix_kernel' is not native eligible
[sqjit] hot loop in proto 'matrix_kernel' reached JIT threshold at ip 22
[sqjit] compiled native loop in proto 'matrix_kernel' ip 22..171
[sqjit] executed native loop in proto 'matrix_kernel' at ip 22
[sqjit] hot proto 'has_arg' reached JIT threshold
[sqjit] reject proto 'has_arg' ip 2: unsupported opcode _OP_FOREACH
[sqjit] proto 'has_arg' is not native eligible
[sqjit] hot proto 'parse_arg_int' reached JIT threshold
[sqjit] reject proto 'parse_arg_int' ip 2: unsupported opcode _OP_FOREACH
[sqjit] proto 'parse_arg_int' is not native eligible
[sqjit] hot proto 'bench_one' reached JIT threshold
[sqjit:a64] direct closure miss proto 'bench_one' ip 3 callee 'parse_arg_int'
[sqjit:a64]   callee ip 0 op 32 args=3,0,0,0
[sqjit:a64]   callee ip 1 op 24 args=4,3,0,0
[sqjit:a64]   callee ip 2 op 51 args=3,15,4,0
[sqjit:a64]   callee ip 3 op 52 args=3,15,4,0
[sqjit:a64]   callee ip 4 op 8 args=7,0,5,8
[sqjit:a64]   callee ip 5 op 10 args=9,1,0,0
[sqjit:a64]   callee ip 6 op 6 args=7,7,8,2
[sqjit:a64]   callee ip 7 op 2 args=8,0,0,0
[sqjit] reject proto 'bench_one' ip 3: unsupported CALL direct closure
[sqjit] proto 'bench_one' is not native eligible
[sqjit] hot loop in proto 'bench_one' reached JIT threshold at ip 6
[sqjit] reject proto 'bench_one' ip 8: unsupported loop direct CALL
[sqjit] loop in proto 'bench_one' at ip 6 is not native eligible
[sqjit] hot proto 'direct_call_kernel' reached JIT threshold
[sqjit:a64] direct closure miss proto 'direct_call_kernel' ip 9 callee 'scalar_step'
[sqjit:a64]   callee ip 0 op 2 args=4,33,0,0
[sqjit:a64]   callee ip 1 op 19 args=4,4,1,0
[sqjit:a64]   callee ip 2 op 2 args=5,17,0,0
[sqjit:a64]   callee ip 3 op 19 args=5,5,2,0
[sqjit:a64]   callee ip 4 op 17 args=4,5,4,0
[sqjit:a64]   callee ip 5 op 2 args=5,9,0,0
[sqjit:a64]   callee ip 6 op 19 args=5,5,3,0
[sqjit:a64]   callee ip 7 op 18 args=4,5,4,0
[sqjit] reject proto 'direct_call_kernel' ip 9: deferred CALL direct closure
[sqjit] proto 'direct_call_kernel' is not native eligible
[sqjit] hot proto 'direct_call_kernel' reached JIT threshold
[sqjit:a64] direct closure miss proto 'direct_call_kernel' ip 9 callee 'scalar_step'
[sqjit:a64]   callee ip 0 op 2 args=4,33,0,0
[sqjit:a64]   callee ip 1 op 19 args=4,4,1,0
[sqjit:a64]   callee ip 2 op 2 args=5,17,0,0
[sqjit:a64]   callee ip 3 op 19 args=5,5,2,0
[sqjit:a64]   callee ip 4 op 17 args=4,5,4,0
[sqjit:a64]   callee ip 5 op 2 args=5,9,0,0
[sqjit:a64]   callee ip 6 op 19 args=5,5,3,0
[sqjit:a64]   callee ip 7 op 18 args=4,5,4,0
[sqjit] reject proto 'direct_call_kernel' ip 9: deferred CALL direct closure
[sqjit] proto 'direct_call_kernel' is not native eligible
BENCH	direct_call	20060	0.183400	310943
[sqjit] hot proto 'branch_call_kernel' reached JIT threshold
[sqjit:a64] direct closure miss proto 'branch_call_kernel' ip 5 callee 'scalar_branch_step'
[sqjit:a64]   callee ip 0 op 2 args=3,0,0,0
[sqjit:a64]   callee ip 1 op 2 args=4,2,0,0
[sqjit:a64]   callee ip 2 op 21 args=4,4,2,0
[sqjit:a64]   callee ip 3 op 2 args=5,0,0,0
[sqjit:a64]   callee ip 4 op 15 args=4,5,4,0
[sqjit:a64]   callee ip 5 op 30 args=4,3,0,0
[sqjit:a64]   callee ip 6 op 2 args=4,17,0,0
[sqjit:a64]   callee ip 7 op 21 args=3,4,2,0
[sqjit] reject proto 'branch_call_kernel' ip 5: deferred CALL direct closure
[sqjit] proto 'branch_call_kernel' is not native eligible
[sqjit] hot proto 'branch_call_kernel' reached JIT threshold
[sqjit:a64] direct closure miss proto 'branch_call_kernel' ip 5 callee 'scalar_branch_step'
[sqjit:a64]   callee ip 0 op 2 args=3,0,0,0
[sqjit:a64]   callee ip 1 op 2 args=4,2,0,0
[sqjit:a64]   callee ip 2 op 21 args=4,4,2,0
[sqjit:a64]   callee ip 3 op 2 args=5,0,0,0
[sqjit:a64]   callee ip 4 op 15 args=4,5,4,0
[sqjit:a64]   callee ip 5 op 30 args=4,3,0,0
[sqjit:a64]   callee ip 6 op 2 args=4,17,0,0
[sqjit:a64]   callee ip 7 op 21 args=3,4,2,0
[sqjit] reject proto 'branch_call_kernel' ip 5: deferred CALL direct closure
[sqjit] proto 'branch_call_kernel' is not native eligible
BENCH	branch_call	20060	0.197009	965890
[sqjit] hot proto 'float_call_kernel' reached JIT threshold
[sqjit:a64] direct closure miss proto 'float_call_kernel' ip 7 callee 'scalar_float_step'
[sqjit:a64]   callee ip 0 op 1 args=3,0,0,0
[sqjit:a64]   callee ip 1 op 19 args=3,3,1,0
[sqjit:a64]   callee ip 2 op 17 args=3,2,3,0
[sqjit:a64]   callee ip 3 op 23 args=1,3,3,0
[sqjit] reject proto 'float_call_kernel' ip 7: deferred CALL direct closure
[sqjit] proto 'float_call_kernel' is not native eligible
[sqjit] hot proto 'float_call_kernel' reached JIT threshold
[sqjit:a64] direct closure miss proto 'float_call_kernel' ip 7 callee 'scalar_float_step'
[sqjit:a64]   callee ip 0 op 1 args=3,0,0,0
[sqjit:a64]   callee ip 1 op 19 args=3,3,1,0
[sqjit:a64]   callee ip 2 op 17 args=3,2,3,0
[sqjit:a64]   callee ip 3 op 23 args=1,3,3,0
[sqjit] reject proto 'float_call_kernel' ip 7: deferred CALL direct closure
[sqjit] proto 'float_call_kernel' is not native eligible
BENCH	float_call	20060	0.132403	6.4409448818897639
BENCH	numeric_loop	20060	0.028215	309396979
[sqjit] hot proto 'vector_kernel' reached JIT threshold
[sqjit] compiled native proto 'vector_kernel'
[sqjit] scalarized 'vector_kernel': 26 allocation sites, 27 calls, 396 scalar instructions
[sqjit] executed native proto 'vector_kernel'
BENCH	vector	1003	0.462612	0.029401438368664899
BENCH	dynamic_member	1003	0.900299	351634
BENCH	dynamic_key_get_set	1003	0.226321	9864523
BENCH	object_member_write_fallback	1003	0.609172	975549
BENCH	array_append	1003	0.110668	513287
BENCH	array_write	1003	0.046859	348036
BENCH	array_read	20060	0.009322	50150
BENCH	array_float	20060	0.008425	40120
BENCH	math_intrinsic	1003	0.263210	15070.888124440078
BENCH	math_variable	1003	0.283151	1898.5082300017814
BENCH	matrix	1003	0.399801	-0.23190831387140035
[Inferior 1 (process 659878) exited normally]
COVERAGE_GAPS_CAPTURED ['event_records', 'rotate_buffers', 'members', 'object_member_write_fallback_kernel'] 26
