-- The C compiler identification is GNU 13.3.0
-- The CXX compiler identification is GNU 13.3.0
-- Detecting C compiler ABI info
-- Detecting C compiler ABI info - done
-- Check for working C compiler: /usr/bin/cc - skipped
-- Detecting C compile features
-- Detecting C compile features - done
-- Detecting CXX compiler ABI info
-- Detecting CXX compiler ABI info - done
-- Check for working CXX compiler: /usr/bin/c++ - skipped
-- Detecting CXX compile features
-- Detecting CXX compile features - done
-- SQGI: experimental Squirrel bytecode JIT enabled
-- SQGI: native Squirrel JIT backend enabled for aarch64
-- Found PkgConfig: /usr/bin/pkg-config (found version "1.8.1") 
-- Performing Test CMAKE_HAVE_LIBC_PTHREAD
-- Performing Test CMAKE_HAVE_LIBC_PTHREAD - Success
-- Found Threads: TRUE  
-- Checking for module 'glib-2.0'
--   Found glib-2.0, version 2.80.0
-- Checking for module 'gobject-2.0'
--   Found gobject-2.0, version 2.80.0
-- Checking for module 'gio-2.0'
--   Found gio-2.0, version 2.80.0
-- Checking for module 'gobject-introspection-1.0'
--   Found gobject-introspection-1.0, version 1.80.1
-- Checking for module 'libffi'
--   Found libffi, version 3.4.6
-- Checking for module 'cairo'
--   Found cairo, version 1.18.0
-- Configuring done (2.5s)
-- Generating done (0.1s)
-- Build files have been written to: /tmp/sqgi-profile-20260909/baseline
