Internal ctest changing into directory: /tmp/sqgi-profile-20260909/baseline
Test project /tmp/sqgi-profile-20260909/baseline
      Start  1: sqgi_test_glib
      Start  2: sqgi_test_gobject
      Start  3: sqgi_test_signals
      Start  4: sqgi_test_import_nut
 1/99 Test  #1: sqgi_test_glib ................................   Passed    0.04 sec
      Start  5: sqgi_test_async
 2/99 Test  #4: sqgi_test_import_nut ..........................   Passed    0.04 sec
      Start  6: sqgi_test_async_jsstyle
 3/99 Test  #2: sqgi_test_gobject .............................   Passed    0.07 sec
      Start  7: sqgi_test_async_reentrancy
 4/99 Test  #3: sqgi_test_signals .............................   Passed    0.07 sec
      Start  8: sqgi_test_async_stack_balance
 5/99 Test  #8: sqgi_test_async_stack_balance .................   Passed    0.07 sec
      Start  9: sqgi_test_callback_async_lifetime
 6/99 Test  #6: sqgi_test_async_jsstyle .......................   Passed    0.11 sec
      Start 10: sqgi_test_numeric_arrays
 7/99 Test  #9: sqgi_test_callback_async_lifetime .............   Passed    0.04 sec
      Start 11: sqgi_test_newthread
 8/99 Test #10: sqgi_test_numeric_arrays ......................   Passed    0.03 sec
      Start 12: sqgi_test_vget_download
 9/99 Test #11: sqgi_test_newthread ...........................   Passed    0.06 sec
      Start 13: sqgi_test_application
10/99 Test #13: sqgi_test_application .........................   Passed    0.07 sec
      Start 14: sqgi_test_application_run_regression
11/99 Test #14: sqgi_test_application_run_regression ..........   Passed    0.07 sec
      Start 15: sqgi_test_application_command_line
12/99 Test  #7: sqgi_test_async_reentrancy ....................   Passed    0.39 sec
      Start 16: sqgi_test_emit
13/99 Test #15: sqgi_test_application_command_line ............   Passed    0.07 sec
      Start 17: sqgi_test_marshal_argcount
14/99 Test #16: sqgi_test_emit ................................   Passed    0.05 sec
      Start 18: sqgi_test_gvalue
15/99 Test #17: sqgi_test_marshal_argcount ....................   Passed    0.06 sec
      Start 19: sqgi_test_gvariant
16/99 Test #19: sqgi_test_gvariant ............................   Passed    0.04 sec
      Start 20: sqgi_test_unhandled_rejection
17/99 Test #18: sqgi_test_gvalue ..............................   Passed    0.06 sec
      Start 21: sqgi_test_task_cancel
18/99 Test  #5: sqgi_test_async ...............................   Passed    0.60 sec
      Start 22: sqgi_test_new_object
19/99 Test #22: sqgi_test_new_object ..........................   Passed    0.06 sec
      Start 23: sqgi_test_promise_combinators
20/99 Test #20: sqgi_test_unhandled_rejection .................   Passed    0.17 sec
      Start 24: sqgi_test_stack_balance
21/99 Test #24: sqgi_test_stack_balance .......................   Passed    0.07 sec
      Start 25: sqgi_test_gerror
22/99 Test #23: sqgi_test_promise_combinators .................   Passed    0.13 sec
      Start 26: sqgi_test_gio_async
23/99 Test #25: sqgi_test_gerror ..............................   Passed    0.05 sec
      Start 27: sqgi_test_subclass
24/99 Test #26: sqgi_test_gio_async ...........................   Passed    0.07 sec
      Start 28: sqgi_test_marshal_fuzz
25/99 Test #27: sqgi_test_subclass ............................   Passed    0.08 sec
      Start 29: sqgi_test_soak
26/99 Test #28: sqgi_test_marshal_fuzz ........................   Passed    0.09 sec
      Start 30: sqgi_test_json
27/99 Test #29: sqgi_test_soak ................................   Passed    0.06 sec
      Start 31: sqgi_test_json_instance_cycles
28/99 Test #30: sqgi_test_json ................................   Passed    0.02 sec
      Start 32: sqgi_test_json_fuzz
29/99 Test #31: sqgi_test_json_instance_cycles ................   Passed    0.01 sec
      Start 33: sqgi_test_gvariant_classes
30/99 Test #33: sqgi_test_gvariant_classes ....................   Passed    0.02 sec
      Start 34: sqgi_test_subclass_errors
31/99 Test #34: sqgi_test_subclass_errors .....................   Passed    0.04 sec
      Start 35: sqgi_test_signals_extended
32/99 Test #21: sqgi_test_task_cancel .........................   Passed    0.54 sec
      Start 36: sqgi_test_signal_async_connect
33/99 Test #32: sqgi_test_json_fuzz ...........................   Passed    0.14 sec
      Start 37: sqgi_test_edge_cases
34/99 Test #35: sqgi_test_signals_extended ....................   Passed    0.06 sec
      Start 38: sqgi_test_coverage_extras
35/99 Test #36: sqgi_test_signal_async_connect ................   Passed    0.07 sec
      Start 39: sqgi_test_gvalue_types
36/99 Test #38: sqgi_test_coverage_extras .....................   Passed    0.04 sec
      Start 40: sqgi_test_subclass_vfuncs
37/99 Test #37: sqgi_test_edge_cases ..........................   Passed    0.07 sec
      Start 41: sqgi_test_gi_multi_out
38/99 Test #40: sqgi_test_subclass_vfuncs .....................   Passed    0.07 sec
      Start 42: sqgi_test_bytes_converters
39/99 Test #41: sqgi_test_gi_multi_out ........................   Passed    0.07 sec
      Start 43: sqgi_test_cairo
40/99 Test #42: sqgi_test_bytes_converters ....................   Passed    0.07 sec
      Start 44: sqgi_test_boxed_record_constructor
41/99 Test #43: sqgi_test_cairo ...............................   Passed    0.04 sec
      Start 45: sqgi_test_math_extended
42/99 Test #45: sqgi_test_math_extended .......................   Passed    0.03 sec
      Start 46: sqgi_test_system_module
43/99 Test #46: sqgi_test_system_module .......................   Passed    0.02 sec
      Start 47: sqgi_test_jit_math
44/99 Test #44: sqgi_test_boxed_record_constructor ............   Passed    0.07 sec
      Start 48: sqgi_test_jit_loop_regressions
45/99 Test #48: sqgi_test_jit_loop_regressions ................   Passed    0.04 sec
      Start 49: sqgi_test_jit_leaf_loop_native
46/99 Test #39: sqgi_test_gvalue_types ........................   Passed    0.26 sec
      Start 50: sqgi_test_jit_math_runtime
47/99 Test #49: sqgi_test_jit_leaf_loop_native ................   Passed    0.03 sec
      Start 51: sqgi_test_jit_fastpath
48/99 Test #51: sqgi_test_jit_fastpath ........................   Passed    0.04 sec
      Start 52: sqgi_test_jit_fastpath_runtime
49/99 Test #52: sqgi_test_jit_fastpath_runtime ................   Passed    0.03 sec
      Start 53: sqgi_test_jit_correctness
50/99 Test #53: sqgi_test_jit_correctness .....................   Passed    0.04 sec
      Start 54: sqgi_test_jit_correctness_runtime
51/99 Test #54: sqgi_test_jit_correctness_runtime .............   Passed    0.03 sec
      Start 55: sqgi_test_jit_perf_correctness
52/99 Test #55: sqgi_test_jit_perf_correctness ................   Passed    0.03 sec
      Start 56: sqgi_test_jit_perf_correctness_runtime
53/99 Test #56: sqgi_test_jit_perf_correctness_runtime ........   Passed    0.04 sec
      Start 57: sqgi_test_jit_native_runtime
54/99 Test #57: sqgi_test_jit_native_runtime ..................   Passed    0.03 sec
      Start 58: sqgi_test_cli_nonexistent_file
55/99 Test #58: sqgi_test_cli_nonexistent_file ................   Passed    0.03 sec
      Start 59: sqgi_test_cli_dash_e_syntax_error
56/99 Test #59: sqgi_test_cli_dash_e_syntax_error .............   Passed    0.03 sec
      Start 60: sqgi_test_cli_gerror_report
57/99 Test #60: sqgi_test_cli_gerror_report ...................   Passed    0.04 sec
      Start 61: sqgi_test_shebang
58/99 Test #47: sqgi_test_jit_math ............................   Passed    0.49 sec
      Start 62: sqgi_test_cpp_sqgicheck
59/99 Test #61: sqgi_test_shebang .............................   Passed    0.06 sec
      Start 63: sqgi_test_sqgicheck_cli
60/99 Test #50: sqgi_test_jit_math_runtime ....................   Passed    0.51 sec
      Start 64: sqgi_test_sqgicheck_corpus
61/99 Test #62: sqgi_test_cpp_sqgicheck .......................   Passed    0.17 sec
      Start 66: sqgi_test_c_signal_crossthread
62/99 Test #66: sqgi_test_c_signal_crossthread ................   Passed    0.06 sec
      Start 67: sqgi_test_c_signal_crossthread_sync
63/99 Test #67: sqgi_test_c_signal_crossthread_sync ...........   Passed    0.04 sec
      Start 68: sqgi_test_c_signal_vm_closing
64/99 Test #68: sqgi_test_c_signal_vm_closing .................   Passed    0.10 sec
      Start 69: sqgi_test_c_gvalue_branches
65/99 Test #69: sqgi_test_c_gvalue_branches ...................   Passed    0.01 sec
      Start 70: sqgi_test_c_gi_call_plan
66/99 Test #70: sqgi_test_c_gi_call_plan ......................   Passed    0.07 sec
      Start 71: sqgi_test_c_list_ownership
67/99 Test #71: sqgi_test_c_list_ownership ....................   Passed    0.05 sec
      Start 72: sqgi_test_c_squirrel_core_hardening
68/99 Test #72: sqgi_test_c_squirrel_core_hardening ...........   Passed    0.01 sec
      Start 73: sqgi_test_c_numeric64
69/99 Test #73: sqgi_test_c_numeric64 .........................   Passed    0.04 sec
      Start 74: sqgi_test_cpp_sqvm_hotpaths
70/99 Test #74: sqgi_test_cpp_sqvm_hotpaths ...................   Passed    0.03 sec
      Start 75: sqgi_test_c_numeric64_runtime
71/99 Test #75: sqgi_test_c_numeric64_runtime .................   Passed    0.03 sec
      Start 76: sqgi_test_cpp_sqvector
72/99 Test #76: sqgi_test_cpp_sqvector ........................   Passed    0.01 sec
      Start 77: sqgi_test_cpp_sqbytecode
73/99 Test #77: sqgi_test_cpp_sqbytecode ......................   Passed    0.02 sec
      Start 78: sqgi_test_cpp_sqoptimizer
74/99 Test #78: sqgi_test_cpp_sqoptimizer .....................   Passed    0.03 sec
      Start 79: sqgi_test_cpp_sqmembercache
75/99 Test #64: sqgi_test_sqgicheck_corpus ....................   Passed    0.59 sec
      Start 80: sqgi_test_c_vm_lifecycle
76/99 Test #79: sqgi_test_cpp_sqmembercache ...................   Passed    0.03 sec
      Start 81: sqgi_test_c_vm_lifecycle_pending
77/99 Test #12: sqgi_test_vget_download .......................***Failed    2.42 sec

(process:19): dconf-CRITICAL **: 18:45:31.635: unable to create file '/run/user/1000/dconf/user': Read-only file system.  dconf will not work properly.

(process:19): dconf-CRITICAL **: 18:45:31.636: unable to create file '/run/user/1000/dconf/user': Read-only file system.  dconf will not work properly.

(process:19): dconf-CRITICAL **: 18:45:31.636: unable to create file '/run/user/1000/dconf/user': Read-only file system.  dconf will not work properly.

(process:19): dconf-CRITICAL **: 18:45:31.636: unable to create file '/run/user/1000/dconf/user': Read-only file system.  dconf will not work properly.

(process:19): dconf-CRITICAL **: 18:45:31.636: unable to create file '/run/user/1000/dconf/user': Read-only file system.  dconf will not work properly.

(process:19): dconf-CRITICAL **: 18:45:31.636: unable to create file '/run/user/1000/dconf/user': Read-only file system.  dconf will not work properly.

(process:19): dconf-CRITICAL **: 18:45:31.636: unable to create file '/run/user/1000/dconf/user': Read-only file system.  dconf will not work properly.

(process:19): dconf-CRITICAL **: 18:45:31.636: unable to create file '/run/user/1000/dconf/user': Read-only file system.  dconf will not work properly.

(process:19): dconf-CRITICAL **: 18:45:31.637: unable to create file '/run/user/1000/dconf/user': Read-only file system.  dconf will not work properly.

(process:19): dconf-CRITICAL **: 18:45:31.637: unable to create file '/run/user/1000/dconf/user': Read-only file system.  dconf will not work properly.

(process:19): dconf-CRITICAL **: 18:45:31.637: unable to create file '/run/user/1000/dconf/user': Read-only file system.  dconf will not work properly.

(process:19): dconf-CRITICAL **: 18:45:31.637: unable to create file '/run/user/1000/dconf/user': Read-only file system.  dconf will not work properly.

(process:19): dconf-CRITICAL **: 18:45:31.637: unable to create file '/run/user/1000/dconf/user': Read-only file system.  dconf will not work properly.

(process:19): dconf-CRITICAL **: 18:45:31.687: unable to create file '/run/user/1000/dconf/user': Read-only file system.  dconf will not work properly.

(process:19): dconf-CRITICAL **: 18:45:31.688: unable to create file '/run/user/1000/dconf/user': Read-only file system.  dconf will not work properly.

(process:19): dconf-CRITICAL **: 18:45:31.688: unable to create file '/run/user/1000/dconf/user': Read-only file system.  dconf will not work properly.

AN ERROR HAS OCCURRED [[FAIL] python http.server failed to start on port 38719]

CALLSTACK
*FUNCTION [check()] /tmp/sqgi-profile-20260909/source/test/test_vget_download.nut line [28]
*FUNCTION [main()] /tmp/sqgi-profile-20260909/source/test/test_vget_download.nut line [103]

LOCALS
[msg] "python http.server failed to start on port 38719"
[cond] false
[this] TABLE
[server_ready] false
[server] INSTANCE
[PORT] 38719
[mk] INSTANCE
[dst_path] "/tmp/sqgi_vget_test_download.bin"
[src_path] "/tmp/sqgi_vget_test/payload.bin"
[serve_dir] "/tmp/sqgi_vget_test"
[PAYLOAD_BYTES] 33554432
[python] "python3"
[GLib] TABLE
[Gio] TABLE
[vargv] ARRAY
[this] TABLE

      Start 82: sqgi_test_c_vm_lifecycle_subclass
78/99 Test #81: sqgi_test_c_vm_lifecycle_pending ..............   Passed    0.05 sec
      Start 83: sqgi_test_cpp_sqjit_x64_emit
79/99 Test #83: sqgi_test_cpp_sqjit_x64_emit ..................   Passed    0.01 sec
      Start 84: sqgi_test_cpp_sqjit_aarch64_emit
80/99 Test #80: sqgi_test_c_vm_lifecycle ......................   Passed    0.09 sec
      Start 85: sqgi_test_cpp_sqjit_x64_win64_emit
81/99 Test #84: sqgi_test_cpp_sqjit_aarch64_emit ..............   Passed    0.01 sec
      Start 86: sqgi_test_cpp_sqjit_contracts
82/99 Test #85: sqgi_test_cpp_sqjit_x64_win64_emit ............   Passed    0.01 sec
      Start 87: sqgi_test_cpp_sqjit_values
83/99 Test #86: sqgi_test_cpp_sqjit_contracts .................   Passed    0.03 sec
      Start 88: sqgi_test_cpp_sqjit_memory
84/99 Test #82: sqgi_test_c_vm_lifecycle_subclass .............   Passed    0.05 sec
      Start 89: sqgi_test_cpp_sqjit_leaf
85/99 Test #87: sqgi_test_cpp_sqjit_values ....................   Passed    0.03 sec
      Start 90: sqgi_test_cpp_sqjit_arithmetic
86/99 Test #90: sqgi_test_cpp_sqjit_arithmetic ................   Passed    0.00 sec
      Start 91: sqgi_test_cpp_sqjit_virtual_array
87/99 Test #89: sqgi_test_cpp_sqjit_leaf ......................   Passed    0.03 sec
      Start 92: sqgi_test_cpp_sqjit_objects
88/99 Test #91: sqgi_test_cpp_sqjit_virtual_array .............   Passed    0.03 sec
      Start 93: sqgi_test_cpp_sqjit_object_plan
89/99 Test #92: sqgi_test_cpp_sqjit_objects ...................   Passed    0.01 sec
      Start 94: sqgi_test_cpp_sqjit_write_log
90/99 Test #88: sqgi_test_cpp_sqjit_memory ....................   Passed    0.07 sec
      Start 95: sqgi_test_cpp_sqjit_member_plan
91/99 Test #94: sqgi_test_cpp_sqjit_write_log .................   Passed    0.04 sec
      Start 96: sqgi_test_cpp_sqjit_float_cache
92/99 Test #96: sqgi_test_cpp_sqjit_float_cache ...............   Passed    0.02 sec
      Start 97: sqgi_test_cpp_sqjit_intrinsics
93/99 Test #97: sqgi_test_cpp_sqjit_intrinsics ................   Passed    0.02 sec
      Start 98: sqgi_test_cpp_sqjit_aarch64_backend_invalid
94/99 Test #98: sqgi_test_cpp_sqjit_aarch64_backend_invalid ...   Passed    0.01 sec
      Start 99: sqgi_test_cli_dash_e
95/99 Test #99: sqgi_test_cli_dash_e ..........................   Passed    0.02 sec
96/99 Test #63: sqgi_test_sqgicheck_cli .......................   Passed    0.95 sec
97/99 Test #95: sqgi_test_cpp_sqjit_member_plan ...............***Failed    0.12 sec
FAIL: AArch64 array/string parameters execute native member stores

98/99 Test #93: sqgi_test_cpp_sqjit_object_plan ...............   Passed    0.24 sec
      Start 65: sqgi_test_sqgicheck_install
99/99 Test #65: sqgi_test_sqgicheck_install ...................   Passed    0.36 sec

98% tests passed, 2 tests failed out of 99

Label Time Summary:
fuzz    =   0.23 sec*proc (2 tests)
jit     =   2.01 sec*proc (28 tests)
math    =   1.32 sec*proc (13 tests)
slow    =   0.29 sec*proc (3 tests)

Total Test time (real) =   3.33 sec

The following tests FAILED:
	 12 - sqgi_test_vget_download (Failed)
	 95 - sqgi_test_cpp_sqjit_member_plan (Failed)
Errors while running CTest
