Round 1/5: sqgi; all 8 checksums match
Round 1/5: sqgi_baseline; all 8 checksums match
Round 1/5: node; all 8 checksums match
Round 1/5: gjs; all 8 checksums match
Round 1/5: python; all 8 checksums match
Round 2/5: sqgi_baseline; all 8 checksums match
Round 2/5: node; all 8 checksums match
Round 2/5: gjs; all 8 checksums match
Round 2/5: python; all 8 checksums match
Round 2/5: sqgi; all 8 checksums match
Round 3/5: node; all 8 checksums match
Round 3/5: gjs; all 8 checksums match
Round 3/5: python; all 8 checksums match
Round 3/5: sqgi; all 8 checksums match
Round 3/5: sqgi_baseline; all 8 checksums match
Round 4/5: gjs; all 8 checksums match
Round 4/5: python; all 8 checksums match
Round 4/5: sqgi; all 8 checksums match
Round 4/5: sqgi_baseline; all 8 checksums match
Round 4/5: node; all 8 checksums match
Round 5/5: python; all 8 checksums match
Round 5/5: sqgi; all 8 checksums match
Round 5/5: sqgi_baseline; all 8 checksums match
Round 5/5: node; all 8 checksums match
Round 5/5: gjs; all 8 checksums match
Microseconds per iteration; lower is faster
kernel	sqgi	sqgi_baseline	node	gjs	python
route_balanced	0.053694597	0.052464607	0.005979780	0.006389952	0.262386987
route_skewed	0.053172101	0.051889611	0.005788742	0.006687450	0.260639925
pricing_events	0.058297063	0.058452062	0.011237696	0.017452369	0.433279893
filter_stream	0.057667067	0.055564583	0.005050837	0.008724935	0.241714770
records_64	0.135221486	0.133766497	0.015576156	0.038749709	0.578702072
records_4096	0.243883171	0.255458084	0.019945238	0.042947178	0.661567298
word_count	0.266013005	0.266198004	0.074803016	0.124704065	0.371155349
graph_walk	0.012464907	0.012497406	0.004779592	0.006679950	0.130847869
