Round 1/5: sqgi; all 8 checksums match
Round 1/5: sqgi_baseline; all 8 checksums match
Round 1/5: node; all 8 checksums match
Round 1/5: gjs; all 8 checksums match
Round 1/5: python; all 8 checksums match
Round 2/5: sqgi_baseline; all 8 checksums match
Round 2/5: node; all 8 checksums match
Round 2/5: gjs; all 8 checksums match
Round 2/5: python; all 8 checksums match
Round 2/5: sqgi; all 8 checksums match
Round 3/5: node; all 8 checksums match
Round 3/5: gjs; all 8 checksums match
Round 3/5: python; all 8 checksums match
Round 3/5: sqgi; all 8 checksums match
Round 3/5: sqgi_baseline; all 8 checksums match
Round 4/5: gjs; all 8 checksums match
Round 4/5: python; all 8 checksums match
Round 4/5: sqgi; all 8 checksums match
Round 4/5: sqgi_baseline; all 8 checksums match
Round 4/5: node; all 8 checksums match
Round 5/5: python; all 8 checksums match
Round 5/5: sqgi; all 8 checksums match
Round 5/5: sqgi_baseline; all 8 checksums match
Round 5/5: node; all 8 checksums match
Round 5/5: gjs; all 8 checksums match
Microseconds per iteration; lower is faster
kernel	sqgi	sqgi_baseline	node	gjs	python
route_balanced	0.054535000	0.052645000	0.006018470	0.006425000	0.264287700
route_skewed	0.053065000	0.051860000	0.005846390	0.006720000	0.262437105
pricing_events	0.059800000	0.058510000	0.011194035	0.017515000	0.437558990
filter_stream	0.057250000	0.055635000	0.005088065	0.010010000	0.243741485
records_64	0.133330000	0.137385000	0.015738150	0.039120000	0.589463005
records_4096	0.269775000	0.286915000	0.020862670	0.044095000	0.672690570
word_count	0.268310000	0.266230000	0.075828060	0.126255000	0.366940025
graph_walk	0.012545000	0.012580000	0.004803690	0.008155000	0.132129270
