Round 1/5: audit; 7 checksums match
Round 1/5: v22; 7 checksums match
Round 1/5: v23; 7 checksums match
Round 1/5: v23_repeat; 7 checksums match
Round 1/5: node; 7 checksums match
Round 2/5: v22; 7 checksums match
Round 2/5: v23; 7 checksums match
Round 2/5: v23_repeat; 7 checksums match
Round 2/5: node; 7 checksums match
Round 2/5: audit; 7 checksums match
Round 3/5: v23; 7 checksums match
Round 3/5: v23_repeat; 7 checksums match
Round 3/5: node; 7 checksums match
Round 3/5: audit; 7 checksums match
Round 3/5: v22; 7 checksums match
Round 4/5: v23_repeat; 7 checksums match
Round 4/5: node; 7 checksums match
Round 4/5: audit; 7 checksums match
Round 4/5: v22; 7 checksums match
Round 4/5: v23; 7 checksums match
Round 5/5: node; 7 checksums match
Round 5/5: audit; 7 checksums match
Round 5/5: v22; 7 checksums match
Round 5/5: v23; 7 checksums match
Round 5/5: v23_repeat; 7 checksums match
filter: audit 23.39 ns, v22 13.49 ns, v23 13.40 ns, v23_repeat 13.41 ns, node 2.46 ns
channels_4: audit 78.17 ns, v22 35.02 ns, v23 35.02 ns, v23_repeat 35.04 ns, node 5.42 ns
pressure_8: audit 153.48 ns, v22 93.69 ns, v23 93.62 ns, v23_repeat 93.74 ns, node 10.31 ns
integration: audit 37.13 ns, v22 22.55 ns, v23 22.57 ns, v23_repeat 22.59 ns, node 7.52 ns
retained_input: audit 45.08 ns, v22 24.33 ns, v23 24.39 ns, v23_repeat 24.39 ns, node 4.24 ns
branching: audit 31.43 ns, v22 17.89 ns, v23 17.91 ns, v23_repeat 17.94 ns, node 6.47 ns
helper_control: audit 54.82 ns, v22 19.34 ns, v23 19.31 ns, v23_repeat 19.31 ns, node 3.63 ns
