Round 1/5: audit; 7 checksums match
Round 1/5: v22; 7 checksums match
Round 1/5: v23; 7 checksums match
Round 1/5: v23_repeat; 7 checksums match
Round 1/5: node; 7 checksums match
Round 2/5: v22; 7 checksums match
Round 2/5: v23; 7 checksums match
Round 2/5: v23_repeat; 7 checksums match
Round 2/5: node; 7 checksums match
Round 2/5: audit; 7 checksums match
Round 3/5: v23; 7 checksums match
Round 3/5: v23_repeat; 7 checksums match
Round 3/5: node; 7 checksums match
Round 3/5: audit; 7 checksums match
Round 3/5: v22; 7 checksums match
Round 4/5: v23_repeat; 7 checksums match
Round 4/5: node; 7 checksums match
Round 4/5: audit; 7 checksums match
Round 4/5: v22; 7 checksums match
Round 4/5: v23; 7 checksums match
Round 5/5: node; 7 checksums match
Round 5/5: audit; 7 checksums match
Round 5/5: v22; 7 checksums match
Round 5/5: v23; 7 checksums match
Round 5/5: v23_repeat; 7 checksums match
filter: audit 23.39 ns, v22 13.42 ns, v23 13.49 ns, v23_repeat 13.48 ns, node 2.46 ns
channels_4: audit 78.62 ns, v22 35.04 ns, v23 35.07 ns, v23_repeat 35.03 ns, node 5.46 ns
pressure_8: audit 153.06 ns, v22 93.72 ns, v23 93.72 ns, v23_repeat 93.80 ns, node 10.35 ns
integration: audit 37.16 ns, v22 22.53 ns, v23 22.54 ns, v23_repeat 22.55 ns, node 7.56 ns
retained_input: audit 44.74 ns, v22 24.38 ns, v23 24.38 ns, v23_repeat 24.49 ns, node 4.25 ns
branching: audit 31.50 ns, v22 17.92 ns, v23 17.95 ns, v23_repeat 17.98 ns, node 6.48 ns
helper_control: audit 55.14 ns, v22 19.33 ns, v23 19.36 ns, v23_repeat 19.39 ns, node 3.62 ns
