Round 1/5: sqgi; all 15 checksums match
Round 1/5: sqgi_baseline; all 15 checksums match
Round 1/5: node; all 15 checksums match
Round 1/5: gjs; all 15 checksums match
Round 1/5: python; all 15 checksums match
Round 2/5: sqgi_baseline; all 15 checksums match
Round 2/5: node; all 15 checksums match
Round 2/5: gjs; all 15 checksums match
Round 2/5: python; all 15 checksums match
Round 2/5: sqgi; all 15 checksums match
Round 3/5: node; all 15 checksums match
Round 3/5: gjs; all 15 checksums match
Round 3/5: python; all 15 checksums match
Round 3/5: sqgi; all 15 checksums match
Round 3/5: sqgi_baseline; all 15 checksums match
Round 4/5: gjs; all 15 checksums match
Round 4/5: python; all 15 checksums match
Round 4/5: sqgi; all 15 checksums match
Round 4/5: sqgi_baseline; all 15 checksums match
Round 4/5: node; all 15 checksums match
Round 5/5: python; all 15 checksums match
Round 5/5: sqgi; all 15 checksums match
Round 5/5: sqgi_baseline; all 15 checksums match
Round 5/5: node; all 15 checksums match
Round 5/5: gjs; all 15 checksums match
Microseconds per iteration; lower is faster
kernel	sqgi	sqgi_baseline	node	gjs	python
direct_call	0.025924000	0.034505000	0.006851716	0.010803438	0.338176524
branch_call	0.021653000	0.032341000	0.004843617	0.007094062	0.238964294
float_call	0.012565000	0.021214000	0.002655685	0.009587188	0.135282471
numeric_loop	0.023040000	0.023021000	0.007513610	0.012854687	0.241091025
vector	0.370556000	0.385163000	0.605144675	0.532893750	5.163463750
dynamic_member	0.730356000	1.527069000	0.109887775	0.079625000	0.898148113
dynamic_key_get_set	0.184044000	0.184506000	0.063066713	0.028443750	0.418737313
object_member_write_fallback	0.472363000	0.474144000	0.012711050	0.047368750	0.688985294
array_append	0.120231000	0.115575000	0.030945469	0.017406250	0.221802719
array_write	0.037169000	0.036900000	0.004575469	0.006081250	0.189101756
array_read	0.007156000	0.007546000	0.002651858	0.003534062	0.084657007
array_float	0.006874000	0.007184000	0.002206615	0.003092187	0.074286644
math_intrinsic	0.207575000	0.204500000	0.041649506	0.009918750	0.579740894
math_variable	0.223156000	0.220681000	0.155214050	0.107818750	0.525059506
matrix	0.313225000	0.317556000	0.022809900	0.067037500	1.147944838
