Round 1/5: v22; 6 checksums match
Round 1/5: v23; 6 checksums match
Round 1/5: node; 6 checksums match
Round 2/5: v23; 6 checksums match
Round 2/5: node; 6 checksums match
Round 2/5: v22; 6 checksums match
Round 3/5: node; 6 checksums match
Round 3/5: v22; 6 checksums match
Round 3/5: v23; 6 checksums match
Round 4/5: v22; 6 checksums match
Round 4/5: v23; 6 checksums match
Round 4/5: node; 6 checksums match
Round 5/5: v23; 6 checksums match
Round 5/5: node; 6 checksums match
Round 5/5: v22; 6 checksums match
table_events_97: v22 417.63 ns, v23 416.62 ns, node 75.68 ns
class_events_97: v22 414.12 ns, v23 412.25 ns, node 74.63 ns
buffers_7: v22 432.42 ns, v23 434.10 ns, node 12.46 ns
buffers_31: v22 432.67 ns, v23 432.83 ns, node 12.41 ns
calibrate_17: v22 83.67 ns, v23 83.63 ns, node 8.80 ns
calibrate_67: v22 84.85 ns, v23 84.63 ns, node 8.40 ns
