Round 1/5: v22; 6 checksums match
Round 1/5: v23; 6 checksums match
Round 1/5: node; 6 checksums match
Round 2/5: v23; 6 checksums match
Round 2/5: node; 6 checksums match
Round 2/5: v22; 6 checksums match
Round 3/5: node; 6 checksums match
Round 3/5: v22; 6 checksums match
Round 3/5: v23; 6 checksums match
Round 4/5: v22; 6 checksums match
Round 4/5: v23; 6 checksums match
Round 4/5: node; 6 checksums match
Round 5/5: v23; 6 checksums match
Round 5/5: node; 6 checksums match
Round 5/5: v22; 6 checksums match
table_events_97: v22 417.46 ns, v23 419.14 ns, node 75.69 ns
class_events_97: v22 412.09 ns, v23 414.58 ns, node 74.55 ns
buffers_7: v22 432.24 ns, v23 432.36 ns, node 12.45 ns
buffers_31: v22 431.76 ns, v23 431.70 ns, node 12.41 ns
calibrate_17: v22 83.75 ns, v23 83.50 ns, node 8.84 ns
calibrate_67: v22 84.63 ns, v23 85.31 ns, node 8.34 ns
