Round 1/5: v22; 6 checksums match
Round 1/5: v23; 6 checksums match
Round 1/5: node; 6 checksums match
Round 2/5: v23; 6 checksums match
Round 2/5: node; 6 checksums match
Round 2/5: v22; 6 checksums match
Round 3/5: node; 6 checksums match
Round 3/5: v22; 6 checksums match
Round 3/5: v23; 6 checksums match
Round 4/5: v22; 6 checksums match
Round 4/5: v23; 6 checksums match
Round 4/5: node; 6 checksums match
Round 5/5: v23; 6 checksums match
Round 5/5: node; 6 checksums match
Round 5/5: v22; 6 checksums match
transfer_table: v22 430.64 ns, v23 431.33 ns, node 18.00 ns
transfer_class: v22 441.44 ns, v23 441.31 ns, node 18.19 ns
transfer_mixed: v22 445.92 ns, v23 444.57 ns, node 29.21 ns
publish_table: v22 388.60 ns, v23 390.24 ns, node 13.46 ns
publish_class: v22 399.83 ns, v23 397.23 ns, node 13.76 ns
publish_mixed: v22 399.50 ns, v23 401.70 ns, node 20.96 ns
