Round 1/5: v22; 6 checksums match
Round 1/5: v23; 6 checksums match
Round 1/5: node; 6 checksums match
Round 2/5: v23; 6 checksums match
Round 2/5: node; 6 checksums match
Round 2/5: v22; 6 checksums match
Round 3/5: node; 6 checksums match
Round 3/5: v22; 6 checksums match
Round 3/5: v23; 6 checksums match
Round 4/5: v22; 6 checksums match
Round 4/5: v23; 6 checksums match
Round 4/5: node; 6 checksums match
Round 5/5: v23; 6 checksums match
Round 5/5: node; 6 checksums match
Round 5/5: v22; 6 checksums match
transfer_table: v22 431.64 ns, v23 433.45 ns, node 18.16 ns
transfer_class: v22 441.56 ns, v23 442.17 ns, node 18.24 ns
transfer_mixed: v22 444.77 ns, v23 447.25 ns, node 29.31 ns
publish_table: v22 390.38 ns, v23 391.45 ns, node 13.50 ns
publish_class: v22 399.00 ns, v23 399.56 ns, node 13.57 ns
publish_mixed: v22 402.06 ns, v23 401.98 ns, node 21.03 ns
