Round 1/5: sqgi; all 4 checksums match
Round 1/5: sqgi_baseline; all 4 checksums match
Round 1/5: node; all 4 checksums match
Round 1/5: gjs; all 4 checksums match
Round 1/5: python; all 4 checksums match
Round 2/5: sqgi_baseline; all 4 checksums match
Round 2/5: node; all 4 checksums match
Round 2/5: gjs; all 4 checksums match
Round 2/5: python; all 4 checksums match
Round 2/5: sqgi; all 4 checksums match
Round 3/5: node; all 4 checksums match
Round 3/5: gjs; all 4 checksums match
Round 3/5: python; all 4 checksums match
Round 3/5: sqgi; all 4 checksums match
Round 3/5: sqgi_baseline; all 4 checksums match
Round 4/5: gjs; all 4 checksums match
Round 4/5: python; all 4 checksums match
Round 4/5: sqgi; all 4 checksums match
Round 4/5: sqgi_baseline; all 4 checksums match
Round 4/5: node; all 4 checksums match
Round 5/5: python; all 4 checksums match
Round 5/5: sqgi; all 4 checksums match
Round 5/5: sqgi_baseline; all 4 checksums match
Round 5/5: node; all 4 checksums match
Round 5/5: gjs; all 4 checksums match
Microseconds per iteration; lower is faster
kernel	sqgi	sqgi_baseline	node	gjs	python
receiver_integer	0.054780000	0.058785000	0.004522240	0.006010000	0.231068670
root_integer	0.064170000	0.335825000	0.006692215	0.018600000	0.250718015
root_reference	0.086530000	0.098705000	0.007188035	0.016065000	0.198373230
root_integer_result	0.065930000	0.065915000	0.005786600	0.006145000	0.274186690
