{
  "recycle": {
    "local_frame_bytes": 208,
    "mapped_bytes": 8192,
    "sha256": "029c89013671d12b4eb0d81ef9d269d6ac65dff4275f534a48de303d9b83a8c5",
    "bytecode_count": 36,
    "fadd_instructions": 5,
    "unsigned_bounds_branches": 4,
    "nonfinal_count_branches": 24,
    "source_pin_stores": 15,
    "cache_slot_loads": 13
  },
  "transfer": {
    "local_frame_bytes": 176,
    "mapped_bytes": 4096,
    "sha256": "e70d588475488af8050778614ab0f8a078244d6584a0a601df5c744044ec7acc",
    "bytecode_count": 14,
    "fadd_instructions": 1,
    "unsigned_bounds_branches": 2,
    "nonfinal_count_branches": 8,
    "source_pin_stores": 8,
    "cache_slot_loads": 4
  },
  "publish": {
    "local_frame_bytes": 144,
    "mapped_bytes": 4096,
    "sha256": "1a69a3ed9d4f83ee5cb35d0b292d5ab13d3ac3f943ff0bd2b60d30101664452f",
    "bytecode_count": 11,
    "fadd_instructions": 1,
    "unsigned_bounds_branches": 1,
    "nonfinal_count_branches": 6,
    "source_pin_stores": 6,
    "cache_slot_loads": 2
  },
  "table_apply": {
    "local_frame_bytes": 144,
    "mapped_bytes": 4096,
    "sha256": "643c518679b5bffe142f2a65d0d3ede2ea1f2d17e222e5137e958f2867b2d89b",
    "bytecode_count": 16,
    "fadd_instructions": 2,
    "unsigned_bounds_branches": 6,
    "nonfinal_count_branches": 10,
    "source_pin_stores": 8,
    "cache_slot_loads": 5
  },
  "apply": {
    "local_frame_bytes": 144,
    "mapped_bytes": 4096,
    "sha256": "cdb60294f89b9ebdcf748c314f1fa741d405d59570ec3ce059c17d07dfb0bf6a",
    "bytecode_count": 16,
    "fadd_instructions": 2,
    "unsigned_bounds_branches": 6,
    "nonfinal_count_branches": 10,
    "source_pin_stores": 8,
    "cache_slot_loads": 5
  }
}
