{
  "w4": {
    "filter_stream": {
      "medians_ns": {
        "audit": 54.985,
        "v22": 58.28,
        "v23": 56.169999999999995,
        "v23_repeat": 56.14
      },
      "v23_over_audit": 1.021551332181504,
      "v23_over_v22": 0.9637954701441318,
      "repeat_over_audit": 1.0210057288351368,
      "repeat_over_candidate": 0.9994659070678299,
      "ranges_ns": {
        "audit": [
          54.85,
          55.45
        ],
        "v22": [
          57.660000000000004,
          58.545
        ],
        "v23": [
          55.875,
          57.055
        ],
        "v23_repeat": [
          55.35,
          56.29
        ]
      }
    },
    "records_4096": {
      "medians_ns": {
        "audit": 237.15,
        "v22": 248.025,
        "v23": 245.245,
        "v23_repeat": 265.87
      },
      "v23_over_audit": 1.034134514020662,
      "v23_over_v22": 0.9887914524745489,
      "repeat_over_audit": 1.1211047860004217,
      "repeat_over_candidate": 1.0840995738954924,
      "ranges_ns": {
        "audit": [
          229.35,
          248.89
        ],
        "v22": [
          236.10999999999999,
          255.95499999999998
        ],
        "v23": [
          237.035,
          262.23999999999995
        ],
        "v23_repeat": [
          234.86,
          351.815
        ]
      }
    }
  },
  "w5": {
    "filter_stream": {
      "medians_ns": {
        "audit": 55.11,
        "v22": 58.085,
        "v23": 55.95,
        "v23_repeat": 56.165
      },
      "v23_over_audit": 1.015242242787153,
      "v23_over_v22": 0.9632435224240338,
      "repeat_over_audit": 1.0191435311195791,
      "repeat_over_candidate": 1.0038427167113495,
      "ranges_ns": {
        "audit": [
          54.915,
          55.620000000000005
        ],
        "v22": [
          56.915,
          58.215
        ],
        "v23": [
          55.800000000000004,
          56.544999999999995
        ],
        "v23_repeat": [
          55.739999999999995,
          56.370000000000005
        ]
      }
    },
    "records_4096": {
      "medians_ns": {
        "audit": 238.3,
        "v22": 240.5,
        "v23": 246.895,
        "v23_repeat": 237.565
      },
      "v23_over_audit": 1.036067981535879,
      "v23_over_v22": 1.0265904365904366,
      "repeat_over_audit": 0.9969156525388165,
      "repeat_over_candidate": 0.9622106563518905,
      "ranges_ns": {
        "audit": [
          235.14499999999998,
          308.165
        ],
        "v22": [
          232.84,
          243.2
        ],
        "v23": [
          240.67,
          257.405
        ],
        "v23_repeat": [
          230.025,
          245.03
        ]
      }
    }
  }
}
