{
  "kernel-w4": {
    "per_case": {
      "direct_call": {
        "medians_ns": {
          "audit": 34.186,
          "v22": 25.663999999999998,
          "v23": 25.673000000000002,
          "v23_repeat": 25.668
        },
        "v23_over_audit": 0.7509799333060317,
        "v23_over_v22": 1.0003506857855362,
        "identical_repeat_over_v23": 0.9998052428621509
      },
      "branch_call": {
        "medians_ns": {
          "audit": 31.597,
          "v22": 21.347,
          "v23": 21.373,
          "v23_repeat": 21.405
        },
        "v23_over_audit": 0.6764249770547837,
        "v23_over_v22": 1.0012179697381365,
        "identical_repeat_over_v23": 1.0014972161137885
      },
      "float_call": {
        "medians_ns": {
          "audit": 20.973,
          "v22": 12.455,
          "v23": 12.436,
          "v23_repeat": 12.441
        },
        "v23_over_audit": 0.5929528441329328,
        "v23_over_v22": 0.9984745082296266,
        "identical_repeat_over_v23": 1.0004020585397235
      },
      "numeric_loop": {
        "medians_ns": {
          "audit": 22.802,
          "v22": 22.838,
          "v23": 22.816,
          "v23_repeat": 22.869
        },
        "v23_over_audit": 1.0006139812297168,
        "v23_over_v22": 0.9990366932305805,
        "identical_repeat_over_v23": 1.0023229312762973
      },
      "vector": {
        "medians_ns": {
          "audit": 382.444,
          "v22": 376.369,
          "v23": 364.469,
          "v23_repeat": 364.331
        },
        "v23_over_audit": 0.9529996548514292,
        "v23_over_v22": 0.9683820931054363,
        "identical_repeat_over_v23": 0.9996213669749692
      },
      "dynamic_member": {
        "medians_ns": {
          "audit": 1514.094,
          "v22": 725.275,
          "v23": 726.106,
          "v23_repeat": 726.419
        },
        "v23_over_audit": 0.47956467696193233,
        "v23_over_v22": 1.0011457722932682,
        "identical_repeat_over_v23": 1.0004310665384943
      },
      "dynamic_key_get_set": {
        "medians_ns": {
          "audit": 182.55599999999998,
          "v22": 182.75,
          "v23": 182.775,
          "v23_repeat": 182.41299999999998
        },
        "v23_over_audit": 1.001199631893775,
        "v23_over_v22": 1.0001367989056087,
        "identical_repeat_over_v23": 0.9980194227875804
      },
      "object_member_write_fallback": {
        "medians_ns": {
          "audit": 473.488,
          "v22": 472.04400000000004,
          "v23": 472.294,
          "v23_repeat": 471.60600000000005
        },
        "v23_over_audit": 0.9974782887845098,
        "v23_over_v22": 1.000529611646372,
        "identical_repeat_over_v23": 0.9985432802449322
      },
      "array_append": {
        "medians_ns": {
          "audit": 125.15,
          "v22": 127.26299999999999,
          "v23": 127.056,
          "v23_repeat": 125.82499999999999
        },
        "v23_over_audit": 1.015229724330803,
        "v23_over_v22": 0.9983734471134581,
        "identical_repeat_over_v23": 0.9903113587709356
      },
      "array_write": {
        "medians_ns": {
          "audit": 36.625,
          "v22": 37.038000000000004,
          "v23": 36.838,
          "v23_repeat": 37.094
        },
        "v23_over_audit": 1.005815699658703,
        "v23_over_v22": 0.9946001403963497,
        "identical_repeat_over_v23": 1.0069493457842444
      },
      "array_read": {
        "medians_ns": {
          "audit": 7.417,
          "v22": 7.068,
          "v23": 7.115,
          "v23_repeat": 7.041
        },
        "v23_over_audit": 0.9592827288661183,
        "v23_over_v22": 1.006649688737974,
        "identical_repeat_over_v23": 0.9895994378074491
      },
      "array_float": {
        "medians_ns": {
          "audit": 7.077,
          "v22": 6.763,
          "v23": 6.816,
          "v23_repeat": 6.802
        },
        "v23_over_audit": 0.9631199660873252,
        "v23_over_v22": 1.0078367588348367,
        "identical_repeat_over_v23": 0.9979460093896714
      },
      "math_intrinsic": {
        "medians_ns": {
          "audit": 201.544,
          "v22": 204.563,
          "v23": 204.66899999999998,
          "v23_repeat": 205.012
        },
        "v23_over_audit": 1.0155052990910174,
        "v23_over_v22": 1.0005181777740841,
        "identical_repeat_over_v23": 1.0016758766593867
      },
      "math_variable": {
        "medians_ns": {
          "audit": 218.219,
          "v22": 219.819,
          "v23": 220.306,
          "v23_repeat": 220.54399999999998
        },
        "v23_over_audit": 1.009563786837993,
        "v23_over_v22": 1.002215459082245,
        "identical_repeat_over_v23": 1.0010803155610832
      },
      "matrix": {
        "medians_ns": {
          "audit": 312.644,
          "v22": 310.95,
          "v23": 311.487,
          "v23_repeat": 311.17499999999995
        },
        "v23_over_audit": 0.996299305280127,
        "v23_over_v22": 1.0017269657501207,
        "identical_repeat_over_v23": 0.9989983530612834
      }
    },
    "regressions_over_5pct_against_v22": [],
    "geomean_v23_over_v22": 0.9987080556239136
  },
  "floats-w4": {
    "per_case": {
      "filter": {
        "medians_ns": {
          "audit": 23.395,
          "v22": 13.49,
          "v23": 13.395000000000001,
          "v23_repeat": 13.405000000000001,
          "node": 2.463095
        },
        "v23_over_audit": 0.5725582389399445,
        "v23_over_v22": 0.9929577464788732,
        "identical_repeat_over_v23": 1.0007465472191115
      },
      "channels_4": {
        "medians_ns": {
          "audit": 78.17,
          "v22": 35.015,
          "v23": 35.015,
          "v23_repeat": 35.04,
          "node": 5.424935
        },
        "v23_over_audit": 0.44793399002174744,
        "v23_over_v22": 1.0,
        "identical_repeat_over_v23": 1.000713979722976
      },
      "pressure_8": {
        "medians_ns": {
          "audit": 153.48000000000002,
          "v22": 93.69,
          "v23": 93.61999999999999,
          "v23_repeat": 93.74499999999999,
          "node": 10.31466
        },
        "v23_over_audit": 0.6099817565806619,
        "v23_over_v22": 0.9992528551606361,
        "identical_repeat_over_v23": 1.0013351847895748
      },
      "integration": {
        "medians_ns": {
          "audit": 37.13,
          "v22": 22.55,
          "v23": 22.57,
          "v23_repeat": 22.585,
          "node": 7.521985
        },
        "v23_over_audit": 0.6078642607056288,
        "v23_over_v22": 1.0008869179600886,
        "identical_repeat_over_v23": 1.0006645990252547
      },
      "retained_input": {
        "medians_ns": {
          "audit": 45.080000000000005,
          "v22": 24.334999999999997,
          "v23": 24.389999999999997,
          "v23_repeat": 24.385,
          "node": 4.243695
        },
        "v23_over_audit": 0.5410381543921916,
        "v23_over_v22": 1.0022601191699199,
        "identical_repeat_over_v23": 0.9997949979499796
      },
      "branching": {
        "medians_ns": {
          "audit": 31.425,
          "v22": 17.89,
          "v23": 17.915,
          "v23_repeat": 17.94,
          "node": 6.466165
        },
        "v23_over_audit": 0.5700875099443118,
        "v23_over_v22": 1.0013974287311347,
        "identical_repeat_over_v23": 1.0013954786491768
      },
      "helper_control": {
        "medians_ns": {
          "audit": 54.815000000000005,
          "v22": 19.335,
          "v23": 19.310000000000002,
          "v23_repeat": 19.310000000000002,
          "node": 3.628285
        },
        "v23_over_audit": 0.3522758369059564,
        "v23_over_v22": 0.9987070080165502,
        "identical_repeat_over_v23": 1.0
      }
    },
    "regressions_over_5pct_against_v22": [],
    "geomean_v23_over_v22": 0.9993476595989153
  },
  "kernel-w5": {
    "per_case": {
      "direct_call": {
        "medians_ns": {
          "audit": 34.225,
          "v22": 25.701999999999998,
          "v23": 25.692,
          "v23_repeat": 25.693
        },
        "v23_over_audit": 0.7506793279766253,
        "v23_over_v22": 0.9996109252198273,
        "identical_repeat_over_v23": 1.0000389226218278
      },
      "branch_call": {
        "medians_ns": {
          "audit": 31.892999999999997,
          "v22": 21.410999999999998,
          "v23": 21.408,
          "v23_repeat": 21.451999999999998
        },
        "v23_over_audit": 0.6712444737089645,
        "v23_over_v22": 0.9998598851057867,
        "identical_repeat_over_v23": 1.0020553064275037
      },
      "float_call": {
        "medians_ns": {
          "audit": 21.377,
          "v22": 12.45,
          "v23": 12.45,
          "v23_repeat": 12.465
        },
        "v23_over_audit": 0.5824016466295551,
        "v23_over_v22": 1.0,
        "identical_repeat_over_v23": 1.0012048192771086
      },
      "numeric_loop": {
        "medians_ns": {
          "audit": 22.832,
          "v22": 22.858,
          "v23": 22.83,
          "v23_repeat": 22.849999999999998
        },
        "v23_over_audit": 0.9999124036440084,
        "v23_over_v22": 0.9987750459357774,
        "identical_repeat_over_v23": 1.0008760402978536
      },
      "vector": {
        "medians_ns": {
          "audit": 379.844,
          "v22": 365.55,
          "v23": 375.956,
          "v23_repeat": 366.488
        },
        "v23_over_audit": 0.9897642189951664,
        "v23_over_v22": 1.0284666940227056,
        "identical_repeat_over_v23": 0.9748162018959665
      },
      "dynamic_member": {
        "medians_ns": {
          "audit": 1516.819,
          "v22": 726.325,
          "v23": 727.1,
          "v23_repeat": 725.5129999999999
        },
        "v23_over_audit": 0.4793584468548983,
        "v23_over_v22": 1.001067015454514,
        "identical_repeat_over_v23": 0.9978173566221977
      },
      "dynamic_key_get_set": {
        "medians_ns": {
          "audit": 183.025,
          "v22": 182.625,
          "v23": 182.731,
          "v23_repeat": 182.70600000000002
        },
        "v23_over_audit": 0.9983936620680236,
        "v23_over_v22": 1.000580424366872,
        "identical_repeat_over_v23": 0.9998631868703176
      },
      "object_member_write_fallback": {
        "medians_ns": {
          "audit": 473.831,
          "v22": 471.494,
          "v23": 472.675,
          "v23_repeat": 471.43800000000005
        },
        "v23_over_audit": 0.9975603115878868,
        "v23_over_v22": 1.0025048038787343,
        "identical_repeat_over_v23": 0.9973829798487333
      },
      "array_append": {
        "medians_ns": {
          "audit": 127.531,
          "v22": 125.85,
          "v23": 130.456,
          "v23_repeat": 127.544
        },
        "v23_over_audit": 1.0229355999717715,
        "v23_over_v22": 1.0365991259435836,
        "identical_repeat_over_v23": 0.97767829766358
      },
      "array_write": {
        "medians_ns": {
          "audit": 36.669,
          "v22": 37.63699999999999,
          "v23": 36.887,
          "v23_repeat": 37.125
        },
        "v23_over_audit": 1.0059450762224222,
        "v23_over_v22": 0.9800728007014375,
        "identical_repeat_over_v23": 1.0064521376094557
      },
      "array_read": {
        "medians_ns": {
          "audit": 7.418,
          "v22": 7.104,
          "v23": 7.078,
          "v23_repeat": 7.097
        },
        "v23_over_audit": 0.9541655432731194,
        "v23_over_v22": 0.9963400900900901,
        "identical_repeat_over_v23": 1.0026843741169822
      },
      "array_float": {
        "medians_ns": {
          "audit": 7.08,
          "v22": 6.846,
          "v23": 6.779,
          "v23_repeat": 6.819000000000001
        },
        "v23_over_audit": 0.9574858757062147,
        "v23_over_v22": 0.9902132632193983,
        "identical_repeat_over_v23": 1.0059005753060923
      },
      "math_intrinsic": {
        "medians_ns": {
          "audit": 201.92499999999998,
          "v22": 204.662,
          "v23": 212.406,
          "v23_repeat": 204.57500000000002
        },
        "v23_over_audit": 1.0519054104246628,
        "v23_over_v22": 1.0378379963061046,
        "identical_repeat_over_v23": 0.9631319265934107
      },
      "math_variable": {
        "medians_ns": {
          "audit": 218.31900000000002,
          "v22": 219.762,
          "v23": 220.413,
          "v23_repeat": 220.54399999999998
        },
        "v23_over_audit": 1.0095914693636376,
        "v23_over_v22": 1.002962295574303,
        "identical_repeat_over_v23": 1.0005943388094167
      },
      "matrix": {
        "medians_ns": {
          "audit": 313.35,
          "v22": 311.08799999999997,
          "v23": 310.287,
          "v23_repeat": 311.131
        },
        "v23_over_audit": 0.9902249880325513,
        "v23_over_v22": 0.9974251658694646,
        "identical_repeat_over_v23": 1.0027200623938484
      }
    },
    "regressions_over_5pct_against_v22": [],
    "geomean_v23_over_v22": 1.004697478529078
  },
  "floats-w5": {
    "per_case": {
      "filter": {
        "medians_ns": {
          "audit": 23.395,
          "v22": 13.42,
          "v23": 13.485000000000001,
          "v23_repeat": 13.475000000000001,
          "node": 2.45726
        },
        "v23_over_audit": 0.5764052147894849,
        "v23_over_v22": 1.0048435171385992,
        "identical_repeat_over_v23": 0.9992584352984798
      },
      "channels_4": {
        "medians_ns": {
          "audit": 78.625,
          "v22": 35.04,
          "v23": 35.07,
          "v23_repeat": 35.035,
          "node": 5.45993
        },
        "v23_over_audit": 0.4460413354531001,
        "v23_over_v22": 1.0008561643835616,
        "identical_repeat_over_v23": 0.999001996007984
      },
      "pressure_8": {
        "medians_ns": {
          "audit": 153.055,
          "v22": 93.715,
          "v23": 93.72,
          "v23_repeat": 93.8,
          "node": 10.3482
        },
        "v23_over_audit": 0.6123289013753226,
        "v23_over_v22": 1.0000533532518807,
        "identical_repeat_over_v23": 1.0008536064874092
      },
      "integration": {
        "medians_ns": {
          "audit": 37.165,
          "v22": 22.53,
          "v23": 22.544999999999998,
          "v23_repeat": 22.55,
          "node": 7.556990000000001
        },
        "v23_over_audit": 0.6066191309027311,
        "v23_over_v22": 1.0006657789613846,
        "identical_repeat_over_v23": 1.0002217786648926
      },
      "retained_input": {
        "medians_ns": {
          "audit": 44.745,
          "v22": 24.375,
          "v23": 24.38,
          "v23_repeat": 24.490000000000002,
          "node": 4.252445
        },
        "v23_over_audit": 0.5448653480835848,
        "v23_over_v22": 1.000205128205128,
        "identical_repeat_over_v23": 1.0045118949958984
      },
      "branching": {
        "medians_ns": {
          "audit": 31.505,
          "v22": 17.919999999999998,
          "v23": 17.95,
          "v23_repeat": 17.98,
          "node": 6.476375
        },
        "v23_over_audit": 0.5697508332010792,
        "v23_over_v22": 1.0016741071428572,
        "identical_repeat_over_v23": 1.0016713091922005
      },
      "helper_control": {
        "medians_ns": {
          "audit": 55.14,
          "v22": 19.33,
          "v23": 19.36,
          "v23_repeat": 19.39,
          "node": 3.622455
        },
        "v23_over_audit": 0.3511062749365252,
        "v23_over_v22": 1.0015519917227107,
        "identical_repeat_over_v23": 1.0015495867768596
      }
    },
    "regressions_over_5pct_against_v22": [],
    "geomean_v23_over_v22": 1.0014060068699306
  },
  "native_call_captures": {
    "direct_call_kernel-loop": {
      "control": {
        "code_bytes": 956,
        "mapped_bytes": 4096,
        "weak_witnesses": [
          {
            "address": 187649985859280,
            "type": "OT_TABLE",
            "type_bits": 167772192,
            "tag_offset": 24,
            "referent": 187649985791904
          },
          {
            "address": 187649985973552,
            "type": "OT_CLOSURE",
            "type_bits": 134217984,
            "tag_offset": 24,
            "referent": 187649987136496
          }
        ]
      },
      "candidate": {
        "code_bytes": 956,
        "mapped_bytes": 4096,
        "weak_witnesses": [
          {
            "address": 187649985859280,
            "type": "OT_TABLE",
            "type_bits": 167772192,
            "tag_offset": 24,
            "referent": 187649985791904
          },
          {
            "address": 187649985973552,
            "type": "OT_CLOSURE",
            "type_bits": 134217984,
            "tag_offset": 24,
            "referent": 187649987136496
          }
        ]
      },
      "added_code_bytes": 0
    },
    "float_call_kernel-loop": {
      "control": {
        "code_bytes": 800,
        "mapped_bytes": 4096,
        "weak_witnesses": [
          {
            "address": 187649985859280,
            "type": "OT_TABLE",
            "type_bits": 167772192,
            "tag_offset": 24,
            "referent": 187649985791904
          },
          {
            "address": 187649986003344,
            "type": "OT_CLOSURE",
            "type_bits": 134217984,
            "tag_offset": 24,
            "referent": 187649987136944
          }
        ]
      },
      "candidate": {
        "code_bytes": 800,
        "mapped_bytes": 4096,
        "weak_witnesses": [
          {
            "address": 187649985859280,
            "type": "OT_TABLE",
            "type_bits": 167772192,
            "tag_offset": 24,
            "referent": 187649985791904
          },
          {
            "address": 187649986003344,
            "type": "OT_CLOSURE",
            "type_bits": 134217984,
            "tag_offset": 24,
            "referent": 187649987136944
          }
        ]
      },
      "added_code_bytes": 0
    },
    "channels-loop": {
      "control": {
        "code_bytes": 1816,
        "mapped_bytes": 4096,
        "weak_witnesses": [
          {
            "address": 187649985859280,
            "type": "OT_TABLE",
            "type_bits": 167772192,
            "tag_offset": 24,
            "referent": 187649985791904
          },
          {
            "address": 187649987097408,
            "type": "OT_CLOSURE",
            "type_bits": 134217984,
            "tag_offset": 24,
            "referent": 187649987092464
          }
        ]
      },
      "candidate": {
        "code_bytes": 1816,
        "mapped_bytes": 4096,
        "weak_witnesses": [
          {
            "address": 187649985859280,
            "type": "OT_TABLE",
            "type_bits": 167772192,
            "tag_offset": 24,
            "referent": 187649985791904
          },
          {
            "address": 187649987097408,
            "type": "OT_CLOSURE",
            "type_bits": 134217984,
            "tag_offset": 24,
            "referent": 187649987092464
          }
        ]
      },
      "added_code_bytes": 0
    },
    "pressure-loop": {
      "control": {
        "code_bytes": 2980,
        "mapped_bytes": 4096,
        "weak_witnesses": [
          {
            "address": 187649985859280,
            "type": "OT_TABLE",
            "type_bits": 167772192,
            "tag_offset": 24,
            "referent": 187649985791904
          },
          {
            "address": 187649987097408,
            "type": "OT_CLOSURE",
            "type_bits": 134217984,
            "tag_offset": 24,
            "referent": 187649987092464
          }
        ]
      },
      "candidate": {
        "code_bytes": 2980,
        "mapped_bytes": 4096,
        "weak_witnesses": [
          {
            "address": 187649985859280,
            "type": "OT_TABLE",
            "type_bits": 167772192,
            "tag_offset": 24,
            "referent": 187649985791904
          },
          {
            "address": 187649987097408,
            "type": "OT_CLOSURE",
            "type_bits": 134217984,
            "tag_offset": 24,
            "referent": 187649987092464
          }
        ]
      },
      "added_code_bytes": 0
    },
    "retained-loop": {
      "control": {
        "code_bytes": 1352,
        "mapped_bytes": 4096,
        "weak_witnesses": [
          {
            "address": 187649985859280,
            "type": "OT_TABLE",
            "type_bits": 167772192,
            "tag_offset": 24,
            "referent": 187649985791904
          },
          {
            "address": 187649987109360,
            "type": "OT_CLOSURE",
            "type_bits": 134217984,
            "tag_offset": 24,
            "referent": 187649987092800
          },
          {
            "address": 187649987097408,
            "type": "OT_CLOSURE",
            "type_bits": 134217984,
            "tag_offset": 24,
            "referent": 187649987092464
          }
        ]
      },
      "candidate": {
        "code_bytes": 1352,
        "mapped_bytes": 4096,
        "weak_witnesses": [
          {
            "address": 187649985859280,
            "type": "OT_TABLE",
            "type_bits": 167772192,
            "tag_offset": 24,
            "referent": 187649985791904
          },
          {
            "address": 187649987097584,
            "type": "OT_CLOSURE",
            "type_bits": 134217984,
            "tag_offset": 24,
            "referent": 187649987092800
          },
          {
            "address": 187649987097408,
            "type": "OT_CLOSURE",
            "type_bits": 134217984,
            "tag_offset": 24,
            "referent": 187649987092464
          }
        ]
      },
      "added_code_bytes": 0
    },
    "branch_call_kernel-loop": {
      "control": {
        "code_bytes": 1000,
        "mapped_bytes": 4096,
        "weak_witnesses": [
          {
            "address": 187649985859280,
            "type": "OT_TABLE",
            "type_bits": 167772192,
            "tag_offset": 24,
            "referent": 187649985791904
          },
          {
            "address": 187649985945296,
            "type": "OT_CLOSURE",
            "type_bits": 134217984,
            "tag_offset": 24,
            "referent": 187649987136720
          }
        ]
      },
      "candidate": {
        "code_bytes": 1000,
        "mapped_bytes": 4096,
        "weak_witnesses": [
          {
            "address": 187649985859280,
            "type": "OT_TABLE",
            "type_bits": 167772192,
            "tag_offset": 24,
            "referent": 187649985791904
          },
          {
            "address": 187649985945296,
            "type": "OT_CLOSURE",
            "type_bits": 134217984,
            "tag_offset": 24,
            "referent": 187649987136720
          }
        ]
      },
      "added_code_bytes": 0
    },
    "array_append_kernel-entry": {
      "control": {
        "code_bytes": 1364,
        "mapped_bytes": 4096,
        "weak_witnesses": [
          {
            "address": 187649985859280,
            "type": "OT_TABLE",
            "type_bits": 167772192,
            "tag_offset": 24,
            "referent": 187649985791904
          }
        ]
      },
      "candidate": {
        "code_bytes": 1364,
        "mapped_bytes": 4096,
        "weak_witnesses": [
          {
            "address": 187649985859280,
            "type": "OT_TABLE",
            "type_bits": 167772192,
            "tag_offset": 24,
            "referent": 187649985791904
          }
        ]
      },
      "added_code_bytes": 0
    },
    "filter-loop": {
      "control": {
        "code_bytes": 852,
        "mapped_bytes": 4096,
        "weak_witnesses": [
          {
            "address": 187649985859280,
            "type": "OT_TABLE",
            "type_bits": 167772192,
            "tag_offset": 24,
            "referent": 187649985791904
          },
          {
            "address": 187649987097408,
            "type": "OT_CLOSURE",
            "type_bits": 134217984,
            "tag_offset": 24,
            "referent": 187649987092464
          }
        ]
      },
      "candidate": {
        "code_bytes": 852,
        "mapped_bytes": 4096,
        "weak_witnesses": [
          {
            "address": 187649985859280,
            "type": "OT_TABLE",
            "type_bits": 167772192,
            "tag_offset": 24,
            "referent": 187649985791904
          },
          {
            "address": 187649987097408,
            "type": "OT_CLOSURE",
            "type_bits": 134217984,
            "tag_offset": 24,
            "referent": 187649987092464
          }
        ]
      },
      "added_code_bytes": 0
    }
  }
}
