{
  "w4": {
    "records_64": {
      "medians_ns": {
        "audit": 134.516491,
        "v22": 134.563991,
        "v23": 134.801489,
        "v23_repeat": 134.233993
      },
      "v23_over_audit": 1.0021186844667247,
      "v23_over_v22": 1.0017649446797399,
      "repeat_over_audit": 0.9978999006151595,
      "repeat_over_candidate": 0.9957901355229095,
      "ranges_ns": {
        "audit": [
          134.108994,
          136.138979
        ],
        "v22": [
          133.67399699999999,
          137.673967
        ],
        "v23": [
          129.734027,
          139.393955
        ],
        "v23_repeat": [
          133.251501,
          139.266456
        ]
      }
    },
    "records_4096": {
      "medians_ns": {
        "audit": 233.26825000000002,
        "v22": 230.028275,
        "v23": 230.998268,
        "v23_repeat": 226.750799
      },
      "v23_over_audit": 0.9902687914021733,
      "v23_over_v22": 1.0042168424729525,
      "repeat_over_audit": 0.9720602739549853,
      "repeat_over_candidate": 0.9816125504456163,
      "ranges_ns": {
        "audit": [
          221.123342,
          383.81462100000005
        ],
        "v22": [
          226.6883,
          244.27316800000003
        ],
        "v23": [
          218.215863,
          232.89075300000002
        ],
        "v23_repeat": [
          223.51082399999999,
          232.123259
        ]
      }
    }
  },
  "w5": {
    "records_64": {
      "medians_ns": {
        "audit": 134.576491,
        "v22": 134.173994,
        "v23": 135.828981,
        "v23_repeat": 134.426492
      },
      "v23_over_audit": 1.0093069004154671,
      "v23_over_v22": 1.012334633192778,
      "repeat_over_audit": 0.9988853996795029,
      "repeat_over_candidate": 0.9896745967637055,
      "ranges_ns": {
        "audit": [
          127.474044,
          137.52646900000002
        ],
        "v22": [
          130.56902100000002,
          143.418924
        ],
        "v23": [
          132.729005,
          140.02895
        ],
        "v23_repeat": [
          130.244023,
          137.213971
        ]
      }
    },
    "records_4096": {
      "medians_ns": {
        "audit": 229.770777,
        "v22": 223.713322,
        "v23": 225.443309,
        "v23_repeat": 228.20328800000001
      },
      "v23_over_audit": 0.9811661515163,
      "v23_over_v22": 1.0077330531080309,
      "repeat_over_audit": 0.9931780315126845,
      "repeat_over_candidate": 1.0122424524916815,
      "ranges_ns": {
        "audit": [
          215.063387,
          255.71558199999998
        ],
        "v22": [
          221.238341,
          233.475749
        ],
        "v23": [
          218.47586099999998,
          252.81560400000004
        ],
        "v23_repeat": [
          218.920858,
          295.142786
        ]
      }
    }
  }
}
