{
  "aggregation": "56 equally weighted components; application seed17; nearest-rank p90",
  "speedup": 1.7914976891880425,
  "groups": {
    "kernels-seed17": {
      "count": 15,
      "speedup": 1.144966183365509
    },
    "applications-seed17": {
      "count": 8,
      "speedup": 0.9972409332992583
    },
    "roots-seed17": {
      "count": 4,
      "speedup": 1.5908336805552208
    },
    "members": {
      "count": 6,
      "speedup": 1.045383066964387
    },
    "owners": {
      "count": 10,
      "speedup": 6.324052228431426
    },
    "methods": {
      "count": 6,
      "speedup": 2.512549604253202
    },
    "floats": {
      "count": 7,
      "speedup": 1.9149016008418107
    }
  },
  "totals": {
    "sqgi_baseline": {
      "node": {
        "geomean": 15.3120133855364,
        "p90": 101.4973079193454
      },
      "gjs": {
        "geomean": 10.12540005869525,
        "p90": 50.80033324076646
      }
    },
    "sqgi": {
      "node": {
        "geomean": 8.547046126794747,
        "p90": 24.339757414061864
      },
      "gjs": {
        "geomean": 5.651919128784569,
        "p90": 13.629195804195804
      }
    }
  },
  "regressions_over_5pct": []
}
