{
  "direct_call_kernel-loop": {
    "control_code_bytes": 956,
    "candidate_code_bytes": 956,
    "scratch_moves": 24,
    "whole_artifact_unchanged": true,
    "entry_guard_preserved": true,
    "array_artifact_unchanged": false
  },
  "float_call_kernel-loop": {
    "control_code_bytes": 800,
    "candidate_code_bytes": 800,
    "scratch_moves": 12,
    "whole_artifact_unchanged": true,
    "entry_guard_preserved": true,
    "array_artifact_unchanged": false
  },
  "channels-loop": {
    "control_code_bytes": 1816,
    "candidate_code_bytes": 1816,
    "scratch_moves": 76,
    "whole_artifact_unchanged": true,
    "entry_guard_preserved": true,
    "array_artifact_unchanged": false
  },
  "pressure-loop": {
    "control_code_bytes": 2980,
    "candidate_code_bytes": 2980,
    "scratch_moves": 152,
    "whole_artifact_unchanged": true,
    "entry_guard_preserved": true,
    "array_artifact_unchanged": false
  },
  "retained-loop": {
    "control_code_bytes": 1352,
    "candidate_code_bytes": 1352,
    "scratch_moves": 39,
    "whole_artifact_unchanged": true,
    "entry_guard_preserved": true,
    "array_artifact_unchanged": false
  },
  "branch_call_kernel-loop": {
    "control_code_bytes": 1000,
    "candidate_code_bytes": 1000,
    "scratch_moves": 26,
    "whole_artifact_unchanged": true,
    "entry_guard_preserved": true,
    "array_artifact_unchanged": false
  },
  "array_append_kernel-entry": {
    "control_code_bytes": 1364,
    "candidate_code_bytes": 1364,
    "scratch_moves": 0,
    "whole_artifact_unchanged": true,
    "entry_guard_preserved": false,
    "array_artifact_unchanged": true
  },
  "filter-loop": {
    "control_code_bytes": 852,
    "candidate_code_bytes": 852,
    "scratch_moves": 19,
    "whole_artifact_unchanged": true,
    "entry_guard_preserved": true,
    "array_artifact_unchanged": false
  }
}
