Round 1/5: sqgi; all 8 checksums match
Round 1/5: sqgi_baseline; all 8 checksums match
Round 1/5: node; all 8 checksums match
Round 1/5: gjs; all 8 checksums match
Round 1/5: python; all 8 checksums match
Round 2/5: sqgi_baseline; all 8 checksums match
Round 2/5: node; all 8 checksums match
Round 2/5: gjs; all 8 checksums match
Round 2/5: python; all 8 checksums match
Round 2/5: sqgi; all 8 checksums match
Round 3/5: node; all 8 checksums match
Round 3/5: gjs; all 8 checksums match
Round 3/5: python; all 8 checksums match
Round 3/5: sqgi; all 8 checksums match
Round 3/5: sqgi_baseline; all 8 checksums match
Round 4/5: gjs; all 8 checksums match
Round 4/5: python; all 8 checksums match
Round 4/5: sqgi; all 8 checksums match
Round 4/5: sqgi_baseline; all 8 checksums match
Round 4/5: node; all 8 checksums match
Round 5/5: python; all 8 checksums match
Round 5/5: sqgi; all 8 checksums match
Round 5/5: sqgi_baseline; all 8 checksums match
Round 5/5: node; all 8 checksums match
Round 5/5: gjs; all 8 checksums match
Microseconds per iteration; lower is faster
kernel	sqgi	sqgi_baseline	node	gjs	python
route_balanced	0.053640000	0.052170000	0.005986320	0.006480000	0.261044215
route_skewed	0.052250000	0.051480000	0.005804030	0.006685000	0.258929685
pricing_events	0.057985000	0.057565000	0.011106410	0.017335000	0.432188785
filter_stream	0.056135000	0.054990000	0.005035510	0.009285000	0.240186250
records_64	0.130370000	0.136955000	0.015676715	0.038485000	0.564393865
records_4096	0.258110000	0.302880000	0.020961590	0.043600000	0.671895315
word_count	0.266015000	0.266420000	0.073613470	0.124345000	0.362274955
graph_walk	0.012365000	0.012410000	0.004775930	0.008255000	0.129149880
