Round 1/5: sqgi; all 8 checksums match
Round 1/5: sqgi_baseline; all 8 checksums match
Round 1/5: node; all 8 checksums match
Round 1/5: gjs; all 8 checksums match
Round 1/5: python; all 8 checksums match
Round 2/5: sqgi_baseline; all 8 checksums match
Round 2/5: node; all 8 checksums match
Round 2/5: gjs; all 8 checksums match
Round 2/5: python; all 8 checksums match
Round 2/5: sqgi; all 8 checksums match
Round 3/5: node; all 8 checksums match
Round 3/5: gjs; all 8 checksums match
Round 3/5: python; all 8 checksums match
Round 3/5: sqgi; all 8 checksums match
Round 3/5: sqgi_baseline; all 8 checksums match
Round 4/5: gjs; all 8 checksums match
Round 4/5: python; all 8 checksums match
Round 4/5: sqgi; all 8 checksums match
Round 4/5: sqgi_baseline; all 8 checksums match
Round 4/5: node; all 8 checksums match
Round 5/5: python; all 8 checksums match
Round 5/5: sqgi; all 8 checksums match
Round 5/5: sqgi_baseline; all 8 checksums match
Round 5/5: node; all 8 checksums match
Round 5/5: gjs; all 8 checksums match
Microseconds per iteration; lower is faster
kernel	sqgi	sqgi_baseline	node	gjs	python
route_balanced	0.053572098	0.051922111	0.005975338	0.006389952	0.259828591
route_skewed	0.052427107	0.051417114	0.005765347	0.006649950	0.257531059
pricing_events	0.057832066	0.057384570	0.011153721	0.017287370	0.429063127
filter_stream	0.056429577	0.055182086	0.005015055	0.008384937	0.239281250
records_64	0.130351522	0.132981503	0.015461512	0.038432212	0.568772194
records_4096	0.304500216	0.267022997	0.019795544	0.043554673	0.695401187
word_count	0.266360502	0.266003005	0.074101534	0.123041577	0.367926401
graph_walk	0.012347407	0.012334907	0.004754022	0.007034947	0.128313448
