Round 1/5: audit; 7 checksums match
Round 1/5: v19; 7 checksums match
Round 1/5: v21; 7 checksums match
Round 1/5: v21_repeat; 7 checksums match
Round 1/5: node; 7 checksums match
Round 2/5: v19; 7 checksums match
Round 2/5: v21; 7 checksums match
Round 2/5: v21_repeat; 7 checksums match
Round 2/5: node; 7 checksums match
Round 2/5: audit; 7 checksums match
Round 3/5: v21; 7 checksums match
Round 3/5: v21_repeat; 7 checksums match
Round 3/5: node; 7 checksums match
Round 3/5: audit; 7 checksums match
Round 3/5: v19; 7 checksums match
Round 4/5: v21_repeat; 7 checksums match
Round 4/5: node; 7 checksums match
Round 4/5: audit; 7 checksums match
Round 4/5: v19; 7 checksums match
Round 4/5: v21; 7 checksums match
Round 5/5: node; 7 checksums match
Round 5/5: audit; 7 checksums match
Round 5/5: v19; 7 checksums match
Round 5/5: v21; 7 checksums match
Round 5/5: v21_repeat; 7 checksums match
filter: audit 23.46 ns, v19 24.07 ns, v21 13.71 ns, v21_repeat 13.70 ns, node 2.47 ns
channels_4: audit 78.14 ns, v19 80.84 ns, v21 59.76 ns, v21_repeat 59.85 ns, node 5.42 ns
pressure_8: audit 152.49 ns, v19 172.59 ns, v21 139.61 ns, v21_repeat 139.43 ns, node 10.33 ns
integration: audit 37.16 ns, v19 36.89 ns, v21 23.04 ns, v21_repeat 23.10 ns, node 7.66 ns
retained_input: audit 44.42 ns, v19 46.27 ns, v21 26.40 ns, v21_repeat 26.34 ns, node 4.30 ns
branching: audit 31.39 ns, v19 31.20 ns, v21 17.50 ns, v21_repeat 18.16 ns, node 6.44 ns
helper_control: audit 54.72 ns, v19 53.71 ns, v21 22.29 ns, v21_repeat 22.28 ns, node 3.62 ns
