Round 1/5: audit; 7 checksums match
Round 1/5: v19; 7 checksums match
Round 1/5: v21; 7 checksums match
Round 1/5: v21_repeat; 7 checksums match
Round 1/5: node; 7 checksums match
Round 2/5: v19; 7 checksums match
Round 2/5: v21; 7 checksums match
Round 2/5: v21_repeat; 7 checksums match
Round 2/5: node; 7 checksums match
Round 2/5: audit; 7 checksums match
Round 3/5: v21; 7 checksums match
Round 3/5: v21_repeat; 7 checksums match
Round 3/5: node; 7 checksums match
Round 3/5: audit; 7 checksums match
Round 3/5: v19; 7 checksums match
Round 4/5: v21_repeat; 7 checksums match
Round 4/5: node; 7 checksums match
Round 4/5: audit; 7 checksums match
Round 4/5: v19; 7 checksums match
Round 4/5: v21; 7 checksums match
Round 5/5: node; 7 checksums match
Round 5/5: audit; 7 checksums match
Round 5/5: v19; 7 checksums match
Round 5/5: v21; 7 checksums match
Round 5/5: v21_repeat; 7 checksums match
filter: audit 23.17 ns, v19 24.20 ns, v21 14.57 ns, v21_repeat 13.68 ns, node 2.49 ns
channels_4: audit 77.98 ns, v19 81.37 ns, v21 60.76 ns, v21_repeat 60.73 ns, node 5.48 ns
pressure_8: audit 153.85 ns, v19 168.03 ns, v21 139.36 ns, v21_repeat 139.47 ns, node 10.31 ns
integration: audit 37.32 ns, v19 36.93 ns, v21 22.79 ns, v21_repeat 23.32 ns, node 7.80 ns
retained_input: audit 44.93 ns, v19 46.09 ns, v21 26.40 ns, v21_repeat 26.72 ns, node 4.30 ns
branching: audit 31.32 ns, v19 31.30 ns, v21 17.52 ns, v21_repeat 17.52 ns, node 6.46 ns
helper_control: audit 55.00 ns, v19 53.91 ns, v21 22.16 ns, v21_repeat 22.24 ns, node 3.61 ns
