Round 1/5: sqgi; all 15 checksums match
Round 1/5: sqgi_baseline; all 15 checksums match
Round 1/5: node; all 15 checksums match
Round 1/5: gjs; all 15 checksums match
Round 1/5: python; all 15 checksums match
Round 2/5: sqgi_baseline; all 15 checksums match
Round 2/5: node; all 15 checksums match
Round 2/5: gjs; all 15 checksums match
Round 2/5: python; all 15 checksums match
Round 2/5: sqgi; all 15 checksums match
Round 3/5: node; all 15 checksums match
Round 3/5: gjs; all 15 checksums match
Round 3/5: python; all 15 checksums match
Round 3/5: sqgi; all 15 checksums match
Round 3/5: sqgi_baseline; all 15 checksums match
Round 4/5: gjs; all 15 checksums match
Round 4/5: python; all 15 checksums match
Round 4/5: sqgi; all 15 checksums match
Round 4/5: sqgi_baseline; all 15 checksums match
Round 4/5: node; all 15 checksums match
Round 5/5: python; all 15 checksums match
Round 5/5: sqgi; all 15 checksums match
Round 5/5: sqgi_baseline; all 15 checksums match
Round 5/5: node; all 15 checksums match
Round 5/5: gjs; all 15 checksums match
Microseconds per iteration; lower is faster
kernel	sqgi	sqgi_baseline	node	gjs	python
direct_call	0.024964000	0.034148000	0.006756461	0.010651875	0.335821988
branch_call	0.020587000	0.032082000	0.004814477	0.007018750	0.237080600
float_call	0.013012000	0.021454000	0.002639602	0.009486250	0.133822575
numeric_loop	0.022843000	0.022772000	0.007433187	0.012721250	0.238787969
vector	0.376444000	0.375919000	0.573346788	0.515506250	5.134488119
dynamic_member	0.724931000	1.512425000	0.109221094	0.078981250	0.880091538
dynamic_key_get_set	0.182956000	0.182681000	0.062225600	0.027731250	0.404100238
object_member_write_fallback	0.470525000	0.472819000	0.012656206	0.046925000	0.682432519
array_append	0.125250000	0.116069000	0.035172244	0.018500000	0.220688931
array_write	0.036944000	0.036725000	0.004560825	0.006081250	0.187740812
array_read	0.007079000	0.007400000	0.002627842	0.003513438	0.083594776
array_float	0.006782000	0.007074000	0.002189269	0.003066250	0.073392605
math_intrinsic	0.204606000	0.201244000	0.041224281	0.009937500	0.559864375
math_variable	0.220231000	0.217981000	0.153880938	0.106450000	0.510455406
matrix	0.310619000	0.313650000	0.022638244	0.066006250	1.138633781
