Round 1/5: v19; 6 checksums match
Round 1/5: v21; 6 checksums match
Round 1/5: node; 6 checksums match
Round 2/5: v21; 6 checksums match
Round 2/5: node; 6 checksums match
Round 2/5: v19; 6 checksums match
Round 3/5: node; 6 checksums match
Round 3/5: v19; 6 checksums match
Round 3/5: v21; 6 checksums match
Round 4/5: v19; 6 checksums match
Round 4/5: v21; 6 checksums match
Round 4/5: node; 6 checksums match
Round 5/5: v21; 6 checksums match
Round 5/5: node; 6 checksums match
Round 5/5: v19; 6 checksums match
table_events_97: v19 420.26 ns, v21 417.34 ns, node 75.21 ns
class_events_97: v19 408.20 ns, v21 410.81 ns, node 74.19 ns
buffers_7: v19 431.26 ns, v21 432.19 ns, node 12.39 ns
buffers_31: v19 431.46 ns, v21 431.94 ns, node 12.33 ns
calibrate_17: v19 82.98 ns, v21 83.12 ns, node 8.73 ns
calibrate_67: v19 84.00 ns, v21 84.08 ns, node 8.34 ns
