Round 1/5: v19; 6 checksums match
Round 1/5: v21; 6 checksums match
Round 1/5: node; 6 checksums match
Round 2/5: v21; 6 checksums match
Round 2/5: node; 6 checksums match
Round 2/5: v19; 6 checksums match
Round 3/5: node; 6 checksums match
Round 3/5: v19; 6 checksums match
Round 3/5: v21; 6 checksums match
Round 4/5: v19; 6 checksums match
Round 4/5: v21; 6 checksums match
Round 4/5: node; 6 checksums match
Round 5/5: v21; 6 checksums match
Round 5/5: node; 6 checksums match
Round 5/5: v19; 6 checksums match
table_events_97: v19 419.87 ns, v21 414.99 ns, node 75.44 ns
class_events_97: v19 408.61 ns, v21 409.20 ns, node 74.31 ns
buffers_7: v19 432.41 ns, v21 432.05 ns, node 12.39 ns
buffers_31: v19 432.12 ns, v21 431.47 ns, node 12.31 ns
calibrate_17: v19 82.92 ns, v21 83.27 ns, node 8.72 ns
calibrate_67: v19 84.11 ns, v21 83.78 ns, node 8.29 ns
