Round 1/5: v19; 6 checksums match
Round 1/5: v21; 6 checksums match
Round 1/5: node; 6 checksums match
Round 2/5: v21; 6 checksums match
Round 2/5: node; 6 checksums match
Round 2/5: v19; 6 checksums match
Round 3/5: node; 6 checksums match
Round 3/5: v19; 6 checksums match
Round 3/5: v21; 6 checksums match
Round 4/5: v19; 6 checksums match
Round 4/5: v21; 6 checksums match
Round 4/5: node; 6 checksums match
Round 5/5: v21; 6 checksums match
Round 5/5: node; 6 checksums match
Round 5/5: v19; 6 checksums match
transfer_table: v19 432.58 ns, v21 431.30 ns, node 17.87 ns
transfer_class: v19 441.34 ns, v21 441.39 ns, node 18.10 ns
transfer_mixed: v19 443.83 ns, v21 443.74 ns, node 29.07 ns
publish_table: v19 392.69 ns, v21 387.43 ns, node 13.40 ns
publish_class: v19 396.15 ns, v21 394.69 ns, node 13.70 ns
publish_mixed: v19 400.02 ns, v21 397.66 ns, node 20.85 ns
