Round 1/5: v19; 6 checksums match
Round 1/5: v21; 6 checksums match
Round 1/5: node; 6 checksums match
Round 2/5: v21; 6 checksums match
Round 2/5: node; 6 checksums match
Round 2/5: v19; 6 checksums match
Round 3/5: node; 6 checksums match
Round 3/5: v19; 6 checksums match
Round 3/5: v21; 6 checksums match
Round 4/5: v19; 6 checksums match
Round 4/5: v21; 6 checksums match
Round 4/5: node; 6 checksums match
Round 5/5: v21; 6 checksums match
Round 5/5: node; 6 checksums match
Round 5/5: v19; 6 checksums match
transfer_table: v19 430.59 ns, v21 429.64 ns, node 17.98 ns
transfer_class: v19 438.65 ns, v21 441.58 ns, node 18.12 ns
transfer_mixed: v19 441.05 ns, v21 442.45 ns, node 29.10 ns
publish_table: v19 392.92 ns, v21 388.25 ns, node 13.42 ns
publish_class: v19 395.32 ns, v21 396.49 ns, node 13.52 ns
publish_mixed: v19 399.58 ns, v21 399.10 ns, node 21.00 ns
