{
  "aggregation": "56 equally weighted components; application seed17; nearest-rank p90",
  "speedup": 1.7569688342129808,
  "groups": {
    "kernels-seed17": {
      "count": 15,
      "speedup": 1.1409934472873253
    },
    "applications-seed17": {
      "count": 8,
      "speedup": 1.0181463010129537
    },
    "roots-seed17": {
      "count": 4,
      "speedup": 1.6062839293504656
    },
    "members": {
      "count": 6,
      "speedup": 1.0450777252917098
    },
    "owners": {
      "count": 10,
      "speedup": 6.269308122993209
    },
    "methods": {
      "count": 6,
      "speedup": 2.5155381989873127
    },
    "floats": {
      "count": 7,
      "speedup": 1.6222881815267693
    }
  },
  "totals": {
    "sqgi_baseline": {
      "node": {
        "geomean": 15.314025268687079,
        "p90": 100.94262194343308
      },
      "gjs": {
        "geomean": 10.125102772505485,
        "p90": 50.00705218617771
      }
    },
    "sqgi": {
      "node": {
        "geomean": 8.716162159784052,
        "p90": 25.02432252087152
      },
      "gjs": {
        "geomean": 5.762824345738005,
        "p90": 13.79494931531211
      }
    }
  },
  "regressions_over_5pct": [
    {
      "suite": "kernels-seed17",
      "name": "array_append",
      "ns": {
        "sqgi": 125.25,
        "sqgi_baseline": 116.069,
        "node": 35.172244,
        "gjs": 18.5,
        "python": 220.688931
      },
      "speedup": 0.9266986027944112,
      "ranges_ns": {
        "sqgi": [
          109.0,
          138.625
        ],
        "sqgi_baseline": [
          110.887,
          146.969
        ],
        "node": [
          34.590844000000004,
          59.669719
        ],
        "gjs": [
          16.9375,
          19.95
        ],
        "python": [
          219.081944,
          223.653525
        ]
      }
    }
  ]
}
