{
  "warmups4_speedup": {
    "owners": {
      "geomean_v19_v21": 0.9960237855978039,
      "per_case": {
        "table_owners_1": 0.996060776589758,
        "table_owners_2": 0.993436523814538,
        "table_owners_5": 0.9941399396448873,
        "table_owners_19": 0.995112517580872,
        "table_owners_257": 0.9965962523685872,
        "class_owners_1": 0.9962365024093418,
        "class_owners_2": 0.9977836411609498,
        "class_owners_5": 0.9982058047493403,
        "class_owners_19": 0.9980304575669117,
        "class_owners_257": 0.9946481040996221
      }
    },
    "methods": {
      "geomean_v19_v21": 1.0004288432674133,
      "per_case": {
        "transfer_table": 1.0021994902768565,
        "transfer_class": 0.9933647357217266,
        "transfer_mixed": 0.9968471013673861,
        "publish_table": 1.0120154539600774,
        "publish_class": 0.9970617165628388,
        "publish_mixed": 1.0011901629896895
      }
    },
    "members": {
      "geomean_v19_v21": 0.9991083462072368,
      "per_case": {
        "table_events_97": 1.0070087579522446,
        "class_events_97": 0.993646697986904,
        "buffers_7": 0.9978366246717337,
        "buffers_31": 0.9989002974984662,
        "calibrate_17": 0.9983157894736842,
        "calibrate_67": 0.9989891181542488
      }
    }
  },
  "warmups5_speedup": {
    "owners": {
      "geomean_v19_v21": 0.9969575810346366,
      "per_case": {
        "table_owners_1": 0.9973257327844048,
        "table_owners_2": 0.9980642663569493,
        "table_owners_5": 0.9980632438904148,
        "table_owners_19": 0.9956823925863522,
        "table_owners_257": 0.999684055325423,
        "class_owners_1": 0.9971903206546554,
        "class_owners_2": 0.9987324836279137,
        "class_owners_5": 0.995436514901534,
        "class_owners_19": 0.9959259649492502,
        "class_owners_257": 0.9934860264761504
      }
    },
    "methods": {
      "geomean_v19_v21": 1.0043732252304274,
      "per_case": {
        "transfer_table": 1.0029793647113379,
        "transfer_class": 0.9999093761681977,
        "transfer_mixed": 1.000202821472033,
        "publish_table": 1.0135768213202554,
        "publish_class": 1.0037118208191342,
        "publish_mixed": 1.005922070084116
      }
    },
    "members": {
      "geomean_v19_v21": 1.0020328520735928,
      "per_case": {
        "table_events_97": 1.0117593195016747,
        "class_events_97": 0.9985337422563263,
        "buffers_7": 1.000844819405386,
        "buffers_31": 1.001518066145966,
        "calibrate_17": 0.9957968055722348,
        "calibrate_67": 1.0038192993972668
      }
    }
  },
  "profitability": {
    "owners": {
      "geomean_on_off": 0.45770976268753727,
      "per_case": {
        "table_owners_1": 0.4607827269195909,
        "table_owners_2": 0.46048221254270777,
        "table_owners_5": 0.4603292807304398,
        "table_owners_19": 0.46022239847202223,
        "table_owners_257": 0.46121386535601117,
        "class_owners_1": 0.455211700323231,
        "class_owners_2": 0.45510331271873045,
        "class_owners_5": 0.4543421304875711,
        "class_owners_19": 0.4542070706263879,
        "class_owners_257": 0.4552958457068046
      }
    },
    "methods": {
      "geomean_on_off": 1.044565958879226,
      "per_case": {
        "transfer_table": 1.0332744511337828,
        "transfer_class": 1.035756223579145,
        "transfer_mixed": 0.9376550671162288,
        "publish_table": 1.0979436922902623,
        "publish_class": 1.1262004502579008,
        "publish_mixed": 1.0468949369253233
      }
    },
    "roots": {
      "geomean_on_off": 0.2889812893699166,
      "per_case": {
        "receiver_integer": 0.28285031681728473,
        "root_integer": 0.2642912180595181,
        "root_reference": 0.35601868929054464,
        "root_integer_result": 0.26203946184755017
      }
    }
  },
  "profiles": {
    "kernels": {
      "lost_samples": 0,
      "top_self_lines": [
        "22.09%  sqgi     sqgi                        [.] SQVM::Execute",
        "3.94%  sqgi     [JIT] tid 637314            [.] 0x0000ffff9dfbb230",
        "3.73%  sqgi     [JIT] tid 637314            [.] 0x0000ffff9dfbe244",
        "3.25%  sqgi     [JIT] tid 637314            [.] 0x0000ffff9dfbd26c",
        "2.42%  sqgi     [JIT] tid 637314            [.] 0x0000ffff9dfbc1a4",
        "1.97%  sqgi     [JIT] tid 637314            [.] 0x0000ffff9dfbb1c0",
        "1.87%  sqgi     sqgi                        [.] sqjit_a64_borrow_member_ptr_value",
        "1.78%  sqgi     sqgi                        [.] SQTable::Get",
        "1.74%  sqgi     sqgi                        [.] sqjit_number_conversion_guard",
        "1.46%  sqgi     sqgi                        [.] sqjit_a64_helper_member_native_closure_guard",
        "1.28%  sqgi     [JIT] tid 637314            [.] 0x0000ffff9dfbd258",
        "1.27%  sqgi     [JIT] tid 637314            [.] 0x0000ffff9dfbe1d4",
        "1.24%  sqgi     [JIT] tid 637314            [.] 0x0000ffff9dfbb244",
        "1.19%  sqgi     [JIT] tid 637314            [.] 0x0000ffff9dfbc1b8",
        "1.17%  sqgi     [JIT] tid 637314            [.] 0x0000ffff9dfbe230"
      ]
    },
    "applications": {
      "lost_samples": 0,
      "top_self_lines": [
        "14.22%  sqgi     sqgi                          [.] SQJitWriteLog::RecordMember",
        "13.68%  sqgi     sqgi                          [.] SQVM::Execute",
        "6.22%  sqgi     sqgi                          [.] sqjit_a64_helper_array_get_object",
        "4.77%  sqgi     sqgi                          [.] SQTable::Get",
        "4.45%  sqgi     sqgi                          [.] sqjit_a64_root_fallback_safe",
        "3.82%  sqgi     sqgi                          [.] sqjit_a64_borrow_member_ptr_value",
        "3.40%  sqgi     sqgi                          [.] sqjit_a64_helper_member_set_integer_logged",
        "2.65%  sqgi     sqgi                          [.] SQJitWriteLog::CanRelease",
        "2.38%  sqgi     sqgi                          [.] SQTable::Set",
        "1.75%  sqgi     [JIT] tid 637344              [.] 0x0000ffff9c4452dc",
        "1.63%  sqgi     [JIT] tid 637344              [.] 0x0000ffff9c23f3b0",
        "1.62%  sqgi     [JIT] tid 637344              [.] 0x0000ffff9c23f1a0",
        "1.57%  sqgi     [JIT] tid 637344              [.] 0x0000ffff9c23f214",
        "1.46%  sqgi     sqgi                          [.] SQVM::Get",
        "1.46%  sqgi     sqgi                          [.] SQVM::DerefInc"
      ]
    },
    "roots": {
      "lost_samples": 0,
      "top_self_lines": [
        "11.72%  sqgi     sqgi                   [.] SQJitWriteLog::CanRelease",
        "11.39%  sqgi     sqgi                   [.] sqjit_a64_helper_member_set_integer_logged",
        "10.81%  sqgi     sqgi                   [.] SQJitWriteLog::RecordMember",
        "10.25%  sqgi     sqgi                   [.] sqjit_a64_borrow_member_ptr_value",
        "6.73%  sqgi     sqgi                   [.] sqjit_a64_helper_member_set_reference_logged",
        "6.12%  sqgi     sqgi                   [.] sqjit_a64_helper_member_closure_guard",
        "4.95%  sqgi     sqgi                   [.] sqjit_a64_helper_instance_field_set_integer_logged",
        "4.14%  sqgi     sqgi                   [.] sqjit_a64_resolve_root_store_slot",
        "2.59%  sqgi     [JIT] tid 637386       [.] 0x0000ffffaa8b31c0",
        "2.57%  sqgi     [JIT] tid 637386       [.] 0x0000ffffaa8b6214",
        "2.07%  sqgi     [JIT] tid 637386       [.] 0x0000ffffaa8b418c",
        "2.07%  sqgi     [JIT] tid 637386       [.] 0x0000ffffaa8b3224",
        "1.90%  sqgi     [JIT] tid 637386       [.] 0x0000ffffaa8b6254",
        "1.55%  sqgi     [JIT] tid 637386       [.] 0x0000ffffaa8b3194",
        "1.55%  sqgi     [JIT] tid 637386       [.] 0x0000ffffaa8b4280"
      ]
    },
    "members": {
      "lost_samples": 0,
      "top_self_lines": [
        "58.18%  sqgi     sqgi                        [.] SQVM::Execute",
        "2.99%  sqgi     sqgi                        [.] SQTable::Get",
        "2.89%  sqgi     sqgi                        [.] sqjit_try_execute_current_loop",
        "2.60%  sqgi     sqgi                        [.] sqjit_try_execute_current",
        "2.41%  sqgi     sqgi                        [.] sqjit_a64_precise_step<(SQOpcode)9, true>",
        "2.21%  sqgi     sqgi                        [.] sqjit_a64_precise_step<(SQOpcode)14, false>",
        "2.07%  sqgi     sqgi                        [.] SQVM::ObjCmp",
        "1.76%  sqgi     sqgi                        [.] SQVM::Return",
        "1.27%  sqgi     sqgi                        [.] SQVM::StartCall",
        "1.15%  sqgi     sqgi                        [.] SQVM::IsFalse",
        "1.07%  sqgi     sqgi                        [.] SQVM::LeaveFrame",
        "1.07%  sqgi     sqgi                        [.] sqjit_number_conversion_guard",
        "0.97%  sqgi     sqgi                        [.] SQVM::CMP_OP",
        "0.92%  sqgi     sqgi                        [.] sqjit_a64_precise_step<(SQOpcode)23, false>",
        "0.92%  sqgi     [JIT] tid 637445            [.] 0x0000ffff92df7684"
      ]
    },
    "owners": {
      "lost_samples": 0,
      "top_self_lines": [
        "11.50%  sqgi     sqgi                   [.] sqjit_a64_precise_step<(SQOpcode)39, false>",
        "11.36%  sqgi     sqgi                   [.] sqjit_a64_precise_step<(SQOpcode)4, false>",
        "3.80%  sqgi     sqgi                   [.] SQJitWriteLog::CanReleaseInContext",
        "1.68%  sqgi     [JIT] tid 637515       [.] 0x0000ffffa276511c",
        "1.40%  sqgi     [JIT] tid 637515       [.] 0x0000ffffa276436c",
        "1.40%  sqgi     [JIT] tid 637515       [.] 0x0000ffffa2765a80",
        "1.30%  sqgi     [JIT] tid 637515       [.] 0x0000ffffa2765340",
        "1.10%  sqgi     [JIT] tid 637515       [.] 0x0000ffffa27651e8",
        "1.10%  sqgi     [JIT] tid 637515       [.] 0x0000ffffa2764c7c",
        "1.00%  sqgi     [JIT] tid 637515       [.] 0x0000ffffa276476c",
        "1.00%  sqgi     [JIT] tid 637515       [.] 0x0000ffffa2764498",
        "1.00%  sqgi     [JIT] tid 637515       [.] 0x0000ffffa27656c0",
        "0.90%  sqgi     [JIT] tid 637515       [.] 0x0000ffffa27644e4",
        "0.90%  sqgi     [JIT] tid 637515       [.] 0x0000ffffa2764248",
        "0.90%  sqgi     [JIT] tid 637515       [.] 0x0000ffffa2764258"
      ]
    },
    "methods": {
      "lost_samples": 0,
      "top_self_lines": [
        "47.36%  sqgi     sqgi                        [.] SQVM::Execute",
        "8.46%  sqgi     sqgi                        [.] sqjit_a64_precise_step<(SQOpcode)13, true>",
        "5.03%  sqgi     sqgi                        [.] sqjit_try_execute_current",
        "2.88%  sqgi     sqgi                        [.] sqjit_a64_precise_step<(SQOpcode)14, true>",
        "2.63%  sqgi     sqgi                        [.] sqjit_a64_precise_step<(SQOpcode)9, true>",
        "2.60%  sqgi     sqgi                        [.] sqjit_try_execute_closure",
        "2.58%  sqgi     sqgi                        [.] SQVM::Return",
        "2.49%  sqgi     sqgi                        [.] sqjit_try_execute_current_loop",
        "2.09%  sqgi     sqgi                        [.] SQVM::StartCall",
        "2.03%  sqgi     sqgi                        [.] SQVM::LeaveFrame",
        "1.24%  sqgi     sqgi                        [.] SQVM::ObjCmp",
        "1.24%  sqgi     sqgi                        [.] sqjit_on_function_enter",
        "1.19%  sqgi     sqgi                        [.] sqjit_a64_precise_step<(SQOpcode)4, false>",
        "1.07%  sqgi     sqgi                        [.] SQVM::IsFalse",
        "1.07%  sqgi     sqgi                        [.] sqjit_native_call_fits_stack"
      ]
    },
    "floats": {
      "lost_samples": 0,
      "top_self_lines": [
        "3.67%  sqgi     [JIT] tid 637604              [.] 0x0000ffffa8ede2e0",
        "2.76%  sqgi     [JIT] tid 637604              [.] 0x0000ffffa8edf454",
        "2.31%  sqgi     [JIT] tid 637604              [.] 0x0000ffffa8edf5d8",
        "2.30%  sqgi     [JIT] tid 637604              [.] 0x0000ffffa8edf688",
        "2.30%  sqgi     [JIT] tid 637604              [.] 0x0000ffffa8edb258",
        "2.29%  sqgi     [JIT] tid 637604              [.] 0x0000ffffa90e32ac",
        "1.85%  sqgi     [JIT] tid 637604              [.] 0x0000ffffa8edf8a8",
        "1.84%  sqgi     [JIT] tid 637604              [.] 0x0000ffffa8edf800",
        "1.84%  sqgi     [JIT] tid 637604              [.] 0x0000ffffa8edf460",
        "1.84%  sqgi     [JIT] tid 637604              [.] 0x0000ffffa8edd1fc",
        "1.84%  sqgi     [JIT] tid 637604              [.] 0x0000ffffa8edc1e8",
        "1.83%  sqgi     [JIT] tid 637604              [.] 0x0000ffffa90e32a0",
        "1.68%  sqgi     [JIT] tid 637604              [.] 0x0000ffffa90e41e4",
        "1.38%  sqgi     [JIT] tid 637604              [.] 0x0000ffffa8edf354",
        "1.38%  sqgi     [JIT] tid 637604              [.] 0x0000ffffa8edf398"
      ]
    }
  },
  "applications_seed83": {
    "speedup": 0.9759712675799036,
    "per_case": {
      "route_balanced": 0.969200627535625,
      "route_skewed": 0.9807352902383113,
      "pricing_events": 0.9922621474391041,
      "filter_stream": 0.977892958510038,
      "records_64": 1.0201760666822133,
      "records_4096": 0.8769221923967371,
      "word_count": 0.9986578452986998,
      "graph_walk": 0.9989876416967547
    },
    "regressions_over_5pct": [
      "records_4096"
    ]
  }
}
