[1/28] Linking C executable sqgi_test_c_signal_crossthread
[2/28] Linking C executable sqgi_test_c_signal_crossthread_sync
[3/28] Linking C executable sqgi_test_c_gvalue_branches
[4/28] Linking C executable sqgi_test_c_signal_vm_closing
[5/28] Linking CXX executable sqgicheck
[6/28] Linking CXX executable sqgi_test_cpp_sqgicheck
[7/28] Linking C executable sqgi_test_c_gi_call_plan
[8/28] Linking C executable sqgi_test_c_list_ownership
[9/28] Linking C executable sqgi_test_c_squirrel_core_hardening
[10/28] Linking C executable sqgi_test_c_numeric64
[11/28] Linking CXX executable sqgi_test_cpp_sqvm_hotpaths
[12/28] Linking CXX executable sqgi_test_cpp_sqvector
[13/28] Linking CXX executable sqgi_test_cpp_sqbytecode
[14/28] Linking CXX executable sqgi_test_cpp_sqoptimizer
[15/28] Linking CXX executable sqgi_test_cpp_sqmembercache
[16/28] Linking C executable sqgi_test_c_vm_lifecycle
[17/28] Linking CXX executable sqgi_test_cpp_sqjit_values
[18/28] Linking CXX executable sqgi_test_cpp_sqjit_side_exit
[19/28] Linking CXX executable sqgi_test_cpp_sqjit_memory
[20/28] Linking CXX executable sqgi_test_cpp_sqjit_arithmetic
[21/28] Linking CXX executable sqgi_test_cpp_sqjit_leaf
[22/28] Linking CXX executable sqgi_test_cpp_sqjit_virtual_array
[23/28] Linking CXX executable sqgi_test_cpp_sqjit_objects
[24/28] Linking CXX executable sqgi_test_cpp_sqjit_object_plan
[25/28] Linking CXX executable sqgi_test_cpp_sqjit_write_log
[26/28] Linking CXX executable sqgi_test_cpp_sqjit_member_plan
[27/28] Linking CXX executable sqgi_test_cpp_sqjit_float_cache
[28/28] Linking CXX executable sqgi_test_cpp_sqjit_aarch64_backend_invalid
