{
  "w4": {
    "records_64": {
      "medians_ns": {
        "audit": 131.99901,
        "v19": 135.023987,
        "v21": 131.224016,
        "v21_repeat": 133.416499
      },
      "v21_over_audit": 0.9941287892992531,
      "v21_over_v19": 0.9718570671446696,
      "repeat_over_audit": 1.0107386335700548,
      "repeat_over_candidate": 1.0167079401075485,
      "ranges_ns": {
        "audit": [
          131.101517,
          137.37896999999998
        ],
        "v19": [
          131.644013,
          137.946465
        ],
        "v21": [
          127.30154499999999,
          136.096479
        ],
        "v21_repeat": [
          132.13650900000002,
          137.67146699999998
        ]
      }
    },
    "records_4096": {
      "medians_ns": {
        "audit": 257.993065,
        "v19": 247.35064500000001,
        "v21": 275.00793699999997,
        "v21_repeat": 254.37059200000002
      },
      "v21_over_audit": 1.0659508890287417,
      "v21_over_v19": 1.111814109075802,
      "repeat_over_audit": 0.9859590295576355,
      "repeat_over_candidate": 0.9249572749603951,
      "ranges_ns": {
        "audit": [
          245.888156,
          279.905401
        ],
        "v19": [
          243.52817399999998,
          291.53781299999997
        ],
        "v21": [
          244.480666,
          296.92277299999995
        ],
        "v21_repeat": [
          226.758299,
          270.205473
        ]
      }
    }
  },
  "w5": {
    "records_64": {
      "medians_ns": {
        "audit": 133.35649999999998,
        "v19": 137.216471,
        "v21": 133.876496,
        "v21_repeat": 134.831489
      },
      "v21_over_audit": 1.0038992924979286,
      "v21_over_v19": 0.9756590810442867,
      "repeat_over_audit": 1.0110604957388654,
      "repeat_over_candidate": 1.0071333880743338,
      "ranges_ns": {
        "audit": [
          131.99901,
          137.886466
        ],
        "v19": [
          130.216523,
          142.63643000000002
        ],
        "v21": [
          131.88151100000002,
          137.72396700000002
        ],
        "v21_repeat": [
          132.706505,
          138.596461
        ]
      }
    },
    "records_4096": {
      "medians_ns": {
        "audit": 256.498076,
        "v19": 266.01550499999996,
        "v21": 248.41063699999998,
        "v21_repeat": 261.005542
      },
      "v21_over_audit": 0.9684697868844832,
      "v21_over_v19": 0.9338201433033011,
      "repeat_over_audit": 1.0175730986769662,
      "repeat_over_candidate": 1.0507019552467876,
      "ranges_ns": {
        "audit": [
          254.89808800000003,
          288.660335
        ],
        "v19": [
          234.90823799999998,
          280.16289900000004
        ],
        "v21": [
          232.10075899999998,
          261.153041
        ],
        "v21_repeat": [
          256.98557300000004,
          288.480336
        ]
      }
    }
  }
}
