{
  "kernel-w4": {
    "per_case": {
      "direct_call": {
        "medians_ns": {
          "audit": 34.173,
          "v19": 35.181999999999995,
          "v21": 25.033,
          "v21_repeat": 25.125999999999998
        },
        "v21_over_audit": 0.7325373833143124,
        "v21_over_v19": 0.7115286225910977,
        "identical_repeat_over_v21": 1.0037150960731833
      },
      "branch_call": {
        "medians_ns": {
          "audit": 31.858999999999998,
          "v19": 33.044999999999995,
          "v21": 20.578,
          "v21_repeat": 20.572
        },
        "v21_over_audit": 0.6459085344800527,
        "v21_over_v19": 0.6227265849599032,
        "identical_repeat_over_v21": 0.9997084264748761
      },
      "float_call": {
        "medians_ns": {
          "audit": 21.013,
          "v19": 21.535,
          "v21": 13.015,
          "v21_repeat": 13.020999999999999
        },
        "v21_over_audit": 0.6193784799885785,
        "v21_over_v19": 0.6043649872300906,
        "identical_repeat_over_v21": 1.0004610065309258
      },
      "numeric_loop": {
        "medians_ns": {
          "audit": 22.8,
          "v19": 22.819,
          "v21": 22.817,
          "v21_repeat": 22.791
        },
        "v21_over_audit": 1.0007456140350877,
        "v21_over_v19": 0.9999123537403042,
        "identical_repeat_over_v21": 0.9988604987509313
      },
      "vector": {
        "medians_ns": {
          "audit": 377.138,
          "v19": 365.331,
          "v21": 368.194,
          "v21_repeat": 366.094
        },
        "v21_over_audit": 0.9762845430585092,
        "v21_over_v19": 1.0078367288842174,
        "identical_repeat_over_v21": 0.9942964850051873
      },
      "dynamic_member": {
        "medians_ns": {
          "audit": 1522.244,
          "v19": 723.3439999999999,
          "v21": 726.1999999999999,
          "v21_repeat": 725.1999999999999
        },
        "v21_over_audit": 0.4770588683548761,
        "v21_over_v19": 1.0039483288725697,
        "identical_repeat_over_v21": 0.9986229688790966
      },
      "dynamic_key_get_set": {
        "medians_ns": {
          "audit": 182.41299999999998,
          "v19": 182.406,
          "v21": 182.431,
          "v21_repeat": 182.481
        },
        "v21_over_audit": 1.0000986771776135,
        "v21_over_v19": 1.0001370568950583,
        "identical_repeat_over_v21": 1.00027407622608
      },
      "object_member_write_fallback": {
        "medians_ns": {
          "audit": 472.406,
          "v19": 470.388,
          "v21": 470.931,
          "v21_repeat": 471.61199999999997
        },
        "v21_over_audit": 0.9968776857194871,
        "v21_over_v19": 1.0011543661828108,
        "identical_repeat_over_v21": 1.0014460717175127
      },
      "array_append": {
        "medians_ns": {
          "audit": 124.406,
          "v19": 121.2,
          "v21": 121.16300000000001,
          "v21_repeat": 121.2
        },
        "v21_over_audit": 0.9739321254601868,
        "v21_over_v19": 0.9996947194719472,
        "identical_repeat_over_v21": 1.0003053737527132
      },
      "array_write": {
        "medians_ns": {
          "audit": 36.656,
          "v19": 37.369,
          "v21": 36.969,
          "v21_repeat": 37.156
        },
        "v21_over_audit": 1.0085388476647752,
        "v21_over_v19": 0.9892959404854291,
        "identical_repeat_over_v21": 1.0050582920825557
      },
      "array_read": {
        "medians_ns": {
          "audit": 7.468,
          "v19": 7.088,
          "v21": 7.071,
          "v21_repeat": 7.082
        },
        "v21_over_audit": 0.946839850026781,
        "v21_over_v19": 0.9976015801354402,
        "identical_repeat_over_v21": 1.001555649837364
      },
      "array_float": {
        "medians_ns": {
          "audit": 7.132000000000001,
          "v19": 6.805000000000001,
          "v21": 6.791,
          "v21_repeat": 6.776
        },
        "v21_over_audit": 0.952187324733595,
        "v21_over_v19": 0.9979426891991183,
        "identical_repeat_over_v21": 0.9977911942276542
      },
      "math_intrinsic": {
        "medians_ns": {
          "audit": 201.35,
          "v19": 208.794,
          "v21": 204.231,
          "v21_repeat": 204.481
        },
        "v21_over_audit": 1.0143084181773032,
        "v21_over_v19": 0.9781459237334406,
        "identical_repeat_over_v21": 1.001224104078225
      },
      "math_variable": {
        "medians_ns": {
          "audit": 217.694,
          "v19": 219.444,
          "v21": 219.29399999999998,
          "v21_repeat": 220.256
        },
        "v21_over_audit": 1.0073497661855633,
        "v21_over_v19": 0.9993164543118062,
        "identical_repeat_over_v21": 1.0043868049285436
      },
      "matrix": {
        "medians_ns": {
          "audit": 312.156,
          "v19": 309.77500000000003,
          "v21": 310.20599999999996,
          "v21_repeat": 310.213
        },
        "v21_over_audit": 0.9937531234382808,
        "v21_over_v19": 1.001391332418691,
        "identical_repeat_over_v21": 1.000022565649923
      }
    },
    "regressions_over_5pct_against_v19": [],
    "geomean_v21_over_v19": 0.9144472663618061
  },
  "floats-w4": {
    "per_case": {
      "filter": {
        "medians_ns": {
          "audit": 23.46,
          "v19": 24.065,
          "v21": 13.705,
          "v21_repeat": 13.695,
          "node": 2.46746
        },
        "v21_over_audit": 0.5841858482523444,
        "v21_over_v19": 0.5694992728028258,
        "identical_repeat_over_v21": 0.9992703392922292
      },
      "channels_4": {
        "medians_ns": {
          "audit": 78.14,
          "v19": 80.83999999999999,
          "v21": 59.76,
          "v21_repeat": 59.85,
          "node": 5.419074999999999
        },
        "v21_over_audit": 0.7647811620168927,
        "v21_over_v19": 0.7392380009896091,
        "identical_repeat_over_v21": 1.0015060240963856
      },
      "pressure_8": {
        "medians_ns": {
          "audit": 152.48999999999998,
          "v19": 172.595,
          "v21": 139.61,
          "v21_repeat": 139.43,
          "node": 10.330655
        },
        "v21_over_audit": 0.9155354449472098,
        "v21_over_v19": 0.8088878588603379,
        "identical_repeat_over_v21": 0.9987106940763555
      },
      "integration": {
        "medians_ns": {
          "audit": 37.165,
          "v19": 36.89,
          "v21": 23.035,
          "v21_repeat": 23.095000000000002,
          "node": 7.663415
        },
        "v21_over_audit": 0.6198035786358134,
        "v21_over_v19": 0.6244239631336406,
        "identical_repeat_over_v21": 1.0026047319296723
      },
      "retained_input": {
        "medians_ns": {
          "audit": 44.415000000000006,
          "v19": 46.269999999999996,
          "v21": 26.4,
          "v21_repeat": 26.335,
          "node": 4.30347
        },
        "v21_over_audit": 0.5943937858831475,
        "v21_over_v19": 0.5705640803976659,
        "identical_repeat_over_v21": 0.9975378787878788
      },
      "branching": {
        "medians_ns": {
          "audit": 31.39,
          "v19": 31.195,
          "v21": 17.5,
          "v21_repeat": 18.165,
          "node": 6.441345
        },
        "v21_over_audit": 0.5575023892959542,
        "v21_over_v19": 0.5609873377143774,
        "identical_repeat_over_v21": 1.038
      },
      "helper_control": {
        "medians_ns": {
          "audit": 54.72,
          "v19": 53.714999999999996,
          "v21": 22.285,
          "v21_repeat": 22.28,
          "node": 3.6180600000000003
        },
        "v21_over_audit": 0.40725511695906436,
        "v21_over_v19": 0.4148748021967793,
        "identical_repeat_over_v21": 0.9997756338344178
      }
    },
    "regressions_over_5pct_against_v19": [],
    "geomean_v21_over_v19": 0.600742772247878
  },
  "kernel-w5": {
    "per_case": {
      "direct_call": {
        "medians_ns": {
          "audit": 34.171,
          "v19": 35.327999999999996,
          "v21": 25.147,
          "v21_repeat": 25.099
        },
        "v21_over_audit": 0.7359164203564426,
        "v21_over_v19": 0.711814990942029,
        "identical_repeat_over_v21": 0.9980912236052014
      },
      "branch_call": {
        "medians_ns": {
          "audit": 32.085,
          "v19": 33.105000000000004,
          "v21": 20.577,
          "v21_repeat": 20.580000000000002
        },
        "v21_over_audit": 0.6413277232351566,
        "v21_over_v19": 0.6215677390122338,
        "identical_repeat_over_v21": 1.0001457938474996
      },
      "float_call": {
        "medians_ns": {
          "audit": 21.339,
          "v19": 21.73,
          "v21": 12.995,
          "v21_repeat": 12.992999999999999
        },
        "v21_over_audit": 0.6089788649889872,
        "v21_over_v19": 0.5980211688909342,
        "identical_repeat_over_v21": 0.9998460946517891
      },
      "numeric_loop": {
        "medians_ns": {
          "audit": 22.782,
          "v19": 22.809,
          "v21": 22.779,
          "v21_repeat": 22.81
        },
        "v21_over_audit": 0.9998683170924414,
        "v21_over_v19": 0.9986847297119559,
        "identical_repeat_over_v21": 1.0013609025857149
      },
      "vector": {
        "medians_ns": {
          "audit": 382.113,
          "v19": 376.00600000000003,
          "v21": 364.394,
          "v21_repeat": 375.581
        },
        "v21_over_audit": 0.9536289003514667,
        "v21_over_v19": 0.969117514082222,
        "identical_repeat_over_v21": 1.0307002859542145
      },
      "dynamic_member": {
        "medians_ns": {
          "audit": 1510.269,
          "v19": 723.4939999999999,
          "v21": 726.1809999999999,
          "v21_repeat": 725.888
        },
        "v21_over_audit": 0.4808289119355558,
        "v21_over_v19": 1.0037139216081958,
        "identical_repeat_over_v21": 0.9995965193250719
      },
      "dynamic_key_get_set": {
        "medians_ns": {
          "audit": 182.55599999999998,
          "v19": 182.65,
          "v21": 182.5,
          "v21_repeat": 182.76899999999998
        },
        "v21_over_audit": 0.9996932448125506,
        "v21_over_v19": 0.9991787571858746,
        "identical_repeat_over_v21": 1.0014739726027397
      },
      "object_member_write_fallback": {
        "medians_ns": {
          "audit": 473.3,
          "v19": 470.55,
          "v21": 471.644,
          "v21_repeat": 470.344
        },
        "v21_over_audit": 0.9965011620536658,
        "v21_over_v19": 1.0023249389012856,
        "identical_repeat_over_v21": 0.997243683795405
      },
      "array_append": {
        "medians_ns": {
          "audit": 136.813,
          "v19": 128.14999999999998,
          "v21": 126.36200000000001,
          "v21_repeat": 125.7
        },
        "v21_over_audit": 0.923611060352452,
        "v21_over_v19": 0.9860476004682015,
        "identical_repeat_over_v21": 0.9947610832370491
      },
      "array_write": {
        "medians_ns": {
          "audit": 36.663000000000004,
          "v19": 36.875,
          "v21": 37.012,
          "v21_repeat": 36.719
        },
        "v21_over_audit": 1.009519133731555,
        "v21_over_v19": 1.0037152542372882,
        "identical_repeat_over_v21": 0.9920836485464173
      },
      "array_read": {
        "medians_ns": {
          "audit": 7.4590000000000005,
          "v19": 7.046,
          "v21": 7.1209999999999996,
          "v21_repeat": 7.047000000000001
        },
        "v21_over_audit": 0.9546856146936585,
        "v21_over_v19": 1.0106443372126028,
        "identical_repeat_over_v21": 0.9896082010953519
      },
      "array_float": {
        "medians_ns": {
          "audit": 7.074999999999999,
          "v19": 6.782,
          "v21": 6.797,
          "v21_repeat": 6.763
        },
        "v21_over_audit": 0.9607067137809188,
        "v21_over_v19": 1.002211736950752,
        "identical_repeat_over_v21": 0.9949977931440341
      },
      "math_intrinsic": {
        "medians_ns": {
          "audit": 201.58100000000002,
          "v19": 208.444,
          "v21": 204.53099999999998,
          "v21_repeat": 205.094
        },
        "v21_over_audit": 1.0146343157341218,
        "v21_over_v19": 0.9812275719137994,
        "identical_repeat_over_v21": 1.0027526389642647
      },
      "math_variable": {
        "medians_ns": {
          "audit": 218.281,
          "v19": 220.663,
          "v21": 220.444,
          "v21_repeat": 220.35
        },
        "v21_over_audit": 1.0099092454221852,
        "v21_over_v19": 0.9990075363790033,
        "identical_repeat_over_v21": 0.9995735878499754
      },
      "matrix": {
        "medians_ns": {
          "audit": 313.806,
          "v19": 309.469,
          "v21": 309.95,
          "v21_repeat": 310.862
        },
        "v21_over_audit": 0.9877121533686418,
        "v21_over_v19": 1.0015542752262747,
        "identical_repeat_over_v21": 1.0029424100661397
      }
    },
    "regressions_over_5pct_against_v19": [],
    "geomean_v21_over_v19": 0.9125314915840187
  },
  "floats-w5": {
    "per_case": {
      "filter": {
        "medians_ns": {
          "audit": 23.165000000000003,
          "v19": 24.195,
          "v21": 14.575,
          "v21_repeat": 13.68,
          "node": 2.49079
        },
        "v21_over_audit": 0.6291819555363695,
        "v21_over_v19": 0.6023971895019632,
        "identical_repeat_over_v21": 0.9385934819897084
      },
      "channels_4": {
        "medians_ns": {
          "audit": 77.985,
          "v19": 81.37,
          "v21": 60.755,
          "v21_repeat": 60.73,
          "node": 5.478865
        },
        "v21_over_audit": 0.7790600756555749,
        "v21_over_v19": 0.7466510999139733,
        "identical_repeat_over_v21": 0.9995885112336432
      },
      "pressure_8": {
        "medians_ns": {
          "audit": 153.85,
          "v19": 168.025,
          "v21": 139.36,
          "v21_repeat": 139.475,
          "node": 10.314615
        },
        "v21_over_audit": 0.905817354566136,
        "v21_over_v19": 0.8294003868471954,
        "identical_repeat_over_v21": 1.0008252009184844
      },
      "integration": {
        "medians_ns": {
          "audit": 37.324999999999996,
          "v19": 36.93,
          "v21": 22.790000000000003,
          "v21_repeat": 23.325,
          "node": 7.803405000000001
        },
        "v21_over_audit": 0.6105827193569994,
        "v21_over_v19": 0.6171134578933117,
        "identical_repeat_over_v21": 1.0234752084247476
      },
      "retained_input": {
        "medians_ns": {
          "audit": 44.93,
          "v19": 46.095,
          "v21": 26.4,
          "v21_repeat": 26.724999999999998,
          "node": 4.2976350000000005
        },
        "v21_over_audit": 0.5875806810594258,
        "v21_over_v19": 0.5727302310445819,
        "identical_repeat_over_v21": 1.012310606060606
      },
      "branching": {
        "medians_ns": {
          "audit": 31.315,
          "v19": 31.3,
          "v21": 17.525,
          "v21_repeat": 17.515,
          "node": 6.461765000000001
        },
        "v21_over_audit": 0.5596359572090052,
        "v21_over_v19": 0.5599041533546325,
        "identical_repeat_over_v21": 0.9994293865905849
      },
      "helper_control": {
        "medians_ns": {
          "audit": 54.995000000000005,
          "v19": 53.905,
          "v21": 22.16,
          "v21_repeat": 22.235000000000003,
          "node": 3.6122300000000003
        },
        "v21_over_audit": 0.4029457223383944,
        "v21_over_v19": 0.41109359057601336,
        "identical_repeat_over_v21": 1.003384476534296
      }
    },
    "regressions_over_5pct_against_v19": [],
    "geomean_v21_over_v19": 0.6069627756444025
  },
  "native_call_captures": {
    "direct_call_kernel-loop": {
      "control": {
        "code_bytes": 884,
        "mapped_bytes": 4096,
        "weak_witnesses": [
          {
            "address": 187649985859280,
            "type": "OT_TABLE",
            "type_bits": 167772192,
            "tag_offset": 24,
            "referent": 187649985791904
          },
          {
            "address": 187649985973552,
            "type": "OT_CLOSURE",
            "type_bits": 134217984,
            "tag_offset": 24,
            "referent": 187649987136496
          }
        ]
      },
      "candidate": {
        "code_bytes": 960,
        "mapped_bytes": 4096,
        "weak_witnesses": [
          {
            "address": 187649985859280,
            "type": "OT_TABLE",
            "type_bits": 167772192,
            "tag_offset": 24,
            "referent": 187649985791904
          },
          {
            "address": 187649985973552,
            "type": "OT_CLOSURE",
            "type_bits": 134217984,
            "tag_offset": 24,
            "referent": 187649987136496
          }
        ]
      },
      "added_code_bytes": 76
    },
    "float_call_kernel-loop": {
      "control": {
        "code_bytes": 716,
        "mapped_bytes": 4096,
        "weak_witnesses": [
          {
            "address": 187649985859280,
            "type": "OT_TABLE",
            "type_bits": 167772192,
            "tag_offset": 24,
            "referent": 187649985791904
          },
          {
            "address": 187649986003344,
            "type": "OT_CLOSURE",
            "type_bits": 134217984,
            "tag_offset": 24,
            "referent": 187649987136944
          }
        ]
      },
      "candidate": {
        "code_bytes": 792,
        "mapped_bytes": 4096,
        "weak_witnesses": [
          {
            "address": 187649985859280,
            "type": "OT_TABLE",
            "type_bits": 167772192,
            "tag_offset": 24,
            "referent": 187649985791904
          },
          {
            "address": 187649986003344,
            "type": "OT_CLOSURE",
            "type_bits": 134217984,
            "tag_offset": 24,
            "referent": 187649987136944
          }
        ]
      },
      "added_code_bytes": 76
    },
    "channels-loop": {
      "control": {
        "code_bytes": 1648,
        "mapped_bytes": 4096,
        "weak_witnesses": [
          {
            "address": 187649985859280,
            "type": "OT_TABLE",
            "type_bits": 167772192,
            "tag_offset": 24,
            "referent": 187649985791904
          },
          {
            "address": 187649987097408,
            "type": "OT_CLOSURE",
            "type_bits": 134217984,
            "tag_offset": 24,
            "referent": 187649987092464
          }
        ]
      },
      "candidate": {
        "code_bytes": 1724,
        "mapped_bytes": 4096,
        "weak_witnesses": [
          {
            "address": 187649985859280,
            "type": "OT_TABLE",
            "type_bits": 167772192,
            "tag_offset": 24,
            "referent": 187649985791904
          },
          {
            "address": 187649987097408,
            "type": "OT_CLOSURE",
            "type_bits": 134217984,
            "tag_offset": 24,
            "referent": 187649987092464
          }
        ]
      },
      "added_code_bytes": 76
    },
    "pressure-loop": {
      "control": {
        "code_bytes": 2720,
        "mapped_bytes": 4096,
        "weak_witnesses": [
          {
            "address": 187649985859280,
            "type": "OT_TABLE",
            "type_bits": 167772192,
            "tag_offset": 24,
            "referent": 187649985791904
          },
          {
            "address": 187649987097408,
            "type": "OT_CLOSURE",
            "type_bits": 134217984,
            "tag_offset": 24,
            "referent": 187649987092464
          }
        ]
      },
      "candidate": {
        "code_bytes": 2796,
        "mapped_bytes": 4096,
        "weak_witnesses": [
          {
            "address": 187649985859280,
            "type": "OT_TABLE",
            "type_bits": 167772192,
            "tag_offset": 24,
            "referent": 187649985791904
          },
          {
            "address": 187649987097408,
            "type": "OT_CLOSURE",
            "type_bits": 134217984,
            "tag_offset": 24,
            "referent": 187649987092464
          }
        ]
      },
      "added_code_bytes": 76
    },
    "retained-loop": {
      "control": {
        "code_bytes": 1164,
        "mapped_bytes": 4096,
        "weak_witnesses": [
          {
            "address": 187649985859280,
            "type": "OT_TABLE",
            "type_bits": 167772192,
            "tag_offset": 24,
            "referent": 187649985791904
          },
          {
            "address": 187649987109360,
            "type": "OT_CLOSURE",
            "type_bits": 134217984,
            "tag_offset": 24,
            "referent": 187649987092800
          },
          {
            "address": 187649987097408,
            "type": "OT_CLOSURE",
            "type_bits": 134217984,
            "tag_offset": 24,
            "referent": 187649987092464
          }
        ]
      },
      "candidate": {
        "code_bytes": 1308,
        "mapped_bytes": 4096,
        "weak_witnesses": [
          {
            "address": 187649985859280,
            "type": "OT_TABLE",
            "type_bits": 167772192,
            "tag_offset": 24,
            "referent": 187649985791904
          },
          {
            "address": 187649987109360,
            "type": "OT_CLOSURE",
            "type_bits": 134217984,
            "tag_offset": 24,
            "referent": 187649987092800
          },
          {
            "address": 187649987097408,
            "type": "OT_CLOSURE",
            "type_bits": 134217984,
            "tag_offset": 24,
            "referent": 187649987092464
          }
        ]
      },
      "added_code_bytes": 144
    },
    "branch_call_kernel-loop": {
      "control": {
        "code_bytes": 896,
        "mapped_bytes": 4096,
        "weak_witnesses": [
          {
            "address": 187649985859280,
            "type": "OT_TABLE",
            "type_bits": 167772192,
            "tag_offset": 24,
            "referent": 187649985791904
          },
          {
            "address": 187649985945296,
            "type": "OT_CLOSURE",
            "type_bits": 134217984,
            "tag_offset": 24,
            "referent": 187649987136720
          }
        ]
      },
      "candidate": {
        "code_bytes": 972,
        "mapped_bytes": 4096,
        "weak_witnesses": [
          {
            "address": 187649985859280,
            "type": "OT_TABLE",
            "type_bits": 167772192,
            "tag_offset": 24,
            "referent": 187649985791904
          },
          {
            "address": 187649985945296,
            "type": "OT_CLOSURE",
            "type_bits": 134217984,
            "tag_offset": 24,
            "referent": 187649987136720
          }
        ]
      },
      "added_code_bytes": 76
    },
    "array_append_kernel-entry": {
      "control": {
        "code_bytes": 1364,
        "mapped_bytes": 4096,
        "weak_witnesses": [
          {
            "address": 187649985859280,
            "type": "OT_TABLE",
            "type_bits": 167772192,
            "tag_offset": 24,
            "referent": 187649985791904
          }
        ]
      },
      "candidate": {
        "code_bytes": 1364,
        "mapped_bytes": 4096,
        "weak_witnesses": [
          {
            "address": 187649985859280,
            "type": "OT_TABLE",
            "type_bits": 167772192,
            "tag_offset": 24,
            "referent": 187649985791904
          }
        ]
      },
      "added_code_bytes": 0
    },
    "filter-loop": {
      "control": {
        "code_bytes": 760,
        "mapped_bytes": 4096,
        "weak_witnesses": [
          {
            "address": 187649985859280,
            "type": "OT_TABLE",
            "type_bits": 167772192,
            "tag_offset": 24,
            "referent": 187649985791904
          },
          {
            "address": 187649987097408,
            "type": "OT_CLOSURE",
            "type_bits": 134217984,
            "tag_offset": 24,
            "referent": 187649987092464
          }
        ]
      },
      "candidate": {
        "code_bytes": 836,
        "mapped_bytes": 4096,
        "weak_witnesses": [
          {
            "address": 187649985859280,
            "type": "OT_TABLE",
            "type_bits": 167772192,
            "tag_offset": 24,
            "referent": 187649985791904
          },
          {
            "address": 187649987097408,
            "type": "OT_CLOSURE",
            "type_bits": 134217984,
            "tag_offset": 24,
            "referent": 187649987092464
          }
        ]
      },
      "added_code_bytes": 76
    }
  }
}
