{
  "stack_load_store_samples": 1389,
  "total_samples": 2142,
  "native_samples": 2112,
  "native_sample_fraction": 0.9859943977591037,
  "lost_samples": 0,
  "loads": 7,
  "unloads": 7,
  "reused_load_addresses": 0,
  "instruction_sample_categories": {
    "load": 549,
    "floating": 577,
    "store": 840,
    "other": 124,
    "branch": 22
  },
  "limitations": [
    "Diagnostic preload adds snapshot I/O; this is not accepted timing.",
    "Instruction categories count sampled IPs, not instruction latency; PMU skid applies.",
    "Function labels are structural matches to separately captured code, not an address join; missing matches remain unnamed.",
    "Mapping bytes, PID, address and lifetime for sample attribution come from the sampled process itself."
  ]
}
[
  {
    "mapping": "638430-7.bin",
    "offset": 580,
    "samples": 43,
    "instruction": "ldr\td1, [sp, #96]",
    "matching_gdb_functions": [
      "helper_control-loop"
    ]
  },
  {
    "mapping": "638430-2.bin",
    "offset": 672,
    "samples": 40,
    "instruction": "fadd\td0, d0, d1",
    "matching_gdb_functions": [
      "channels-loop"
    ]
  },
  {
    "mapping": "638430-3.bin",
    "offset": 1296,
    "samples": 37,
    "instruction": "fadd\td0, d0, d1",
    "matching_gdb_functions": [
      "pressure-loop"
    ]
  },
  {
    "mapping": "638430-3.bin",
    "offset": 920,
    "samples": 33,
    "instruction": "fadd\td0, d0, d1",
    "matching_gdb_functions": [
      "pressure-loop"
    ]
  },
  {
    "mapping": "638430-3.bin",
    "offset": 1672,
    "samples": 32,
    "instruction": "fadd\td0, d0, d1",
    "matching_gdb_functions": [
      "pressure-loop"
    ]
  },
  {
    "mapping": "638430-4.bin",
    "offset": 692,
    "samples": 32,
    "instruction": "fadd\td0, d0, d1",
    "matching_gdb_functions": [
      "integration-loop"
    ]
  },
  {
    "mapping": "638430-3.bin",
    "offset": 2060,
    "samples": 31,
    "instruction": "str\tx9, [sp, #88]",
    "matching_gdb_functions": [
      "pressure-loop"
    ]
  },
  {
    "mapping": "638430-3.bin",
    "offset": 1860,
    "samples": 29,
    "instruction": "fadd\td0, d0, d1",
    "matching_gdb_functions": [
      "pressure-loop"
    ]
  },
  {
    "mapping": "638430-4.bin",
    "offset": 672,
    "samples": 29,
    "instruction": "ldr\td1, [sp, #48]",
    "matching_gdb_functions": [
      "integration-loop"
    ]
  },
  {
    "mapping": "638430-4.bin",
    "offset": 736,
    "samples": 29,
    "instruction": "fadd\td0, d0, d1",
    "matching_gdb_functions": [
      "integration-loop"
    ]
  },
  {
    "mapping": "638430-7.bin",
    "offset": 612,
    "samples": 29,
    "instruction": "str\tx9, [sp, #32]",
    "matching_gdb_functions": [
      "helper_control-loop"
    ]
  },
  {
    "mapping": "638430-5.bin",
    "offset": 496,
    "samples": 28,
    "instruction": "str\tx9, [sp, #80]",
    "matching_gdb_functions": [
      "retained-loop"
    ]
  },
  {
    "mapping": "638430-3.bin",
    "offset": 1120,
    "samples": 27,
    "instruction": "str\tx9, [sp, #88]",
    "matching_gdb_functions": [
      "pressure-loop"
    ]
  },
  {
    "mapping": "638430-4.bin",
    "offset": 576,
    "samples": 27,
    "instruction": "str\tx9, [sp, #48]",
    "matching_gdb_functions": [
      "integration-loop"
    ]
  },
  {
    "mapping": "638430-5.bin",
    "offset": 592,
    "samples": 27,
    "instruction": "fadd\td0, d0, d1",
    "matching_gdb_functions": [
      "retained-loop"
    ]
  },
  {
    "mapping": "638430-3.bin",
    "offset": 1484,
    "samples": 26,
    "instruction": "fadd\td0, d0, d1",
    "matching_gdb_functions": [
      "pressure-loop"
    ]
  },
  {
    "mapping": "638430-3.bin",
    "offset": 1496,
    "samples": 26,
    "instruction": "str\tx9, [sp, #88]",
    "matching_gdb_functions": [
      "pressure-loop"
    ]
  },
  {
    "mapping": "638430-3.bin",
    "offset": 1308,
    "samples": 24,
    "instruction": "str\tx9, [sp, #88]",
    "matching_gdb_functions": [
      "pressure-loop"
    ]
  },
  {
    "mapping": "638430-3.bin",
    "offset": 932,
    "samples": 24,
    "instruction": "str\tx9, [sp, #88]",
    "matching_gdb_functions": [
      "pressure-loop"
    ]
  },
  {
    "mapping": "638430-3.bin",
    "offset": 2048,
    "samples": 24,
    "instruction": "fadd\td0, d0, d1",
    "matching_gdb_functions": [
      "pressure-loop"
    ]
  }
]
